
------------------------
23.07.2022 3:52:54
CallbackFormEmailModal
Array
(
    [name] => lindy369seat@gmail.com
    [phone] => 89035783127
    [formname] => Обратная связь
)

------------------------

------------------------
23.07.2022 12:12:03
CallbackFormEmailModal
Array
(
    [name] => tiohero@yahoo.com
    [phone] => 89038193611
    [formname] => Обратная связь
)

------------------------

------------------------
23.07.2022 16:23:13
CallbackFormEmailModal
Array
(
    [name] => jx.d1.47.m.n.bv.3.6.9c.xz9514@gmail.com
    [phone] => 89035405590
    [formname] => Обратная связь
)

------------------------

------------------------
23.07.2022 20:32:55
CallbackFormEmailModal
Array
(
    [name] => glmayfield@nc.rr.com
    [phone] => 89034762978
    [formname] => Обратная связь
)

------------------------

------------------------
23.07.2022 21:24:03
CallbackFormEmailModal
Array
(
    [name] => grushina.manya@mail.ru
    [phone] => 84878126152
    [formname] => Обратная связь
)

------------------------
