
------------------------
01.07.2024 1:58:49
CallbackFormEmailModal
Array
(
    [name] => rms-ekb@rambler.ru
    [phone] => 88532215214
    [formname] => Обратная связь
)

------------------------

------------------------
01.07.2024 3:34:10
CallbackFormEmailModal
Array
(
    [name] => toclakzeeel@rudiplomust.com
    [phone] => 83466837313
    [formname] => Обратная связь
)

------------------------

------------------------
01.07.2024 3:43:48
CallbackFormEmailModal
Array
(
    [name] => nkjkexvcfel@rudiplomust.com
    [phone] => 82939197741
    [formname] => Обратная связь
)

------------------------

------------------------
01.07.2024 4:17:31
CallbackFormEmailModal
Array
(
    [name] => smavgpjzael@rudiplomust.com
    [phone] => 83837111553
    [formname] => Обратная связь
)

------------------------

------------------------
01.07.2024 7:55:21
CallbackFormEmailModal
Array
(
    [name] => kayleighbpsteamship@gmail.com
    [phone] => 87727826651
    [formname] => Обратная связь
)

------------------------

------------------------
01.07.2024 7:56:09
CallbackFormEmailModal
Array
(
    [name] => mister.olegat@mail.ru
    [phone] => 86389158368
    [formname] => Обратная связь
)

------------------------

------------------------
01.07.2024 9:39:55
CallbackFormEmailModal
Array
(
    [name] => iunskiygipertonik@gmail.com
    [phone] => 87894823527
    [formname] => Обратная связь
)

------------------------

------------------------
01.07.2024 16:18:42
CallbackFormEmailModal
Array
(
    [name] => gjhruke2@outlook.com
    [phone] => 84494594612
    [formname] => Обратная связь
)

------------------------

------------------------
01.07.2024 16:34:50
CallbackFormEmailModal
Array
(
    [name] => paospeoepasoieoieoaskj@gmail.com
    [phone] => 81946421532
    [formname] => Обратная связь
)

------------------------

------------------------
01.07.2024 19:04:31
CallbackFormEmailModal
Array
(
    [name] => chebakulinakarasevna@gmail.com
    [phone] => 88262155677
    [formname] => Обратная связь
)

------------------------
