
------------------------
18.11.2025 0:00:13
CallbackFormEmailModal
Array
(
    [name] => vomdlawq@bientotmail.com
    [phone] => 84513295812
    [formname] => Обратная связь
)

------------------------

------------------------
18.11.2025 4:38:35
CallbackFormEmailModal
Array
(
    [name] => placnacidown1989@mail.ru
    [phone] => 88816125688
    [formname] => Обратная связь
)

------------------------

------------------------
18.11.2025 4:47:17
CallbackFormEmailModal
Array
(
    [name] => ivanpoluma@mail.ru
    [phone] => 81917698677
    [formname] => Обратная связь
)

------------------------

------------------------
18.11.2025 4:47:23
CallbackFormEmailModal
Array
(
    [name] => waai8stccwnc@mail.ru
    [phone] => 87879145634
    [formname] => Обратная связь
)

------------------------

------------------------
18.11.2025 5:01:31
CallbackFormEmailModal
Array
(
    [name] => winsatall4ever@gmail.com
    [phone] => 86758334725
    [formname] => Обратная связь
)

------------------------

------------------------
18.11.2025 11:40:47
CallbackFormEmailModal
Array
(
    [name] => qrilpuso@wildbmail.com
    [phone] => 86562435135
    [formname] => Обратная связь
)

------------------------

------------------------
18.11.2025 15:11:04
CallbackFormEmailModal
Array
(
    [name] => haredkolpma@gmail.com
    [phone] => 89613957561
    [formname] => Обратная связь
)

------------------------

------------------------
18.11.2025 17:32:13
CallbackFormEmailModal
Array
(
    [name] => pjocrzgs@tubermail.com
    [phone] => 89921547939
    [formname] => Обратная связь
)

------------------------

------------------------
18.11.2025 20:03:40
CallbackFormEmailModal
Array
(
    [name] => elmerjjohnson214@gmail.com
    [phone] => 83916444137
    [formname] => Обратная связь
)

------------------------

------------------------
18.11.2025 20:04:47
CallbackFormEmailModal
Array
(
    [name] => jbiuldsnbb@rambler.ru
    [phone] => 79015370706
    [formname] => Обратная связь
)

------------------------

------------------------
18.11.2025 23:16:59
CallbackFormEmailModal
Array
(
    [name] => info@evakuator-dobriy.ru
    [phone] => 81668572982
    [formname] => Обратная связь
)

------------------------

------------------------
18.11.2025 23:32:01
CallbackFormEmailModal
Array
(
    [name] => iqmkwyub@ronaldofmail.com
    [phone] => 82636852185
    [formname] => Обратная связь
)

------------------------
