
------------------------
01.04.2022 0:46:16
CallbackFormEmailModal
Array
(
    [name] => pearsonpigeon@jeffersonbox.com
    [phone] => 89038916282
    [formname] => Обратная связь
)

------------------------

------------------------
01.04.2022 2:57:36
CallbackFormEmailModal
Array
(
    [name] => giulub@hotmail.it
    [phone] => 83353219998
    [formname] => Обратная связь
)

------------------------

------------------------
01.04.2022 3:57:55
CallbackFormEmailModal
Array
(
    [name] => samigullina_anastasiia1964352@mail.ru
    [phone] => +71231234567
    [formname] => Обратная связь
)

------------------------

------------------------
01.04.2022 4:06:21
CallbackFormEmailModal
Array
(
    [name] => offersDet@supmail.xyz
    [phone] => 85497823391
    [formname] => Обратная связь
)

------------------------

------------------------
01.04.2022 12:57:31
CallbackFormEmailModal
Array
(
    [name] => vilrezi_2050@mail.ru
    [phone] => 89224386498
    [formname] => Обратная связь
)

------------------------

------------------------
01.04.2022 17:16:48
Order
Array
(
    [name] => Сергей Анатольевич Журавлев
    [email] => sergej5@list.ru
    [phone] => +7-925-716-0765
    [comment] => Сварной  настил SP 34х38/30х3 Zn 1000х1000 мм, кол-во: 1, цена: 5100руб.
Способ доставки: Самовывоз со склада
Выберите способ оплаты: Оплата наличным

Комментарий к заказу: 

    [formname] => Заказ из корзины
    [fields] => Array
        (
            [price] => 20400
        )

)

------------------------

------------------------
01.04.2022 19:37:13
Order
Array
(
    [name] => Иванов Виталий
    [email] => ivs@akc.ru
    [phone] => +7-916-245-3056
    [comment] => Решетчатый настил P 33х11/30х2 Zn 600х1000 мм, кол-во: 1, цена: 5250руб.
Способ доставки: Самовывоз со склада
Выберите способ оплаты: Оплата наличным

Комментарий к заказу: 

    [formname] => Заказ из корзины
    [fields] => Array
        (
            [price] => 31500
        )

)

------------------------
