
------------------------
29.01.2025 1:40:28
CallbackFormEmailModal
Array
(
    [name] => 4911o9e4@3way3.com
    [phone] => 88597313319
    [formname] => Обратная связь
)

------------------------

------------------------
29.01.2025 4:43:16
CallbackFormEmailModal
Array
(
    [name] => tmyrccatsel@rudiplomust.com
    [phone] => 87281348115
    [formname] => Обратная связь
)

------------------------

------------------------
29.01.2025 9:45:28
CallbackFormEmailModal
Array
(
    [name] => xezrvbuisel@rudiplomust.com
    [phone] => 87938259571
    [formname] => Обратная связь
)

------------------------

------------------------
29.01.2025 11:43:18
CallbackFormEmailModal
Array
(
    [name] => nza9mthg@5way5.com
    [phone] => 88292322214
    [formname] => Обратная связь
)

------------------------

------------------------
29.01.2025 11:44:04
CallbackFormEmailModal
Array
(
    [name] => cwsbyujskel@rudiplomust.com
    [phone] => 83777669797
    [formname] => Обратная связь
)

------------------------

------------------------
29.01.2025 12:37:01
CallbackFormEmailModal
Array
(
    [name] => gujqurahzel@rudiplomust.com
    [phone] => 88534722592
    [formname] => Обратная связь
)

------------------------

------------------------
29.01.2025 12:37:01
CallbackFormEmailModal
Array
(
    [name] => sdixittbkKn@rudiplomust.com
    [phone] => 82233819714
    [formname] => Обратная связь
)

------------------------

------------------------
29.01.2025 13:42:28
CallbackFormEmailModal
Array
(
    [name] => ogjtpoxxfel@rudiplomust.com
    [phone] => 88352743569
    [formname] => Обратная связь
)

------------------------

------------------------
29.01.2025 14:31:42
CallbackFormEmailModal
Array
(
    [name] => office@tsikhanouskaya.org

    [phone] => Kurwa Bober!!!
 >>> https://is.gd/bhdwfs
 <<<
    [formname] => Обратная связь
)

------------------------

------------------------
29.01.2025 15:16:35
CallbackFormEmailModal
Array
(
    [name] => xmprqqjmbel@rudiplomust.com
    [phone] => 88395142391
    [formname] => Обратная связь
)

------------------------

------------------------
29.01.2025 15:36:10
CallbackFormEmailModal
Array
(
    [name] => qnloavnjfel@rudiplomust.com
    [phone] => 85114484995
    [formname] => Обратная связь
)

------------------------

------------------------
29.01.2025 15:56:24
CallbackFormEmailModal
Array
(
    [name] => kris.corolckova@yandex.com
    [phone] => 83996616975
    [formname] => Обратная связь
)

------------------------

------------------------
29.01.2025 19:01:34
CallbackFormEmailModal
Array
(
    [name] => bsfezmyjqel@rudiplomust.com
    [phone] => 85811126291
    [formname] => Обратная связь
)

------------------------

------------------------
29.01.2025 22:46:06
CallbackFormEmailModal
Array
(
    [name] => alex1.111222@yandex.ru
    [phone] => 82758464869
    [formname] => Обратная связь
)

------------------------

------------------------
29.01.2025 22:57:23
CallbackFormEmailModal
Array
(
    [name] => ejjpnaghnel@rudiplomust.com
    [phone] => 84967756162
    [formname] => Обратная связь
)

------------------------
