
------------------------
01.12.2025 1:59:34
CallbackFormEmailModal
Array
(
    [name] => rustv@tvmixer.top
    [phone] => 89978915729
    [formname] => Обратная связь
)

------------------------

------------------------
01.12.2025 16:07:35
CallbackFormEmailModal
Array
(
    [name] => dolnovam@mail.ru
    [phone] => 85519815433
    [formname] => Обратная связь
)

------------------------

------------------------
01.12.2025 16:12:55
CallbackFormEmailModal
Array
(
    [name] => dolnovam@mail.ru
    [phone] => 83996152591
    [formname] => Обратная связь
)

------------------------

------------------------
01.12.2025 16:24:53
CallbackFormEmailModal
Array
(
    [name] => dolnovam@mail.ru
    [phone] => 82172278652
    [formname] => Обратная связь
)

------------------------

------------------------
01.12.2025 20:13:20
CallbackFormEmailModal
Array
(
    [name] => dolnovam@mail.ru
    [phone] => 83234715173
    [formname] => Обратная связь
)

------------------------

------------------------
01.12.2025 20:14:23
CallbackFormEmailModal
Array
(
    [name] => dolnovam@mail.ru
    [phone] => 85951192459
    [formname] => Обратная связь
)

------------------------
