
------------------------
23.11.2025 2:00:56
CallbackFormEmailModal
Array
(
    [name] => avadaM262048@hotmail.com
    [phone] => 81225687729
    [formname] => Обратная связь
)

------------------------

------------------------
23.11.2025 2:18:25
CallbackFormEmailModal
Array
(
    [name] => dinanikolskaya99@gmail.com
    [phone] => 88182547714
    [formname] => Обратная связь
)

------------------------

------------------------
23.11.2025 5:02:34
CallbackFormEmailModal
Array
(
    [name] => pharmacyrohto@gmail.com
    [phone] => 87428932363
    [formname] => Обратная связь
)

------------------------

------------------------
23.11.2025 7:32:50
CallbackFormEmailModal
Array
(
    [name] => aleksandrrapeka@mail.ru
    [phone] => 82372962591
    [formname] => Обратная связь
)

------------------------

------------------------
23.11.2025 7:55:07
CallbackFormEmailModal
Array
(
    [name] => eepovda@bk.ru
    [phone] => 84584632795
    [formname] => Обратная связь
)

------------------------

------------------------
23.11.2025 8:02:08
CallbackFormEmailModal
Array
(
    [name] => toktobayeva.nata@mail.ru
    [phone] => 81557256381
    [formname] => Обратная связь
)

------------------------

------------------------
23.11.2025 8:08:14
CallbackFormEmailModal
Array
(
    [name] => fjpqlinyvPa@ugaritopari.site
    [phone] => 85873824982
    [formname] => Обратная связь
)

------------------------

------------------------
23.11.2025 8:09:25
CallbackFormEmailModal
Array
(
    [name] => prohor.zlobin.14.11.1987@mail.ru
    [phone] => 83385683356
    [formname] => Обратная связь
)

------------------------

------------------------
23.11.2025 11:03:34
CallbackFormEmailModal
Array
(
    [name] => valentinamilusa@mail.ru
    [phone] => 89457319831
    [formname] => Обратная связь
)

------------------------

------------------------
23.11.2025 11:21:56
CallbackFormEmailModal
Array
(
    [name] => veronika.goryunova.06.09.2001@mail.ru
    [phone] => 85125512989
    [formname] => Обратная связь
)

------------------------

------------------------
23.11.2025 11:22:00
CallbackFormEmailModal
Array
(
    [name] => yulyagabipo@mail.ru
    [phone] => 83925615225
    [formname] => Обратная связь
)

------------------------

------------------------
23.11.2025 11:28:09
CallbackFormEmailModal
Array
(
    [name] => andreyy-filimonov@bk.ru
    [phone] => 88533281745
    [formname] => Обратная связь
)

------------------------

------------------------
23.11.2025 11:34:47
CallbackFormEmailModal
Array
(
    [name] => ponomaryov.borya.1983@bk.ru
    [phone] => 82683885768
    [formname] => Обратная связь
)

------------------------

------------------------
23.11.2025 12:11:10
CallbackFormEmailModal
Array
(
    [name] => haredkolpma@gmail.com
    [phone] => 85657831325
    [formname] => Обратная связь
)

------------------------

------------------------
23.11.2025 12:19:45
CallbackFormEmailModal
Array
(
    [name] => ilnanmode1973@mail.ru
    [phone] => 89268363688
    [formname] => Обратная связь
)

------------------------

------------------------
23.11.2025 12:43:47
CallbackFormEmailModal
Array
(
    [name] => akindinkudryashov6842@mail.ru
    [phone] => 86153994294
    [formname] => Обратная связь
)

------------------------

------------------------
23.11.2025 12:44:55
CallbackFormEmailModal
Array
(
    [name] => pomgmk9oheivabfooksm@list.ru
    [phone] => 88183739438
    [formname] => Обратная связь
)

------------------------

------------------------
23.11.2025 12:56:04
CallbackFormEmailModal
Array
(
    [name] => ivanfuvuso@mail.ru
    [phone] => 81652636678
    [formname] => Обратная связь
)

------------------------

------------------------
23.11.2025 12:56:09
CallbackFormEmailModal
Array
(
    [name] => gulyabonimo@mail.ru
    [phone] => 82251777653
    [formname] => Обратная связь
)

------------------------

------------------------
23.11.2025 13:00:06
CallbackFormEmailModal
Array
(
    [name] => kseniyanechusa@mail.ru
    [phone] => 83839727929
    [formname] => Обратная связь
)

------------------------

------------------------
23.11.2025 13:06:32
CallbackFormEmailModal
Array
(
    [name] => pavel.sitdikov.88@mail.ru
    [phone] => 81589261156
    [formname] => Обратная связь
)

------------------------

------------------------
23.11.2025 13:30:17
CallbackFormEmailModal
Array
(
    [name] => ruslan.smirnov@a-modular.ru
    [phone] => 89829799834
    [formname] => Обратная связь
)

------------------------

------------------------
23.11.2025 13:50:41
CallbackFormEmailModal
Array
(
    [name] => waai8stccwnc@mail.ru
    [phone] => 84711574328
    [formname] => Обратная связь
)

------------------------

------------------------
23.11.2025 14:37:01
CallbackFormEmailModal
Array
(
    [name] => w.o.od.fordja.me.son.4.@gmail.com
    [phone] => 89169165933
    [formname] => Обратная связь
)

------------------------

------------------------
23.11.2025 18:43:58
CallbackFormEmailModal
Array
(
    [name] => dolnovam@mail.ru
    [phone] => 87233262623
    [formname] => Обратная связь
)

------------------------

------------------------
23.11.2025 18:50:59
CallbackFormEmailModal
Array
(
    [name] => maksdaloli@mail.ru
    [phone] => 81766599435
    [formname] => Обратная связь
)

------------------------

------------------------
23.11.2025 18:52:05
CallbackFormEmailModal
Array
(
    [name] => velislavjichastov1986@mail.ru
    [phone] => 86415847332
    [formname] => Обратная связь
)

------------------------

------------------------
23.11.2025 18:52:05
CallbackFormEmailModal
Array
(
    [name] => mlonanlout1985@mail.ru
    [phone] => 84161188462
    [formname] => Обратная связь
)

------------------------

------------------------
23.11.2025 18:52:53
CallbackFormEmailModal
Array
(
    [name] => ovnterbefjuden6138@mail.ru
    [phone] => 83523341731
    [formname] => Обратная связь
)

------------------------

------------------------
23.11.2025 18:59:09
CallbackFormEmailModal
Array
(
    [name] => laisumake186@mail.ru
    [phone] => 86663419568
    [formname] => Обратная связь
)

------------------------

------------------------
23.11.2025 19:11:59
CallbackFormEmailModal
Array
(
    [name] => podaiclan_547@mail.ru
    [phone] => 87658463141
    [formname] => Обратная связь
)

------------------------

------------------------
23.11.2025 19:11:59
CallbackFormEmailModal
Array
(
    [name] => konstantinrovini@mail.ru
    [phone] => 85433623944
    [formname] => Обратная связь
)

------------------------

------------------------
23.11.2025 19:12:03
CallbackFormEmailModal
Array
(
    [name] => tacusol-6816@mail.ru
    [phone] => 83859337759
    [formname] => Обратная связь
)

------------------------

------------------------
23.11.2025 20:29:52
CallbackFormEmailModal
Array
(
    [name] => tuopoty@gmail.com
    [phone] => 83871234351
    [formname] => Обратная связь
)

------------------------

------------------------
23.11.2025 23:35:24
CallbackFormEmailModal
Array
(
    [name] => xrumer23Kip@gmail.com
    [phone] => 83593972364
    [formname] => Обратная связь
)

------------------------
