
------------------------
25.06.2024 0:28:58
CallbackFormEmailModal
Array
(
    [name] => charter2406@outlook.com
    [phone] => 85723911982
    [formname] => Обратная связь
)

------------------------

------------------------
25.06.2024 3:44:50
CallbackFormEmailModal
Array
(
    [name] => mikeAlburnern@gmail.com
    [phone] => 84334444179
    [formname] => Обратная связь
)

------------------------

------------------------
25.06.2024 11:11:52
CallbackFormEmailModal
Array
(
    [name] => love@loliporn.org
    [phone] => 89122816925
    [formname] => Обратная связь
)

------------------------

------------------------
25.06.2024 11:14:55
CallbackFormEmailModal
Array
(
    [name] => gjhruke2@outlook.com
    [phone] => 85159351861
    [formname] => Обратная связь
)

------------------------

------------------------
25.06.2024 11:35:47
CallbackFormEmailModal
Array
(
    [name] => ivdisfe1990@mail.ru
    [phone] => 87378382836
    [formname] => Обратная связь
)

------------------------

------------------------
25.06.2024 14:21:03
CallbackFormEmailModal
Array
(
    [name] => zosijwwwdf@rambler.ru
    [phone] => +71231234567
    [formname] => Обратная связь
)

------------------------

------------------------
25.06.2024 15:20:48
CallbackFormModal
Array
(
    [name] => Василий 
    [phone] => +7(929)993-78-55
    [formname] => Заказать звонок
)

------------------------

------------------------
25.06.2024 16:32:27
CallbackFormEmailModal
Array
(
    [name] => schneiderzbill@gmail.com
    [phone] => 86675229947
    [formname] => Обратная связь
)

------------------------

------------------------
25.06.2024 16:42:35
CallbackFormEmailModal
Array
(
    [name] => juckretas0@cheburashka.site
    [phone] => 89118422863
    [formname] => Обратная связь
)

------------------------

------------------------
25.06.2024 19:00:59
CallbackFormEmailModal
Array
(
    [name] => rffsdfssf@gmail.com
    [phone] => 83262696479
    [formname] => Обратная связь
)

------------------------

------------------------
25.06.2024 22:56:03
CallbackFormEmailModal
Array
(
    [name] => visi678@hostfrost.site
    [phone] => 84794632789
    [formname] => Обратная связь
)

------------------------

------------------------
25.06.2024 23:15:31
CallbackFormEmailModal
Array
(
    [name] => Noahdak1980@xru.goaglie.com
    [phone] => 81234874893
    [formname] => Обратная связь
)

------------------------
