
------------------------
14.07.2022 2:16:34
CallbackFormEmailModal
Array
(
    [name] => misha.1979.sobolev@bk.ru
    [phone] => 81376575569
    [formname] => Обратная связь
)

------------------------

------------------------
14.07.2022 2:30:46
CallbackFormEmailModal
Array
(
    [name] => timurodk@inbox.ru
    [phone] => 87753222833
    [formname] => Обратная связь
)

------------------------

------------------------
14.07.2022 2:50:23
CallbackFormEmailModal
Array
(
    [name] => q43az1qaz@rambler.ru
    [phone] => 82487322629
    [formname] => Обратная связь
)

------------------------

------------------------
14.07.2022 2:59:15
CallbackFormEmailModal
Array
(
    [name] => nikiderom@gmail.com
    [phone] => 83653727885
    [formname] => Обратная связь
)

------------------------

------------------------
14.07.2022 3:41:49
CallbackFormEmailModal
Array
(
    [name] => hrmba445@gmail.com
    [phone] => 86176274348
    [formname] => Обратная связь
)

------------------------

------------------------
14.07.2022 7:42:10
CallbackFormEmailModal
Array
(
    [name] => no-replysuinuts@gmail.com
    [phone] => 86994724112
    [formname] => Обратная связь
)

------------------------

------------------------
14.07.2022 8:44:33
CallbackFormEmailModal
Array
(
    [name] => deidre_luvs_pocky@hotmail.com
    [phone] => 89031296899
    [formname] => Обратная связь
)

------------------------

------------------------
14.07.2022 12:09:07
CallbackFormEmailModal
Array
(
    [name] => nikiderom@gmail.com
    [phone] => 82473131688
    [formname] => Обратная связь
)

------------------------

------------------------
14.07.2022 18:17:37
CallbackFormEmailModal
Array
(
    [name] => no-replysuinuts@gmail.com
    [phone] => 89139912189
    [formname] => Обратная связь
)

------------------------

------------------------
14.07.2022 18:48:31
CallbackFormEmailModal
Array
(
    [name] => isom47l70r17c120@outlook.com
    [phone] => isom47l70r17c120@outlook.com
    [formname] => Обратная связь
)

------------------------

------------------------
14.07.2022 18:48:37
CallbackFormEmailModal
Array
(
    [name] => isom47l70r17c120@outlook.com
    [phone] => isom47l70r17c120@outlook.com
    [formname] => Обратная связь
)

------------------------

------------------------
14.07.2022 19:32:00
CallbackFormEmailModal
Array
(
    [name] => nikiderom@gmail.com
    [phone] => 83611925591
    [formname] => Обратная связь
)

------------------------

------------------------
14.07.2022 23:36:04
CallbackFormEmailModal
Array
(
    [name] => cindyzeager.lhs@gmail.com
    [phone] => 89034413850
    [formname] => Обратная связь
)

------------------------
