
------------------------
22.11.2025 3:10:39
CallbackFormEmailModal
Array
(
    [name] => w.oo.df.or.dja.m.e.so.n.4@gmail.com
    [phone] => 81595237886
    [formname] => Обратная связь
)

------------------------

------------------------
22.11.2025 3:48:28
CallbackFormEmailModal
Array
(
    [name] => wu5416370@gmail.com
    [phone] => 83181811948
    [formname] => Обратная связь
)

------------------------

------------------------
22.11.2025 4:57:13
CallbackFormEmailModal
Array
(
    [name] => darioguerrero2nnk@gmail.com
    [phone] => 88553231733
    [formname] => Обратная связь
)

------------------------

------------------------
22.11.2025 6:35:36
CallbackFormEmailModal
Array
(
    [name] => tuopoty@gmail.com
    [phone] => 81218566746
    [formname] => Обратная связь
)

------------------------

------------------------
22.11.2025 7:00:25
CallbackFormEmailModal
Array
(
    [name] => olegzaluri@mail.ru
    [phone] => 81327563456
    [formname] => Обратная связь
)

------------------------

------------------------
22.11.2025 7:05:19
CallbackFormEmailModal
Array
(
    [name] => valentinamilusa@mail.ru
    [phone] => 87539418263
    [formname] => Обратная связь
)

------------------------

------------------------
22.11.2025 7:10:23
CallbackFormEmailModal
Array
(
    [name] => pomgmk9oheivabfooksm@list.ru
    [phone] => 88238644487
    [formname] => Обратная связь
)

------------------------

------------------------
22.11.2025 7:10:52
CallbackFormEmailModal
Array
(
    [name] => akindinkudryashov6842@mail.ru
    [phone] => 81961561988
    [formname] => Обратная связь
)

------------------------

------------------------
22.11.2025 7:29:14
CallbackFormEmailModal
Array
(
    [name] => pavel.sitdikov.88@mail.ru
    [phone] => 89457683915
    [formname] => Обратная связь
)

------------------------

------------------------
22.11.2025 7:55:20
CallbackFormEmailModal
Array
(
    [name] => ilnanmode1973@mail.ru
    [phone] => 85289562916
    [formname] => Обратная связь
)

------------------------

------------------------
22.11.2025 8:07:07
CallbackFormEmailModal
Array
(
    [name] => yuliyadosuni@mail.ru
    [phone] => 83665118863
    [formname] => Обратная связь
)

------------------------

------------------------
22.11.2025 8:08:32
CallbackFormEmailModal
Array
(
    [name] => dolnovam@mail.ru
    [phone] => 85527683867
    [formname] => Обратная связь
)

------------------------

------------------------
22.11.2025 8:16:24
CallbackFormEmailModal
Array
(
    [name] => bsara5865@gmail.com
    [phone] => 89597989295
    [formname] => Обратная связь
)

------------------------

------------------------
22.11.2025 8:29:33
CallbackFormEmailModal
Array
(
    [name] => vvnnqmbd@bonsoirmail.com
    [phone] => 83329643885
    [formname] => Обратная связь
)

------------------------

------------------------
22.11.2025 10:58:38
CallbackFormEmailModal
Array
(
    [name] => halcheni1990@mail.ru
    [phone] => 81299891796
    [formname] => Обратная связь
)

------------------------

------------------------
22.11.2025 11:23:30
CallbackFormEmailModal
Array
(
    [name] => dolnovam@mail.ru
    [phone] => 81882356135
    [formname] => Обратная связь
)

------------------------

------------------------
22.11.2025 11:42:18
CallbackFormEmailModal
Array
(
    [name] => kirvvv02@gmail.com
    [phone] => 84242286511
    [formname] => Обратная связь
)

------------------------

------------------------
22.11.2025 11:43:52
CallbackFormEmailModal
Array
(
    [name] => dolnovam@mail.ru
    [phone] => 83594739211
    [formname] => Обратная связь
)

------------------------

------------------------
22.11.2025 11:59:17
CallbackFormEmailModal
Array
(
    [name] => wiipuzbx@streetwormail.com
    [phone] => 82286241652
    [formname] => Обратная связь
)

------------------------

------------------------
22.11.2025 12:29:58
CallbackFormEmailModal
Array
(
    [name] => dolnovam@mail.ru
    [phone] => 88769219295
    [formname] => Обратная связь
)

------------------------

------------------------
22.11.2025 18:29:01
CallbackFormEmailModal
Array
(
    [name] => urwvjhqoxEn@igurant1.online
    [phone] => 87439831499
    [formname] => Обратная связь
)

------------------------

------------------------
22.11.2025 18:48:03
CallbackFormEmailModal
Array
(
    [name] => natulya.fedosova.96@mail.ru
    [phone] => 89662651855
    [formname] => Обратная связь
)

------------------------

------------------------
22.11.2025 18:55:55
CallbackFormEmailModal
Array
(
    [name] => inna.kortneva.69@mail.ru
    [phone] => 86125154896
    [formname] => Обратная связь
)

------------------------

------------------------
22.11.2025 18:55:55
CallbackFormEmailModal
Array
(
    [name] => kina3axjglime@bk.ru
    [phone] => 85177713451
    [formname] => Обратная связь
)

------------------------

------------------------
22.11.2025 18:55:58
CallbackFormEmailModal
Array
(
    [name] => sergey-luzan98@mail.ru
    [phone] => 86155618743
    [formname] => Обратная связь
)

------------------------

------------------------
22.11.2025 18:56:52
CallbackFormEmailModal
Array
(
    [name] => anya.genger@mail.ru
    [phone] => 86295756415
    [formname] => Обратная связь
)

------------------------

------------------------
22.11.2025 18:59:27
CallbackFormEmailModal
Array
(
    [name] => martakalinina84@mail.ru
    [phone] => 87373349979
    [formname] => Обратная связь
)

------------------------

------------------------
22.11.2025 19:10:02
CallbackFormEmailModal
Array
(
    [name] => dolnovam@mail.ru
    [phone] => 84462273682
    [formname] => Обратная связь
)

------------------------

------------------------
22.11.2025 19:52:04
CallbackFormEmailModal
Array
(
    [name] => dolnovam@mail.ru
    [phone] => 86441557264
    [formname] => Обратная связь
)

------------------------

------------------------
22.11.2025 20:12:00
CallbackFormEmailModal
Array
(
    [name] => dolnovam@mail.ru
    [phone] => 85812973179
    [formname] => Обратная связь
)

------------------------

------------------------
22.11.2025 20:16:24
CallbackFormEmailModal
Array
(
    [name] => dolnovam@mail.ru
    [phone] => 87919831638
    [formname] => Обратная связь
)

------------------------

------------------------
22.11.2025 20:16:31
CallbackFormEmailModal
Array
(
    [name] => dolnovam@mail.ru
    [phone] => 86842395317
    [formname] => Обратная связь
)

------------------------

------------------------
22.11.2025 20:37:10
CallbackFormEmailModal
Array
(
    [name] => dolnovam@mail.ru
    [phone] => 81472441876
    [formname] => Обратная связь
)

------------------------

------------------------
22.11.2025 20:56:27
CallbackFormEmailModal
Array
(
    [name] => elenakifixo@mail.ru
    [phone] => 88978843621
    [formname] => Обратная связь
)

------------------------

------------------------
22.11.2025 21:34:28
CallbackFormEmailModal
Array
(
    [name] => sashayovipa@mail.ru
    [phone] => 89399651439
    [formname] => Обратная связь
)

------------------------

------------------------
22.11.2025 22:09:15
CallbackFormEmailModal
Array
(
    [name] => info@professionalseocleanup.com
    [phone] => 87123574558
    [formname] => Обратная связь
)

------------------------
