
------------------------
18.05.2023 6:51:46
Order
Array
(
    [name] => Алексей Вячеславович Ким
    [email] => alekseykim2456@mail.ru
    [phone] => +7-988-555-0604
    [comment] => Сварной  настил SP 34х38/30х3 Zn 800х1000 мм, кол-во: 1, цена: 4250руб.
Способ доставки: Доставка автотранспортом поставщика
Выберите способ оплаты: Оплата наличным
Адрес доставки: Ростов на Дону переулок 4й лазоревый 25

Комментарий к заказу: 

    [formname] => Заказ из корзины
    [fields] => Array
        (
            [price] => 4250
        )

)

------------------------

------------------------
18.05.2023 8:08:18
CallbackFormEmailModal
Array
(
    [name] => jonierey999@outlook.com
    [phone] => 88531511884
    [formname] => Обратная связь
)

------------------------

------------------------
18.05.2023 9:50:58
CallbackFormEmailModal
Array
(
    [name] => kuznetsov_vlad_1995_18_12@inbox.ru
    [phone] => 82562241196
    [formname] => Обратная связь
)

------------------------

------------------------
18.05.2023 11:16:09
CallbackFormEmailModal
Array
(
    [name] => Eric Jones
    [phone] => 555-555-1212
    [formname] => Обратная связь
)

------------------------

------------------------
18.05.2023 15:54:27
Order
Array
(
    [name] => Конаплёв Сергей Николаевич 
    [email] => shark196815@gmail.com
    [phone] => +7-925-266-9166
    [comment] => Сварной  настил SP 34х38/30х2 Zn 1000х1000 мм, кол-во: 1, цена: 3850руб.
Способ доставки: Доставка автотранспортом поставщика
Выберите способ оплаты: Оплата наличным
Адрес доставки: Ст Фрязево 91 д17

Комментарий к заказу: 
За час наберите пожалуйста 
    [formname] => Заказ из корзины
    [fields] => Array
        (
            [price] => 15400
        )

)

------------------------

------------------------
18.05.2023 17:56:48
CallbackFormEmailModal
Array
(
    [name] => Eric Jones
    [phone] => 555-555-1212
    [formname] => Обратная связь
)

------------------------

------------------------
18.05.2023 20:26:46
CallbackFormEmailModal
Array
(
    [name] => zelatcol@gmail.com
    [phone] => 88644596628
    [formname] => Обратная связь
)

------------------------

------------------------
18.05.2023 21:28:44
CallbackFormEmailModal
Array
(
    [name] => goddosbim@rambler.ru
    [phone] => 84276889868
    [formname] => Обратная связь
)

------------------------
