
------------------------
09.09.2021 1:16:55
CallbackFormEmailModal
Array
(
    [name] => xgamer13@mailnesia.com
    [phone] => 82263788819
    [formname] => Обратная связь
)

------------------------

------------------------
09.09.2021 7:19:09
Order
Array
(
    [name] => Михайловский Валерий Александрович
    [email] => proekt.mih@mail.ru
    [phone] => +7-913-985-5887
    [comment] => Трап Mini Wm 150 с горизонтальным отводом DN50, кол-во: 1, цена: 4650руб.
Трап Mini Wm 150 с вертикальным отводом DN50, кол-во: 1, цена: 4350руб.
Способ доставки: Самовывоз со склада
Выберите способ оплаты: Оплата на расчетный счет организации

Комментарий к заказу: 

    [formname] => Заказ из корзины
    [fields] => Array
        (
            [price] => 18000
        )

)

------------------------

------------------------
09.09.2021 10:15:59
CallbackFormEmailModal
Array
(
    [name] => studiobizon07@gmail.com
    [phone] => +71231234567
    [formname] => Обратная связь
)

------------------------

------------------------
09.09.2021 11:12:25
CallbackFormEmailModal
Array
(
    [name] => sergeybosco69@gmail.com
    [phone] => 364821570218
    [formname] => Обратная связь
)

------------------------

------------------------
09.09.2021 11:55:47
CallbackFormEmailModal
Array
(
    [name] => Евгений
    [phone] => +7(929)220-05-10
    [formname] => Обратная связь
)

------------------------

------------------------
09.09.2021 18:56:22
CallbackFormEmailModal
Array
(
    [name] => denisandreev1989521a1n+qd@list.ru
    [phone] => 88234545484
    [formname] => Обратная связь
)

------------------------
