
------------------------
06.08.2023 1:49:36
CallbackFormEmailModal
Array
(
    [name] => burireru@imails.site

    [phone] => 83732299246
    [formname] => Обратная связь
)

------------------------

------------------------
06.08.2023 7:52:15
CallbackFormEmailModal
Array
(
    [name] => af431532@gmail.com
    [phone] => 84691223595
    [formname] => Обратная связь
)

------------------------

------------------------
06.08.2023 10:12:35
CallbackFormEmailModal
Array
(
    [name] => ossianowaleksandr19942956@mail.ru
    [phone] => 82217511623
    [formname] => Обратная связь
)

------------------------

------------------------
06.08.2023 10:30:33
CallbackFormEmailModal
Array
(
    [name] => yjviwuvkcsl@tolink.pw
    [phone] => 81753971976
    [formname] => Обратная связь
)

------------------------

------------------------
06.08.2023 18:38:30
CallbackFormEmailModal
Array
(
    [name] => callvisvetlana@list.ru
    [phone] => 85835792938
    [formname] => Обратная связь
)

------------------------
