
------------------------
12.01.2025 0:21:03
CallbackFormEmailModal
Array
(
    [name] => xzpcqrozmka@rudiplomust.com
    [phone] => 82848514632
    [formname] => Обратная связь
)

------------------------

------------------------
12.01.2025 0:40:26
CallbackFormEmailModal
Array
(
    [name] => dasbnvqxrel@rudiplomust.com
    [phone] => 89641971232
    [formname] => Обратная связь
)

------------------------

------------------------
12.01.2025 4:21:10
CallbackFormEmailModal
Array
(
    [name] => szgvmpyokel@rudiplomust.com
    [phone] => 84147913114
    [formname] => Обратная связь
)

------------------------

------------------------
12.01.2025 4:54:06
CallbackFormEmailModal
Array
(
    [name] => winsatall4ever@gmail.com
    [phone] => 88343488912
    [formname] => Обратная связь
)

------------------------

------------------------
12.01.2025 6:42:59
CallbackFormEmailModal
Array
(
    [name] => michaelLycle@mail.ru
    [phone] => 81875637995
    [formname] => Обратная связь
)

------------------------

------------------------
12.01.2025 7:13:51
CallbackFormEmailModal
Array
(
    [name] => tghrbewgqKt@rudiplomust.com
    [phone] => 86533753399
    [formname] => Обратная связь
)

------------------------

------------------------
12.01.2025 7:44:35
CallbackFormEmailModal
Array
(
    [name] => dagres79@gmail.com
    [phone] => 82989983527
    [formname] => Обратная связь
)

------------------------

------------------------
12.01.2025 8:20:15
CallbackFormEmailModal
Array
(
    [name] => zoya.patrusheva.65@mail.ru
    [phone] => 86364772784
    [formname] => Обратная связь
)

------------------------

------------------------
12.01.2025 10:01:54
CallbackFormEmailModal
Array
(
    [name] => terjetade1977@mail.ru
    [phone] => 82263121948
    [formname] => Обратная связь
)

------------------------

------------------------
12.01.2025 10:05:34
CallbackFormEmailModal
Array
(
    [name] => goldboy1931@gmail.com
    [phone] => 89616575223
    [formname] => Обратная связь
)

------------------------

------------------------
12.01.2025 10:47:53
CallbackFormEmailModal
Array
(
    [name] => barbariska8912@gmail.com
    [phone] => 83486352923
    [formname] => Обратная связь
)

------------------------

------------------------
12.01.2025 13:50:18
CallbackFormEmailModal
Array
(
    [name] => dsyulztyael@rudiplomust.com
    [phone] => 85332198719
    [formname] => Обратная связь
)

------------------------

------------------------
12.01.2025 14:03:31
CallbackFormEmailModal
Array
(
    [name] => tricdeuthocon1970@op.pl
    [phone] => 81787112264
    [formname] => Обратная связь
)

------------------------

------------------------
12.01.2025 15:56:18
CallbackFormEmailModal
Array
(
    [name] => gendraducanprohbay@mail.ru
    [phone] => 84325198339
    [formname] => Обратная связь
)

------------------------

------------------------
12.01.2025 18:18:22
CallbackFormEmailModal
Array
(
    [name] => gm1176374@gmail.com
    [phone] => 87526347985
    [formname] => Обратная связь
)

------------------------

------------------------
12.01.2025 18:18:56
CallbackFormEmailModal
Array
(
    [name] => curdverfiball1983@op.pl
    [phone] => 89413571224
    [formname] => Обратная связь
)

------------------------

------------------------
12.01.2025 18:29:05
CallbackFormEmailModal
Array
(
    [name] => cattbirthbancning1986@op.pl
    [phone] => 83371371288
    [formname] => Обратная связь
)

------------------------

------------------------
12.01.2025 20:11:05
CallbackFormEmailModal
Array
(
    [name] => lrafqxegqSi@rudiplomust.com
    [phone] => 82326931398
    [formname] => Обратная связь
)

------------------------

------------------------
12.01.2025 21:57:13
CallbackFormEmailModal
Array
(
    [name] => doamuysfhel@rudiplomust.com
    [phone] => 82929372972
    [formname] => Обратная связь
)

------------------------

------------------------
12.01.2025 22:20:54
CallbackFormEmailModal
Array
(
    [name] => farterslipe1988@op.pl
    [phone] => 88419125176
    [formname] => Обратная связь
)

------------------------
