
------------------------
05.09.2024 0:43:28
CallbackFormEmailModal
Array
(
    [name] => weuxzjuqnt@rambler.ru
    [phone] => +71231234567
    [formname] => Обратная связь
)

------------------------

------------------------
05.09.2024 2:14:34
CallbackFormEmailModal
Array
(
    [name] => kayleighbpsteamship@gmail.com
    [phone] => 88146443162
    [formname] => Обратная связь
)

------------------------

------------------------
05.09.2024 3:54:33
CallbackFormEmailModal
Array
(
    [name] => mark3895789@gmail.com
    [phone] => 81541754568
    [formname] => Обратная связь
)

------------------------

------------------------
05.09.2024 8:39:59
CallbackFormEmailModal
Array
(
    [name] => iniesta-com-az111@prokuratura-rb.ru
    [phone] => 82776383288
    [formname] => Обратная связь
)

------------------------

------------------------
05.09.2024 10:07:18
CallbackFormEmailModal
Array
(
    [name] => gerald1@xrevelxr.com
    [phone] => 86773579426
    [formname] => Обратная связь
)

------------------------

------------------------
05.09.2024 10:33:07
CallbackFormEmailModal
Array
(
    [name] => wntneehuwel@rudiplomust.com
    [phone] => 89774679751
    [formname] => Обратная связь
)

------------------------

------------------------
05.09.2024 12:24:55
CallbackFormEmailModal
Array
(
    [name] => #willas[uzybbxgydukuroqo,2,5]@outlook.com
    [phone] => 86823351215
    [formname] => Обратная связь
)

------------------------

------------------------
05.09.2024 13:22:00
CallbackFormEmailModal
Array
(
    [name] => gcomammocon1980@op.pl
    [phone] => 89649691831
    [formname] => Обратная связь
)

------------------------

------------------------
05.09.2024 14:29:44
CallbackFormEmailModal
Array
(
    [name] => werso05kiu@rambler.ru
    [phone] => 88959956457
    [formname] => Обратная связь
)

------------------------

------------------------
05.09.2024 17:43:25
CallbackFormEmailModal
Array
(
    [name] => elfridabolshakova901892@mail.ru
    [phone] => 82158142843
    [formname] => Обратная связь
)

------------------------

------------------------
05.09.2024 18:26:08
CallbackFormEmailModal
Array
(
    [name] => rkugyyusrel@rudiplomust.com
    [phone] => 88496199981
    [formname] => Обратная связь
)

------------------------

------------------------
05.09.2024 18:26:09
CallbackFormEmailModal
Array
(
    [name] => vqmfhcnbpel@rudiplomust.com
    [phone] => 84791732138
    [formname] => Обратная связь
)

------------------------

------------------------
05.09.2024 18:47:36
CallbackFormEmailModal
Array
(
    [name] => alexeyservved1143788@gmail.com
    [phone] => 87696921915
    [formname] => Обратная связь
)

------------------------

------------------------
05.09.2024 21:05:13
CallbackFormEmailModal
Array
(
    [name] => 84xrumer6@farironalds.com
    [phone] => 81848872587
    [formname] => Обратная связь
)

------------------------

------------------------
05.09.2024 23:09:59
CallbackFormEmailModal
Array
(
    [name] => ytqeaqpruel@rudiplomust.com
    [phone] => 89594961944
    [formname] => Обратная связь
)

------------------------

------------------------
05.09.2024 23:32:12
CallbackFormEmailModal
Array
(
    [name] => base11888191@inbox.ru
    [phone] => 79861640721
    [formname] => Обратная связь
)

------------------------
