
------------------------
08.08.2023 4:28:10
CallbackFormEmailModal
Array
(
    [name] => leretingme@googleis.site

    [phone] => 89474554659
    [formname] => Обратная связь
)

------------------------

------------------------
08.08.2023 10:22:26
CallbackFormModal
Array
(
    [name] => Владислав 
    [phone] => +7(919)649-34-08
    [formname] => Заказать звонок
)

------------------------

------------------------
08.08.2023 12:37:06
CallbackFormModal
Array
(
    [name] => Василий 
    [phone] => +7(965)215-36-72
    [formname] => Заказать звонок
)

------------------------

------------------------
08.08.2023 13:12:12
CallbackFormEmailModal
Array
(
    [name] => odessuragan@rambler.ru
    [phone] => 82645765233
    [formname] => Обратная связь
)

------------------------

------------------------
08.08.2023 17:32:40
CallbackFormEmailModal
Array
(
    [name] => masterderet@outlook.com
    [phone] => 87221687386
    [formname] => Обратная связь
)

------------------------
