
------------------------
25.01.2023 0:19:20
CallbackEmailModal
Array
(
    [name] => hupaiToK1962@forimails.site
    [phone] => 82266511616
    [comment] => Название продуката: Прессованный  настил P 33х33/30х3 Zn 1000х1000 мм
Комменатрий: К сожалению, ничем не могу помочь. Я думаю, Вы найдёте верное решение.
 
--- 
Нетратьте время ЗРЯ видел оценил арабика робуста либерика, сорта кофе в зернах а также  виды кофейных напитков и их описание
    [formname] => Задать вопрос по товару
)

------------------------

------------------------
25.01.2023 3:08:13
CallbackFormEmailModal
Array
(
    [name] => zelatcol@gmail.com
    [phone] => 87331271155
    [formname] => Обратная связь
)

------------------------

------------------------
25.01.2023 7:37:11
CallbackFormEmailModal
Array
(
    [name] => Brett Gadbury
    [phone] => RalphWarren@gmail.com
    [formname] => Обратная связь
)

------------------------

------------------------
25.01.2023 11:15:58
Order
Array
(
    [name] => Александр Сычевой
    [email] => vrnstar@mail.ru
    [phone] => +7-951-543-0524
    [comment] => Промышленный ТРАП W300 однокорпусный с вертикальным отводом DN110, кол-во: 1, цена: 11500руб.
Способ доставки: Доставка автотранспортом поставщика
Выберите способ оплаты: Оплата на расчетный счет организации
Адрес доставки: Воронеж Острогожская 109 е

Комментарий к заказу: 
Транспортной компанией. Деловыми линиями или Пэк. Есть ли у вас монтажная скидка?
    [formname] => Заказ из корзины
    [fields] => Array
        (
            [price] => 230000
        )

)

------------------------

------------------------
25.01.2023 11:58:59
CallbackFormEmailModal
Array
(
    [name] => elenaKems@denpelatucarenn.tk
    [phone] => +40 2322881888
    [formname] => Обратная связь
)

------------------------

------------------------
25.01.2023 13:00:44
Order
Array
(
    [name] => Самойлова Алёна
    [email] => dmcom@bk.ru
    [phone] => +7-916-598-7997
    [comment] => Прессованный  настил P 33х11/30х2 Zn 1200х1000 мм, кол-во: 1, цена: 7990руб.
Способ доставки: Доставка автотранспортом поставщика
Выберите способ оплаты: Оплата на расчетный счет организации
Адрес доставки: г. Москва, Таймырская 6к1

Комментарий к заказу: 

    [formname] => Заказ из корзины
    [fields] => Array
        (
            [price] => 7990
        )

)

------------------------

------------------------
25.01.2023 15:04:37
CallbackFormEmailModal
Array
(
    [name] => tommydewey@econgate.com
    [phone] => 83558875889
    [formname] => Обратная связь
)

------------------------

------------------------
25.01.2023 19:32:34
CallbackEmailModal
Array
(
    [name] => gcolzdof1974@forimails.site
    [phone] => 81561185494
    [comment] => Название продуката: Прессованный  настил P 33х33/30х3 Zn 1000х1000 мм
Комменатрий: Извините, я удалил этот вопрос
 
--- 
Я уверен, что это уже обсуждалось. классификация и характеристика ассортимента кофе, из каких зерен делают кофе или  разновидности кофейных напитков
    [formname] => Задать вопрос по товару
)

------------------------

------------------------
25.01.2023 22:17:27
CallbackFormEmailModal
Array
(
    [name] => info@came-gate.ru
    [phone] => 88003334455
    [formname] => Обратная связь
)

------------------------

------------------------
25.01.2023 22:37:58
CallbackFormEmailModal
Array
(
    [name] => m.i.ro.n.bitkov.in@gmail.com
    [phone] => 81875724376
    [formname] => Обратная связь
)

------------------------

------------------------
25.01.2023 22:37:58
CallbackFormEmailModal
Array
(
    [name] => ing.a.m93.9@gmail.com
    [phone] => 88537436192
    [formname] => Обратная связь
)

------------------------

------------------------
25.01.2023 22:37:59
CallbackFormEmailModal
Array
(
    [name] => i.r.in.ama.sl.o.v.a.6.18@gmail.com
    [phone] => 86252694985
    [formname] => Обратная связь
)

------------------------
