
------------------------
13.10.2023 1:15:13
CallbackFormEmailModal
Array
(
    [name] => test1@atrimoney.site
    [phone] => 82264434259
    [formname] => Обратная связь
)

------------------------

------------------------
13.10.2023 3:06:35
CallbackFormEmailModal
Array
(
    [name] => monktay@atrimoney.site
    [phone] => 83523321172
    [formname] => Обратная связь
)

------------------------

------------------------
13.10.2023 8:50:14
CallbackFormEmailModal
Array
(
    [name] => ftfsztc3zycy44v@rambler.ru
    [phone] => 84822396346
    [formname] => Обратная связь
)

------------------------

------------------------
13.10.2023 10:27:19
CallbackFormEmailModal
Array
(
    [name] => comthamptraf992@mail3go.online

    [phone] => 85136574339
    [formname] => Обратная связь
)

------------------------

------------------------
13.10.2023 16:45:39
CallbackFormEmailModal
Array
(
    [name] => 8b246tsri92i25n@rambler.ru
    [phone] => 82148524149
    [formname] => Обратная связь
)

------------------------

------------------------
13.10.2023 17:58:36
CallbackFormEmailModal
Array
(
    [name] => ezbzpjlml4ex11w@rambler.ru
    [phone] => 84424523476
    [formname] => Обратная связь
)

------------------------

------------------------
13.10.2023 19:46:52
CallbackFormEmailModal
Array
(
    [name] => test2@atrimoney.site
    [phone] => 86386446351
    [formname] => Обратная связь
)

------------------------
