
------------------------
20.01.2024 0:33:36
CallbackFormEmailModal
Array
(
    [name] => yourmail@gmail.com
    [phone] => 86488666818
    [formname] => Обратная связь
)

------------------------

------------------------
20.01.2024 6:08:13
CallbackFormEmailModal
Array
(
    [name] => sinti6@mail798.site
    [phone] => 82783363532
    [formname] => Обратная связь
)

------------------------

------------------------
20.01.2024 10:34:48
CallbackFormEmailModal
Array
(
    [name] => lucido.leinteract@gmail.com
    [phone] => 81278328496
    [formname] => Обратная связь
)

------------------------

------------------------
20.01.2024 15:25:36
CallbackFormEmailModal
Array
(
    [name] => prokat445@gmail.com
    [phone] => 82654549745
    [formname] => Обратная связь
)

------------------------

------------------------
20.01.2024 20:36:53
CallbackFormEmailModal
Array
(
    [name] => sergeypetrov25051970@gmail.com
    [phone] => 81423257644
    [formname] => Обратная связь
)

------------------------

------------------------
20.01.2024 22:46:54
CallbackFormEmailModal
Array
(
    [name] => sviloguzov83@mail.ru
    [phone] => 82691477544
    [formname] => Обратная связь
)

------------------------

------------------------
20.01.2024 23:48:12
CallbackFormEmailModal
Array
(
    [name] => indomitowot@outlook.com
    [phone] => 82373636743
    [formname] => Обратная связь
)

------------------------
