
------------------------
21.05.2023 4:57:57
CallbackFormEmailModal
Array
(
    [name] => vqjhobrt@mail.ru
    [phone] => +791234567807
    [formname] => Обратная связь
)

------------------------

------------------------
21.05.2023 5:30:12
CallbackFormEmailModal
Array
(
    [name] => kqklw@course-fitness.com
    [phone] => 82266248964
    [formname] => Обратная связь
)

------------------------

------------------------
21.05.2023 15:04:45
CallbackFormEmailModal
Array
(
    [name] => 1@drfazilatf.com
    [phone] => 81649677735
    [formname] => Обратная связь
)

------------------------

------------------------
21.05.2023 15:08:39
CallbackFormEmailModal
Array
(
    [name] => Eric Jones
    [phone] => 555-555-1212
    [formname] => Обратная связь
)

------------------------

------------------------
21.05.2023 15:59:44
CallbackFormEmailModal
Array
(
    [name] => alenaGah@pachino-invest.com
    [phone] => 86938116717
    [formname] => Обратная связь
)

------------------------

------------------------
21.05.2023 18:22:59
CallbackFormEmailModal
Array
(
    [name] => sarthdepkera198070@rambler.ru
    [phone] => +7 915 177 24 62
    [formname] => Обратная связь
)

------------------------
