
------------------------
12.07.2024 7:09:36
CallbackFormEmailModal
Array
(
    [name] => berkinboy@outlook.com
    [phone] => 89727792696
    [formname] => Обратная связь
)

------------------------

------------------------
12.07.2024 8:19:35
CallbackFormEmailModal
Array
(
    [name] => bekjytiquel@rudiplomust.com
    [phone] => 82762976482
    [formname] => Обратная связь
)

------------------------

------------------------
12.07.2024 8:31:05
CallbackFormEmailModal
Array
(
    [name] => nickypaotd@onet.pl
    [phone] => 88623249122
    [formname] => Обратная связь
)

------------------------

------------------------
12.07.2024 10:48:43
CallbackFormEmailModal
Array
(
    [name] => piski@loliporn.su
    [phone] => 86132597891
    [formname] => Обратная связь
)

------------------------

------------------------
12.07.2024 12:34:18
CallbackFormEmailModal
Array
(
    [name] => dailyuploadshost1@gmail.com
    [phone] => 84727418593
    [formname] => Обратная связь
)

------------------------

------------------------
12.07.2024 13:39:51
CallbackFormModal
Array
(
    [name] => Эльмира
    [phone] => +7(927)407-69-65
    [formname] => Заказать звонок
)

------------------------

------------------------
12.07.2024 15:43:43
CallbackFormEmailModal
Array
(
    [name] => eerroted@mail3go.online

    [phone] => 83477786337
    [formname] => Обратная связь
)

------------------------

------------------------
12.07.2024 18:41:14
CallbackFormEmailModal
Array
(
    [name] => 7jud6@articlosaq.store
    [phone] => 84223139334
    [formname] => Обратная связь
)

------------------------

------------------------
12.07.2024 21:20:17
CallbackFormEmailModal
Array
(
    [name] => kayleighkuedr@onet.pl
    [phone] => 87814356275
    [formname] => Обратная связь
)

------------------------

------------------------
12.07.2024 22:33:04
CallbackFormEmailModal
Array
(
    [name] => 34xrumer2@farironalds.com
    [phone] => 88424526623
    [formname] => Обратная связь
)

------------------------
