
------------------------
28.07.2022 1:15:17
CallbackFormEmailModal
Array
(
    [name] => ipnew1@yahoo.com
    [phone] => 89032108283
    [formname] => Обратная связь
)

------------------------

------------------------
28.07.2022 5:26:56
CallbackFormEmailModal
Array
(
    [name] => jeanwhenry@yahoo.com
    [phone] => 89031012736
    [formname] => Обратная связь
)

------------------------

------------------------
28.07.2022 12:04:57
CallbackFormEmailModal
Array
(
    [name] => revers@o5o5.ru
    [phone] => 88293633678
    [formname] => Обратная связь
)

------------------------

------------------------
28.07.2022 13:50:26
CallbackFormEmailModal
Array
(
    [name] => westphillydog@gmail.com
    [phone] => 89034770987
    [formname] => Обратная связь
)

------------------------

------------------------
28.07.2022 16:11:57
CallbackFormEmailModal
Array
(
    [name] => lilshrr@yahoo.com
    [phone] => 89037335712
    [formname] => Обратная связь
)

------------------------

------------------------
28.07.2022 16:49:35
CallbackFormEmailModal
Array
(
    [name] => r.reza131@gmail.com
    [phone] => 89034429040
    [formname] => Обратная связь
)

------------------------

------------------------
28.07.2022 17:34:28
CallbackFormEmailModal
Array
(
    [name] => rmikhail1985@gmail.com
    [phone] => 88283952621
    [formname] => Обратная связь
)

------------------------

------------------------
28.07.2022 18:29:11
CallbackFormEmailModal
Array
(
    [name] => retired4198@gmail.com
    [phone] => 89030793682
    [formname] => Обратная связь
)

------------------------

------------------------
28.07.2022 20:53:07
CallbackFormEmailModal
Array
(
    [name] => lisaward87@yahoo.com
    [phone] => 89031564547
    [formname] => Обратная связь
)

------------------------

------------------------
28.07.2022 22:10:59
CallbackFormEmailModal
Array
(
    [name] => grushina.manya@mail.ru
    [phone] => 85654338114
    [formname] => Обратная связь
)

------------------------

------------------------
28.07.2022 23:16:39
CallbackFormEmailModal
Array
(
    [name] => raydawn1106@aol.com
    [phone] => 89036763890
    [formname] => Обратная связь
)

------------------------
