
------------------------
24.10.2024 2:11:42
CallbackFormEmailModal
Array
(
    [name] => 2qahotj7bapa5mc@tempmail.us.com
    [phone] => 85137854824
    [formname] => Обратная связь
)

------------------------

------------------------
24.10.2024 4:14:38
CallbackFormEmailModal
Array
(
    [name] => xrumer23Kip@gmail.com
    [phone] => 81755744158
    [formname] => Обратная связь
)

------------------------

------------------------
24.10.2024 4:56:31
CallbackFormEmailModal
Array
(
    [name] => 1q0nbg4km@mozmail.com
    [phone] => 82551943649
    [formname] => Обратная связь
)

------------------------

------------------------
24.10.2024 11:15:26
CallbackFormEmailModal
Array
(
    [name] => help@gwmetabitt.com
    [phone] => 84345955597
    [formname] => Обратная связь
)

------------------------

------------------------
24.10.2024 11:44:05
CallbackFormEmailModal
Array
(
    [name] => alexpopov3453@gmail.com
    [phone] => 87679149217
    [formname] => Обратная связь
)

------------------------

------------------------
24.10.2024 13:28:22
CallbackFormEmailModal
Array
(
    [name] => goldboy1931@gmail.com
    [phone] => 84619499224
    [formname] => Обратная связь
)

------------------------

------------------------
24.10.2024 15:18:34
CallbackFormEmailModal
Array
(
    [name] => wqr3g@midgame.ru
    [phone] => 81813878897
    [formname] => Обратная связь
)

------------------------

------------------------
24.10.2024 17:01:48
CallbackFormEmailModal
Array
(
    [name] => thiwebtangse1980@op.pl
    [phone] => 81916984857
    [formname] => Обратная связь
)

------------------------

------------------------
24.10.2024 17:08:31
CallbackFormEmailModal
Array
(
    [name] => redirect-62cdb0e307dd6786c53bb97386a1e38b@webmark.eting.org
    [phone] => redirect-62cdb0e307dd6786c53bb97386a1e38b@webmark.eting.org
    [formname] => Обратная связь
)

------------------------

------------------------
24.10.2024 18:38:27
CallbackFormEmailModal
Array
(
    [name] => alexpopov3453@gmail.com
    [phone] => 86194259558
    [formname] => Обратная связь
)

------------------------

------------------------
24.10.2024 22:10:04
CallbackFormEmailModal
Array
(
    [name] => nwurcardbensubs1985@op.pl
    [phone] => 88114555245
    [formname] => Обратная связь
)

------------------------

------------------------
24.10.2024 22:12:36
CallbackFormEmailModal
Array
(
    [name] => werso07kiu@rambler.ru
    [phone] => 81269856646
    [formname] => Обратная связь
)

------------------------

------------------------
24.10.2024 23:46:10
CallbackFormEmailModal
Array
(
    [name] => redirect-0899a5c736053901b454392b2674e861@webmark.eting.org
    [phone] => redirect-0899a5c736053901b454392b2674e861@webmark.eting.org
    [formname] => Обратная связь
)

------------------------
