
------------------------
17.12.2023 1:58:28
CallbackFormEmailModal
Array
(
    [name] => spbetcas928@gmail.com
    [phone] => 84618388836
    [formname] => Обратная связь
)

------------------------

------------------------
17.12.2023 3:25:51
CallbackFormEmailModal
Array
(
    [name] => paperbracelets@outlook.com
    [phone] => 81521356933
    [formname] => Обратная связь
)

------------------------

------------------------
17.12.2023 8:34:55
CallbackFormEmailModal
Array
(
    [name] => ebddzelrl@guyclearsecso.online
    [phone] => 86123695345
    [formname] => Обратная связь
)

------------------------

------------------------
17.12.2023 8:38:27
CallbackFormEmailModal
Array
(
    [name] => estate@hotmail.com
    [phone] => 81852992568
    [formname] => Обратная связь
)

------------------------

------------------------
17.12.2023 9:02:33
CallbackFormEmailModal
Array
(
    [name] => donald10carter55as@rambler.ru
    [phone] => 81164487672
    [formname] => Обратная связь
)

------------------------

------------------------
17.12.2023 10:27:15
CallbackFormEmailModal
Array
(
    [name] => spbetcas817@gmail.com
    [phone] => 87879245888
    [formname] => Обратная связь
)

------------------------

------------------------
17.12.2023 10:27:16
CallbackFormEmailModal
Array
(
    [name] => osipova.liliia.1986.22.12@inbox.ru
    [phone] => 86275987621
    [formname] => Обратная связь
)

------------------------

------------------------
17.12.2023 10:30:09
CallbackFormEmailModal
Array
(
    [name] => mamedov.edgar.1992.3.3@inbox.ru
    [phone] => 83889624777
    [formname] => Обратная связь
)

------------------------

------------------------
17.12.2023 12:12:00
CallbackFormEmailModal
Array
(
    [name] => no.reply.KeillHansen@gmail.com
    [phone] => 89535396495
    [formname] => Обратная связь
)

------------------------

------------------------
17.12.2023 12:12:56
CallbackFormEmailModal
Array
(
    [name] => woodbpurne1983@mail.ru
    [phone] => 81964561261
    [formname] => Обратная связь
)

------------------------

------------------------
17.12.2023 13:18:49
CallbackFormEmailModal
Array
(
    [name] => woodbpurne1983@mail.ru
    [phone] => 85922736774
    [formname] => Обратная связь
)

------------------------

------------------------
17.12.2023 13:19:28
CallbackFormEmailModal
Array
(
    [name] => bobraklessa@list.ru
    [phone] => 83115933541
    [formname] => Обратная связь
)

------------------------

------------------------
17.12.2023 13:32:55
CallbackFormEmailModal
Array
(
    [name] => mazunyzhcn@mail.ru
    [phone] => 87521286259
    [formname] => Обратная связь
)

------------------------

------------------------
17.12.2023 13:34:34
CallbackFormEmailModal
Array
(
    [name] => kaapkaksih@mail.ru
    [phone] => 86215399248
    [formname] => Обратная связь
)

------------------------

------------------------
17.12.2023 13:34:41
CallbackFormEmailModal
Array
(
    [name] => saakian.vova.1985.13.9@list.ru
    [phone] => 85831524635
    [formname] => Обратная связь
)

------------------------

------------------------
17.12.2023 13:44:56
CallbackFormEmailModal
Array
(
    [name] => nisakascha@mail.ru
    [phone] => 82754268833
    [formname] => Обратная связь
)

------------------------

------------------------
17.12.2023 13:46:46
CallbackFormEmailModal
Array
(
    [name] => filimonov.ivan.1997.4.6@list.ru
    [phone] => 82239319824
    [formname] => Обратная связь
)

------------------------

------------------------
17.12.2023 13:49:35
CallbackFormEmailModal
Array
(
    [name] => crabkilldist1986@mail.ru
    [phone] => 84925766136
    [formname] => Обратная связь
)

------------------------

------------------------
17.12.2023 14:26:32
CallbackFormEmailModal
Array
(
    [name] => luashaeshk@mail.ru
    [phone] => 86652746454
    [formname] => Обратная связь
)

------------------------

------------------------
17.12.2023 14:28:13
CallbackFormEmailModal
Array
(
    [name] => pashenka.vladimirovich.2023@mail.ru
    [phone] => 88345477614
    [formname] => Обратная связь
)

------------------------

------------------------
17.12.2023 14:37:23
CallbackFormEmailModal
Array
(
    [name] => olesya.zhukova.1994@bk.ru
    [phone] => 82286353186
    [formname] => Обратная связь
)

------------------------

------------------------
17.12.2023 14:42:20
CallbackFormEmailModal
Array
(
    [name] => balashova.anna.1989.20.9@list.ru
    [phone] => 81633161364
    [formname] => Обратная связь
)

------------------------

------------------------
17.12.2023 14:42:41
CallbackFormEmailModal
Array
(
    [name] => siegavmut@mail.ru
    [phone] => 84238263634
    [formname] => Обратная связь
)

------------------------

------------------------
17.12.2023 14:42:51
CallbackFormEmailModal
Array
(
    [name] => blazkilself1984@mail.ru
    [phone] => 82786661896
    [formname] => Обратная связь
)

------------------------

------------------------
17.12.2023 14:45:33
CallbackFormEmailModal
Array
(
    [name] => paraipastmi@list.ru
    [phone] => 88434751476
    [formname] => Обратная связь
)

------------------------

------------------------
17.12.2023 14:52:04
CallbackFormEmailModal
Array
(
    [name] => pporascron1991@mail.ru
    [phone] => 87937585577
    [formname] => Обратная связь
)

------------------------

------------------------
17.12.2023 14:54:15
CallbackFormEmailModal
Array
(
    [name] => crabkilldist1986@mail.ru
    [phone] => 81993424952
    [formname] => Обратная связь
)

------------------------

------------------------
17.12.2023 15:11:32
CallbackFormEmailModal
Array
(
    [name] => kevin43phillips27as@rambler.ru
    [phone] => 89475224566
    [formname] => Обратная связь
)

------------------------

------------------------
17.12.2023 16:31:22
CallbackFormEmailModal
Array
(
    [name] => egwwqwwpzf@rambler.ru
    [phone] => 84234616554
    [formname] => Обратная связь
)

------------------------

------------------------
17.12.2023 17:53:52
CallbackFormEmailModal
Array
(
    [name] => wwaefccxa@vbealth.online
    [phone] => 89378745812
    [formname] => Обратная связь
)

------------------------

------------------------
17.12.2023 19:25:57
CallbackFormEmailModal
Array
(
    [name] => black_kristina1995@yahoo.com
    [phone] => black_kristina1995@yahoo.com
    [formname] => Обратная связь
)

------------------------

------------------------
17.12.2023 19:26:04
CallbackFormEmailModal
Array
(
    [name] => black_kristina1995@yahoo.com
    [phone] => black_kristina1995@yahoo.com
    [formname] => Обратная связь
)

------------------------

------------------------
17.12.2023 19:26:27
CallbackFormEmailModal
Array
(
    [name] => black_kristina1995@yahoo.com
    [phone] => black_kristina1995@yahoo.com
    [formname] => Обратная связь
)

------------------------

------------------------
17.12.2023 19:26:34
CallbackFormEmailModal
Array
(
    [name] => black_kristina1995@yahoo.com
    [phone] => black_kristina1995@yahoo.com
    [formname] => Обратная связь
)

------------------------

------------------------
17.12.2023 19:26:46
CallbackFormEmailModal
Array
(
    [name] => black_kristina1995@yahoo.com
    [phone] => black_kristina1995@yahoo.com
    [formname] => Обратная связь
)

------------------------

------------------------
17.12.2023 19:26:52
CallbackFormEmailModal
Array
(
    [name] => black_kristina1995@yahoo.com
    [phone] => black_kristina1995@yahoo.com
    [formname] => Обратная связь
)

------------------------

------------------------
17.12.2023 19:27:02
CallbackFormEmailModal
Array
(
    [name] => black_kristina1995@yahoo.com
    [phone] => black_kristina1995@yahoo.com
    [formname] => Обратная связь
)

------------------------

------------------------
17.12.2023 19:27:11
CallbackFormEmailModal
Array
(
    [name] => black_kristina1995@yahoo.com
    [phone] => black_kristina1995@yahoo.com
    [formname] => Обратная связь
)

------------------------

------------------------
17.12.2023 19:27:23
CallbackFormEmailModal
Array
(
    [name] => black_kristina1995@yahoo.com
    [phone] => black_kristina1995@yahoo.com
    [formname] => Обратная связь
)

------------------------

------------------------
17.12.2023 19:27:29
CallbackFormEmailModal
Array
(
    [name] => black_kristina1995@yahoo.com
    [phone] => black_kristina1995@yahoo.com
    [formname] => Обратная связь
)

------------------------

------------------------
17.12.2023 19:27:39
CallbackFormEmailModal
Array
(
    [name] => black_kristina1995@yahoo.com
    [phone] => black_kristina1995@yahoo.com
    [formname] => Обратная связь
)

------------------------

------------------------
17.12.2023 19:27:45
CallbackFormEmailModal
Array
(
    [name] => black_kristina1995@yahoo.com
    [phone] => black_kristina1995@yahoo.com
    [formname] => Обратная связь
)

------------------------

------------------------
17.12.2023 19:27:56
CallbackFormEmailModal
Array
(
    [name] => black_kristina1995@yahoo.com
    [phone] => black_kristina1995@yahoo.com
    [formname] => Обратная связь
)

------------------------

------------------------
17.12.2023 19:28:04
CallbackFormEmailModal
Array
(
    [name] => black_kristina1995@yahoo.com
    [phone] => black_kristina1995@yahoo.com
    [formname] => Обратная связь
)

------------------------

------------------------
17.12.2023 19:28:23
CallbackFormEmailModal
Array
(
    [name] => black_kristina1995@yahoo.com
    [phone] => black_kristina1995@yahoo.com
    [formname] => Обратная связь
)

------------------------

------------------------
17.12.2023 19:28:29
CallbackFormEmailModal
Array
(
    [name] => black_kristina1995@yahoo.com
    [phone] => black_kristina1995@yahoo.com
    [formname] => Обратная связь
)

------------------------

------------------------
17.12.2023 19:28:42
CallbackFormEmailModal
Array
(
    [name] => black_kristina1995@yahoo.com
    [phone] => black_kristina1995@yahoo.com
    [formname] => Обратная связь
)

------------------------

------------------------
17.12.2023 19:28:48
CallbackFormEmailModal
Array
(
    [name] => black_kristina1995@yahoo.com
    [phone] => black_kristina1995@yahoo.com
    [formname] => Обратная связь
)

------------------------

------------------------
17.12.2023 19:29:00
CallbackFormEmailModal
Array
(
    [name] => black_kristina1995@yahoo.com
    [phone] => black_kristina1995@yahoo.com
    [formname] => Обратная связь
)

------------------------

------------------------
17.12.2023 19:29:09
CallbackFormEmailModal
Array
(
    [name] => black_kristina1995@yahoo.com
    [phone] => black_kristina1995@yahoo.com
    [formname] => Обратная связь
)

------------------------

------------------------
17.12.2023 19:29:22
CallbackFormEmailModal
Array
(
    [name] => black_kristina1995@yahoo.com
    [phone] => black_kristina1995@yahoo.com
    [formname] => Обратная связь
)

------------------------

------------------------
17.12.2023 19:29:28
CallbackFormEmailModal
Array
(
    [name] => black_kristina1995@yahoo.com
    [phone] => black_kristina1995@yahoo.com
    [formname] => Обратная связь
)

------------------------

------------------------
17.12.2023 19:29:40
CallbackFormEmailModal
Array
(
    [name] => black_kristina1995@yahoo.com
    [phone] => black_kristina1995@yahoo.com
    [formname] => Обратная связь
)

------------------------

------------------------
17.12.2023 19:29:45
CallbackFormEmailModal
Array
(
    [name] => black_kristina1995@yahoo.com
    [phone] => black_kristina1995@yahoo.com
    [formname] => Обратная связь
)

------------------------

------------------------
17.12.2023 19:29:55
CallbackFormEmailModal
Array
(
    [name] => black_kristina1995@yahoo.com
    [phone] => black_kristina1995@yahoo.com
    [formname] => Обратная связь
)

------------------------

------------------------
17.12.2023 19:30:03
CallbackFormEmailModal
Array
(
    [name] => black_kristina1995@yahoo.com
    [phone] => black_kristina1995@yahoo.com
    [formname] => Обратная связь
)

------------------------

------------------------
17.12.2023 19:30:33
CallbackFormEmailModal
Array
(
    [name] => black_kristina1995@yahoo.com
    [phone] => black_kristina1995@yahoo.com
    [formname] => Обратная связь
)

------------------------

------------------------
17.12.2023 19:30:43
CallbackFormEmailModal
Array
(
    [name] => black_kristina1995@yahoo.com
    [phone] => black_kristina1995@yahoo.com
    [formname] => Обратная связь
)

------------------------

------------------------
17.12.2023 19:30:59
CallbackFormEmailModal
Array
(
    [name] => black_kristina1995@yahoo.com
    [phone] => black_kristina1995@yahoo.com
    [formname] => Обратная связь
)

------------------------

------------------------
17.12.2023 19:31:07
CallbackFormEmailModal
Array
(
    [name] => black_kristina1995@yahoo.com
    [phone] => black_kristina1995@yahoo.com
    [formname] => Обратная связь
)

------------------------

------------------------
17.12.2023 19:31:21
CallbackFormEmailModal
Array
(
    [name] => black_kristina1995@yahoo.com
    [phone] => black_kristina1995@yahoo.com
    [formname] => Обратная связь
)

------------------------

------------------------
17.12.2023 19:31:28
CallbackFormEmailModal
Array
(
    [name] => black_kristina1995@yahoo.com
    [phone] => black_kristina1995@yahoo.com
    [formname] => Обратная связь
)

------------------------

------------------------
17.12.2023 19:31:34
CallbackFormEmailModal
Array
(
    [name] => brilliant-tradeeto@gmail.com
    [phone] => 85223671717
    [formname] => Обратная связь
)

------------------------

------------------------
17.12.2023 19:31:42
CallbackFormEmailModal
Array
(
    [name] => black_kristina1995@yahoo.com
    [phone] => black_kristina1995@yahoo.com
    [formname] => Обратная связь
)

------------------------

------------------------
17.12.2023 19:31:48
CallbackFormEmailModal
Array
(
    [name] => black_kristina1995@yahoo.com
    [phone] => black_kristina1995@yahoo.com
    [formname] => Обратная связь
)

------------------------

------------------------
17.12.2023 19:32:00
CallbackFormEmailModal
Array
(
    [name] => black_kristina1995@yahoo.com
    [phone] => black_kristina1995@yahoo.com
    [formname] => Обратная связь
)

------------------------

------------------------
17.12.2023 19:32:10
CallbackFormEmailModal
Array
(
    [name] => black_kristina1995@yahoo.com
    [phone] => black_kristina1995@yahoo.com
    [formname] => Обратная связь
)

------------------------

------------------------
17.12.2023 19:32:32
CallbackFormEmailModal
Array
(
    [name] => black_kristina1995@yahoo.com
    [phone] => black_kristina1995@yahoo.com
    [formname] => Обратная связь
)

------------------------

------------------------
17.12.2023 19:32:38
CallbackFormEmailModal
Array
(
    [name] => black_kristina1995@yahoo.com
    [phone] => black_kristina1995@yahoo.com
    [formname] => Обратная связь
)

------------------------

------------------------
17.12.2023 19:33:03
CallbackFormEmailModal
Array
(
    [name] => black_kristina1995@yahoo.com
    [phone] => black_kristina1995@yahoo.com
    [formname] => Обратная связь
)

------------------------

------------------------
17.12.2023 19:33:12
CallbackFormEmailModal
Array
(
    [name] => black_kristina1995@yahoo.com
    [phone] => black_kristina1995@yahoo.com
    [formname] => Обратная связь
)

------------------------

------------------------
17.12.2023 19:33:27
CallbackFormEmailModal
Array
(
    [name] => black_kristina1995@yahoo.com
    [phone] => black_kristina1995@yahoo.com
    [formname] => Обратная связь
)

------------------------

------------------------
17.12.2023 19:33:32
CallbackFormEmailModal
Array
(
    [name] => black_kristina1995@yahoo.com
    [phone] => black_kristina1995@yahoo.com
    [formname] => Обратная связь
)

------------------------

------------------------
17.12.2023 19:33:46
CallbackFormEmailModal
Array
(
    [name] => black_kristina1995@yahoo.com
    [phone] => black_kristina1995@yahoo.com
    [formname] => Обратная связь
)

------------------------

------------------------
17.12.2023 19:33:52
CallbackFormEmailModal
Array
(
    [name] => black_kristina1995@yahoo.com
    [phone] => black_kristina1995@yahoo.com
    [formname] => Обратная связь
)

------------------------

------------------------
17.12.2023 19:53:18
CallbackFormEmailModal
Array
(
    [name] => igorstartovich@gmail.com
    [phone] => 87424173121
    [formname] => Обратная связь
)

------------------------

------------------------
17.12.2023 19:56:15
CallbackFormEmailModal
Array
(
    [name] => topnewsagency@timesofspanish.com
    [phone] => 89939522762
    [formname] => Обратная связь
)

------------------------

------------------------
17.12.2023 23:46:10
CallbackFormEmailModal
Array
(
    [name] => joseph42miller06as@rambler.ru
    [phone] => 85136212961
    [formname] => Обратная связь
)

------------------------
