
------------------------
05.09.2022 1:20:45
CallbackFormEmailModal
Array
(
    [name] => stonescaichild1167@imails.site

    [phone] => 81159342355
    [formname] => Обратная связь
)

------------------------

------------------------
05.09.2022 6:31:32
CallbackFormEmailModal
Array
(
    [name] => teamasosub1445@mail.ru
    [phone] => 84135154915
    [formname] => Обратная связь
)

------------------------

------------------------
05.09.2022 6:49:47
CallbackFormEmailModal
Array
(
    [name] => procchejuntent520@imails.site

    [phone] => 83894271218
    [formname] => Обратная связь
)

------------------------

------------------------
05.09.2022 7:00:59
CallbackFormEmailModal
Array
(
    [name] => masterdirekt77@gmail.com
    [phone] => 384347834
    [formname] => Обратная связь
)

------------------------
