
------------------------
28.03.2024 0:37:48
CallbackFormEmailModal
Array
(
    [name] => mouse7@kokomail.site
    [phone] => 87264924115
    [formname] => Обратная связь
)

------------------------

------------------------
28.03.2024 2:36:12
CallbackFormEmailModal
Array
(
    [name] => hourrurafort198165@rambler.ru
    [phone] => +71231234567
    [formname] => Обратная связь
)

------------------------

------------------------
28.03.2024 3:31:08
CallbackFormEmailModal
Array
(
    [name] => spbulyana@yandex.ru
    [phone] => 82662736954
    [formname] => Обратная связь
)

------------------------

------------------------
28.03.2024 4:57:48
CallbackFormEmailModal
Array
(
    [name] => ronaldawata@gmail.com
    [phone] => 83993819549
    [formname] => Обратная связь
)

------------------------

------------------------
28.03.2024 6:46:35
CallbackFormEmailModal
Array
(
    [name] => tatevienon1978955@mail.ru
    [phone] => 84841922534
    [formname] => Обратная связь
)

------------------------

------------------------
28.03.2024 7:05:04
CallbackFormEmailModal
Array
(
    [name] => a.nn.ab.a.t.t.2.3@gmail.com
    [phone] => 85218814959
    [formname] => Обратная связь
)

------------------------

------------------------
28.03.2024 7:28:54
CallbackFormEmailModal
Array
(
    [name] => njcntrfzxvzvwsei@onet.pl
    [phone] => 85649481163
    [formname] => Обратная связь
)

------------------------

------------------------
28.03.2024 7:58:31
CallbackFormEmailModal
Array
(
    [name] => lest.e.rkirk3df.f.b@gmail.com
    [phone] => 82265989718
    [formname] => Обратная связь
)

------------------------

------------------------
28.03.2024 8:57:26
CallbackFormEmailModal
Array
(
    [name] => qolvenmhr@rambbarlumbsi.online
    [phone] => 85718445198
    [formname] => Обратная связь
)

------------------------

------------------------
28.03.2024 8:57:33
CallbackFormEmailModal
Array
(
    [name] => lukreciyagorshkova19914524@mail.ru
    [phone] => 84121866453
    [formname] => Обратная связь
)

------------------------

------------------------
28.03.2024 9:55:34
CallbackFormEmailModal
Array
(
    [name] => i.b6.5.03.49.5@gmail.com
    [phone] => 87523699354
    [formname] => Обратная связь
)

------------------------

------------------------
28.03.2024 10:36:19
CallbackFormEmailModal
Array
(
    [name] => raya.maltseva.75@mail.ru
    [phone] => 86668198848
    [formname] => Обратная связь
)

------------------------

------------------------
28.03.2024 13:03:46
CallbackFormEmailModal
Array
(
    [name] => borisgendelman22@outlook.com
    [phone] => 89465799579
    [formname] => Обратная связь
)

------------------------

------------------------
28.03.2024 13:14:22
CallbackFormEmailModal
Array
(
    [name] => les.t.e.r.k.irk.3.df.fb.@gmail.com
    [phone] => 86821678681
    [formname] => Обратная связь
)

------------------------

------------------------
28.03.2024 15:31:12
CallbackFormEmailModal
Array
(
    [name] => bbgyaslkfzqmhkvk@onet.pl
    [phone] => 81223419454
    [formname] => Обратная связь
)

------------------------

------------------------
28.03.2024 15:47:32
CallbackFormEmailModal
Array
(
    [name] => xeollll@yandex.com
    [phone] => 85456759461
    [formname] => Обратная связь
)

------------------------

------------------------
28.03.2024 19:06:24
CallbackFormEmailModal
Array
(
    [name] => t.y.p.hus.1985@gmail.com
    [phone] => 84426557858
    [formname] => Обратная связь
)

------------------------

------------------------
28.03.2024 19:43:57
CallbackFormEmailModal
Array
(
    [name] => 33.01hrxrjxjasdq9qf0fbsf07m6f@mail4u.pw
    [phone] => 33.01hrxrjxjasdq9qf0fbsf07m6f@mail4u.pw
    [formname] => Обратная связь
)

------------------------

------------------------
28.03.2024 20:13:40
CallbackFormEmailModal
Array
(
    [name] => lumsefoo@1winstyle.ru
    [phone] => 85553315158
    [formname] => Обратная связь
)

------------------------

------------------------
28.03.2024 20:55:53
CallbackFormEmailModal
Array
(
    [name] => duk.eh.uan.g4.2@gmail.com
    [phone] => 87251167183
    [formname] => Обратная связь
)

------------------------

------------------------
28.03.2024 21:47:45
CallbackFormEmailModal
Array
(
    [name] => vltskmsp@yandex.ru
    [phone] => 83854516976
    [formname] => Обратная связь
)

------------------------

------------------------
28.03.2024 22:18:34
CallbackFormEmailModal
Array
(
    [name] => froeach12@rezka.wtf
    [phone] => 87821789687
    [formname] => Обратная связь
)

------------------------
