
------------------------
11.09.2023 2:13:44
CallbackFormEmailModal
Array
(
    [name] => esdoornt1bwfaranice2@free-private-mail.com
    [phone] => 86194332845
    [formname] => Обратная связь
)

------------------------

------------------------
11.09.2023 6:40:59
CallbackFormEmailModal
Array
(
    [name] => kirizina@mail.ru
    [phone] => 89427847683
    [formname] => Обратная связь
)

------------------------

------------------------
11.09.2023 8:02:50
CallbackFormEmailModal
Array
(
    [name] => nvlfduesxadbkat@mail.ru
    [phone] => +791234567311
    [formname] => Обратная связь
)

------------------------

------------------------
11.09.2023 15:04:46
CallbackFormEmailModal
Array
(
    [name] => uo6uh2lb4l9o2mf@rambler.ru
    [phone] => 88268732745
    [formname] => Обратная связь
)

------------------------

------------------------
11.09.2023 19:26:26
CallbackFormEmailModal
Array
(
    [name] => acgyb11nza8xq9h@rambler.ru
    [phone] => 84389957563
    [formname] => Обратная связь
)

------------------------

------------------------
11.09.2023 22:55:09
CallbackFormEmailModal
Array
(
    [name] => 79779603057@bk.ru
    [phone] => 79779603057
    [formname] => Обратная связь
)

------------------------

------------------------
11.09.2023 23:39:16
CallbackFormEmailModal
Array
(
    [name] => teresa@hiraku6310.haruto45.mailvista.site
    [phone] => 84666156381
    [formname] => Обратная связь
)

------------------------
