
------------------------
12.08.2023 1:09:16
CallbackFormEmailModal
Array
(
    [name] => ka.rne.evai71.@gmail.com
    [phone] => 87989732775
    [formname] => Обратная связь
)

------------------------

------------------------
12.08.2023 4:45:49
CallbackFormEmailModal
Array
(
    [name] => ioh9xw3dl9v9pv1@outlook.com
    [phone] => 88269433457
    [formname] => Обратная связь
)

------------------------

------------------------
12.08.2023 6:17:55
CallbackFormEmailModal
Array
(
    [name] => rv5@mu88.drkoop.site
    [phone] => 84568237857
    [formname] => Обратная связь
)

------------------------

------------------------
12.08.2023 8:50:00
CallbackFormEmailModal
Array
(
    [name] => fj3f2ifqzoytbtx@rambler.ru
    [phone] => 85691711529
    [formname] => Обратная связь
)

------------------------

------------------------
12.08.2023 10:22:39
CallbackFormEmailModal
Array
(
    [name] => scmxmsmmfEa@bobbor.store
    [phone] => 82136884232
    [formname] => Обратная связь
)

------------------------

------------------------
12.08.2023 10:47:51
CallbackFormEmailModal
Array
(
    [name] => yourmail@gmail.com
    [phone] => 89344738865
    [formname] => Обратная связь
)

------------------------

------------------------
12.08.2023 13:19:06
CallbackFormEmailModal
Array
(
    [name] => z6vf3qy4jwzi5aw@rambler.ru
    [phone] => 84933247544
    [formname] => Обратная связь
)

------------------------

------------------------
12.08.2023 16:47:21
CallbackFormEmailModal
Array
(
    [name] => callvisvetlana@list.ru
    [phone] => 82762982783
    [formname] => Обратная связь
)

------------------------

------------------------
12.08.2023 17:45:05
CallbackFormEmailModal
Array
(
    [name] => mb9bqzntdz2o5qf@rambler.ru
    [phone] => 83892237471
    [formname] => Обратная связь
)

------------------------

------------------------
12.08.2023 18:30:01
CallbackFormEmailModal
Array
(
    [name] => yuha8amnqbm0kmn@rambler.ru
    [phone] => 82451332833
    [formname] => Обратная связь
)

------------------------

------------------------
12.08.2023 18:48:27
CallbackFormEmailModal
Array
(
    [name] => john.mongolfier@gmail.com
    [phone] => 86787815528
    [formname] => Обратная связь
)

------------------------

------------------------
12.08.2023 19:01:53
CallbackFormEmailModal
Array
(
    [name] => u953j3165cxuafd@rambler.ru
    [phone] => 89232823824
    [formname] => Обратная связь
)

------------------------

------------------------
12.08.2023 22:45:45
CallbackFormEmailModal
Array
(
    [name] => domain-a.store@yandex.ru
    [phone] => 89873884867
    [formname] => Обратная связь
)

------------------------

------------------------
12.08.2023 23:11:42
CallbackFormEmailModal
Array
(
    [name] => 090qmqw6hlrsdha@rambler.ru
    [phone] => 81457734856
    [formname] => Обратная связь
)

------------------------
