
------------------------
04.10.2025 0:40:48
CallbackFormEmailModal
Array
(
    [name] => dinanikolskaya99@gmail.com
    [phone] => 84452137425
    [formname] => Обратная связь
)

------------------------

------------------------
04.10.2025 5:50:30
CallbackFormEmailModal
Array
(
    [name] => 152fzrknbot202501@gmail.com
    [phone] => 83883175326
    [formname] => Обратная связь
)

------------------------

------------------------
04.10.2025 10:20:24
CallbackFormEmailModal
Array
(
    [name] => ovnterbefjuden6138@mail.ru
    [phone] => 82489848641
    [formname] => Обратная связь
)

------------------------

------------------------
04.10.2025 11:21:27
CallbackFormEmailModal
Array
(
    [name] => toktobayeva.nata@mail.ru
    [phone] => 86391148574
    [formname] => Обратная связь
)

------------------------

------------------------
04.10.2025 12:04:11
CallbackFormEmailModal
Array
(
    [name] => ObliceDopcroririt@freespainmail.com
    [phone] => 85422674848
    [formname] => Обратная связь
)

------------------------

------------------------
04.10.2025 13:32:24
CallbackFormEmailModal
Array
(
    [name] => bokisuq541@gmail.com
    [phone] => 83868133754
    [formname] => Обратная связь
)

------------------------

------------------------
04.10.2025 15:34:29
CallbackFormEmailModal
Array
(
    [name] => yourmail@gmail.com
    [phone] => 87997378177
    [formname] => Обратная связь
)

------------------------

------------------------
04.10.2025 18:39:04
CallbackFormEmailModal
Array
(
    [name] => osipova.liliia.1986.22.12@inbox.ru
    [phone] => 86584741554
    [formname] => Обратная связь
)

------------------------

------------------------
04.10.2025 18:57:43
CallbackFormEmailModal
Array
(
    [name] => yourmail@gmail.com
    [phone] => 81917437936
    [formname] => Обратная связь
)

------------------------

------------------------
04.10.2025 19:10:53
CallbackFormEmailModal
Array
(
    [name] => 1dansbydruscillaoyu@gmail.com
    [phone] => 87972118362
    [formname] => Обратная связь
)

------------------------

------------------------
04.10.2025 19:40:14
CallbackFormEmailModal
Array
(
    [name] => ivanrizada@mail.ru
    [phone] => 85188928876
    [formname] => Обратная связь
)

------------------------

------------------------
04.10.2025 22:18:07
CallbackFormEmailModal
Array
(
    [name] => sergowor.kin.g.718@gmail.com
    [phone] => 84182474751
    [formname] => Обратная связь
)

------------------------

------------------------
04.10.2025 22:32:33
CallbackFormEmailModal
Array
(
    [name] => davidmib@mail.ru
    [phone] => 84188781148
    [formname] => Обратная связь
)

------------------------
