
------------------------
23.04.2022 2:33:21
CallbackFormEmailModal
Array
(
    [name] => davidluc@gmail.com
    [phone] => 89038405346
    [formname] => Обратная связь
)

------------------------

------------------------
23.04.2022 13:14:07
CallbackFormEmailModal
Array
(
    [name] => areli19@tmo.blackberry.net
    [phone] => 89037382231
    [formname] => Обратная связь
)

------------------------

------------------------
23.04.2022 17:24:35
CallbackFormEmailModal
Array
(
    [name] => loshi0878@gmail.com
    [phone] => loshi0878@gmail.com
    [formname] => Обратная связь
)

------------------------

------------------------
23.04.2022 17:24:47
CallbackFormEmailModal
Array
(
    [name] => loshi0878@gmail.com
    [phone] => loshi0878@gmail.com
    [formname] => Обратная связь
)

------------------------

------------------------
23.04.2022 18:56:02
CallbackFormEmailModal
Array
(
    [name] => houlea.houlea@hotmail.com
    [phone] => 89035622266
    [formname] => Обратная связь
)

------------------------
