
------------------------
31.05.2024 0:57:50
CallbackFormEmailModal
Array
(
    [name] => mantonova67@outlook.com
    [phone] => 83767992476
    [formname] => Обратная связь
)

------------------------

------------------------
31.05.2024 1:01:57
CallbackFormEmailModal
Array
(
    [name] => laurentbiondi1971@int.pl
    [phone] => 84367982437
    [formname] => Обратная связь
)

------------------------

------------------------
31.05.2024 1:24:39
CallbackFormEmailModal
Array
(
    [name] => segif18200@shirulo.com
    [phone] => 81673336262
    [formname] => Обратная связь
)

------------------------

------------------------
31.05.2024 1:51:28
CallbackFormEmailModal
Array
(
    [name] => livioboulet1964@int.pl
    [phone] => 81956892425
    [formname] => Обратная связь
)

------------------------

------------------------
31.05.2024 2:58:13
CallbackFormEmailModal
Array
(
    [name] => yladams9749@outlook.com
    [phone] => 89198196384
    [formname] => Обратная связь
)

------------------------

------------------------
31.05.2024 5:44:11
CallbackFormEmailModal
Array
(
    [name] => cantrellmechanicfcy5k2+169n8vas5af0@gmail.com
    [phone] => cantrellmechanicfcy5k2+169n8vas5af0@gmail.com
    [formname] => Обратная связь
)

------------------------

------------------------
31.05.2024 5:44:14
CallbackFormEmailModal
Array
(
    [name] => cantrellmechanicfcy5k2+169n8vas5af0@gmail.com
    [phone] => cantrellmechanicfcy5k2+169n8vas5af0@gmail.com
    [formname] => Обратная связь
)

------------------------

------------------------
31.05.2024 6:27:33
CallbackFormEmailModal
Array
(
    [name] => tsidorovo6050@outlook.com
    [phone] => 82824271357
    [formname] => Обратная связь
)

------------------------

------------------------
31.05.2024 7:49:47
CallbackFormEmailModal
Array
(
    [name] => avtocentravrora@gmail.com
    [phone] => 83153184846
    [formname] => Обратная связь
)

------------------------

------------------------
31.05.2024 9:36:37
CallbackFormEmailModal
Array
(
    [name] => mail@yandex.ru
    [phone] => 82719699726
    [formname] => Обратная связь
)

------------------------

------------------------
31.05.2024 12:16:44
CallbackFormEmailModal
Array
(
    [name] => borisgendelman22@outlook.com
    [phone] => 85918762179
    [formname] => Обратная связь
)

------------------------

------------------------
31.05.2024 15:42:45
CallbackFormEmailModal
Array
(
    [name] => ynatasha.ivanove87@outlook.com
    [phone] => 88251443686
    [formname] => Обратная связь
)

------------------------

------------------------
31.05.2024 15:52:08
CallbackFormEmailModal
Array
(
    [name] => segif18200@shirulo.com
    [phone] => 87857317787
    [formname] => Обратная связь
)

------------------------
