
------------------------
14.01.2023 10:54:08
CallbackFormEmailModal
Array
(
    [name] => in.gam.939@gmail.com
    [phone] => 89569287675
    [formname] => Обратная связь
)

------------------------

------------------------
14.01.2023 15:21:19
CallbackFormEmailModal
Array
(
    [name] => agvepehuck197716@rambler.ru
    [phone] => +71231234567
    [formname] => Обратная связь
)

------------------------

------------------------
14.01.2023 15:33:26
CallbackFormEmailModal
Array
(
    [name] => admin@11051106.org
    [phone] => 84182975711
    [formname] => Обратная связь
)

------------------------

------------------------
14.01.2023 17:58:53
CallbackFormEmailModal
Array
(
    [name] => ecodoTork@baileymail.xyz
    [phone] => 89875696567
    [formname] => Обратная связь
)

------------------------

------------------------
14.01.2023 18:42:11
CallbackFormEmailModal
Array
(
    [name] => zelatcol@gmail.com
    [phone] => 85268521796
    [formname] => Обратная связь
)

------------------------

------------------------
14.01.2023 19:44:07
CallbackFormEmailModal
Array
(
    [name] => vita.vinokurovas@gmail.com
    [phone] => 85731484944
    [formname] => Обратная связь
)

------------------------

------------------------
14.01.2023 21:38:28
CallbackEmailModal
Array
(
    [name] => ecodoTork@baileymail.xyz
    [phone] => 87611782554
    [comment] => Название продуката: Сварной  настил SP 34х38/30х2 Zn 1000х1000 мм
Комменатрий: Several validated screening questionnaires for TD exist, including the Androgen Deficiency in the Aging Male ADAM, Quantitative ADAM, Aging Males Symptoms Scale, and the Massachusetts Male Aging Study Questionnaire, as well as questionnaires that focus on a specific common element of testosterone deficiency i <a href=http://bestcialis20mg.com/>buy cheap cialis online</a> Rogge was overjoyed, thinking that coming to the Principality of Ale this time would be a bit better, right
    [formname] => Задать вопрос по товару
)

------------------------
