
------------------------
18.04.2025 0:51:23
CallbackFormEmailModal
Array
(
    [name] => dolnovam@mail.ru
    [phone] => 86821452569
    [formname] => Обратная связь
)

------------------------

------------------------
18.04.2025 4:34:04
CallbackFormEmailModal
Array
(
    [name] => consuelotb5@nclh88.mailweb.run
    [phone] => 83313279547
    [formname] => Обратная связь
)

------------------------

------------------------
18.04.2025 7:43:15
CallbackFormEmailModal
Array
(
    [name] => pavel.sitdikov.88@mail.ru
    [phone] => 84222846415
    [formname] => Обратная связь
)

------------------------

------------------------
18.04.2025 7:48:05
CallbackFormEmailModal
Array
(
    [name] => stapuntril1990@mail.ru
    [phone] => 86549747558
    [formname] => Обратная связь
)

------------------------

------------------------
18.04.2025 8:24:14
CallbackFormEmailModal
Array
(
    [name] => egorbmxik@mail.ru
    [phone] => 81363217299
    [formname] => Обратная связь
)

------------------------

------------------------
18.04.2025 8:49:21
CallbackFormEmailModal
Array
(
    [name] => rhotenti-44@mail.ru
    [phone] => 82612642553
    [formname] => Обратная связь
)

------------------------

------------------------
18.04.2025 9:45:30
CallbackFormEmailModal
Array
(
    [name] => higbiosepo1986@mail.ru
    [phone] => 83879722425
    [formname] => Обратная связь
)

------------------------

------------------------
18.04.2025 10:24:22
CallbackFormEmailModal
Array
(
    [name] => prohor.zlobin.14.11.1987@mail.ru
    [phone] => 89344171531
    [formname] => Обратная связь
)

------------------------

------------------------
18.04.2025 11:40:16
CallbackFormEmailModal
Array
(
    [name] => dolnovam@mail.ru
    [phone] => 87943787879
    [formname] => Обратная связь
)

------------------------

------------------------
18.04.2025 12:01:39
CallbackFormEmailModal
Array
(
    [name] => vaor.ru2020@gmail.com
    [phone] => 86181215234
    [formname] => Обратная связь
)

------------------------

------------------------
18.04.2025 12:04:56
CallbackFormEmailModal
Array
(
    [name] => kina3axjglime@bk.ru
    [phone] => 89636399464
    [formname] => Обратная связь
)

------------------------

------------------------
18.04.2025 13:34:19
CallbackFormEmailModal
Array
(
    [name] => saysalruanscilich@mail.ru
    [phone] => 81511436482
    [formname] => Обратная связь
)

------------------------

------------------------
18.04.2025 14:00:34
CallbackFormEmailModal
Array
(
    [name] => ljusdukeeca1971@mail.ru
    [phone] => 88935944817
    [formname] => Обратная связь
)

------------------------

------------------------
18.04.2025 17:45:49
CallbackFormEmailModal
Array
(
    [name] => aferinohis056@gmail.com
    [phone] => 85668128261
    [formname] => Обратная связь
)

------------------------

------------------------
18.04.2025 18:45:36
CallbackFormEmailModal
Array
(
    [name] => eugeneAcuseeugeneAcuse@mail.ru
    [phone] => 84223261553
    [formname] => Обратная связь
)

------------------------

------------------------
18.04.2025 19:15:30
CallbackFormEmailModal
Array
(
    [name] => dolnovam@mail.ru
    [phone] => 86789618578
    [formname] => Обратная связь
)

------------------------
