
------------------------
19.11.2025 0:30:34
CallbackFormEmailModal
Array
(
    [name] => dinanikolskaya99@gmail.com
    [phone] => 82345954483
    [formname] => Обратная связь
)

------------------------

------------------------
19.11.2025 1:12:21
CallbackFormEmailModal
Array
(
    [name] => kirvvv02@gmail.com
    [phone] => 89253343343
    [formname] => Обратная связь
)

------------------------

------------------------
19.11.2025 5:11:42
CallbackFormEmailModal
Array
(
    [name] => k70483512@gmail.com
    [phone] => 85353957587
    [formname] => Обратная связь
)

------------------------

------------------------
19.11.2025 6:54:28
CallbackFormEmailModal
Array
(
    [name] => dsd414141in@loancalculator.world
    [phone] => 83629124625
    [formname] => Обратная связь
)

------------------------

------------------------
19.11.2025 7:16:43
CallbackFormEmailModal
Array
(
    [name] => dinanikolskaya99@gmail.com
    [phone] => 88113211912
    [formname] => Обратная связь
)

------------------------

------------------------
19.11.2025 7:41:00
CallbackFormEmailModal
Array
(
    [name] => tipanasotemthia@mail.ru
    [phone] => 81734474235
    [formname] => Обратная связь
)

------------------------

------------------------
19.11.2025 8:37:29
CallbackFormEmailModal
Array
(
    [name] => merlin.oleg@web.de
    [phone] => 84866298988
    [formname] => Обратная связь
)

------------------------

------------------------
19.11.2025 9:42:07
CallbackFormEmailModal
Array
(
    [name] => dinanikolskaya99@gmail.com
    [phone] => 83723328963
    [formname] => Обратная связь
)

------------------------

------------------------
19.11.2025 10:25:33
CallbackFormEmailModal
Array
(
    [name] => sveri90Kip@gmail.com
    [phone] => 83839173523
    [formname] => Обратная связь
)

------------------------

------------------------
19.11.2025 13:21:17
CallbackFormEmailModal
Array
(
    [name] => wqzeokyq@eblanomail.com
    [phone] => 85574425155
    [formname] => Обратная связь
)

------------------------

------------------------
19.11.2025 15:15:08
CallbackFormEmailModal
Array
(
    [name] => gtzqpyqa@wildbmail.com
    [phone] => 84338561661
    [formname] => Обратная связь
)

------------------------

------------------------
19.11.2025 17:53:04
CallbackFormEmailModal
Array
(
    [name] => valentinamilusa@mail.ru
    [phone] => 89326659455
    [formname] => Обратная связь
)

------------------------

------------------------
19.11.2025 18:43:27
CallbackFormEmailModal
Array
(
    [name] => akindinkudryashov6842@mail.ru
    [phone] => 84889751697
    [formname] => Обратная связь
)

------------------------

------------------------
19.11.2025 18:46:28
CallbackFormEmailModal
Array
(
    [name] => pomgmk9oheivabfooksm@list.ru
    [phone] => 85211962987
    [formname] => Обратная связь
)

------------------------

------------------------
19.11.2025 19:02:05
CallbackFormEmailModal
Array
(
    [name] => pavel.sitdikov.88@mail.ru
    [phone] => 86247939651
    [formname] => Обратная связь
)

------------------------

------------------------
19.11.2025 19:08:46
CallbackFormEmailModal
Array
(
    [name] => ilnanmode1973@mail.ru
    [phone] => 85338362293
    [formname] => Обратная связь
)

------------------------

------------------------
19.11.2025 19:39:39
CallbackFormEmailModal
Array
(
    [name] => kmydxcfyjpr@problemno.shop
    [phone] => 87831927483
    [formname] => Обратная связь
)

------------------------

------------------------
19.11.2025 20:51:53
CallbackFormEmailModal
Array
(
    [name] => kazinolain@gmail.com
    [phone] => 88757684593
    [formname] => Обратная связь
)

------------------------

------------------------
19.11.2025 23:34:56
CallbackFormEmailModal
Array
(
    [name] => yyyourmail@gmail.com
    [phone] => 85448931126
    [formname] => Обратная связь
)

------------------------
