
------------------------
23.09.2025 2:45:34
CallbackFormEmailModal
Array
(
    [name] => xunalajiwo42@gmail.com
    [phone] => 84365288988
    [formname] => Обратная связь
)

------------------------

------------------------
23.09.2025 5:41:49
CallbackFormEmailModal
Array
(
    [name] => bokisuq541@gmail.com
    [phone] => 83861534712
    [formname] => Обратная связь
)

------------------------

------------------------
23.09.2025 5:49:36
CallbackFormEmailModal
Array
(
    [name] => 3@bztpa.ru
    [phone] => 81798999668
    [formname] => Обратная связь
)

------------------------

------------------------
23.09.2025 6:56:50
CallbackFormEmailModal
Array
(
    [name] => aleksandrrapeka@mail.ru
    [phone] => 81394849246
    [formname] => Обратная связь
)

------------------------

------------------------
23.09.2025 7:18:46
CallbackFormEmailModal
Array
(
    [name] => podaiclan_547@mail.ru
    [phone] => 85344864964
    [formname] => Обратная связь
)

------------------------

------------------------
23.09.2025 7:20:56
CallbackFormEmailModal
Array
(
    [name] => annachusuha@mail.ru
    [phone] => 85338234422
    [formname] => Обратная связь
)

------------------------

------------------------
23.09.2025 7:24:22
CallbackFormEmailModal
Array
(
    [name] => varvara.nikolaeva.23.8.1964@mail.ru
    [phone] => 82525145647
    [formname] => Обратная связь
)

------------------------

------------------------
23.09.2025 7:28:36
CallbackFormEmailModal
Array
(
    [name] => kskoxim@inbox.ru
    [phone] => 81441757785
    [formname] => Обратная связь
)

------------------------

------------------------
23.09.2025 7:30:34
CallbackFormEmailModal
Array
(
    [name] => serafimarinetarikov@gmail.com
    [phone] => 89359326333
    [formname] => Обратная связь
)

------------------------

------------------------
23.09.2025 7:50:02
CallbackFormEmailModal
Array
(
    [name] => vitya-kondratev-1969@inbox.ru
    [phone] => 84455813384
    [formname] => Обратная связь
)

------------------------

------------------------
23.09.2025 7:50:43
CallbackFormEmailModal
Array
(
    [name] => veronika.goryunova.06.09.2001@mail.ru
    [phone] => 83663745951
    [formname] => Обратная связь
)

------------------------

------------------------
23.09.2025 7:54:52
CallbackFormEmailModal
Array
(
    [name] => kina3axjglime@bk.ru
    [phone] => 82667631787
    [formname] => Обратная связь
)

------------------------

------------------------
23.09.2025 7:58:03
CallbackFormEmailModal
Array
(
    [name] => pavelpapebi@mail.ru
    [phone] => 83846375297
    [formname] => Обратная связь
)

------------------------

------------------------
23.09.2025 8:02:23
CallbackFormEmailModal
Array
(
    [name] => naphtloxua-5550@mail.ru
    [phone] => 82622551164
    [formname] => Обратная связь
)

------------------------

------------------------
23.09.2025 8:03:53
CallbackFormEmailModal
Array
(
    [name] => ovnterbefjuden6138@mail.ru
    [phone] => 84619545856
    [formname] => Обратная связь
)

------------------------

------------------------
23.09.2025 8:17:57
CallbackFormEmailModal
Array
(
    [name] => efisomer1970@op.pl
    [phone] => 82881783757
    [formname] => Обратная связь
)

------------------------

------------------------
23.09.2025 8:31:21
CallbackFormEmailModal
Array
(
    [name] => natulya.fedosova.96@mail.ru
    [phone] => 85791422793
    [formname] => Обратная связь
)

------------------------

------------------------
23.09.2025 8:59:19
CallbackFormEmailModal
Array
(
    [name] => postsaddtaliretneu@mail.ru
    [phone] => 85493962649
    [formname] => Обратная связь
)

------------------------

------------------------
23.09.2025 10:40:26
CallbackFormEmailModal
Array
(
    [name] => dansbydruscillaoyu@gmail.com
    [phone] => 88577394833
    [formname] => Обратная связь
)

------------------------

------------------------
23.09.2025 10:40:46
CallbackFormEmailModal
Array
(
    [name] => kwbnvblr@tubermail.com
    [phone] => 85282549476
    [formname] => Обратная связь
)

------------------------

------------------------
23.09.2025 11:24:27
CallbackFormEmailModal
Array
(
    [name] => irinademenkova86@gmail.com
    [phone] => 87984377957
    [formname] => Обратная связь
)

------------------------

------------------------
23.09.2025 12:08:36
CallbackFormEmailModal
Array
(
    [name] => davidmib@mail.ru
    [phone] => 84632372722
    [formname] => Обратная связь
)

------------------------

------------------------
23.09.2025 13:44:27
CallbackFormEmailModal
Array
(
    [name] => xvpkwliq@ronaldofmail.com
    [phone] => 83618717824
    [formname] => Обратная связь
)

------------------------

------------------------
23.09.2025 18:05:33
CallbackFormEmailModal
Array
(
    [name] => alokokijookwww@anonmails.de
    [phone] => 89879122942
    [formname] => Обратная связь
)

------------------------

------------------------
23.09.2025 20:37:45
CallbackFormEmailModal
Array
(
    [name] => ovbitrkx@tubermail.com
    [phone] => 81989652531
    [formname] => Обратная связь
)

------------------------

------------------------
23.09.2025 20:54:07
CallbackFormEmailModal
Array
(
    [name] => 123bi2@123bi.site
    [phone] => 81893143441
    [formname] => Обратная связь
)

------------------------

------------------------
23.09.2025 23:45:08
CallbackFormEmailModal
Array
(
    [name] => sergowor.kin.g.718@gmail.com
    [phone] => 86427892879
    [formname] => Обратная связь
)

------------------------
