
------------------------
05.06.2024 2:19:18
CallbackFormEmailModal
Array
(
    [name] => support@egyvps.com
    [phone] => 86928487644
    [formname] => Обратная связь
)

------------------------

------------------------
05.06.2024 3:49:58
CallbackFormEmailModal
Array
(
    [name] => spotandijot1985@op.pl
    [phone] => 89316753147
    [formname] => Обратная связь
)

------------------------

------------------------
05.06.2024 5:23:35
CallbackFormEmailModal
Array
(
    [name] => huffinghui@mail.ro.com
    [phone] => 82252159497
    [formname] => Обратная связь
)

------------------------

------------------------
05.06.2024 5:34:12
CallbackFormEmailModal
Array
(
    [name] => mikeKitGrishitty@gmail.com
    [phone] => 81897599954
    [formname] => Обратная связь
)

------------------------

------------------------
05.06.2024 6:18:53
CallbackFormEmailModal
Array
(
    [name] => travhumgambmeek1986@op.pl
    [phone] => 81299927492
    [formname] => Обратная связь
)

------------------------

------------------------
05.06.2024 10:00:47
CallbackFormEmailModal
Array
(
    [name] => inet4747@outlook.com
    [phone] => 81698974643
    [formname] => Обратная связь
)

------------------------

------------------------
05.06.2024 14:54:27
CallbackFormEmailModal
Array
(
    [name] => uphleabthe1982@autorambler.ru
    [phone] => 82132831533
    [formname] => Обратная связь
)

------------------------

------------------------
05.06.2024 16:13:26
CallbackFormEmailModal
Array
(
    [name] => guglakk.555@gmail.com
    [phone] => 89528628881
    [formname] => Обратная связь
)

------------------------

------------------------
05.06.2024 16:28:19
CallbackFormEmailModal
Array
(
    [name] => punittozu1980@op.pl
    [phone] => 88249385421
    [formname] => Обратная связь
)

------------------------

------------------------
05.06.2024 18:59:52
CallbackFormEmailModal
Array
(
    [name] => bloodishorof1974@op.pl
    [phone] => 86583573982
    [formname] => Обратная связь
)

------------------------

------------------------
05.06.2024 21:16:36
CallbackFormEmailModal
Array
(
    [name] => algebraically.pawlo@gmail.com
    [phone] => 82759136678
    [formname] => Обратная связь
)

------------------------

------------------------
05.06.2024 21:38:48
CallbackFormEmailModal
Array
(
    [name] => annaexpressovna@gmail.com
    [phone] => 86833865353
    [formname] => Обратная связь
)

------------------------

------------------------
05.06.2024 22:48:27
CallbackFormEmailModal
Array
(
    [name] => paeflumsi@mail3go.online

    [phone] => 83295738783
    [formname] => Обратная связь
)

------------------------
