
------------------------
31.03.2026 6:41:21
CallbackFormEmailModal
Array
(
    [name] => alximikkobra9@emailn.de
    [phone] => 87231281974
    [formname] => Обратная связь
)

------------------------

------------------------
31.03.2026 6:54:08
CallbackFormEmailModal
Array
(
    [name] => prosavmobi1981@mail.ru
    [phone] => 88923618223
    [formname] => Обратная связь
)

------------------------

------------------------
31.03.2026 6:58:31
CallbackFormEmailModal
Array
(
    [name] => vitya-kondratev-1969@inbox.ru
    [phone] => 87245117343
    [formname] => Обратная связь
)

------------------------

------------------------
31.03.2026 8:40:37
CallbackFormEmailModal
Array
(
    [name] => bdals@xhvgh.ru
    [phone] => 86861711751
    [formname] => Обратная связь
)

------------------------

------------------------
31.03.2026 12:01:47
CallbackFormEmailModal
Array
(
    [name] => ramyl_gilmanov@mail.ru
    [phone] => 88269384245
    [formname] => Обратная связь
)

------------------------

------------------------
31.03.2026 15:02:51
CallbackFormEmailModal
Array
(
    [name] => alximikkobra9@emailn.de
    [phone] => 88951932873
    [formname] => Обратная связь
)

------------------------

------------------------
31.03.2026 17:06:07
CallbackFormEmailModal
Array
(
    [name] => ponomaryov.borya.1983@bk.ru
    [phone] => 82292224959
    [formname] => Обратная связь
)

------------------------

------------------------
31.03.2026 17:06:22
CallbackFormEmailModal
Array
(
    [name] => konstantinrovini@mail.ru
    [phone] => 82533557636
    [formname] => Обратная связь
)

------------------------

------------------------
31.03.2026 17:10:04
CallbackFormEmailModal
Array
(
    [name] => olegzaluri@mail.ru
    [phone] => 86559278682
    [formname] => Обратная связь
)

------------------------
