
------------------------
13.06.2024 0:00:09
CallbackFormEmailModal
Array
(
    [name] => etsubteva197053@rambler.ru
    [phone] => 86182388583
    [formname] => Обратная связь
)

------------------------

------------------------
13.06.2024 3:19:46
CallbackFormEmailModal
Array
(
    [name] => nrrobinson7041@outlook.com
    [phone] => 86333992239
    [formname] => Обратная связь
)

------------------------

------------------------
13.06.2024 4:06:32
CallbackFormEmailModal
Array
(
    [name] => guglakk.555@gmail.com
    [phone] => 82548482936
    [formname] => Обратная связь
)

------------------------

------------------------
13.06.2024 13:11:18
CallbackFormEmailModal
Array
(
    [name] => diegomargene@ipbeyond.com
    [phone] => 89897999324
    [formname] => Обратная связь
)

------------------------

------------------------
13.06.2024 15:56:48
CallbackFormEmailModal
Array
(
    [name] => brudermanni2024@gmail.com
    [phone] => 85293536253
    [formname] => Обратная связь
)

------------------------

------------------------
13.06.2024 17:15:04
CallbackFormEmailModal
Array
(
    [name] => bestadmin@casinoroyalspins.com
    [phone] => 87449195461
    [formname] => Обратная связь
)

------------------------

------------------------
13.06.2024 20:27:43
CallbackFormEmailModal
Array
(
    [name] => liyulkepks@yandex.kz
    [phone] => 88583725197
    [formname] => Обратная связь
)

------------------------

------------------------
13.06.2024 23:10:07
CallbackFormEmailModal
Array
(
    [name] => gjhruke2@outlook.com
    [phone] => 83811572629
    [formname] => Обратная связь
)

------------------------
