
------------------------
02.09.2024 1:20:19
CallbackFormEmailModal
Array
(
    [name] => 2qahotj7bapa5mc@tempmail.us.com
    [phone] => 82123121141
    [formname] => Обратная связь
)

------------------------

------------------------
02.09.2024 4:12:52
CallbackFormEmailModal
Array
(
    [name] => lolerex241@ovout.com
    [phone] => 81393688893
    [formname] => Обратная связь
)

------------------------

------------------------
02.09.2024 5:06:02
CallbackFormEmailModal
Array
(
    [name] => robert1@xrevelxr.com
    [phone] => 88843466621
    [formname] => Обратная связь
)

------------------------

------------------------
02.09.2024 5:06:09
CallbackFormEmailModal
Array
(
    [name] => bicomvima1973@op.pl
    [phone] => 82351136439
    [formname] => Обратная связь
)

------------------------

------------------------
02.09.2024 6:00:10
CallbackFormEmailModal
Array
(
    [name] => evlogy.fedosov@yandex.com
    [phone] => 84156585385
    [formname] => Обратная связь
)

------------------------

------------------------
02.09.2024 6:27:33
CallbackFormEmailModal
Array
(
    [name] => pnudyorpbel@rudiplomust.com
    [phone] => 84548573742
    [formname] => Обратная связь
)

------------------------

------------------------
02.09.2024 6:35:32
CallbackFormEmailModal
Array
(
    [name] => aq64aqa@rambler.ru
    [phone] => 87299956384
    [formname] => Обратная связь
)

------------------------

------------------------
02.09.2024 7:30:50
CallbackFormEmailModal
Array
(
    [name] => heticthuna1973@op.pl
    [phone] => 81638573225
    [formname] => Обратная связь
)

------------------------

------------------------
02.09.2024 8:29:46
CallbackFormEmailModal
Array
(
    [name] => bermakensandrevaklon@gmail.com
    [phone] => 85198317275
    [formname] => Обратная связь
)

------------------------

------------------------
02.09.2024 10:38:14
CallbackFormEmailModal
Array
(
    [name] => alfredo3@xrevelxr.com
    [phone] => 89857649647
    [formname] => Обратная связь
)

------------------------

------------------------
02.09.2024 12:07:07
CallbackFormEmailModal
Array
(
    [name] => wx12lihe[exygyzotorygetit,2,5]@wxlihe1393.com
    [phone] => 89994695923
    [formname] => Обратная связь
)

------------------------

------------------------
02.09.2024 12:39:08
CallbackFormEmailModal
Array
(
    [name] => sanaxrom34@gmail.com
    [phone] => 83727837195
    [formname] => Обратная связь
)

------------------------

------------------------
02.09.2024 13:06:31
CallbackFormEmailModal
Array
(
    [name] => itatiler@gismail.online

    [phone] => 88839658665
    [formname] => Обратная связь
)

------------------------

------------------------
02.09.2024 16:01:23
CallbackFormEmailModal
Array
(
    [name] => allan2@xrevelxr.com
    [phone] => 89526363815
    [formname] => Обратная связь
)

------------------------

------------------------
02.09.2024 16:54:21
CallbackFormEmailModal
Array
(
    [name] => grosacciuban1986@op.pl
    [phone] => 83511636445
    [formname] => Обратная связь
)

------------------------

------------------------
02.09.2024 17:27:26
CallbackFormEmailModal
Array
(
    [name] => barbariska8912@gmail.com
    [phone] => 89545212336
    [formname] => Обратная связь
)

------------------------

------------------------
02.09.2024 20:07:43
CallbackFormEmailModal
Array
(
    [name] => ziethintiban1988@op.pl
    [phone] => 84922176697
    [formname] => Обратная связь
)

------------------------

------------------------
02.09.2024 20:23:38
CallbackFormEmailModal
Array
(
    [name] => derrikq2254@outlook.com
    [phone] => 88552982639
    [formname] => Обратная связь
)

------------------------

------------------------
02.09.2024 20:34:31
CallbackFormEmailModal
Array
(
    [name] => xrumer23Kip@gmail.com
    [phone] => 84264297815
    [formname] => Обратная связь
)

------------------------

------------------------
02.09.2024 22:20:54
CallbackFormEmailModal
Array
(
    [name] => kitevit70@outlook.com
    [phone] => 87697421326
    [formname] => Обратная связь
)

------------------------
