
------------------------
14.05.2024 0:21:39
CallbackFormEmailModal
Array
(
    [name] => mikeBraivami@gmail.com
    [phone] => 84954651668
    [formname] => Обратная связь
)

------------------------

------------------------
14.05.2024 1:12:56
CallbackFormEmailModal
Array
(
    [name] => pazzjkeqe@hoopsor.online
    [phone] => 86183671743
    [formname] => Обратная связь
)

------------------------

------------------------
14.05.2024 1:51:36
CallbackFormEmailModal
Array
(
    [name] => kkznbcjmtKr@superstomatologpro.ru
    [phone] => 81682332385
    [formname] => Обратная связь
)

------------------------

------------------------
14.05.2024 6:22:28
CallbackFormEmailModal
Array
(
    [name] => smithal.on1.21@gmail.com
    [phone] => 81131479221
    [formname] => Обратная связь
)

------------------------

------------------------
14.05.2024 9:26:49
CallbackFormEmailModal
Array
(
    [name] => ivanova_lc5a8@rambler.ru
    [phone] => 85284439831
    [formname] => Обратная связь
)

------------------------

------------------------
14.05.2024 15:35:26
CallbackFormEmailModal
Array
(
    [name] => 0daymusik23@gmail.com
    [phone] => 87716251647
    [formname] => Обратная связь
)

------------------------

------------------------
14.05.2024 16:00:13
CallbackFormEmailModal
Array
(
    [name] => tchelovekarktiki@yandex.com
    [phone] => 82256992865
    [formname] => Обратная связь
)

------------------------

------------------------
14.05.2024 21:53:47
CallbackFormEmailModal
Array
(
    [name] => 58756418@seo-ul.store
    [phone] => 89759447248
    [formname] => Обратная связь
)

------------------------
