
------------------------
29.08.2022 2:41:18
CallbackFormEmailModal
Array
(
    [name] => andreyvpetrov132435@gmail.com
    [phone] => 81515834697
    [formname] => Обратная связь
)

------------------------

------------------------
29.08.2022 7:48:41
CallbackFormEmailModal
Array
(
    [name] => andreyvpetrov132435@gmail.com
    [phone] => 81677874996
    [formname] => Обратная связь
)

------------------------

------------------------
29.08.2022 22:55:17
CallbackFormEmailModal
Array
(
    [name] => vasilij.kuzmichev.1980@list.ru
    [phone] => 86158621219
    [formname] => Обратная связь
)

------------------------

------------------------
29.08.2022 22:57:32
CallbackEmailModal
Array
(
    [name] => Nasysypep@onymail.xyz
    [phone] => 81168887528
    [comment] => Название продуката: Щелевой канал S60 1.5мм
Комменатрий: Effet Viagra Fertilite <a href=https://iverstromectol.com/>buy stromectol for humans in tijuana</a> Priligy Authentique
    [formname] => Задать вопрос по товару
)

------------------------

------------------------
29.08.2022 23:00:27
CallbackFormEmailModal
Array
(
    [name] => mordvinovmilano+alpg@mail.ru
    [phone] => 82598189393
    [formname] => Обратная связь
)

------------------------
