
------------------------
28.05.2021 0:48:21
CallbackFormEmailModal
Array
(
    [name] => xingil681@mail.ru
    [phone] => 81632196629
    [formname] => Обратная связь
)

------------------------

------------------------
28.05.2021 10:42:13
Order
Array
(
    [name] => обама
    [email] => 
    [phone] => +7-999-999-9999
    [comment] => Стандартный канал S170 2мм, кол-во: 1, цена: 4850руб.
Способ доставки: Самовывоз со склада
Выберите способ оплаты: Оплата наличным

Комментарий к заказу: 

    [formname] => Заказ из корзины
    [fields] => Array
        (
            [price] => 4850
        )

)

------------------------

------------------------
28.05.2021 10:44:05
CallbackFormEmailModal
Array
(
    [name] => Обама
    [phone] => +7(999)999-99-99
    [formname] => Обратная связь
)

------------------------

------------------------
28.05.2021 10:44:22
CallbackFormEmailModal
Array
(
    [name] => обама
    [phone] => +7(999)999-99-99
    [formname] => Обратная связь
)

------------------------

------------------------
28.05.2021 11:17:44
CallbackFormEmailModal
Array
(
    [name] => czubia95swishing95@gmail.com
    [phone] => czubia95swishing95@gmail.com
    [formname] => Обратная связь
)

------------------------

------------------------
28.05.2021 11:17:54
CallbackFormEmailModal
Array
(
    [name] => czubia95swishing95@gmail.com
    [phone] => czubia95swishing95@gmail.com
    [formname] => Обратная связь
)

------------------------

------------------------
28.05.2021 11:18:08
CallbackFormEmailModal
Array
(
    [name] => czubia95swishing95@gmail.com
    [phone] => czubia95swishing95@gmail.com
    [formname] => Обратная связь
)

------------------------

------------------------
28.05.2021 11:18:13
CallbackFormEmailModal
Array
(
    [name] => czubia95swishing95@gmail.com
    [phone] => czubia95swishing95@gmail.com
    [formname] => Обратная связь
)

------------------------

------------------------
28.05.2021 11:18:37
CallbackFormEmailModal
Array
(
    [name] => czubia95swishing95@gmail.com
    [phone] => czubia95swishing95@gmail.com
    [formname] => Обратная связь
)

------------------------

------------------------
28.05.2021 11:18:41
CallbackFormEmailModal
Array
(
    [name] => czubia95swishing95@gmail.com
    [phone] => czubia95swishing95@gmail.com
    [formname] => Обратная связь
)

------------------------

------------------------
28.05.2021 11:18:55
CallbackFormEmailModal
Array
(
    [name] => czubia95swishing95@gmail.com
    [phone] => czubia95swishing95@gmail.com
    [formname] => Обратная связь
)

------------------------

------------------------
28.05.2021 11:19:00
CallbackFormEmailModal
Array
(
    [name] => czubia95swishing95@gmail.com
    [phone] => czubia95swishing95@gmail.com
    [formname] => Обратная связь
)

------------------------

------------------------
28.05.2021 11:19:12
CallbackFormEmailModal
Array
(
    [name] => czubia95swishing95@gmail.com
    [phone] => czubia95swishing95@gmail.com
    [formname] => Обратная связь
)

------------------------

------------------------
28.05.2021 11:19:18
CallbackFormEmailModal
Array
(
    [name] => czubia95swishing95@gmail.com
    [phone] => czubia95swishing95@gmail.com
    [formname] => Обратная связь
)

------------------------

------------------------
28.05.2021 11:20:58
CallbackFormEmailModal
Array
(
    [name] => czubia95swishing95@gmail.com
    [phone] => czubia95swishing95@gmail.com
    [formname] => Обратная связь
)

------------------------

------------------------
28.05.2021 11:21:04
CallbackFormEmailModal
Array
(
    [name] => czubia95swishing95@gmail.com
    [phone] => czubia95swishing95@gmail.com
    [formname] => Обратная связь
)

------------------------

------------------------
28.05.2021 11:21:28
CallbackFormEmailModal
Array
(
    [name] => czubia95swishing95@gmail.com
    [phone] => czubia95swishing95@gmail.com
    [formname] => Обратная связь
)

------------------------

------------------------
28.05.2021 11:21:40
CallbackFormEmailModal
Array
(
    [name] => czubia95swishing95@gmail.com
    [phone] => czubia95swishing95@gmail.com
    [formname] => Обратная связь
)

------------------------

------------------------
28.05.2021 11:22:04
CallbackFormEmailModal
Array
(
    [name] => czubia95swishing95@gmail.com
    [phone] => czubia95swishing95@gmail.com
    [formname] => Обратная связь
)

------------------------

------------------------
28.05.2021 11:22:09
CallbackFormEmailModal
Array
(
    [name] => czubia95swishing95@gmail.com
    [phone] => czubia95swishing95@gmail.com
    [formname] => Обратная связь
)

------------------------

------------------------
28.05.2021 11:22:53
CallbackFormEmailModal
Array
(
    [name] => czubia95swishing95@gmail.com
    [phone] => czubia95swishing95@gmail.com
    [formname] => Обратная связь
)

------------------------

------------------------
28.05.2021 11:22:57
CallbackFormEmailModal
Array
(
    [name] => czubia95swishing95@gmail.com
    [phone] => czubia95swishing95@gmail.com
    [formname] => Обратная связь
)

------------------------

------------------------
28.05.2021 11:23:50
CallbackFormEmailModal
Array
(
    [name] => czubia95swishing95@gmail.com
    [phone] => czubia95swishing95@gmail.com
    [formname] => Обратная связь
)

------------------------

------------------------
28.05.2021 11:23:54
CallbackFormEmailModal
Array
(
    [name] => czubia95swishing95@gmail.com
    [phone] => czubia95swishing95@gmail.com
    [formname] => Обратная связь
)

------------------------

------------------------
28.05.2021 11:24:50
CallbackFormEmailModal
Array
(
    [name] => czubia95swishing95@gmail.com
    [phone] => czubia95swishing95@gmail.com
    [formname] => Обратная связь
)

------------------------

------------------------
28.05.2021 11:24:57
CallbackFormEmailModal
Array
(
    [name] => czubia95swishing95@gmail.com
    [phone] => czubia95swishing95@gmail.com
    [formname] => Обратная связь
)

------------------------

------------------------
28.05.2021 11:56:35
CallbackEmailModal
Array
(
    [name] => Илья
    [phone] => +7(919)009-10-10
    [comment] => Название продуката: Стандартный канал S220 1.5мм
Комменатрий: Добрый день!
Никак не могу найти у вас на сайте сам слив, с чем соединяется Стандартный канал S220 1.5мм? Подбираю себе лоток со сливом в гараж. Не могли бы вы мне помочь 
    [formname] => Задать вопрос по товару
)

------------------------

------------------------
28.05.2021 15:08:55
CallbackFormEmailModal
Array
(
    [name] => moby916010900@inbox.ru
    [phone] => 79771634143
    [formname] => Обратная связь
)

------------------------

------------------------
28.05.2021 23:59:51
CallbackFormEmailModal
Array
(
    [name] => valera.saiva@mail.ru
    [phone] => 87393572259
    [formname] => Обратная связь
)

------------------------
