
------------------------
03.11.2025 0:12:35
CallbackFormEmailModal
Array
(
    [name] => dinanikolskaya99@gmail.com
    [phone] => 83183934683
    [formname] => Обратная связь
)

------------------------

------------------------
03.11.2025 0:38:08
CallbackFormEmailModal
Array
(
    [name] => mike@monkeydigital.co
    [phone] => 83765775828
    [formname] => Обратная связь
)

------------------------

------------------------
03.11.2025 0:49:30
CallbackFormEmailModal
Array
(
    [name] => sergowor.ki.ng7.1.8@gmail.com
    [phone] => 81341351142
    [formname] => Обратная связь
)

------------------------

------------------------
03.11.2025 3:53:00
CallbackFormEmailModal
Array
(
    [name] => boyleanastasia463@gmail.com
    [phone] => 86745415687
    [formname] => Обратная связь
)

------------------------

------------------------
03.11.2025 5:37:39
CallbackFormEmailModal
Array
(
    [name] => kina3axjglime@bk.ru
    [phone] => 88534968152
    [formname] => Обратная связь
)

------------------------

------------------------
03.11.2025 5:37:40
CallbackFormEmailModal
Array
(
    [name] => kskoxim@inbox.ru
    [phone] => 81762763138
    [formname] => Обратная связь
)

------------------------

------------------------
03.11.2025 5:48:39
CallbackFormEmailModal
Array
(
    [name] => dolnovam@mail.ru
    [phone] => 83542741527
    [formname] => Обратная связь
)

------------------------

------------------------
03.11.2025 6:18:23
CallbackFormEmailModal
Array
(
    [name] => naphtloxua-5550@mail.ru
    [phone] => 86198295277
    [formname] => Обратная связь
)

------------------------

------------------------
03.11.2025 6:20:39
CallbackFormEmailModal
Array
(
    [name] => tacusol-6816@mail.ru
    [phone] => 87216647716
    [formname] => Обратная связь
)

------------------------

------------------------
03.11.2025 6:25:43
CallbackFormEmailModal
Array
(
    [name] => pomgmk9oheivabfooksm@list.ru
    [phone] => 88473328448
    [formname] => Обратная связь
)

------------------------

------------------------
03.11.2025 7:16:21
CallbackFormEmailModal
Array
(
    [name] => prosavmobi1981@mail.ru
    [phone] => 83353824891
    [formname] => Обратная связь
)

------------------------

------------------------
03.11.2025 7:22:56
CallbackFormEmailModal
Array
(
    [name] => ilnanmode1973@mail.ru
    [phone] => 83299282192
    [formname] => Обратная связь
)

------------------------

------------------------
03.11.2025 7:44:39
CallbackFormEmailModal
Array
(
    [name] => stasbogeli@mail.ru
    [phone] => 81364855133
    [formname] => Обратная связь
)

------------------------

------------------------
03.11.2025 7:55:50
CallbackFormEmailModal
Array
(
    [name] => ovnterbefjuden6138@mail.ru
    [phone] => 84516997765
    [formname] => Обратная связь
)

------------------------

------------------------
03.11.2025 8:33:29
CallbackFormEmailModal
Array
(
    [name] => gendraducanprohbay@mail.ru
    [phone] => 81194562556
    [formname] => Обратная связь
)

------------------------

------------------------
03.11.2025 8:43:29
CallbackFormEmailModal
Array
(
    [name] => deacren@mail.ru
    [phone] => 85492576777
    [formname] => Обратная связь
)

------------------------

------------------------
03.11.2025 8:45:57
CallbackFormEmailModal
Array
(
    [name] => gunlekingovertcon@mail.ru
    [phone] => 85215393147
    [formname] => Обратная связь
)

------------------------

------------------------
03.11.2025 8:46:28
CallbackFormEmailModal
Array
(
    [name] => martakalinina84@mail.ru
    [phone] => 83793463747
    [formname] => Обратная связь
)

------------------------

------------------------
03.11.2025 8:54:35
CallbackFormEmailModal
Array
(
    [name] => irinaxokalo@mail.ru
    [phone] => 85626164337
    [formname] => Обратная связь
)

------------------------

------------------------
03.11.2025 9:01:01
CallbackFormEmailModal
Array
(
    [name] => @alikando.su|uvl09@alikando.su|t7m20@alikando.su|sv0jh@alikando.su|agsqj@alikando.su|20065@alikando.su|notjd@alikando.su|dr8xm@alikando.su|b3yd3@alikando.su|06x57@alikando.su}
    [phone] => 89493533919
    [formname] => Обратная связь
)

------------------------

------------------------
03.11.2025 9:09:36
CallbackFormEmailModal
Array
(
    [name] => elenaroludo@mail.ru
    [phone] => 86638619349
    [formname] => Обратная связь
)

------------------------

------------------------
03.11.2025 9:22:56
CallbackFormEmailModal
Array
(
    [name] => nifontmarkov1987@mail.ru
    [phone] => 88669865332
    [formname] => Обратная связь
)

------------------------

------------------------
03.11.2025 9:48:46
CallbackFormEmailModal
Array
(
    [name] => polyakovdanila19908366@mail.ru
    [phone] => 81577688163
    [formname] => Обратная связь
)

------------------------

------------------------
03.11.2025 9:55:43
CallbackFormEmailModal
Array
(
    [name] => hrabrgulyaev1996673@mail.ru
    [phone] => 86712883395
    [formname] => Обратная связь
)

------------------------

------------------------
03.11.2025 10:01:31
CallbackFormEmailModal
Array
(
    [name] => y8697345893ou65878rmail@gmail.com
    [phone] => 88823167741
    [formname] => Обратная связь
)

------------------------

------------------------
03.11.2025 10:07:29
CallbackFormEmailModal
Array
(
    [name] => annachusuha@mail.ru
    [phone] => 81431449218
    [formname] => Обратная связь
)

------------------------

------------------------
03.11.2025 10:11:08
CallbackFormEmailModal
Array
(
    [name] => sinevhabibi664@bk.ru
    [phone] => 86297127119
    [formname] => Обратная связь
)

------------------------

------------------------
03.11.2025 10:14:20
CallbackFormEmailModal
Array
(
    [name] => valerakimuvo@mail.ru
    [phone] => 89723581815
    [formname] => Обратная связь
)

------------------------

------------------------
03.11.2025 11:32:34
CallbackFormEmailModal
Array
(
    [name] => rragffddssafffgpfdgfdgjidjharasxaxaxaxa@gmail.com
    [phone] => 83294369656
    [formname] => Обратная связь
)

------------------------

------------------------
03.11.2025 12:41:06
CallbackFormEmailModal
Array
(
    [name] => pestovafivr1985@mail.ru
    [phone] => 83967462439
    [formname] => Обратная связь
)

------------------------

------------------------
03.11.2025 12:49:05
CallbackFormEmailModal
Array
(
    [name] => profconbu_64@mail.ru
    [phone] => 84875785667
    [formname] => Обратная связь
)

------------------------

------------------------
03.11.2025 14:07:24
CallbackFormEmailModal
Array
(
    [name] => south@mail.com
    [phone] => 81237268295
    [formname] => Обратная связь
)

------------------------

------------------------
03.11.2025 15:35:10
CallbackFormEmailModal
Array
(
    [name] => ritterk7rjohann@gmx.com
    [phone] => 86567383452
    [formname] => Обратная связь
)

------------------------

------------------------
03.11.2025 16:12:33
CallbackFormEmailModal
Array
(
    [name] => karzhavinvenegard@mail.ru
    [phone] => 86263155988
    [formname] => Обратная связь
)

------------------------

------------------------
03.11.2025 18:11:08
CallbackFormEmailModal
Array
(
    [name] => andreyy-filimonov@bk.ru
    [phone] => 88445418192
    [formname] => Обратная связь
)

------------------------

------------------------
03.11.2025 18:11:09
CallbackFormEmailModal
Array
(
    [name] => yulyagabipo@mail.ru
    [phone] => 81481621992
    [formname] => Обратная связь
)

------------------------

------------------------
03.11.2025 18:13:12
CallbackFormEmailModal
Array
(
    [name] => aleksandrrapeka@mail.ru
    [phone] => 88419379335
    [formname] => Обратная связь
)

------------------------

------------------------
03.11.2025 18:22:33
CallbackFormEmailModal
Array
(
    [name] => placnacidown1989@mail.ru
    [phone] => 82839649761
    [formname] => Обратная связь
)

------------------------

------------------------
03.11.2025 18:31:37
CallbackFormEmailModal
Array
(
    [name] => gulyabonimo@mail.ru
    [phone] => 82856144598
    [formname] => Обратная связь
)

------------------------

------------------------
03.11.2025 21:21:24
CallbackFormEmailModal
Array
(
    [name] => xroomer1st@gmail.com
    [phone] => 86827515823
    [formname] => Обратная связь
)

------------------------

------------------------
03.11.2025 23:02:17
CallbackFormEmailModal
Array
(
    [name] => doloreswhitton1912@salpingomyu.ru
    [phone] => 82166778497
    [formname] => Обратная связь
)

------------------------

------------------------
03.11.2025 23:22:56
CallbackFormEmailModal
Array
(
    [name] => gohekifatix.5.81@gmail.com
    [phone] => 86828631217
    [formname] => Обратная связь
)

------------------------

------------------------
03.11.2025 23:24:27
CallbackFormEmailModal
Array
(
    [name] => prohor.zlobin.14.11.1987@mail.ru
    [phone] => 85679354723
    [formname] => Обратная связь
)

------------------------

------------------------
03.11.2025 23:32:39
CallbackFormEmailModal
Array
(
    [name] => ivanpoluma@mail.ru
    [phone] => 83673566829
    [formname] => Обратная связь
)

------------------------

------------------------
03.11.2025 23:38:10
CallbackFormEmailModal
Array
(
    [name] => waai8stccwnc@mail.ru
    [phone] => 85357184973
    [formname] => Обратная связь
)

------------------------
