
------------------------
29.10.2024 5:43:52
CallbackFormEmailModal
Array
(
    [name] => backralerrealp1974@op.pl
    [phone] => 81622686798
    [formname] => Обратная связь
)

------------------------

------------------------
29.10.2024 8:20:20
CallbackFormEmailModal
Array
(
    [name] => falxiyglinmit1985@op.pl
    [phone] => 81868639388
    [formname] => Обратная связь
)

------------------------

------------------------
29.10.2024 11:42:31
CallbackFormEmailModal
Array
(
    [name] => esfgczjmyqeimg1965@onet.pl
    [phone] => 88571585465
    [formname] => Обратная связь
)

------------------------

------------------------
29.10.2024 13:28:08
CallbackFormEmailModal
Array
(
    [name] => Глеб
    [phone] => +7(900)373-52-28
    [formname] => Обратная связь
)

------------------------

------------------------
29.10.2024 13:51:16
CallbackFormEmailModal
Array
(
    [name] => blintamraged1973@op.pl
    [phone] => 83816867266
    [formname] => Обратная связь
)

------------------------

------------------------
29.10.2024 14:12:10
CallbackFormEmailModal
Array
(
    [name] => polevskaya-liza@yandex.ru
    [phone] => 81666896286
    [formname] => Обратная связь
)

------------------------

------------------------
29.10.2024 14:17:34
CallbackFormEmailModal
Array
(
    [name] => halcheni1990@mail.ru
    [phone] => 82948946943
    [formname] => Обратная связь
)

------------------------

------------------------
29.10.2024 14:21:05
CallbackFormEmailModal
Array
(
    [name] => eprovbelwha@mail.ru
    [phone] => 87431492485
    [formname] => Обратная связь
)

------------------------

------------------------
29.10.2024 14:36:37
CallbackFormEmailModal
Array
(
    [name] => olaqexcal1975@op.pl
    [phone] => 86377962855
    [formname] => Обратная связь
)

------------------------

------------------------
29.10.2024 14:45:25
CallbackFormEmailModal
Array
(
    [name] => xrumer23Kip@ro.com
    [phone] => 89563975159
    [formname] => Обратная связь
)

------------------------

------------------------
29.10.2024 15:44:16
CallbackFormEmailModal
Array
(
    [name] => mikexxxx@gmail.com
    [phone] => 87551474421
    [formname] => Обратная связь
)

------------------------

------------------------
29.10.2024 20:06:41
Order
Array
(
    [name] => Капустин
    [email] => 
    [phone] => +7-968-843-2878
    [comment] => Прессованный  настил P 33х11/30х2 Zn 1000х1000 мм, кол-во: 1, цена: 6820руб.
Способ доставки: Самовывоз со склада
Выберите способ оплаты: Оплата на расчетный счет организации

Комментарий к заказу: 
Нужно 300шт. 
    [formname] => Заказ из корзины
    [fields] => Array
        (
            [price] => 675180
        )

)

------------------------

------------------------
29.10.2024 21:45:34
CallbackFormEmailModal
Array
(
    [name] => denilumi1975@op.pl
    [phone] => 86657355774
    [formname] => Обратная связь
)

------------------------

------------------------
29.10.2024 22:45:51
CallbackFormEmailModal
Array
(
    [name] => c.h.ebak.uli.n.a.ka.r.a.sev.n.a@gmail.com
    [phone] => 87462682534
    [formname] => Обратная связь
)

------------------------
