
------------------------
01.09.2023 1:14:11
CallbackFormEmailModal
Array
(
    [name] => marcotaf@icloud.com
    [phone] => 82751886499
    [formname] => Обратная связь
)

------------------------

------------------------
01.09.2023 3:36:40
CallbackFormEmailModal
Array
(
    [name] => everestinvest@bk.ru
    [phone] => +74954766662
    [formname] => Обратная связь
)

------------------------

------------------------
01.09.2023 6:25:46
CallbackFormEmailModal
Array
(
    [name] => galmountain@yandex.ru
    [phone] => 85116291612
    [formname] => Обратная связь
)

------------------------

------------------------
01.09.2023 7:29:26
CallbackFormEmailModal
Array
(
    [name] => vqjhobrt@mail.ru
    [phone] => +791234567706
    [formname] => Обратная связь
)

------------------------

------------------------
01.09.2023 10:19:08
CallbackFormEmailModal
Array
(
    [name] => protucorbar198036@rambler.ru
    [phone] => +78945612389
    [formname] => Обратная связь
)

------------------------

------------------------
01.09.2023 10:21:33
CallbackFormEmailModal
Array
(
    [name] => lion.pirogoff@yandex.ru
    [phone] => 85778896615
    [formname] => Обратная связь
)

------------------------

------------------------
01.09.2023 11:11:45
CallbackFormEmailModal
Array
(
    [name] => 5000kzaim@mail.ru
    [phone] => 82646887645
    [formname] => Обратная связь
)

------------------------

------------------------
01.09.2023 12:58:57
CallbackFormEmailModal
Array
(
    [name] => anna@alexhost.site
    [phone] => 85666262975
    [formname] => Обратная связь
)

------------------------

------------------------
01.09.2023 18:26:06
CallbackFormEmailModal
Array
(
    [name] => recog1982@rambler.ua
    [phone] => 83884649962
    [formname] => Обратная связь
)

------------------------

------------------------
01.09.2023 19:10:29
CallbackFormEmailModal
Array
(
    [name] => mikael270@mail.ru
    [phone] => 86168371739
    [formname] => Обратная связь
)

------------------------

------------------------
01.09.2023 20:24:25
CallbackFormEmailModal
Array
(
    [name] => karinaKapy@outamyhead.com
    [phone] => 83691197381
    [formname] => Обратная связь
)

------------------------

------------------------
01.09.2023 23:03:29
CallbackFormEmailModal
Array
(
    [name] => alfredegov@gmail.com
    [phone] => 83987443947
    [formname] => Обратная связь
)

------------------------
