
------------------------
15.08.2023 8:12:54
CallbackFormEmailModal
Array
(
    [name] => agnessavolkova@seobomba.com
    [phone] => 81671794794
    [formname] => Обратная связь
)

------------------------

------------------------
15.08.2023 9:27:37
CallbackFormEmailModal
Array
(
    [name] => marketing@bloombergnewstoday.com
    [phone] => 82279668144
    [formname] => Обратная связь
)

------------------------

------------------------
15.08.2023 15:40:17
CallbackFormEmailModal
Array
(
    [name] => alina@posti8.site
    [phone] => 81545188346
    [formname] => Обратная связь
)

------------------------

------------------------
15.08.2023 16:22:52
CallbackFormEmailModal
Array
(
    [name] => kgm07995spmawgf@rambler.ru
    [phone] => 82629153166
    [formname] => Обратная связь
)

------------------------

------------------------
15.08.2023 17:15:59
CallbackFormEmailModal
Array
(
    [name] => 3bmrxpepfr23cz4@rambler.ru
    [phone] => 89895163968
    [formname] => Обратная связь
)

------------------------

------------------------
15.08.2023 23:24:22
CallbackFormEmailModal
Array
(
    [name] => mikesuinuts@gmail.com
    [phone] => 86184272894
    [formname] => Обратная связь
)

------------------------

------------------------
15.08.2023 23:56:23
CallbackFormEmailModal
Array
(
    [name] => Shane Quintanilla
    [phone] => +79775360836
    [formname] => Обратная связь
)

------------------------
