
------------------------
04.11.2025 0:26:50
CallbackFormEmailModal
Array
(
    [name] => bessiemartin1954@salpingomyu.ru
    [phone] => 85547388399
    [formname] => Обратная связь
)

------------------------

------------------------
04.11.2025 1:46:10
CallbackFormEmailModal
Array
(
    [name] => werso0254iu@rambler.ru
    [phone] => 82793367416
    [formname] => Обратная связь
)

------------------------

------------------------
04.11.2025 3:08:40
CallbackFormEmailModal
Array
(
    [name] => thielekc4uhelmut@gmx.com
    [phone] => 88236667923
    [formname] => Обратная связь
)

------------------------

------------------------
04.11.2025 5:14:24
CallbackFormEmailModal
Array
(
    [name] => ponomaryov.borya.1983@bk.ru
    [phone] => 81117344778
    [formname] => Обратная связь
)

------------------------

------------------------
04.11.2025 5:22:42
CallbackFormEmailModal
Array
(
    [name] => galyazafuna@mail.ru
    [phone] => 89449165413
    [formname] => Обратная связь
)

------------------------

------------------------
04.11.2025 5:55:21
CallbackFormEmailModal
Array
(
    [name] => veronika.goryunova.06.09.2001@mail.ru
    [phone] => 88299931592
    [formname] => Обратная связь
)

------------------------

------------------------
04.11.2025 6:28:18
CallbackFormEmailModal
Array
(
    [name] => w.o.od.f.o.rd.jame.s.on4.@gmail.com
    [phone] => 85491311952
    [formname] => Обратная связь
)

------------------------

------------------------
04.11.2025 6:45:42
CallbackFormEmailModal
Array
(
    [name] => valentinamilusa@mail.ru
    [phone] => 81391132882
    [formname] => Обратная связь
)

------------------------

------------------------
04.11.2025 8:05:20
CallbackFormEmailModal
Array
(
    [name] => rerkgeemong98@mail.ru
    [phone] => 82736732682
    [formname] => Обратная связь
)

------------------------

------------------------
04.11.2025 10:38:52
CallbackFormEmailModal
Array
(
    [name] => sergowor.ki.ng.718@gmail.com
    [phone] => 81233379157
    [formname] => Обратная связь
)

------------------------

------------------------
04.11.2025 10:39:33
CallbackFormEmailModal
Array
(
    [name] => pomgmk9oheivabfooksm@list.ru
    [phone] => 84332585751
    [formname] => Обратная связь
)

------------------------

------------------------
04.11.2025 13:57:29
CallbackFormEmailModal
Array
(
    [name] => postsaddtaliretneu@mail.ru
    [phone] => 87958998199
    [formname] => Обратная связь
)

------------------------

------------------------
04.11.2025 14:20:10
CallbackFormEmailModal
Array
(
    [name] => elisebnnet@gmail.com
    [phone] => 86278598269
    [formname] => Обратная связь
)

------------------------

------------------------
04.11.2025 14:40:03
CallbackFormEmailModal
Array
(
    [name] => fqetaa7zd@mozmail.com
    [phone] => 89264886537
    [formname] => Обратная связь
)

------------------------

------------------------
04.11.2025 19:19:58
CallbackFormEmailModal
Array
(
    [name] => akindinkudryashov6842@mail.ru
    [phone] => 85371194259
    [formname] => Обратная связь
)

------------------------

------------------------
04.11.2025 21:10:46
CallbackFormEmailModal
Array
(
    [name] => sergowor.ki.ng.71.8@gmail.com
    [phone] => 86417869421
    [formname] => Обратная связь
)

------------------------

------------------------
04.11.2025 23:10:11
CallbackFormEmailModal
Array
(
    [name] => yourmail@gmail.com
    [phone] => 84183752567
    [formname] => Обратная связь
)

------------------------
