
------------------------
27.11.2022 5:30:10
CallbackFormEmailModal
Array
(
    [name] => dima.casin@bk.ru
    [phone] => 853994001458
    [formname] => Обратная связь
)

------------------------

------------------------
27.11.2022 8:50:58
CallbackFormEmailModal
Array
(
    [name] => Eric Jones
    [phone] => 555-555-1212
    [formname] => Обратная связь
)

------------------------

------------------------
27.11.2022 9:05:59
CallbackFormEmailModal
Array
(
    [name] => ddavvisma.rc.o@gmail.com
    [phone] => 86497486498
    [formname] => Обратная связь
)

------------------------

------------------------
27.11.2022 9:05:59
CallbackFormEmailModal
Array
(
    [name] => kka.shhurr.ley@gmail.com
    [phone] => 84629367586
    [formname] => Обратная связь
)

------------------------

------------------------
27.11.2022 9:20:51
CallbackFormEmailModal
Array
(
    [name] => ka.iru.ssell0098@gmail.com
    [phone] => 82228865494
    [formname] => Обратная связь
)

------------------------

------------------------
27.11.2022 11:04:32
CallbackFormEmailModal
Array
(
    [name] => r.a.c.h.e.l.moralese@gmail.com
    [phone] => 88935615855
    [formname] => Обратная связь
)

------------------------

------------------------
27.11.2022 11:13:49
CallbackFormEmailModal
Array
(
    [name] => newsr@internet.ru
    [phone] => +71231234567
    [formname] => Обратная связь
)

------------------------

------------------------
27.11.2022 13:46:22
CallbackFormEmailModal
Array
(
    [name] => sljxyxyxx@ertilenvire.online
    [phone] => 82461564345
    [formname] => Обратная связь
)

------------------------

------------------------
27.11.2022 13:46:55
CallbackFormEmailModal
Array
(
    [name] => aydklmbhq@backcontdras.online
    [phone] => 87393935121
    [formname] => Обратная связь
)

------------------------

------------------------
27.11.2022 13:47:28
CallbackFormEmailModal
Array
(
    [name] => ir.ina.mas.lovic@gmail.com
    [phone] => 85271474724
    [formname] => Обратная связь
)

------------------------

------------------------
27.11.2022 15:51:44
CallbackFormEmailModal
Array
(
    [name] => demianw.vladimirovtxt@mail.ru
    [phone] => 88295735537
    [formname] => Обратная связь
)

------------------------

------------------------
27.11.2022 17:23:15
CallbackFormEmailModal
Array
(
    [name] => newsr@internet.ru
    [phone] => +71231234567
    [formname] => Обратная связь
)

------------------------

------------------------
27.11.2022 21:10:56
CallbackFormEmailModal
Array
(
    [name] => anikamendibles467@zlot555.com
    [phone] => 89833133986
    [formname] => Обратная связь
)

------------------------

------------------------
27.11.2022 21:50:18
CallbackFormEmailModal
Array
(
    [name] => bofkl@course-fitness.com
    [phone] => 86773289299
    [formname] => Обратная связь
)

------------------------

------------------------
27.11.2022 22:22:32
CallbackFormEmailModal
Array
(
    [name] => nikolair.kulakovcin@mail.ru
    [phone] => 83812482116
    [formname] => Обратная связь
)

------------------------

------------------------
27.11.2022 23:46:14
CallbackFormEmailModal
Array
(
    [name] => arkhipd.subbotinavd@mail.ru
    [phone] => 82112323299
    [formname] => Обратная связь
)

------------------------
