
------------------------
03.02.2024 0:24:20
CallbackFormEmailModal
Array
(
    [name] => moscow@meteo.gold
    [phone] => 84477966889
    [formname] => Обратная связь
)

------------------------

------------------------
03.02.2024 1:22:45
CallbackFormEmailModal
Array
(
    [name] => charly89@33pop.site
    [phone] => 85886572121
    [formname] => Обратная связь
)

------------------------

------------------------
03.02.2024 1:34:03
CallbackFormEmailModal
Array
(
    [name] => aq92aqa@rambler.ru
    [phone] => 88558918252
    [formname] => Обратная связь
)

------------------------

------------------------
03.02.2024 6:46:53
CallbackFormEmailModal
Array
(
    [name] => adm11@kiev-therm.com.ua
    [phone] => 83284615955
    [formname] => Обратная связь
)

------------------------

------------------------
03.02.2024 7:06:09
CallbackFormEmailModal
Array
(
    [name] => ouritinaz@mailcos.site

    [phone] => 88859953238
    [formname] => Обратная связь
)

------------------------

------------------------
03.02.2024 7:57:49
CallbackFormEmailModal
Array
(
    [name] => callvisvetlana@list.ru
    [phone] => 85552888943
    [formname] => Обратная связь
)

------------------------

------------------------
03.02.2024 10:25:47
CallbackFormEmailModal
Array
(
    [name] => aq93aqa@rambler.ru
    [phone] => 88491275251
    [formname] => Обратная связь
)

------------------------

------------------------
03.02.2024 13:10:14
CallbackFormEmailModal
Array
(
    [name] => mech.1972.1218@gmail.com
    [phone] => 88287397254
    [formname] => Обратная связь
)

------------------------

------------------------
03.02.2024 13:36:30
CallbackFormEmailModal
Array
(
    [name] => harriskyla1578@outlook.com
    [phone] => 88513937457
    [formname] => Обратная связь
)

------------------------

------------------------
03.02.2024 16:03:15
CallbackFormEmailModal
Array
(
    [name] => arlaetchison76@hotmail.com
    [phone] => 88588211723
    [formname] => Обратная связь
)

------------------------

------------------------
03.02.2024 18:10:50
CallbackFormEmailModal
Array
(
    [name] => lucido.leinteract@gmail.com
    [phone] => 87144593175
    [formname] => Обратная связь
)

------------------------

------------------------
03.02.2024 19:35:54
CallbackFormEmailModal
Array
(
    [name] => voksinanton116@gmail.com
    [phone] => 82142682126
    [formname] => Обратная связь
)

------------------------

------------------------
03.02.2024 22:07:28
CallbackFormEmailModal
Array
(
    [name] => fedorj67moi@outlook.com
    [phone] => 85917139346
    [formname] => Обратная связь
)

------------------------
