
------------------------
23.03.2024 1:09:59
CallbackFormEmailModal
Array
(
    [name] => utcharismist198769@rambler.ru
    [phone] => +71234567123
    [formname] => Обратная связь
)

------------------------

------------------------
23.03.2024 1:15:22
CallbackFormEmailModal
Array
(
    [name] => seoKip@gmail.com
    [phone] => 87227267957
    [formname] => Обратная связь
)

------------------------

------------------------
23.03.2024 4:36:47
CallbackFormEmailModal
Array
(
    [name] => inet4747@outlook.com
    [phone] => 86684885359
    [formname] => Обратная связь
)

------------------------

------------------------
23.03.2024 4:36:48
CallbackFormEmailModal
Array
(
    [name] => inet4747@outlook.com
    [phone] => 88798737243
    [formname] => Обратная связь
)

------------------------

------------------------
23.03.2024 5:48:56
CallbackFormEmailModal
Array
(
    [name] => 43309121@seo-ul.store
    [phone] => 83184568432
    [formname] => Обратная связь
)

------------------------

------------------------
23.03.2024 7:59:26
CallbackFormEmailModal
Array
(
    [name] => ovtinonra@mail3go.ru

    [phone] => 85939637897
    [formname] => Обратная связь
)

------------------------

------------------------
23.03.2024 8:08:58
CallbackFormEmailModal
Array
(
    [name] => gajxfvcrgkqcqkbr@onet.pl
    [phone] => 87352435762
    [formname] => Обратная связь
)

------------------------

------------------------
23.03.2024 9:21:55
CallbackFormEmailModal
Array
(
    [name] => peterAlburnern@gmail.com
    [phone] => 87378311769
    [formname] => Обратная связь
)

------------------------

------------------------
23.03.2024 9:32:48
CallbackFormEmailModal
Array
(
    [name] => qsudfkjmzfqnejvj@onet.pl
    [phone] => 83393253611
    [formname] => Обратная связь
)

------------------------

------------------------
23.03.2024 13:27:33
CallbackFormEmailModal
Array
(
    [name] => inet4747@outlook.com
    [phone] => 85756767367
    [formname] => Обратная связь
)

------------------------

------------------------
23.03.2024 16:41:42
CallbackFormEmailModal
Array
(
    [name] => les.te.r.kir.k3df.fb@gmail.com
    [phone] => 82228512584
    [formname] => Обратная связь
)

------------------------

------------------------
23.03.2024 17:16:51
CallbackFormEmailModal
Array
(
    [name] => reocaparpa1981@mailopenz.com
    [phone] => 85315545112
    [formname] => Обратная связь
)

------------------------

------------------------
23.03.2024 17:24:37
CallbackFormEmailModal
Array
(
    [name] => thenewsstodayy@gmail.com
    [phone] => 81693536221
    [formname] => Обратная связь
)

------------------------

------------------------
23.03.2024 19:14:00
CallbackFormEmailModal
Array
(
    [name] => info@casino-slot-game.com
    [phone] => 86712473946
    [formname] => Обратная связь
)

------------------------

------------------------
23.03.2024 21:11:17
CallbackFormEmailModal
Array
(
    [name] => leavawence@gmail.com
    [phone] => 84675473716
    [formname] => Обратная связь
)

------------------------

------------------------
23.03.2024 21:41:16
CallbackFormEmailModal
Array
(
    [name] => julioj5_browne2@outlook.com
    [phone] => 89792964565
    [formname] => Обратная связь
)

------------------------
