
------------------------
27.02.2025 1:17:01
CallbackFormEmailModal
Array
(
    [name] => nbacbmji@sabesmail.com
    [phone] => 86161918458
    [formname] => Обратная связь
)

------------------------

------------------------
27.02.2025 3:17:39
CallbackFormEmailModal
Array
(
    [name] => locmybmbcka@rudiplomust.com
    [phone] => 86726873697
    [formname] => Обратная связь
)

------------------------

------------------------
27.02.2025 7:30:41
CallbackFormEmailModal
Array
(
    [name] => howyyncxy@bk.ru
    [phone] => 83927596413
    [formname] => Обратная связь
)

------------------------

------------------------
27.02.2025 7:50:21
CallbackFormEmailModal
Array
(
    [name] => gunlekingovertcon@mail.ru
    [phone] => 83124867771
    [formname] => Обратная связь
)

------------------------

------------------------
27.02.2025 8:19:34
CallbackFormEmailModal
Array
(
    [name] => taelivihohtoca@mail.ru
    [phone] => 87988391255
    [formname] => Обратная связь
)

------------------------

------------------------
27.02.2025 8:19:45
CallbackFormEmailModal
Array
(
    [name] => mark.moshchenskiy.90@mail.ru
    [phone] => 88485365263
    [formname] => Обратная связь
)

------------------------

------------------------
27.02.2025 8:23:45
CallbackFormEmailModal
Array
(
    [name] => barbariska8912@gmail.com
    [phone] => 88394225554
    [formname] => Обратная связь
)

------------------------

------------------------
27.02.2025 8:36:26
CallbackFormEmailModal
Array
(
    [name] => osipova.liliia.1986.22.12@inbox.ru
    [phone] => 87371791462
    [formname] => Обратная связь
)

------------------------

------------------------
27.02.2025 9:03:07
CallbackFormEmailModal
Array
(
    [name] => nifontmarkov1987@mail.ru
    [phone] => 85768887831
    [formname] => Обратная связь
)

------------------------

------------------------
27.02.2025 9:11:14
CallbackFormEmailModal
Array
(
    [name] => danilovavita9@mail.ru
    [phone] => 85258897884
    [formname] => Обратная связь
)

------------------------

------------------------
27.02.2025 10:04:49
CallbackFormEmailModal
Array
(
    [name] => mickeycaf@bk.ru:50xa5mmm4
    [phone] => 85552145828
    [formname] => Обратная связь
)

------------------------

------------------------
27.02.2025 10:44:12
CallbackFormEmailModal
Array
(
    [name] => sheveleva-alisa@bk.ru
    [phone] => 86875369911
    [formname] => Обратная связь
)

------------------------

------------------------
27.02.2025 11:08:27
CallbackFormEmailModal
Array
(
    [name] => stapuntril1990@mail.ru
    [phone] => 87281329571
    [formname] => Обратная связь
)

------------------------

------------------------
27.02.2025 11:51:48
CallbackFormEmailModal
Array
(
    [name] => postaa2@sparkgames.ru
    [phone] => 81623234361
    [formname] => Обратная связь
)

------------------------

------------------------
27.02.2025 13:25:08
CallbackFormEmailModal
Array
(
    [name] => woodbpurne1983@mail.ru
    [phone] => 81799642251
    [formname] => Обратная связь
)

------------------------

------------------------
27.02.2025 14:14:24
CallbackFormEmailModal
Array
(
    [name] => placnacidown1989@mail.ru
    [phone] => 85117478628
    [formname] => Обратная связь
)

------------------------

------------------------
27.02.2025 14:49:24
CallbackFormEmailModal
Array
(
    [name] => howyyncxy@bk.ru
    [phone] => 88582798978
    [formname] => Обратная связь
)

------------------------

------------------------
27.02.2025 14:59:41
CallbackFormEmailModal
Array
(
    [name] => hodiaksfgel@rudiplomust.com
    [phone] => 82992641719
    [formname] => Обратная связь
)

------------------------

------------------------
27.02.2025 15:44:28
CallbackFormEmailModal
Array
(
    [name] => kozlovvarlen19782037@mail.ru
    [phone] => 88647332643
    [formname] => Обратная связь
)

------------------------

------------------------
27.02.2025 16:17:21
CallbackFormEmailModal
Array
(
    [name] => ocopesuq299@gmail.com
    [phone] => 83432587477
    [formname] => Обратная связь
)

------------------------

------------------------
27.02.2025 17:29:05
CallbackFormEmailModal
Array
(
    [name] => bcnzrizkael@rudiplomust.com
    [phone] => 87788911634
    [formname] => Обратная связь
)

------------------------

------------------------
27.02.2025 17:29:05
CallbackFormEmailModal
Array
(
    [name] => dzlmmradxel@rudiplomust.com
    [phone] => 84967384819
    [formname] => Обратная связь
)

------------------------

------------------------
27.02.2025 18:40:26
CallbackFormEmailModal
Array
(
    [name] => ignatevipatii19908014@mail.ru
    [phone] => 85377763587
    [formname] => Обратная связь
)

------------------------

------------------------
27.02.2025 18:46:09
CallbackFormEmailModal
Array
(
    [name] => pavel.sitdikov.88@mail.ru
    [phone] => 89939148651
    [formname] => Обратная связь
)

------------------------

------------------------
27.02.2025 18:48:24
CallbackFormEmailModal
Array
(
    [name] => dpiywnjycel@rudiplomust.com
    [phone] => 82818282782
    [formname] => Обратная связь
)

------------------------

------------------------
27.02.2025 20:17:51
CallbackFormEmailModal
Array
(
    [name] => arturgorz2o3@bk.ru
    [phone] => 83634457896
    [formname] => Обратная связь
)

------------------------

------------------------
27.02.2025 20:30:23
CallbackFormEmailModal
Array
(
    [name] => psincurousenlepen@mail.ru
    [phone] => 83461413987
    [formname] => Обратная связь
)

------------------------

------------------------
27.02.2025 20:44:28
CallbackFormEmailModal
Array
(
    [name] => mamedov.edgar.1992.3.3@inbox.ru
    [phone] => 81577716345
    [formname] => Обратная связь
)

------------------------

------------------------
27.02.2025 22:18:30
CallbackFormEmailModal
Array
(
    [name] => yalalchokha@gmail.com
    [phone] => 86132217714
    [formname] => Обратная связь
)

------------------------

------------------------
27.02.2025 22:24:09
CallbackFormEmailModal
Array
(
    [name] => arkadama@rbrmarket.ru
    [phone] => 88945842348
    [formname] => Обратная связь
)

------------------------

------------------------
27.02.2025 23:15:28
CallbackFormEmailModal
Array
(
    [name] => eepovda@bk.ru
    [phone] => 87561252671
    [formname] => Обратная связь
)

------------------------

------------------------
27.02.2025 23:43:52
CallbackFormEmailModal
Array
(
    [name] => kvkooxltaei@rudiplomust.com
    [phone] => 85851313767
    [formname] => Обратная связь
)

------------------------
