
------------------------
14.06.2025 0:05:44
CallbackFormEmailModal
Array
(
    [name] => yourmail@gmail.com
    [phone] => 81987687897
    [formname] => Обратная связь
)

------------------------

------------------------
14.06.2025 2:51:58
CallbackFormEmailModal
Array
(
    [name] => i2m16odb@21cn.com
    [phone] => 85494665846
    [formname] => Обратная связь
)

------------------------

------------------------
14.06.2025 4:10:31
CallbackFormEmailModal
Array
(
    [name] => yourmail@gmail.com
    [phone] => 82234627756
    [formname] => Обратная связь
)

------------------------

------------------------
14.06.2025 8:19:46
CallbackFormEmailModal
Array
(
    [name] => igor_trofimov_1979@mail.ru
    [phone] => 89681631938
    [formname] => Обратная связь
)

------------------------

------------------------
14.06.2025 8:24:36
CallbackFormEmailModal
Array
(
    [name] => johnbird1908@atomistifml.com
    [phone] => 82468133798
    [formname] => Обратная связь
)

------------------------

------------------------
14.06.2025 8:53:39
CallbackFormEmailModal
Array
(
    [name] => secberconla1986@mail.ru
    [phone] => 81646133985
    [formname] => Обратная связь
)

------------------------

------------------------
14.06.2025 8:58:54
CallbackFormEmailModal
Array
(
    [name] => frankfodia@pleasewait.icu
    [phone] => 81485643695
    [formname] => Обратная связь
)

------------------------

------------------------
14.06.2025 9:39:47
CallbackFormEmailModal
Array
(
    [name] => juncpecni1980@mail.ru
    [phone] => 81626142715
    [formname] => Обратная связь
)

------------------------

------------------------
14.06.2025 9:48:12
CallbackFormEmailModal
Array
(
    [name] => tipanasotemthia@mail.ru
    [phone] => 87565565653
    [formname] => Обратная связь
)

------------------------

------------------------
14.06.2025 10:33:22
CallbackFormEmailModal
Array
(
    [name] => rais.shchigelskaya2002@mail.ru
    [phone] => 83421674745
    [formname] => Обратная связь
)

------------------------

------------------------
14.06.2025 13:08:37
CallbackFormEmailModal
Array
(
    [name] => kozlovvarlen19782037@mail.ru
    [phone] => 85262856975
    [formname] => Обратная связь
)

------------------------

------------------------
14.06.2025 13:58:00
CallbackFormEmailModal
Array
(
    [name] => charleskable@mail.ru
    [phone] => 82197985185
    [formname] => Обратная связь
)

------------------------

------------------------
14.06.2025 15:32:52
CallbackFormEmailModal
Array
(
    [name] => 117@kirisbyforum.fun
    [phone] => 85125756278
    [formname] => Обратная связь
)

------------------------

------------------------
14.06.2025 17:26:57
CallbackFormEmailModal
Array
(
    [name] => profconbu_64@mail.ru
    [phone] => 89627662774
    [formname] => Обратная связь
)

------------------------

------------------------
14.06.2025 17:35:35
CallbackFormEmailModal
Array
(
    [name] => pencucon_97@mail.ru
    [phone] => 87871511578
    [formname] => Обратная связь
)

------------------------

------------------------
14.06.2025 17:43:34
CallbackFormEmailModal
Array
(
    [name] => eprovbelwha@mail.ru
    [phone] => 86417326485
    [formname] => Обратная связь
)

------------------------

------------------------
14.06.2025 17:44:59
CallbackFormEmailModal
Array
(
    [name] => arturgorz2o3@bk.ru
    [phone] => 87336931729
    [formname] => Обратная связь
)

------------------------

------------------------
14.06.2025 17:58:09
CallbackFormEmailModal
Array
(
    [name] => martakalinina84@mail.ru
    [phone] => 87273441435
    [formname] => Обратная связь
)

------------------------

------------------------
14.06.2025 18:09:03
CallbackFormEmailModal
Array
(
    [name] => combontsegal37@mail.ru
    [phone] => 85465788638
    [formname] => Обратная связь
)

------------------------

------------------------
14.06.2025 18:15:10
CallbackFormEmailModal
Array
(
    [name] => deacren@mail.ru
    [phone] => 88353179714
    [formname] => Обратная связь
)

------------------------

------------------------
14.06.2025 18:21:44
CallbackFormEmailModal
Array
(
    [name] => halcheni1990@mail.ru
    [phone] => 83555239637
    [formname] => Обратная связь
)

------------------------

------------------------
14.06.2025 18:28:04
CallbackFormEmailModal
Array
(
    [name] => naphtloxua-5550@mail.ru
    [phone] => 86472589346
    [formname] => Обратная связь
)

------------------------

------------------------
14.06.2025 18:35:45
CallbackFormEmailModal
Array
(
    [name] => chofitensatomar@mail.ru
    [phone] => 82956998169
    [formname] => Обратная связь
)

------------------------

------------------------
14.06.2025 18:40:15
CallbackFormEmailModal
Array
(
    [name] => anya.genger@mail.ru
    [phone] => 85584293372
    [formname] => Обратная связь
)

------------------------

------------------------
14.06.2025 18:50:22
CallbackFormEmailModal
Array
(
    [name] => mamedov.edgar.1992.3.3@inbox.ru
    [phone] => 87867178133
    [formname] => Обратная связь
)

------------------------

------------------------
14.06.2025 18:53:51
CallbackFormEmailModal
Array
(
    [name] => dzhavgorat-tashdemirov1981@mail.ru
    [phone] => 84346952951
    [formname] => Обратная связь
)

------------------------

------------------------
14.06.2025 19:14:31
CallbackFormEmailModal
Array
(
    [name] => zfdgg8ijjklgvfdgb@gmail.com
    [phone] => 83894117675
    [formname] => Обратная связь
)

------------------------

------------------------
14.06.2025 19:31:10
CallbackFormEmailModal
Array
(
    [name] => yaroslav.sevastyanov.1988@mail.ru
    [phone] => 82382435987
    [formname] => Обратная связь
)

------------------------

------------------------
14.06.2025 19:43:44
CallbackFormEmailModal
Array
(
    [name] => anna_sokolova_24600@mail.ru
    [phone] => 88626269289
    [formname] => Обратная связь
)

------------------------

------------------------
14.06.2025 19:46:54
CallbackFormEmailModal
Array
(
    [name] => seimymavig1983@mail.ru
    [phone] => 83164554817
    [formname] => Обратная связь
)

------------------------

------------------------
14.06.2025 19:55:00
CallbackFormEmailModal
Array
(
    [name] => valeriakikhtenko1.9.9.6@gmail.com
    [phone] => 81464678351
    [formname] => Обратная связь
)

------------------------

------------------------
14.06.2025 21:51:48
CallbackFormEmailModal
Array
(
    [name] => higbiosepo1986@mail.ru
    [phone] => 86475556462
    [formname] => Обратная связь
)

------------------------
