
------------------------
30.03.2026 5:26:34
CallbackFormEmailModal
Array
(
    [name] => yaroslav.sevastyanov.1988@mail.ru
    [phone] => 86842282511
    [formname] => Обратная связь
)

------------------------

------------------------
30.03.2026 5:34:35
CallbackFormEmailModal
Array
(
    [name] => ivanfuvuso@mail.ru
    [phone] => 87174485326
    [formname] => Обратная связь
)

------------------------

------------------------
30.03.2026 6:10:21
CallbackFormEmailModal
Array
(
    [name] => margarita.stolyarova.26.05.1995@mail.ru
    [phone] => 85346315519
    [formname] => Обратная связь
)

------------------------

------------------------
30.03.2026 6:18:19
CallbackFormEmailModal
Array
(
    [name] => prosavmobi1981@mail.ru
    [phone] => 83816118282
    [formname] => Обратная связь
)

------------------------

------------------------
30.03.2026 7:06:40
CallbackFormEmailModal
Array
(
    [name] => metisdermen1984@rambler.ru
    [phone] => 85432879218
    [formname] => Обратная связь
)

------------------------

------------------------
30.03.2026 7:44:37
CallbackFormEmailModal
Array
(
    [name] => tacusol-6816@mail.ru
    [phone] => 86174782537
    [formname] => Обратная связь
)

------------------------

------------------------
30.03.2026 7:50:43
CallbackFormEmailModal
Array
(
    [name] => margarita.stolyarova.26.05.1995@mail.ru
    [phone] => 85496615725
    [formname] => Обратная связь
)

------------------------

------------------------
30.03.2026 7:57:43
CallbackFormEmailModal
Array
(
    [name] => waai8stccwnc@mail.ru
    [phone] => 82121694191
    [formname] => Обратная связь
)

------------------------

------------------------
30.03.2026 18:30:25
CallbackFormEmailModal
Array
(
    [name] => alximikkobra9@emailn.de
    [phone] => 81391622119
    [formname] => Обратная связь
)

------------------------

------------------------
30.03.2026 19:26:26
CallbackFormEmailModal
Array
(
    [name] => ninavochujo@mail.ru
    [phone] => 82438766967
    [formname] => Обратная связь
)

------------------------
