
------------------------
12.10.2022 7:55:40
CallbackFormEmailModal
Array
(
    [name] => aa8590@outlook.com
    [phone] => 83691898648
    [formname] => Обратная связь
)

------------------------

------------------------
12.10.2022 9:30:57
CallbackFormEmailModal
Array
(
    [name] => kairusse.ll0098@gmail.com
    [phone] => 82169198372
    [formname] => Обратная связь
)

------------------------

------------------------
12.10.2022 21:05:20
CallbackFormEmailModal
Array
(
    [name] => ldinovof1983@mail.ru
    [phone] => 81181773585
    [formname] => Обратная связь
)

------------------------
