
------------------------
29.07.2021 5:34:16
CallbackFormEmailModal
Array
(
    [name] => johnelgin7162@gmail.com

    [phone] => 86196779857
    [formname] => Обратная связь
)

------------------------

------------------------
29.07.2021 12:18:48
Order
Array
(
    [name] => Пустовая ИРина Петровна
    [email] => 
    [phone] => +7-910-903-6047
    [comment] => Лестничная ступень SР 34х38/30х2 Zn 800х240 мм, кол-во: 1, цена: 1480руб.
Способ доставки: Доставка автотранспортом поставщика
Выберите способ оплаты: Оплата на расчетный счет организации
Адрес доставки: 390015Б г. Рязань, 4-й Сиреневый проезд, д.13

Комментарий к заказу: 

    [formname] => Заказ из корзины
    [fields] => Array
        (
            [price] => 4440
        )

)

------------------------
