
------------------------
13.03.2024 2:57:30
CallbackFormEmailModal
Array
(
    [name] => av.isof271@gmail.com
    [phone] => 82245368972
    [formname] => Обратная связь
)

------------------------

------------------------
13.03.2024 9:08:33
CallbackFormEmailModal
Array
(
    [name] => v.i.c.t.or.iao.ji.m.aidok.o.91@gmail.com
    [phone] => 82833458369
    [formname] => Обратная связь
)

------------------------

------------------------
13.03.2024 9:24:16
CallbackFormEmailModal
Array
(
    [name] => arkhip.1988.borisov@autorambler.ru
    [phone] => 82851388935
    [formname] => Обратная связь
)

------------------------

------------------------
13.03.2024 11:00:47
CallbackFormEmailModal
Array
(
    [name] => a.vis.o.0.6.1.8@gmail.com
    [phone] => 82365946586
    [formname] => Обратная связь
)

------------------------

------------------------
13.03.2024 14:09:18
CallbackFormEmailModal
Array
(
    [name] => merters.el2.0.23.2023@gmail.com
    [phone] => 84248222634
    [formname] => Обратная связь
)

------------------------

------------------------
13.03.2024 14:17:44
CallbackFormEmailModal
Array
(
    [name] => n0rm.hernandez@yandex.kz
    [phone] => 85675163187
    [formname] => Обратная связь
)

------------------------

------------------------
13.03.2024 18:32:39
CallbackFormEmailModal
Array
(
    [name] => lucido.leinteract@gmail.com
    [phone] => 83313667171
    [formname] => Обратная связь
)

------------------------

------------------------
13.03.2024 21:02:47
CallbackFormEmailModal
Array
(
    [name] => goldboy1931@gmail.com
    [phone] => 83268222583
    [formname] => Обратная связь
)

------------------------

------------------------
13.03.2024 23:00:46
CallbackFormEmailModal
Array
(
    [name] => lucido.leinteract@gmail.com
    [phone] => 84936417454
    [formname] => Обратная связь
)

------------------------
