
------------------------
21.07.2024 4:07:48
CallbackFormEmailModal
Array
(
    [name] => lremsdneiasoieoieiasiuea@gmail.com
    [phone] => 82339172374
    [formname] => Обратная связь
)

------------------------

------------------------
21.07.2024 5:44:54
CallbackFormEmailModal
Array
(
    [name] => viapeizan@mail3go.online

    [phone] => 84782286747
    [formname] => Обратная связь
)

------------------------

------------------------
21.07.2024 11:13:08
CallbackFormEmailModal
Array
(
    [name] => tiffanikyuma@onet.pl
    [phone] => 82693614856
    [formname] => Обратная связь
)

------------------------

------------------------
21.07.2024 14:51:18
CallbackFormEmailModal
Array
(
    [name] => vannalaepy@onet.pl
    [phone] => 87634493434
    [formname] => Обратная связь
)

------------------------

------------------------
21.07.2024 15:18:54
CallbackFormEmailModal
Array
(
    [name] => agesaczel@mailcos.site

    [phone] => 81624712451
    [formname] => Обратная связь
)

------------------------

------------------------
21.07.2024 15:35:07
CallbackFormEmailModal
Array
(
    [name] => geraldinehisol@onet.pl
    [phone] => 85994524526
    [formname] => Обратная связь
)

------------------------

------------------------
21.07.2024 16:00:40
CallbackFormEmailModal
Array
(
    [name] => sugarwork78@gmail.com
    [phone] => 88143966937
    [formname] => Обратная связь
)

------------------------

------------------------
21.07.2024 18:04:04
CallbackFormEmailModal
Array
(
    [name] => asiancatalogtire@gmail.com
    [phone] => 81526769995
    [formname] => Обратная связь
)

------------------------

------------------------
21.07.2024 18:06:39
CallbackFormEmailModal
Array
(
    [name] => barbariska8912@gmail.com
    [phone] => 89768184111
    [formname] => Обратная связь
)

------------------------

------------------------
21.07.2024 18:59:09
CallbackFormEmailModal
Array
(
    [name] => wx12lihe[exygyzotorygetit,2,5]@wxlihe169.com
    [phone] => 83691932412
    [formname] => Обратная связь
)

------------------------

------------------------
21.07.2024 20:43:23
CallbackFormEmailModal
Array
(
    [name] => weslee_hoye99@hotmail.com
    [phone] => 81952439635
    [formname] => Обратная связь
)

------------------------

------------------------
21.07.2024 22:52:25
CallbackFormEmailModal
Array
(
    [name] => aderterwer@outlook.com
    [phone] => 85871566986
    [formname] => Обратная связь
)

------------------------
