
------------------------
16.10.2025 0:02:50
CallbackFormEmailModal
Array
(
    [name] => mr.markus.virtanen@gmail.com
    [phone] => 89911625635
    [formname] => Обратная связь
)

------------------------

------------------------
16.10.2025 0:19:54
CallbackFormEmailModal
Array
(
    [name] => info@speed-seo.net
    [phone] => 87172369472
    [formname] => Обратная связь
)

------------------------

------------------------
16.10.2025 2:09:00
CallbackFormEmailModal
Array
(
    [name] => woodfo.r.dja.m.eso.n.4@gmail.com
    [phone] => 83222745648
    [formname] => Обратная связь
)

------------------------

------------------------
16.10.2025 3:46:38
CallbackFormEmailModal
Array
(
    [name] => gor.tor.14@mail.ru
    [phone] => 83725511478
    [formname] => Обратная связь
)

------------------------

------------------------
16.10.2025 5:12:36
CallbackFormEmailModal
Array
(
    [name] => haredkolpma@gmail.com
    [phone] => 83883569346
    [formname] => Обратная связь
)

------------------------

------------------------
16.10.2025 13:04:45
CallbackFormEmailModal
Array
(
    [name] => guerfupe@mail.ru
    [phone] => 81447276331
    [formname] => Обратная связь
)

------------------------

------------------------
16.10.2025 13:15:31
CallbackFormEmailModal
Array
(
    [name] => velislavjichastov1986@mail.ru
    [phone] => 87523953743
    [formname] => Обратная связь
)

------------------------

------------------------
16.10.2025 13:31:34
CallbackFormEmailModal
Array
(
    [name] => aleksandrhasuchu@mail.ru
    [phone] => 89715164762
    [formname] => Обратная связь
)

------------------------

------------------------
16.10.2025 13:41:55
CallbackFormEmailModal
Array
(
    [name] => laisumake186@mail.ru
    [phone] => 86346178947
    [formname] => Обратная связь
)

------------------------

------------------------
16.10.2025 22:35:12
CallbackFormEmailModal
Array
(
    [name] => juniortub@mail.ru
    [phone] => 89213833331
    [formname] => Обратная связь
)

------------------------

------------------------
16.10.2025 23:06:00
CallbackFormEmailModal
Array
(
    [name] => jayaba.t.0.6.2@gmail.com
    [phone] => 83192583615
    [formname] => Обратная связь
)

------------------------
