
------------------------
13.08.2023 0:37:50
CallbackFormEmailModal
Array
(
    [name] => dx2ly6zc9gpik3k@rambler.ru
    [phone] => 85674482791
    [formname] => Обратная связь
)

------------------------

------------------------
13.08.2023 0:50:23
CallbackFormEmailModal
Array
(
    [name] => info@requipment.ru
    [phone] => 84588418129
    [formname] => Обратная связь
)

------------------------

------------------------
13.08.2023 2:01:12
CallbackFormEmailModal
Array
(
    [name] => Eric Jones
    [phone] => 555-555-1212
    [formname] => Обратная связь
)

------------------------

------------------------
13.08.2023 2:46:01
CallbackFormEmailModal
Array
(
    [name] => callvisvetlana@list.ru
    [phone] => 88211428241
    [formname] => Обратная связь
)

------------------------

------------------------
13.08.2023 3:44:34
CallbackFormEmailModal
Array
(
    [name] => lindseycarrington313@aol.com
    [phone] => lindseycarrington313@aol.com
    [formname] => Обратная связь
)

------------------------

------------------------
13.08.2023 3:44:39
CallbackFormEmailModal
Array
(
    [name] => lindseycarrington313@aol.com
    [phone] => lindseycarrington313@aol.com
    [formname] => Обратная связь
)

------------------------

------------------------
13.08.2023 3:45:13
CallbackFormEmailModal
Array
(
    [name] => lindseycarrington313@aol.com
    [phone] => lindseycarrington313@aol.com
    [formname] => Обратная связь
)

------------------------

------------------------
13.08.2023 3:45:18
CallbackFormEmailModal
Array
(
    [name] => lindseycarrington313@aol.com
    [phone] => lindseycarrington313@aol.com
    [formname] => Обратная связь
)

------------------------

------------------------
13.08.2023 3:45:52
CallbackFormEmailModal
Array
(
    [name] => lindseycarrington313@aol.com
    [phone] => lindseycarrington313@aol.com
    [formname] => Обратная связь
)

------------------------

------------------------
13.08.2023 3:45:56
CallbackFormEmailModal
Array
(
    [name] => lindseycarrington313@aol.com
    [phone] => lindseycarrington313@aol.com
    [formname] => Обратная связь
)

------------------------

------------------------
13.08.2023 3:47:12
CallbackFormEmailModal
Array
(
    [name] => lindseycarrington313@aol.com
    [phone] => lindseycarrington313@aol.com
    [formname] => Обратная связь
)

------------------------

------------------------
13.08.2023 3:47:17
CallbackFormEmailModal
Array
(
    [name] => lindseycarrington313@aol.com
    [phone] => lindseycarrington313@aol.com
    [formname] => Обратная связь
)

------------------------

------------------------
13.08.2023 3:47:58
CallbackFormEmailModal
Array
(
    [name] => lindseycarrington313@aol.com
    [phone] => lindseycarrington313@aol.com
    [formname] => Обратная связь
)

------------------------

------------------------
13.08.2023 3:48:03
CallbackFormEmailModal
Array
(
    [name] => lindseycarrington313@aol.com
    [phone] => lindseycarrington313@aol.com
    [formname] => Обратная связь
)

------------------------

------------------------
13.08.2023 3:48:45
CallbackFormEmailModal
Array
(
    [name] => lindseycarrington313@aol.com
    [phone] => lindseycarrington313@aol.com
    [formname] => Обратная связь
)

------------------------

------------------------
13.08.2023 3:48:50
CallbackFormEmailModal
Array
(
    [name] => lindseycarrington313@aol.com
    [phone] => lindseycarrington313@aol.com
    [formname] => Обратная связь
)

------------------------

------------------------
13.08.2023 3:49:23
CallbackFormEmailModal
Array
(
    [name] => lindseycarrington313@aol.com
    [phone] => lindseycarrington313@aol.com
    [formname] => Обратная связь
)

------------------------

------------------------
13.08.2023 3:49:28
CallbackFormEmailModal
Array
(
    [name] => lindseycarrington313@aol.com
    [phone] => lindseycarrington313@aol.com
    [formname] => Обратная связь
)

------------------------

------------------------
13.08.2023 3:51:22
CallbackFormEmailModal
Array
(
    [name] => lindseycarrington313@aol.com
    [phone] => lindseycarrington313@aol.com
    [formname] => Обратная связь
)

------------------------

------------------------
13.08.2023 3:51:26
CallbackFormEmailModal
Array
(
    [name] => lindseycarrington313@aol.com
    [phone] => lindseycarrington313@aol.com
    [formname] => Обратная связь
)

------------------------

------------------------
13.08.2023 3:52:00
CallbackFormEmailModal
Array
(
    [name] => lindseycarrington313@aol.com
    [phone] => lindseycarrington313@aol.com
    [formname] => Обратная связь
)

------------------------

------------------------
13.08.2023 3:52:05
CallbackFormEmailModal
Array
(
    [name] => lindseycarrington313@aol.com
    [phone] => lindseycarrington313@aol.com
    [formname] => Обратная связь
)

------------------------

------------------------
13.08.2023 3:52:44
CallbackFormEmailModal
Array
(
    [name] => lindseycarrington313@aol.com
    [phone] => lindseycarrington313@aol.com
    [formname] => Обратная связь
)

------------------------

------------------------
13.08.2023 3:52:48
CallbackFormEmailModal
Array
(
    [name] => lindseycarrington313@aol.com
    [phone] => lindseycarrington313@aol.com
    [formname] => Обратная связь
)

------------------------

------------------------
13.08.2023 6:12:46
Order
Array
(
    [name] => Сергей Андеевич Платонов
    [email] => platonov.s@elmagroup.ru
    [phone] => +7-982-619-4845
    [comment] => Лестничная ступень SР 34х38/30х3 Zn 800х240 мм, кол-во: 1, цена: 1600руб.
Способ доставки: Доставка автотранспортом поставщика
Выберите способ оплаты: Оплата наличным
Адрес доставки: Москва, Михайлово-Ярцевское поселение Деревня Заболотье д 26.

Комментарий к заказу: 

    [formname] => Заказ из корзины
    [fields] => Array
        (
            [price] => 16000
        )

)

------------------------

------------------------
13.08.2023 8:50:45
CallbackFormEmailModal
Array
(
    [name] => qrxylargg@sretop.site
    [phone] => 87657392896
    [formname] => Обратная связь
)

------------------------

------------------------
13.08.2023 18:39:31
CallbackFormEmailModal
Array
(
    [name] => bagbovi@googleis.site

    [phone] => 88736565437
    [formname] => Обратная связь
)

------------------------

------------------------
13.08.2023 22:32:27
CallbackFormEmailModal
Array
(
    [name] => 79991143621_1@bk.ru
    [phone] => 79991143621
    [formname] => Обратная связь
)

------------------------
