
------------------------
04.05.2025 0:47:57
CallbackFormEmailModal
Array
(
    [name] => pincovivan@gmail.com
    [phone] => 85271787712
    [formname] => Обратная связь
)

------------------------

------------------------
04.05.2025 6:53:39
CallbackFormEmailModal
Array
(
    [name] => neira.k@gmx.net
    [phone] => 89187496354
    [formname] => Обратная связь
)

------------------------

------------------------
04.05.2025 7:04:40
CallbackFormEmailModal
Array
(
    [name] => hvznat@gmail.com
    [phone] => 81955126443
    [formname] => Обратная связь
)

------------------------

------------------------
04.05.2025 10:51:57
CallbackFormEmailModal
Array
(
    [name] => eepovda@bk.ru
    [phone] => 85497553987
    [formname] => Обратная связь
)

------------------------

------------------------
04.05.2025 13:00:14
CallbackFormEmailModal
Array
(
    [name] => kimvilson06@gmail.com
    [phone] => 84847776857
    [formname] => Обратная связь
)

------------------------

------------------------
04.05.2025 13:25:05
CallbackFormEmailModal
Array
(
    [name] => zekisuquc419@gmail.com
    [phone] => 88356697436
    [formname] => Обратная связь
)

------------------------

------------------------
04.05.2025 14:20:11
CallbackFormEmailModal
Array
(
    [name] => admin@cialis-otc.com
    [phone] => 86378722645
    [formname] => Обратная связь
)

------------------------

------------------------
04.05.2025 18:03:34
CallbackFormEmailModal
Array
(
    [name] => ponomaryov.borya.1983@bk.ru
    [phone] => 85513915231
    [formname] => Обратная связь
)

------------------------

------------------------
04.05.2025 18:35:21
CallbackFormEmailModal
Array
(
    [name] => prohor.zlobin.14.11.1987@mail.ru
    [phone] => 85175451133
    [formname] => Обратная связь
)

------------------------

------------------------
04.05.2025 18:52:03
CallbackFormEmailModal
Array
(
    [name] => kostinarogneda97@list.ru
    [phone] => 87976292273
    [formname] => Обратная связь
)

------------------------

------------------------
04.05.2025 18:54:52
CallbackFormEmailModal
Array
(
    [name] => vasiliykhas08x@mail.ru
    [phone] => 85341416919
    [formname] => Обратная связь
)

------------------------

------------------------
04.05.2025 19:03:36
CallbackFormEmailModal
Array
(
    [name] => eliseevfrank9041@list.ru
    [phone] => 81397445439
    [formname] => Обратная связь
)

------------------------

------------------------
04.05.2025 19:28:01
CallbackFormEmailModal
Array
(
    [name] => hannahnilana@gazeta.pl
    [phone] => 82142927223
    [formname] => Обратная связь
)

------------------------
