
------------------------
12.05.2023 0:40:06
CallbackFormEmailModal
Array
(
    [name] => semen.chernovaum@yandex.ru
    [phone] => 89154517669
    [formname] => Обратная связь
)

------------------------

------------------------
12.05.2023 3:32:45
CallbackFormEmailModal
Array
(
    [name] => KordahBalde@pochtaserver.com
    [phone] => 88262827893
    [formname] => Обратная связь
)

------------------------

------------------------
12.05.2023 6:46:28
CallbackFormEmailModal
Array
(
    [name] => vqjhobrt@mail.ru
    [phone] => +791234567399
    [formname] => Обратная связь
)

------------------------

------------------------
12.05.2023 13:46:18
CallbackFormEmailModal
Array
(
    [name] => qzhenjaa@yandex.kz
    [phone] => 88736819215
    [formname] => Обратная связь
)

------------------------

------------------------
12.05.2023 18:57:16
CallbackFormEmailModal
Array
(
    [name] => vqjhobrt@mail.ru
    [phone] => +791234567293
    [formname] => Обратная связь
)

------------------------

------------------------
12.05.2023 21:07:46
CallbackFormEmailModal
Array
(
    [name] => zerry@lodonnewstoday.com
    [phone] => 81126626552
    [formname] => Обратная связь
)

------------------------

------------------------
12.05.2023 23:37:11
CallbackFormEmailModal
Array
(
    [name] => vilborn.off@gmail.com
    [phone] => 88181956978
    [formname] => Обратная связь
)

------------------------
