
------------------------
04.04.2024 0:21:14
CallbackFormEmailModal
Array
(
    [name] => s.cynthia.79@hotmail.com
    [phone] => 87475117817
    [formname] => Обратная связь
)

------------------------

------------------------
04.04.2024 1:23:11
CallbackFormEmailModal
Array
(
    [name] => bracelets_almaty@outlook.com
    [phone] => 89539317346
    [formname] => Обратная связь
)

------------------------

------------------------
04.04.2024 1:34:04
CallbackFormEmailModal
Array
(
    [name] => duk.ehua.n.g42@gmail.com
    [phone] => 84582535977
    [formname] => Обратная связь
)

------------------------

------------------------
04.04.2024 2:17:22
CallbackFormEmailModal
Array
(
    [name] => inet4747@outlook.com
    [phone] => 86625599569
    [formname] => Обратная связь
)

------------------------

------------------------
04.04.2024 2:56:42
CallbackFormEmailModal
Array
(
    [name] => doctorsikories@outlook.com
    [phone] => 83117497622
    [formname] => Обратная связь
)

------------------------

------------------------
04.04.2024 3:52:07
CallbackFormEmailModal
Array
(
    [name] => lucido.leinteract@gmail.com
    [phone] => 89192422996
    [formname] => Обратная связь
)

------------------------

------------------------
04.04.2024 5:37:35
CallbackFormEmailModal
Array
(
    [name] => xrumer22032024@outlook.com
    [phone] => 83157822738
    [formname] => Обратная связь
)

------------------------

------------------------
04.04.2024 6:53:05
CallbackFormEmailModal
Array
(
    [name] => lucido.leinteract@gmail.com
    [phone] => 81658546491
    [formname] => Обратная связь
)

------------------------

------------------------
04.04.2024 11:26:34
CallbackFormEmailModal
Array
(
    [name] => segif18200@shirulo.com
    [phone] => 84932826475
    [formname] => Обратная связь
)

------------------------

------------------------
04.04.2024 12:27:23
CallbackFormEmailModal
Array
(
    [name] => adnjbgwm@youremailglobal.com
    [phone] => 89585555192
    [formname] => Обратная связь
)

------------------------

------------------------
04.04.2024 21:27:16
CallbackFormEmailModal
Array
(
    [name] => info@stab-gen.ru
    [phone] => 88282119249
    [formname] => Обратная связь
)

------------------------
