
------------------------
16.03.2024 0:01:22
CallbackFormEmailModal
Array
(
    [name] => prrelease@thedailymailnewstoday.com
    [phone] => 85475373846
    [formname] => Обратная связь
)

------------------------

------------------------
16.03.2024 0:28:33
CallbackFormEmailModal
Array
(
    [name] => weird.proff@outlook.com
    [phone] => 86649113655
    [formname] => Обратная связь
)

------------------------

------------------------
16.03.2024 4:55:58
CallbackFormEmailModal
Array
(
    [name] => inet4747@outlook.com
    [phone] => 83414672166
    [formname] => Обратная связь
)

------------------------

------------------------
16.03.2024 5:06:18
CallbackFormEmailModal
Array
(
    [name] => b.or.ddsas.s.a.a.is@gmail.com
    [phone] => 83226494864
    [formname] => Обратная связь
)

------------------------

------------------------
16.03.2024 5:30:40
CallbackFormEmailModal
Array
(
    [name] => goldboy1931@gmail.com
    [phone] => 83575437458
    [formname] => Обратная связь
)

------------------------

------------------------
16.03.2024 6:14:27
CallbackFormEmailModal
Array
(
    [name] => lucido.leinteract@gmail.com
    [phone] => 83461732633
    [formname] => Обратная связь
)

------------------------

------------------------
16.03.2024 6:46:40
CallbackFormEmailModal
Array
(
    [name] => chenews@rambler.ru
    [phone] => 84515438299
    [formname] => Обратная связь
)

------------------------

------------------------
16.03.2024 10:09:03
CallbackFormEmailModal
Array
(
    [name] => Natasha
    [phone] => 0370 0647316
    [formname] => Обратная связь
)

------------------------

------------------------
16.03.2024 11:04:52
CallbackFormEmailModal
Array
(
    [name] => idmepohdsoczdknc@onet.pl
    [phone] => 84289665124
    [formname] => Обратная связь
)

------------------------

------------------------
16.03.2024 11:25:31
CallbackFormEmailModal
Array
(
    [name] => rjzoaotok@guyclearsecso.online
    [phone] => 82156666738
    [formname] => Обратная связь
)

------------------------

------------------------
16.03.2024 12:06:55
CallbackFormEmailModal
Array
(
    [name] => avis.of.27.1@gmail.com
    [phone] => 88479744831
    [formname] => Обратная связь
)

------------------------

------------------------
16.03.2024 12:36:17
CallbackFormEmailModal
Array
(
    [name] => daniilgleb.oleyn.ik.o.v@gmail.com
    [phone] => 83477572856
    [formname] => Обратная связь
)

------------------------

------------------------
16.03.2024 12:54:27
CallbackFormEmailModal
Array
(
    [name] => akakiimihaela@gmail.com
    [phone] => 89647524218
    [formname] => Обратная связь
)

------------------------

------------------------
16.03.2024 13:19:26
CallbackFormEmailModal
Array
(
    [name] => dsfsdfsdg@gmail.com
    [phone] => 86812968635
    [formname] => Обратная связь
)

------------------------

------------------------
16.03.2024 13:57:14
CallbackFormEmailModal
Array
(
    [name] => ohaetbkoqmvlovfs@onet.pl
    [phone] => 85379315588
    [formname] => Обратная связь
)

------------------------

------------------------
16.03.2024 16:10:03
CallbackFormEmailModal
Array
(
    [name] => segif18200@shirulo.com
    [phone] => 81856533938
    [formname] => Обратная связь
)

------------------------

------------------------
16.03.2024 21:42:44
CallbackFormEmailModal
Array
(
    [name] => vandal_aleisha@hotmail.com
    [phone] => 88385872236
    [formname] => Обратная связь
)

------------------------

------------------------
16.03.2024 21:48:12
CallbackFormEmailModal
Array
(
    [name] => inet4747@outlook.com
    [phone] => 85718843452
    [formname] => Обратная связь
)

------------------------

------------------------
16.03.2024 22:41:14
CallbackFormEmailModal
Array
(
    [name] => vikup-sp1b@gmail.com
    [phone] => 85362841763
    [formname] => Обратная связь
)

------------------------

------------------------
16.03.2024 23:36:32
CallbackFormEmailModal
Array
(
    [name] => bankrot-baz4550@list.ru
    [phone] => 79254223728
    [formname] => Обратная связь
)

------------------------

------------------------
16.03.2024 23:45:31
CallbackFormEmailModal
Array
(
    [name] => jackpot@bloombergnewstoday.com
    [phone] => 81589693145
    [formname] => Обратная связь
)

------------------------
