
------------------------
07.08.2025 3:29:22
CallbackFormEmailModal
Array
(
    [name] => 1@1.it
    [phone] => 84623552962
    [formname] => Обратная связь
)

------------------------

------------------------
07.08.2025 3:58:52
CallbackFormEmailModal
Array
(
    [name] => dsfagijofdasg@gmail.com
    [phone] => 83157158377
    [formname] => Обратная связь
)

------------------------

------------------------
07.08.2025 4:17:18
CallbackFormEmailModal
Array
(
    [name] => jayabat062@gmail.com
    [phone] => 83936135461
    [formname] => Обратная связь
)

------------------------

------------------------
07.08.2025 5:26:42
CallbackFormEmailModal
Array
(
    [name] => asgtfyysudagf@gmail.com
    [phone] => 87988373777
    [formname] => Обратная связь
)

------------------------

------------------------
07.08.2025 5:40:52
CallbackFormEmailModal
Array
(
    [name] => xrumer23Kip@gmail.com
    [phone] => 89244827899
    [formname] => Обратная связь
)

------------------------

------------------------
07.08.2025 6:20:27
CallbackFormEmailModal
Array
(
    [name] => progon@progon.fun
    [phone] => 83194233367
    [formname] => Обратная связь
)

------------------------

------------------------
07.08.2025 7:06:00
CallbackFormEmailModal
Array
(
    [name] => exOca@outlook.com
    [phone] => 84137879314
    [formname] => Обратная связь
)

------------------------

------------------------
07.08.2025 7:12:15
CallbackFormEmailModal
Array
(
    [name] => dsagregr693@gmail.com
    [phone] => 81184812434
    [formname] => Обратная связь
)

------------------------

------------------------
07.08.2025 7:12:59
CallbackFormEmailModal
Array
(
    [name] => fdsgafdsgretdsg@gmail.com
    [phone] => 88339627639
    [formname] => Обратная связь
)

------------------------

------------------------
07.08.2025 7:13:45
CallbackFormEmailModal
Array
(
    [name] => vwertbjtrobtrwb0@gmail.com
    [phone] => 83843298456
    [formname] => Обратная связь
)

------------------------

------------------------
07.08.2025 9:37:49
CallbackFormEmailModal
Array
(
    [name] => ovnterbefjuden6138@mail.ru
    [phone] => 82782942686
    [formname] => Обратная связь
)

------------------------

------------------------
07.08.2025 10:15:52
CallbackFormEmailModal
Array
(
    [name] => naphtloxua-5550@mail.ru
    [phone] => 84688451943
    [formname] => Обратная связь
)

------------------------

------------------------
07.08.2025 11:50:50
CallbackFormEmailModal
Array
(
    [name] => panova.elena.1992.23.11@bk.ru
    [phone] => 88179657178
    [formname] => Обратная связь
)

------------------------

------------------------
07.08.2025 14:21:58
CallbackFormEmailModal
Array
(
    [name] => wu5416370@gmail.com
    [phone] => 88573278628
    [formname] => Обратная связь
)

------------------------

------------------------
07.08.2025 15:33:41
CallbackFormEmailModal
Array
(
    [name] => velislavjichastov1986@mail.ru
    [phone] => 89869529372
    [formname] => Обратная связь
)

------------------------

------------------------
07.08.2025 17:16:55
CallbackFormEmailModal
Array
(
    [name] => wu5416370@gmail.com
    [phone] => 87162854531
    [formname] => Обратная связь
)

------------------------

------------------------
07.08.2025 17:30:30
CallbackFormEmailModal
Array
(
    [name] => r41206394@gmail.com
    [phone] => 81375477913
    [formname] => Обратная связь
)

------------------------

------------------------
07.08.2025 17:40:31
CallbackFormEmailModal
Array
(
    [name] => nahernila@gismail.online

    [phone] => 82485859467
    [formname] => Обратная связь
)

------------------------

------------------------
07.08.2025 21:47:53
CallbackFormEmailModal
Array
(
    [name] => robertNub@mail.ru
    [phone] => 85266782193
    [formname] => Обратная связь
)

------------------------

------------------------
07.08.2025 22:24:29
CallbackFormEmailModal
Array
(
    [name] => antizropter@gmail.com
    [phone] => 88551515199
    [formname] => Обратная связь
)

------------------------
