
------------------------
31.10.2024 1:07:04
CallbackFormEmailModal
Array
(
    [name] => eqcordaydesp1984@op.pl
    [phone] => 86615923889
    [formname] => Обратная связь
)

------------------------

------------------------
31.10.2024 3:09:14
CallbackFormEmailModal
Array
(
    [name] => peggygrandberry1936@dehumanmail.com
    [phone] => 84586994896
    [formname] => Обратная связь
)

------------------------

------------------------
31.10.2024 4:32:52
CallbackFormEmailModal
Array
(
    [name] => dreameroren1970@op.pl
    [phone] => 88135744438
    [formname] => Обратная связь
)

------------------------

------------------------
31.10.2024 4:44:27
CallbackFormEmailModal
Array
(
    [name] => marshaashley1982@iatrochemail.com
    [phone] => 83281465125
    [formname] => Обратная связь
)

------------------------

------------------------
31.10.2024 4:45:55
CallbackFormEmailModal
Array
(
    [name] => liarenabhand1982@op.pl
    [phone] => 81536344681
    [formname] => Обратная связь
)

------------------------

------------------------
31.10.2024 5:53:38
CallbackFormEmailModal
Array
(
    [name] => devpage7@gmail.com
    [phone] => 89919794884
    [formname] => Обратная связь
)

------------------------

------------------------
31.10.2024 8:08:37
CallbackFormEmailModal
Array
(
    [name] => evgenevna5qdk@gmail.com
    [phone] => 87397576854
    [formname] => Обратная связь
)

------------------------

------------------------
31.10.2024 9:08:49
CallbackFormEmailModal
Array
(
    [name] => etexdifvie1985@op.pl
    [phone] => 87915825287
    [formname] => Обратная связь
)

------------------------

------------------------
31.10.2024 10:52:46
CallbackFormEmailModal
Array
(
    [name] => butotattna1972@op.pl
    [phone] => 81325595168
    [formname] => Обратная связь
)

------------------------

------------------------
31.10.2024 11:35:51
CallbackFormEmailModal
Array
(
    [name] => sryjsrjsj@gmail.com
    [phone] => 87939585766
    [formname] => Обратная связь
)

------------------------

------------------------
31.10.2024 12:31:54
CallbackFormEmailModal
Array
(
    [name] => arara@gmai.com
    [phone] => 85166367222
    [formname] => Обратная связь
)

------------------------

------------------------
31.10.2024 16:13:57
CallbackFormEmailModal
Array
(
    [name] => info@creditscan.xyz
    [phone] => 87638331153
    [formname] => Обратная связь
)

------------------------

------------------------
31.10.2024 16:41:53
CallbackFormEmailModal
Array
(
    [name] => 74pygyv@onet.pl
    [phone] => 82628576946
    [formname] => Обратная связь
)

------------------------

------------------------
31.10.2024 18:42:57
CallbackFormEmailModal
Array
(
    [name] => downmatchbansde1985@op.pl
    [phone] => 85728998348
    [formname] => Обратная связь
)

------------------------
