
------------------------
05.01.2024 5:34:49
CallbackFormEmailModal
Array
(
    [name] => george52davis59as@rambler.ru
    [phone] => 85564279592
    [formname] => Обратная связь
)

------------------------

------------------------
05.01.2024 6:25:01
CallbackFormEmailModal
Array
(
    [name] => ilia.fokinrwc@yandex.ru
    [phone] => 88863372998
    [formname] => Обратная связь
)

------------------------

------------------------
05.01.2024 7:55:17
CallbackFormEmailModal
Array
(
    [name] => mordkes@gmail.com
    [phone] => 89367715358
    [formname] => Обратная связь
)

------------------------

------------------------
05.01.2024 8:06:09
CallbackFormEmailModal
Array
(
    [name] => william17hernandez24as@rambler.ru
    [phone] => 86977411362
    [formname] => Обратная связь
)

------------------------

------------------------
05.01.2024 15:23:13
CallbackFormEmailModal
Array
(
    [name] => tt34@atrimoney.site
    [phone] => 89643254851
    [formname] => Обратная связь
)

------------------------

------------------------
05.01.2024 20:08:37
CallbackFormEmailModal
Array
(
    [name] => mikegikibe@gmail.com
    [phone] => 89896437437
    [formname] => Обратная связь
)

------------------------

------------------------
05.01.2024 22:39:04
CallbackFormEmailModal
Array
(
    [name] => Varmsyday@dmaill.xyz
    [phone] => 85199575223
    [formname] => Обратная связь
)

------------------------

------------------------
05.01.2024 23:52:33
CallbackFormEmailModal
Array
(
    [name] => sherbanevalud@yandex.ru
    [phone] => 89956443438
    [formname] => Обратная связь
)

------------------------
