
------------------------
16.06.2024 1:17:28
CallbackFormEmailModal
Array
(
    [name] => aajsdrw@gmail.com
    [phone] => 85746636858
    [formname] => Обратная связь
)

------------------------

------------------------
16.06.2024 3:12:18
CallbackFormEmailModal
Array
(
    [name] => bennier885@gmail.com
    [phone] => 87724331351
    [formname] => Обратная связь
)

------------------------

------------------------
16.06.2024 5:53:36
CallbackFormEmailModal
Array
(
    [name] => chebakulinakarasevna@gmail.com
    [phone] => 87156149387
    [formname] => Обратная связь
)

------------------------

------------------------
16.06.2024 7:29:36
CallbackFormEmailModal
Array
(
    [name] => aq60aqa@rambler.ru
    [phone] => 82293712579
    [formname] => Обратная связь
)

------------------------

------------------------
16.06.2024 8:45:04
CallbackFormEmailModal
Array
(
    [name] => l.uk.ino.vich.2.022.13.55@gmail.com

    [phone] => 88927239535
    [formname] => Обратная связь
)

------------------------

------------------------
16.06.2024 9:35:33
CallbackFormEmailModal
Array
(
    [name] => k.e.i.t.h..y.2.a.rt.e.r.b..e.r.r.y.rl@gmail.com
    [phone] => 82378229615
    [formname] => Обратная связь
)

------------------------

------------------------
16.06.2024 11:07:17
CallbackFormEmailModal
Array
(
    [name] => xwaf15a0@yourmailz.com
    [phone] => 82324512715
    [formname] => Обратная связь
)

------------------------

------------------------
16.06.2024 11:18:25
CallbackFormEmailModal
Array
(
    [name] => sso2npgz@webfreemailz.com
    [phone] => 87394467874
    [formname] => Обратная связь
)

------------------------

------------------------
16.06.2024 12:28:32
CallbackFormEmailModal
Array
(
    [name] => colinyates6186@gmail.com
    [phone] => 84361535442
    [formname] => Обратная связь
)

------------------------

------------------------
16.06.2024 14:58:58
CallbackFormEmailModal
Array
(
    [name] => bruce2@ie.ernsys.com
    [phone] => 86166851761
    [formname] => Обратная связь
)

------------------------

------------------------
16.06.2024 15:32:09
CallbackFormEmailModal
Array
(
    [name] => mihigecou1980@op.pl
    [phone] => 88714889416
    [formname] => Обратная связь
)

------------------------

------------------------
16.06.2024 15:38:08
CallbackFormEmailModal
Array
(
    [name] => jurmus952@gmail.com
    [phone] => 81441473258
    [formname] => Обратная связь
)

------------------------

------------------------
16.06.2024 17:11:34
CallbackFormEmailModal
Array
(
    [name] => ixqhdalkePi@poochta.com
    [phone] => 83388848425
    [formname] => Обратная связь
)

------------------------

------------------------
16.06.2024 18:27:38
CallbackFormEmailModal
Array
(
    [name] => delebestma1976@op.pl
    [phone] => 87661716482
    [formname] => Обратная связь
)

------------------------

------------------------
16.06.2024 19:08:34
CallbackFormEmailModal
Array
(
    [name] => foxwatch0306@outlook.com
    [phone] => 81322357588
    [formname] => Обратная связь
)

------------------------

------------------------
16.06.2024 20:34:44
CallbackFormEmailModal
Array
(
    [name] => dobr-ven@yandex.ru
    [phone] => 83157728543
    [formname] => Обратная связь
)

------------------------

------------------------
16.06.2024 21:54:28
CallbackFormEmailModal
Array
(
    [name] => centkededwigg1980@op.pl
    [phone] => 81333476844
    [formname] => Обратная связь
)

------------------------
