
------------------------
08.02.2023 5:46:16
CallbackFormEmailModal
Array
(
    [name] => Сергей
    [phone] => 79604627063
    [formname] => Обратная связь
)

------------------------

------------------------
08.02.2023 19:42:17
CallbackFormEmailModal
Array
(
    [name] => sssrvideos@yandex.ru
    [phone] => 83656452138
    [formname] => Обратная связь
)

------------------------

------------------------
08.02.2023 21:10:07
CallbackFormEmailModal
Array
(
    [name] => c.rypt.oi.n.form.at.or0@gmail.com
    [phone] => 81164165721
    [formname] => Обратная связь
)

------------------------

------------------------
08.02.2023 23:25:30
CallbackFormEmailModal
Array
(
    [name] => aofaff07@gmail.com
    [phone] => 88467687455
    [formname] => Обратная связь
)

------------------------
