
------------------------
08.06.2024 0:55:04
CallbackFormEmailModal
Array
(
    [name] => remsdneoieoiasoieiuas@gmail.com
    [phone] => 81121382563
    [formname] => Обратная связь
)

------------------------

------------------------
08.06.2024 3:41:25
CallbackFormEmailModal
Array
(
    [name] => barbariska8912@gmail.com
    [phone] => 84781741425
    [formname] => Обратная связь
)

------------------------

------------------------
08.06.2024 4:04:26
CallbackFormEmailModal
Array
(
    [name] => arbuz2471@outlook.com
    [phone] => 81552522458
    [formname] => Обратная связь
)

------------------------

------------------------
08.06.2024 4:39:39
CallbackFormEmailModal
Array
(
    [name] => 1frex6e9sx@gmalay.site
    [phone] => 86917724247
    [formname] => Обратная связь
)

------------------------

------------------------
08.06.2024 5:36:14
CallbackFormEmailModal
Array
(
    [name] => xqxjcxtdf@farironalds.com
    [phone] => 84897396631
    [formname] => Обратная связь
)

------------------------

------------------------
08.06.2024 6:39:31
CallbackFormEmailModal
Array
(
    [name] => nancpyysg@farironalds.com
    [phone] => 89411956254
    [formname] => Обратная связь
)

------------------------

------------------------
08.06.2024 7:58:52
CallbackFormEmailModal
Array
(
    [name] => sterasecbe1987@op.pl
    [phone] => 84845563272
    [formname] => Обратная связь
)

------------------------

------------------------
08.06.2024 8:08:53
CallbackFormEmailModal
Array
(
    [name] => jalsffuxh@farironalds.com
    [phone] => 87888945653
    [formname] => Обратная связь
)

------------------------

------------------------
08.06.2024 11:31:02
CallbackFormEmailModal
Array
(
    [name] => avtocentravrora@gmail.com
    [phone] => 87785931789
    [formname] => Обратная связь
)

------------------------

------------------------
08.06.2024 12:39:37
CallbackFormEmailModal
Array
(
    [name] => schermerdusenberycmp5p8+169n8t6bldun@gmail.com
    [phone] => schermerdusenberycmp5p8+169n8t6bldun@gmail.com
    [formname] => Обратная связь
)

------------------------

------------------------
08.06.2024 12:39:41
CallbackFormEmailModal
Array
(
    [name] => schermerdusenberycmp5p8+169n8t6bldun@gmail.com
    [phone] => schermerdusenberycmp5p8+169n8t6bldun@gmail.com
    [formname] => Обратная связь
)

------------------------

------------------------
08.06.2024 17:19:12
CallbackFormEmailModal
Array
(
    [name] => pavain@gazeta.pl
    [phone] => 81371697184
    [formname] => Обратная связь
)

------------------------

------------------------
08.06.2024 17:32:42
CallbackFormEmailModal
Array
(
    [name] => barbariska8912@gmail.com
    [phone] => 83851743781
    [formname] => Обратная связь
)

------------------------

------------------------
08.06.2024 18:24:04
CallbackFormEmailModal
Array
(
    [name] => segif18200@shirulo.com
    [phone] => 88764786577
    [formname] => Обратная связь
)

------------------------

------------------------
08.06.2024 18:30:28
CallbackFormEmailModal
Array
(
    [name] => gjhruke2@outlook.com
    [phone] => 85139165171
    [formname] => Обратная связь
)

------------------------

------------------------
08.06.2024 18:55:24
CallbackFormEmailModal
Array
(
    [name] => crypylletgai1988@op.pl
    [phone] => 81154539737
    [formname] => Обратная связь
)

------------------------

------------------------
08.06.2024 21:32:52
CallbackFormEmailModal
Array
(
    [name] => efn83mks@webfreemailz.com
    [phone] => 85594668381
    [formname] => Обратная связь
)

------------------------

------------------------
08.06.2024 21:33:47
CallbackFormEmailModal
Array
(
    [name] => 9pd8hd4g@yourmailz.com
    [phone] => 81561281175
    [formname] => Обратная связь
)

------------------------

------------------------
08.06.2024 21:46:42
CallbackFormEmailModal
Array
(
    [name] => haubisecge1971@op.pl
    [phone] => 85838221583
    [formname] => Обратная связь
)

------------------------

------------------------
08.06.2024 23:17:04
CallbackFormEmailModal
Array
(
    [name] => xgywatvs@fmaillerbox.com
    [phone] => 85323563513
    [formname] => Обратная связь
)

------------------------
