
------------------------
03.09.2025 1:05:28
CallbackFormEmailModal
Array
(
    [name] => vodnibi59@gmail.com
    [phone] => 82996898542
    [formname] => Обратная связь
)

------------------------

------------------------
03.09.2025 1:11:28
CallbackFormEmailModal
Array
(
    [name] => irinademenkova86@gmail.com
    [phone] => 82713338138
    [formname] => Обратная связь
)

------------------------

------------------------
03.09.2025 3:13:59
CallbackFormEmailModal
Array
(
    [name] => dagtechservice.ru@gmail.com
    [phone] => 85326281613
    [formname] => Обратная связь
)

------------------------

------------------------
03.09.2025 4:51:41
CallbackFormEmailModal
Array
(
    [name] => sergowor.kin.g71.8@gmail.com
    [phone] => 86296282997
    [formname] => Обратная связь
)

------------------------

------------------------
03.09.2025 7:38:06
CallbackFormEmailModal
Array
(
    [name] => wsdfvbgtre@gmail.com
    [phone] => 83828642686
    [formname] => Обратная связь
)

------------------------

------------------------
03.09.2025 12:45:55
CallbackFormEmailModal
Array
(
    [name] => adv@iartun.com
    [phone] => 84798557816
    [formname] => Обратная связь
)

------------------------

------------------------
03.09.2025 14:44:33
CallbackFormEmailModal
Array
(
    [name] => yourmail344@gmail.com
    [phone] => 81852416477
    [formname] => Обратная связь
)

------------------------

------------------------
03.09.2025 15:12:39
CallbackFormEmailModal
Array
(
    [name] => nextotzuv43Kip@gmail.com
    [phone] => 81629316463
    [formname] => Обратная связь
)

------------------------

------------------------
03.09.2025 16:03:58
CallbackFormEmailModal
Array
(
    [name] => xunalajiwo42@gmail.com
    [phone] => 83439545736
    [formname] => Обратная связь
)

------------------------

------------------------
03.09.2025 16:13:43
CallbackFormEmailModal
Array
(
    [name] => juniortub@mail.ru
    [phone] => 88686379263
    [formname] => Обратная связь
)

------------------------

------------------------
03.09.2025 23:50:10
CallbackFormEmailModal
Array
(
    [name] => mike@monkeydigital.co
    [phone] => 83575724498
    [formname] => Обратная связь
)

------------------------
