
------------------------
13.02.2023 0:58:44
CallbackFormEmailModal
Array
(
    [name] => veronikapikos@yandex.ru
    [phone] => 84634898313
    [formname] => Обратная связь
)

------------------------

------------------------
13.02.2023 1:16:19
CallbackFormEmailModal
Array
(
    [name] => bbaz2888acb@bk.ru
    [phone] => 79647808918
    [formname] => Обратная связь
)

------------------------

------------------------
13.02.2023 3:59:08
CallbackFormEmailModal
Array
(
    [name] => careyarcher@dasemana.com
    [phone] => 88335549188
    [formname] => Обратная связь
)

------------------------

------------------------
13.02.2023 7:12:23
CallbackFormEmailModal
Array
(
    [name] => taisiya.alximowa@mail.ru
    [phone] => 89311771153
    [formname] => Обратная связь
)

------------------------

------------------------
13.02.2023 12:22:31
CallbackFormEmailModal
Array
(
    [name] => x.r.2.0.22.august.@gmail.com
    [phone] => 82286164389
    [formname] => Обратная связь
)

------------------------

------------------------
13.02.2023 15:29:41
CallbackEmailModal
Array
(
    [name] => Сергей
    [phone] => +7(999)700-87-09
    [comment] => Название продуката: Лестничная ступень SР 34х38/30х3 Zn 1000х270 мм
Комменатрий: Добрый день как приобрести товар с доставкой
    [formname] => Задать вопрос по товару
)

------------------------

------------------------
13.02.2023 15:44:16
Order
Array
(
    [name] => Актюбин С.Г.
    [email] => serj.aktiubin@gmail.com
    [phone] => +7-999-700-8709
    [comment] => Лестничная ступень SР 34х38/30х3 Zn 1000х270 мм, кол-во: 1, цена: 2050руб.
Сварной  настил SP 34х38/30х3 Zn 1200х1000 мм, кол-во: 1, цена: 6300руб.
Способ доставки: Самовывоз со склада
Выберите способ оплаты: Оплата наличным

Комментарий к заказу: 

    [formname] => Заказ из корзины
    [fields] => Array
        (
            [price] => 16550
        )

)

------------------------

------------------------
13.02.2023 16:10:26
Order
Array
(
    [name] => Актюбин С.Г.
    [email] => serj.aktiubin@gmail.com
    [phone] => +7-999-700-8709
    [comment] => Сварной  настил SP 34х38/30х3 Zn 1200х1000 мм, кол-во: 1, цена: 6300руб.
Лестничная ступень SР 34х38/30х3 Zn 1000х270 мм, кол-во: 1, цена: 2050руб.
Способ доставки: Доставка автотранспортом поставщика
Выберите способ оплаты: Оплата на расчетный счет организации
Адрес доставки: город Белгород

Комментарий к заказу: 

    [formname] => Заказ из корзины
    [fields] => Array
        (
            [price] => 16550
        )

)

------------------------

------------------------
13.02.2023 17:38:59
CallbackFormEmailModal
Array
(
    [name] => alexpopov716253@gmail.com
    [phone] => 85644595397
    [formname] => Обратная связь
)

------------------------
