
------------------------
26.05.2023 1:48:18
CallbackFormEmailModal
Array
(
    [name] => temptest758300173@gmail.com
    [phone] => 85184983184
    [formname] => Обратная связь
)

------------------------

------------------------
26.05.2023 4:46:13
CallbackFormEmailModal
Array
(
    [name] => joe_stiffy@jerseyshoreelectric.com
    [phone] => 81764878461
    [formname] => Обратная связь
)

------------------------

------------------------
26.05.2023 5:17:54
CallbackFormEmailModal
Array
(
    [name] => vqjhobrt@mail.ru
    [phone] => +791234567502
    [formname] => Обратная связь
)

------------------------

------------------------
26.05.2023 6:59:12
CallbackFormEmailModal
Array
(
    [name] => dezzydogytoken@gmail.com
    [phone] => 87195657886
    [formname] => Обратная связь
)

------------------------

------------------------
26.05.2023 7:12:59
CallbackFormEmailModal
Array
(
    [name] => callvisvetlana@list.ru
    [phone] => 84663735926
    [formname] => Обратная связь
)

------------------------

------------------------
26.05.2023 10:11:46
CallbackFormEmailModal
Array
(
    [name] => no-replysuinuts@gmail.com
    [phone] => 84122617862
    [formname] => Обратная связь
)

------------------------

------------------------
26.05.2023 13:26:32
CallbackFormEmailModal
Array
(
    [name] => seolc2023xrm@outlook.com
    [phone] => 88926982549
    [formname] => Обратная связь
)

------------------------
