
------------------------
05.11.2023 0:18:40
CallbackFormEmailModal
Array
(
    [name] => lolerex241@ovout.com
    [phone] => 83756281687
    [formname] => Обратная связь
)

------------------------

------------------------
05.11.2023 1:07:07
CallbackFormEmailModal
Array
(
    [name] => yourmail@gmail.com
    [phone] => 84884255251
    [formname] => Обратная связь
)

------------------------

------------------------
05.11.2023 4:49:49
CallbackFormEmailModal
Array
(
    [name] => vqjhobrt@mail.ru
    [phone] => +791234567294
    [formname] => Обратная связь
)

------------------------

------------------------
05.11.2023 8:56:20
CallbackFormEmailModal
Array
(
    [name] => dzmrffdsf34@atrimoney.site
    [phone] => 82256339297
    [formname] => Обратная связь
)

------------------------

------------------------
05.11.2023 9:01:32
CallbackFormEmailModal
Array
(
    [name] => ksfxyamv@rambler.ru
    [phone] => 87298818556
    [formname] => Обратная связь
)

------------------------

------------------------
05.11.2023 9:25:04
CallbackFormEmailModal
Array
(
    [name] => konk18@atrimoney.site
    [phone] => 89778649836
    [formname] => Обратная связь
)

------------------------

------------------------
05.11.2023 11:10:37
CallbackFormEmailModal
Array
(
    [name] => 3@prezzocomprare.com
    [phone] => 88277231176
    [formname] => Обратная связь
)

------------------------

------------------------
05.11.2023 11:28:31
CallbackFormEmailModal
Array
(
    [name] => mrvs321545@atrimoney.site
    [phone] => 88734585731
    [formname] => Обратная связь
)

------------------------

------------------------
05.11.2023 12:07:57
CallbackFormEmailModal
Array
(
    [name] => fa4wfcmscdranya@rambler.ru
    [phone] => 84875431957
    [formname] => Обратная связь
)

------------------------

------------------------
05.11.2023 15:18:54
CallbackFormEmailModal
Array
(
    [name] => doktor@superstomatologpro.ru
    [phone] => 82955472384
    [formname] => Обратная связь
)

------------------------

------------------------
05.11.2023 16:23:06
CallbackFormEmailModal
Array
(
    [name] => kentuk21@atrimoney.site
    [phone] => 81224738869
    [formname] => Обратная связь
)

------------------------

------------------------
05.11.2023 17:12:46
CallbackFormEmailModal
Array
(
    [name] => barcelona@espana.gold
    [phone] => 81532659744
    [formname] => Обратная связь
)

------------------------

------------------------
05.11.2023 19:44:35
CallbackFormEmailModal
Array
(
    [name] => callvisvetlana@list.ru
    [phone] => 88371749117
    [formname] => Обратная связь
)

------------------------

------------------------
05.11.2023 21:51:29
CallbackFormEmailModal
Array
(
    [name] => lenagazprom@gmail.com
    [phone] => 84828128649
    [formname] => Обратная связь
)

------------------------
