
------------------------
15.12.2025 0:38:27
CallbackFormEmailModal
Array
(
    [name] => 123@2mail2.ru
    [phone] => 88617289848
    [formname] => Обратная связь
)

------------------------

------------------------
15.12.2025 15:09:11
CallbackFormEmailModal
Array
(
    [name] => ovvknena@fringmail.com
    [phone] => 81568756794
    [formname] => Обратная связь
)

------------------------

------------------------
15.12.2025 15:47:09
CallbackFormEmailModal
Array
(
    [name] => bobbyFar@mail.ru
    [phone] => 85995785739
    [formname] => Обратная связь
)

------------------------
