
------------------------
12.04.2023 4:26:55
CallbackFormEmailModal
Array
(
    [name] => k.e.i.t.h.y.2.a.rterberryrl@gmail.com
    [phone] => 89445866176
    [formname] => Обратная связь
)

------------------------

------------------------
12.04.2023 7:38:09
CallbackFormEmailModal
Array
(
    [name] => kuzinaalexandrina@yandex.ru
    [phone] => 82792562973
    [formname] => Обратная связь
)

------------------------

------------------------
12.04.2023 9:25:03
CallbackFormEmailModal
Array
(
    [name] => aniyashrink@yandex.ru
    [phone] => 81846884243
    [formname] => Обратная связь
)

------------------------

------------------------
12.04.2023 10:42:41
CallbackFormEmailModal
Array
(
    [name] => dnnfdfjgq@outlook.com
    [phone] => 83259677485
    [formname] => Обратная связь
)

------------------------

------------------------
12.04.2023 10:48:19
CallbackFormEmailModal
Array
(
    [name] => nabche@avio.pochtas.ru
    [phone] => 82423837922
    [formname] => Обратная связь
)

------------------------

------------------------
12.04.2023 11:12:23
CallbackFormEmailModal
Array
(
    [name] => datafastpx@gmail.com
    [phone] => 86735967225
    [formname] => Обратная связь
)

------------------------

------------------------
12.04.2023 11:38:12
CallbackFormEmailModal
Array
(
    [name] => abuzijis@a.topeemailnew.com
    [phone] => 88188768215
    [formname] => Обратная связь
)

------------------------

------------------------
12.04.2023 11:54:26
CallbackFormEmailModal
Array
(
    [name] => imaujeno@a.topeemailnew.com
    [phone] => 85947632128
    [formname] => Обратная связь
)

------------------------

------------------------
12.04.2023 15:24:33
CallbackFormEmailModal
Array
(
    [name] => aniyashrink@yandex.ru
    [phone] => 88728424299
    [formname] => Обратная связь
)

------------------------

------------------------
12.04.2023 16:33:27
CallbackFormEmailModal
Array
(
    [name] => vadimka.mikhaylov.80@mail.ru
    [phone] => 81291876748
    [formname] => Обратная связь
)

------------------------

------------------------
12.04.2023 16:55:21
CallbackFormEmailModal
Array
(
    [name] => 4wifl4@course-fitness.com
    [phone] => 83496845117
    [formname] => Обратная связь
)

------------------------

------------------------
12.04.2023 18:02:07
CallbackFormEmailModal
Array
(
    [name] => werso085600iu@rambler.ru
    [phone] => 84884791288
    [formname] => Обратная связь
)

------------------------

------------------------
12.04.2023 20:57:59
CallbackFormEmailModal
Array
(
    [name] => xlehy@course-fitness.com
    [phone] => 87963978625
    [formname] => Обратная связь
)

------------------------
