
------------------------
26.09.2021 0:58:19
CallbackFormEmailModal
Array
(
    [name] => samariasaritad13p90ti@gmail.com
    [phone] => samariasaritad13p90ti@gmail.com
    [formname] => Обратная связь
)

------------------------

------------------------
26.09.2021 0:58:23
CallbackFormEmailModal
Array
(
    [name] => samariasaritad13p90ti@gmail.com
    [phone] => samariasaritad13p90ti@gmail.com
    [formname] => Обратная связь
)

------------------------

------------------------
26.09.2021 0:58:31
CallbackFormEmailModal
Array
(
    [name] => samariasaritad13p90ti@gmail.com
    [phone] => samariasaritad13p90ti@gmail.com
    [formname] => Обратная связь
)

------------------------

------------------------
26.09.2021 0:58:34
CallbackFormEmailModal
Array
(
    [name] => samariasaritad13p90ti@gmail.com
    [phone] => samariasaritad13p90ti@gmail.com
    [formname] => Обратная связь
)

------------------------

------------------------
26.09.2021 0:58:41
CallbackFormEmailModal
Array
(
    [name] => samariasaritad13p90ti@gmail.com
    [phone] => samariasaritad13p90ti@gmail.com
    [formname] => Обратная связь
)

------------------------

------------------------
26.09.2021 0:58:44
CallbackFormEmailModal
Array
(
    [name] => samariasaritad13p90ti@gmail.com
    [phone] => samariasaritad13p90ti@gmail.com
    [formname] => Обратная связь
)

------------------------

------------------------
26.09.2021 0:59:33
CallbackFormEmailModal
Array
(
    [name] => samariasaritad13p90ti@gmail.com
    [phone] => samariasaritad13p90ti@gmail.com
    [formname] => Обратная связь
)

------------------------

------------------------
26.09.2021 0:59:36
CallbackFormEmailModal
Array
(
    [name] => samariasaritad13p90ti@gmail.com
    [phone] => samariasaritad13p90ti@gmail.com
    [formname] => Обратная связь
)

------------------------

------------------------
26.09.2021 1:00:10
CallbackFormEmailModal
Array
(
    [name] => samariasaritad13p90ti@gmail.com
    [phone] => samariasaritad13p90ti@gmail.com
    [formname] => Обратная связь
)

------------------------

------------------------
26.09.2021 1:00:13
CallbackFormEmailModal
Array
(
    [name] => samariasaritad13p90ti@gmail.com
    [phone] => samariasaritad13p90ti@gmail.com
    [formname] => Обратная связь
)

------------------------

------------------------
26.09.2021 1:00:20
CallbackFormEmailModal
Array
(
    [name] => samariasaritad13p90ti@gmail.com
    [phone] => samariasaritad13p90ti@gmail.com
    [formname] => Обратная связь
)

------------------------

------------------------
26.09.2021 1:00:23
CallbackFormEmailModal
Array
(
    [name] => samariasaritad13p90ti@gmail.com
    [phone] => samariasaritad13p90ti@gmail.com
    [formname] => Обратная связь
)

------------------------

------------------------
26.09.2021 1:00:31
CallbackFormEmailModal
Array
(
    [name] => samariasaritad13p90ti@gmail.com
    [phone] => samariasaritad13p90ti@gmail.com
    [formname] => Обратная связь
)

------------------------

------------------------
26.09.2021 1:00:34
CallbackFormEmailModal
Array
(
    [name] => samariasaritad13p90ti@gmail.com
    [phone] => samariasaritad13p90ti@gmail.com
    [formname] => Обратная связь
)

------------------------

------------------------
26.09.2021 1:00:48
CallbackFormEmailModal
Array
(
    [name] => samariasaritad13p90ti@gmail.com
    [phone] => samariasaritad13p90ti@gmail.com
    [formname] => Обратная связь
)

------------------------

------------------------
26.09.2021 1:00:51
CallbackFormEmailModal
Array
(
    [name] => samariasaritad13p90ti@gmail.com
    [phone] => samariasaritad13p90ti@gmail.com
    [formname] => Обратная связь
)

------------------------

------------------------
26.09.2021 1:00:58
CallbackFormEmailModal
Array
(
    [name] => samariasaritad13p90ti@gmail.com
    [phone] => samariasaritad13p90ti@gmail.com
    [formname] => Обратная связь
)

------------------------

------------------------
26.09.2021 1:01:01
CallbackFormEmailModal
Array
(
    [name] => samariasaritad13p90ti@gmail.com
    [phone] => samariasaritad13p90ti@gmail.com
    [formname] => Обратная связь
)

------------------------

------------------------
26.09.2021 1:01:14
CallbackFormEmailModal
Array
(
    [name] => samariasaritad13p90ti@gmail.com
    [phone] => samariasaritad13p90ti@gmail.com
    [formname] => Обратная связь
)

------------------------

------------------------
26.09.2021 1:01:17
CallbackFormEmailModal
Array
(
    [name] => samariasaritad13p90ti@gmail.com
    [phone] => samariasaritad13p90ti@gmail.com
    [formname] => Обратная связь
)

------------------------

------------------------
26.09.2021 22:26:41
Order
Array
(
    [name] => Агарков Владимир Александрович
    [email] => agarkov_va@mail.ru
    [phone] => +7-928-417-4611
    [comment] => Лестничная ступень SР 34х38/30х2 Zn 600х240 мм, кол-во: 1, цена: 1100руб.
Лестничная ступень SР 34х38/30х2 Zn 800х240 мм, кол-во: 1, цена: 1480руб.
Способ доставки: Доставка автотранспортом поставщика
Выберите способ оплаты: Оплата на расчетный счет организации
Адрес доставки: г,Геленджик ул,Кончаловского 4

Комментарий к заказу: 

    [formname] => Заказ из корзины
    [fields] => Array
        (
            [price] => 20640
        )

)

------------------------
