
------------------------
29.04.2022 0:23:07
CallbackFormEmailModal
Array
(
    [name] => rebekah.bourque@gmail.com
    [phone] => 89038781262
    [formname] => Обратная связь
)

------------------------

------------------------
29.04.2022 5:43:46
CallbackFormEmailModal
Array
(
    [name] => ha.n.s.m.a.r.ti.na.n.dse.rson@gmail.com
    [phone] => 89039141524
    [formname] => Обратная связь
)

------------------------

------------------------
29.04.2022 11:22:08
CallbackFormEmailModal
Array
(
    [name] => jxebpkmngq@fovyyg.com
    [phone] => 89034992468
    [formname] => Обратная связь
)

------------------------

------------------------
29.04.2022 11:24:03
CallbackFormEmailModal
Array
(
    [name] => michal.endler00@gmail.com
    [phone] => 84554626395
    [formname] => Обратная связь
)

------------------------

------------------------
29.04.2022 15:12:47
CallbackFormEmailModal
Array
(
    [name] => Ruthie Giacomo
    [phone] => AgustinaRiva@gmail.com
    [formname] => Обратная связь
)

------------------------

------------------------
29.04.2022 16:49:08
CallbackFormEmailModal
Array
(
    [name] => vinayy26jan@gmail.com
    [phone] => 89031867551
    [formname] => Обратная связь
)

------------------------

------------------------
29.04.2022 22:05:07
CallbackFormEmailModal
Array
(
    [name] => ml.barrett@yahoo.com
    [phone] => 89032983639
    [formname] => Обратная связь
)

------------------------
