
------------------------
12.05.2024 0:11:45
CallbackFormEmailModal
Array
(
    [name] => sertas@remsanteh-groupe.com.ua
    [phone] => 86585791183
    [formname] => Обратная связь
)

------------------------

------------------------
12.05.2024 3:15:57
CallbackFormEmailModal
Array
(
    [name] => remsdneopepasopoeoeiaoie@gmail.com
    [phone] => 86463894121
    [formname] => Обратная связь
)

------------------------

------------------------
12.05.2024 6:36:44
CallbackFormEmailModal
Array
(
    [name] => tarlanoloev@gmail.com
    [phone] => 89954189926
    [formname] => Обратная связь
)

------------------------

------------------------
12.05.2024 7:32:51
CallbackFormEmailModal
Array
(
    [name] => sullivanl.o.we.89.9@gmail.com
    [phone] => 84652547518
    [formname] => Обратная связь
)

------------------------

------------------------
12.05.2024 9:53:32
CallbackFormEmailModal
Array
(
    [name] => suernrgrrx@outlook.com
    [phone] => 84469324946
    [formname] => Обратная связь
)

------------------------

------------------------
12.05.2024 10:33:47
CallbackFormEmailModal
Array
(
    [name] => borisgendelman22@outlook.com
    [phone] => 81765891543
    [formname] => Обратная связь
)

------------------------

------------------------
12.05.2024 13:40:12
CallbackFormEmailModal
Array
(
    [name] => direct-relkama@mail.ru
    [phone] => 82673386462
    [formname] => Обратная связь
)

------------------------

------------------------
12.05.2024 14:12:39
CallbackFormEmailModal
Array
(
    [name] => brudermanni2024@gmail.com
    [phone] => 81773643485
    [formname] => Обратная связь
)

------------------------

------------------------
12.05.2024 14:43:29
CallbackFormEmailModal
Array
(
    [name] => mu.s.ke.8656@gmail.com
    [phone] => 85686686151
    [formname] => Обратная связь
)

------------------------

------------------------
12.05.2024 16:39:48
CallbackFormEmailModal
Array
(
    [name] => vasiliigonta92@gmail.com
    [phone] => 88884337932
    [formname] => Обратная связь
)

------------------------

------------------------
12.05.2024 17:38:26
CallbackFormEmailModal
Array
(
    [name] => yourmail@gmail.com
    [phone] => 84829687932
    [formname] => Обратная связь
)

------------------------

------------------------
12.05.2024 22:07:06
CallbackFormEmailModal
Array
(
    [name] => smith.a.l.on1.2.1@gmail.com
    [phone] => 82155957229
    [formname] => Обратная связь
)

------------------------
