
------------------------
19.01.2024 0:21:26
CallbackFormEmailModal
Array
(
    [name] => indomitowot@outlook.com
    [phone] => 84836756591
    [formname] => Обратная связь
)

------------------------

------------------------
19.01.2024 6:15:24
CallbackFormEmailModal
Array
(
    [name] => jason62lee52as@rambler.ru
    [phone] => 84296449971
    [formname] => Обратная связь
)

------------------------

------------------------
19.01.2024 6:44:54
CallbackFormEmailModal
Array
(
    [name] => jason77lopez34as@rambler.ru
    [phone] => 88722778663
    [formname] => Обратная связь
)

------------------------

------------------------
19.01.2024 9:00:27
CallbackFormEmailModal
Array
(
    [name] => dgfh465y@internet.ru
    [phone] => 89356618566
    [formname] => Обратная связь
)

------------------------

------------------------
19.01.2024 10:20:12
CallbackFormEmailModal
Array
(
    [name] => indomitowot@outlook.com
    [phone] => 84293176453
    [formname] => Обратная связь
)

------------------------

------------------------
19.01.2024 14:05:25
CallbackFormEmailModal
Array
(
    [name] => peddbearsfor1994@mail.ru
    [phone] => 89294878348
    [formname] => Обратная связь
)

------------------------

------------------------
19.01.2024 14:05:26
CallbackFormEmailModal
Array
(
    [name] => statrimo1985@mail.ru
    [phone] => 88363144142
    [formname] => Обратная связь
)

------------------------

------------------------
19.01.2024 14:07:03
CallbackFormEmailModal
Array
(
    [name] => biaquiskir1983@mail.ru
    [phone] => 81157986326
    [formname] => Обратная связь
)

------------------------

------------------------
19.01.2024 14:14:29
CallbackFormEmailModal
Array
(
    [name] => rokemneeck@mail.ru
    [phone] => 84139595972
    [formname] => Обратная связь
)

------------------------

------------------------
19.01.2024 14:20:32
CallbackFormEmailModal
Array
(
    [name] => indomitowot@outlook.com
    [phone] => 87921532983
    [formname] => Обратная связь
)

------------------------

------------------------
19.01.2024 14:20:55
CallbackFormEmailModal
Array
(
    [name] => lagunov_viktor_1995_15_8@inbox.ru
    [phone] => 89763895676
    [formname] => Обратная связь
)

------------------------

------------------------
19.01.2024 14:21:37
CallbackFormEmailModal
Array
(
    [name] => laagkimpmi@mail.ru
    [phone] => 86412882936
    [formname] => Обратная связь
)

------------------------

------------------------
19.01.2024 14:24:37
CallbackFormEmailModal
Array
(
    [name] => balashova.anna.1989.20.9@list.ru
    [phone] => 88323255155
    [formname] => Обратная связь
)

------------------------

------------------------
19.01.2024 14:38:47
CallbackFormEmailModal
Array
(
    [name] => blazkilself1984@mail.ru
    [phone] => 84216531152
    [formname] => Обратная связь
)

------------------------

------------------------
19.01.2024 14:41:01
CallbackFormEmailModal
Array
(
    [name] => invalopackman1863@mail.ru
    [phone] => 86635172433
    [formname] => Обратная связь
)

------------------------

------------------------
19.01.2024 14:44:09
CallbackFormEmailModal
Array
(
    [name] => hafasummacal7916@mail.ru
    [phone] => 87378961678
    [formname] => Обратная связь
)

------------------------

------------------------
19.01.2024 14:45:30
CallbackFormEmailModal
Array
(
    [name] => zubkova_taniusha_1995_23_8@bk.ru
    [phone] => 89856279511
    [formname] => Обратная связь
)

------------------------

------------------------
19.01.2024 14:48:42
CallbackFormEmailModal
Array
(
    [name] => ceithinre1980@mail.ru
    [phone] => 88974211797
    [formname] => Обратная связь
)

------------------------

------------------------
19.01.2024 14:56:46
CallbackFormEmailModal
Array
(
    [name] => paraipastmi@list.ru
    [phone] => 84636685244
    [formname] => Обратная связь
)

------------------------

------------------------
19.01.2024 15:00:34
CallbackFormEmailModal
Array
(
    [name] => iintabre@mail.ru
    [phone] => 83767783516
    [formname] => Обратная связь
)

------------------------

------------------------
19.01.2024 15:03:35
CallbackFormEmailModal
Array
(
    [name] => teochigletigua3345@mail.ru
    [phone] => 84754251747
    [formname] => Обратная связь
)

------------------------

------------------------
19.01.2024 15:11:37
CallbackFormEmailModal
Array
(
    [name] => teochigletigua3345@mail.ru
    [phone] => 86559161595
    [formname] => Обратная связь
)

------------------------

------------------------
19.01.2024 15:12:50
CallbackFormEmailModal
Array
(
    [name] => tiocicie.4769@mail.ru
    [phone] => 84923769643
    [formname] => Обратная связь
)

------------------------

------------------------
19.01.2024 15:28:05
CallbackFormEmailModal
Array
(
    [name] => paraipastmi@list.ru
    [phone] => 82383572449
    [formname] => Обратная связь
)

------------------------

------------------------
19.01.2024 15:28:28
CallbackFormEmailModal
Array
(
    [name] => foncardda1988@mail.ru
    [phone] => 84815434849
    [formname] => Обратная связь
)

------------------------

------------------------
19.01.2024 16:53:42
CallbackFormEmailModal
Array
(
    [name] => alfa@ochu.com.ua
    [phone] => 85861271186
    [formname] => Обратная связь
)

------------------------

------------------------
19.01.2024 20:44:32
CallbackFormEmailModal
Array
(
    [name] => zelenayanit@yandex.ru
    [phone] => 86717776276
    [formname] => Обратная связь
)

------------------------

------------------------
19.01.2024 23:52:36
CallbackFormEmailModal
Array
(
    [name] => wed2222@gmail.com
    [phone] => 88188679761
    [formname] => Обратная связь
)

------------------------
