
------------------------
14.04.2023 0:25:03
CallbackFormEmailModal
Array
(
    [name] => bszll@course-fitness.com
    [phone] => 85422287221
    [formname] => Обратная связь
)

------------------------

------------------------
14.04.2023 2:03:56
CallbackFormEmailModal
Array
(
    [name] => volgograd@avio.pochtas.ru
    [phone] => 81153476793
    [formname] => Обратная связь
)

------------------------

------------------------
14.04.2023 4:04:57
CallbackFormEmailModal
Array
(
    [name] => bonprezzofcnq4sprutl@free-private-mail.com
    [phone] => 89555593265
    [formname] => Обратная связь
)

------------------------

------------------------
14.04.2023 7:53:26
CallbackFormEmailModal
Array
(
    [name] => vqjhobrt@mail.ru
    [phone] => +791234567416
    [formname] => Обратная связь
)

------------------------

------------------------
14.04.2023 8:30:58
CallbackFormEmailModal
Array
(
    [name] => kk.a.s.h.hu.rr.le.y@gmail.com
    [phone] => 81195462641
    [formname] => Обратная связь
)

------------------------

------------------------
14.04.2023 11:51:20
CallbackFormEmailModal
Array
(
    [name] => dvs@avio.pochtas.ru
    [phone] => 86129578686
    [formname] => Обратная связь
)

------------------------

------------------------
14.04.2023 11:54:12
CallbackFormEmailModal
Array
(
    [name] => nikitac.shmelevhco@mail.ru
    [phone] => 84829754233
    [formname] => Обратная связь
)

------------------------

------------------------
14.04.2023 12:23:42
CallbackFormEmailModal
Array
(
    [name] => cg9565vktcil@gmail.com
    [phone] => 84119525887
    [formname] => Обратная связь
)

------------------------

------------------------
14.04.2023 14:10:58
CallbackFormEmailModal
Array
(
    [name] => k.k.a.shh.urr.ley@gmail.com
    [phone] => 85814277579
    [formname] => Обратная связь
)

------------------------

------------------------
14.04.2023 14:10:58
CallbackFormEmailModal
Array
(
    [name] => k.k.ash.h.urr.le.y@gmail.com
    [phone] => 87117744394
    [formname] => Обратная связь
)

------------------------

------------------------
14.04.2023 14:11:00
CallbackFormEmailModal
Array
(
    [name] => k.kas.h.h.u.r.rley@gmail.com
    [phone] => 87264844437
    [formname] => Обратная связь
)

------------------------

------------------------
14.04.2023 14:16:49
CallbackFormEmailModal
Array
(
    [name] => 9cjmo@course-fitness.com
    [phone] => 82834574554
    [formname] => Обратная связь
)

------------------------

------------------------
14.04.2023 14:16:49
CallbackFormEmailModal
Array
(
    [name] => nvb9v@course-fitness.com
    [phone] => 84492553612
    [formname] => Обратная связь
)

------------------------

------------------------
14.04.2023 18:57:10
CallbackFormEmailModal
Array
(
    [name] => XolandyJac@pochtaserver.com
    [phone] => 83249195744
    [formname] => Обратная связь
)

------------------------

------------------------
14.04.2023 18:58:05
CallbackFormEmailModal
Array
(
    [name] => CivanYnonatha@pochtaserver.com
    [phone] => 86859314574
    [formname] => Обратная связь
)

------------------------
