
------------------------
15.03.2023 3:25:20
CallbackFormEmailModal
Array
(
    [name] => zpqesgxyngr@mail.ru
    [phone] => +791234567892
    [formname] => Обратная связь
)

------------------------

------------------------
15.03.2023 12:28:46
CallbackFormEmailModal
Array
(
    [name] => Keven Deaderick
    [phone] => SharikaAlcaraz66765@gmail.com
    [formname] => Обратная связь
)

------------------------

------------------------
15.03.2023 15:54:57
CallbackFormEmailModal
Array
(
    [name] => aswxhdsvtiv@mail.ru
    [phone] => +79123456592
    [formname] => Обратная связь
)

------------------------

------------------------
15.03.2023 18:47:12
CallbackFormEmailModal
Array
(
    [name] => hyrazxlwj@ertilenvire.online
    [phone] => 87831869227
    [formname] => Обратная связь
)

------------------------

------------------------
15.03.2023 23:03:18
CallbackFormEmailModal
Array
(
    [name] => avitoneavito67@gmail.com
    [phone] => 89394173655
    [formname] => Обратная связь
)

------------------------
