
------------------------
01.06.2024 1:37:30
CallbackFormEmailModal
Array
(
    [name] => mitaxebandilis@gmail.com
    [phone] => 84396387128
    [formname] => Обратная связь
)

------------------------

------------------------
01.06.2024 5:31:22
CallbackFormEmailModal
Array
(
    [name] => frincuylagua198746@rambler.ru
    [phone] => +71231234567
    [formname] => Обратная связь
)

------------------------

------------------------
01.06.2024 6:01:39
CallbackFormEmailModal
Array
(
    [name] => gangsaslo@mailcos.site

    [phone] => 87322444959
    [formname] => Обратная связь
)

------------------------

------------------------
01.06.2024 7:33:37
CallbackFormEmailModal
Array
(
    [name] => chanelle_carbery25@rambler.ru
    [phone] => 84873753227
    [formname] => Обратная связь
)

------------------------

------------------------
01.06.2024 8:33:54
CallbackFormEmailModal
Array
(
    [name] => brudermanni2024@gmail.com
    [phone] => 85255587441
    [formname] => Обратная связь
)

------------------------

------------------------
01.06.2024 10:38:46
CallbackFormEmailModal
Array
(
    [name] => bicondeibi1987@mail.ru
    [phone] => 86236798257
    [formname] => Обратная связь
)

------------------------

------------------------
01.06.2024 11:07:40
CallbackFormEmailModal
Array
(
    [name] => iu.n.sk.i.y.gipe.rto.n.ik.@gmail.com
    [phone] => 83944157324
    [formname] => Обратная связь
)

------------------------

------------------------
01.06.2024 16:10:32
CallbackFormEmailModal
Array
(
    [name] => golubevaevelina19908114@list.ru
    [phone] => 87963728635
    [formname] => Обратная связь
)

------------------------

------------------------
01.06.2024 16:12:35
CallbackFormEmailModal
Array
(
    [name] => M.il.e.sCi.nd.y4.8@gmail.com
    [phone] => 88255565466
    [formname] => Обратная связь
)

------------------------
