
------------------------
18.06.2024 4:43:58
CallbackFormEmailModal
Array
(
    [name] => gjhruke2@outlook.com
    [phone] => 81956877124
    [formname] => Обратная связь
)

------------------------

------------------------
18.06.2024 6:59:52
CallbackFormEmailModal
Array
(
    [name] => gbytaskahhea1973@op.pl
    [phone] => 85286485786
    [formname] => Обратная связь
)

------------------------

------------------------
18.06.2024 9:40:38
CallbackFormEmailModal
Array
(
    [name] => inet4747@outlook.com
    [phone] => 86568489769
    [formname] => Обратная связь
)

------------------------

------------------------
18.06.2024 10:36:17
CallbackFormEmailModal
Array
(
    [name] => por.a.c.ic.u.m83.@gmail.com
    [phone] => 87495669677
    [formname] => Обратная связь
)

------------------------

------------------------
18.06.2024 14:43:32
CallbackFormEmailModal
Array
(
    [name] => dydtwgcuy@farironalds.com
    [phone] => 87285612275
    [formname] => Обратная связь
)

------------------------

------------------------
18.06.2024 15:42:40
CallbackFormEmailModal
Array
(
    [name] => hatchringromas1971@op.pl
    [phone] => 85954415384
    [formname] => Обратная связь
)

------------------------

------------------------
18.06.2024 15:55:33
CallbackFormEmailModal
Array
(
    [name] => gamer@royalspins-game.com
    [phone] => 83484442952
    [formname] => Обратная связь
)

------------------------

------------------------
18.06.2024 17:37:55
CallbackFormEmailModal
Array
(
    [name] => rirebufhand1971@op.pl
    [phone] => 84284324897
    [formname] => Обратная связь
)

------------------------

------------------------
18.06.2024 19:41:16
CallbackFormEmailModal
Array
(
    [name] => erindiape1976@op.pl
    [phone] => 85226837915
    [formname] => Обратная связь
)

------------------------

------------------------
18.06.2024 23:28:29
CallbackFormEmailModal
Array
(
    [name] => comketiwi@mail3go.online

    [phone] => 83937719164
    [formname] => Обратная связь
)

------------------------

------------------------
18.06.2024 23:57:59
CallbackFormEmailModal
Array
(
    [name] => gjhruke2@outlook.com
    [phone] => 86861783156
    [formname] => Обратная связь
)

------------------------
