
------------------------
26.12.2022 0:48:11
CallbackFormEmailModal
Array
(
    [name] => bankrot-baz32193@list.ru
    [phone] => 79167114430
    [formname] => Обратная связь
)

------------------------

------------------------
26.12.2022 1:57:42
CallbackFormEmailModal
Array
(
    [name] => zwisoltiving1980@seocdvig.ru
    [phone] => 83418435227
    [formname] => Обратная связь
)

------------------------

------------------------
26.12.2022 3:21:48
CallbackFormEmailModal
Array
(
    [name] => sypeerymn@onemailtop.xyz
    [phone] => 82836494887
    [formname] => Обратная связь
)

------------------------

------------------------
26.12.2022 5:25:14
CallbackFormEmailModal
Array
(
    [name] => velpspews@onymail.xyz
    [phone] => 82784249497
    [formname] => Обратная связь
)

------------------------

------------------------
26.12.2022 16:34:59
CallbackFormEmailModal
Array
(
    [name] => ca.lvi.nbe.st.am.ig.o.@gmail.com
    [phone] => 88299591153
    [formname] => Обратная связь
)

------------------------

------------------------
26.12.2022 17:14:40
CallbackFormEmailModal
Array
(
    [name] => i.ngam.9.39.@gmail.com
    [phone] => 87318855324
    [formname] => Обратная связь
)

------------------------

------------------------
26.12.2022 17:14:40
CallbackFormEmailModal
Array
(
    [name] => ir.in.amas.lova.61.8@gmail.com
    [phone] => 81587867491
    [formname] => Обратная связь
)

------------------------

------------------------
26.12.2022 17:17:36
CallbackFormEmailModal
Array
(
    [name] => m.iron.bit.k.ovin.@gmail.com
    [phone] => 87564692579
    [formname] => Обратная связь
)

------------------------
