
------------------------
31.12.2022 3:03:06
CallbackFormEmailModal
Array
(
    [name] => info@hifinance.ru
    [phone] => +7 (495) 142-56-63
    [formname] => Обратная связь
)

------------------------

------------------------
31.12.2022 7:27:57
CallbackFormEmailModal
Array
(
    [name] => m.iron.bi.tko.v.i.n.@gmail.com
    [phone] => 82141851258
    [formname] => Обратная связь
)

------------------------

------------------------
31.12.2022 7:27:59
CallbackFormEmailModal
Array
(
    [name] => in.gam9.3.9@gmail.com
    [phone] => 85445276197
    [formname] => Обратная связь
)

------------------------

------------------------
31.12.2022 7:29:46
CallbackFormEmailModal
Array
(
    [name] => ir.in.a.m.asl.ova.6.1.8.@gmail.com
    [phone] => 87893291424
    [formname] => Обратная связь
)

------------------------

------------------------
31.12.2022 9:26:24
CallbackFormEmailModal
Array
(
    [name] => alexpopov716253@gmail.com
    [phone] => 85413562574
    [formname] => Обратная связь
)

------------------------

------------------------
31.12.2022 11:33:23
CallbackFormEmailModal
Array
(
    [name] => Eric Jones
    [phone] => 555-555-1212
    [formname] => Обратная связь
)

------------------------

------------------------
31.12.2022 13:14:48
CallbackFormEmailModal
Array
(
    [name] => veronikapikos@yandex.ru
    [phone] => 88497162337
    [formname] => Обратная связь
)

------------------------

------------------------
31.12.2022 13:26:31
CallbackFormEmailModal
Array
(
    [name] => Liainarne@bernardmail.xyz
    [phone] => 84461395821
    [formname] => Обратная связь
)

------------------------

------------------------
31.12.2022 15:41:00
CallbackFormEmailModal
Array
(
    [name] => Liainarne@bernardmail.xyz
    [phone] => 86422718443
    [formname] => Обратная связь
)

------------------------

------------------------
31.12.2022 18:05:21
CallbackFormEmailModal
Array
(
    [name] => Eric Jones
    [phone] => 555-555-1212
    [formname] => Обратная связь
)

------------------------

------------------------
31.12.2022 18:32:28
CallbackFormEmailModal
Array
(
    [name] => ljs6lg@course-fitness.com
    [phone] => 84845467171
    [formname] => Обратная связь
)

------------------------
