
------------------------
25.05.2022 0:44:19
CallbackFormEmailModal
Array
(
    [name] => sjoseph97@hotmail.com
    [phone] => 89033337450
    [formname] => Обратная связь
)

------------------------

------------------------
25.05.2022 2:53:34
CallbackFormEmailModal
Array
(
    [name] => ry5584@yahoo.com
    [phone] => 89030426840
    [formname] => Обратная связь
)

------------------------

------------------------
25.05.2022 3:46:13
CallbackFormEmailModal
Array
(
    [name] => americaninsurancefl@yahoo.com
    [phone] => 89031183882
    [formname] => Обратная связь
)

------------------------

------------------------
25.05.2022 6:39:48
CallbackFormEmailModal
Array
(
    [name] => rama_sadegha@yahoo.com
    [phone] => 89032391304
    [formname] => Обратная связь
)

------------------------

------------------------
25.05.2022 8:14:49
CallbackFormEmailModal
Array
(
    [name] => shellyshell215@gmail.com
    [phone] => 89039697398
    [formname] => Обратная связь
)

------------------------

------------------------
25.05.2022 8:51:07
CallbackFormEmailModal
Array
(
    [name] => pirate55123@yahoo.com
    [phone] => 89033989986
    [formname] => Обратная связь
)

------------------------

------------------------
25.05.2022 12:26:22
CallbackFormEmailModal
Array
(
    [name] => producer_22@yahoo.com
    [phone] => 89039876207
    [formname] => Обратная связь
)

------------------------

------------------------
25.05.2022 13:34:38
CallbackFormEmailModal
Array
(
    [name] => blondy14_90@yahoo.com
    [phone] => 89031227716
    [formname] => Обратная связь
)

------------------------

------------------------
25.05.2022 13:56:42
CallbackFormEmailModal
Array
(
    [name] => jamescarsonphotography@gmail.com
    [phone] => 89032922083
    [formname] => Обратная связь
)

------------------------

------------------------
25.05.2022 18:16:23
CallbackFormEmailModal
Array
(
    [name] => ericksonlucy@gmail.com
    [phone] => 89038181419
    [formname] => Обратная связь
)

------------------------

------------------------
25.05.2022 18:40:20
CallbackFormEmailModal
Array
(
    [name] => prokladkifb@rambler.ru
    [phone] => 85296228181
    [formname] => Обратная связь
)

------------------------

------------------------
25.05.2022 18:55:00
CallbackFormEmailModal
Array
(
    [name] => ahmosoner@yahoo.com
    [phone] => 89035768394
    [formname] => Обратная связь
)

------------------------

------------------------
25.05.2022 19:01:54
CallbackFormEmailModal
Array
(
    [name] => calebmckenzie23@gmail.com
    [phone] => 89031748272
    [formname] => Обратная связь
)

------------------------

------------------------
25.05.2022 23:56:36
CallbackFormEmailModal
Array
(
    [name] => tracieneeley@yahoo.com
    [phone] => 89032535002
    [formname] => Обратная связь
)

------------------------
