
------------------------
16.06.2025 5:58:15
CallbackFormEmailModal
Array
(
    [name] => art.e.ma.n8.2.8.@gmail.com
    [phone] => 82899786257
    [formname] => Обратная связь
)

------------------------

------------------------
16.06.2025 9:31:35
CallbackFormEmailModal
Array
(
    [name] => oknakbyaxde@rambler.ru
    [phone] => 83168222866
    [formname] => Обратная связь
)

------------------------

------------------------
16.06.2025 9:41:32
CallbackFormEmailModal
Array
(
    [name] => osipova.liliia.1986.22.12@inbox.ru
    [phone] => 86898881266
    [formname] => Обратная связь
)

------------------------

------------------------
16.06.2025 10:40:45
CallbackFormEmailModal
Array
(
    [name] => erfgnbgfds@gmail.com
    [phone] => 81921389141
    [formname] => Обратная связь
)

------------------------

------------------------
16.06.2025 10:48:40
CallbackFormEmailModal
Array
(
    [name] => eprovbelwha@mail.ru
    [phone] => 85935435351
    [formname] => Обратная связь
)

------------------------

------------------------
16.06.2025 10:52:37
CallbackFormEmailModal
Array
(
    [name] => winsatall4ever@gmail.com
    [phone] => 88713893821
    [formname] => Обратная связь
)

------------------------

------------------------
16.06.2025 11:18:31
CallbackFormEmailModal
Array
(
    [name] => dorofeyavinogradova199056@mail.ru
    [phone] => 89534881417
    [formname] => Обратная связь
)

------------------------

------------------------
16.06.2025 11:44:03
CallbackFormEmailModal
Array
(
    [name] => filatovlenian4023@mail.ru
    [phone] => 81993253626
    [formname] => Обратная связь
)

------------------------

------------------------
16.06.2025 11:50:29
CallbackFormEmailModal
Array
(
    [name] => dionisij.grigorev.92@mail.ru
    [phone] => 88514953351
    [formname] => Обратная связь
)

------------------------

------------------------
16.06.2025 12:07:22
CallbackFormEmailModal
Array
(
    [name] => kharalampiimartyshkin@mail.ru
    [phone] => 88145486526
    [formname] => Обратная связь
)

------------------------

------------------------
16.06.2025 16:16:43
CallbackFormEmailModal
Array
(
    [name] => sinevhabibi664@bk.ru
    [phone] => 84744196915
    [formname] => Обратная связь
)

------------------------

------------------------
16.06.2025 16:18:34
CallbackFormEmailModal
Array
(
    [name] => karina_platonova_31068@mail.ru
    [phone] => 88591856634
    [formname] => Обратная связь
)

------------------------

------------------------
16.06.2025 16:27:09
Order
Array
(
    [name] => Шевченко Виктор Алексеевич
    [email] => bars07-11@mail.ru
    [phone] => +7-916-935-3236
    [comment] => Прессованный  настил P 33х11/30х2 Zn 1200х1000 мм, кол-во: 1, цена: 7990руб.
Способ доставки: Самовывоз со склада
Выберите способ оплаты: Оплата наличным

Комментарий к заказу: 

    [formname] => Заказ из корзины
    [fields] => Array
        (
            [price] => 15980
        )

)

------------------------

------------------------
16.06.2025 18:35:20
CallbackFormEmailModal
Array
(
    [name] => estelaadleyrt0m@list.ru
    [phone] => 86589293987
    [formname] => Обратная связь
)

------------------------

------------------------
16.06.2025 19:03:49
CallbackFormEmailModal
Array
(
    [name] => estelaadleyrt0m@list.ru
    [phone] => 86914624523
    [formname] => Обратная связь
)

------------------------

------------------------
16.06.2025 19:35:11
CallbackFormEmailModal
Array
(
    [name] => yawiviseya67@gmail.com
    [phone] => 82977412843
    [formname] => Обратная связь
)

------------------------

------------------------
16.06.2025 19:39:54
CallbackFormEmailModal
Array
(
    [name] => yourmail@gmail.com
    [phone] => 82343655829
    [formname] => Обратная связь
)

------------------------

------------------------
16.06.2025 21:05:44
CallbackFormEmailModal
Array
(
    [name] => marthaevept@iqtoper.site
    [phone] => 88577846628
    [formname] => Обратная связь
)

------------------------

------------------------
16.06.2025 21:42:46
CallbackFormEmailModal
Array
(
    [name] => tova9qt@gmx.com
    [phone] => 82634791715
    [formname] => Обратная связь
)

------------------------

------------------------
16.06.2025 21:50:28
CallbackFormEmailModal
Array
(
    [name] => panova.elena.1992.23.11@bk.ru
    [phone] => 88313398561
    [formname] => Обратная связь
)

------------------------

------------------------
16.06.2025 21:51:20
CallbackFormEmailModal
Array
(
    [name] => tatyanka-semenova-2022@mail.ru
    [phone] => 84587791287
    [formname] => Обратная связь
)

------------------------

------------------------
16.06.2025 21:53:43
CallbackFormEmailModal
Array
(
    [name] => veronika.goryunova.06.09.2001@mail.ru
    [phone] => 89672683929
    [formname] => Обратная связь
)

------------------------

------------------------
16.06.2025 22:12:06
CallbackFormEmailModal
Array
(
    [name] => coezathurpu1983@mail.ru
    [phone] => 83383451734
    [formname] => Обратная связь
)

------------------------

------------------------
16.06.2025 22:22:56
CallbackFormEmailModal
Array
(
    [name] => dionisij.grigorev.92@mail.ru
    [phone] => 81252325724
    [formname] => Обратная связь
)

------------------------

------------------------
16.06.2025 22:44:34
CallbackFormEmailModal
Array
(
    [name] => combontsegal37@mail.ru
    [phone] => 84555216321
    [formname] => Обратная связь
)

------------------------

------------------------
16.06.2025 23:32:44
CallbackFormEmailModal
Array
(
    [name] => yawiviseya67@gmail.com
    [phone] => 82262654362
    [formname] => Обратная связь
)

------------------------
