
------------------------
21.02.2023 2:27:55
CallbackFormEmailModal
Array
(
    [name] => nikitac.shmelevhco@mail.ru
    [phone] => 82856911758
    [formname] => Обратная связь
)

------------------------

------------------------
21.02.2023 5:29:57
CallbackFormEmailModal
Array
(
    [name] => nasti@pop33.site
    [phone] => 83727169652
    [formname] => Обратная связь
)

------------------------

------------------------
21.02.2023 6:41:38
CallbackFormEmailModal
Array
(
    [name] => you.15dsd.w1dg.sy.l.f.d.s@gmail.com
    [phone] => 81231982271
    [formname] => Обратная связь
)

------------------------

------------------------
21.02.2023 7:57:16
CallbackFormEmailModal
Array
(
    [name] => sssrsait@yandex.ru
    [phone] => 82619655192
    [formname] => Обратная связь
)

------------------------

------------------------
21.02.2023 10:12:57
CallbackFormEmailModal
Array
(
    [name] => chi-olsene@outlook.com
    [phone] => 84479188658
    [formname] => Обратная связь
)

------------------------

------------------------
21.02.2023 11:05:19
CallbackFormEmailModal
Array
(
    [name] => l.u.ki.n.o.vi.ch20.221.3.55@gmail.com

    [phone] => 81791681742
    [formname] => Обратная связь
)

------------------------

------------------------
21.02.2023 12:57:02
CallbackFormEmailModal
Array
(
    [name] => flavarex1981@mail.ru
    [phone] => 87784194784
    [formname] => Обратная связь
)

------------------------

------------------------
21.02.2023 15:52:41
CallbackFormEmailModal
Array
(
    [name] => fs7734@iconicompany.com
    [phone] => 89548748517
    [formname] => Обратная связь
)

------------------------

------------------------
21.02.2023 16:48:50
CallbackFormEmailModal
Array
(
    [name] => weranda32@rambler.ua
    [phone] => 81164684244
    [formname] => Обратная связь
)

------------------------

------------------------
21.02.2023 21:44:38
Order
Array
(
    [name] => Николай Игоревич Попов
    [email] => mail@ampboats.com
    [phone] => +7-978-240-3340
    [comment] => Прессованный  настил P 33х11/30х2 Zn 1200х1000 мм, кол-во: 1, цена: 7990руб.
Способ доставки: Самовывоз со склада
Выберите способ оплаты: Оплата наличным

Комментарий к заказу: 

    [formname] => Заказ из корзины
    [fields] => Array
        (
            [price] => 7990
        )

)

------------------------

------------------------
21.02.2023 23:37:48
CallbackFormEmailModal
Array
(
    [name] => werso086000iu@rambler.ru
    [phone] => 89616774672
    [formname] => Обратная связь
)

------------------------
