
------------------------
28.02.2023 9:50:39
CallbackFormEmailModal
Array
(
    [name] => aosipenkos@hotmail.com
    [phone] => 84268332244
    [formname] => Обратная связь
)

------------------------

------------------------
28.02.2023 12:49:34
CallbackFormEmailModal
Array
(
    [name] => ticomino@mail.ru
    [phone] => 86934569354
    [formname] => Обратная связь
)

------------------------

------------------------
28.02.2023 19:26:46
CallbackFormEmailModal
Array
(
    [name] => taisiya.alximowa@mail.ru
    [phone] => 84446581944
    [formname] => Обратная связь
)

------------------------
