
------------------------
24.05.2025 2:19:27
CallbackFormEmailModal
Array
(
    [name] => jdjwmvuwpi@rambler.ru
    [phone] => 83698875528
    [formname] => Обратная связь
)

------------------------

------------------------
24.05.2025 3:32:15
CallbackFormEmailModal
Array
(
    [name] => jk2f3kdf8dfk@gmail.com
    [phone] => 85492376675
    [formname] => Обратная связь
)

------------------------

------------------------
24.05.2025 4:16:52
CallbackFormEmailModal
Array
(
    [name] => yandexmarket@anonmails.de
    [phone] => 86354516393
    [formname] => Обратная связь
)

------------------------

------------------------
24.05.2025 4:53:58
CallbackFormEmailModal
Array
(
    [name] => yourmail@gmail.com
    [phone] => 88389289126
    [formname] => Обратная связь
)

------------------------

------------------------
24.05.2025 6:19:26
CallbackFormEmailModal
Array
(
    [name] => bikon777@rambler.ru
    [phone] => 83626191917
    [formname] => Обратная связь
)

------------------------

------------------------
24.05.2025 6:56:18
CallbackFormEmailModal
Array
(
    [name] => dimasmirnovpw6157@rambler.ru
    [phone] => dimasmirnovpw6157@rambler.ru
    [formname] => Обратная связь
)

------------------------

------------------------
24.05.2025 7:05:24
CallbackEmailModal
Array
(
    [name] => Othenog@mailport.lat
    [phone] => 87675167644
    [comment] => Название продуката: Щелевой канал S60 1.5мм
Комменатрий: It begins as an area of vasculitic inflammation subjacent to the tunica albuginea and progresses to focal fibrous thickening of the tunica that may extend into the intercavernosal septum <a href=https://augmentin.top/>augmentin and bladder infections</a>
    [formname] => Задать вопрос по товару
)

------------------------

------------------------
24.05.2025 9:03:50
CallbackFormEmailModal
Array
(
    [name] => shasemiskh@gazeta.pl
    [phone] => 82259727523
    [formname] => Обратная связь
)

------------------------

------------------------
24.05.2025 9:45:07
CallbackFormEmailModal
Array
(
    [name] => 20xrumer11@farironalds.com
    [phone] => 87621155312
    [formname] => Обратная связь
)

------------------------

------------------------
24.05.2025 10:13:54
CallbackFormEmailModal
Array
(
    [name] => jwj71jsg53s3d3@gazeta.pl
    [phone] => 81295379621
    [formname] => Обратная связь
)

------------------------

------------------------
24.05.2025 10:19:25
CallbackFormEmailModal
Array
(
    [name] => xlpkqslh@streetwormail.com
    [phone] => 83564539531
    [formname] => Обратная связь
)

------------------------

------------------------
24.05.2025 11:21:11
CallbackFormEmailModal
Array
(
    [name] => amabil.6002@mail.ru
    [phone] => 83833966262
    [formname] => Обратная связь
)

------------------------

------------------------
24.05.2025 12:29:23
CallbackFormEmailModal
Array
(
    [name] => musaev.misha.1982.3.5@list.ru
    [phone] => 83642171247
    [formname] => Обратная связь
)

------------------------

------------------------
24.05.2025 12:29:38
CallbackFormEmailModal
Array
(
    [name] => ovnterbefjuden6138@mail.ru
    [phone] => 85783643535
    [formname] => Обратная связь
)

------------------------

------------------------
24.05.2025 12:32:18
CallbackFormEmailModal
Array
(
    [name] => combontsegal37@mail.ru
    [phone] => 88477492477
    [formname] => Обратная связь
)

------------------------

------------------------
24.05.2025 12:37:55
CallbackFormEmailModal
Array
(
    [name] => mark.moshchenskiy.90@mail.ru
    [phone] => 84845186837
    [formname] => Обратная связь
)

------------------------

------------------------
24.05.2025 13:15:43
CallbackFormEmailModal
Array
(
    [name] => yulya.onipchenko.88@mail.ru
    [phone] => 87598731434
    [formname] => Обратная связь
)

------------------------

------------------------
24.05.2025 14:06:09
CallbackFormEmailModal
Array
(
    [name] => profconbu_64@mail.ru
    [phone] => 87949837562
    [formname] => Обратная связь
)

------------------------

------------------------
24.05.2025 15:49:21
CallbackFormEmailModal
Array
(
    [name] => info@strictlydigital.net
    [phone] => 83936297111
    [formname] => Обратная связь
)

------------------------

------------------------
24.05.2025 17:31:33
CallbackFormEmailModal
Array
(
    [name] => purhkabkela1984@mailopenz.com
    [phone] => 87911258279
    [formname] => Обратная связь
)

------------------------

------------------------
24.05.2025 21:50:15
CallbackFormEmailModal
Array
(
    [name] => yourmail@gmail.com
    [phone] => 88757258497
    [formname] => Обратная связь
)

------------------------

------------------------
24.05.2025 22:33:24
CallbackFormEmailModal
Array
(
    [name] => perrettcornalss@anonmails.de
    [phone] => 82652757275
    [formname] => Обратная связь
)

------------------------
