
------------------------
22.09.2022 1:02:06
CallbackFormEmailModal
Array
(
    [name] => no-replysuinuts@gmail.com
    [phone] => 86876883655
    [formname] => Обратная связь
)

------------------------

------------------------
22.09.2022 5:11:12
CallbackFormEmailModal
Array
(
    [name] => mymail@mailsb.cos
    [phone] => 83387844559
    [formname] => Обратная связь
)

------------------------

------------------------
22.09.2022 5:48:27
CallbackFormEmailModal
Array
(
    [name] => nangelina7d9f12eun9345@outlook.com
    [phone] => nangelina7d9f12eun9345@outlook.com
    [formname] => Обратная связь
)

------------------------

------------------------
22.09.2022 22:34:23
CallbackFormEmailModal
Array
(
    [name] => stoomnema@onymail.xyz
    [phone] => 88363994185
    [formname] => Обратная связь
)

------------------------
