
------------------------
10.10.2022 0:35:52
CallbackFormEmailModal
Array
(
    [name] => lolerex241@ovout.com
    [phone] => 88793219572
    [formname] => Обратная связь
)

------------------------

------------------------
10.10.2022 11:47:25
CallbackFormEmailModal
Array
(
    [name] => ritm2022@hotmail.com
    [phone] => 81412912344
    [formname] => Обратная связь
)

------------------------

------------------------
10.10.2022 15:11:39
CallbackFormEmailModal
Array
(
    [name] => no-replysuinuts@gmail.com
    [phone] => 83537263698
    [formname] => Обратная связь
)

------------------------

------------------------
10.10.2022 21:09:40
CallbackFormEmailModal
Array
(
    [name] => Orierty@topnewmail.xyz
    [phone] => 87986539463
    [formname] => Обратная связь
)

------------------------
