
------------------------
19.03.2024 0:09:28
CallbackFormEmailModal
Array
(
    [name] => goldboy1931@gmail.com
    [phone] => 86288315667
    [formname] => Обратная связь
)

------------------------

------------------------
19.03.2024 0:48:28
CallbackFormEmailModal
Array
(
    [name] => sebastijoys12@outlook.com
    [phone] => 83586551485
    [formname] => Обратная связь
)

------------------------

------------------------
19.03.2024 3:31:14
CallbackFormEmailModal
Array
(
    [name] => sviloguzov83@mail.ru
    [phone] => 83862263123
    [formname] => Обратная связь
)

------------------------

------------------------
19.03.2024 5:54:14
CallbackFormEmailModal
Array
(
    [name] => inet4747@outlook.com
    [phone] => 88589271632
    [formname] => Обратная связь
)

------------------------

------------------------
19.03.2024 8:42:18
CallbackFormEmailModal
Array
(
    [name] => lolerex241@ovout.com
    [phone] => 84617732443
    [formname] => Обратная связь
)

------------------------

------------------------
19.03.2024 9:54:00
CallbackFormEmailModal
Array
(
    [name] => lucido.leinteract@gmail.com
    [phone] => 88627257517
    [formname] => Обратная связь
)

------------------------

------------------------
19.03.2024 11:53:11
CallbackFormEmailModal
Array
(
    [name] => youurmail@gmail.com
    [phone] => 87314942598
    [formname] => Обратная связь
)

------------------------

------------------------
19.03.2024 14:42:14
CallbackFormEmailModal
Array
(
    [name] => evgenevna5qdk@gmail.com
    [phone] => 86218416331
    [formname] => Обратная связь
)

------------------------

------------------------
19.03.2024 15:00:08
CallbackFormEmailModal
Array
(
    [name] => inet4747@outlook.com
    [phone] => 89778992295
    [formname] => Обратная связь
)

------------------------

------------------------
19.03.2024 18:50:47
CallbackFormEmailModal
Array
(
    [name] => aq27aqa@rambler.ru
    [phone] => 84989754958
    [formname] => Обратная связь
)

------------------------

------------------------
19.03.2024 19:27:18
CallbackFormEmailModal
Array
(
    [name] => Trautwein3642icz@info.fiestahq.click
    [phone] => 83694447371
    [formname] => Обратная связь
)

------------------------

------------------------
19.03.2024 22:57:48
CallbackFormEmailModal
Array
(
    [name] => rangekinproclighreb@mail.ru
    [phone] => 81714296877
    [formname] => Обратная связь
)

------------------------
