
------------------------
25.10.2023 12:14:37
CallbackFormEmailModal
Array
(
    [name] => jana566@pop33.site
    [phone] => 88752835956
    [formname] => Обратная связь
)

------------------------

------------------------
25.10.2023 12:27:03
CallbackFormEmailModal
Array
(
    [name] => igor3@mailside.site
    [phone] => 88229127876
    [formname] => Обратная связь
)

------------------------

------------------------
25.10.2023 12:29:06
CallbackFormEmailModal
Array
(
    [name] => ibzhyvyhc@vbealth.online
    [phone] => 82475893528
    [formname] => Обратная связь
)

------------------------
