
------------------------
01.05.2024 2:10:27
CallbackFormEmailModal
Array
(
    [name] => yourmail@gmail.com
    [phone] => 83512673837
    [formname] => Обратная связь
)

------------------------

------------------------
01.05.2024 2:11:25
CallbackFormEmailModal
Array
(
    [name] => sviloguzov83@mail.ru
    [phone] => 83782546543
    [formname] => Обратная связь
)

------------------------

------------------------
01.05.2024 4:11:41
CallbackFormEmailModal
Array
(
    [name] => s2fs1h16@webfreemailz.com
    [phone] => 84131894596
    [formname] => Обратная связь
)

------------------------

------------------------
01.05.2024 4:27:08
CallbackFormEmailModal
Array
(
    [name] => stakesale4@gmail.com
    [phone] => 84385161375
    [formname] => Обратная связь
)

------------------------

------------------------
01.05.2024 16:48:56
CallbackFormEmailModal
Array
(
    [name] => kopycentr-v-spb@hotmail.com
    [phone] => 89342523344
    [formname] => Обратная связь
)

------------------------

------------------------
01.05.2024 16:58:40
CallbackFormEmailModal
Array
(
    [name] => zuvathadh@hoopsor.online
    [phone] => 83382197979
    [formname] => Обратная связь
)

------------------------

------------------------
01.05.2024 20:16:36
CallbackFormEmailModal
Array
(
    [name] => alexpopov716253@gmail.com
    [phone] => 81451687751
    [formname] => Обратная связь
)

------------------------

------------------------
01.05.2024 21:23:00
CallbackFormEmailModal
Array
(
    [name] => mikeKitGrishitty@gmail.com
    [phone] => 81145213576
    [formname] => Обратная связь
)

------------------------
