
------------------------
23.07.2024 4:46:37
CallbackFormEmailModal
Array
(
    [name] => links@dverimetallicheskie.ru
    [phone] => 85695914786
    [formname] => Обратная связь
)

------------------------

------------------------
23.07.2024 6:52:45
CallbackFormEmailModal
Array
(
    [name] => inet4747@outlook.com
    [phone] => 81565531964
    [formname] => Обратная связь
)

------------------------

------------------------
23.07.2024 10:17:57
CallbackFormEmailModal
Array
(
    [name] => rebserbelmarsinnel@gmail.com
    [phone] => 87827784644
    [formname] => Обратная связь
)

------------------------

------------------------
23.07.2024 10:27:51
CallbackFormEmailModal
Array
(
    [name] => caseykucha@onet.pl
    [phone] => 83961956761
    [formname] => Обратная связь
)

------------------------

------------------------
23.07.2024 19:45:08
CallbackFormEmailModal
Array
(
    [name] => wx12lihe[exygyzotorygetit,2,5]@wxlihe169.com
    [phone] => 87737445331
    [formname] => Обратная связь
)

------------------------

------------------------
23.07.2024 20:12:30
CallbackFormEmailModal
Array
(
    [name] => dk@3mtintchicago.com
    [phone] => 85668944759
    [formname] => Обратная связь
)

------------------------

------------------------
23.07.2024 20:35:23
CallbackFormEmailModal
Array
(
    [name] => premiumsupa@yandex.ru
    [phone] => 85331718837
    [formname] => Обратная связь
)

------------------------

------------------------
23.07.2024 20:53:34
CallbackFormEmailModal
Array
(
    [name] => ardeliapanab@onet.pl
    [phone] => 87559423979
    [formname] => Обратная связь
)

------------------------

------------------------
23.07.2024 20:58:23
CallbackFormEmailModal
Array
(
    [name] => 5131a@mail.ru
    [phone] => 88321661267
    [formname] => Обратная связь
)

------------------------

------------------------
23.07.2024 23:38:59
CallbackFormEmailModal
Array
(
    [name] => kwork.company@yandex.ru
    [phone] => 88618437438
    [formname] => Обратная связь
)

------------------------
