
------------------------
15.07.2022 5:22:38
CallbackFormEmailModal
Array
(
    [name] => explaineranimationstudio7@gmail.com
    [phone] => 84439678372
    [formname] => Обратная связь
)

------------------------

------------------------
15.07.2022 10:17:54
CallbackFormEmailModal
Array
(
    [name] => q42az1qaz@rambler.ru
    [phone] => 85346192128
    [formname] => Обратная связь
)

------------------------

------------------------
15.07.2022 12:47:33
CallbackFormEmailModal
Array
(
    [name] => Giffin85@hotmail.com
    [phone] => 89032390274
    [formname] => Обратная связь
)

------------------------
