
------------------------
04.09.2024 0:26:46
CallbackFormEmailModal
Array
(
    [name] => mironovakatiushka16508@mail.ru
    [phone] => 87484334141
    [formname] => Обратная связь
)

------------------------

------------------------
04.09.2024 0:38:03
CallbackFormEmailModal
Array
(
    [name] => ervuneckmo1978@op.pl
    [phone] => 85915592414
    [formname] => Обратная связь
)

------------------------

------------------------
04.09.2024 2:01:47
CallbackFormEmailModal
Array
(
    [name] => bruce2@ie.ernsys.com
    [phone] => 84783426278
    [formname] => Обратная связь
)

------------------------

------------------------
04.09.2024 3:19:53
CallbackFormEmailModal
Array
(
    [name] => 17aod5ul@wmailfree.com
    [phone] => 81911428329
    [formname] => Обратная связь
)

------------------------

------------------------
04.09.2024 3:37:56
CallbackFormEmailModal
Array
(
    [name] => afytladee1970@op.pl
    [phone] => 89285514813
    [formname] => Обратная связь
)

------------------------

------------------------
04.09.2024 7:33:38
CallbackFormEmailModal
Array
(
    [name] => yutpwfrnzka@rudiplomust.com
    [phone] => 82437724368
    [formname] => Обратная связь
)

------------------------

------------------------
04.09.2024 7:33:38
CallbackFormEmailModal
Array
(
    [name] => mexorquojel@rudiplomust.com
    [phone] => 89841552853
    [formname] => Обратная связь
)

------------------------

------------------------
04.09.2024 10:34:41
CallbackFormEmailModal
Array
(
    [name] => master8887@yzovka24.ru
    [phone] => 87179745971
    [formname] => Обратная связь
)

------------------------

------------------------
04.09.2024 11:28:07
CallbackFormEmailModal
Array
(
    [name] => mswsvadegel@rudiplomust.com
    [phone] => 88556433921
    [formname] => Обратная связь
)

------------------------

------------------------
04.09.2024 16:24:33
CallbackFormEmailModal
Array
(
    [name] => Bokyfaday@mailport.lat
    [phone] => 84229667766
    [formname] => Обратная связь
)

------------------------

------------------------
04.09.2024 19:11:01
CallbackFormEmailModal
Array
(
    [name] => alfredo5@xrevelxr.com
    [phone] => 84281273727
    [formname] => Обратная связь
)

------------------------

------------------------
04.09.2024 19:22:00
CallbackFormEmailModal
Array
(
    [name] => allan6@xrevelxr.com
    [phone] => 88483861914
    [formname] => Обратная связь
)

------------------------

------------------------
04.09.2024 19:54:15
CallbackFormEmailModal
Array
(
    [name] => tutafusell1989@op.pl
    [phone] => 81852185337
    [formname] => Обратная связь
)

------------------------

------------------------
04.09.2024 20:08:38
CallbackFormEmailModal
Array
(
    [name] => celafa7475@inpsur.com
    [phone] => 85188393898
    [formname] => Обратная связь
)

------------------------

------------------------
04.09.2024 20:43:52
CallbackFormEmailModal
Array
(
    [name] => xrumer23Kip@gmail.com
    [phone] => 88654489987
    [formname] => Обратная связь
)

------------------------
