
------------------------
30.06.2021 1:53:18
CallbackFormEmailModal
Array
(
    [name] => markosandals5050@gmail.com
    [phone] => 86596636592
    [formname] => Обратная связь
)

------------------------

------------------------
30.06.2021 14:17:31
CallbackFormEmailModal
Array
(
    [name] => klimentiiknyazev1996@mail.ru
    [phone] => 89629198445
    [formname] => Обратная связь
)

------------------------

------------------------
30.06.2021 22:30:32
CallbackFormEmailModal
Array
(
    [name] => dirbase2021@b.ru
    [phone] => 79016223087
    [formname] => Обратная связь
)

------------------------
