
------------------------
21.06.2025 0:04:47
CallbackFormEmailModal
Array
(
    [name] => natulya.fedosova.96@mail.ru
    [phone] => 88944728675
    [formname] => Обратная связь
)

------------------------

------------------------
21.06.2025 0:10:41
CallbackFormEmailModal
Array
(
    [name] => kharalampiimartyshkin@mail.ru
    [phone] => 81669291628
    [formname] => Обратная связь
)

------------------------

------------------------
21.06.2025 2:23:50
CallbackFormEmailModal
Array
(
    [name] => kmetzfwadia6f4@outlook.com
    [phone] => 84188228866
    [formname] => Обратная связь
)

------------------------

------------------------
21.06.2025 2:29:07
CallbackFormEmailModal
Array
(
    [name] => whatthegooddaynice@gmail.com
    [phone] => 81954924777
    [formname] => Обратная связь
)

------------------------

------------------------
21.06.2025 5:19:20
CallbackFormEmailModal
Array
(
    [name] => j.9.7.842.5.9.0@gmail.com
    [phone] => 81659573524
    [formname] => Обратная связь
)

------------------------

------------------------
21.06.2025 6:54:23
CallbackFormEmailModal
Array
(
    [name] => loimisstotha@gismail.online

    [phone] => 86379724791
    [formname] => Обратная связь
)

------------------------

------------------------
21.06.2025 8:18:37
CallbackFormEmailModal
Array
(
    [name] => amabil.6002@mail.ru
    [phone] => 84287598284
    [formname] => Обратная связь
)

------------------------

------------------------
21.06.2025 8:18:37
CallbackFormEmailModal
Array
(
    [name] => sendaedeptu1977@mail.ru
    [phone] => 84342913737
    [formname] => Обратная связь
)

------------------------

------------------------
21.06.2025 8:26:30
CallbackFormEmailModal
Array
(
    [name] => egorbmxik@mail.ru
    [phone] => 84875554579
    [formname] => Обратная связь
)

------------------------

------------------------
21.06.2025 8:26:44
CallbackFormEmailModal
Array
(
    [name] => ramiraselezneva19908003@bk.ru
    [phone] => 81184777123
    [formname] => Обратная связь
)

------------------------

------------------------
21.06.2025 8:44:16
CallbackFormEmailModal
Array
(
    [name] => a.tre.m.ezow@gmail.com
    [phone] => 89352832881
    [formname] => Обратная связь
)

------------------------

------------------------
21.06.2025 8:52:31
CallbackFormEmailModal
Array
(
    [name] => yulya.onipchenko.88@mail.ru
    [phone] => 88616773341
    [formname] => Обратная связь
)

------------------------

------------------------
21.06.2025 9:05:35
CallbackFormEmailModal
Array
(
    [name] => combontsegal37@mail.ru
    [phone] => 88247153791
    [formname] => Обратная связь
)

------------------------

------------------------
21.06.2025 9:23:17
CallbackFormEmailModal
Array
(
    [name] => mosoce-416@mail.ru
    [phone] => 84722532351
    [formname] => Обратная связь
)

------------------------

------------------------
21.06.2025 9:28:08
CallbackFormEmailModal
Array
(
    [name] => eprovbelwha@mail.ru
    [phone] => 83628398827
    [formname] => Обратная связь
)

------------------------

------------------------
21.06.2025 12:02:15
CallbackFormEmailModal
Array
(
    [name] => twxsbomx@ronaldofmail.com
    [phone] => 89495267776
    [formname] => Обратная связь
)

------------------------

------------------------
21.06.2025 12:29:39
CallbackFormEmailModal
Array
(
    [name] => ambjnuxp@eblanomail.com
    [phone] => 88432772841
    [formname] => Обратная связь
)

------------------------

------------------------
21.06.2025 12:48:13
CallbackFormEmailModal
Array
(
    [name] => lawline@onet.eu
    [phone] => 86372986951
    [formname] => Обратная связь
)

------------------------

------------------------
21.06.2025 14:03:47
CallbackFormEmailModal
Array
(
    [name] => dinanikolskaya99@gmail.com
    [phone] => 84889544224
    [formname] => Обратная связь
)

------------------------

------------------------
21.06.2025 17:07:42
CallbackFormEmailModal
Array
(
    [name] => eiblhwhb@derrenmail.com
    [phone] => 89674898525
    [formname] => Обратная связь
)

------------------------

------------------------
21.06.2025 21:11:51
CallbackFormEmailModal
Array
(
    [name] => bobbyFar@mail.ru
    [phone] => 82743341434
    [formname] => Обратная связь
)

------------------------

------------------------
21.06.2025 22:32:19
CallbackFormEmailModal
Array
(
    [name] => yawiviseya67@gmail.com
    [phone] => 84328972746
    [formname] => Обратная связь
)

------------------------

------------------------
21.06.2025 22:33:53
CallbackFormEmailModal
Array
(
    [name] => anna.shapiro.78@mail.ru
    [phone] => 86334137652
    [formname] => Обратная связь
)

------------------------

------------------------
21.06.2025 22:54:31
CallbackFormEmailModal
Array
(
    [name] => polyakovdanila19908366@mail.ru
    [phone] => 83341531795
    [formname] => Обратная связь
)

------------------------

------------------------
21.06.2025 23:37:33
CallbackFormEmailModal
Array
(
    [name] => tipanasotemthia@mail.ru
    [phone] => 86112121799
    [formname] => Обратная связь
)

------------------------

------------------------
21.06.2025 23:39:20
CallbackFormEmailModal
Array
(
    [name] => rais.shchigelskaya2002@mail.ru
    [phone] => 86767741233
    [formname] => Обратная связь
)

------------------------

------------------------
21.06.2025 23:42:41
CallbackFormEmailModal
Array
(
    [name] => varvara.nikolaeva.23.8.1964@mail.ru
    [phone] => 86638675393
    [formname] => Обратная связь
)

------------------------

------------------------
21.06.2025 23:52:05
CallbackFormEmailModal
Array
(
    [name] => higbiosepo1986@mail.ru
    [phone] => 85613441236
    [formname] => Обратная связь
)

------------------------

------------------------
21.06.2025 23:58:20
CallbackFormEmailModal
Array
(
    [name] => mark.moshchenskiy.90@mail.ru
    [phone] => 87268884933
    [formname] => Обратная связь
)

------------------------

------------------------
21.06.2025 23:58:22
CallbackFormEmailModal
Array
(
    [name] => info@strictlydigital.net
    [phone] => 83449648174
    [formname] => Обратная связь
)

------------------------
