
------------------------
26.03.2023 2:53:21
CallbackFormEmailModal
Array
(
    [name] => fedecon1982@mail.ru
    [phone] => 84146942792
    [formname] => Обратная связь
)

------------------------

------------------------
26.03.2023 11:26:40
CallbackFormEmailModal
Array
(
    [name] => diaswagnukiper8q@gmx.com
    [phone] => 87273443646
    [formname] => Обратная связь
)

------------------------

------------------------
26.03.2023 13:50:45
CallbackFormEmailModal
Array
(
    [name] => alexpopov716253@gmail.com
    [phone] => 83589497542
    [formname] => Обратная связь
)

------------------------

------------------------
26.03.2023 13:52:36
CallbackFormEmailModal
Array
(
    [name] => catch@hide.toobeo.com
    [phone] => 89758196236
    [formname] => Обратная связь
)

------------------------

------------------------
26.03.2023 17:19:51
CallbackFormEmailModal
Array
(
    [name] => liatetew@inbox.ru
    [phone] => 86492296963
    [formname] => Обратная связь
)

------------------------
