
------------------------
17.09.2024 2:19:07
CallbackFormEmailModal
Array
(
    [name] => lapinbijans1974@op.pl
    [phone] => 81613254688
    [formname] => Обратная связь
)

------------------------

------------------------
17.09.2024 10:15:54
CallbackFormEmailModal
Array
(
    [name] => mamedicomp1970@op.pl
    [phone] => 85465145849
    [formname] => Обратная связь
)

------------------------

------------------------
17.09.2024 12:27:31
CallbackFormEmailModal
Array
(
    [name] => alfredo22@xrevelxr.com
    [phone] => 88231957247
    [formname] => Обратная связь
)

------------------------

------------------------
17.09.2024 12:28:46
CallbackFormEmailModal
Array
(
    [name] => info@speedseo.top
    [phone] => 87448172579
    [formname] => Обратная связь
)

------------------------

------------------------
17.09.2024 15:37:18
CallbackFormEmailModal
Array
(
    [name] => 84xrumer8@farironalds.com
    [phone] => 84763694584
    [formname] => Обратная связь
)

------------------------

------------------------
17.09.2024 16:03:47
CallbackFormEmailModal
Array
(
    [name] => 20xrumer7@farironalds.com
    [phone] => 87823158689
    [formname] => Обратная связь
)

------------------------

------------------------
17.09.2024 16:04:46
CallbackFormEmailModal
Array
(
    [name] => retnichestratt1976@op.pl
    [phone] => 82829913883
    [formname] => Обратная связь
)

------------------------

------------------------
17.09.2024 19:42:03
CallbackFormEmailModal
Array
(
    [name] => breakateenin1987@op.pl
    [phone] => 87237111115
    [formname] => Обратная связь
)

------------------------

------------------------
17.09.2024 20:05:58
CallbackFormEmailModal
Array
(
    [name] => admin@bohemia-tor-market.com
    [phone] => 84555916177
    [formname] => Обратная связь
)

------------------------
