
------------------------
25.09.2022 5:33:59
CallbackFormEmailModal
Array
(
    [name] => zemfira.alfereva@list.ru
    [phone] => 82447931894
    [formname] => Обратная связь
)

------------------------

------------------------
25.09.2022 9:24:15
CallbackFormEmailModal
Array
(
    [name] => c.alv.inb.est.am.i.go@gmail.com
    [phone] => 82184284112
    [formname] => Обратная связь
)

------------------------

------------------------
25.09.2022 16:27:16
CallbackFormEmailModal
Array
(
    [name] => critgemspabet197098@rambler.ru
    [phone] => +71231234567
    [formname] => Обратная связь
)

------------------------

------------------------
25.09.2022 19:32:44
CallbackFormEmailModal
Array
(
    [name] => info@hifinance.ru
    [phone] => +7 (495) 142-56-63
    [formname] => Обратная связь
)

------------------------
