
------------------------
24.11.2021 8:54:42
CallbackFormEmailModal
Array
(
    [name] => sherbynavrelian1989@rambler.ru
    [phone] => 123456789
    [formname] => Обратная связь
)

------------------------

------------------------
24.11.2021 14:54:23
CallbackFormEmailModal
Array
(
    [name] => Алексей
    [phone] => +7(968)408-81-77
    [formname] => Обратная связь
)

------------------------

------------------------
24.11.2021 19:55:43
CallbackFormEmailModal
Array
(
    [name] => no-replysuinuts@gmail.com
    [phone] => 83923372732
    [formname] => Обратная связь
)

------------------------

------------------------
24.11.2021 22:39:51
CallbackFormEmailModal
Array
(
    [name] => hjff463d@m142.ru
    [phone] => 81158487862
    [formname] => Обратная связь
)

------------------------
