
------------------------
21.02.2022 5:09:56
CallbackFormEmailModal
Array
(
    [name] => dirbaz21882@list.ru
    [phone] => 79998463454
    [formname] => Обратная связь
)

------------------------

------------------------
21.02.2022 11:19:39
Order
Array
(
    [name] => Иванов Иван
    [email] => promotrick@gmail.com
    [phone] => +7-903-777-8813
    [comment] => Лестничная ступень Р 33х33/30х3 Zn 1000х270 мм, кол-во: 1, цена: 2950руб.
Способ доставки: Доставка автотранспортом поставщика
Выберите способ оплаты: Оплата на расчетный счет организации
Адрес доставки: Островная 4

Комментарий к заказу: 

    [formname] => Заказ из корзины
    [fields] => Array
        (
            [price] => 44250
        )

)

------------------------
