
------------------------
26.08.2022 10:08:46
CallbackFormEmailModal
Array
(
    [name] => andreyvpetrov132435@gmail.com
    [phone] => 88455313773
    [formname] => Обратная связь
)

------------------------

------------------------
26.08.2022 11:53:12
CallbackFormEmailModal
Array
(
    [name] => lizbadx3@yahoo.com
    [phone] => 89035893854
    [formname] => Обратная связь
)

------------------------

------------------------
26.08.2022 14:14:16
CallbackFormEmailModal
Array
(
    [name] => jhannah73@yahoo.com
    [phone] => 89034976179
    [formname] => Обратная связь
)

------------------------

------------------------
26.08.2022 15:01:16
CallbackFormEmailModal
Array
(
    [name] => andreyvpetrov132435@gmail.com
    [phone] => 88282313799
    [formname] => Обратная связь
)

------------------------

------------------------
26.08.2022 16:36:25
CallbackFormEmailModal
Array
(
    [name] => Fusionsavage@hotmail.com
    [phone] => 89034502286
    [formname] => Обратная связь
)

------------------------

------------------------
26.08.2022 18:55:08
CallbackFormEmailModal
Array
(
    [name] => famedev@gammae.com
    [phone] => 89038476173
    [formname] => Обратная связь
)

------------------------

------------------------
26.08.2022 20:10:41
CallbackFormEmailModal
Array
(
    [name] => andreyvpetrov132435@gmail.com
    [phone] => 85813184414
    [formname] => Обратная связь
)

------------------------

------------------------
26.08.2022 21:20:30
CallbackFormEmailModal
Array
(
    [name] => yaoshenhe@yahoo.com
    [phone] => 89031406828
    [formname] => Обратная связь
)

------------------------

------------------------
26.08.2022 23:28:57
CallbackFormEmailModal
Array
(
    [name] => andreyvpetrov132435@gmail.com
    [phone] => 82133228585
    [formname] => Обратная связь
)

------------------------

------------------------
26.08.2022 23:41:15
CallbackFormEmailModal
Array
(
    [name] => sarahriley20@yahoo.com
    [phone] => 89037375843
    [formname] => Обратная связь
)

------------------------

------------------------
26.08.2022 23:41:24
CallbackFormEmailModal
Array
(
    [name] => Marcell Tubergen
    [phone] => BrockHironaka68982@gmail.com
    [formname] => Обратная связь
)

------------------------
