
------------------------
25.11.2021 3:57:58
CallbackFormEmailModal
Array
(
    [name] => shiparinedip1994@rambler.ru
    [phone] => 84686266663
    [formname] => Обратная связь
)

------------------------

------------------------
25.11.2021 21:01:46
CallbackFormEmailModal
Array
(
    [name] => svidinfo1980@gmail.com
    [phone] => 84784723144
    [formname] => Обратная связь
)

------------------------

------------------------
25.11.2021 21:20:55
CallbackFormEmailModal
Array
(
    [name] => 9018992355@mail.ru
    [phone] => 79018992355
    [formname] => Обратная связь
)

------------------------
