
------------------------
30.08.2025 2:26:57
CallbackFormEmailModal
Array
(
    [name] => irinademenkova86@gmail.com
    [phone] => 81664616137
    [formname] => Обратная связь
)

------------------------

------------------------
30.08.2025 4:59:52
CallbackFormEmailModal
Array
(
    [name] => bokisuq541@gmail.com
    [phone] => 84742284887
    [formname] => Обратная связь
)

------------------------

------------------------
30.08.2025 8:27:19
CallbackFormEmailModal
Array
(
    [name] => gamaqwe@club-casino.ru
    [phone] => 86541619543
    [formname] => Обратная связь
)

------------------------

------------------------
30.08.2025 9:05:52
CallbackFormEmailModal
Array
(
    [name] => sergowor.kin.g718@gmail.com
    [phone] => 86518797521
    [formname] => Обратная связь
)

------------------------

------------------------
30.08.2025 10:42:06
CallbackFormEmailModal
Array
(
    [name] => mamedov.edgar.1992.3.3@inbox.ru
    [phone] => 88988721315
    [formname] => Обратная связь
)

------------------------

------------------------
30.08.2025 11:06:05
CallbackFormEmailModal
Array
(
    [name] => wsdfvbgtre@gmail.com
    [phone] => 81431465258
    [formname] => Обратная связь
)

------------------------

------------------------
30.08.2025 13:08:20
CallbackFormEmailModal
Array
(
    [name] => sergowor.kin.g71.8@gmail.com
    [phone] => 89114781333
    [formname] => Обратная связь
)

------------------------

------------------------
30.08.2025 16:07:05
CallbackFormEmailModal
Array
(
    [name] => katerinakd@gmail.com
    [phone] => 87294918849
    [formname] => Обратная связь
)

------------------------

------------------------
30.08.2025 16:27:47
CallbackFormEmailModal
Array
(
    [name] => revers711@1ti.ru
    [phone] => 83937164345
    [formname] => Обратная связь
)

------------------------

------------------------
30.08.2025 18:03:13
CallbackFormEmailModal
Array
(
    [name] => pestovafivr1985@mail.ru
    [phone] => 81578513914
    [formname] => Обратная связь
)

------------------------

------------------------
30.08.2025 18:05:06
CallbackFormEmailModal
Array
(
    [name] => velislavjichastov1986@mail.ru
    [phone] => 88583558754
    [formname] => Обратная связь
)

------------------------

------------------------
30.08.2025 18:05:44
CallbackFormEmailModal
Array
(
    [name] => gendraducanprohbay@mail.ru
    [phone] => 89829729171
    [formname] => Обратная связь
)

------------------------

------------------------
30.08.2025 18:08:06
CallbackFormEmailModal
Array
(
    [name] => laisumake186@mail.ru
    [phone] => 81898291832
    [formname] => Обратная связь
)

------------------------

------------------------
30.08.2025 18:09:58
CallbackFormEmailModal
Array
(
    [name] => karzhavinvenegard@mail.ru
    [phone] => 89565259257
    [formname] => Обратная связь
)

------------------------

------------------------
30.08.2025 18:19:33
CallbackFormEmailModal
Array
(
    [name] => dorofeyavinogradova199056@mail.ru
    [phone] => 81258532556
    [formname] => Обратная связь
)

------------------------

------------------------
30.08.2025 18:33:21
CallbackFormEmailModal
Array
(
    [name] => eprovbelwha@mail.ru
    [phone] => 85264317544
    [formname] => Обратная связь
)

------------------------

------------------------
30.08.2025 18:33:45
CallbackFormEmailModal
Array
(
    [name] => lashawndaqkpuc@mail.ru
    [phone] => 89671427756
    [formname] => Обратная связь
)

------------------------

------------------------
30.08.2025 18:35:39
CallbackFormEmailModal
Array
(
    [name] => secberconla1986@mail.ru
    [phone] => 83755456749
    [formname] => Обратная связь
)

------------------------

------------------------
30.08.2025 18:43:44
CallbackFormEmailModal
Array
(
    [name] => pencucon_97@mail.ru
    [phone] => 84278438563
    [formname] => Обратная связь
)

------------------------

------------------------
30.08.2025 18:57:58
CallbackFormEmailModal
Array
(
    [name] => sinevhabibi664@bk.ru
    [phone] => 86433778827
    [formname] => Обратная связь
)

------------------------

------------------------
30.08.2025 22:35:02
CallbackFormEmailModal
Array
(
    [name] => malkoomdaryui@gmail.com
    [phone] => 82575728284
    [formname] => Обратная связь
)

------------------------
