
------------------------
28.04.2024 1:21:00
CallbackFormEmailModal
Array
(
    [name] => zhdutvoegootveta@gmail.com
    [phone] => 88957697615
    [formname] => Обратная связь
)

------------------------

------------------------
28.04.2024 3:53:56
CallbackFormEmailModal
Array
(
    [name] => rout3@kino-fan.lol
    [phone] => 89567544997
    [formname] => Обратная связь
)

------------------------

------------------------
28.04.2024 6:18:39
CallbackFormEmailModal
Array
(
    [name] => deimisgreysi@gmail.com
    [phone] => 81927685852
    [formname] => Обратная связь
)

------------------------

------------------------
28.04.2024 9:18:16
CallbackFormEmailModal
Array
(
    [name] => kej.t.ina.nika@gmail.com
    [phone] => 89448494543
    [formname] => Обратная связь
)

------------------------

------------------------
28.04.2024 11:34:43
CallbackFormEmailModal
Array
(
    [name] => joscelinekpodebari@hotmail.com
    [phone] => 87611164788
    [formname] => Обратная связь
)

------------------------

------------------------
28.04.2024 19:24:00
CallbackFormEmailModal
Array
(
    [name] => autolife56@yandex.by
    [phone] => 88467444747
    [formname] => Обратная связь
)

------------------------

------------------------
28.04.2024 19:53:09
CallbackFormEmailModal
Array
(
    [name] => sighchensrine198248@rambler.ru
    [phone] => +71231234567
    [formname] => Обратная связь
)

------------------------
