
------------------------
14.07.2025 0:09:15
CallbackFormEmailModal
Array
(
    [name] => dinanikolskaya99@gmail.com
    [phone] => 88522486313
    [formname] => Обратная связь
)

------------------------

------------------------
14.07.2025 4:13:55
CallbackFormEmailModal
Array
(
    [name] => admin@progonx.fun
    [phone] => 86653772396
    [formname] => Обратная связь
)

------------------------

------------------------
14.07.2025 7:52:55
CallbackFormEmailModal
Array
(
    [name] => yulya.onipchenko.88@mail.ru
    [phone] => 85379918358
    [formname] => Обратная связь
)

------------------------

------------------------
14.07.2025 8:09:21
CallbackFormEmailModal
Array
(
    [name] => combontsegal37@mail.ru
    [phone] => 87686112842
    [formname] => Обратная связь
)

------------------------

------------------------
14.07.2025 8:10:29
CallbackFormEmailModal
Array
(
    [name] => juncpecni1980@mail.ru
    [phone] => 89275432658
    [formname] => Обратная связь
)

------------------------

------------------------
14.07.2025 11:48:44
CallbackFormEmailModal
Array
(
    [name] => jfxylgqs@tubermail.com
    [phone] => 88685213595
    [formname] => Обратная связь
)

------------------------

------------------------
14.07.2025 11:50:24
CallbackFormEmailModal
Array
(
    [name] => blinovazinonna1983@mail.ru
    [phone] => 83395351391
    [formname] => Обратная связь
)

------------------------

------------------------
14.07.2025 12:14:45
CallbackFormEmailModal
Array
(
    [name] => podaiclan_547@mail.ru
    [phone] => 89977699123
    [formname] => Обратная связь
)

------------------------

------------------------
14.07.2025 12:14:45
CallbackFormEmailModal
Array
(
    [name] => tacusol-6816@mail.ru
    [phone] => 83933457994
    [formname] => Обратная связь
)

------------------------

------------------------
14.07.2025 12:35:54
CallbackFormEmailModal
Array
(
    [name] => orlov.roman.1988.2.11@list.ru
    [phone] => 85431413893
    [formname] => Обратная связь
)

------------------------

------------------------
14.07.2025 13:20:15
CallbackFormEmailModal
Array
(
    [name] => charleylindgrenmsk+jerry@gmail.com
    [phone] => 83382613348
    [formname] => Обратная связь
)

------------------------

------------------------
14.07.2025 14:11:29
CallbackFormEmailModal
Array
(
    [name] => sileterde1976@mail.ru
    [phone] => 81841375153
    [formname] => Обратная связь
)

------------------------

------------------------
14.07.2025 14:15:26
CallbackFormEmailModal
Array
(
    [name] => dzhavgorat-tashdemirov1981@mail.ru
    [phone] => 82595445947
    [formname] => Обратная связь
)

------------------------

------------------------
14.07.2025 14:16:46
CallbackFormEmailModal
Array
(
    [name] => velislavjichastov1986@mail.ru
    [phone] => 85758225521
    [formname] => Обратная связь
)

------------------------

------------------------
14.07.2025 14:18:50
CallbackFormEmailModal
Array
(
    [name] => laisumake186@mail.ru
    [phone] => 84687649481
    [formname] => Обратная связь
)

------------------------

------------------------
14.07.2025 15:30:37
Order
Array
(
    [name] => Генадий
    [email] => g.albasov@yandex.ru
    [phone] => +7-905-775-8818
    [comment] => Прессованный  настил P 33х33/30х2 Zn 1000х1000 мм, кол-во: 1, цена: 4999руб.
Способ доставки: Самовывоз со склада
Выберите способ оплаты: Оплата наличным

Комментарий к заказу: 

    [formname] => Заказ из корзины
    [fields] => Array
        (
            [price] => 29994
        )

)

------------------------

------------------------
14.07.2025 17:38:49
CallbackFormEmailModal
Array
(
    [name] => gvdkjkjb@tamposs.tk
    [phone] => 85317297593
    [formname] => Обратная связь
)

------------------------

------------------------
14.07.2025 18:50:17
CallbackFormEmailModal
Array
(
    [name] => seimymavig1983@mail.ru
    [phone] => 86349549731
    [formname] => Обратная связь
)

------------------------

------------------------
14.07.2025 19:04:53
CallbackFormEmailModal
Array
(
    [name] => prohor.zlobin.14.11.1987@mail.ru
    [phone] => 83415598448
    [formname] => Обратная связь
)

------------------------

------------------------
14.07.2025 19:17:38
CallbackFormEmailModal
Array
(
    [name] => mikhail.kholudenev.93@mail.ru
    [phone] => 84384246565
    [formname] => Обратная связь
)

------------------------

------------------------
14.07.2025 19:37:11
CallbackFormEmailModal
Array
(
    [name] => profconbu_64@mail.ru
    [phone] => 85357561562
    [formname] => Обратная связь
)

------------------------

------------------------
14.07.2025 19:38:37
CallbackFormEmailModal
Array
(
    [name] => higbiosepo1986@mail.ru
    [phone] => 88852541593
    [formname] => Обратная связь
)

------------------------

------------------------
14.07.2025 19:48:34
CallbackFormEmailModal
Array
(
    [name] => sendaedeptu1977@mail.ru
    [phone] => 87182651423
    [formname] => Обратная связь
)

------------------------

------------------------
14.07.2025 19:54:06
CallbackFormEmailModal
Array
(
    [name] => eprovbelwha@mail.ru
    [phone] => 84622381647
    [formname] => Обратная связь
)

------------------------

------------------------
14.07.2025 20:02:09
CallbackFormEmailModal
Array
(
    [name] => natulya.fedosova.96@mail.ru
    [phone] => 83433597661
    [formname] => Обратная связь
)

------------------------

------------------------
14.07.2025 20:04:56
CallbackFormEmailModal
Array
(
    [name] => mamedov.edgar.1992.3.3@inbox.ru
    [phone] => 85214894593
    [formname] => Обратная связь
)

------------------------

------------------------
14.07.2025 20:07:30
CallbackFormEmailModal
Array
(
    [name] => erangifest1980@mail.ru
    [phone] => 87848879842
    [formname] => Обратная связь
)

------------------------
