
------------------------
05.05.2022 3:23:31
CallbackFormEmailModal
Array
(
    [name] => kikika32@hotmail.com
    [phone] => 89035200897
    [formname] => Обратная связь
)

------------------------

------------------------
05.05.2022 8:43:39
CallbackFormEmailModal
Array
(
    [name] => sayon54@aol.com
    [phone] => 89039970609
    [formname] => Обратная связь
)

------------------------

------------------------
05.05.2022 14:23:56
CallbackFormEmailModal
Array
(
    [name] => jjanell75@yahoo.com
    [phone] => 89038105069
    [formname] => Обратная связь
)

------------------------

------------------------
05.05.2022 15:13:55
CallbackFormEmailModal
Array
(
    [name] => no-replysuinuts@gmail.com
    [phone] => 81199828886
    [formname] => Обратная связь
)

------------------------

------------------------
05.05.2022 19:45:57
CallbackFormEmailModal
Array
(
    [name] => sergeroemers@gmail.com
    [phone] => 89038298424
    [formname] => Обратная связь
)

------------------------
