
------------------------
16.04.2024 0:57:46
CallbackFormEmailModal
Array
(
    [name] => rtx_fl06@rambler.ru
    [phone] => 86138712572
    [formname] => Обратная связь
)

------------------------

------------------------
16.04.2024 2:04:30
CallbackFormEmailModal
Array
(
    [name] => segif18200@shirulo.com
    [phone] => 85685126958
    [formname] => Обратная связь
)

------------------------

------------------------
16.04.2024 2:52:23
CallbackFormEmailModal
Array
(
    [name] => yasen.krasen.13+83629@mail.ru
    [phone] => 82651346631
    [formname] => Обратная связь
)

------------------------

------------------------
16.04.2024 6:15:12
CallbackFormEmailModal
Array
(
    [name] => rffsdfssf@gmail.com
    [phone] => 88687629812
    [formname] => Обратная связь
)

------------------------

------------------------
16.04.2024 9:19:34
CallbackFormEmailModal
Array
(
    [name] => bglytgmiyzvkpmdu@onet.pl
    [phone] => 89143983274
    [formname] => Обратная связь
)

------------------------

------------------------
16.04.2024 9:25:44
CallbackFormEmailModal
Array
(
    [name] => rtx_fl06@rambler.ru
    [phone] => 83389526336
    [formname] => Обратная связь
)

------------------------

------------------------
16.04.2024 11:07:44
CallbackFormEmailModal
Array
(
    [name] => borisgendelman22@outlook.com
    [phone] => 81728925943
    [formname] => Обратная связь
)

------------------------

------------------------
16.04.2024 13:12:50
CallbackFormEmailModal
Array
(
    [name] => rehblqleigcdejxc@onet.pl
    [phone] => 83464457671
    [formname] => Обратная связь
)

------------------------

------------------------
16.04.2024 13:17:18
CallbackFormEmailModal
Array
(
    [name] => georgeg@dig.oueue.com
    [phone] => 84842387895
    [formname] => Обратная связь
)

------------------------

------------------------
16.04.2024 15:48:43
CallbackFormEmailModal
Array
(
    [name] => yourmail@gmail.com
    [phone] => 85386584377
    [formname] => Обратная связь
)

------------------------

------------------------
16.04.2024 20:28:45
CallbackFormEmailModal
Array
(
    [name] => wd10xpro@outlook.com
    [phone] => 82541513162
    [formname] => Обратная связь
)

------------------------

------------------------
16.04.2024 21:42:35
CallbackFormEmailModal
Array
(
    [name] => iyofscblauogvnqm@onet.pl
    [phone] => 84224693969
    [formname] => Обратная связь
)

------------------------
