
------------------------
17.01.2024 0:07:19
CallbackFormEmailModal
Array
(
    [name] => indomitowot@outlook.com
    [phone] => 89368694137
    [formname] => Обратная связь
)

------------------------

------------------------
17.01.2024 0:43:15
CallbackFormEmailModal
Array
(
    [name] => lugtlwxc@rambler.ru
    [phone] => 82454818693
    [formname] => Обратная связь
)

------------------------

------------------------
17.01.2024 0:55:07
CallbackFormEmailModal
Array
(
    [name] => christopher20jones79as@rambler.ru
    [phone] => 87694285824
    [formname] => Обратная связь
)

------------------------

------------------------
17.01.2024 1:04:20
CallbackFormEmailModal
Array
(
    [name] => moscow@meteo.gold
    [phone] => 84788883152
    [formname] => Обратная связь
)

------------------------

------------------------
17.01.2024 1:28:15
CallbackFormEmailModal
Array
(
    [name] => indomitowot@outlook.com
    [phone] => 82617776176
    [formname] => Обратная связь
)

------------------------

------------------------
17.01.2024 1:43:36
CallbackFormEmailModal
Array
(
    [name] => froeach12@rezka.wtf
    [phone] => 82951851816
    [formname] => Обратная связь
)

------------------------

------------------------
17.01.2024 3:18:09
CallbackFormEmailModal
Array
(
    [name] => callvisvetlana@list.ru
    [phone] => 88876294767
    [formname] => Обратная связь
)

------------------------

------------------------
17.01.2024 5:35:41
CallbackFormEmailModal
Array
(
    [name] => mitaxebandilis@gmail.com
    [phone] => 82144399329
    [formname] => Обратная связь
)

------------------------

------------------------
17.01.2024 7:15:31
CallbackFormEmailModal
Array
(
    [name] => lolerex241@ovout.com
    [phone] => 87417874733
    [formname] => Обратная связь
)

------------------------

------------------------
17.01.2024 8:31:40
CallbackFormEmailModal
Array
(
    [name] => david65roberts49as@rambler.ru
    [phone] => 81857277281
    [formname] => Обратная связь
)

------------------------

------------------------
17.01.2024 9:57:40
CallbackFormEmailModal
Array
(
    [name] => saktops@yandex.kz
    [phone] => 86833498914
    [formname] => Обратная связь
)

------------------------

------------------------
17.01.2024 11:23:35
CallbackFormEmailModal
Array
(
    [name] => indomitowot@outlook.com
    [phone] => 85129779669
    [formname] => Обратная связь
)

------------------------

------------------------
17.01.2024 14:45:11
CallbackFormEmailModal
Array
(
    [name] => paraskevasmirnova0@mail.ru
    [phone] => 81271177185
    [formname] => Обратная связь
)

------------------------

------------------------
17.01.2024 15:08:29
CallbackFormEmailModal
Array
(
    [name] => indomitowot@outlook.com
    [phone] => 84113828456
    [formname] => Обратная связь
)

------------------------

------------------------
17.01.2024 21:32:07
CallbackFormEmailModal
Array
(
    [name] => indomitowot@outlook.com
    [phone] => 89145214175
    [formname] => Обратная связь
)

------------------------

------------------------
17.01.2024 23:32:26
CallbackFormEmailModal
Array
(
    [name] => dfhgfhrt@gmail.com
    [phone] => 85777969285
    [formname] => Обратная связь
)

------------------------

------------------------
17.01.2024 23:48:05
CallbackFormEmailModal
Array
(
    [name] => georgesainectdropy@gmail.com
    [phone] => 84219618661
    [formname] => Обратная связь
)

------------------------
