
------------------------
28.03.2026 1:29:31
CallbackFormEmailModal
Array
(
    [name] => vladimirliciko@mail.ru
    [phone] => 83144276665
    [formname] => Обратная связь
)

------------------------

------------------------
28.03.2026 1:47:39
CallbackFormEmailModal
Array
(
    [name] => ponomaryov.borya.1983@bk.ru
    [phone] => 81297878342
    [formname] => Обратная связь
)

------------------------

------------------------
28.03.2026 1:52:30
CallbackFormEmailModal
Array
(
    [name] => olegzaluri@mail.ru
    [phone] => 86285961522
    [formname] => Обратная связь
)

------------------------

------------------------
28.03.2026 2:34:34
CallbackFormEmailModal
Array
(
    [name] => novxcroi@tacoblastmail.com
    [phone] => 87319762897
    [formname] => Обратная связь
)

------------------------

------------------------
28.03.2026 6:01:34
CallbackFormEmailModal
Array
(
    [name] => norxwsxmsKr@poochta.ru
    [phone] => 84148771554
    [formname] => Обратная связь
)

------------------------

------------------------
28.03.2026 8:19:55
CallbackFormEmailModal
Array
(
    [name] => stapuntril1990@mail.ru
    [phone] => 87269179655
    [formname] => Обратная связь
)

------------------------

------------------------
28.03.2026 12:38:12
CallbackFormEmailModal
Array
(
    [name] => jgbsqirv@polosmail.com
    [phone] => 87654868677
    [formname] => Обратная связь
)

------------------------

------------------------
28.03.2026 14:08:35
CallbackFormEmailModal
Array
(
    [name] => xrumer23Kip@andro-players.com
    [phone] => 89174195137
    [formname] => Обратная связь
)

------------------------

------------------------
28.03.2026 16:52:33
CallbackFormEmailModal
Array
(
    [name] => margarita.stolyarova.26.05.1995@mail.ru
    [phone] => 83161867982
    [formname] => Обратная связь
)

------------------------

------------------------
28.03.2026 18:22:31
CallbackFormEmailModal
Array
(
    [name] => nikolayy-shevcov@mail.ru
    [phone] => 89426153713
    [formname] => Обратная связь
)

------------------------

------------------------
28.03.2026 18:24:58
CallbackFormEmailModal
Array
(
    [name] => tacusol-6816@mail.ru
    [phone] => 86867369237
    [formname] => Обратная связь
)

------------------------

------------------------
28.03.2026 21:04:30
CallbackFormEmailModal
Array
(
    [name] => olegzaluri@mail.ru
    [phone] => 85713918558
    [formname] => Обратная связь
)

------------------------
