
------------------------
29.08.2024 0:56:13
CallbackFormEmailModal
Array
(
    [name] => amnccfhwfq@rambler.ru
    [phone] => +71231234567
    [formname] => Обратная связь
)

------------------------

------------------------
29.08.2024 1:27:58
CallbackFormEmailModal
Array
(
    [name] => murt4r@yandex.com
    [phone] => 88274495988
    [formname] => Обратная связь
)

------------------------

------------------------
29.08.2024 2:42:45
CallbackFormEmailModal
Array
(
    [name] => no.reply.JaydenMartin@gmail.com
    [phone] => 82632428748
    [formname] => Обратная связь
)

------------------------

------------------------
29.08.2024 3:23:32
CallbackFormEmailModal
Array
(
    [name] => osunelo@ffsbmail.com
    [phone] => 82353128981
    [formname] => Обратная связь
)

------------------------

------------------------
29.08.2024 5:05:03
CallbackFormEmailModal
Array
(
    [name] => romanpma@fvmaily.com
    [phone] => 85197466611
    [formname] => Обратная связь
)

------------------------

------------------------
29.08.2024 5:35:33
CallbackFormEmailModal
Array
(
    [name] => korzberkwithdcor1986@op.pl
    [phone] => 82419657393
    [formname] => Обратная связь
)

------------------------

------------------------
29.08.2024 7:33:42
CallbackFormEmailModal
Array
(
    [name] => h'jenn@azmk.space

    [phone] => 84871757933
    [formname] => Обратная связь
)

------------------------

------------------------
29.08.2024 9:09:43
CallbackFormEmailModal
Array
(
    [name] => gammasmm@fvmaily.com
    [phone] => 84681973199
    [formname] => Обратная связь
)

------------------------

------------------------
29.08.2024 9:55:25
CallbackFormEmailModal
Array
(
    [name] => nenssomertu1984@op.pl
    [phone] => 88418863564
    [formname] => Обратная связь
)

------------------------

------------------------
29.08.2024 10:01:53
CallbackFormEmailModal
Array
(
    [name] => shaddka77@outlook.com
    [phone] => 82424817898
    [formname] => Обратная связь
)

------------------------

------------------------
29.08.2024 10:37:29
CallbackFormEmailModal
Array
(
    [name] => 1q0nbg4km@mozmail.com
    [phone] => 85191654321
    [formname] => Обратная связь
)

------------------------

------------------------
29.08.2024 14:53:25
CallbackFormEmailModal
Array
(
    [name] => alfredo6@xrevelxr.com
    [phone] => 83152888484
    [formname] => Обратная связь
)

------------------------

------------------------
29.08.2024 16:18:21
CallbackFormEmailModal
Array
(
    [name] => y4le4yr0@wmailfree.com
    [phone] => 82478152654
    [formname] => Обратная связь
)

------------------------

------------------------
29.08.2024 16:18:46
CallbackFormEmailModal
Array
(
    [name] => d09d54dt@freewmail.com
    [phone] => 83854763615
    [formname] => Обратная связь
)

------------------------

------------------------
29.08.2024 17:37:56
CallbackFormEmailModal
Array
(
    [name] => hfxcutyfuib@outlook.com
    [phone] => 81298594172
    [formname] => Обратная связь
)

------------------------

------------------------
29.08.2024 17:45:02
CallbackEmailModal
Array
(
    [name] => Дарья
    [phone] => +7(982)209-40-18
    [comment] => Название продуката: Стандартный канал S170 2мм
Комменатрий: Добрый день. Просим Вас сообщить вес лотка за м.п
    [formname] => Задать вопрос по товару
)

------------------------

------------------------
29.08.2024 20:55:01
CallbackFormEmailModal
Array
(
    [name] => geoffreygnascbeemy7@gmail.com
    [phone] => 82652932491
    [formname] => Обратная связь
)

------------------------

------------------------
29.08.2024 21:12:26
CallbackFormEmailModal
Array
(
    [name] => vetamoke1987@op.pl
    [phone] => 89533663971
    [formname] => Обратная связь
)

------------------------

------------------------
29.08.2024 22:28:52
CallbackFormEmailModal
Array
(
    [name] => allan4@xrevelxr.com
    [phone] => 83676292372
    [formname] => Обратная связь
)

------------------------
