
------------------------
26.04.2024 1:38:43
CallbackFormEmailModal
Array
(
    [name] => inet4747@outlook.com
    [phone] => 86181739933
    [formname] => Обратная связь
)

------------------------

------------------------
26.04.2024 1:43:46
CallbackFormEmailModal
Array
(
    [name] => legas@casinoswolf.com
    [phone] => 86489993565
    [formname] => Обратная связь
)

------------------------

------------------------
26.04.2024 3:03:22
CallbackFormEmailModal
Array
(
    [name] => a.4.00.291.7.2@gmail.com
    [phone] => 88682194252
    [formname] => Обратная связь
)

------------------------

------------------------
26.04.2024 3:29:01
CallbackFormEmailModal
Array
(
    [name] => mikegikibe@gmail.com
    [phone] => 89581574874
    [formname] => Обратная связь
)

------------------------

------------------------
26.04.2024 4:06:24
CallbackFormEmailModal
Array
(
    [name] => mdensdoieoeirifuieuoasoeiu@gmail.com
    [phone] => 89591481224
    [formname] => Обратная связь
)

------------------------

------------------------
26.04.2024 8:44:27
CallbackFormEmailModal
Array
(
    [name] => mikesuinuts@gmail.com
    [phone] => 84717418852
    [formname] => Обратная связь
)

------------------------

------------------------
26.04.2024 10:01:03
CallbackFormEmailModal
Array
(
    [name] => 6x0y3q8p@youremailglobal.com
    [phone] => 86824719773
    [formname] => Обратная связь
)

------------------------

------------------------
26.04.2024 10:24:00
CallbackFormEmailModal
Array
(
    [name] => ke.jt.i.na.n.ika@gmail.com
    [phone] => 89771998251
    [formname] => Обратная связь
)

------------------------

------------------------
26.04.2024 11:12:05
CallbackFormEmailModal
Array
(
    [name] => lucido.leinteract@gmail.com
    [phone] => 84626417585
    [formname] => Обратная связь
)

------------------------

------------------------
26.04.2024 11:22:14
CallbackFormEmailModal
Array
(
    [name] => rout3@kino-fan.lol
    [phone] => 83193612324
    [formname] => Обратная связь
)

------------------------

------------------------
26.04.2024 11:22:48
CallbackFormEmailModal
Array
(
    [name] => alexpopov716253@gmail.com
    [phone] => 83651977234
    [formname] => Обратная связь
)

------------------------

------------------------
26.04.2024 11:37:38
CallbackFormEmailModal
Array
(
    [name] => autolife56@yandex.ru
    [phone] => 82613266163
    [formname] => Обратная связь
)

------------------------

------------------------
26.04.2024 13:17:43
CallbackFormEmailModal
Array
(
    [name] => aleksandr_fomin_1962@list.ru
    [phone] => 89457543952
    [formname] => Обратная связь
)

------------------------

------------------------
26.04.2024 17:18:28
CallbackFormEmailModal
Array
(
    [name] => goldboy1931@gmail.com
    [phone] => 83648135455
    [formname] => Обратная связь
)

------------------------

------------------------
26.04.2024 18:18:41
CallbackFormEmailModal
Array
(
    [name] => sinfsinkiexae@mail3go.online

    [phone] => 84146365279
    [formname] => Обратная связь
)

------------------------

------------------------
26.04.2024 19:53:05
CallbackFormEmailModal
Array
(
    [name] => umoaellpe@glav-narzan.store
    [phone] => 83422131224
    [formname] => Обратная связь
)

------------------------

------------------------
26.04.2024 20:22:53
CallbackFormEmailModal
Array
(
    [name] => Mile.s.C.i.n.dy4.8@gmail.com
    [phone] => 87248337216
    [formname] => Обратная связь
)

------------------------

------------------------
26.04.2024 20:34:02
CallbackFormEmailModal
Array
(
    [name] => marketing@searcherwebonline.com
    [phone] => 89454592988
    [formname] => Обратная связь
)

------------------------

------------------------
26.04.2024 22:11:54
CallbackFormEmailModal
Array
(
    [name] => ukqndenson@outlook.com
    [phone] => 82742927338
    [formname] => Обратная связь
)

------------------------
