
------------------------
04.11.2024 0:43:47
CallbackFormEmailModal
Array
(
    [name] => wacutuwam1988@op.pl
    [phone] => 87133595576
    [formname] => Обратная связь
)

------------------------

------------------------
04.11.2024 0:45:25
CallbackFormEmailModal
Array
(
    [name] => gabrielakuzmina1989@list.ru
    [phone] => 88417268693
    [formname] => Обратная связь
)

------------------------

------------------------
04.11.2024 1:28:13
CallbackFormEmailModal
Array
(
    [name] => oivuzogytel@rudiplomust.com
    [phone] => 82817243645
    [formname] => Обратная связь
)

------------------------

------------------------
04.11.2024 1:45:13
CallbackFormEmailModal
Array
(
    [name] => urev.i.c.75.0.@gmail.com
    [phone] => 85881365479
    [formname] => Обратная связь
)

------------------------

------------------------
04.11.2024 3:06:44
CallbackFormEmailModal
Array
(
    [name] => moiseevatoriya1993@bk.ru
    [phone] => 82778489496
    [formname] => Обратная связь
)

------------------------

------------------------
04.11.2024 3:09:00
CallbackFormEmailModal
Array
(
    [name] => loginovkornilii953193@mail.ru
    [phone] => 83179939847
    [formname] => Обратная связь
)

------------------------

------------------------
04.11.2024 8:53:36
CallbackFormEmailModal
Array
(
    [name] => dfg566@gazeta.pl
    [phone] => 81229824188
    [formname] => Обратная связь
)

------------------------

------------------------
04.11.2024 9:07:22
CallbackFormEmailModal
Array
(
    [name] => xrumer23Kip@ro.com
    [phone] => 89541646619
    [formname] => Обратная связь
)

------------------------

------------------------
04.11.2024 15:55:52
CallbackFormEmailModal
Array
(
    [name] => temptest789024770@gmail.com
    [phone] => 88186398676
    [formname] => Обратная связь
)

------------------------

------------------------
04.11.2024 17:57:11
CallbackFormEmailModal
Array
(
    [name] => werso018iu@rambler.ru
    [phone] => 86914262761
    [formname] => Обратная связь
)

------------------------

------------------------
04.11.2024 19:45:40
CallbackFormEmailModal
Array
(
    [name] => annsiv2024@yandex.kz
    [phone] => 89648347121
    [formname] => Обратная связь
)

------------------------

------------------------
04.11.2024 22:26:42
CallbackFormEmailModal
Array
(
    [name] => 5@arianabymishel.fun
    [phone] => 81986511715
    [formname] => Обратная связь
)

------------------------

------------------------
04.11.2024 22:26:50
CallbackFormEmailModal
Array
(
    [name] => 5@arianabymishel.fun
    [phone] => 87817957863
    [formname] => Обратная связь
)

------------------------

------------------------
04.11.2024 23:07:45
CallbackFormEmailModal
Array
(
    [name] => deacren@mail.ru
    [phone] => 89744435248
    [formname] => Обратная связь
)

------------------------

------------------------
04.11.2024 23:41:30
CallbackFormEmailModal
Array
(
    [name] => isoyusfjzel@rudiplomust.com
    [phone] => 85569882131
    [formname] => Обратная связь
)

------------------------
