
------------------------
30.04.2024 8:18:35
CallbackFormEmailModal
Array
(
    [name] => autolife56@ya.ru
    [phone] => 89847574271
    [formname] => Обратная связь
)

------------------------

------------------------
30.04.2024 8:52:22
CallbackFormEmailModal
Array
(
    [name] => lucido.leinteract@gmail.com
    [phone] => 88167621195
    [formname] => Обратная связь
)

------------------------

------------------------
30.04.2024 11:10:35
CallbackFormEmailModal
Array
(
    [name] => sissmivo1992@ro.ru
    [phone] => 84648449591
    [formname] => Обратная связь
)

------------------------

------------------------
30.04.2024 13:06:48
CallbackFormEmailModal
Array
(
    [name] => etmtawop@mail3go.online

    [phone] => 82893878314
    [formname] => Обратная связь
)

------------------------

------------------------
30.04.2024 13:17:52
CallbackFormEmailModal
Array
(
    [name] => vova80918@mail.ru
    [phone] => 81643925578
    [formname] => Обратная связь
)

------------------------

------------------------
30.04.2024 13:21:05
CallbackFormEmailModal
Array
(
    [name] => essaypro_me@inbox.lv
    [phone] => 83855463964
    [formname] => Обратная связь
)

------------------------

------------------------
30.04.2024 17:03:39
CallbackFormEmailModal
Array
(
    [name] => vccssu@gmail.com
    [phone] => 84886825258
    [formname] => Обратная связь
)

------------------------

------------------------
30.04.2024 17:07:02
CallbackFormEmailModal
Array
(
    [name] => joscelinekpodebari@hotmail.com
    [phone] => 85417219528
    [formname] => Обратная связь
)

------------------------

------------------------
30.04.2024 19:46:28
CallbackFormEmailModal
Array
(
    [name] => l0mbardi.w@yandex.kz
    [phone] => 82877199183
    [formname] => Обратная связь
)

------------------------

------------------------
30.04.2024 20:27:14
CallbackFormEmailModal
Array
(
    [name] => 35.01hrxrjxjasdq9qf0fbsf07m6f@mail5u.info
    [phone] => 35.01hrxrjxjasdq9qf0fbsf07m6f@mail5u.info
    [formname] => Обратная связь
)

------------------------

------------------------
30.04.2024 21:36:14
CallbackFormEmailModal
Array
(
    [name] => nonpgehythus198492@rambler.ru
    [phone] => +71231234567
    [formname] => Обратная связь
)

------------------------
