
------------------------
31.12.2024 0:10:44
CallbackFormEmailModal
Array
(
    [name] => enyqmcdpfel@rudiplomust.com
    [phone] => 89494891871
    [formname] => Обратная связь
)

------------------------

------------------------
31.12.2024 2:33:18
CallbackFormEmailModal
Array
(
    [name] => m3ga_at@mailbox.org
    [phone] => 83237663727
    [formname] => Обратная связь
)

------------------------

------------------------
31.12.2024 3:37:14
CallbackFormEmailModal
Array
(
    [name] => lolerex241@ovout.com
    [phone] => 83512797973
    [formname] => Обратная связь
)

------------------------

------------------------
31.12.2024 4:15:02
CallbackFormEmailModal
Array
(
    [name] => lolerex241@ovout.com
    [phone] => 89549556447
    [formname] => Обратная связь
)

------------------------

------------------------
31.12.2024 4:57:16
CallbackFormEmailModal
Array
(
    [name] => fjmlccmljel@rudiplomust.com
    [phone] => 85557129579
    [formname] => Обратная связь
)

------------------------

------------------------
31.12.2024 5:20:18
CallbackFormEmailModal
Array
(
    [name] => tacusol-6816@mail.ru
    [phone] => 84749294167
    [formname] => Обратная связь
)

------------------------

------------------------
31.12.2024 5:21:02
CallbackFormEmailModal
Array
(
    [name] => balpunarti1976@mail.ru
    [phone] => 87932671112
    [formname] => Обратная связь
)

------------------------

------------------------
31.12.2024 5:23:18
CallbackFormEmailModal
Array
(
    [name] => sevastyan.siyantsev@mail.ru
    [phone] => 87397364392
    [formname] => Обратная связь
)

------------------------

------------------------
31.12.2024 5:43:49
CallbackFormEmailModal
Array
(
    [name] => agafiyabolshakova19936907@bk.ru
    [phone] => 87283781115
    [formname] => Обратная связь
)

------------------------

------------------------
31.12.2024 6:26:25
CallbackFormEmailModal
Array
(
    [name] => y.kuvayev@mail.ru
    [phone] => 81182134752
    [formname] => Обратная связь
)

------------------------

------------------------
31.12.2024 6:43:21
CallbackFormEmailModal
Array
(
    [name] => livecity905@gmail.com
    [phone] => 82489844266
    [formname] => Обратная связь
)

------------------------

------------------------
31.12.2024 6:44:23
CallbackFormEmailModal
Array
(
    [name] => quejudcatan1981@mail.ru
    [phone] => 86185281466
    [formname] => Обратная связь
)

------------------------

------------------------
31.12.2024 6:44:26
CallbackFormEmailModal
Array
(
    [name] => pavel.sitdikov.88@mail.ru
    [phone] => 81246835645
    [formname] => Обратная связь
)

------------------------

------------------------
31.12.2024 6:48:48
CallbackFormEmailModal
Array
(
    [name] => nadacottuobesnie@mail.ru
    [phone] => 86626734733
    [formname] => Обратная связь
)

------------------------

------------------------
31.12.2024 6:59:25
CallbackFormEmailModal
Array
(
    [name] => danilovavita9@mail.ru
    [phone] => 89519315384
    [formname] => Обратная связь
)

------------------------

------------------------
31.12.2024 7:49:47
CallbackFormEmailModal
Array
(
    [name] => kjfwmvtxuel@rudiplomust.com
    [phone] => 88862572331
    [formname] => Обратная связь
)

------------------------

------------------------
31.12.2024 8:26:00
CallbackFormEmailModal
Array
(
    [name] => year@triol.site
    [phone] => 81339587132
    [formname] => Обратная связь
)

------------------------

------------------------
31.12.2024 9:44:30
CallbackFormEmailModal
Array
(
    [name] => qempcmbafel@rudiplomust.com
    [phone] => 85346614378
    [formname] => Обратная связь
)

------------------------

------------------------
31.12.2024 9:48:12
CallbackFormEmailModal
Array
(
    [name] => tacusol-6816@mail.ru
    [phone] => 83441457483
    [formname] => Обратная связь
)

------------------------

------------------------
31.12.2024 9:48:15
CallbackFormEmailModal
Array
(
    [name] => y.kuvayev@mail.ru
    [phone] => 82523278555
    [formname] => Обратная связь
)

------------------------

------------------------
31.12.2024 9:50:46
CallbackFormEmailModal
Array
(
    [name] => combontsegal37@mail.ru
    [phone] => 88752647772
    [formname] => Обратная связь
)

------------------------

------------------------
31.12.2024 9:52:14
CallbackFormEmailModal
Array
(
    [name] => dolnovam@mail.ru
    [phone] => 81162169881
    [formname] => Обратная связь
)

------------------------

------------------------
31.12.2024 9:54:13
CallbackFormEmailModal
Array
(
    [name] => yulya.onipchenko.88@mail.ru
    [phone] => 84623864768
    [formname] => Обратная связь
)

------------------------

------------------------
31.12.2024 9:56:05
CallbackFormEmailModal
Array
(
    [name] => gabrielakuzmina1989@list.ru
    [phone] => 89348597277
    [formname] => Обратная связь
)

------------------------

------------------------
31.12.2024 9:56:05
CallbackFormEmailModal
Array
(
    [name] => inna.kortneva.69@mail.ru
    [phone] => 85162248338
    [formname] => Обратная связь
)

------------------------

------------------------
31.12.2024 9:56:15
CallbackFormEmailModal
Array
(
    [name] => bajenseliverstov19883262@list.ru
    [phone] => 84388659564
    [formname] => Обратная связь
)

------------------------

------------------------
31.12.2024 10:25:10
CallbackFormEmailModal
Array
(
    [name] => dolnovam@mail.ru
    [phone] => 88915859633
    [formname] => Обратная связь
)

------------------------

------------------------
31.12.2024 11:28:35
CallbackFormEmailModal
Array
(
    [name] => young@prostpro.fun
    [phone] => 86476644437
    [formname] => Обратная связь
)

------------------------

------------------------
31.12.2024 13:41:59
CallbackFormEmailModal
Array
(
    [name] => toypropadsandwesvi@mail.ru
    [phone] => 86889915814
    [formname] => Обратная связь
)

------------------------

------------------------
31.12.2024 13:46:20
CallbackFormEmailModal
Array
(
    [name] => eepovda@bk.ru
    [phone] => 83348836311
    [formname] => Обратная связь
)

------------------------

------------------------
31.12.2024 13:54:56
CallbackFormEmailModal
Array
(
    [name] => diana.fedorova.85@inbox.ru
    [phone] => 84638699341
    [formname] => Обратная связь
)

------------------------

------------------------
31.12.2024 14:33:35
CallbackFormEmailModal
Array
(
    [name] => service@prostpro.fun
    [phone] => 88782586644
    [formname] => Обратная связь
)

------------------------

------------------------
31.12.2024 14:33:42
CallbackFormEmailModal
Array
(
    [name] => service@prostpro.fun
    [phone] => 88642638647
    [formname] => Обратная связь
)

------------------------

------------------------
31.12.2024 15:18:17
CallbackFormEmailModal
Array
(
    [name] => siatimscompma1978@mail.ru
    [phone] => 85313239163
    [formname] => Обратная связь
)

------------------------

------------------------
31.12.2024 16:21:09
CallbackFormEmailModal
Array
(
    [name] => abbyas-venikov1984@mail.ru
    [phone] => 85832691574
    [formname] => Обратная связь
)

------------------------

------------------------
31.12.2024 16:30:09
CallbackFormEmailModal
Array
(
    [name] => psincurousenlepen@mail.ru
    [phone] => 83114655478
    [formname] => Обратная связь
)

------------------------

------------------------
31.12.2024 16:56:35
CallbackFormEmailModal
Array
(
    [name] => mikhan-zhuravlev-21610@mail.ru
    [phone] => 89951266785
    [formname] => Обратная связь
)

------------------------

------------------------
31.12.2024 17:03:12
CallbackFormEmailModal
Array
(
    [name] => shushalev.yulian@mail.ru
    [phone] => 86985818928
    [formname] => Обратная связь
)

------------------------

------------------------
31.12.2024 17:09:32
CallbackFormEmailModal
Array
(
    [name] => taelivihohtoca@mail.ru
    [phone] => 83942648878
    [formname] => Обратная связь
)

------------------------

------------------------
31.12.2024 17:22:33
CallbackFormEmailModal
Array
(
    [name] => naphtloxua-5550@mail.ru
    [phone] => 88748469578
    [formname] => Обратная связь
)

------------------------

------------------------
31.12.2024 18:26:51
CallbackFormEmailModal
Array
(
    [name] => ibucezevuda439@gmail.com
    [phone] => 87482465832
    [formname] => Обратная связь
)

------------------------

------------------------
31.12.2024 20:27:45
CallbackFormEmailModal
Array
(
    [name] => foncardda1988@mail.ru
    [phone] => 83116479351
    [formname] => Обратная связь
)

------------------------

------------------------
31.12.2024 20:41:06
CallbackFormEmailModal
Array
(
    [name] => shvernik.s@mail.ru
    [phone] => 89425851168
    [formname] => Обратная связь
)

------------------------

------------------------
31.12.2024 21:32:18
CallbackFormEmailModal
Array
(
    [name] => evgenevna5qdk@gmail.com
    [phone] => 83512523527
    [formname] => Обратная связь
)

------------------------

------------------------
31.12.2024 21:32:51
CallbackFormEmailModal
Array
(
    [name] => yulya.onipchenko.88@mail.ru
    [phone] => 88854815365
    [formname] => Обратная связь
)

------------------------

------------------------
31.12.2024 21:48:43
CallbackFormEmailModal
Array
(
    [name] => panova.elena.1992.23.11@bk.ru
    [phone] => 85238587941
    [formname] => Обратная связь
)

------------------------

------------------------
31.12.2024 21:51:34
CallbackFormEmailModal
Array
(
    [name] => osipova.liliia.1986.22.12@inbox.ru
    [phone] => 88271468713
    [formname] => Обратная связь
)

------------------------
