
------------------------
17.06.2024 1:36:06
CallbackFormEmailModal
Array
(
    [name] => remblasola1972@op.pl
    [phone] => 84872187621
    [formname] => Обратная связь
)

------------------------

------------------------
17.06.2024 1:42:01
CallbackFormEmailModal
Array
(
    [name] => jrspu@melssa.com
    [phone] => 82466127886
    [formname] => Обратная связь
)

------------------------

------------------------
17.06.2024 3:58:33
CallbackFormEmailModal
Array
(
    [name] => kazinolain@gmail.com
    [phone] => 84978551662
    [formname] => Обратная связь
)

------------------------

------------------------
17.06.2024 6:12:39
CallbackFormEmailModal
Array
(
    [name] => bulomice1971@op.pl
    [phone] => 89989478564
    [formname] => Обратная связь
)

------------------------

------------------------
17.06.2024 6:34:57
CallbackFormEmailModal
Array
(
    [name] => analcori1974@op.pl
    [phone] => 87138376148
    [formname] => Обратная связь
)

------------------------

------------------------
17.06.2024 7:53:54
CallbackFormEmailModal
Array
(
    [name] => siltmonquiwi198494@rambler.ru
    [phone] => 87886132449
    [formname] => Обратная связь
)

------------------------

------------------------
17.06.2024 15:49:04
CallbackFormEmailModal
Array
(
    [name] => casinadmin@casinowild24.com
    [phone] => 89938141686
    [formname] => Обратная связь
)

------------------------

------------------------
17.06.2024 16:31:38
CallbackFormEmailModal
Array
(
    [name] => bruce2@ie.ernsys.com
    [phone] => 83475531726
    [formname] => Обратная связь
)

------------------------

------------------------
17.06.2024 19:50:19
CallbackFormEmailModal
Array
(
    [name] => kirillchemax987@gmail.com
    [phone] => 81163496315
    [formname] => Обратная связь
)

------------------------

------------------------
17.06.2024 20:02:39
CallbackFormEmailModal
Array
(
    [name] => sales.mark.webmedia@gmail.com
    [phone] => +71231234567
    [formname] => Обратная связь
)

------------------------
