
------------------------
13.06.2025 0:08:26
CallbackFormEmailModal
Array
(
    [name] => n63161286@gmail.com
    [phone] => 82819493697
    [formname] => Обратная связь
)

------------------------

------------------------
13.06.2025 2:22:12
CallbackFormEmailModal
Array
(
    [name] => backbarbkagowei7b@gmx.com
    [phone] => 86864845112
    [formname] => Обратная связь
)

------------------------

------------------------
13.06.2025 4:53:03
CallbackFormEmailModal
Array
(
    [name] => sendaedeptu1977@mail.ru
    [phone] => 83394381623
    [formname] => Обратная связь
)

------------------------

------------------------
13.06.2025 5:02:48
CallbackFormEmailModal
Array
(
    [name] => karpeciktibas19915@bk.ru
    [phone] => 83597862825
    [formname] => Обратная связь
)

------------------------

------------------------
13.06.2025 5:09:12
CallbackFormEmailModal
Array
(
    [name] => stapuntril1990@mail.ru
    [phone] => 87664153327
    [formname] => Обратная связь
)

------------------------

------------------------
13.06.2025 5:13:29
CallbackFormEmailModal
Array
(
    [name] => pavel.sitdikov.88@mail.ru
    [phone] => 87975577276
    [formname] => Обратная связь
)

------------------------

------------------------
13.06.2025 5:54:14
CallbackFormEmailModal
Array
(
    [name] => varvara.nikolaeva.23.8.1964@mail.ru
    [phone] => 82594299945
    [formname] => Обратная связь
)

------------------------

------------------------
13.06.2025 5:55:48
CallbackFormEmailModal
Array
(
    [name] => natulya.fedosova.96@mail.ru
    [phone] => 87887194612
    [formname] => Обратная связь
)

------------------------

------------------------
13.06.2025 6:16:31
CallbackFormEmailModal
Array
(
    [name] => mark.moshchenskiy.90@mail.ru
    [phone] => 89441512399
    [formname] => Обратная связь
)

------------------------

------------------------
13.06.2025 7:36:14
CallbackFormEmailModal
Array
(
    [name] => densosport@inbox.lv
    [phone] => 86369943739
    [formname] => Обратная связь
)

------------------------

------------------------
13.06.2025 9:50:23
CallbackFormEmailModal
Array
(
    [name] => seoseaspace@gmail.com
    [phone] => 86251149312
    [formname] => Обратная связь
)

------------------------

------------------------
13.06.2025 10:27:10
CallbackFormEmailModal
Array
(
    [name] => btroxyxh@gmail.com
    [phone] => 88588657972
    [formname] => Обратная связь
)

------------------------

------------------------
13.06.2025 12:01:00
CallbackFormEmailModal
Array
(
    [name] => czqnqppc@wildbmail.com
    [phone] => 81154417499
    [formname] => Обратная связь
)

------------------------

------------------------
13.06.2025 17:14:44
CallbackFormEmailModal
Array
(
    [name] => svetlanakomissarova1987@mail.ru
    [phone] => 82389881843
    [formname] => Обратная связь
)

------------------------

------------------------
13.06.2025 17:32:11
CallbackFormEmailModal
Array
(
    [name] => estelaadleyrt0m@list.ru
    [phone] => 83793373486
    [formname] => Обратная связь
)

------------------------

------------------------
13.06.2025 17:33:58
CallbackFormEmailModal
Array
(
    [name] => p.e.rs.ai.t.ov.20@gmail.com:pop.gmail.com
    [phone] => 85875168247
    [formname] => Обратная связь
)

------------------------

------------------------
13.06.2025 17:35:18
CallbackFormEmailModal
Array
(
    [name] => nazarovromen853066@mail.ru
    [phone] => 83431621226
    [formname] => Обратная связь
)

------------------------

------------------------
13.06.2025 17:46:06
CallbackFormEmailModal
Array
(
    [name] => edbutaldog1984@mail.ru
    [phone] => 86976158113
    [formname] => Обратная связь
)

------------------------

------------------------
13.06.2025 17:47:50
CallbackFormEmailModal
Array
(
    [name] => kskoxim@inbox.ru
    [phone] => 84149441255
    [formname] => Обратная связь
)

------------------------

------------------------
13.06.2025 17:51:25
CallbackFormEmailModal
Array
(
    [name] => yulya.onipchenko.88@mail.ru
    [phone] => 82415335446
    [formname] => Обратная связь
)

------------------------

------------------------
13.06.2025 18:02:21
CallbackFormEmailModal
Array
(
    [name] => khexlhwd@tubermail.com
    [phone] => 86832955788
    [formname] => Обратная связь
)

------------------------

------------------------
13.06.2025 18:11:27
CallbackFormEmailModal
Array
(
    [name] => inna.kortneva.69@mail.ru
    [phone] => 86925732316
    [formname] => Обратная связь
)

------------------------

------------------------
13.06.2025 19:01:55
CallbackFormEmailModal
Array
(
    [name] => mlonanlout1985@mail.ru
    [phone] => 83912566821
    [formname] => Обратная связь
)

------------------------

------------------------
13.06.2025 23:33:30
CallbackFormEmailModal
Array
(
    [name] => hafalejkaf@gmail.com
    [phone] => 83744183115
    [formname] => Обратная связь
)

------------------------
