
------------------------
20.05.2024 0:53:26
CallbackFormEmailModal
Array
(
    [name] => borisgendelman22@outlook.com
    [phone] => 86987686642
    [formname] => Обратная связь
)

------------------------

------------------------
20.05.2024 1:11:34
CallbackFormEmailModal
Array
(
    [name] => brudermanni2024@gmail.com
    [phone] => 85761847679
    [formname] => Обратная связь
)

------------------------

------------------------
20.05.2024 2:07:05
CallbackFormEmailModal
Array
(
    [name] => suernrgrrx@outlook.com
    [phone] => 87253424685
    [formname] => Обратная связь
)

------------------------

------------------------
20.05.2024 2:15:14
CallbackFormEmailModal
Array
(
    [name] => avtocentravrora@gmail.com
    [phone] => 82413537611
    [formname] => Обратная связь
)

------------------------

------------------------
20.05.2024 7:30:27
CallbackFormEmailModal
Array
(
    [name] => tchelovekarktiki@yandex.com
    [phone] => 83563622415
    [formname] => Обратная связь
)

------------------------

------------------------
20.05.2024 8:29:59
CallbackFormEmailModal
Array
(
    [name] => dtenzindolma@gmail.com
    [phone] => 83365257126
    [formname] => Обратная связь
)

------------------------

------------------------
20.05.2024 11:26:08
CallbackFormEmailModal
Array
(
    [name] => selkowski34@op.pl
    [phone] => 87667148573
    [formname] => Обратная связь
)

------------------------

------------------------
20.05.2024 13:36:54
CallbackFormEmailModal
Array
(
    [name] => goldboy1931@gmail.com
    [phone] => 82429484923
    [formname] => Обратная связь
)

------------------------

------------------------
20.05.2024 22:38:06
CallbackFormEmailModal
Array
(
    [name] => robertabrahamsen1977@int.pl
    [phone] => 87418276137
    [formname] => Обратная связь
)

------------------------
