
------------------------
04.03.2023 3:10:09
CallbackFormEmailModal
Array
(
    [name] => telifi7150@vootin.com
    [phone] => 83182254882
    [formname] => Обратная связь
)

------------------------

------------------------
04.03.2023 15:38:47
CallbackFormEmailModal
Array
(
    [name] => raznitsadraznitsa@mail.ru
    [phone] => 86923687223
    [formname] => Обратная связь
)

------------------------

------------------------
04.03.2023 16:53:21
CallbackFormEmailModal
Array
(
    [name] => kk.ashh.urrle.y@gmail.com
    [phone] => 89271456669
    [formname] => Обратная связь
)

------------------------

------------------------
04.03.2023 16:53:35
CallbackFormEmailModal
Array
(
    [name] => kka.shh.urr.ley@gmail.com
    [phone] => 86616762455
    [formname] => Обратная связь
)

------------------------

------------------------
04.03.2023 17:42:25
CallbackFormEmailModal
Array
(
    [name] => Remedios Britton
    [phone] => MarylandIngram8349@gmail.com
    [formname] => Обратная связь
)

------------------------
