
------------------------
27.04.2022 2:38:16
CallbackFormEmailModal
Array
(
    [name] => LEE.LAMERTON@sky.com
    [phone] => 89035315213
    [formname] => Обратная связь
)

------------------------

------------------------
27.04.2022 3:46:57
CallbackFormEmailModal
Array
(
    [name] => pvectyfgpg@rambler.ru
    [phone] => 84539435442
    [formname] => Обратная связь
)

------------------------

------------------------
27.04.2022 8:38:11
CallbackFormEmailModal
Array
(
    [name] => rohit.4554@yahoo.com
    [phone] => 89036024754
    [formname] => Обратная связь
)

------------------------

------------------------
27.04.2022 11:44:16
Order
Array
(
    [name] => Андрей Станиславович Махалов
    [email] => mahalov.as@mail.ru
    [phone] => +7-910-595-3463
    [comment] => Стандартный канал S170 1.5мм, кол-во: 1, цена: 3650руб.
Способ доставки: Самовывоз со склада
Выберите способ оплаты: Оплата наличным

Комментарий к заказу: 

    [formname] => Заказ из корзины
    [fields] => Array
        (
            [price] => 36500
        )

)

------------------------

------------------------
27.04.2022 14:17:16
CallbackFormEmailModal
Array
(
    [name] => rstep7@gmail.com
    [phone] => 89034624503
    [formname] => Обратная связь
)

------------------------

------------------------
27.04.2022 20:18:38
CallbackFormEmailModal
Array
(
    [name] => rok1072008@yahoo.com
    [phone] => 89035338161
    [formname] => Обратная связь
)

------------------------
