
------------------------
08.12.2022 0:00:24
CallbackFormEmailModal
Array
(
    [name] => dd.avvisma.rco@gmail.com
    [phone] => 87476222782
    [formname] => Обратная связь
)

------------------------

------------------------
08.12.2022 1:51:43
CallbackFormEmailModal
Array
(
    [name] => support@vopros.com
    [phone] => 88586712854
    [formname] => Обратная связь
)

------------------------

------------------------
08.12.2022 3:25:07
CallbackFormEmailModal
Array
(
    [name] => renukaathomas@gmail.com
    [phone] => 82464798756
    [formname] => Обратная связь
)

------------------------

------------------------
08.12.2022 5:20:43
CallbackFormEmailModal
Array
(
    [name] => lu.kin.ovi.ch.2022.13.5.5@gmail.com

    [phone] => 87749676551
    [formname] => Обратная связь
)

------------------------

------------------------
08.12.2022 6:14:14
CallbackFormEmailModal
Array
(
    [name] => sheltoncristia.n.89.8@gmail.com
    [phone] => 85272349466
    [formname] => Обратная связь
)

------------------------

------------------------
08.12.2022 7:12:32
CallbackFormEmailModal
Array
(
    [name] => veronikapikos@yandex.ru
    [phone] => 82748274619
    [formname] => Обратная связь
)

------------------------

------------------------
08.12.2022 15:19:47
CallbackFormEmailModal
Array
(
    [name] => yourmail@gmail.com
    [phone] => 89341799212
    [formname] => Обратная связь
)

------------------------

------------------------
08.12.2022 19:27:20
CallbackFormEmailModal
Array
(
    [name] => sehloohodwc@free-private-mail.com
    [phone] => 82833562172
    [formname] => Обратная связь
)

------------------------

------------------------
08.12.2022 22:00:14
CallbackFormEmailModal
Array
(
    [name] => catchselira198748@rambler.ru
    [phone] => +71231234567
    [formname] => Обратная связь
)

------------------------

------------------------
08.12.2022 22:43:53
CallbackFormEmailModal
Array
(
    [name] => k.kashh.urrley@gmail.com
    [phone] => 81779772722
    [formname] => Обратная связь
)

------------------------
