
------------------------
11.11.2024 0:54:19
CallbackFormEmailModal
Array
(
    [name] => deacren@mail.ru
    [phone] => 86384975368
    [formname] => Обратная связь
)

------------------------

------------------------
11.11.2024 1:36:45
CallbackFormEmailModal
Array
(
    [name] => rbhlvixx@velismail.com
    [phone] => 86635498971
    [formname] => Обратная связь
)

------------------------

------------------------
11.11.2024 3:00:58
CallbackFormEmailModal
Array
(
    [name] => puoeoqexfn@rambler.ru
    [phone] => +79878637491
    [formname] => Обратная связь
)

------------------------

------------------------
11.11.2024 9:17:59
CallbackFormEmailModal
Array
(
    [name] => moiseevatoriya1993@bk.ru
    [phone] => 85899236954
    [formname] => Обратная связь
)

------------------------

------------------------
11.11.2024 9:24:30
CallbackFormEmailModal
Array
(
    [name] => kehrfatpary1984@op.pl
    [phone] => 81622638499
    [formname] => Обратная связь
)

------------------------

------------------------
11.11.2024 9:37:57
CallbackFormEmailModal
Array
(
    [name] => Анастасия
    [phone] => +7(963)481-28-70
    [formname] => Обратная связь
)

------------------------

------------------------
11.11.2024 10:59:29
CallbackFormEmailModal
Array
(
    [name] => werso07kiu@rambler.ru
    [phone] => 84875688185
    [formname] => Обратная связь
)

------------------------

------------------------
11.11.2024 11:11:40
CallbackFormEmailModal
Array
(
    [name] => peggygrandberry1936@dehumanmail.com
    [phone] => 86125699362
    [formname] => Обратная связь
)

------------------------

------------------------
11.11.2024 13:49:59
CallbackFormEmailModal
Array
(
    [name] => dchilarintio1979@op.pl
    [phone] => 83423732414
    [formname] => Обратная связь
)

------------------------

------------------------
11.11.2024 15:25:36
CallbackFormEmailModal
Array
(
    [name] => mikexxxx@gmail.com
    [phone] => 82948737189
    [formname] => Обратная связь
)

------------------------

------------------------
11.11.2024 18:32:30
CallbackFormEmailModal
Array
(
    [name] => loginovkornilii953193@mail.ru
    [phone] => 88715314454
    [formname] => Обратная связь
)

------------------------

------------------------
11.11.2024 18:41:24
CallbackFormEmailModal
Array
(
    [name] => rietraccabun1976@mail.ru
    [phone] => 88972627118
    [formname] => Обратная связь
)

------------------------

------------------------
11.11.2024 19:16:20
CallbackFormEmailModal
Array
(
    [name] => dispnecer.50@mail.ru
    [phone] => 88469145243
    [formname] => Обратная связь
)

------------------------

------------------------
11.11.2024 19:55:53
CallbackFormEmailModal
Array
(
    [name] => mlonanlout1985@mail.ru
    [phone] => 85668569359
    [formname] => Обратная связь
)

------------------------

------------------------
11.11.2024 20:30:13
CallbackFormEmailModal
Array
(
    [name] => re.vic.75.0.@gmail.com
    [phone] => 88639721218
    [formname] => Обратная связь
)

------------------------

------------------------
11.11.2024 23:09:56
CallbackFormEmailModal
Array
(
    [name] => kevbhucaguar1970@mail.ru
    [phone] => 83528832237
    [formname] => Обратная связь
)

------------------------

------------------------
11.11.2024 23:39:26
CallbackFormEmailModal
Array
(
    [name] => mosoce-416@mail.ru
    [phone] => 84657557571
    [formname] => Обратная связь
)

------------------------
