
------------------------
08.10.2023 15:12:50
CallbackEmailModal
Array
(
    [name] => Вячеслав
    [phone] => +7(964)640-82-41
    [comment] => Название продуката: Прессованный  настил нестандартных размеров на заказ
Комменатрий: Прессованный решетчатый настил Р 33х33/30х2 Zn 1000 х600 мм
цена
    [formname] => Задать вопрос по товару
)

------------------------

------------------------
08.10.2023 15:15:52
Order
Array
(
    [name] => Вячеслав 
    [email] => 217k1954@mail.ru
    [phone] => +7-964-640-8241
    [comment] => Прессованный  настил P 33х33/30х2 Zn 500х1000 мм, кол-во: 1, цена: 3250руб.
Способ доставки: Самовывоз со склада
Выберите способ оплаты: Оплата наличным

Комментарий к заказу: 

    [formname] => Заказ из корзины
    [fields] => Array
        (
            [price] => 6500
        )

)

------------------------

------------------------
08.10.2023 18:11:14
CallbackFormEmailModal
Array
(
    [name] => barcelona@espana.gold
    [phone] => 85123348621
    [formname] => Обратная связь
)

------------------------

------------------------
08.10.2023 18:13:14
CallbackFormEmailModal
Array
(
    [name] => yourmail@gmail.com
    [phone] => 89646733571
    [formname] => Обратная связь
)

------------------------

------------------------
08.10.2023 19:43:50
CallbackFormEmailModal
Array
(
    [name] => whomorib@mail.ru
    [phone] => 83154323853
    [formname] => Обратная связь
)

------------------------
