
------------------------
29.04.2023 0:44:24
CallbackFormEmailModal
Array
(
    [name] => werso061600iu@rambler.ru
    [phone] => 84864343614
    [formname] => Обратная связь
)

------------------------

------------------------
29.04.2023 1:08:31
CallbackFormEmailModal
Array
(
    [name] => werso080000iu@rambler.ru
    [phone] => 86811764948
    [formname] => Обратная связь
)

------------------------

------------------------
29.04.2023 1:50:06
CallbackFormEmailModal
Array
(
    [name] => sfdsfsdf@gmail.com
    [phone] => 89322663125
    [formname] => Обратная связь
)

------------------------

------------------------
29.04.2023 2:33:27
CallbackFormEmailModal
Array
(
    [name] => haplomaxem@outlook.com
    [phone] => haplomaxem@outlook.com
    [formname] => Обратная связь
)

------------------------

------------------------
29.04.2023 2:33:43
CallbackFormEmailModal
Array
(
    [name] => haplomaxem@outlook.com
    [phone] => haplomaxem@outlook.com
    [formname] => Обратная связь
)

------------------------

------------------------
29.04.2023 2:34:32
CallbackFormEmailModal
Array
(
    [name] => haplomaxem@outlook.com
    [phone] => haplomaxem@outlook.com
    [formname] => Обратная связь
)

------------------------

------------------------
29.04.2023 2:34:47
CallbackFormEmailModal
Array
(
    [name] => haplomaxem@outlook.com
    [phone] => haplomaxem@outlook.com
    [formname] => Обратная связь
)

------------------------

------------------------
29.04.2023 2:35:45
CallbackFormEmailModal
Array
(
    [name] => haplomaxem@outlook.com
    [phone] => haplomaxem@outlook.com
    [formname] => Обратная связь
)

------------------------

------------------------
29.04.2023 2:35:57
CallbackFormEmailModal
Array
(
    [name] => haplomaxem@outlook.com
    [phone] => haplomaxem@outlook.com
    [formname] => Обратная связь
)

------------------------

------------------------
29.04.2023 2:37:35
CallbackFormEmailModal
Array
(
    [name] => haplomaxem@outlook.com
    [phone] => haplomaxem@outlook.com
    [formname] => Обратная связь
)

------------------------

------------------------
29.04.2023 2:37:49
CallbackFormEmailModal
Array
(
    [name] => haplomaxem@outlook.com
    [phone] => haplomaxem@outlook.com
    [formname] => Обратная связь
)

------------------------

------------------------
29.04.2023 2:38:18
CallbackFormEmailModal
Array
(
    [name] => haplomaxem@outlook.com
    [phone] => haplomaxem@outlook.com
    [formname] => Обратная связь
)

------------------------

------------------------
29.04.2023 2:38:34
CallbackFormEmailModal
Array
(
    [name] => haplomaxem@outlook.com
    [phone] => haplomaxem@outlook.com
    [formname] => Обратная связь
)

------------------------

------------------------
29.04.2023 2:38:58
CallbackFormEmailModal
Array
(
    [name] => haplomaxem@outlook.com
    [phone] => haplomaxem@outlook.com
    [formname] => Обратная связь
)

------------------------

------------------------
29.04.2023 2:39:11
CallbackFormEmailModal
Array
(
    [name] => haplomaxem@outlook.com
    [phone] => haplomaxem@outlook.com
    [formname] => Обратная связь
)

------------------------

------------------------
29.04.2023 2:39:33
CallbackFormEmailModal
Array
(
    [name] => haplomaxem@outlook.com
    [phone] => haplomaxem@outlook.com
    [formname] => Обратная связь
)

------------------------

------------------------
29.04.2023 2:39:51
CallbackFormEmailModal
Array
(
    [name] => haplomaxem@outlook.com
    [phone] => haplomaxem@outlook.com
    [formname] => Обратная связь
)

------------------------

------------------------
29.04.2023 2:40:30
CallbackFormEmailModal
Array
(
    [name] => haplomaxem@outlook.com
    [phone] => haplomaxem@outlook.com
    [formname] => Обратная связь
)

------------------------

------------------------
29.04.2023 2:40:43
CallbackFormEmailModal
Array
(
    [name] => haplomaxem@outlook.com
    [phone] => haplomaxem@outlook.com
    [formname] => Обратная связь
)

------------------------

------------------------
29.04.2023 2:41:10
CallbackFormEmailModal
Array
(
    [name] => haplomaxem@outlook.com
    [phone] => haplomaxem@outlook.com
    [formname] => Обратная связь
)

------------------------

------------------------
29.04.2023 2:41:27
CallbackFormEmailModal
Array
(
    [name] => haplomaxem@outlook.com
    [phone] => haplomaxem@outlook.com
    [formname] => Обратная связь
)

------------------------

------------------------
29.04.2023 2:41:49
CallbackFormEmailModal
Array
(
    [name] => haplomaxem@outlook.com
    [phone] => haplomaxem@outlook.com
    [formname] => Обратная связь
)

------------------------

------------------------
29.04.2023 2:42:00
CallbackFormEmailModal
Array
(
    [name] => haplomaxem@outlook.com
    [phone] => haplomaxem@outlook.com
    [formname] => Обратная связь
)

------------------------

------------------------
29.04.2023 6:29:33
CallbackFormEmailModal
Array
(
    [name] => vilborn.off@gmail.com
    [phone] => 85422577926
    [formname] => Обратная связь
)

------------------------

------------------------
29.04.2023 8:11:09
CallbackFormEmailModal
Array
(
    [name] => ilianaglebova@yandex.kz
    [phone] => 86691992613
    [formname] => Обратная связь
)

------------------------

------------------------
29.04.2023 9:39:39
CallbackFormEmailModal
Array
(
    [name] => zelatcol@gmail.com
    [phone] => 84134342176
    [formname] => Обратная связь
)

------------------------

------------------------
29.04.2023 10:44:42
CallbackFormEmailModal
Array
(
    [name] => mmmyexoao@wowzilla.ru
    [phone] => 86266872535
    [formname] => Обратная связь
)

------------------------

------------------------
29.04.2023 16:58:31
CallbackFormEmailModal
Array
(
    [name] => gtrfytytruytryur@gmail.com
    [phone] => 84129866747
    [formname] => Обратная связь
)

------------------------

------------------------
29.04.2023 18:43:39
CallbackFormEmailModal
Array
(
    [name] => datafastpx@gmail.com
    [phone] => 86428115792
    [formname] => Обратная связь
)

------------------------

------------------------
29.04.2023 20:50:07
CallbackFormEmailModal
Array
(
    [name] => no-replysuinuts@gmail.com
    [phone] => 88186923632
    [formname] => Обратная связь
)

------------------------

------------------------
29.04.2023 21:04:02
CallbackFormEmailModal
Array
(
    [name] => yp6@mu88.drkoop.site
    [phone] => 85375483793
    [formname] => Обратная связь
)

------------------------
