
------------------------
19.02.2022 17:53:03
CallbackFormEmailModal
Array
(
    [name] => ad296a4e2099@hubmails.us
    [phone] => 19507807537
    [formname] => Обратная связь
)

------------------------

------------------------
19.02.2022 17:53:06
CallbackFormEmailModal
Array
(
    [name] => ad296a4e2099@hubmails.us
    [phone] => 4955996628
    [formname] => Обратная связь
)

------------------------

------------------------
19.02.2022 17:53:08
CallbackFormEmailModal
Array
(
    [name] => ad296a4e2099@hubmails.us
    [phone] => 8125659178
    [formname] => Обратная связь
)

------------------------
