
------------------------
15.05.2025 1:53:24
CallbackFormEmailModal
Array
(
    [name] => andrey.don.x@gmail.com
    [phone] => 88257629766
    [formname] => Обратная связь
)

------------------------

------------------------
15.05.2025 3:12:41
CallbackFormEmailModal
Array
(
    [name] => yourmail@gmail.com
    [phone] => 84153972747
    [formname] => Обратная связь
)

------------------------

------------------------
15.05.2025 6:36:35
CallbackFormEmailModal
Array
(
    [name] => globlelist@worldgamehit.com
    [phone] => 88448436164
    [formname] => Обратная связь
)

------------------------

------------------------
15.05.2025 7:52:34
CallbackFormEmailModal
Array
(
    [name] => kostinarogneda97@list.ru
    [phone] => 89812398323
    [formname] => Обратная связь
)

------------------------

------------------------
15.05.2025 8:05:13
CallbackFormEmailModal
Array
(
    [name] => prohor.zlobin.14.11.1987@mail.ru
    [phone] => 89873532532
    [formname] => Обратная связь
)

------------------------

------------------------
15.05.2025 8:45:23
CallbackFormEmailModal
Array
(
    [name] => noemasharapova19843520@bk.ru
    [phone] => 82379579332
    [formname] => Обратная связь
)

------------------------

------------------------
15.05.2025 8:56:41
CallbackFormEmailModal
Array
(
    [name] => rhotenti-44@mail.ru
    [phone] => 83442725817
    [formname] => Обратная связь
)

------------------------

------------------------
15.05.2025 9:02:09
CallbackFormEmailModal
Array
(
    [name] => postsaddtaliretneu@mail.ru
    [phone] => 89585456348
    [formname] => Обратная связь
)

------------------------

------------------------
15.05.2025 9:16:43
CallbackFormEmailModal
Array
(
    [name] => margarita.stolyarova.26.05.1995@mail.ru
    [phone] => 85359144857
    [formname] => Обратная связь
)

------------------------

------------------------
15.05.2025 9:31:49
CallbackFormEmailModal
Array
(
    [name] => taelivihohtoca@mail.ru
    [phone] => 86468556371
    [formname] => Обратная связь
)

------------------------

------------------------
15.05.2025 10:09:56
CallbackFormEmailModal
Array
(
    [name] => yulya.onipchenko.88@mail.ru
    [phone] => 84287884559
    [formname] => Обратная связь
)

------------------------

------------------------
15.05.2025 10:19:47
CallbackFormEmailModal
Array
(
    [name] => toypropadsandwesvi@mail.ru
    [phone] => 81327489449
    [formname] => Обратная связь
)

------------------------

------------------------
15.05.2025 17:37:03
CallbackFormEmailModal
Array
(
    [name] => combontsegal37@mail.ru
    [phone] => 87443448459
    [formname] => Обратная связь
)

------------------------

------------------------
15.05.2025 19:57:15
CallbackFormEmailModal
Array
(
    [name] => andrey.don.x@gmail.com
    [phone] => 84841774779
    [formname] => Обратная связь
)

------------------------

------------------------
15.05.2025 21:22:41
CallbackFormEmailModal
Array
(
    [name] => ekatf644@gmail.com
    [phone] => 85497741642
    [formname] => Обратная связь
)

------------------------

------------------------
15.05.2025 22:52:58
CallbackFormEmailModal
Array
(
    [name] => ericpetersonpa@gmail.com
    [phone] => 88844135594
    [formname] => Обратная связь
)

------------------------

------------------------
15.05.2025 22:56:47
CallbackFormEmailModal
Array
(
    [name] => kharalampiimartyshkin@mail.ru
    [phone] => 82276261225
    [formname] => Обратная связь
)

------------------------
