
------------------------
30.07.2021 0:47:17
CallbackFormEmailModal
Array
(
    [name] => xgamer1def@gmail.com
    [phone] => 81872159451
    [formname] => Обратная связь
)

------------------------

------------------------
30.07.2021 1:22:41
CallbackFormEmailModal
Array
(
    [name] => baza2021k@gmail.ru
    [phone] => 79152396723
    [formname] => Обратная связь
)

------------------------

------------------------
30.07.2021 7:06:09
CallbackFormEmailModal
Array
(
    [name] => craig4080112@gmail.com
    [phone] => 87481994412
    [formname] => Обратная связь
)

------------------------

------------------------
30.07.2021 7:35:24
CallbackFormEmailModal
Array
(
    [name] => svidinfo1980@gmail.com
    [phone] => 88237539759
    [formname] => Обратная связь
)

------------------------

------------------------
30.07.2021 7:44:18
CallbackFormEmailModal
Array
(
    [name] => rebooster.ra.1@yandex.ru
    [phone] => +712312345678
    [formname] => Обратная связь
)

------------------------

------------------------
30.07.2021 12:25:45
CallbackFormEmailModal
Array
(
    [name] => timur.suvorov-61642@mail.ru
    [phone] => +71231234567
    [formname] => Обратная связь
)

------------------------
