
------------------------
14.11.2022 0:58:21
CallbackFormEmailModal
Array
(
    [name] => dibaz44884smw@bk.ru
    [phone] => 79295568248
    [formname] => Обратная связь
)

------------------------

------------------------
14.11.2022 6:39:07
CallbackFormEmailModal
Array
(
    [name] => lu.k.i.novic.h.20.22.1355@gmail.com

    [phone] => 82896943189
    [formname] => Обратная связь
)

------------------------

------------------------
14.11.2022 7:34:14
CallbackFormEmailModal
Array
(
    [name] => plaAnype@yandex.ru
    [phone] => 84437279992
    [formname] => Обратная связь
)

------------------------

------------------------
14.11.2022 9:33:50
CallbackFormEmailModal
Array
(
    [name] => vitaf0pa@outlook.com
    [phone] => 81223944641
    [formname] => Обратная связь
)

------------------------

------------------------
14.11.2022 15:30:46
CallbackFormEmailModal
Array
(
    [name] => ovsieyvl@gmail.com
    [phone] => 89642359653
    [formname] => Обратная связь
)

------------------------

------------------------
14.11.2022 15:31:55
CallbackFormEmailModal
Array
(
    [name] => lu.ki.no.v.ich2.0.2.21.3.5.5@gmail.com

    [phone] => 89691693877
    [formname] => Обратная связь
)

------------------------

------------------------
14.11.2022 19:48:10
CallbackFormEmailModal
Array
(
    [name] => azamatmusagaliev2022@gmail.com
    [phone] => 87126262845
    [formname] => Обратная связь
)

------------------------

------------------------
14.11.2022 22:04:11
CallbackFormEmailModal
Array
(
    [name] => no-replysuinuts@gmail.com
    [phone] => 89145531577
    [formname] => Обратная связь
)

------------------------
