
------------------------
08.08.2021 0:09:51
CallbackFormEmailModal
Array
(
    [name] => svidinfo1980@gmail.com
    [phone] => 88463362598
    [formname] => Обратная связь
)

------------------------

------------------------
08.08.2021 7:58:40
Order
Array
(
    [name] => ZXzX
    [email] => rouming76@gmail.com
    [phone] => +7-912-340-6469
    [comment] => Трап Mini Wm200 с вертикальным отводом DN110, кол-во: 1, цена: 10000руб.
Способ доставки: Самовывоз со склада
Выберите способ оплаты: Оплата наличным

Комментарий к заказу: 

    [formname] => Заказ из корзины
    [fields] => Array
        (
            [price] => 10000
        )

)

------------------------

------------------------
08.08.2021 14:30:26
CallbackFormEmailModal
Array
(
    [name] => nvarrua@gmail.com
    [phone] => 81238365329
    [formname] => Обратная связь
)

------------------------

------------------------
08.08.2021 19:50:11
Order
Array
(
    [name] => Zc
    [email] => rouming76@gmail.com
    [phone] => +7-912-340-6469
    [comment] => Стандартный канал S370 1.5мм, кол-во: 1, цена: 6050руб.
Способ доставки: Самовывоз со склада
Выберите способ оплаты: Оплата наличным

Комментарий к заказу: 

    [formname] => Заказ из корзины
    [fields] => Array
        (
            [price] => 6050
        )

)

------------------------

------------------------
08.08.2021 22:02:52
CallbackFormEmailModal
Array
(
    [name] => baza2021k@gmail.rus
    [phone] => 79954504960
    [formname] => Обратная связь
)

------------------------
