
------------------------
28.08.2024 0:30:07
CallbackFormEmailModal
Array
(
    [name] => vemreblimpaunkera@gmail.com
    [phone] => 83382471244
    [formname] => Обратная связь
)

------------------------

------------------------
28.08.2024 0:58:50
CallbackFormEmailModal
Array
(
    [name] => xrumer23Kip@gmail.com
    [phone] => 86236324999
    [formname] => Обратная связь
)

------------------------

------------------------
28.08.2024 1:04:57
CallbackFormEmailModal
Array
(
    [name] => efisomer1970@op.pl
    [phone] => 89196736945
    [formname] => Обратная связь
)

------------------------

------------------------
28.08.2024 3:15:50
CallbackFormEmailModal
Array
(
    [name] => bpqvnriccel@rudiplomust.com
    [phone] => 84851678456
    [formname] => Обратная связь
)

------------------------

------------------------
28.08.2024 5:53:20
CallbackFormEmailModal
Array
(
    [name] => qtedsaohvel@rudiplomust.com
    [phone] => 88152298352
    [formname] => Обратная связь
)

------------------------

------------------------
28.08.2024 6:40:06
CallbackFormEmailModal
Array
(
    [name] => zachiplektsoo1976@op.pl
    [phone] => 83123231537
    [formname] => Обратная связь
)

------------------------

------------------------
28.08.2024 8:18:23
CallbackFormEmailModal
Array
(
    [name] => mikeAlburnern@gmail.com
    [phone] => 81454418357
    [formname] => Обратная связь
)

------------------------

------------------------
28.08.2024 10:08:44
CallbackFormEmailModal
Array
(
    [name] => jerry1@xrevelxr.com
    [phone] => 89333182963
    [formname] => Обратная связь
)

------------------------

------------------------
28.08.2024 10:39:04
CallbackFormEmailModal
Array
(
    [name] => ifnsfrnizel@rudiplomust.com
    [phone] => 87879111455
    [formname] => Обратная связь
)

------------------------

------------------------
28.08.2024 11:58:55
CallbackFormEmailModal
Array
(
    [name] => 84xrumer5@farironalds.com
    [phone] => 82488279274
    [formname] => Обратная связь
)

------------------------

------------------------
28.08.2024 13:14:16
CallbackFormEmailModal
Array
(
    [name] => lolerex241@ovout.com
    [phone] => 87529249721
    [formname] => Обратная связь
)

------------------------

------------------------
28.08.2024 13:57:38
CallbackFormEmailModal
Array
(
    [name] => zorxqwnrbel@rudiplomust.com
    [phone] => 88357733691
    [formname] => Обратная связь
)

------------------------

------------------------
28.08.2024 14:18:23
CallbackFormEmailModal
Array
(
    [name] => jurmus952@gmail.com
    [phone] => 85788234539
    [formname] => Обратная связь
)

------------------------

------------------------
28.08.2024 16:21:33
CallbackFormEmailModal
Array
(
    [name] => 20xrumer6@farironalds.com
    [phone] => 82464682272
    [formname] => Обратная связь
)

------------------------

------------------------
28.08.2024 17:06:06
CallbackFormEmailModal
Array
(
    [name] => 1q0nbg4km@mozmail.com
    [phone] => 84367264878
    [formname] => Обратная связь
)

------------------------

------------------------
28.08.2024 17:29:32
CallbackFormEmailModal
Array
(
    [name] => raicelypthe1981@op.pl
    [phone] => 82666984268
    [formname] => Обратная связь
)

------------------------

------------------------
28.08.2024 21:59:21
CallbackFormEmailModal
Array
(
    [name] => darxlongvehagg1982@op.pl
    [phone] => 85152755668
    [formname] => Обратная связь
)

------------------------

------------------------
28.08.2024 22:01:24
CallbackFormEmailModal
Array
(
    [name] => ffavcewvuSi@2gis-msk.store
    [phone] => 87879385541
    [formname] => Обратная связь
)

------------------------
