
------------------------
29.07.2025 3:06:26
CallbackFormEmailModal
Array
(
    [name] => yandexmarkets@anonmails.de
    [phone] => 84344551417
    [formname] => Обратная связь
)

------------------------

------------------------
29.07.2025 4:48:35
CallbackFormEmailModal
Array
(
    [name] => ponomaryov.borya.1983@bk.ru
    [phone] => 83396221899
    [formname] => Обратная связь
)

------------------------

------------------------
29.07.2025 4:50:22
CallbackFormEmailModal
Array
(
    [name] => toypropadsandwesvi@mail.ru
    [phone] => 83245553132
    [formname] => Обратная связь
)

------------------------

------------------------
29.07.2025 5:01:39
CallbackFormEmailModal
Array
(
    [name] => toktobayeva.nata@mail.ru
    [phone] => 85467148283
    [formname] => Обратная связь
)

------------------------

------------------------
29.07.2025 5:02:11
CallbackFormEmailModal
Array
(
    [name] => nifontmarkov1987@mail.ru
    [phone] => 89766336422
    [formname] => Обратная связь
)

------------------------

------------------------
29.07.2025 5:05:44
CallbackFormEmailModal
Array
(
    [name] => arturgorz2o3@bk.ru
    [phone] => 84752733857
    [formname] => Обратная связь
)

------------------------

------------------------
29.07.2025 5:06:04
CallbackFormEmailModal
Array
(
    [name] => mikhail.kholudenev.93@mail.ru
    [phone] => 87249838913
    [formname] => Обратная связь
)

------------------------

------------------------
29.07.2025 5:07:21
CallbackFormEmailModal
Array
(
    [name] => veronika.goryunova.06.09.2001@mail.ru
    [phone] => 89418957427
    [formname] => Обратная связь
)

------------------------

------------------------
29.07.2025 5:11:16
CallbackFormEmailModal
Array
(
    [name] => margarita.stolyarova.26.05.1995@mail.ru
    [phone] => 85361938418
    [formname] => Обратная связь
)

------------------------

------------------------
29.07.2025 5:13:59
CallbackFormEmailModal
Array
(
    [name] => martakalinina84@mail.ru
    [phone] => 87164432348
    [formname] => Обратная связь
)

------------------------

------------------------
29.07.2025 5:16:40
CallbackFormEmailModal
Array
(
    [name] => abbyas-venikov1984@mail.ru
    [phone] => 86818915976
    [formname] => Обратная связь
)

------------------------

------------------------
29.07.2025 5:17:34
CallbackFormEmailModal
Array
(
    [name] => dzhulenbalakin@mail.ru
    [phone] => 81529331414
    [formname] => Обратная связь
)

------------------------

------------------------
29.07.2025 5:19:14
CallbackFormEmailModal
Array
(
    [name] => kozlovvarlen19782037@mail.ru
    [phone] => 82922448353
    [formname] => Обратная связь
)

------------------------

------------------------
29.07.2025 5:22:02
CallbackFormEmailModal
Array
(
    [name] => valentin.vinokurov.12.6.1968@mail.ru
    [phone] => 84151167194
    [formname] => Обратная связь
)

------------------------

------------------------
29.07.2025 5:27:31
CallbackFormEmailModal
Array
(
    [name] => donaldwhitford2017@salpingomyu.ru
    [phone] => 87799715848
    [formname] => Обратная связь
)

------------------------

------------------------
29.07.2025 6:14:36
CallbackFormEmailModal
Array
(
    [name] => ilnanmode1973@mail.ru
    [phone] => 86163968775
    [formname] => Обратная связь
)

------------------------

------------------------
29.07.2025 6:14:52
CallbackFormEmailModal
Array
(
    [name] => pomgmk9oheivabfooksm@list.ru
    [phone] => 83123917739
    [formname] => Обратная связь
)

------------------------

------------------------
29.07.2025 6:17:58
CallbackFormEmailModal
Array
(
    [name] => sileterde1976@mail.ru
    [phone] => 83438842299
    [formname] => Обратная связь
)

------------------------

------------------------
29.07.2025 6:19:21
CallbackFormEmailModal
Array
(
    [name] => orlov.roman.1988.2.11@list.ru
    [phone] => 89274529734
    [formname] => Обратная связь
)

------------------------

------------------------
29.07.2025 6:26:27
CallbackFormEmailModal
Array
(
    [name] => marina.bespalova.01.11.1978@mail.ru
    [phone] => 82443134988
    [formname] => Обратная связь
)

------------------------

------------------------
29.07.2025 6:32:58
CallbackFormEmailModal
Array
(
    [name] => natulya.fedosova.96@mail.ru
    [phone] => 89465628779
    [formname] => Обратная связь
)

------------------------

------------------------
29.07.2025 6:46:54
CallbackFormEmailModal
Array
(
    [name] => higbiosepo1986@mail.ru
    [phone] => 86937719794
    [formname] => Обратная связь
)

------------------------

------------------------
29.07.2025 6:47:40
CallbackFormEmailModal
Array
(
    [name] => egorbmxik@mail.ru
    [phone] => 81696381177
    [formname] => Обратная связь
)

------------------------

------------------------
29.07.2025 6:55:00
CallbackFormEmailModal
Array
(
    [name] => tineppulnas1970@mail.ru
    [phone] => 89274157797
    [formname] => Обратная связь
)

------------------------

------------------------
29.07.2025 7:24:03
CallbackFormEmailModal
Array
(
    [name] => tatyanka-semenova-2022@mail.ru
    [phone] => 86114663775
    [formname] => Обратная связь
)

------------------------

------------------------
29.07.2025 8:46:14
CallbackFormEmailModal
Array
(
    [name] => toktobayeva.nata@mail.ru
    [phone] => 83163667443
    [formname] => Обратная связь
)

------------------------

------------------------
29.07.2025 9:30:04
CallbackFormEmailModal
Array
(
    [name] => t9269281@gmail.com
    [phone] => 88932445873
    [formname] => Обратная связь
)

------------------------

------------------------
29.07.2025 10:00:02
CallbackFormEmailModal
Array
(
    [name] => vincenttaits@mail.ru
    [phone] => 86651627438
    [formname] => Обратная связь
)

------------------------

------------------------
29.07.2025 13:56:21
CallbackFormEmailModal
Array
(
    [name] => rerkgeemong98@mail.ru
    [phone] => 83314629394
    [formname] => Обратная связь
)

------------------------

------------------------
29.07.2025 14:10:30
CallbackFormEmailModal
Array
(
    [name] => waai8stccwnc@mail.ru
    [phone] => 87143664292
    [formname] => Обратная связь
)

------------------------

------------------------
29.07.2025 14:14:55
CallbackFormEmailModal
Array
(
    [name] => postsaddtaliretneu@mail.ru
    [phone] => 82869674213
    [formname] => Обратная связь
)

------------------------

------------------------
29.07.2025 14:15:25
CallbackFormEmailModal
Array
(
    [name] => danilovavita9@mail.ru
    [phone] => 85952255256
    [formname] => Обратная связь
)

------------------------

------------------------
29.07.2025 14:38:58
CallbackFormEmailModal
Array
(
    [name] => taelivihohtoca@mail.ru
    [phone] => 86813629745
    [formname] => Обратная связь
)

------------------------

------------------------
29.07.2025 14:57:00
CallbackFormEmailModal
Array
(
    [name] => prosavmobi1981@mail.ru
    [phone] => 86459724532
    [formname] => Обратная связь
)

------------------------

------------------------
29.07.2025 14:58:34
CallbackFormEmailModal
Array
(
    [name] => fgrggfg@gmail.ru
    [phone] => 81877628266
    [formname] => Обратная связь
)

------------------------

------------------------
29.07.2025 15:17:53
CallbackFormEmailModal
Array
(
    [name] => ovnterbefjuden6138@mail.ru
    [phone] => 85538924385
    [formname] => Обратная связь
)

------------------------

------------------------
29.07.2025 15:50:18
CallbackFormEmailModal
Array
(
    [name] => yandex_markets@anonmails.de
    [phone] => 81835274172
    [formname] => Обратная связь
)

------------------------

------------------------
29.07.2025 16:26:51
CallbackFormEmailModal
Array
(
    [name] => rais.shchigelskaya2002@mail.ru
    [phone] => 88814855591
    [formname] => Обратная связь
)

------------------------

------------------------
29.07.2025 16:45:35
CallbackFormEmailModal
Array
(
    [name] => hrabrgulyaev1996673@mail.ru
    [phone] => 81886167298
    [formname] => Обратная связь
)

------------------------

------------------------
29.07.2025 16:48:18
CallbackFormEmailModal
Array
(
    [name] => mosoce-416@mail.ru
    [phone] => 85869945987
    [formname] => Обратная связь
)

------------------------

------------------------
29.07.2025 17:02:03
CallbackFormEmailModal
Array
(
    [name] => sitebig.choic.e@gmail.com
    [phone] => 84276599982
    [formname] => Обратная связь
)

------------------------

------------------------
29.07.2025 17:29:43
CallbackFormEmailModal
Array
(
    [name] => prohor.zlobin.14.11.1987@mail.ru
    [phone] => 88917674699
    [formname] => Обратная связь
)

------------------------

------------------------
29.07.2025 17:38:28
CallbackFormEmailModal
Array
(
    [name] => margarita.stolyarova.26.05.1995@mail.ru
    [phone] => 82579778869
    [formname] => Обратная связь
)

------------------------

------------------------
29.07.2025 18:30:44
CallbackFormEmailModal
Array
(
    [name] => 20xrumer11@farironalds.com
    [phone] => 86187114278
    [formname] => Обратная связь
)

------------------------

------------------------
29.07.2025 20:36:46
CallbackFormEmailModal
Array
(
    [name] => gitgoa80@gmail.com
    [phone] => 84372389918
    [formname] => Обратная связь
)

------------------------

------------------------
29.07.2025 20:41:39
CallbackFormEmailModal
Array
(
    [name] => 20xrumer11@farironalds.com
    [phone] => 82316469742
    [formname] => Обратная связь
)

------------------------

------------------------
29.07.2025 21:12:43
CallbackFormEmailModal
Array
(
    [name] => lakeishamiller2022@photochrfml.com
    [phone] => 74951231234
    [formname] => Обратная связь
)

------------------------

------------------------
29.07.2025 21:45:32
CallbackFormEmailModal
Array
(
    [name] => yandexmarkets@anonmails.de
    [phone] => 86198241612
    [formname] => Обратная связь
)

------------------------

------------------------
29.07.2025 23:06:21
CallbackFormEmailModal
Array
(
    [name] => jolene.westcott@bk.ru
    [phone] => 82165618762
    [formname] => Обратная связь
)

------------------------
