
------------------------
21.07.2025 0:26:06
CallbackFormEmailModal
Array
(
    [name] => beneslipenhumesten692@gmail.com
    [phone] => 87632658463
    [formname] => Обратная связь
)

------------------------

------------------------
21.07.2025 3:09:44
CallbackFormEmailModal
Array
(
    [name] => xcazxasdg@gmail.com
    [phone] => 83498276917
    [formname] => Обратная связь
)

------------------------

------------------------
21.07.2025 4:42:02
CallbackFormEmailModal
Array
(
    [name] => test@gmail.com
    [phone] => 87456465196
    [formname] => Обратная связь
)

------------------------

------------------------
21.07.2025 5:28:49
CallbackFormEmailModal
Array
(
    [name] => admin@progonx.fun
    [phone] => 85884131458
    [formname] => Обратная связь
)

------------------------

------------------------
21.07.2025 6:08:59
CallbackFormEmailModal
Array
(
    [name] => yandexmarkets@anonmails.de
    [phone] => 84249672449
    [formname] => Обратная связь
)

------------------------

------------------------
21.07.2025 6:33:03
CallbackFormEmailModal
Array
(
    [name] => valentin.vinokurov.12.6.1968@mail.ru
    [phone] => 88576627891
    [formname] => Обратная связь
)

------------------------

------------------------
21.07.2025 7:33:43
CallbackFormEmailModal
Array
(
    [name] => profconbu_64@mail.ru
    [phone] => 89584232668
    [formname] => Обратная связь
)

------------------------

------------------------
21.07.2025 7:44:06
CallbackFormEmailModal
Array
(
    [name] => musaev.misha.1982.3.5@list.ru
    [phone] => 87686531572
    [formname] => Обратная связь
)

------------------------

------------------------
21.07.2025 7:53:17
CallbackFormEmailModal
Array
(
    [name] => panova.elena.1992.23.11@bk.ru
    [phone] => 86769148589
    [formname] => Обратная связь
)

------------------------

------------------------
21.07.2025 7:55:21
CallbackFormEmailModal
Array
(
    [name] => dionisij.grigorev.92@mail.ru
    [phone] => 82166614784
    [formname] => Обратная связь
)

------------------------

------------------------
21.07.2025 8:00:06
CallbackFormEmailModal
Array
(
    [name] => osipova.liliia.1986.22.12@inbox.ru
    [phone] => 86885946867
    [formname] => Обратная связь
)

------------------------

------------------------
21.07.2025 8:16:32
CallbackFormEmailModal
Array
(
    [name] => egorbmxik@mail.ru
    [phone] => 84992516324
    [formname] => Обратная связь
)

------------------------

------------------------
21.07.2025 8:17:18
CallbackFormEmailModal
Array
(
    [name] => zuyev-vadik@bk.ru
    [phone] => 85942866823
    [formname] => Обратная связь
)

------------------------

------------------------
21.07.2025 8:50:30
CallbackFormEmailModal
Array
(
    [name] => marketingseosea@gmail.com
    [phone] => 85139111468
    [formname] => Обратная связь
)

------------------------

------------------------
21.07.2025 9:48:38
CallbackFormEmailModal
Array
(
    [name] => ogolovatenkoabramov@mail.ru
    [phone] => 82451555895
    [formname] => Обратная связь
)

------------------------

------------------------
21.07.2025 11:47:06
CallbackFormEmailModal
Array
(
    [name] => irinademenkova86@gmail.com
    [phone] => 89854339769
    [formname] => Обратная связь
)

------------------------

------------------------
21.07.2025 13:06:03
CallbackFormModal
Array
(
    [name] => Андрей
    [phone] => +7(925)214-41-08
    [formname] => Заказать звонок
)

------------------------

------------------------
21.07.2025 13:24:21
CallbackFormEmailModal
Array
(
    [name] => naphtloxua-5550@mail.ru
    [phone] => 82382683261
    [formname] => Обратная связь
)

------------------------

------------------------
21.07.2025 13:38:15
CallbackFormEmailModal
Array
(
    [name] => anya.genger@mail.ru
    [phone] => 88438992349
    [formname] => Обратная связь
)

------------------------

------------------------
21.07.2025 14:00:02
CallbackFormEmailModal
Array
(
    [name] => tgkoknaekb@rambler.ru
    [phone] => 83147845494
    [formname] => Обратная связь
)

------------------------

------------------------
21.07.2025 14:00:40
CallbackFormEmailModal
Array
(
    [name] => filatovlenian4023@mail.ru
    [phone] => 84844723488
    [formname] => Обратная связь
)

------------------------

------------------------
21.07.2025 14:36:22
CallbackFormEmailModal
Array
(
    [name] => mark.moshchenskiy.90@mail.ru
    [phone] => 89548551632
    [formname] => Обратная связь
)

------------------------

------------------------
21.07.2025 14:43:17
CallbackFormEmailModal
Array
(
    [name] => yulya.onipchenko.88@mail.ru
    [phone] => 82574531435
    [formname] => Обратная связь
)

------------------------

------------------------
21.07.2025 15:18:24
CallbackEmailModal
Array
(
    [name] => Олег
    [phone] => +7(905)791-66-09
    [comment] => Название продуката: Лестничная ступень SР 34х38/30х3 Zn 1000х270 мм
Комменатрий: Срок поставки этих ступеней
    [formname] => Задать вопрос по товару
)

------------------------

------------------------
21.07.2025 15:21:05
CallbackFormEmailModal
Array
(
    [name] => revers711@1ti.ru
    [phone] => 87929397935
    [formname] => Обратная связь
)

------------------------

------------------------
21.07.2025 16:20:52
CallbackFormEmailModal
Array
(
    [name] => filatovlenian4023@mail.ru
    [phone] => 88319734758
    [formname] => Обратная связь
)

------------------------

------------------------
21.07.2025 18:20:25
CallbackFormEmailModal
Array
(
    [name] => gjvhesits@15h.ru
    [phone] => 86377986487
    [formname] => Обратная связь
)

------------------------

------------------------
21.07.2025 18:43:24
CallbackFormEmailModal
Array
(
    [name] => sileterde1976@mail.ru
    [phone] => 88921531228
    [formname] => Обратная связь
)

------------------------

------------------------
21.07.2025 18:48:30
CallbackFormEmailModal
Array
(
    [name] => ilnanmode1973@mail.ru
    [phone] => 84235424621
    [formname] => Обратная связь
)

------------------------

------------------------
21.07.2025 19:03:36
CallbackFormEmailModal
Array
(
    [name] => tacusol-6816@mail.ru
    [phone] => 86583581434
    [formname] => Обратная связь
)

------------------------

------------------------
21.07.2025 19:08:11
CallbackFormEmailModal
Array
(
    [name] => kharalampiimartyshkin@mail.ru
    [phone] => 83853323243
    [formname] => Обратная связь
)

------------------------

------------------------
21.07.2025 19:24:09
CallbackFormEmailModal
Array
(
    [name] => tineppulnas1970@mail.ru
    [phone] => 88721585179
    [formname] => Обратная связь
)

------------------------

------------------------
21.07.2025 19:51:27
CallbackFormEmailModal
Array
(
    [name] => danilovavita9@mail.ru
    [phone] => 83544387397
    [formname] => Обратная связь
)

------------------------
