
------------------------
11.12.2024 0:36:34
CallbackFormEmailModal
Array
(
    [name] => ebojajuje04@gmail.com
    [phone] => 84173894622
    [formname] => Обратная связь
)

------------------------

------------------------
11.12.2024 2:31:04
CallbackFormEmailModal
Array
(
    [name] => adler@93rus.myjino.ru
    [phone] => 83696544371
    [formname] => Обратная связь
)

------------------------

------------------------
11.12.2024 3:30:32
CallbackFormEmailModal
Array
(
    [name] => doloresa.grishina@mail.ru
    [phone] => 88133284511
    [formname] => Обратная связь
)

------------------------

------------------------
11.12.2024 3:48:41
CallbackFormEmailModal
Array
(
    [name] => anna.shapiro.78@mail.ru
    [phone] => 87675887576
    [formname] => Обратная связь
)

------------------------

------------------------
11.12.2024 5:21:48
CallbackFormEmailModal
Array
(
    [name] => abibulakhiutin@mail.ru
    [phone] => 88511413952
    [formname] => Обратная связь
)

------------------------

------------------------
11.12.2024 7:42:51
CallbackFormEmailModal
Array
(
    [name] => jarerogusto@gmail.com
    [phone] => 83886921813
    [formname] => Обратная связь
)

------------------------

------------------------
11.12.2024 8:39:31
CallbackFormEmailModal
Array
(
    [name] => marydesanta291@gmail.com
    [phone] => 82493274459
    [formname] => Обратная связь
)

------------------------

------------------------
11.12.2024 8:39:31
CallbackFormEmailModal
Array
(
    [name] => sabrinaablezova35@gmail.com
    [phone] => 89198424783
    [formname] => Обратная связь
)

------------------------

------------------------
11.12.2024 9:15:37
CallbackFormEmailModal
Array
(
    [name] => kjhgfdsd@gmail.com
    [phone] => 88811376952
    [formname] => Обратная связь
)

------------------------

------------------------
11.12.2024 10:35:33
CallbackFormEmailModal
Array
(
    [name] => fthraobgmMa@myagkie-paneli11.ru
    [phone] => 82382721469
    [formname] => Обратная связь
)

------------------------

------------------------
11.12.2024 10:37:20
CallbackFormEmailModal
Array
(
    [name] => qrmwcxirjpn@myagkie-paneli11.ru
    [phone] => 87984579794
    [formname] => Обратная связь
)

------------------------

------------------------
11.12.2024 10:37:53
CallbackFormEmailModal
Array
(
    [name] => psiglwynoMt@myagkie-paneli11.ru
    [phone] => 84865286685
    [formname] => Обратная связь
)

------------------------

------------------------
11.12.2024 11:04:01
CallbackFormEmailModal
Array
(
    [name] => klmurbhnaOi@myagkie-paneli11.ru
    [phone] => 81439726844
    [formname] => Обратная связь
)

------------------------

------------------------
11.12.2024 11:13:08
CallbackFormEmailModal
Array
(
    [name] => jarerogusto@gmail.com
    [phone] => 83142697788
    [formname] => Обратная связь
)

------------------------

------------------------
11.12.2024 11:52:26
CallbackFormEmailModal
Array
(
    [name] => ibucezevuda439@gmail.com
    [phone] => 81496732469
    [formname] => Обратная связь
)

------------------------

------------------------
11.12.2024 13:45:29
CallbackFormEmailModal
Array
(
    [name] => marydesanta291@gmail.com
    [phone] => 81583142351
    [formname] => Обратная связь
)

------------------------

------------------------
11.12.2024 13:47:46
CallbackFormEmailModal
Array
(
    [name] => sabrinaablezova35@gmail.com
    [phone] => 89372999479
    [formname] => Обратная связь
)

------------------------

------------------------
11.12.2024 14:17:26
CallbackFormEmailModal
Array
(
    [name] => ewewegwe@yandex.kz
    [phone] => 82477188681
    [formname] => Обратная связь
)

------------------------

------------------------
11.12.2024 15:05:39
CallbackFormEmailModal
Array
(
    [name] => kmsxhuggjKa@myagkie-paneli11.ru
    [phone] => 81154963754
    [formname] => Обратная связь
)

------------------------

------------------------
11.12.2024 15:08:20
CallbackFormEmailModal
Array
(
    [name] => kblwjdefrpn@myagkie-paneli11.ru
    [phone] => 81928173191
    [formname] => Обратная связь
)

------------------------

------------------------
11.12.2024 17:13:23
CallbackFormEmailModal
Array
(
    [name] => xurmaximera@gmail.com
    [phone] => 88952291288
    [formname] => Обратная связь
)

------------------------

------------------------
11.12.2024 17:37:32
CallbackFormEmailModal
Array
(
    [name] => lolerex241@ovout.com
    [phone] => 87896429431
    [formname] => Обратная связь
)

------------------------

------------------------
11.12.2024 22:44:04
CallbackFormEmailModal
Array
(
    [name] => xurmaximera@gmail.com
    [phone] => 83632489488
    [formname] => Обратная связь
)

------------------------
