
------------------------
15.06.2025 0:05:27
CallbackFormEmailModal
Array
(
    [name] => andrey.don.x@gmail.com
    [phone] => 81454534145
    [formname] => Обратная связь
)

------------------------

------------------------
15.06.2025 0:16:26
CallbackFormEmailModal
Array
(
    [name] => 202xrumer21@farironalds.com
    [phone] => 85565443364
    [formname] => Обратная связь
)

------------------------

------------------------
15.06.2025 0:23:16
CallbackFormEmailModal
Array
(
    [name] => pantatyana25@gmail.com
    [phone] => 89668662534
    [formname] => Обратная связь
)

------------------------

------------------------
15.06.2025 0:26:46
CallbackFormEmailModal
Array
(
    [name] => karzhavinvenegard@mail.ru
    [phone] => 84133689791
    [formname] => Обратная связь
)

------------------------

------------------------
15.06.2025 4:04:41
CallbackFormEmailModal
Array
(
    [name] => mike@monkeydigital.co
    [phone] => 88118446445
    [formname] => Обратная связь
)

------------------------

------------------------
15.06.2025 4:55:16
CallbackFormEmailModal
Array
(
    [name] => anna.siverova@mail.ru
    [phone] => 87692931928
    [formname] => Обратная связь
)

------------------------

------------------------
15.06.2025 5:30:18
CallbackFormEmailModal
Array
(
    [name] => perrettcornalss@anonmails.de
    [phone] => 88327931873
    [formname] => Обратная связь
)

------------------------

------------------------
15.06.2025 5:46:37
CallbackFormEmailModal
Array
(
    [name] => danit@cosmicbridge.site
    [phone] => 84794377999
    [formname] => Обратная связь
)

------------------------

------------------------
15.06.2025 5:46:57
CallbackFormEmailModal
Array
(
    [name] => caldo100917ok@gmail.com
    [phone] => 81162382225
    [formname] => Обратная связь
)

------------------------

------------------------
15.06.2025 7:11:04
CallbackFormEmailModal
Array
(
    [name] => shopnicego@gmail.com
    [phone] => 83317344598
    [formname] => Обратная связь
)

------------------------

------------------------
15.06.2025 9:14:36
CallbackFormEmailModal
Array
(
    [name] => yawiviseya67@gmail.com
    [phone] => 89151361218
    [formname] => Обратная связь
)

------------------------

------------------------
15.06.2025 9:49:12
CallbackFormEmailModal
Array
(
    [name] => Envicebive@hotmail.com
    [phone] => 87521175697
    [formname] => Обратная связь
)

------------------------

------------------------
15.06.2025 9:51:46
CallbackFormEmailModal
Array
(
    [name] => u.re.vic750.@gmail.com
    [phone] => 82355821627
    [formname] => Обратная связь
)

------------------------

------------------------
15.06.2025 12:34:16
CallbackFormEmailModal
Array
(
    [name] => info@creamarketing.ru
    [phone] => 85861285918
    [formname] => Обратная связь
)

------------------------

------------------------
15.06.2025 12:59:41
CallbackFormEmailModal
Array
(
    [name] => yandexmarket@anonmails.de
    [phone] => 87244933283
    [formname] => Обратная связь
)

------------------------

------------------------
15.06.2025 13:07:48
CallbackFormEmailModal
Array
(
    [name] => polyakovdanila19908366@mail.ru
    [phone] => 87399971241
    [formname] => Обратная связь
)

------------------------

------------------------
15.06.2025 13:13:26
CallbackFormEmailModal
Array
(
    [name] => wertygvfdgb@gmail.com
    [phone] => 84924875676
    [formname] => Обратная связь
)

------------------------

------------------------
15.06.2025 13:24:01
CallbackFormEmailModal
Array
(
    [name] => ramiraselezneva19908003@bk.ru
    [phone] => 83967596814
    [formname] => Обратная связь
)

------------------------

------------------------
15.06.2025 13:24:01
CallbackFormEmailModal
Array
(
    [name] => combontsegal37@mail.ru
    [phone] => 83198869579
    [formname] => Обратная связь
)

------------------------

------------------------
15.06.2025 15:09:32
CallbackFormEmailModal
Array
(
    [name] => profconbu_64@mail.ru
    [phone] => 86394453719
    [formname] => Обратная связь
)

------------------------

------------------------
15.06.2025 16:32:27
CallbackFormEmailModal
Array
(
    [name] => hhbuxhez@streetwormail.com
    [phone] => 88717942837
    [formname] => Обратная связь
)

------------------------

------------------------
15.06.2025 16:54:52
CallbackFormEmailModal
Array
(
    [name] => hannahnilana@gazeta.pl
    [phone] => 86775172465
    [formname] => Обратная связь
)

------------------------

------------------------
15.06.2025 18:57:12
CallbackFormEmailModal
Array
(
    [name] => zekisuquc419@gmail.com
    [phone] => 88985253744
    [formname] => Обратная связь
)

------------------------

------------------------
15.06.2025 20:46:17
CallbackFormEmailModal
Array
(
    [name] => Othenog@mailport.lat
    [phone] => 87354235571
    [formname] => Обратная связь
)

------------------------

------------------------
15.06.2025 22:40:56
CallbackFormEmailModal
Array
(
    [name] => leslierironi@gazeta.pl
    [phone] => 83732377326
    [formname] => Обратная связь
)

------------------------

------------------------
15.06.2025 23:26:20
CallbackFormEmailModal
Array
(
    [name] => 117@kirisbyforum.fun
    [phone] => 86882547434
    [formname] => Обратная связь
)

------------------------
