
------------------------
14.09.2024 0:54:26
CallbackFormEmailModal
Array
(
    [name] => nmvvrqnjpel@rudiplomust.com
    [phone] => 88184475929
    [formname] => Обратная связь
)

------------------------

------------------------
14.09.2024 0:54:26
CallbackFormEmailModal
Array
(
    [name] => ekakkfudqel@rudiplomust.com
    [phone] => 87165941595
    [formname] => Обратная связь
)

------------------------

------------------------
14.09.2024 1:15:51
CallbackFormEmailModal
Array
(
    [name] => allan2@xrevelxr.com
    [phone] => 86474689817
    [formname] => Обратная связь
)

------------------------

------------------------
14.09.2024 3:04:10
CallbackFormEmailModal
Array
(
    [name] => seo88@yzovka24.ru
    [phone] => 83516491115
    [formname] => Обратная связь
)

------------------------

------------------------
14.09.2024 4:38:25
CallbackFormEmailModal
Array
(
    [name] => samantamodlibowska@int.pl
    [phone] => 86983573529
    [formname] => Обратная связь
)

------------------------

------------------------
14.09.2024 5:03:58
CallbackFormEmailModal
Array
(
    [name] => dyfugeoofel@rudiplomust.com
    [phone] => 87888573972
    [formname] => Обратная связь
)

------------------------

------------------------
14.09.2024 6:28:52
CallbackFormEmailModal
Array
(
    [name] => chebakulinakarasevna@gmail.com
    [phone] => 82523512145
    [formname] => Обратная связь
)

------------------------

------------------------
14.09.2024 6:59:03
CallbackFormEmailModal
Array
(
    [name] => yourmail@gmail.com
    [phone] => 82412352352
    [formname] => Обратная связь
)

------------------------

------------------------
14.09.2024 9:02:04
CallbackFormEmailModal
Array
(
    [name] => remmsndpeopaosoieoias@gmail.com
    [phone] => 88424796491
    [formname] => Обратная связь
)

------------------------

------------------------
14.09.2024 10:56:52
CallbackFormEmailModal
Array
(
    [name] => oraperun1984@op.pl
    [phone] => 86761528354
    [formname] => Обратная связь
)

------------------------

------------------------
14.09.2024 12:01:16
CallbackFormEmailModal
Array
(
    [name] => bmwwltmbuel@rudiplomust.com
    [phone] => 89777397597
    [formname] => Обратная связь
)

------------------------

------------------------
14.09.2024 15:18:51
CallbackFormEmailModal
Array
(
    [name] => mikeAlburnern@gmail.com
    [phone] => 89944444436
    [formname] => Обратная связь
)

------------------------

------------------------
14.09.2024 15:47:18
CallbackFormEmailModal
Array
(
    [name] => xjxryakbqel@rudiplomust.com
    [phone] => 85846381419
    [formname] => Обратная связь
)

------------------------

------------------------
14.09.2024 15:48:41
CallbackFormEmailModal
Array
(
    [name] => stonreerhofi1971@op.pl
    [phone] => 87782555657
    [formname] => Обратная связь
)

------------------------

------------------------
14.09.2024 16:44:21
CallbackFormEmailModal
Array
(
    [name] => pzxuadtvjel@rudiplomust.com
    [phone] => 82681323242
    [formname] => Обратная связь
)

------------------------

------------------------
14.09.2024 16:44:22
CallbackFormEmailModal
Array
(
    [name] => yxzampwvdel@rudiplomust.com
    [phone] => 87548231146
    [formname] => Обратная связь
)

------------------------

------------------------
14.09.2024 17:31:24
CallbackFormEmailModal
Array
(
    [name] => jnswkyvxhel@rudiplomust.com
    [phone] => 84544579496
    [formname] => Обратная связь
)

------------------------

------------------------
14.09.2024 17:52:54
CallbackFormEmailModal
Array
(
    [name] => bbhztggjqel@rudiplomust.com
    [phone] => 87934369312
    [formname] => Обратная связь
)

------------------------

------------------------
14.09.2024 19:05:48
CallbackFormEmailModal
Array
(
    [name] => lhxgaamafel@rudiplomust.com
    [phone] => 87798559221
    [formname] => Обратная связь
)

------------------------

------------------------
14.09.2024 19:33:46
CallbackFormEmailModal
Array
(
    [name] => keyrichobi1972@op.pl
    [phone] => 81135889911
    [formname] => Обратная связь
)

------------------------

------------------------
14.09.2024 19:38:32
CallbackFormEmailModal
Array
(
    [name] => gqurdtaoeel@rudiplomust.com
    [phone] => 88234214618
    [formname] => Обратная связь
)

------------------------

------------------------
14.09.2024 21:59:34
CallbackFormEmailModal
Array
(
    [name] => clydeedtqel@rudiplomust.com
    [phone] => 85392435357
    [formname] => Обратная связь
)

------------------------

------------------------
14.09.2024 22:35:53
CallbackFormEmailModal
Array
(
    [name] => kayleighbpsteamship@gmail.com
    [phone] => 81924233558
    [formname] => Обратная связь
)

------------------------

------------------------
14.09.2024 22:53:12
CallbackFormEmailModal
Array
(
    [name] => ubyjalpeqel@rudiplomust.com
    [phone] => 81696339531
    [formname] => Обратная связь
)

------------------------

------------------------
14.09.2024 23:51:54
CallbackFormEmailModal
Array
(
    [name] => pajcuouzrel@rudiplomust.com
    [phone] => 89515588599
    [formname] => Обратная связь
)

------------------------
