
------------------------
13.03.2025 0:39:30
CallbackFormEmailModal
Array
(
    [name] => admin@progonx.fun
    [phone] => 85712437218
    [formname] => Обратная связь
)

------------------------

------------------------
13.03.2025 3:05:24
CallbackFormEmailModal
Array
(
    [name] => osahuwip82@onet.pl
    [phone] => 81857669166
    [formname] => Обратная связь
)

------------------------

------------------------
13.03.2025 5:13:32
CallbackFormEmailModal
Array
(
    [name] => tacusol-6816@mail.ru
    [phone] => 89923181924
    [formname] => Обратная связь
)

------------------------

------------------------
13.03.2025 5:14:17
CallbackFormEmailModal
Array
(
    [name] => laisumake186@mail.ru
    [phone] => 81746152754
    [formname] => Обратная связь
)

------------------------

------------------------
13.03.2025 5:23:28
CallbackFormEmailModal
Array
(
    [name] => alexde_427@mail.ru
    [phone] => 88687522694
    [formname] => Обратная связь
)

------------------------

------------------------
13.03.2025 5:29:15
CallbackFormEmailModal
Array
(
    [name] => dzhavgorat-tashdemirov1981@mail.ru
    [phone] => 83782323895
    [formname] => Обратная связь
)

------------------------

------------------------
13.03.2025 5:44:08
CallbackFormEmailModal
Array
(
    [name] => ponomaryov.borya.1983@bk.ru
    [phone] => 86869545765
    [formname] => Обратная связь
)

------------------------

------------------------
13.03.2025 5:59:02
CallbackFormEmailModal
Array
(
    [name] => nifontmarkov1987@mail.ru
    [phone] => 85259611465
    [formname] => Обратная связь
)

------------------------

------------------------
13.03.2025 6:01:32
CallbackFormEmailModal
Array
(
    [name] => arturgorz2o3@bk.ru
    [phone] => 86716565431
    [formname] => Обратная связь
)

------------------------

------------------------
13.03.2025 6:18:10
CallbackFormEmailModal
Array
(
    [name] => placnacidown1989@mail.ru
    [phone] => 82537767264
    [formname] => Обратная связь
)

------------------------

------------------------
13.03.2025 6:39:01
CallbackFormEmailModal
Array
(
    [name] => textliburlitt1983@mail.ru
    [phone] => 85517676716
    [formname] => Обратная связь
)

------------------------

------------------------
13.03.2025 8:17:30
CallbackFormEmailModal
Array
(
    [name] => ramiraselezneva19908003@bk.ru
    [phone] => 81631282196
    [formname] => Обратная связь
)

------------------------

------------------------
13.03.2025 8:18:34
CallbackFormEmailModal
Array
(
    [name] => osipova.liliia.1986.22.12@inbox.ru
    [phone] => 88565355869
    [formname] => Обратная связь
)

------------------------

------------------------
13.03.2025 8:23:15
CallbackFormEmailModal
Array
(
    [name] => nefedrogov985783@mail.ru
    [phone] => 84491439353
    [formname] => Обратная связь
)

------------------------

------------------------
13.03.2025 8:25:38
CallbackFormEmailModal
Array
(
    [name] => ilya.igoshin.85@mail.ru
    [phone] => 87362588889
    [formname] => Обратная связь
)

------------------------

------------------------
13.03.2025 14:21:56
CallbackFormEmailModal
Array
(
    [name] => martabelokrylova1964e@rambler.ru
    [phone] => 84947135683
    [formname] => Обратная связь
)

------------------------

------------------------
13.03.2025 14:38:13
CallbackFormEmailModal
Array
(
    [name] => gooty67@hookmail.site
    [phone] => 89132636527
    [formname] => Обратная связь
)

------------------------

------------------------
13.03.2025 15:51:13
CallbackFormEmailModal
Array
(
    [name] => 54@foxfix.online
    [phone] => 86765667582
    [formname] => Обратная связь
)

------------------------

------------------------
13.03.2025 15:58:51
CallbackFormEmailModal
Array
(
    [name] => sashunya.sergeev.2022@list.ru
    [phone] => 82759535266
    [formname] => Обратная связь
)

------------------------

------------------------
13.03.2025 16:16:23
CallbackFormEmailModal
Array
(
    [name] => help@gwmetabitt.com
    [phone] => 86694283812
    [formname] => Обратная связь
)

------------------------

------------------------
13.03.2025 17:21:12
CallbackFormEmailModal
Array
(
    [name] => bigendrakoli4335@mail.ru
    [phone] => 89431434769
    [formname] => Обратная связь
)

------------------------

------------------------
13.03.2025 17:26:59
CallbackFormEmailModal
Array
(
    [name] => psincurousenlepen@mail.ru
    [phone] => 89362973271
    [formname] => Обратная связь
)

------------------------

------------------------
13.03.2025 17:59:55
CallbackFormEmailModal
Array
(
    [name] => shvernik.s@mail.ru
    [phone] => 86392496656
    [formname] => Обратная связь
)

------------------------

------------------------
13.03.2025 18:18:16
CallbackFormEmailModal
Array
(
    [name] => peraecredad1976@mail.ru
    [phone] => 89235916984
    [formname] => Обратная связь
)

------------------------

------------------------
13.03.2025 18:26:58
CallbackFormEmailModal
Array
(
    [name] => postsaddtaliretneu@mail.ru
    [phone] => 87889889848
    [formname] => Обратная связь
)

------------------------

------------------------
13.03.2025 18:39:48
CallbackFormEmailModal
Array
(
    [name] => ramiraselezneva19908003@bk.ru
    [phone] => 86199988296
    [formname] => Обратная связь
)

------------------------

------------------------
13.03.2025 18:47:43
CallbackFormEmailModal
Array
(
    [name] => howyyncxy@bk.ru
    [phone] => 86541917253
    [formname] => Обратная связь
)

------------------------

------------------------
13.03.2025 18:49:08
CallbackFormEmailModal
Array
(
    [name] => mosoce-416@mail.ru
    [phone] => 88227383517
    [formname] => Обратная связь
)

------------------------

------------------------
13.03.2025 22:39:34
CallbackFormEmailModal
Array
(
    [name] => kastpiky@gmail.com
    [phone] => 83729975867
    [formname] => Обратная связь
)

------------------------

------------------------
13.03.2025 23:58:00
CallbackFormEmailModal
Array
(
    [name] => barbariska8912@gmail.com
    [phone] => 89348836762
    [formname] => Обратная связь
)

------------------------
