
------------------------
08.09.2025 3:50:40
CallbackFormEmailModal
Array
(
    [name] => iliatribuse@gmail.com
    [phone] => 88755185577
    [formname] => Обратная связь
)

------------------------

------------------------
08.09.2025 5:01:33
CallbackFormEmailModal
Array
(
    [name] => bikon777@rambler.ru
    [phone] => 89633332464
    [formname] => Обратная связь
)

------------------------

------------------------
08.09.2025 6:27:17
CallbackFormEmailModal
Array
(
    [name] => packsmax698@meta.ua
    [phone] => 87657891411
    [formname] => Обратная связь
)

------------------------

------------------------
08.09.2025 7:19:39
CallbackFormEmailModal
Array
(
    [name] => kakkk@geoscanning.ru
    [phone] => 83234986297
    [formname] => Обратная связь
)

------------------------

------------------------
08.09.2025 7:32:50
CallbackFormEmailModal
Array
(
    [name] => ivanfuvuso@mail.ru
    [phone] => 84889947392
    [formname] => Обратная связь
)

------------------------

------------------------
08.09.2025 7:57:58
CallbackFormEmailModal
Array
(
    [name] => prosavmobi1981@mail.ru
    [phone] => 87838434623
    [formname] => Обратная связь
)

------------------------

------------------------
08.09.2025 8:16:13
CallbackFormEmailModal
Array
(
    [name] => ovnterbefjuden6138@mail.ru
    [phone] => 89337745135
    [formname] => Обратная связь
)

------------------------

------------------------
08.09.2025 8:18:24
CallbackFormEmailModal
Array
(
    [name] => olegzaluri@mail.ru
    [phone] => 86192783594
    [formname] => Обратная связь
)

------------------------

------------------------
08.09.2025 9:19:34
CallbackFormEmailModal
Array
(
    [name] => yaroslav.sevastyanov.1988@mail.ru
    [phone] => 85354669878
    [formname] => Обратная связь
)

------------------------

------------------------
08.09.2025 12:55:03
CallbackFormEmailModal
Array
(
    [name] => amabil.6002@mail.ru
    [phone] => 89627515313
    [formname] => Обратная связь
)

------------------------

------------------------
08.09.2025 14:41:46
CallbackFormEmailModal
Array
(
    [name] => sergowor.kin.g7.1.8@gmail.com
    [phone] => 88311775412
    [formname] => Обратная связь
)

------------------------

------------------------
08.09.2025 15:48:53
CallbackFormEmailModal
Array
(
    [name] => vincenttaits@mail.ru
    [phone] => 83594927442
    [formname] => Обратная связь
)

------------------------

------------------------
08.09.2025 18:50:08
CallbackFormEmailModal
Array
(
    [name] => ivanrizada@mail.ru
    [phone] => 87892985162
    [formname] => Обратная связь
)

------------------------

------------------------
08.09.2025 19:03:08
CallbackFormEmailModal
Array
(
    [name] => naphtloxua-5550@mail.ru
    [phone] => 85284999763
    [formname] => Обратная связь
)

------------------------

------------------------
08.09.2025 19:21:12
CallbackFormEmailModal
Array
(
    [name] => blinovazinonna1983@mail.ru
    [phone] => 84171485351
    [formname] => Обратная связь
)

------------------------

------------------------
08.09.2025 19:46:11
CallbackFormEmailModal
Array
(
    [name] => margarita.stolyarova.26.05.1995@mail.ru
    [phone] => 88644612231
    [formname] => Обратная связь
)

------------------------

------------------------
08.09.2025 19:54:02
CallbackFormEmailModal
Array
(
    [name] => pavelpapebi@mail.ru
    [phone] => 84498242979
    [formname] => Обратная связь
)

------------------------

------------------------
08.09.2025 19:58:54
CallbackFormEmailModal
Array
(
    [name] => osipova.liliia.1986.22.12@inbox.ru
    [phone] => 82493362492
    [formname] => Обратная связь
)

------------------------

------------------------
08.09.2025 22:31:14
CallbackFormEmailModal
Array
(
    [name] => winsatall4ever@gmail.com
    [phone] => 84976695553
    [formname] => Обратная связь
)

------------------------
