
------------------------
08.08.2025 1:22:55
CallbackFormEmailModal
Array
(
    [name] => mikea88@gmail.com
    [phone] => 88875318582
    [formname] => Обратная связь
)

------------------------

------------------------
08.08.2025 3:11:41
CallbackFormEmailModal
Array
(
    [name] => dinanikolskaya99@gmail.com
    [phone] => 82793371586
    [formname] => Обратная связь
)

------------------------

------------------------
08.08.2025 8:35:54
CallbackFormEmailModal
Array
(
    [name] => laisumake186@mail.ru
    [phone] => 84571663313
    [formname] => Обратная связь
)

------------------------

------------------------
08.08.2025 8:36:44
CallbackFormEmailModal
Array
(
    [name] => uiyfrcdn@streetwormail.com
    [phone] => 82622995349
    [formname] => Обратная связь
)

------------------------

------------------------
08.08.2025 8:37:56
CallbackFormEmailModal
Array
(
    [name] => y.kuvayev@mail.ru
    [phone] => 88849544922
    [formname] => Обратная связь
)

------------------------

------------------------
08.08.2025 9:02:34
CallbackFormEmailModal
Array
(
    [name] => pavel.sitdikov.88@mail.ru
    [phone] => 88374321318
    [formname] => Обратная связь
)

------------------------

------------------------
08.08.2025 9:19:08
CallbackFormEmailModal
Array
(
    [name] => arturgorz2o3@bk.ru
    [phone] => 89935395592
    [formname] => Обратная связь
)

------------------------

------------------------
08.08.2025 9:21:12
CallbackFormEmailModal
Array
(
    [name] => eepovda@bk.ru
    [phone] => 82187269466
    [formname] => Обратная связь
)

------------------------

------------------------
08.08.2025 9:30:14
CallbackFormEmailModal
Array
(
    [name] => pestovafivr1985@mail.ru
    [phone] => 87138866277
    [formname] => Обратная связь
)

------------------------

------------------------
08.08.2025 9:47:23
CallbackFormEmailModal
Array
(
    [name] => karpeciktibas19915@bk.ru
    [phone] => 83714434823
    [formname] => Обратная связь
)

------------------------

------------------------
08.08.2025 9:50:12
CallbackFormEmailModal
Array
(
    [name] => danilovavita9@mail.ru
    [phone] => 85274869336
    [formname] => Обратная связь
)

------------------------

------------------------
08.08.2025 9:55:06
CallbackFormEmailModal
Array
(
    [name] => marina.bespalova.01.11.1978@mail.ru
    [phone] => 86977584639
    [formname] => Обратная связь
)

------------------------

------------------------
08.08.2025 10:14:49
CallbackFormEmailModal
Array
(
    [name] => arturgorz2o3@bk.ru
    [phone] => 86262449471
    [formname] => Обратная связь
)

------------------------

------------------------
08.08.2025 10:30:51
CallbackFormEmailModal
Array
(
    [name] => brinda_dinneen37@rambler.ru
    [phone] => 86333599626
    [formname] => Обратная связь
)

------------------------

------------------------
08.08.2025 14:10:04
CallbackFormEmailModal
Array
(
    [name] => combontsegal37@mail.ru
    [phone] => 83977882976
    [formname] => Обратная связь
)

------------------------

------------------------
08.08.2025 14:10:06
CallbackFormEmailModal
Array
(
    [name] => tacusol-6816@mail.ru
    [phone] => 88141895894
    [formname] => Обратная связь
)

------------------------

------------------------
08.08.2025 14:13:54
CallbackFormEmailModal
Array
(
    [name] => serezhamobisa@mail.ru
    [phone] => 85222868293
    [formname] => Обратная связь
)

------------------------

------------------------
08.08.2025 14:14:45
CallbackFormEmailModal
Array
(
    [name] => yulya.onipchenko.88@mail.ru
    [phone] => 88768696943
    [formname] => Обратная связь
)

------------------------

------------------------
08.08.2025 14:21:38
CallbackFormEmailModal
Array
(
    [name] => annachusuha@mail.ru
    [phone] => 82418221573
    [formname] => Обратная связь
)

------------------------

------------------------
08.08.2025 14:31:13
CallbackFormEmailModal
Array
(
    [name] => dbwqojcc@streetwormail.com
    [phone] => 84716638794
    [formname] => Обратная связь
)

------------------------

------------------------
08.08.2025 14:48:16
CallbackFormEmailModal
Array
(
    [name] => blinovazinonna1983@mail.ru
    [phone] => 82437873644
    [formname] => Обратная связь
)

------------------------

------------------------
08.08.2025 14:59:07
CallbackFormEmailModal
Array
(
    [name] => cxkazriq@streetwormail.com
    [phone] => 86972459366
    [formname] => Обратная связь
)

------------------------

------------------------
08.08.2025 15:25:07
CallbackFormEmailModal
Array
(
    [name] => l.ili.ndse.y.4.1.1.@gmail.com
    [phone] => 82965626443
    [formname] => Обратная связь
)

------------------------

------------------------
08.08.2025 17:35:01
CallbackFormEmailModal
Array
(
    [name] => kskoxim@inbox.ru
    [phone] => 86932182348
    [formname] => Обратная связь
)

------------------------

------------------------
08.08.2025 17:49:05
CallbackFormEmailModal
Array
(
    [name] => serezhamobisa@mail.ru
    [phone] => 86746877569
    [formname] => Обратная связь
)

------------------------

------------------------
08.08.2025 17:55:38
CallbackFormEmailModal
Array
(
    [name] => inna.kortneva.69@mail.ru
    [phone] => 89499224342
    [formname] => Обратная связь
)

------------------------

------------------------
08.08.2025 18:01:41
CallbackFormEmailModal
Array
(
    [name] => prohor.zlobin.14.11.1987@mail.ru
    [phone] => 82341557581
    [formname] => Обратная связь
)

------------------------

------------------------
08.08.2025 18:06:42
CallbackFormEmailModal
Array
(
    [name] => chofitensatomar@mail.ru
    [phone] => 86893566798
    [formname] => Обратная связь
)

------------------------

------------------------
08.08.2025 18:26:46
CallbackFormEmailModal
Array
(
    [name] => bikon777@rambler.ru
    [phone] => 82239643311
    [formname] => Обратная связь
)

------------------------

------------------------
08.08.2025 18:46:05
CallbackFormEmailModal
Array
(
    [name] => yulya.onipchenko.88@mail.ru
    [phone] => 82599325611
    [formname] => Обратная связь
)

------------------------

------------------------
08.08.2025 19:06:14
CallbackFormEmailModal
Array
(
    [name] => vitya-kondratev-1969@inbox.ru
    [phone] => 85318535578
    [formname] => Обратная связь
)

------------------------

------------------------
08.08.2025 19:13:03
CallbackFormEmailModal
Array
(
    [name] => cratunsculit1988@mail.ru
    [phone] => 81444528636
    [formname] => Обратная связь
)

------------------------

------------------------
08.08.2025 19:16:32
CallbackFormEmailModal
Array
(
    [name] => vitya-kondratev-1969@inbox.ru
    [phone] => 87414364147
    [formname] => Обратная связь
)

------------------------

------------------------
08.08.2025 20:53:15
CallbackFormEmailModal
Array
(
    [name] => ziqizqxv@eblanomail.com
    [phone] => 89523748487
    [formname] => Обратная связь
)

------------------------
