
------------------------
06.10.2022 6:09:06
CallbackFormEmailModal
Array
(
    [name] => giuseppe.galgiani@bluewin.ch
    [phone] => 88221859616
    [formname] => Обратная связь
)

------------------------

------------------------
06.10.2022 11:05:44
CallbackFormEmailModal
Array
(
    [name] => karenhartranft@gmail.com
    [phone] => 84524918292
    [formname] => Обратная связь
)

------------------------

------------------------
06.10.2022 20:24:17
CallbackFormEmailModal
Array
(
    [name] => lolerex241@ovout.com
    [phone] => 89653592721
    [formname] => Обратная связь
)

------------------------
