
------------------------
04.01.2024 2:07:47
CallbackFormEmailModal
Array
(
    [name] => ds16@pru6310.txn89.inboxforwarding.online
    [phone] => 88364858313
    [formname] => Обратная связь
)

------------------------

------------------------
04.01.2024 7:10:52
CallbackFormEmailModal
Array
(
    [name] => lenagazprom@gmail.com
    [phone] => 84547796886
    [formname] => Обратная связь
)

------------------------

------------------------
04.01.2024 12:14:00
CallbackFormEmailModal
Array
(
    [name] => werso079100iu@rambler.ru
    [phone] => 83858494718
    [formname] => Обратная связь
)

------------------------

------------------------
04.01.2024 15:10:52
CallbackFormEmailModal
Array
(
    [name] => froeach12@rezka.wtf
    [phone] => 89364217628
    [formname] => Обратная связь
)

------------------------

------------------------
04.01.2024 17:20:26
CallbackFormEmailModal
Array
(
    [name] => tg_va61s71@gmail.com
    [phone] => 81179426862
    [formname] => Обратная связь
)

------------------------

------------------------
04.01.2024 18:12:08
CallbackFormEmailModal
Array
(
    [name] => bigendrakoli4335@mail.ru
    [phone] => 83251971126
    [formname] => Обратная связь
)

------------------------

------------------------
04.01.2024 18:12:13
CallbackFormEmailModal
Array
(
    [name] => paraipastmi@list.ru
    [phone] => 87961193468
    [formname] => Обратная связь
)

------------------------

------------------------
04.01.2024 18:12:13
CallbackFormEmailModal
Array
(
    [name] => gelibomenlo6420@mail.ru
    [phone] => 85862982246
    [formname] => Обратная связь
)

------------------------

------------------------
04.01.2024 18:12:40
CallbackFormEmailModal
Array
(
    [name] => juncpecni1980@mail.ru
    [phone] => 85666723663
    [formname] => Обратная связь
)

------------------------

------------------------
04.01.2024 18:13:55
CallbackFormEmailModal
Array
(
    [name] => ogvienow1990@mail.ru
    [phone] => 83436992536
    [formname] => Обратная связь
)

------------------------

------------------------
04.01.2024 18:15:31
CallbackFormEmailModal
Array
(
    [name] => kaapkaksih@mail.ru
    [phone] => 81344232154
    [formname] => Обратная связь
)

------------------------

------------------------
04.01.2024 18:17:40
CallbackFormEmailModal
Array
(
    [name] => mazunyzhcn@mail.ru
    [phone] => 81974486534
    [formname] => Обратная связь
)

------------------------

------------------------
04.01.2024 18:20:43
CallbackFormEmailModal
Array
(
    [name] => somalkeriz@mail.ru
    [phone] => 83177385488
    [formname] => Обратная связь
)

------------------------

------------------------
04.01.2024 18:25:03
CallbackFormEmailModal
Array
(
    [name] => sirolmitoma6815@mail.ru
    [phone] => 85245754586
    [formname] => Обратная связь
)

------------------------

------------------------
04.01.2024 18:30:13
CallbackFormEmailModal
Array
(
    [name] => kaobkammid@mail.ru
    [phone] => 81617515267
    [formname] => Обратная связь
)

------------------------

------------------------
04.01.2024 19:21:16
CallbackFormEmailModal
Array
(
    [name] => gubetride@inbox.ru
    [phone] => 86754242523
    [formname] => Обратная связь
)

------------------------

------------------------
04.01.2024 19:25:57
CallbackFormEmailModal
Array
(
    [name] => dzurecrapo@inbox.ru
    [phone] => 88847782883
    [formname] => Обратная связь
)

------------------------

------------------------
04.01.2024 19:26:48
CallbackFormEmailModal
Array
(
    [name] => titova.polina.1981.15.12@list.ru
    [phone] => 83887322337
    [formname] => Обратная связь
)

------------------------

------------------------
04.01.2024 19:26:57
CallbackFormEmailModal
Array
(
    [name] => naelbarad@mail.ru
    [phone] => 84147418724
    [formname] => Обратная связь
)

------------------------

------------------------
04.01.2024 19:28:08
CallbackFormEmailModal
Array
(
    [name] => saakian.vova.1985.13.9@list.ru
    [phone] => 85998858326
    [formname] => Обратная связь
)

------------------------

------------------------
04.01.2024 19:35:28
CallbackFormEmailModal
Array
(
    [name] => paraipastmi@list.ru
    [phone] => 89935843538
    [formname] => Обратная связь
)

------------------------

------------------------
04.01.2024 19:39:16
CallbackFormEmailModal
Array
(
    [name] => laagkimpmi@mail.ru
    [phone] => 82138512557
    [formname] => Обратная связь
)

------------------------

------------------------
04.01.2024 19:50:48
CallbackFormEmailModal
Array
(
    [name] => anthony80lopez20as@rambler.ru
    [phone] => 81462396461
    [formname] => Обратная связь
)

------------------------

------------------------
04.01.2024 20:49:01
CallbackFormEmailModal
Array
(
    [name] => squishmallows@anmolstorellc.com
    [phone] => 84243357582
    [formname] => Обратная связь
)

------------------------

------------------------
04.01.2024 21:28:15
CallbackFormEmailModal
Array
(
    [name] => woodbpurne1983@mail.ru
    [phone] => 88659811562
    [formname] => Обратная связь
)

------------------------

------------------------
04.01.2024 21:32:50
CallbackFormEmailModal
Array
(
    [name] => tpaglapeapunctals6269@mail.ru
    [phone] => 84656982278
    [formname] => Обратная связь
)

------------------------

------------------------
04.01.2024 21:51:09
CallbackFormEmailModal
Array
(
    [name] => privvenloo1993@mail.ru
    [phone] => 86194952392
    [formname] => Обратная связь
)

------------------------
