
------------------------
01.03.2025 0:05:04
CallbackFormEmailModal
Array
(
    [name] => frank@revistaelhumo.com
    [phone] => 85958973482
    [formname] => Обратная связь
)

------------------------

------------------------
01.03.2025 0:08:52
CallbackFormEmailModal
Array
(
    [name] => sisimalq@gmail.com
    [phone] => 82289357283
    [formname] => Обратная связь
)

------------------------

------------------------
01.03.2025 0:35:29
CallbackFormEmailModal
Array
(
    [name] => bddxucqmuel@rudiplomust.com
    [phone] => 88314881231
    [formname] => Обратная связь
)

------------------------

------------------------
01.03.2025 0:36:43
CallbackFormEmailModal
Array
(
    [name] => ybdzhmsilel@rudiplomust.com
    [phone] => 88753667922
    [formname] => Обратная связь
)

------------------------

------------------------
01.03.2025 0:56:39
CallbackFormEmailModal
Array
(
    [name] => lisricmwfEt@rudiplomust.com
    [phone] => 89777522832
    [formname] => Обратная связь
)

------------------------

------------------------
01.03.2025 1:29:43
CallbackFormEmailModal
Array
(
    [name] => PhilipFed1970@xru.goaglie.com
    [phone] => 88766986333
    [formname] => Обратная связь
)

------------------------

------------------------
01.03.2025 2:05:33
CallbackFormEmailModal
Array
(
    [name] => cbwiwcqitKt@rudiplomust.com
    [phone] => 85576552483
    [formname] => Обратная связь
)

------------------------

------------------------
01.03.2025 2:06:20
CallbackFormEmailModal
Array
(
    [name] => jlzwmpeipel@rudiplomust.com
    [phone] => 89691763361
    [formname] => Обратная связь
)

------------------------

------------------------
01.03.2025 2:26:57
CallbackFormEmailModal
Array
(
    [name] => naktiqucqel@rudiplomust.com
    [phone] => 87882414339
    [formname] => Обратная связь
)

------------------------

------------------------
01.03.2025 3:06:44
CallbackFormEmailModal
Array
(
    [name] => rexihe42@onet.pl
    [phone] => 83772243887
    [formname] => Обратная связь
)

------------------------

------------------------
01.03.2025 4:41:54
CallbackFormEmailModal
Array
(
    [name] => pick@triol.site
    [phone] => 87985486731
    [formname] => Обратная связь
)

------------------------

------------------------
01.03.2025 5:35:50
CallbackFormEmailModal
Array
(
    [name] => lu.k.i.n.o.vi.ch.2.022135.5@gmail.com

    [phone] => 83795512257
    [formname] => Обратная связь
)

------------------------

------------------------
01.03.2025 5:43:43
CallbackFormEmailModal
Array
(
    [name] => jdjwmvuwpi@rambler.ru
    [phone] => 84256586667
    [formname] => Обратная связь
)

------------------------

------------------------
01.03.2025 6:05:00
CallbackFormEmailModal
Array
(
    [name] => sdvvboeakel@rudiplomust.com
    [phone] => 83789155419
    [formname] => Обратная связь
)

------------------------

------------------------
01.03.2025 6:41:57
CallbackFormEmailModal
Array
(
    [name] => winsatall4ever@gmail.com
    [phone] => 82897631919
    [formname] => Обратная связь
)

------------------------

------------------------
01.03.2025 8:24:49
CallbackFormEmailModal
Array
(
    [name] => dehrzaaqbel@rudiplomust.com
    [phone] => 87946153646
    [formname] => Обратная связь
)

------------------------

------------------------
01.03.2025 9:09:43
CallbackFormEmailModal
Array
(
    [name] => laisumake186@mail.ru
    [phone] => 85379988924
    [formname] => Обратная связь
)

------------------------

------------------------
01.03.2025 9:18:30
CallbackFormEmailModal
Array
(
    [name] => musaev.misha.1982.3.5@list.ru
    [phone] => 85625437266
    [formname] => Обратная связь
)

------------------------

------------------------
01.03.2025 9:20:28
CallbackFormEmailModal
Array
(
    [name] => subbotinalenara88@mail.ru
    [phone] => 82537451398
    [formname] => Обратная связь
)

------------------------

------------------------
01.03.2025 9:49:30
CallbackFormEmailModal
Array
(
    [name] => yourmail@gmail.com
    [phone] => 88743894425
    [formname] => Обратная связь
)

------------------------

------------------------
01.03.2025 10:02:23
CallbackFormEmailModal
Array
(
    [name] => xajjaemycel@rudiplomust.com
    [phone] => 88335214859
    [formname] => Обратная связь
)

------------------------

------------------------
01.03.2025 10:15:38
CallbackFormEmailModal
Array
(
    [name] => juncpecni1980@mail.ru
    [phone] => 88652465292
    [formname] => Обратная связь
)

------------------------

------------------------
01.03.2025 12:05:17
CallbackFormEmailModal
Array
(
    [name] => barbariska8912@gmail.com
    [phone] => 81999519148
    [formname] => Обратная связь
)

------------------------

------------------------
01.03.2025 12:41:58
CallbackFormEmailModal
Array
(
    [name] => margarita.stolyarova.26.05.1995@mail.ru
    [phone] => 85476161872
    [formname] => Обратная связь
)

------------------------

------------------------
01.03.2025 13:21:27
CallbackFormEmailModal
Array
(
    [name] => geadhfxplei@rudiplomust.com
    [phone] => 83172259583
    [formname] => Обратная связь
)

------------------------

------------------------
01.03.2025 13:59:29
CallbackFormEmailModal
Array
(
    [name] => ropolkingta@mail.ru
    [phone] => 83779217141
    [formname] => Обратная связь
)

------------------------

------------------------
01.03.2025 15:10:02
CallbackFormEmailModal
Array
(
    [name] => squuxbyqrel@rudiplomust.com
    [phone] => 84882963662
    [formname] => Обратная связь
)

------------------------

------------------------
01.03.2025 15:25:52
CallbackFormEmailModal
Array
(
    [name] => irkfxxjzael@rudiplomust.com
    [phone] => 81615892266
    [formname] => Обратная связь
)

------------------------

------------------------
01.03.2025 15:54:38
CallbackFormEmailModal
Array
(
    [name] => ifltyldvuel@rudiplomust.com
    [phone] => 84718931127
    [formname] => Обратная связь
)

------------------------

------------------------
01.03.2025 17:09:05
CallbackFormEmailModal
Array
(
    [name] => victorandresen1988@poczta.onet.eu
    [phone] => 81578985387
    [formname] => Обратная связь
)

------------------------

------------------------
01.03.2025 17:38:53
CallbackFormEmailModal
Array
(
    [name] => cewdbhgczka@rudiplomust.com
    [phone] => 82424415693
    [formname] => Обратная связь
)

------------------------

------------------------
01.03.2025 21:09:14
CallbackFormEmailModal
Array
(
    [name] => admin@progonx.fun
    [phone] => 89581314129
    [formname] => Обратная связь
)

------------------------

------------------------
01.03.2025 21:29:08
CallbackFormEmailModal
Array
(
    [name] => ecmicerdo1972@onet.pl
    [phone] => 87715195778
    [formname] => Обратная связь
)

------------------------

------------------------
01.03.2025 22:06:26
CallbackFormEmailModal
Array
(
    [name] => dxfooyamhel@rudiplomust.com
    [phone] => 85257358177
    [formname] => Обратная связь
)

------------------------

------------------------
01.03.2025 22:11:07
CallbackFormEmailModal
Array
(
    [name] => dustinFlelm@mail.ru
    [phone] => 87891315777
    [formname] => Обратная связь
)

------------------------

------------------------
01.03.2025 22:18:12
CallbackFormEmailModal
Array
(
    [name] => 48owetav@onet.pl
    [phone] => 81653548183
    [formname] => Обратная связь
)

------------------------
