
------------------------
19.05.2023 4:10:09
CallbackFormEmailModal
Array
(
    [name] => info@frenchbulldogonsale.com
    [phone] => 84678119391
    [formname] => Обратная связь
)

------------------------

------------------------
19.05.2023 6:07:35
CallbackFormEmailModal
Array
(
    [name] => catdogcash7@gmail.com
    [phone] => 83354183434
    [formname] => Обратная связь
)

------------------------

------------------------
19.05.2023 15:42:48
CallbackFormEmailModal
Array
(
    [name] => feygbscvjEa@bestwork24.store
    [phone] => 87396671438
    [formname] => Обратная связь
)

------------------------

------------------------
19.05.2023 18:45:39
CallbackFormEmailModal
Array
(
    [name] => na.paleve@hotmail.com
    [phone] => 86939732626
    [formname] => Обратная связь
)

------------------------
