
------------------------
31.08.2025 0:21:36
CallbackFormEmailModal
Array
(
    [name] => wilhelmina.mcc@gmx.com
    [phone] => 82796719184
    [formname] => Обратная связь
)

------------------------

------------------------
31.08.2025 7:31:55
CallbackFormEmailModal
Array
(
    [name] => clarafrostraymondtodd@gmail.com
    [phone] => 81591838736
    [formname] => Обратная связь
)

------------------------

------------------------
31.08.2025 7:58:57
CallbackFormEmailModal
Array
(
    [name] => allzionmail@gmail.com
    [phone] => 81587414493
    [formname] => Обратная связь
)

------------------------

------------------------
31.08.2025 9:04:42
CallbackFormEmailModal
Array
(
    [name] => eepovda@bk.ru
    [phone] => 83461948374
    [formname] => Обратная связь
)

------------------------

------------------------
31.08.2025 9:07:44
CallbackFormEmailModal
Array
(
    [name] => arturgorz2o3@bk.ru
    [phone] => 89961969382
    [formname] => Обратная связь
)

------------------------

------------------------
31.08.2025 9:09:54
CallbackFormEmailModal
Array
(
    [name] => kozlovvarlen19782037@mail.ru
    [phone] => 88879962573
    [formname] => Обратная связь
)

------------------------

------------------------
31.08.2025 9:11:56
CallbackFormEmailModal
Array
(
    [name] => taelivihohtoca@mail.ru
    [phone] => 89521221333
    [formname] => Обратная связь
)

------------------------

------------------------
31.08.2025 9:15:22
CallbackFormEmailModal
Array
(
    [name] => polyakovdanila19908366@mail.ru
    [phone] => 88863326575
    [formname] => Обратная связь
)

------------------------

------------------------
31.08.2025 9:29:20
CallbackFormEmailModal
Array
(
    [name] => tacusol-6816@mail.ru
    [phone] => 85979542544
    [formname] => Обратная связь
)

------------------------

------------------------
31.08.2025 9:29:50
CallbackFormEmailModal
Array
(
    [name] => mlonanlout1985@mail.ru
    [phone] => 84928566891
    [formname] => Обратная связь
)

------------------------

------------------------
31.08.2025 9:35:44
CallbackFormEmailModal
Array
(
    [name] => amabil.6002@mail.ru
    [phone] => 88336474381
    [formname] => Обратная связь
)

------------------------

------------------------
31.08.2025 10:12:18
CallbackFormEmailModal
Array
(
    [name] => revers711@1ti.ru
    [phone] => 84385847328
    [formname] => Обратная связь
)

------------------------

------------------------
31.08.2025 10:18:10
CallbackFormEmailModal
Array
(
    [name] => karzhavinvenegard@mail.ru
    [phone] => 81768964499
    [formname] => Обратная связь
)

------------------------

------------------------
31.08.2025 10:22:37
CallbackFormEmailModal
Array
(
    [name] => vitya-kondratev-1969@inbox.ru
    [phone] => 85838112431
    [formname] => Обратная связь
)

------------------------

------------------------
31.08.2025 10:25:39
CallbackFormEmailModal
Array
(
    [name] => dionisij.grigorev.92@mail.ru
    [phone] => 86189979794
    [formname] => Обратная связь
)

------------------------

------------------------
31.08.2025 10:37:16
CallbackFormEmailModal
Array
(
    [name] => kskoxim@inbox.ru
    [phone] => 85115895737
    [formname] => Обратная связь
)

------------------------

------------------------
31.08.2025 10:54:05
CallbackFormEmailModal
Array
(
    [name] => mikhail.kholudenev.93@mail.ru
    [phone] => 84859219214
    [formname] => Обратная связь
)

------------------------

------------------------
31.08.2025 17:42:11
CallbackFormEmailModal
Array
(
    [name] => gendraducanprohbay@mail.ru
    [phone] => 83458268422
    [formname] => Обратная связь
)

------------------------

------------------------
31.08.2025 18:24:26
CallbackFormEmailModal
Array
(
    [name] => clarafrostraymondtodd@gmail.com
    [phone] => 83788134755
    [formname] => Обратная связь
)

------------------------

------------------------
31.08.2025 19:09:16
CallbackFormEmailModal
Array
(
    [name] => velislavjichastov1986@mail.ru
    [phone] => 89652456344
    [formname] => Обратная связь
)

------------------------

------------------------
31.08.2025 19:09:50
CallbackFormEmailModal
Array
(
    [name] => pestovafivr1985@mail.ru
    [phone] => 85441237716
    [formname] => Обратная связь
)

------------------------

------------------------
31.08.2025 19:09:54
CallbackFormEmailModal
Array
(
    [name] => laisumake186@mail.ru
    [phone] => 83498667857
    [formname] => Обратная связь
)

------------------------

------------------------
31.08.2025 19:16:34
CallbackFormEmailModal
Array
(
    [name] => karzhavinvenegard@mail.ru
    [phone] => 89315297462
    [formname] => Обратная связь
)

------------------------

------------------------
31.08.2025 19:19:27
CallbackFormEmailModal
Array
(
    [name] => sergowor.kin.g71.8@gmail.com
    [phone] => 81142845234
    [formname] => Обратная связь
)

------------------------

------------------------
31.08.2025 19:36:39
CallbackFormEmailModal
Array
(
    [name] => dorofeyavinogradova199056@mail.ru
    [phone] => 88876478134
    [formname] => Обратная связь
)

------------------------

------------------------
31.08.2025 19:36:53
CallbackFormEmailModal
Array
(
    [name] => taelivihohtoca@mail.ru
    [phone] => 83894354677
    [formname] => Обратная связь
)

------------------------

------------------------
31.08.2025 19:41:31
CallbackFormEmailModal
Array
(
    [name] => eprovbelwha@mail.ru
    [phone] => 88644449673
    [formname] => Обратная связь
)

------------------------

------------------------
31.08.2025 20:02:52
CallbackFormEmailModal
Array
(
    [name] => pencucon_97@mail.ru
    [phone] => 89627452649
    [formname] => Обратная связь
)

------------------------

------------------------
31.08.2025 20:12:07
CallbackFormEmailModal
Array
(
    [name] => revers711@1ti.ru
    [phone] => 89125645133
    [formname] => Обратная связь
)

------------------------

------------------------
31.08.2025 21:24:34
CallbackFormEmailModal
Array
(
    [name] => pdfoahoh@tubermail.com
    [phone] => 83766813623
    [formname] => Обратная связь
)

------------------------

------------------------
31.08.2025 22:48:18
CallbackFormEmailModal
Array
(
    [name] => sergowor.kin.g718@gmail.com
    [phone] => 85952643569
    [formname] => Обратная связь
)

------------------------

------------------------
31.08.2025 23:22:54
CallbackFormEmailModal
Array
(
    [name] => auto@vtt-logistic.ru
    [phone] => 82428214165
    [formname] => Обратная связь
)

------------------------
