
------------------------
14.12.2023 5:01:31
CallbackFormEmailModal
Array
(
    [name] => riwmcwx@rambler.ru
    [phone] => 89962632324
    [formname] => Обратная связь
)

------------------------

------------------------
14.12.2023 5:22:17
CallbackFormEmailModal
Array
(
    [name] => david90lee01as@rambler.ru
    [phone] => 84278787168
    [formname] => Обратная связь
)

------------------------

------------------------
14.12.2023 5:49:57
CallbackFormEmailModal
Array
(
    [name] => salina.lapolladwd@onet.pl
    [phone] => 82599146648
    [formname] => Обратная связь
)

------------------------

------------------------
14.12.2023 6:27:22
CallbackFormEmailModal
Array
(
    [name] => bradman1@kokomail.site
    [phone] => 89862622775
    [formname] => Обратная связь
)

------------------------

------------------------
14.12.2023 12:40:51
CallbackFormEmailModal
Array
(
    [name] => christopher39roberts03as@rambler.ru
    [phone] => 82172281211
    [formname] => Обратная связь
)

------------------------

------------------------
14.12.2023 16:51:09
CallbackFormEmailModal
Array
(
    [name] => pporascron1991@mail.ru
    [phone] => 84558989914
    [formname] => Обратная связь
)

------------------------

------------------------
14.12.2023 17:26:26
CallbackFormEmailModal
Array
(
    [name] => seipsimont@mail.ru
    [phone] => 85839779122
    [formname] => Обратная связь
)

------------------------

------------------------
14.12.2023 19:14:08
CallbackFormEmailModal
Array
(
    [name] => osipova.liliia.1986.22.12@inbox.ru
    [phone] => 83422247919
    [formname] => Обратная связь
)

------------------------

------------------------
14.12.2023 19:45:21
CallbackFormEmailModal
Array
(
    [name] => laagkimpmi@mail.ru
    [phone] => 83452818636
    [formname] => Обратная связь
)

------------------------

------------------------
14.12.2023 19:47:46
CallbackFormEmailModal
Array
(
    [name] => podaiclan_547@mail.ru
    [phone] => 83246272632
    [formname] => Обратная связь
)

------------------------

------------------------
14.12.2023 19:55:11
CallbackFormEmailModal
Array
(
    [name] => sashunya.sergeev.2022@list.ru
    [phone] => 85574191519
    [formname] => Обратная связь
)

------------------------

------------------------
14.12.2023 20:20:19
CallbackFormEmailModal
Array
(
    [name] => gubetride@inbox.ru
    [phone] => 87716481364
    [formname] => Обратная связь
)

------------------------

------------------------
14.12.2023 20:27:01
CallbackFormEmailModal
Array
(
    [name] => alekseev_aleksandr_1982_30_11@bk.ru
    [phone] => 86135627261
    [formname] => Обратная связь
)

------------------------

------------------------
14.12.2023 20:27:08
CallbackFormEmailModal
Array
(
    [name] => woodbpurne1983@mail.ru
    [phone] => 81774969219
    [formname] => Обратная связь
)

------------------------

------------------------
14.12.2023 20:34:11
CallbackFormEmailModal
Array
(
    [name] => sugliellevimin7507@mail.ru
    [phone] => 85971859293
    [formname] => Обратная связь
)

------------------------

------------------------
14.12.2023 20:39:54
CallbackFormEmailModal
Array
(
    [name] => bobraklessa@list.ru
    [phone] => 82795189398
    [formname] => Обратная связь
)

------------------------

------------------------
14.12.2023 20:50:28
CallbackFormEmailModal
Array
(
    [name] => tpaglapeapunctals6269@mail.ru
    [phone] => 83613352864
    [formname] => Обратная связь
)

------------------------

------------------------
14.12.2023 20:51:27
CallbackFormEmailModal
Array
(
    [name] => sizova.olesia.1991.21.1@inbox.ru
    [phone] => 84267114571
    [formname] => Обратная связь
)

------------------------

------------------------
14.12.2023 20:54:09
CallbackFormEmailModal
Array
(
    [name] => rokemneeck@mail.ru
    [phone] => 82878392217
    [formname] => Обратная связь
)

------------------------

------------------------
14.12.2023 21:04:51
CallbackFormEmailModal
Array
(
    [name] => invalopackman1863@mail.ru
    [phone] => 82297128241
    [formname] => Обратная связь
)

------------------------

------------------------
14.12.2023 21:36:32
CallbackFormEmailModal
Array
(
    [name] => tafilsigo@inbox.ru
    [phone] => 86537862333
    [formname] => Обратная связь
)

------------------------

------------------------
14.12.2023 21:38:40
CallbackFormEmailModal
Array
(
    [name] => naelbarad@mail.ru
    [phone] => 83334681611
    [formname] => Обратная связь
)

------------------------

------------------------
14.12.2023 21:44:43
CallbackFormEmailModal
Array
(
    [name] => savepschok@mail.ru
    [phone] => 82693494258
    [formname] => Обратная связь
)

------------------------

------------------------
14.12.2023 22:00:33
CallbackFormEmailModal
Array
(
    [name] => pporascron1991@mail.ru
    [phone] => 84869378635
    [formname] => Обратная связь
)

------------------------

------------------------
14.12.2023 22:07:06
CallbackFormEmailModal
Array
(
    [name] => tafilsigo@inbox.ru
    [phone] => 88164163914
    [formname] => Обратная связь
)

------------------------
