
------------------------
06.04.2025 1:57:51
CallbackFormEmailModal
Array
(
    [name] => mathabosikakane@web.de
    [phone] => 81575383184
    [formname] => Обратная связь
)

------------------------

------------------------
06.04.2025 2:25:42
CallbackFormEmailModal
Array
(
    [name] => h5yamamoto@web.de
    [phone] => 82239126829
    [formname] => Обратная связь
)

------------------------

------------------------
06.04.2025 8:53:24
CallbackFormEmailModal
Array
(
    [name] => kypit-gasish@cocaine-ukraine.online
    [phone] => 88435615153
    [formname] => Обратная связь
)

------------------------

------------------------
06.04.2025 8:53:25
CallbackFormEmailModal
Array
(
    [name] => kypit-geroin@cocaine-ukraine.online
    [phone] => 88889499548
    [formname] => Обратная связь
)

------------------------

------------------------
06.04.2025 8:55:44
CallbackFormEmailModal
Array
(
    [name] => yourmail@gmail.com
    [phone] => 85624274353
    [formname] => Обратная связь
)

------------------------

------------------------
06.04.2025 8:57:58
CallbackFormEmailModal
Array
(
    [name] => yourmail@gmail.com
    [phone] => 89946681659
    [formname] => Обратная связь
)

------------------------

------------------------
06.04.2025 9:34:52
CallbackFormEmailModal
Array
(
    [name] => sevastian.borisov.27.8.1978@mail.ru
    [phone] => 87967878451
    [formname] => Обратная связь
)

------------------------

------------------------
06.04.2025 9:50:29
CallbackFormEmailModal
Array
(
    [name] => tacusol-6816@mail.ru
    [phone] => 86481563452
    [formname] => Обратная связь
)

------------------------

------------------------
06.04.2025 9:56:49
CallbackFormEmailModal
Array
(
    [name] => ofeliyasemenova1993@list.ru
    [phone] => 87922168588
    [formname] => Обратная связь
)

------------------------

------------------------
06.04.2025 10:05:51
CallbackFormEmailModal
Array
(
    [name] => jjqtigckn@railugpharow.shop
    [phone] => 87334645863
    [formname] => Обратная связь
)

------------------------

------------------------
06.04.2025 10:11:11
CallbackFormEmailModal
Array
(
    [name] => mepinfenia@bk.ru
    [phone] => 86825143593
    [formname] => Обратная связь
)

------------------------

------------------------
06.04.2025 10:16:39
CallbackFormEmailModal
Array
(
    [name] => manickpraba23@web.de
    [phone] => 89545598148
    [formname] => Обратная связь
)

------------------------

------------------------
06.04.2025 10:56:39
CallbackFormEmailModal
Array
(
    [name] => halcheni1990@mail.ru
    [phone] => 81346271625
    [formname] => Обратная связь
)

------------------------

------------------------
06.04.2025 10:58:23
CallbackFormEmailModal
Array
(
    [name] => postsaddtaliretneu@mail.ru
    [phone] => 82145261764
    [formname] => Обратная связь
)

------------------------

------------------------
06.04.2025 11:16:16
CallbackFormEmailModal
Array
(
    [name] => prohor.zlobin.14.11.1987@mail.ru
    [phone] => 83187838899
    [formname] => Обратная связь
)

------------------------

------------------------
06.04.2025 11:25:25
CallbackFormEmailModal
Array
(
    [name] => taelivihohtoca@mail.ru
    [phone] => 87626985777
    [formname] => Обратная связь
)

------------------------

------------------------
06.04.2025 11:58:43
CallbackFormEmailModal
Array
(
    [name] => gendraducanprohbay@mail.ru
    [phone] => 87564684788
    [formname] => Обратная связь
)

------------------------

------------------------
06.04.2025 12:19:48
CallbackFormEmailModal
Array
(
    [name] => dahighness@web.de
    [phone] => 84796944624
    [formname] => Обратная связь
)

------------------------

------------------------
06.04.2025 12:27:03
CallbackFormEmailModal
Array
(
    [name] => karina_platonova_31068@mail.ru
    [phone] => 84381394247
    [formname] => Обратная связь
)

------------------------

------------------------
06.04.2025 12:27:35
CallbackFormEmailModal
Array
(
    [name] => maylkn@web.de
    [phone] => 87245524717
    [formname] => Обратная связь
)

------------------------

------------------------
06.04.2025 12:28:02
CallbackFormEmailModal
Array
(
    [name] => panova.elena.1992.23.11@bk.ru
    [phone] => 89566898895
    [formname] => Обратная связь
)

------------------------

------------------------
06.04.2025 12:56:17
CallbackFormEmailModal
Array
(
    [name] => sashunya.sergeev.2022@list.ru
    [phone] => 88637743668
    [formname] => Обратная связь
)

------------------------

------------------------
06.04.2025 12:56:19
CallbackFormEmailModal
Array
(
    [name] => golubevilya.70@mail.ru
    [phone] => 84138714137
    [formname] => Обратная связь
)

------------------------

------------------------
06.04.2025 13:01:16
CallbackFormEmailModal
Array
(
    [name] => rodionoverik1735@mail.ru
    [phone] => 85259449425
    [formname] => Обратная связь
)

------------------------

------------------------
06.04.2025 13:12:59
CallbackFormEmailModal
Array
(
    [name] => vasiliykhas08x@mail.ru
    [phone] => 86262168718
    [formname] => Обратная связь
)

------------------------

------------------------
06.04.2025 13:25:09
CallbackFormEmailModal
Array
(
    [name] => subbotinalenara88@mail.ru
    [phone] => 89478163615
    [formname] => Обратная связь
)

------------------------

------------------------
06.04.2025 13:25:11
CallbackFormEmailModal
Array
(
    [name] => danilovavita9@mail.ru
    [phone] => 81866811521
    [formname] => Обратная связь
)

------------------------

------------------------
06.04.2025 13:44:13
CallbackFormEmailModal
Array
(
    [name] => filimonov.ivan.1997.4.6@list.ru
    [phone] => 86224544597
    [formname] => Обратная связь
)

------------------------

------------------------
06.04.2025 14:02:28
CallbackFormEmailModal
Array
(
    [name] => kozlovvarlen19782037@mail.ru
    [phone] => 81853584845
    [formname] => Обратная связь
)

------------------------

------------------------
06.04.2025 14:54:28
CallbackFormEmailModal
Array
(
    [name] => bikon777@rambler.ru
    [phone] => 86142835388
    [formname] => Обратная связь
)

------------------------

------------------------
06.04.2025 15:25:02
CallbackFormEmailModal
Array
(
    [name] => ramiraselezneva19908003@bk.ru
    [phone] => 83358825447
    [formname] => Обратная связь
)

------------------------

------------------------
06.04.2025 16:14:09
CallbackFormEmailModal
Array
(
    [name] => rhotenti-44@mail.ru
    [phone] => 89848479291
    [formname] => Обратная связь
)

------------------------

------------------------
06.04.2025 16:27:49
CallbackFormEmailModal
Array
(
    [name] => Envicebive@hotmail.com
    [phone] => 87433151858
    [formname] => Обратная связь
)

------------------------

------------------------
06.04.2025 17:34:21
CallbackFormEmailModal
Array
(
    [name] => freemanandco.wi@gmail.com
    [phone] => 82147295369
    [formname] => Обратная связь
)

------------------------

------------------------
06.04.2025 17:46:31
CallbackFormEmailModal
Array
(
    [name] => charlesBeake@alliplnews.art
    [phone] => 86623857542
    [formname] => Обратная связь
)

------------------------

------------------------
06.04.2025 18:21:35
CallbackFormEmailModal
Array
(
    [name] => mosoce-416@mail.ru
    [phone] => 85285541399
    [formname] => Обратная связь
)

------------------------

------------------------
06.04.2025 18:27:04
CallbackFormEmailModal
Array
(
    [name] => karpeciktibas19915@bk.ru
    [phone] => 86956848969
    [formname] => Обратная связь
)

------------------------

------------------------
06.04.2025 18:36:09
CallbackFormEmailModal
Array
(
    [name] => podaiclan_547@mail.ru
    [phone] => 83983777487
    [formname] => Обратная связь
)

------------------------

------------------------
06.04.2025 18:48:23
CallbackFormEmailModal
Array
(
    [name] => kskoxim@inbox.ru
    [phone] => 82622555725
    [formname] => Обратная связь
)

------------------------

------------------------
06.04.2025 19:25:41
CallbackFormEmailModal
Array
(
    [name] => osipova.liliia.1986.22.12@inbox.ru
    [phone] => 87625315562
    [formname] => Обратная связь
)

------------------------

------------------------
06.04.2025 19:32:23
CallbackFormEmailModal
Array
(
    [name] => lhghxocc@estabamail.com
    [phone] => 81779755888
    [formname] => Обратная связь
)

------------------------

------------------------
06.04.2025 19:39:57
CallbackFormEmailModal
Array
(
    [name] => egorbmxik@mail.ru
    [phone] => 87366455853
    [formname] => Обратная связь
)

------------------------

------------------------
06.04.2025 20:10:15
CallbackFormEmailModal
Array
(
    [name] => deacren@mail.ru
    [phone] => 89453124986
    [formname] => Обратная связь
)

------------------------

------------------------
06.04.2025 20:16:57
CallbackFormEmailModal
Array
(
    [name] => ljusdukeeca1971@mail.ru
    [phone] => 86943832151
    [formname] => Обратная связь
)

------------------------

------------------------
06.04.2025 20:34:16
CallbackFormEmailModal
Array
(
    [name] => dolnovam@mail.ru
    [phone] => 84716641433
    [formname] => Обратная связь
)

------------------------

------------------------
06.04.2025 21:12:00
CallbackFormEmailModal
Array
(
    [name] => 164@foxfix.online
    [phone] => 82713951527
    [formname] => Обратная связь
)

------------------------

------------------------
06.04.2025 21:15:04
CallbackFormEmailModal
Array
(
    [name] => ponomaryov.borya.1983@bk.ru
    [phone] => 82334547779
    [formname] => Обратная связь
)

------------------------

------------------------
06.04.2025 21:15:05
CallbackFormEmailModal
Array
(
    [name] => yerko.lyuda@mail.ru
    [phone] => 85755558368
    [formname] => Обратная связь
)

------------------------

------------------------
06.04.2025 21:37:03
CallbackFormEmailModal
Array
(
    [name] => mitubefhambcomp5336@mail.ru
    [phone] => 83422429873
    [formname] => Обратная связь
)

------------------------

------------------------
06.04.2025 22:40:23
CallbackFormEmailModal
Array
(
    [name] => tacusol-6816@mail.ru
    [phone] => 81946358286
    [formname] => Обратная связь
)

------------------------
