
------------------------
04.09.2023 2:07:55
CallbackFormEmailModal
Array
(
    [name] => nvlfduesxadbkat@mail.ru
    [phone] => +19123456301
    [formname] => Обратная связь
)

------------------------

------------------------
04.09.2023 4:40:14
CallbackFormEmailModal
Array
(
    [name] => soni2@posti8.site
    [phone] => 87546335351
    [formname] => Обратная связь
)

------------------------

------------------------
04.09.2023 6:53:46
CallbackFormEmailModal
Array
(
    [name] => 5opcaqb5rxpzypy@rambler.ru
    [phone] => 87248864545
    [formname] => Обратная связь
)

------------------------

------------------------
04.09.2023 10:27:59
CallbackFormEmailModal
Array
(
    [name] => muslandwergcua197173@rambler.ru
    [phone] => +78945612389
    [formname] => Обратная связь
)

------------------------

------------------------
04.09.2023 10:50:32
CallbackFormEmailModal
Array
(
    [name] => 15000kzaim@mail.ru
    [phone] => 82995258856
    [formname] => Обратная связь
)

------------------------

------------------------
04.09.2023 11:04:30
CallbackFormEmailModal
Array
(
    [name] => m.e.rt.e.r.se.l.2.0.2.3.2.023.@gmail.com
    [phone] => 87218456737
    [formname] => Обратная связь
)

------------------------

------------------------
04.09.2023 15:13:44
CallbackFormEmailModal
Array
(
    [name] => Eric Jones
    [phone] => 555-555-1212
    [formname] => Обратная связь
)

------------------------

------------------------
04.09.2023 15:41:10
CallbackFormEmailModal
Array
(
    [name] => li.sove.v.ge.n.ij.1.96@gmail.com
    [phone] => 86477325527
    [formname] => Обратная связь
)

------------------------

------------------------
04.09.2023 16:18:16
CallbackFormEmailModal
Array
(
    [name] => renen5p@outlook.com
    [phone] => 82971832167
    [formname] => Обратная связь
)

------------------------

------------------------
04.09.2023 18:15:59
CallbackFormEmailModal
Array
(
    [name] => 8g2aisfwgatm6sf@rambler.ru
    [phone] => 86952534315
    [formname] => Обратная связь
)

------------------------

------------------------
04.09.2023 19:18:39
CallbackFormEmailModal
Array
(
    [name] => gallvevalra197887@rambler.ru
    [phone] => +71231234567
    [formname] => Обратная связь
)

------------------------

------------------------
04.09.2023 22:49:44
CallbackFormEmailModal
Array
(
    [name] => cu11@eqr71.flooz.site
    [phone] => 87256222494
    [formname] => Обратная связь
)

------------------------
