
------------------------
06.05.2023 6:08:04
CallbackFormEmailModal
Array
(
    [name] => werso081200iu@rambler.ru
    [phone] => 84846368357
    [formname] => Обратная связь
)

------------------------

------------------------
06.05.2023 8:25:33
CallbackFormEmailModal
Array
(
    [name] => bragx@free-private-mail.com
    [phone] => 86694374712
    [formname] => Обратная связь
)

------------------------

------------------------
06.05.2023 10:46:40
CallbackFormEmailModal
Array
(
    [name] => fl75j@1tetris.ru
    [phone] => 88615415524
    [formname] => Обратная связь
)

------------------------

------------------------
06.05.2023 11:55:11
CallbackFormEmailModal
Array
(
    [name] => info@xn--73-6kchjy.xn--p1ai
    [phone] => 81842635529
    [formname] => Обратная связь
)

------------------------

------------------------
06.05.2023 13:13:54
CallbackFormEmailModal
Array
(
    [name] => ptlqiarglbw@mail.ru
    [phone] => +79123456289
    [formname] => Обратная связь
)

------------------------

------------------------
06.05.2023 16:50:45
CallbackFormEmailModal
Array
(
    [name] => werso067850iu@rambler.ru
    [phone] => 82159749822
    [formname] => Обратная связь
)

------------------------
