
------------------------
21.03.2023 0:07:09
CallbackFormEmailModal
Array
(
    [name] => reas9991@outlook.com
    [phone] => 86632465397
    [formname] => Обратная связь
)

------------------------

------------------------
21.03.2023 9:51:56
CallbackFormEmailModal
Array
(
    [name] => agimcon_1422@mail.ru
    [phone] => 82169973663
    [formname] => Обратная связь
)

------------------------

------------------------
21.03.2023 9:51:59
CallbackFormEmailModal
Array
(
    [name] => conneusi-524@mail.ru
    [phone] => 87517229665
    [formname] => Обратная связь
)

------------------------

------------------------
21.03.2023 9:52:08
CallbackFormEmailModal
Array
(
    [name] => belchaleo.6602@mail.ru
    [phone] => 85462235531
    [formname] => Обратная связь
)

------------------------

------------------------
21.03.2023 9:53:50
CallbackFormEmailModal
Array
(
    [name] => anisimov.ivan.1995.2.3@list.ru
    [phone] => 85256924366
    [formname] => Обратная связь
)

------------------------

------------------------
21.03.2023 10:18:35
CallbackFormEmailModal
Array
(
    [name] => petrov.daniil.1978.13.10@inbox.ru
    [phone] => 86987999841
    [formname] => Обратная связь
)

------------------------
