
------------------------
31.03.2023 6:38:28
CallbackFormEmailModal
Array
(
    [name] => vqjhobrt@mail.ru
    [phone] => +791234567609
    [formname] => Обратная связь
)

------------------------

------------------------
31.03.2023 9:46:26
CallbackFormEmailModal
Array
(
    [name] => siodiitsubajy@gmx.com
    [phone] => 87658979493
    [formname] => Обратная связь
)

------------------------

------------------------
31.03.2023 13:02:57
CallbackFormEmailModal
Array
(
    [name] => VannaDalencel@pochtaserver.com
    [phone] => 82967845977
    [formname] => Обратная связь
)

------------------------

------------------------
31.03.2023 13:32:19
CallbackFormEmailModal
Array
(
    [name] => ZontynicaErle@pochtaserver.com
    [phone] => 84661211446
    [formname] => Обратная связь
)

------------------------

------------------------
31.03.2023 20:40:41
CallbackFormEmailModal
Array
(
    [name] => werso052000iu@rambler.ru
    [phone] => 82886515595
    [formname] => Обратная связь
)

------------------------
