
------------------------
11.11.2022 3:01:37
CallbackFormEmailModal
Array
(
    [name] => griskafishka234@gmail.com
    [phone] => 84627314684
    [formname] => Обратная связь
)

------------------------

------------------------
11.11.2022 5:03:09
CallbackFormEmailModal
Array
(
    [name] => spbetcas772@gmail.com
    [phone] => 83332762326
    [formname] => Обратная связь
)

------------------------

------------------------
11.11.2022 8:23:17
CallbackFormEmailModal
Array
(
    [name] => yourmail@gmail.com
    [phone] => 82321689377
    [formname] => Обратная связь
)

------------------------

------------------------
11.11.2022 10:18:32
CallbackFormEmailModal
Array
(
    [name] => seoweb2341@gmail.com
    [phone] => 81484724354
    [formname] => Обратная связь
)

------------------------

------------------------
11.11.2022 12:27:20
CallbackFormEmailModal
Array
(
    [name] => sozdayusaity@yandex.com
    [phone] => 89875549954
    [formname] => Обратная связь
)

------------------------

------------------------
11.11.2022 21:43:49
CallbackFormEmailModal
Array
(
    [name] => lu.ki.novi.c.h2.0.2.21.355@gmail.com

    [phone] => 87235568182
    [formname] => Обратная связь
)

------------------------

------------------------
11.11.2022 22:13:25
CallbackFormEmailModal
Array
(
    [name] => in.gam.939.@gmail.com
    [phone] => 88363165849
    [formname] => Обратная связь
)

------------------------

------------------------
11.11.2022 22:13:26
CallbackFormEmailModal
Array
(
    [name] => d.og.o.n.kin.a.v.3.4.@gmail.com
    [phone] => 84586211443
    [formname] => Обратная связь
)

------------------------

------------------------
11.11.2022 22:13:27
CallbackFormEmailModal
Array
(
    [name] => iri.n.am.as.lo.va.61.8@gmail.com
    [phone] => 85723513146
    [formname] => Обратная связь
)

------------------------

------------------------
11.11.2022 22:58:36
CallbackFormEmailModal
Array
(
    [name] => alicas@odadu.fodiscomail.com
    [phone] => 81282561717
    [formname] => Обратная связь
)

------------------------

------------------------
11.11.2022 23:37:37
CallbackEmailModal
Array
(
    [name] => александр
    [phone] => +7(892)765-90-88
    [comment] => Название продуката: Прессованный  настил P 33х11/30х2 Zn 1000х1000 мм
Комменатрий: интересует Прессованный решетчатый настил 1000х1000 мм, 33х11 -2шт
    [formname] => Задать вопрос по товару
)

------------------------
