
------------------------
09.08.2024 1:35:34
CallbackFormEmailModal
Array
(
    [name] => wx581278lihe[exygyzotorygetit,2,5]@wxlihe15698.com
    [phone] => 84572542712
    [formname] => Обратная связь
)

------------------------

------------------------
09.08.2024 3:30:15
CallbackFormEmailModal
Array
(
    [name] => agnessavolkova@seobomba.com
    [phone] => 87856651649
    [formname] => Обратная связь
)

------------------------

------------------------
09.08.2024 3:53:25
CallbackFormEmailModal
Array
(
    [name] => vermishell17@gmail.com
    [phone] => 85874339473
    [formname] => Обратная связь
)

------------------------

------------------------
09.08.2024 6:41:29
Order
Array
(
    [name] => михаил николаевич чисталев
    [email] => mihgan66@mail.ru
    [phone] => +7-961-767-4923
    [comment] => Лестничная ступень SР 34х38/30х3 Zn 1000х270 мм, кол-во: 1, цена: 2050руб.
Способ доставки: Доставка автотранспортом поставщика
Выберите способ оплаты: Оплата на расчетный счет организации
Адрес доставки: город Жуковский

Комментарий к заказу: 
доставка город жуковский
    [formname] => Заказ из корзины
    [fields] => Array
        (
            [price] => 2050
        )

)

------------------------

------------------------
09.08.2024 10:48:19
CallbackFormEmailModal
Array
(
    [name] => jimmy.d@gmx.de
    [phone] => 82112441719
    [formname] => Обратная связь
)

------------------------

------------------------
09.08.2024 12:41:09
CallbackFormEmailModal
Array
(
    [name] => ytlhwlwrgh@rambler.ru
    [phone] => +71231234567
    [formname] => Обратная связь
)

------------------------

------------------------
09.08.2024 13:13:21
CallbackFormEmailModal
Array
(
    [name] => 84xrumer3@farironalds.com
    [phone] => 81215734978
    [formname] => Обратная связь
)

------------------------

------------------------
09.08.2024 15:09:58
CallbackFormEmailModal
Array
(
    [name] => galoriya@eunews24x7.com
    [phone] => 86475316873
    [formname] => Обратная связь
)

------------------------

------------------------
09.08.2024 15:16:29
CallbackFormEmailModal
Array
(
    [name] => samdesuza@eunews24x7.com
    [phone] => 86299694437
    [formname] => Обратная связь
)

------------------------

------------------------
09.08.2024 15:21:01
CallbackFormEmailModal
Array
(
    [name] => facebookmail@eunews24x7.com
    [phone] => 84677784492
    [formname] => Обратная связь
)

------------------------

------------------------
09.08.2024 15:46:50
CallbackFormEmailModal
Array
(
    [name] => twittermail@eunews24x7.com
    [phone] => 84537162482
    [formname] => Обратная связь
)

------------------------

------------------------
09.08.2024 17:56:10
CallbackFormEmailModal
Array
(
    [name] => kbedsqoamt@rambler.ru
    [phone] => +71231234567
    [formname] => Обратная связь
)

------------------------

------------------------
09.08.2024 23:11:57
CallbackFormEmailModal
Array
(
    [name] => y.a.n.v.o.r.o.be.y9.4@gmail.com

    [phone] => 83666722828
    [formname] => Обратная связь
)

------------------------
