
------------------------
10.07.2025 2:37:01
CallbackFormEmailModal
Array
(
    [name] => Samira Follansbee
    [phone] => Great Britain
    [formname] => Обратная связь
)

------------------------

------------------------
10.07.2025 4:52:39
CallbackFormEmailModal
Array
(
    [name] => puywsvh404@gmx.com
    [phone] => 87348225225
    [formname] => Обратная связь
)

------------------------

------------------------
10.07.2025 5:08:49
CallbackFormEmailModal
Array
(
    [name] => mike@monkeydigital.co
    [phone] => 83441533597
    [formname] => Обратная связь
)

------------------------

------------------------
10.07.2025 6:21:58
CallbackFormEmailModal
Array
(
    [name] => a79228285@gmail.com
    [phone] => 87216531861
    [formname] => Обратная связь
)

------------------------

------------------------
10.07.2025 7:54:19
CallbackFormEmailModal
Array
(
    [name] => naphtloxua-5550@mail.ru
    [phone] => 83445268959
    [formname] => Обратная связь
)

------------------------

------------------------
10.07.2025 8:03:40
CallbackFormEmailModal
Array
(
    [name] => yulya.onipchenko.88@mail.ru
    [phone] => 87643493264
    [formname] => Обратная связь
)

------------------------

------------------------
10.07.2025 8:05:18
CallbackFormEmailModal
Array
(
    [name] => anya.genger@mail.ru
    [phone] => 89465666847
    [formname] => Обратная связь
)

------------------------

------------------------
10.07.2025 8:28:34
CallbackFormEmailModal
Array
(
    [name] => gddfdhghg@gmail.com
    [phone] => 86731566969
    [formname] => Обратная связь
)

------------------------

------------------------
10.07.2025 8:28:54
CallbackFormEmailModal
Array
(
    [name] => coezathurpu1983@mail.ru
    [phone] => 82753446449
    [formname] => Обратная связь
)

------------------------

------------------------
10.07.2025 8:45:38
CallbackFormEmailModal
Array
(
    [name] => secberconla1986@mail.ru
    [phone] => 84763228186
    [formname] => Обратная связь
)

------------------------

------------------------
10.07.2025 8:46:42
CallbackFormEmailModal
Array
(
    [name] => mark.moshchenskiy.90@mail.ru
    [phone] => 87843394242
    [formname] => Обратная связь
)

------------------------

------------------------
10.07.2025 8:47:08
CallbackFormEmailModal
Array
(
    [name] => prohor.zlobin.14.11.1987@mail.ru
    [phone] => 88598335131
    [formname] => Обратная связь
)

------------------------

------------------------
10.07.2025 9:00:13
CallbackFormEmailModal
Array
(
    [name] => eprovbelwha@mail.ru
    [phone] => 84888827251
    [formname] => Обратная связь
)

------------------------

------------------------
10.07.2025 9:03:44
CallbackFormEmailModal
Array
(
    [name] => erangifest1980@mail.ru
    [phone] => 83563537774
    [formname] => Обратная связь
)

------------------------

------------------------
10.07.2025 9:06:05
CallbackFormEmailModal
Array
(
    [name] => seimymavig1983@mail.ru
    [phone] => 85989721317
    [formname] => Обратная связь
)

------------------------

------------------------
10.07.2025 9:09:45
CallbackFormEmailModal
Array
(
    [name] => mamedov.edgar.1992.3.3@inbox.ru
    [phone] => 84923541844
    [formname] => Обратная связь
)

------------------------

------------------------
10.07.2025 13:02:14
CallbackFormEmailModal
Array
(
    [name] => rais.shchigelskaya2002@mail.ru
    [phone] => 82663141439
    [formname] => Обратная связь
)

------------------------

------------------------
10.07.2025 13:52:23
CallbackFormEmailModal
Array
(
    [name] => combontsegal37@mail.ru
    [phone] => 88913349796
    [formname] => Обратная связь
)

------------------------

------------------------
10.07.2025 13:56:20
CallbackFormEmailModal
Array
(
    [name] => dionisij.grigorev.92@mail.ru
    [phone] => 82681867472
    [formname] => Обратная связь
)

------------------------

------------------------
10.07.2025 15:17:49
CallbackFormEmailModal
Array
(
    [name] => chofitensatomar@mail.ru
    [phone] => 87717257982
    [formname] => Обратная связь
)

------------------------

------------------------
10.07.2025 16:19:30
CallbackFormEmailModal
Array
(
    [name] => admin@progonx.fun
    [phone] => 83154162913
    [formname] => Обратная связь
)

------------------------

------------------------
10.07.2025 19:12:52
CallbackFormEmailModal
Array
(
    [name] => arturgorz2o3@bk.ru
    [phone] => 82191432937
    [formname] => Обратная связь
)

------------------------

------------------------
10.07.2025 19:48:19
CallbackFormEmailModal
Array
(
    [name] => ilnanmode1973@mail.ru
    [phone] => 88197114183
    [formname] => Обратная связь
)

------------------------

------------------------
10.07.2025 19:49:29
CallbackFormEmailModal
Array
(
    [name] => rais.shchigelskaya2002@mail.ru
    [phone] => 87117363256
    [formname] => Обратная связь
)

------------------------

------------------------
10.07.2025 20:02:54
CallbackFormEmailModal
Array
(
    [name] => martakalinina84@mail.ru
    [phone] => 84724722755
    [formname] => Обратная связь
)

------------------------
