
------------------------
17.03.2024 2:07:43
CallbackFormEmailModal
Array
(
    [name] => suprt@meteo.gold
    [phone] => 89885281659
    [formname] => Обратная связь
)

------------------------

------------------------
17.03.2024 3:19:56
CallbackFormEmailModal
Array
(
    [name] => ba.s.s.m.a.rk.etz@gmail.com
    [phone] => 82399478728
    [formname] => Обратная связь
)

------------------------

------------------------
17.03.2024 3:34:45
CallbackFormEmailModal
Array
(
    [name] => xjtveqbsqumbjkde@onet.pl
    [phone] => 82922782591
    [formname] => Обратная связь
)

------------------------

------------------------
17.03.2024 5:37:42
CallbackFormEmailModal
Array
(
    [name] => stubba_puux84734@instructure.store
    [phone] => 81358257146
    [formname] => Обратная связь
)

------------------------

------------------------
17.03.2024 8:07:42
CallbackFormEmailModal
Array
(
    [name] => vdljdlus@webmailwc.com
    [phone] => 89642551532
    [formname] => Обратная связь
)

------------------------

------------------------
17.03.2024 9:13:12
CallbackFormEmailModal
Array
(
    [name] => admsis@fassadenterrasse.de
    [phone] => 88227741332
    [formname] => Обратная связь
)

------------------------

------------------------
17.03.2024 9:46:51
CallbackFormEmailModal
Array
(
    [name] => lucido.leinteract@gmail.com
    [phone] => 86149916347
    [formname] => Обратная связь
)

------------------------

------------------------
17.03.2024 10:21:45
CallbackFormEmailModal
Array
(
    [name] => lynpaogor@mailcos.site

    [phone] => 86269437151
    [formname] => Обратная связь
)

------------------------

------------------------
17.03.2024 10:38:32
CallbackFormEmailModal
Array
(
    [name] => inet4747@outlook.com
    [phone] => 88182665659
    [formname] => Обратная связь
)

------------------------

------------------------
17.03.2024 10:46:04
CallbackFormEmailModal
Array
(
    [name] => sfigaoprgovisovu@onet.pl
    [phone] => 82746575821
    [formname] => Обратная связь
)

------------------------

------------------------
17.03.2024 12:44:17
CallbackFormEmailModal
Array
(
    [name] => bower.bella1998@hotmail.com
    [phone] => 82354528597
    [formname] => Обратная связь
)

------------------------

------------------------
17.03.2024 16:43:57
CallbackFormEmailModal
Array
(
    [name] => al544dsdsd@atrimoney.site
    [phone] => 84494883268
    [formname] => Обратная связь
)

------------------------

------------------------
17.03.2024 17:28:15
CallbackFormEmailModal
Array
(
    [name] => backlinks@bbcworldnewstoday.com
    [phone] => 82471931458
    [formname] => Обратная связь
)

------------------------

------------------------
17.03.2024 18:55:20
CallbackFormEmailModal
Array
(
    [name] => fldhvetcpwdvpker@onet.pl
    [phone] => 86529854651
    [formname] => Обратная связь
)

------------------------

------------------------
17.03.2024 20:56:34
CallbackFormEmailModal
Array
(
    [name] => froeach12@rezka.wtf
    [phone] => 85325677223
    [formname] => Обратная связь
)

------------------------

------------------------
17.03.2024 22:21:22
CallbackFormEmailModal
Array
(
    [name] => shimul.isl.a.m.058.3@gmail.com
    [phone] => 83613315335
    [formname] => Обратная связь
)

------------------------
