
------------------------
05.04.2026 1:48:17
CallbackFormEmailModal
Array
(
    [name] => robertNub@mail.ru
    [phone] => 81899486399
    [formname] => Обратная связь
)

------------------------

------------------------
05.04.2026 15:22:24
CallbackFormEmailModal
Array
(
    [name] => yuliyadosuni@mail.ru
    [phone] => 81662665386
    [formname] => Обратная связь
)

------------------------

------------------------
05.04.2026 15:26:27
CallbackFormEmailModal
Array
(
    [name] => martakalinina84@mail.ru
    [phone] => 87773999737
    [formname] => Обратная связь
)

------------------------

------------------------
05.04.2026 15:54:55
CallbackFormEmailModal
Array
(
    [name] => tacusol-6816@mail.ru
    [phone] => 88787144546
    [formname] => Обратная связь
)

------------------------
