
------------------------
02.07.2023 0:52:15
CallbackFormEmailModal
Array
(
    [name] => colette@isamu2410.susumo78.flooz.site
    [phone] => 81399776312
    [formname] => Обратная связь
)

------------------------

------------------------
02.07.2023 2:38:33
CallbackFormEmailModal
Array
(
    [name] => mikeBraivami@gmail.com
    [phone] => 85757828147
    [formname] => Обратная связь
)

------------------------

------------------------
02.07.2023 6:17:06
CallbackFormEmailModal
Array
(
    [name] => alfredegov@gmail.com
    [phone] => 87738811226
    [formname] => Обратная связь
)

------------------------

------------------------
02.07.2023 8:52:06
CallbackFormEmailModal
Array
(
    [name] => dt@dt.ch
    [phone] => 81176124553
    [formname] => Обратная связь
)

------------------------

------------------------
02.07.2023 13:25:01
CallbackFormEmailModal
Array
(
    [name] => Maritza Roderick
    [phone] => 077 7637 7348
    [formname] => Обратная связь
)

------------------------

------------------------
02.07.2023 15:17:50
CallbackFormEmailModal
Array
(
    [name] => bezvfrg23451@outlook.com
    [phone] => 89759996476
    [formname] => Обратная связь
)

------------------------

------------------------
02.07.2023 15:27:33
CallbackFormEmailModal
Array
(
    [name] => akajodx3tsnzjy3@rambler.ru
    [phone] => 85595575541
    [formname] => Обратная связь
)

------------------------

------------------------
02.07.2023 15:30:48
CallbackFormEmailModal
Array
(
    [name] => m675jpszcm@bxuz.tvtap.fun

    [phone] => 88377398683
    [formname] => Обратная связь
)

------------------------

------------------------
02.07.2023 18:40:15
CallbackFormEmailModal
Array
(
    [name] => kennethadams957061177@outlook.com
    [phone] => 88678868417
    [formname] => Обратная связь
)

------------------------

------------------------
02.07.2023 23:16:36
CallbackFormEmailModal
Array
(
    [name] => eeowe7sxjd16nmi@rambler.ru
    [phone] => 87386877136
    [formname] => Обратная связь
)

------------------------
