
------------------------
23.01.2022 10:57:27
CallbackFormEmailModal
Array
(
    [name] => Eric Jones
    [phone] => 555-555-1212
    [formname] => Обратная связь
)

------------------------

------------------------
23.01.2022 22:33:24
CallbackFormEmailModal
Array
(
    [name] => woodrosales7187488@gmail.com
    [phone] => woodrosales7187488@gmail.com
    [formname] => Обратная связь
)

------------------------

------------------------
23.01.2022 22:33:29
CallbackFormEmailModal
Array
(
    [name] => woodrosales7187488@gmail.com
    [phone] => woodrosales7187488@gmail.com
    [formname] => Обратная связь
)

------------------------

------------------------
23.01.2022 22:33:44
CallbackFormEmailModal
Array
(
    [name] => woodrosales7187488@gmail.com
    [phone] => woodrosales7187488@gmail.com
    [formname] => Обратная связь
)

------------------------

------------------------
23.01.2022 22:33:49
CallbackFormEmailModal
Array
(
    [name] => woodrosales7187488@gmail.com
    [phone] => woodrosales7187488@gmail.com
    [formname] => Обратная связь
)

------------------------

------------------------
23.01.2022 22:34:02
CallbackFormEmailModal
Array
(
    [name] => woodrosales7187488@gmail.com
    [phone] => woodrosales7187488@gmail.com
    [formname] => Обратная связь
)

------------------------

------------------------
23.01.2022 22:34:06
CallbackFormEmailModal
Array
(
    [name] => woodrosales7187488@gmail.com
    [phone] => woodrosales7187488@gmail.com
    [formname] => Обратная связь
)

------------------------

------------------------
23.01.2022 22:34:16
CallbackFormEmailModal
Array
(
    [name] => woodrosales7187488@gmail.com
    [phone] => woodrosales7187488@gmail.com
    [formname] => Обратная связь
)

------------------------

------------------------
23.01.2022 22:34:20
CallbackFormEmailModal
Array
(
    [name] => woodrosales7187488@gmail.com
    [phone] => woodrosales7187488@gmail.com
    [formname] => Обратная связь
)

------------------------

------------------------
23.01.2022 22:34:28
CallbackFormEmailModal
Array
(
    [name] => woodrosales7187488@gmail.com
    [phone] => woodrosales7187488@gmail.com
    [formname] => Обратная связь
)

------------------------

------------------------
23.01.2022 22:34:33
CallbackFormEmailModal
Array
(
    [name] => woodrosales7187488@gmail.com
    [phone] => woodrosales7187488@gmail.com
    [formname] => Обратная связь
)

------------------------

------------------------
23.01.2022 22:35:27
CallbackFormEmailModal
Array
(
    [name] => woodrosales7187488@gmail.com
    [phone] => woodrosales7187488@gmail.com
    [formname] => Обратная связь
)

------------------------

------------------------
23.01.2022 22:35:31
CallbackFormEmailModal
Array
(
    [name] => woodrosales7187488@gmail.com
    [phone] => woodrosales7187488@gmail.com
    [formname] => Обратная связь
)

------------------------

------------------------
23.01.2022 22:35:41
CallbackFormEmailModal
Array
(
    [name] => woodrosales7187488@gmail.com
    [phone] => woodrosales7187488@gmail.com
    [formname] => Обратная связь
)

------------------------

------------------------
23.01.2022 22:35:46
CallbackFormEmailModal
Array
(
    [name] => woodrosales7187488@gmail.com
    [phone] => woodrosales7187488@gmail.com
    [formname] => Обратная связь
)

------------------------

------------------------
23.01.2022 22:35:57
CallbackFormEmailModal
Array
(
    [name] => woodrosales7187488@gmail.com
    [phone] => woodrosales7187488@gmail.com
    [formname] => Обратная связь
)

------------------------
