
------------------------
13.08.2022 0:30:54
CallbackFormEmailModal
Array
(
    [name] => andreyvpetrov132435@gmail.com
    [phone] => 86938964947
    [formname] => Обратная связь
)

------------------------

------------------------
13.08.2022 11:18:31
CallbackFormEmailModal
Array
(
    [name] => andreyvpetrov132435@gmail.com
    [phone] => 86352498288
    [formname] => Обратная связь
)

------------------------

------------------------
13.08.2022 11:53:53
CallbackFormEmailModal
Array
(
    [name] => abidin886@yahoo.com
    [phone] => 89030315715
    [formname] => Обратная связь
)

------------------------

------------------------
13.08.2022 15:17:59
CallbackFormEmailModal
Array
(
    [name] => anya.grigoreva.1993@inbox.ru
    [phone] => 85727345287
    [formname] => Обратная связь
)

------------------------

------------------------
13.08.2022 15:26:14
CallbackFormEmailModal
Array
(
    [name] => sokolov_denis_sokolov_1978_deni@list.ru
    [phone] => 82425714361
    [formname] => Обратная связь
)

------------------------

------------------------
13.08.2022 15:39:36
CallbackFormEmailModal
Array
(
    [name] => regina.aleksandrova.99@list.ru
    [phone] => 85416797168
    [formname] => Обратная связь
)

------------------------

------------------------
13.08.2022 15:47:10
CallbackFormEmailModal
Array
(
    [name] => markova.katya.2018@bk.ru
    [phone] => 81887711748
    [formname] => Обратная связь
)

------------------------

------------------------
13.08.2022 15:55:35
CallbackFormEmailModal
Array
(
    [name] => andreyvpetrov132435@gmail.com
    [phone] => 84364576446
    [formname] => Обратная связь
)

------------------------

------------------------
13.08.2022 15:56:28
CallbackFormEmailModal
Array
(
    [name] => svetlana-sukhanova-1975@list.ru
    [phone] => 83553117877
    [formname] => Обратная связь
)

------------------------

------------------------
13.08.2022 18:10:42
CallbackFormEmailModal
Array
(
    [name] => popmil2012@mail.ru
    [phone] => 89887283372
    [formname] => Обратная связь
)

------------------------

------------------------
13.08.2022 18:19:21
CallbackFormEmailModal
Array
(
    [name] => olya.blinova.1999@inbox.ru
    [phone] => 83727785412
    [formname] => Обратная связь
)

------------------------

------------------------
13.08.2022 18:28:07
CallbackFormEmailModal
Array
(
    [name] => andreyvpetrov132435@gmail.com
    [phone] => 83644837492
    [formname] => Обратная связь
)

------------------------

------------------------
13.08.2022 18:37:32
CallbackFormEmailModal
Array
(
    [name] => rusya.denisov.1996@list.ru
    [phone] => 82811562361
    [formname] => Обратная связь
)

------------------------

------------------------
13.08.2022 18:40:34
CallbackFormEmailModal
Array
(
    [name] => semagerasimov1986@inbox.ru
    [phone] => 85386931468
    [formname] => Обратная связь
)

------------------------

------------------------
13.08.2022 18:44:48
CallbackFormEmailModal
Array
(
    [name] => svetlana.m.96@list.ru
    [phone] => 85223459394
    [formname] => Обратная связь
)

------------------------

------------------------
13.08.2022 19:05:16
CallbackFormEmailModal
Array
(
    [name] => ivan.vanya.sokolov.1989.sokolov@bk.ru
    [phone] => 88617147312
    [formname] => Обратная связь
)

------------------------

------------------------
13.08.2022 19:28:16
CallbackFormEmailModal
Array
(
    [name] => yuliana.davydova.94@list.ru
    [phone] => 86692283878
    [formname] => Обратная связь
)

------------------------

------------------------
13.08.2022 19:57:35
CallbackFormEmailModal
Array
(
    [name] => antosha-smirnov-83@inbox.ru
    [phone] => 82965337595
    [formname] => Обратная связь
)

------------------------

------------------------
13.08.2022 19:59:26
CallbackFormEmailModal
Array
(
    [name] => l_borisova_1970@list.ru
    [phone] => 84996556616
    [formname] => Обратная связь
)

------------------------

------------------------
13.08.2022 20:03:34
CallbackFormEmailModal
Array
(
    [name] => semyon_orlov_1973@inbox.ru
    [phone] => 85247338517
    [formname] => Обратная связь
)

------------------------

------------------------
13.08.2022 20:19:16
CallbackFormEmailModal
Array
(
    [name] => eduard_bykov_98@bk.ru
    [phone] => 89239882179
    [formname] => Обратная связь
)

------------------------

------------------------
13.08.2022 20:26:24
CallbackFormEmailModal
Array
(
    [name] => rita_veselova_1990@inbox.ru
    [phone] => 87233176423
    [formname] => Обратная связь
)

------------------------

------------------------
13.08.2022 20:30:34
CallbackFormEmailModal
Array
(
    [name] => arkadiy_nikolaev_1988@inbox.ru
    [phone] => 89248427222
    [formname] => Обратная связь
)

------------------------

------------------------
13.08.2022 20:31:08
CallbackFormEmailModal
Array
(
    [name] => tosha.sidorov.1994@bk.ru
    [phone] => 89271327387
    [formname] => Обратная связь
)

------------------------

------------------------
13.08.2022 20:35:19
CallbackFormEmailModal
Array
(
    [name] => vasya-k-71@list.ru
    [phone] => 86934344698
    [formname] => Обратная связь
)

------------------------

------------------------
13.08.2022 21:00:01
CallbackFormEmailModal
Array
(
    [name] => margarita-vinogradova-1994@inbox.ru
    [phone] => 81977947535
    [formname] => Обратная связь
)

------------------------

------------------------
13.08.2022 21:06:56
CallbackFormEmailModal
Array
(
    [name] => tema.danilov.1969@inbox.ru
    [phone] => 87436569679
    [formname] => Обратная связь
)

------------------------

------------------------
13.08.2022 21:37:55
CallbackFormEmailModal
Array
(
    [name] => stepan_petrov_1999@list.ru
    [phone] => 84989883878
    [formname] => Обратная связь
)

------------------------

------------------------
13.08.2022 21:39:06
CallbackFormEmailModal
Array
(
    [name] => eduard-vasilev-1968@list.ru
    [phone] => 83947422684
    [formname] => Обратная связь
)

------------------------

------------------------
13.08.2022 22:15:09
CallbackFormEmailModal
Array
(
    [name] => anya.grigoreva.1993@inbox.ru
    [phone] => 83863749926
    [formname] => Обратная связь
)

------------------------

------------------------
13.08.2022 22:51:14
CallbackFormEmailModal
Array
(
    [name] => sokolov_denis_sokolov_1978_deni@list.ru
    [phone] => 82468172652
    [formname] => Обратная связь
)

------------------------

------------------------
13.08.2022 23:03:17
CallbackFormEmailModal
Array
(
    [name] => regina.aleksandrova.99@list.ru
    [phone] => 85755722438
    [formname] => Обратная связь
)

------------------------

------------------------
13.08.2022 23:28:26
CallbackFormEmailModal
Array
(
    [name] => markova.katya.2018@bk.ru
    [phone] => 83684388273
    [formname] => Обратная связь
)

------------------------

------------------------
13.08.2022 23:40:20
CallbackFormEmailModal
Array
(
    [name] => svetlana-sukhanova-1975@list.ru
    [phone] => 89146526994
    [formname] => Обратная связь
)

------------------------

------------------------
13.08.2022 23:58:40
CallbackFormEmailModal
Array
(
    [name] => andreyvpetrov132435@gmail.com
    [phone] => 82384882915
    [formname] => Обратная связь
)

------------------------
