
------------------------
09.05.2024 6:30:49
CallbackFormEmailModal
Array
(
    [name] => medvijato1976@op.pl
    [phone] => 89467938885
    [formname] => Обратная связь
)

------------------------

------------------------
09.05.2024 7:29:40
CallbackFormEmailModal
Array
(
    [name] => mate.o.lo.t.t.y.9.8@gmail.com
    [phone] => 81682861469
    [formname] => Обратная связь
)

------------------------

------------------------
09.05.2024 10:12:11
CallbackFormEmailModal
Array
(
    [name] => arolend.ja.c.k@gmail.com
    [phone] => 81832916659
    [formname] => Обратная связь
)

------------------------

------------------------
09.05.2024 10:50:25
CallbackFormEmailModal
Array
(
    [name] => medikao@pinupora.ru
    [phone] => 86666179483
    [formname] => Обратная связь
)

------------------------

------------------------
09.05.2024 12:09:58
CallbackFormEmailModal
Array
(
    [name] => Dornan3069xti@comfort.celebrationapp.click
    [phone] => 82413822917
    [formname] => Обратная связь
)

------------------------

------------------------
09.05.2024 13:52:48
CallbackFormEmailModal
Array
(
    [name] => autolife56@yandex.com
    [phone] => 83254867286
    [formname] => Обратная связь
)

------------------------

------------------------
09.05.2024 14:03:34
CallbackFormEmailModal
Array
(
    [name] => animarog1972@op.pl
    [phone] => 86241277935
    [formname] => Обратная связь
)

------------------------

------------------------
09.05.2024 16:01:33
CallbackFormEmailModal
Array
(
    [name] => asgetefac1980@op.pl
    [phone] => 89978128411
    [formname] => Обратная связь
)

------------------------

------------------------
09.05.2024 19:17:20
CallbackFormEmailModal
Array
(
    [name] => borisgendelman22@outlook.com
    [phone] => 89187457372
    [formname] => Обратная связь
)

------------------------

------------------------
09.05.2024 20:32:25
CallbackFormEmailModal
Array
(
    [name] => klok.ovb.o.ris2@gmail.com
    [phone] => 87968292465
    [formname] => Обратная связь
)

------------------------

------------------------
09.05.2024 21:42:19
CallbackFormEmailModal
Array
(
    [name] => l.u.k.in.ovi.ch.20.2.2.1.3.55@gmail.com

    [phone] => 87242346353
    [formname] => Обратная связь
)

------------------------

------------------------
09.05.2024 23:27:36
CallbackFormEmailModal
Array
(
    [name] => admin@phoenix.lol
    [phone] => 89622312129
    [formname] => Обратная связь
)

------------------------
