
------------------------
09.03.2025 0:29:25
CallbackFormEmailModal
Array
(
    [name] => admin@progonx.fun
    [phone] => 86413882397
    [formname] => Обратная связь
)

------------------------

------------------------
09.03.2025 8:22:49
CallbackFormEmailModal
Array
(
    [name] => iqablala1980858@mail.ru
    [phone] => 86377222733
    [formname] => Обратная связь
)

------------------------

------------------------
09.03.2025 9:35:53
CallbackFormEmailModal
Array
(
    [name] => test@gmail.com
    [phone] => 82274966867
    [formname] => Обратная связь
)

------------------------

------------------------
09.03.2025 10:19:47
CallbackFormEmailModal
Array
(
    [name] => Eric Jones
    [phone] => US
    [formname] => Обратная связь
)

------------------------

------------------------
09.03.2025 12:55:33
CallbackFormEmailModal
Array
(
    [name] => rerkgeemong98@mail.ru
    [phone] => 82451251399
    [formname] => Обратная связь
)

------------------------

------------------------
09.03.2025 12:58:45
CallbackFormEmailModal
Array
(
    [name] => yourmail@gmail.com
    [phone] => 87934443747
    [formname] => Обратная связь
)

------------------------

------------------------
09.03.2025 15:59:42
CallbackFormEmailModal
Array
(
    [name] => ocopesuq299@gmail.com
    [phone] => 83925587574
    [formname] => Обратная связь
)

------------------------

------------------------
09.03.2025 19:46:34
CallbackFormEmailModal
Array
(
    [name] => psincurousenlepen@mail.ru
    [phone] => 81377793757
    [formname] => Обратная связь
)

------------------------

------------------------
09.03.2025 20:18:33
CallbackFormEmailModal
Array
(
    [name] => kozlovvarlen19782037@mail.ru
    [phone] => 82162467782
    [formname] => Обратная связь
)

------------------------

------------------------
09.03.2025 20:28:35
CallbackFormEmailModal
Array
(
    [name] => ponomaryov.borya.1983@bk.ru
    [phone] => 81196783658
    [formname] => Обратная связь
)

------------------------

------------------------
09.03.2025 20:40:17
CallbackFormEmailModal
Array
(
    [name] => nifontmarkov1987@mail.ru
    [phone] => 84944952388
    [formname] => Обратная связь
)

------------------------

------------------------
09.03.2025 20:53:07
CallbackFormEmailModal
Array
(
    [name] => arturgorz2o3@bk.ru
    [phone] => 87342596715
    [formname] => Обратная связь
)

------------------------

------------------------
09.03.2025 22:07:24
CallbackFormEmailModal
Array
(
    [name] => vincenttaits@mail.ru
    [phone] => 89113263632
    [formname] => Обратная связь
)

------------------------
