
------------------------
19.08.2023 0:31:16
CallbackFormEmailModal
Array
(
    [name] => 0pel0ih8saz0m3o@rambler.ru
    [phone] => 86754256727
    [formname] => Обратная связь
)

------------------------

------------------------
19.08.2023 1:31:18
CallbackFormEmailModal
Array
(
    [name] => sm5qcpp3h76gohd@rambler.ru
    [phone] => 83877365537
    [formname] => Обратная связь
)

------------------------

------------------------
19.08.2023 1:31:29
CallbackFormEmailModal
Array
(
    [name] => 9hbe7sb8v7bfhkj@rambler.ru
    [phone] => 82695881951
    [formname] => Обратная связь
)

------------------------

------------------------
19.08.2023 4:36:45
CallbackFormEmailModal
Array
(
    [name] => a.murasov@jrmdtu.bizml.ru
    [phone] => 85176635365
    [formname] => Обратная связь
)

------------------------

------------------------
19.08.2023 5:25:31
CallbackFormEmailModal
Array
(
    [name] => fvuqcn8aqhpixi6@rambler.ru
    [phone] => 81987378572
    [formname] => Обратная связь
)

------------------------

------------------------
19.08.2023 6:40:06
CallbackFormEmailModal
Array
(
    [name] => y419yflobsprzan@rambler.ru
    [phone] => 89454892768
    [formname] => Обратная связь
)

------------------------

------------------------
19.08.2023 8:20:26
CallbackFormEmailModal
Array
(
    [name] => xorimckqg4eewz3@rambler.ru
    [phone] => 86193373526
    [formname] => Обратная связь
)

------------------------

------------------------
19.08.2023 8:49:03
CallbackFormEmailModal
Array
(
    [name] => j5jss0@course-fitness.com
    [phone] => 84739855466
    [formname] => Обратная связь
)

------------------------

------------------------
19.08.2023 13:17:50
CallbackFormEmailModal
Array
(
    [name] => rusvodo@yandex.ru
    [phone] => 82663448768
    [formname] => Обратная связь
)

------------------------

------------------------
19.08.2023 22:53:32
CallbackFormEmailModal
Array
(
    [name] => apcescuba186@imails.site

    [phone] => 87457516954
    [formname] => Обратная связь
)

------------------------
