
------------------------
01.12.2023 3:46:29
CallbackFormEmailModal
Array
(
    [name] => noname@noname.ru
    [phone] => 87923495687
    [formname] => Обратная связь
)

------------------------

------------------------
01.12.2023 5:40:58
CallbackFormEmailModal
Array
(
    [name] => noname@noname.com
    [phone] => 82563458752
    [formname] => Обратная связь
)

------------------------

------------------------
01.12.2023 8:36:18
CallbackFormEmailModal
Array
(
    [name] => ineavlinpy197435@rambler.ru
    [phone] => +71231234567
    [formname] => Обратная связь
)

------------------------

------------------------
01.12.2023 15:03:10
CallbackFormEmailModal
Array
(
    [name] => yourmail@gmail.com
    [phone] => 82652955798
    [formname] => Обратная связь
)

------------------------

------------------------
01.12.2023 17:28:13
CallbackFormEmailModal
Array
(
    [name] => bachilina.yelena@mail.ru
    [phone] => 82993677998
    [formname] => Обратная связь
)

------------------------

------------------------
01.12.2023 20:40:12
CallbackFormEmailModal
Array
(
    [name] => kaapkaksih@mail.ru
    [phone] => 88885592571
    [formname] => Обратная связь
)

------------------------

------------------------
01.12.2023 20:43:52
CallbackFormEmailModal
Array
(
    [name] => nisakascha@mail.ru
    [phone] => 85353192333
    [formname] => Обратная связь
)

------------------------

------------------------
01.12.2023 21:07:02
CallbackFormEmailModal
Array
(
    [name] => pavlik.timofeev.2023@bk.ru
    [phone] => 85612141426
    [formname] => Обратная связь
)

------------------------

------------------------
01.12.2023 22:18:05
CallbackFormEmailModal
Array
(
    [name] => gelibomenlo6420@mail.ru
    [phone] => 83823351659
    [formname] => Обратная связь
)

------------------------

------------------------
01.12.2023 23:45:11
CallbackFormEmailModal
Array
(
    [name] => ofkfuefduet@superstomatologpro.ru
    [phone] => 87672579359
    [formname] => Обратная связь
)

------------------------
