
------------------------
20.12.2024 0:02:55
CallbackFormEmailModal
Array
(
    [name] => ela.kubets.94@mail.ru
    [phone] => 89962225722
    [formname] => Обратная связь
)

------------------------

------------------------
20.12.2024 0:09:20
CallbackFormEmailModal
Array
(
    [name] => egorbmxik@mail.ru
    [phone] => 89977856258
    [formname] => Обратная связь
)

------------------------

------------------------
20.12.2024 0:14:30
CallbackFormEmailModal
Array
(
    [name] => ljusdukeeca1971@mail.ru
    [phone] => 83747437548
    [formname] => Обратная связь
)

------------------------

------------------------
20.12.2024 2:43:53
CallbackFormEmailModal
Array
(
    [name] => alexpopov3453@gmail.com
    [phone] => 88358561597
    [formname] => Обратная связь
)

------------------------

------------------------
20.12.2024 3:01:59
CallbackFormEmailModal
Array
(
    [name] => mariij77701@gmail.com
    [phone] => 81688659944
    [formname] => Обратная связь
)

------------------------

------------------------
20.12.2024 3:03:38
CallbackFormEmailModal
Array
(
    [name] => jarerogusto@gmail.com
    [phone] => 88451479915
    [formname] => Обратная связь
)

------------------------

------------------------
20.12.2024 3:10:58
CallbackFormEmailModal
Array
(
    [name] => jarerogusto@gmail.com
    [phone] => 81417873611
    [formname] => Обратная связь
)

------------------------

------------------------
20.12.2024 4:39:51
CallbackFormEmailModal
Array
(
    [name] => goldboy1931@gmail.com
    [phone] => 81672979253
    [formname] => Обратная связь
)

------------------------

------------------------
20.12.2024 5:49:55
CallbackFormEmailModal
Array
(
    [name] => fldpjnakdel@rudiplomust.com
    [phone] => 84168936317
    [formname] => Обратная связь
)

------------------------

------------------------
20.12.2024 7:07:50
CallbackFormEmailModal
Array
(
    [name] => jarerogusto@gmail.com
    [phone] => 89714577124
    [formname] => Обратная связь
)

------------------------

------------------------
20.12.2024 7:23:41
CallbackFormEmailModal
Array
(
    [name] => jarerogusto@gmail.com
    [phone] => 82942148849
    [formname] => Обратная связь
)

------------------------

------------------------
20.12.2024 8:05:48
CallbackFormEmailModal
Array
(
    [name] => tacusol-6816@mail.ru
    [phone] => 81616526936
    [formname] => Обратная связь
)

------------------------

------------------------
20.12.2024 8:45:54
CallbackFormEmailModal
Array
(
    [name] => barbariska8912@gmail.com
    [phone] => 83544427391
    [formname] => Обратная связь
)

------------------------

------------------------
20.12.2024 15:46:43
CallbackFormEmailModal
Array
(
    [name] => yqbcrouy@veridicalmail.com
    [phone] => 89246667819
    [formname] => Обратная связь
)

------------------------

------------------------
20.12.2024 15:57:33
CallbackFormEmailModal
Array
(
    [name] => lohivteme@mailbox.org
    [phone] => 84871969539
    [formname] => Обратная связь
)

------------------------

------------------------
20.12.2024 16:02:58
CallbackFormEmailModal
Array
(
    [name] => orlov.roman.1988.2.11@list.ru
    [phone] => 88335474469
    [formname] => Обратная связь
)

------------------------

------------------------
20.12.2024 16:57:56
CallbackFormEmailModal
Array
(
    [name] => akhencyp@superocomail.com
    [phone] => 84681345477
    [formname] => Обратная связь
)

------------------------

------------------------
20.12.2024 18:59:10
CallbackFormEmailModal
Array
(
    [name] => naamismevk@gazeta.pl
    [phone] => 89474689271
    [formname] => Обратная связь
)

------------------------

------------------------
20.12.2024 19:29:14
CallbackFormEmailModal
Array
(
    [name] => rms-ekb@rambler.ru
    [phone] => 89358173947
    [formname] => Обратная связь
)

------------------------

------------------------
20.12.2024 21:22:26
CallbackFormEmailModal
Array
(
    [name] => winsatall4ever@gmail.com
    [phone] => 85228941731
    [formname] => Обратная связь
)

------------------------

------------------------
20.12.2024 21:43:35
CallbackFormEmailModal
Array
(
    [name] => barbariska8912@gmail.com
    [phone] => 89666144732
    [formname] => Обратная связь
)

------------------------

------------------------
20.12.2024 22:07:58
CallbackFormEmailModal
Array
(
    [name] => barbariska8912@gmail.com
    [phone] => 81151769511
    [formname] => Обратная связь
)

------------------------

------------------------
20.12.2024 22:38:25
CallbackFormEmailModal
Array
(
    [name] => progon@progon.fun
    [phone] => 88686522128
    [formname] => Обратная связь
)

------------------------
