
------------------------
26.12.2025 1:05:07
CallbackFormEmailModal
Array
(
    [name] => satpihiq@eblanomail.com
    [phone] => 81592188165
    [formname] => Обратная связь
)

------------------------

------------------------
26.12.2025 3:03:37
CallbackFormEmailModal
Array
(
    [name] => tkvmdskk@eblanomail.com
    [phone] => 82484826825
    [formname] => Обратная связь
)

------------------------

------------------------
26.12.2025 6:46:44
CallbackFormEmailModal
Array
(
    [name] => dolnovam@mail.ru
    [phone] => 85693887479
    [formname] => Обратная связь
)

------------------------
