
------------------------
13.10.2024 2:08:01
CallbackFormEmailModal
Array
(
    [name] => info@hifinance.ru
    [phone] => 7 (495) 142-56-63
    [formname] => Обратная связь
)

------------------------

------------------------
13.10.2024 2:12:16
CallbackFormEmailModal
Array
(
    [name] => ooorefin@gmail.com
    [phone] => +74956643022
    [formname] => Обратная связь
)

------------------------

------------------------
13.10.2024 4:00:11
CallbackFormEmailModal
Array
(
    [name] => contnesena1972@op.pl
    [phone] => 84225772479
    [formname] => Обратная связь
)

------------------------

------------------------
13.10.2024 5:50:37
CallbackFormEmailModal
Array
(
    [name] => yan@yzovka24.ru
    [phone] => 82742631265
    [formname] => Обратная связь
)

------------------------

------------------------
13.10.2024 7:07:11
CallbackFormEmailModal
Array
(
    [name] => vermorofizz1974@op.pl
    [phone] => 83382217455
    [formname] => Обратная связь
)

------------------------

------------------------
13.10.2024 7:36:20
CallbackFormEmailModal
Array
(
    [name] => user@plus-info.ru
    [phone] => Thank you so much for registering, I am very pleased to see you on the site
 http://stromsteel.ru 7964775  verygoodplustime !
    [formname] => Обратная связь
)

------------------------

------------------------
13.10.2024 8:22:41
CallbackFormEmailModal
Array
(
    [name] => everestinvest@bk.ru
    [phone] => +74954766662
    [formname] => Обратная связь
)

------------------------
