
------------------------
16.03.2022 5:21:14
CallbackFormEmailModal
Array
(
    [name] => i.dobrovitsky@yandex.com
    [phone] => 84277375256
    [formname] => Обратная связь
)

------------------------

------------------------
16.03.2022 10:17:01
CallbackFormEmailModal
Array
(
    [name] => simon.sammut@cemaust.com.au
    [phone] => 85285834966
    [formname] => Обратная связь
)

------------------------

------------------------
16.03.2022 23:01:06
CallbackFormEmailModal
Array
(
    [name] => no-replysuinuts@gmail.com
    [phone] => 89672788218
    [formname] => Обратная связь
)

------------------------
