
------------------------
14.07.2024 5:13:52
CallbackFormEmailModal
Array
(
    [name] => xmmaqeohjel@rudiplomust.com
    [phone] => 84254582684
    [formname] => Обратная связь
)

------------------------

------------------------
14.07.2024 5:20:44
CallbackFormEmailModal
Array
(
    [name] => nboawdlvqx@rambler.ru
    [phone] => +79995410345
    [formname] => Обратная связь
)

------------------------

------------------------
14.07.2024 5:25:28
CallbackFormEmailModal
Array
(
    [name] => mtgsiufrkvzomjtz@onet.pl
    [phone] => 85546927192
    [formname] => Обратная связь
)

------------------------

------------------------
14.07.2024 6:45:57
CallbackFormEmailModal
Array
(
    [name] => bemnsdpoeoeiasoiepeoias@gmail.com
    [phone] => 87113621795
    [formname] => Обратная связь
)

------------------------

------------------------
14.07.2024 7:46:51
CallbackFormEmailModal
Array
(
    [name] => dobr-ven@yandex.ru
    [phone] => 87959654841
    [formname] => Обратная связь
)

------------------------

------------------------
14.07.2024 12:24:26
CallbackFormEmailModal
Array
(
    [name] => hutkkfljjel@rudiplomust.com
    [phone] => 86832314823
    [formname] => Обратная связь
)

------------------------

------------------------
14.07.2024 13:27:47
CallbackFormEmailModal
Array
(
    [name] => andreysimonov146@gmail.com
    [phone] => 88753817696
    [formname] => Обратная связь
)

------------------------

------------------------
14.07.2024 15:51:22
CallbackFormEmailModal
Array
(
    [name] => gjhruke2@outlook.com
    [phone] => 86697391654
    [formname] => Обратная связь
)

------------------------

------------------------
14.07.2024 15:53:51
CallbackFormEmailModal
Array
(
    [name] => etsubteva197053@rambler.ru
    [phone] => 86925621273
    [formname] => Обратная связь
)

------------------------

------------------------
14.07.2024 20:06:20
CallbackFormEmailModal
Array
(
    [name] => bgyjqtisuel@rudiplomust.com
    [phone] => 82255199167
    [formname] => Обратная связь
)

------------------------
