
------------------------
14.12.2025 11:12:51
CallbackFormEmailModal
Array
(
    [name] => gclxzutuaKr@ugaritopari.site
    [phone] => 86593983537
    [formname] => Обратная связь
)

------------------------

------------------------
14.12.2025 17:14:47
CallbackFormEmailModal
Array
(
    [name] => eprovbelwha@mail.ru
    [phone] => 89935888128
    [formname] => Обратная связь
)

------------------------

------------------------
14.12.2025 17:41:49
CallbackFormEmailModal
Array
(
    [name] => mamedov.edgar.1992.3.3@inbox.ru
    [phone] => 88666268878
    [formname] => Обратная связь
)

------------------------

------------------------
14.12.2025 23:13:48
CallbackFormEmailModal
Array
(
    [name] => k0fkq@goshop1888.shop
    [phone] => 82188697823
    [formname] => Обратная связь
)

------------------------
