
------------------------
10.08.2023 1:20:16
CallbackFormEmailModal
Array
(
    [name] => 6e1ttdp5u7yvccs@rambler.ru
    [phone] => 82541411261
    [formname] => Обратная связь
)

------------------------

------------------------
10.08.2023 4:57:43
CallbackFormEmailModal
Array
(
    [name] => vqjhobrt@mail.ru
    [phone] => +791234567918
    [formname] => Обратная связь
)

------------------------

------------------------
10.08.2023 10:10:32
CallbackFormEmailModal
Array
(
    [name] => agnessavolkova@seobomba.com
    [phone] => 85743512614
    [formname] => Обратная связь
)

------------------------

------------------------
10.08.2023 18:56:14
CallbackFormEmailModal
Array
(
    [name] => mikegikibe@gmail.com
    [phone] => 82443836545
    [formname] => Обратная связь
)

------------------------
