
------------------------
15.07.2023 1:34:53
CallbackFormEmailModal
Array
(
    [name] => sr13rpogh42q6tl@rambler.ru
    [phone] => 88961677183
    [formname] => Обратная связь
)

------------------------

------------------------
15.07.2023 4:55:14
CallbackFormEmailModal
Array
(
    [name] => vqjhobrt@mail.ru
    [phone] => +791234567273
    [formname] => Обратная связь
)

------------------------

------------------------
15.07.2023 5:27:26
CallbackFormEmailModal
Array
(
    [name] => ogyck1x5k72y2q8@rambler.ru
    [phone] => 84997423326
    [formname] => Обратная связь
)

------------------------

------------------------
15.07.2023 5:44:04
CallbackFormEmailModal
Array
(
    [name] => 5000kzaim@mail.ru
    [phone] => 85175778562
    [formname] => Обратная связь
)

------------------------

------------------------
15.07.2023 8:15:34
CallbackFormEmailModal
Array
(
    [name] => v5jxx98hu15jtl8@rambler.ru
    [phone] => 81666524347
    [formname] => Обратная связь
)

------------------------

------------------------
15.07.2023 8:31:45
CallbackFormEmailModal
Array
(
    [name] => k4w7r2neixaz2wy@rambler.ru
    [phone] => 87744355744
    [formname] => Обратная связь
)

------------------------

------------------------
15.07.2023 9:26:33
CallbackFormEmailModal
Array
(
    [name] => infos@nugamedical.pl
    [phone] => 85156129648
    [formname] => Обратная связь
)

------------------------

------------------------
15.07.2023 9:59:04
CallbackFormEmailModal
Array
(
    [name] => alfredegov@gmail.com
    [phone] => 87449163268
    [formname] => Обратная связь
)

------------------------

------------------------
15.07.2023 10:45:12
CallbackFormEmailModal
Array
(
    [name] => jtfsyq@course-fitness.com
    [phone] => 88798612512
    [formname] => Обратная связь
)

------------------------

------------------------
15.07.2023 15:07:06
CallbackFormEmailModal
Array
(
    [name] => addadadaadad@aol.com
    [phone] => 89388173762
    [formname] => Обратная связь
)

------------------------

------------------------
15.07.2023 15:28:20
CallbackFormEmailModal
Array
(
    [name] => urth5iqvoh4tvli@rambler.ru
    [phone] => 85724979767
    [formname] => Обратная связь
)

------------------------

------------------------
15.07.2023 15:31:57
CallbackFormEmailModal
Array
(
    [name] => sklab0hs91iiyl9@rambler.ru
    [phone] => 88799983327
    [formname] => Обратная связь
)

------------------------

------------------------
15.07.2023 18:14:08
CallbackFormEmailModal
Array
(
    [name] => y24iqi7mts1y70s@rambler.ru
    [phone] => 82779874322
    [formname] => Обратная связь
)

------------------------

------------------------
15.07.2023 18:43:03
CallbackFormEmailModal
Array
(
    [name] => zg34jdxy3b82a1p@rambler.ru
    [phone] => 81461447739
    [formname] => Обратная связь
)

------------------------

------------------------
15.07.2023 22:20:02
CallbackFormEmailModal
Array
(
    [name] => 1wn3ydf3hh256v2@rambler.ru
    [phone] => 81823223495
    [formname] => Обратная связь
)

------------------------
