
------------------------
27.06.2024 1:53:09
CallbackFormEmailModal
Array
(
    [name] => lolerex241@ovout.com
    [phone] => 84982237944
    [formname] => Обратная связь
)

------------------------

------------------------
27.06.2024 8:47:01
CallbackFormEmailModal
Array
(
    [name] => ki.rillchemax987@gmail.com
    [phone] => 88288239964
    [formname] => Обратная связь
)

------------------------

------------------------
27.06.2024 9:50:44
CallbackFormEmailModal
Array
(
    [name] => teudejee@mail3go.online

    [phone] => 85827896434
    [formname] => Обратная связь
)

------------------------

------------------------
27.06.2024 10:53:16
CallbackFormEmailModal
Array
(
    [name] => gjhruke2@outlook.com
    [phone] => 87346981583
    [formname] => Обратная связь
)

------------------------

------------------------
27.06.2024 12:32:17
CallbackFormEmailModal
Array
(
    [name] => alexpopov3453@gmail.com
    [phone] => 83179281116
    [formname] => Обратная связь
)

------------------------

------------------------
27.06.2024 16:20:51
CallbackFormEmailModal
Array
(
    [name] => Savannahmom1979@xru.goaglie.com
    [phone] => 83169771536
    [formname] => Обратная связь
)

------------------------

------------------------
27.06.2024 19:18:11
CallbackFormEmailModal
Array
(
    [name] => 606kr@shilingan.store
    [phone] => 89147448862
    [formname] => Обратная связь
)

------------------------

------------------------
27.06.2024 19:57:30
CallbackFormEmailModal
Array
(
    [name] => lolerex241@ovout.com
    [phone] => 82564424356
    [formname] => Обратная связь
)

------------------------
