
------------------------
01.01.2024 4:21:56
CallbackFormEmailModal
Array
(
    [name] => werso078000iu@rambler.ru
    [phone] => 81185165759
    [formname] => Обратная связь
)

------------------------

------------------------
01.01.2024 7:26:05
CallbackFormEmailModal
Array
(
    [name] => luisaxn60@kenta34.infospace.fun
    [phone] => 86452112885
    [formname] => Обратная связь
)

------------------------

------------------------
01.01.2024 17:32:12
CallbackFormEmailModal
Array
(
    [name] => froeach12@rezka.wtf
    [phone] => 85779726746
    [formname] => Обратная связь
)

------------------------

------------------------
01.01.2024 21:31:58
CallbackFormEmailModal
Array
(
    [name] => lucido.leinteract@gmail.com
    [phone] => 88261584641
    [formname] => Обратная связь
)

------------------------
