
------------------------
18.05.2022 0:08:40
CallbackFormEmailModal
Array
(
    [name] => leafley@gmail.com
    [phone] => 89031007929
    [formname] => Обратная связь
)

------------------------

------------------------
18.05.2022 3:52:26
CallbackFormEmailModal
Array
(
    [name] => shupierie@onemailtop.xyz
    [phone] => 84854641151
    [formname] => Обратная связь
)

------------------------

------------------------
18.05.2022 5:53:09
CallbackFormEmailModal
Array
(
    [name] => bjl621@yahoo.com
    [phone] => 89038613495
    [formname] => Обратная связь
)

------------------------

------------------------
18.05.2022 11:30:15
CallbackFormEmailModal
Array
(
    [name] => ywtylaj@gmail.com
    [phone] => 89039023033
    [formname] => Обратная связь
)

------------------------

------------------------
18.05.2022 14:52:23
CallbackEmailModal
Array
(
    [name] => dotajeody@mailuk.site
    [phone] => 89386439354
    [comment] => Название продуката: Щелевой канал MAXI S70 1.5мм
Комменатрий: https://newfasttadalafil.com/ - buy cialis online no prescription Huwhqd Keflex Capsule Sprinkle <a href=https://newfasttadalafil.com/>cialis viagra combo pack</a> Cykady Overseas Prescription Drugs Online Tyltoo Levitra 10 Mg Precio En Farmacia https://newfasttadalafil.com/ - Cialis
    [formname] => Задать вопрос по товару
)

------------------------

------------------------
18.05.2022 16:51:04
CallbackFormEmailModal
Array
(
    [name] => lamans626@hotmail.com
    [phone] => 89033116993
    [formname] => Обратная связь
)

------------------------

------------------------
18.05.2022 20:11:29
CallbackFormEmailModal
Array
(
    [name] => Agemard@newonlinemail.xyz
    [phone] => 86471216669
    [formname] => Обратная связь
)

------------------------

------------------------
18.05.2022 23:12:23
CallbackFormEmailModal
Array
(
    [name] => lilybeto3099@yahoo.com
    [phone] => 89035656955
    [formname] => Обратная связь
)

------------------------
