
------------------------
22.12.2024 0:57:31
CallbackFormEmailModal
Array
(
    [name] => 8880#r7andom[a..z]jrlykqrplpnimxfor@armashoping.ru
    [phone] => 86717865826
    [formname] => Обратная связь
)

------------------------

------------------------
22.12.2024 1:00:53
CallbackFormEmailModal
Array
(
    [name] => karpeciktibas19915@bk.ru
    [phone] => 83274583768
    [formname] => Обратная связь
)

------------------------

------------------------
22.12.2024 1:06:48
CallbackFormEmailModal
Array
(
    [name] => mlonanlout1985@mail.ru
    [phone] => 81214129595
    [formname] => Обратная связь
)

------------------------

------------------------
22.12.2024 1:11:52
CallbackFormEmailModal
Array
(
    [name] => pavain@gazeta.pl
    [phone] => 89753816221
    [formname] => Обратная связь
)

------------------------

------------------------
22.12.2024 1:48:11
CallbackFormEmailModal
Array
(
    [name] => pavel.sitdikov.88@mail.ru
    [phone] => 82197257474
    [formname] => Обратная связь
)

------------------------

------------------------
22.12.2024 2:30:46
CallbackFormEmailModal
Array
(
    [name] => melvin1@xrevelxr.com
    [phone] => 85188111515
    [formname] => Обратная связь
)

------------------------

------------------------
22.12.2024 2:36:19
CallbackFormEmailModal
Array
(
    [name] => goldboy1931@gmail.com
    [phone] => 89636782576
    [formname] => Обратная связь
)

------------------------

------------------------
22.12.2024 2:36:36
CallbackFormEmailModal
Array
(
    [name] => goldboy1931@gmail.com
    [phone] => 86311762467
    [formname] => Обратная связь
)

------------------------

------------------------
22.12.2024 4:24:24
CallbackFormEmailModal
Array
(
    [name] => ysgriphwoel@rudiplomust.com
    [phone] => 88712854648
    [formname] => Обратная связь
)

------------------------

------------------------
22.12.2024 7:18:08
CallbackFormEmailModal
Array
(
    [name] => get-grass-wessitte@gmail.com
    [phone] => 81867216366
    [formname] => Обратная связь
)

------------------------

------------------------
22.12.2024 8:08:53
CallbackFormEmailModal
Array
(
    [name] => wlliam1@xrevelxr.com
    [phone] => 86189744698
    [formname] => Обратная связь
)

------------------------

------------------------
22.12.2024 9:47:12
CallbackFormEmailModal
Array
(
    [name] => alexde_427@mail.ru
    [phone] => 82982481271
    [formname] => Обратная связь
)

------------------------

------------------------
22.12.2024 10:14:50
CallbackFormEmailModal
Array
(
    [name] => juipohyybel@rudiplomust.com
    [phone] => 86232252189
    [formname] => Обратная связь
)

------------------------

------------------------
22.12.2024 10:29:43
CallbackFormEmailModal
Array
(
    [name] => xurmavod@mail.ru
    [phone] => 89995162668
    [formname] => Обратная связь
)

------------------------

------------------------
22.12.2024 15:08:00
CallbackFormEmailModal
Array
(
    [name] => mtrannsw@velismail.com
    [phone] => 86522348414
    [formname] => Обратная связь
)

------------------------

------------------------
22.12.2024 15:50:47
CallbackFormEmailModal
Array
(
    [name] => quejudcatan1981@mail.ru
    [phone] => 82186582181
    [formname] => Обратная связь
)

------------------------

------------------------
22.12.2024 16:32:10
CallbackFormEmailModal
Array
(
    [name] => lpwbjrotho@rambler.ru
    [phone] => 85685476238
    [formname] => Обратная связь
)

------------------------

------------------------
22.12.2024 16:50:39
CallbackFormEmailModal
Array
(
    [name] => woodbpurne1983@mail.ru
    [phone] => 83726392889
    [formname] => Обратная связь
)

------------------------

------------------------
22.12.2024 17:15:05
CallbackFormEmailModal
Array
(
    [name] => ijidlrjfgel@rudiplomust.com
    [phone] => 89514583414
    [formname] => Обратная связь
)

------------------------

------------------------
22.12.2024 17:26:09
CallbackFormEmailModal
Array
(
    [name] => zlhnmbbesel@rudiplomust.com
    [phone] => 84948799655
    [formname] => Обратная связь
)

------------------------

------------------------
22.12.2024 18:42:22
CallbackFormEmailModal
Array
(
    [name] => 97@prostory.store
    [phone] => 89812968477
    [formname] => Обратная связь
)

------------------------

------------------------
22.12.2024 19:22:48
CallbackFormEmailModal
Array
(
    [name] => mamedov.edgar.1992.3.3@inbox.ru
    [phone] => 83651687463
    [formname] => Обратная связь
)

------------------------

------------------------
22.12.2024 19:36:06
CallbackFormEmailModal
Array
(
    [name] => dzhavgorat-tashdemirov1981@mail.ru
    [phone] => 83359762164
    [formname] => Обратная связь
)

------------------------

------------------------
22.12.2024 20:39:28
CallbackFormEmailModal
Array
(
    [name] => smintalso@gismail.online

    [phone] => 87771566774
    [formname] => Обратная связь
)

------------------------

------------------------
22.12.2024 20:48:24
CallbackFormEmailModal
Array
(
    [name] => danilovavita9@mail.ru
    [phone] => 83459718598
    [formname] => Обратная связь
)

------------------------

------------------------
22.12.2024 20:50:53
CallbackFormEmailModal
Array
(
    [name] => olesya.zhukova.1994@bk.ru
    [phone] => 83549325614
    [formname] => Обратная связь
)

------------------------

------------------------
22.12.2024 21:12:43
CallbackFormEmailModal
Array
(
    [name] => elwioweio@outlook.com
    [phone] => 82257765771
    [formname] => Обратная связь
)

------------------------

------------------------
22.12.2024 22:18:55
CallbackFormEmailModal
Array
(
    [name] => goldboy1931@gmail.com
    [phone] => 81768493943
    [formname] => Обратная связь
)

------------------------

------------------------
22.12.2024 22:54:47
CallbackFormEmailModal
Array
(
    [name] => service@prostpro.fun
    [phone] => 83922398138
    [formname] => Обратная связь
)

------------------------

------------------------
22.12.2024 22:54:52
CallbackFormEmailModal
Array
(
    [name] => service@prostpro.fun
    [phone] => 88892791371
    [formname] => Обратная связь
)

------------------------

------------------------
22.12.2024 23:40:57
CallbackFormEmailModal
Array
(
    [name] => according@prostpro.fun
    [phone] => 88271531264
    [formname] => Обратная связь
)

------------------------
