
------------------------
28.10.2023 4:35:37
CallbackFormEmailModal
Array
(
    [name] => sdass223nnick@mail.ru
    [phone] => 84972615221
    [formname] => Обратная связь
)

------------------------

------------------------
28.10.2023 5:34:57
CallbackFormEmailModal
Array
(
    [name] => szfxqokgbEa@bobbor.store
    [phone] => 89599587985
    [formname] => Обратная связь
)

------------------------

------------------------
28.10.2023 5:52:51
CallbackFormEmailModal
Array
(
    [name] => tedxdkoozEa@bobbor.store
    [phone] => 84561215591
    [formname] => Обратная связь
)

------------------------

------------------------
28.10.2023 6:30:35
CallbackFormEmailModal
Array
(
    [name] => ovehrqzujEa@bobbor.store
    [phone] => 84542726134
    [formname] => Обратная связь
)

------------------------

------------------------
28.10.2023 6:39:22
CallbackFormEmailModal
Array
(
    [name] => vqjhobrt@mail.ru
    [phone] => +791234567136
    [formname] => Обратная связь
)

------------------------

------------------------
28.10.2023 7:07:35
CallbackFormEmailModal
Array
(
    [name] => pfznjrzciEa@bobbor.store
    [phone] => 88453319213
    [formname] => Обратная связь
)

------------------------

------------------------
28.10.2023 7:18:59
CallbackFormEmailModal
Array
(
    [name] => psqezjrxkEa@bobbor.store
    [phone] => 85714755975
    [formname] => Обратная связь
)

------------------------

------------------------
28.10.2023 10:46:19
CallbackFormEmailModal
Array
(
    [name] => catherinaAlex@rhodeislandrent.com
    [phone] => 86811319399
    [formname] => Обратная связь
)

------------------------

------------------------
28.10.2023 17:04:46
CallbackFormEmailModal
Array
(
    [name] => lenagazprom@gmail.com
    [phone] => 89542825397
    [formname] => Обратная связь
)

------------------------

------------------------
28.10.2023 17:04:46
CallbackFormEmailModal
Array
(
    [name] => yourmailPealaqu@gmail.com
    [phone] => 87187345966
    [formname] => Обратная связь
)

------------------------
