
------------------------
20.01.2022 7:53:32
CallbackFormModal
Array
(
    [name] => Евгений 
    [phone] => +7(965)505-60-20
    [formname] => Заказать звонок
)

------------------------

------------------------
20.01.2022 8:20:56
CallbackFormModal
Array
(
    [name] => Евгений 
    [phone] => +7(965)505-60-20
    [formname] => Заказать звонок
)

------------------------

------------------------
20.01.2022 10:36:12
CallbackFormEmailModal
Array
(
    [name] => zarobias@muss.cis.mcmaster.ca
    [phone] => 84468227662
    [formname] => Обратная связь
)

------------------------
