
------------------------
21.07.2022 1:51:48
CallbackFormEmailModal
Array
(
    [name] => adnen.debbabi@laposte.net
    [phone] => 89030597408
    [formname] => Обратная связь
)

------------------------

------------------------
21.07.2022 5:27:44
CallbackFormEmailModal
Array
(
    [name] => rubenramos6@hotmail.com
    [phone] => 89031178961
    [formname] => Обратная связь
)

------------------------

------------------------
21.07.2022 9:42:59
CallbackFormEmailModal
Array
(
    [name] => henrymanzanares47@yahoo.com
    [phone] => 89036196350
    [formname] => Обратная связь
)

------------------------

------------------------
21.07.2022 18:11:36
CallbackFormEmailModal
Array
(
    [name] => bridgetroseperson@gmail.com
    [phone] => 89033783276
    [formname] => Обратная связь
)

------------------------

------------------------
21.07.2022 20:24:05
CallbackFormEmailModal
Array
(
    [name] => ceria47ftg6152by8@outlook.com
    [phone] => ceria47ftg6152by8@outlook.com
    [formname] => Обратная связь
)

------------------------

------------------------
21.07.2022 20:24:11
CallbackFormEmailModal
Array
(
    [name] => ceria47ftg6152by8@outlook.com
    [phone] => ceria47ftg6152by8@outlook.com
    [formname] => Обратная связь
)

------------------------

------------------------
21.07.2022 20:24:22
CallbackFormEmailModal
Array
(
    [name] => ceria47ftg6152by8@outlook.com
    [phone] => ceria47ftg6152by8@outlook.com
    [formname] => Обратная связь
)

------------------------

------------------------
21.07.2022 20:24:31
CallbackFormEmailModal
Array
(
    [name] => ceria47ftg6152by8@outlook.com
    [phone] => ceria47ftg6152by8@outlook.com
    [formname] => Обратная связь
)

------------------------

------------------------
21.07.2022 22:21:42
CallbackFormEmailModal
Array
(
    [name] => renszi1991@hotmail.com
    [phone] => 89039302912
    [formname] => Обратная связь
)

------------------------
