
------------------------
20.05.2022 0:35:38
CallbackFormEmailModal
Array
(
    [name] => satinder96@yahoo.com
    [phone] => 89034867655
    [formname] => Обратная связь
)

------------------------

------------------------
20.05.2022 5:56:05
CallbackFormEmailModal
Array
(
    [name] => rocksemma47@yahoo.com
    [phone] => 89039599991
    [formname] => Обратная связь
)

------------------------

------------------------
20.05.2022 9:30:45
CallbackFormEmailModal
Array
(
    [name] => Anisoge@supmail.xyz
    [phone] => 83971864583
    [formname] => Обратная связь
)

------------------------

------------------------
20.05.2022 10:15:55
CallbackFormEmailModal
Array
(
    [name] => jjwj9900@yahoo.com
    [phone] => 89034162515
    [formname] => Обратная связь
)

------------------------

------------------------
20.05.2022 15:48:44
CallbackFormEmailModal
Array
(
    [name] => Agemard@newonlinemail.xyz
    [phone] => 81812913455
    [formname] => Обратная связь
)

------------------------

------------------------
20.05.2022 16:37:55
CallbackFormEmailModal
Array
(
    [name] => linaduquesgd@hotmail.com
    [phone] => 89034491307
    [formname] => Обратная связь
)

------------------------

------------------------
20.05.2022 21:58:47
CallbackFormEmailModal
Array
(
    [name] => buthclan@cox.net
    [phone] => 89034886284
    [formname] => Обратная связь
)

------------------------
