
------------------------
27.06.2025 0:58:36
CallbackFormEmailModal
Array
(
    [name] => sdadasfr@gmail.com
    [phone] => 89913421317
    [formname] => Обратная связь
)

------------------------

------------------------
27.06.2025 6:26:42
CallbackFormEmailModal
Array
(
    [name] => xrumer23Kip@gmail.com
    [phone] => 83753618495
    [formname] => Обратная связь
)

------------------------

------------------------
27.06.2025 12:11:20
CallbackFormEmailModal
Array
(
    [name] => vincenttaits@mail.ru
    [phone] => 82692532391
    [formname] => Обратная связь
)

------------------------

------------------------
27.06.2025 12:52:13
CallbackFormEmailModal
Array
(
    [name] => andrey.don.x@gmail.com
    [phone] => 81266676192
    [formname] => Обратная связь
)

------------------------

------------------------
27.06.2025 20:29:30
CallbackFormEmailModal
Array
(
    [name] => kazinolain@gmail.com
    [phone] => 82766243215
    [formname] => Обратная связь
)

------------------------

------------------------
27.06.2025 23:22:39
CallbackFormEmailModal
Array
(
    [name] => j.97842.5.90@gmail.com
    [phone] => 82313986667
    [formname] => Обратная связь
)

------------------------
