
------------------------
04.08.2022 0:26:55
CallbackFormEmailModal
Array
(
    [name] => abidin886@yahoo.com
    [phone] => 89034596292
    [formname] => Обратная связь
)

------------------------

------------------------
04.08.2022 2:47:41
CallbackFormEmailModal
Array
(
    [name] => mfamousdalegacy@yahoo.com
    [phone] => 89038699969
    [formname] => Обратная связь
)

------------------------

------------------------
04.08.2022 5:08:25
CallbackFormEmailModal
Array
(
    [name] => sadbeard@nortel.com
    [phone] => 89033184416
    [formname] => Обратная связь
)

------------------------

------------------------
04.08.2022 7:47:40
CallbackFormEmailModal
Array
(
    [name] => fzhxgdgp@freelymail.com
    [phone] => 89039510691
    [formname] => Обратная связь
)

------------------------

------------------------
04.08.2022 9:47:49
CallbackFormEmailModal
Array
(
    [name] => Масим
    [phone] => +7(952)423-45-03
    [formname] => Обратная связь
)

------------------------

------------------------
04.08.2022 10:07:02
CallbackFormEmailModal
Array
(
    [name] => mjamora1@yahoo.com
    [phone] => 89038858915
    [formname] => Обратная связь
)

------------------------

------------------------
04.08.2022 12:15:22
CallbackFormModal
Array
(
    [name] => Иван
    [phone] => +7(967)775-20-01
    [formname] => Заказать звонок
)

------------------------

------------------------
04.08.2022 12:23:38
CallbackFormEmailModal
Array
(
    [name] => Eric Jones
    [phone] => 555-555-1212
    [formname] => Обратная связь
)

------------------------

------------------------
04.08.2022 12:28:49
CallbackFormEmailModal
Array
(
    [name] => cory0314@etcmail.com
    [phone] => 89036017215
    [formname] => Обратная связь
)

------------------------

------------------------
04.08.2022 14:49:37
CallbackFormEmailModal
Array
(
    [name] => eelkenny@hotmail.com
    [phone] => 89035690506
    [formname] => Обратная связь
)

------------------------

------------------------
04.08.2022 17:09:02
CallbackFormEmailModal
Array
(
    [name] => astarsunflower@yahoo.com
    [phone] => 89032435445
    [formname] => Обратная связь
)

------------------------

------------------------
04.08.2022 19:30:32
CallbackFormEmailModal
Array
(
    [name] => scholarships_22@yahoo.com
    [phone] => 89036242050
    [formname] => Обратная связь
)

------------------------

------------------------
04.08.2022 21:50:12
CallbackFormEmailModal
Array
(
    [name] => jupo74@comcast.net
    [phone] => 89032682291
    [formname] => Обратная связь
)

------------------------
