
------------------------
18.01.2025 0:22:47
CallbackFormEmailModal
Array
(
    [name] => zhedazrizn@gazeta.pl
    [phone] => 86288363268
    [formname] => Обратная связь
)

------------------------

------------------------
18.01.2025 0:32:09
CallbackFormEmailModal
Array
(
    [name] => gaxebbiqnel@rudiplomust.com
    [phone] => 87731667767
    [formname] => Обратная связь
)

------------------------

------------------------
18.01.2025 4:42:33
CallbackFormEmailModal
Array
(
    [name] => mxtgybqonSi@rudiplomust.com
    [phone] => 81996731621
    [formname] => Обратная связь
)

------------------------

------------------------
18.01.2025 4:45:27
CallbackFormEmailModal
Array
(
    [name] => cohacachi1987@op.pl
    [phone] => 83688882796
    [formname] => Обратная связь
)

------------------------

------------------------
18.01.2025 9:05:46
CallbackFormEmailModal
Array
(
    [name] => jxlrufovxKt@rudiplomust.com
    [phone] => 85595117759
    [formname] => Обратная связь
)

------------------------

------------------------
18.01.2025 9:10:40
CallbackFormEmailModal
Array
(
    [name] => jmefqisghel@rudiplomust.com
    [phone] => 84621426248
    [formname] => Обратная связь
)

------------------------

------------------------
18.01.2025 9:38:25
CallbackFormEmailModal
Array
(
    [name] => Chanda Demarest
    [phone] => Austria
    [formname] => Обратная связь
)

------------------------

------------------------
18.01.2025 10:01:21
CallbackFormEmailModal
Array
(
    [name] => moqagides18@gmail.com
    [phone] => 82763422244
    [formname] => Обратная связь
)

------------------------

------------------------
18.01.2025 12:54:06
CallbackFormEmailModal
Array
(
    [name] => one2@don-rem.ru
    [phone] => 81292955392
    [formname] => Обратная связь
)

------------------------

------------------------
18.01.2025 14:52:10
CallbackFormEmailModal
Array
(
    [name] => sergoworki.n.g718@gmail.com
    [phone] => 83526529255
    [formname] => Обратная связь
)

------------------------

------------------------
18.01.2025 15:18:33
CallbackFormEmailModal
Array
(
    [name] => tremundeslay1981@mail.ru
    [phone] => 87837155985
    [formname] => Обратная связь
)

------------------------

------------------------
18.01.2025 18:08:17
CallbackFormEmailModal
Array
(
    [name] => ovnterbefjuden6138@mail.ru
    [phone] => 84459536995
    [formname] => Обратная связь
)

------------------------

------------------------
18.01.2025 18:11:49
CallbackFormEmailModal
Array
(
    [name] => mitubefhambcomp5336@mail.ru
    [phone] => 85225299892
    [formname] => Обратная связь
)

------------------------

------------------------
18.01.2025 18:34:17
CallbackFormEmailModal
Array
(
    [name] => balpunarti1976@mail.ru
    [phone] => 86199584964
    [formname] => Обратная связь
)

------------------------

------------------------
18.01.2025 18:34:24
CallbackFormEmailModal
Array
(
    [name] => tacusol-6816@mail.ru
    [phone] => 82997441992
    [formname] => Обратная связь
)

------------------------

------------------------
18.01.2025 19:00:16
CallbackFormEmailModal
Array
(
    [name] => info@professionalseocleanup.com
    [phone] => 81953899113
    [formname] => Обратная связь
)

------------------------

------------------------
18.01.2025 19:03:46
CallbackFormEmailModal
Array
(
    [name] => smorarabte539@mail.ru
    [phone] => 82812136354
    [formname] => Обратная связь
)

------------------------

------------------------
18.01.2025 19:03:46
CallbackFormEmailModal
Array
(
    [name] => ropolkingta@mail.ru
    [phone] => 88469642192
    [formname] => Обратная связь
)

------------------------

------------------------
18.01.2025 19:03:52
CallbackFormEmailModal
Array
(
    [name] => woodbpurne1983@mail.ru
    [phone] => 83138143455
    [formname] => Обратная связь
)

------------------------

------------------------
18.01.2025 19:03:54
CallbackFormEmailModal
Array
(
    [name] => karina_platonova_31068@mail.ru
    [phone] => 82371779716
    [formname] => Обратная связь
)

------------------------

------------------------
18.01.2025 19:15:14
CallbackFormEmailModal
Array
(
    [name] => podaiclan_547@mail.ru
    [phone] => 81256317565
    [formname] => Обратная связь
)

------------------------

------------------------
18.01.2025 19:55:22
CallbackFormEmailModal
Array
(
    [name] => keakftpziel@rudiplomust.com
    [phone] => 89989278732
    [formname] => Обратная связь
)

------------------------

------------------------
18.01.2025 19:55:23
CallbackFormEmailModal
Array
(
    [name] => oufnefeczel@rudiplomust.com
    [phone] => 86566695953
    [formname] => Обратная связь
)

------------------------

------------------------
18.01.2025 21:01:00
CallbackFormEmailModal
Array
(
    [name] => sergoworki.n.g718@gmail.com
    [phone] => 82919689773
    [formname] => Обратная связь
)

------------------------

------------------------
18.01.2025 21:10:10
CallbackFormEmailModal
Array
(
    [name] => dxjolqqqgka@rudiplomust.com
    [phone] => 87482834794
    [formname] => Обратная связь
)

------------------------

------------------------
18.01.2025 21:37:34
CallbackFormEmailModal
Array
(
    [name] => aleksandrakireeva14104@mail.ru
    [phone] => 83478734177
    [formname] => Обратная связь
)

------------------------

------------------------
18.01.2025 21:58:27
CallbackFormEmailModal
Array
(
    [name] => moqagides18@gmail.com
    [phone] => 88318811622
    [formname] => Обратная связь
)

------------------------

------------------------
18.01.2025 22:03:27
CallbackFormEmailModal
Array
(
    [name] => aphyljvwsel@rudiplomust.com
    [phone] => 84963746173
    [formname] => Обратная связь
)

------------------------

------------------------
18.01.2025 23:09:16
CallbackFormEmailModal
Array
(
    [name] => marina_golubeva_39723@mail.ru
    [phone] => 89347821574
    [formname] => Обратная связь
)

------------------------

------------------------
18.01.2025 23:15:54
CallbackFormEmailModal
Array
(
    [name] => gqjmiwhvxel@rudiplomust.com
    [phone] => 85493625945
    [formname] => Обратная связь
)

------------------------

------------------------
18.01.2025 23:57:06
CallbackFormEmailModal
Array
(
    [name] => lriggs89@gmail.com
    [phone] => 82899733167
    [formname] => Обратная связь
)

------------------------
