
------------------------
02.04.2023 5:17:42
CallbackFormEmailModal
Array
(
    [name] => Tonsfuefe@adann.xyz
    [phone] => 87383876153
    [formname] => Обратная связь
)

------------------------

------------------------
02.04.2023 5:20:03
CallbackFormEmailModal
Array
(
    [name] => Tonsfuefe@adann.xyz
    [phone] => 89771211133
    [formname] => Обратная связь
)

------------------------

------------------------
02.04.2023 6:48:04
CallbackFormEmailModal
Array
(
    [name] => velthersthy@imails.site

    [phone] => 86677374936
    [formname] => Обратная связь
)

------------------------

------------------------
02.04.2023 8:01:12
CallbackFormEmailModal
Array
(
    [name] => gkeiu@course-fitness.com
    [phone] => 87628168121
    [formname] => Обратная связь
)

------------------------

------------------------
02.04.2023 8:02:54
CallbackFormEmailModal
Array
(
    [name] => Tonsfuefe@adann.xyz
    [phone] => 86945549479
    [formname] => Обратная связь
)

------------------------

------------------------
02.04.2023 10:58:51
CallbackFormEmailModal
Array
(
    [name] => lana7878w@rambler.ru
    [phone] => 87966343155
    [formname] => Обратная связь
)

------------------------

------------------------
02.04.2023 11:05:07
CallbackFormEmailModal
Array
(
    [name] => kim.adler@bk.ru
    [phone] => 83691335869
    [formname] => Обратная связь
)

------------------------

------------------------
02.04.2023 12:02:58
CallbackFormEmailModal
Array
(
    [name] => yourmail@gmail.com
    [phone] => 89927847322
    [formname] => Обратная связь
)

------------------------

------------------------
02.04.2023 15:18:49
CallbackFormEmailModal
Array
(
    [name] => ci8483vbtijl@gmail.com
    [phone] => 87954169195
    [formname] => Обратная связь
)

------------------------

------------------------
02.04.2023 16:11:53
CallbackFormEmailModal
Array
(
    [name] => garryup@pop33.site
    [phone] => 83941391787
    [formname] => Обратная связь
)

------------------------

------------------------
02.04.2023 17:48:53
CallbackFormEmailModal
Array
(
    [name] => alexpopov716253@gmail.com
    [phone] => 87326824976
    [formname] => Обратная связь
)

------------------------

------------------------
02.04.2023 18:27:14
CallbackFormEmailModal
Array
(
    [name] => weranda32@rambler.ua
    [phone] => 88459255918
    [formname] => Обратная связь
)

------------------------

------------------------
02.04.2023 23:50:54
CallbackFormEmailModal
Array
(
    [name] => indomitowot@outlook.com
    [phone] => 87143141944
    [formname] => Обратная связь
)

------------------------
