
------------------------
11.10.2024 2:10:36
CallbackFormEmailModal
Array
(
    [name] => snhjzuvcael@rudiplomust.com
    [phone] => 81726379499
    [formname] => Обратная связь
)

------------------------

------------------------
11.10.2024 2:49:28
CallbackFormEmailModal
Array
(
    [name] => ntalas6@xrevelxr.com
    [phone] => 89649627179
    [formname] => Обратная связь
)

------------------------

------------------------
11.10.2024 4:00:04
CallbackFormEmailModal
Array
(
    [name] => aadncdkvcel@rudiplomust.com
    [phone] => 88143384188
    [formname] => Обратная связь
)

------------------------

------------------------
11.10.2024 4:24:40
CallbackFormEmailModal
Array
(
    [name] => creawert@rambler.ru
    [phone] => 84771751978
    [formname] => Обратная связь
)

------------------------

------------------------
11.10.2024 6:40:57
CallbackFormEmailModal
Array
(
    [name] => manakovv@fvmaily.com
    [phone] => 86158369718
    [formname] => Обратная связь
)

------------------------

------------------------
11.10.2024 7:27:24
CallbackFormEmailModal
Array
(
    [name] => Damion Parrish
    [phone] => Austria
    [formname] => Обратная связь
)

------------------------

------------------------
11.10.2024 7:39:09
CallbackFormEmailModal
Array
(
    [name] => bzwvlnxcbel@rudiplomust.com
    [phone] => 89827769274
    [formname] => Обратная связь
)

------------------------

------------------------
11.10.2024 8:12:37
CallbackFormEmailModal
Array
(
    [name] => glm28rus@fvmaily.com
    [phone] => 89818846693
    [formname] => Обратная связь
)

------------------------

------------------------
11.10.2024 9:40:36
CallbackFormEmailModal
Array
(
    [name] => aldonasom0@gmail.com
    [phone] => 84247595838
    [formname] => Обратная связь
)

------------------------

------------------------
11.10.2024 11:53:35
CallbackFormEmailModal
Array
(
    [name] => duqotayowud23@gmail.com
    [phone] => 84311146239
    [formname] => Обратная связь
)

------------------------

------------------------
11.10.2024 15:35:54
CallbackFormEmailModal
Array
(
    [name] => ralivalo1971@op.pl
    [phone] => 86341322364
    [formname] => Обратная связь
)

------------------------

------------------------
11.10.2024 16:22:00
CallbackFormEmailModal
Array
(
    [name] => evel2010@fvmaily.com
    [phone] => 85135542427
    [formname] => Обратная связь
)

------------------------

------------------------
11.10.2024 19:14:31
CallbackFormEmailModal
Array
(
    [name] => tairanikolsckiia@yandex.com
    [phone] => 82519521123
    [formname] => Обратная связь
)

------------------------

------------------------
11.10.2024 19:37:04
CallbackFormEmailModal
Array
(
    [name] => freeizer@fvmaily.com
    [phone] => 83755427835
    [formname] => Обратная связь
)

------------------------

------------------------
11.10.2024 20:23:41
CallbackFormEmailModal
Array
(
    [name] => grfrvmuunel@rudiplomust.com
    [phone] => 88284863497
    [formname] => Обратная связь
)

------------------------

------------------------
11.10.2024 20:23:41
CallbackFormEmailModal
Array
(
    [name] => reacrdptnel@rudiplomust.com
    [phone] => 86375358817
    [formname] => Обратная связь
)

------------------------

------------------------
11.10.2024 21:16:42
CallbackFormEmailModal
Array
(
    [name] => zbhlvxunnel@rudiplomust.com
    [phone] => 86851433867
    [formname] => Обратная связь
)

------------------------

------------------------
11.10.2024 21:23:27
CallbackFormEmailModal
Array
(
    [name] => pagcfptjfel@rudiplomust.com
    [phone] => 85251256518
    [formname] => Обратная связь
)

------------------------
