
------------------------
01.10.2024 4:44:16
CallbackFormEmailModal
Array
(
    [name] => pfkcspzbq@derhosulha.shop
    [phone] => 87883733261
    [formname] => Обратная связь
)

------------------------

------------------------
01.10.2024 4:44:41
CallbackFormEmailModal
Array
(
    [name] => kxnwaufqoel@rudiplomust.com
    [phone] => 85815554529
    [formname] => Обратная связь
)

------------------------

------------------------
01.10.2024 5:38:27
CallbackFormEmailModal
Array
(
    [name] => chebakulinakarasevna@gmail.com
    [phone] => 87784917862
    [formname] => Обратная связь
)

------------------------

------------------------
01.10.2024 7:48:12
CallbackFormEmailModal
Array
(
    [name] => sheequema@posthome.space
    [phone] => 86556476513
    [formname] => Обратная связь
)

------------------------

------------------------
01.10.2024 9:04:07
CallbackFormEmailModal
Array
(
    [name] => diwipdorbka@rudiplomust.com
    [phone] => 81595135669
    [formname] => Обратная связь
)

------------------------

------------------------
01.10.2024 9:04:07
CallbackFormEmailModal
Array
(
    [name] => vxvvdkizpel@rudiplomust.com
    [phone] => 86441558831
    [formname] => Обратная связь
)

------------------------

------------------------
01.10.2024 13:06:13
CallbackFormEmailModal
Array
(
    [name] => kayleighbpsteamship@gmail.com
    [phone] => 83241316988
    [formname] => Обратная связь
)

------------------------

------------------------
01.10.2024 13:07:51
CallbackFormEmailModal
Array
(
    [name] => pe.r.sai.t.ov.20@gmail.com:pop.gmail.com
    [phone] => 83125245833
    [formname] => Обратная связь
)

------------------------

------------------------
01.10.2024 13:40:34
CallbackFormEmailModal
Array
(
    [name] => aq64aqa@rambler.ru
    [phone] => 81649279611
    [formname] => Обратная связь
)

------------------------

------------------------
01.10.2024 16:39:58
CallbackFormEmailModal
Array
(
    [name] => iunskiygipertonik@gmail.com
    [phone] => 84493881382
    [formname] => Обратная связь
)

------------------------

------------------------
01.10.2024 16:56:11
CallbackFormEmailModal
Array
(
    [name] => nemapasyuk@gazeta.pl
    [phone] => 85734319963
    [formname] => Обратная связь
)

------------------------

------------------------
01.10.2024 17:49:42
CallbackFormEmailModal
Array
(
    [name] => markus1@xrevelxr.com
    [phone] => 86352592138
    [formname] => Обратная связь
)

------------------------

------------------------
01.10.2024 19:02:20
CallbackFormEmailModal
Array
(
    [name] => citaresi@gismail.online

    [phone] => 82498666422
    [formname] => Обратная связь
)

------------------------

------------------------
01.10.2024 23:18:12
CallbackFormEmailModal
Array
(
    [name] => puwtiwworel@rudiplomust.com
    [phone] => 89228596389
    [formname] => Обратная связь
)

------------------------

------------------------
01.10.2024 23:19:54
CallbackFormEmailModal
Array
(
    [name] => ojspjyqfqel@rudiplomust.com
    [phone] => 82423648138
    [formname] => Обратная связь
)

------------------------
