
------------------------
30.10.2024 1:39:55
CallbackFormEmailModal
Array
(
    [name] => ixutikob077@gmail.com
    [phone] => 88855924678
    [formname] => Обратная связь
)

------------------------

------------------------
30.10.2024 4:34:23
CallbackFormEmailModal
Array
(
    [name] => chunpaoho@outlook.com
    [phone] => 88276425146
    [formname] => Обратная связь
)

------------------------

------------------------
30.10.2024 7:38:11
CallbackFormEmailModal
Array
(
    [name] => lozucdati1987@op.pl
    [phone] => 89925889336
    [formname] => Обратная связь
)

------------------------

------------------------
30.10.2024 11:02:08
CallbackFormEmailModal
Array
(
    [name] => axobajigufo34@gmail.com
    [phone] => 86741393398
    [formname] => Обратная связь
)

------------------------

------------------------
30.10.2024 11:13:17
CallbackFormEmailModal
Array
(
    [name] => 124ma3il2@gmail.com
    [phone] => 83624746659
    [formname] => Обратная связь
)

------------------------

------------------------
30.10.2024 12:25:42
CallbackFormEmailModal
Array
(
    [name] => urbmocyvyooz7m4@tempmail.us.com
    [phone] => 81229166257
    [formname] => Обратная связь
)

------------------------

------------------------
30.10.2024 14:28:24
CallbackFormEmailModal
Array
(
    [name] => rutimnibi1973@op.pl
    [phone] => 88267744352
    [formname] => Обратная связь
)

------------------------

------------------------
30.10.2024 14:29:44
CallbackFormEmailModal
Array
(
    [name] => pavain@gazeta.pl
    [phone] => 86292439149
    [formname] => Обратная связь
)

------------------------

------------------------
30.10.2024 23:18:46
CallbackFormEmailModal
Array
(
    [name] => margarita.shpulka@yandex.ru
    [phone] => 9228680954
    [formname] => Обратная связь
)

------------------------

------------------------
30.10.2024 23:25:45
CallbackFormEmailModal
Array
(
    [name] => mariij77701@gmail.com
    [phone] => 86978626677
    [formname] => Обратная связь
)

------------------------

------------------------
30.10.2024 23:58:03
CallbackFormEmailModal
Array
(
    [name] => kerosventkel1972@op.pl
    [phone] => 84274349921
    [formname] => Обратная связь
)

------------------------
