
------------------------
20.07.2025 0:15:49
CallbackFormEmailModal
Array
(
    [name] => marygriffith1927@salpingomyu.ru
    [phone] => 7495123456789
    [formname] => Обратная связь
)

------------------------

------------------------
20.07.2025 6:05:15
CallbackFormEmailModal
Array
(
    [name] => giampierimario@web.de
    [phone] => 81652792527
    [formname] => Обратная связь
)

------------------------

------------------------
20.07.2025 8:30:49
CallbackFormEmailModal
Array
(
    [name] => torges@fruitslotmachines.cfd
    [phone] => 89325745193
    [formname] => Обратная связь
)

------------------------

------------------------
20.07.2025 11:11:06
CallbackFormEmailModal
Array
(
    [name] => yandexmarkets@anonmails.de
    [phone] => 85759444278
    [formname] => Обратная связь
)

------------------------

------------------------
20.07.2025 17:03:09
CallbackFormEmailModal
Array
(
    [name] => sashunya.sergeev.2022@list.ru
    [phone] => 82195459325
    [formname] => Обратная связь
)

------------------------

------------------------
20.07.2025 18:24:17
CallbackFormEmailModal
Array
(
    [name] => pestovafivr1985@mail.ru
    [phone] => 81617195617
    [formname] => Обратная связь
)

------------------------

------------------------
20.07.2025 18:55:48
CallbackFormEmailModal
Array
(
    [name] => dzhavgorat-tashdemirov1981@mail.ru
    [phone] => 84499441936
    [formname] => Обратная связь
)

------------------------

------------------------
20.07.2025 18:56:24
CallbackFormEmailModal
Array
(
    [name] => taelivihohtoca@mail.ru
    [phone] => 89721914775
    [formname] => Обратная связь
)

------------------------

------------------------
20.07.2025 19:08:11
CallbackFormEmailModal
Array
(
    [name] => kskoxim@inbox.ru
    [phone] => 87883921838
    [formname] => Обратная связь
)

------------------------

------------------------
20.07.2025 19:18:56
CallbackFormEmailModal
Array
(
    [name] => yourmail@gmail.com
    [phone] => 87294189857
    [formname] => Обратная связь
)

------------------------

------------------------
20.07.2025 19:21:20
CallbackFormEmailModal
Array
(
    [name] => higbiosepo1986@mail.ru
    [phone] => 81397785411
    [formname] => Обратная связь
)

------------------------

------------------------
20.07.2025 19:47:46
CallbackFormEmailModal
Array
(
    [name] => orlov.roman.1988.2.11@list.ru
    [phone] => 89412546749
    [formname] => Обратная связь
)

------------------------

------------------------
20.07.2025 20:01:26
CallbackFormEmailModal
Array
(
    [name] => pencucon_97@mail.ru
    [phone] => 81967328213
    [formname] => Обратная связь
)

------------------------

------------------------
20.07.2025 20:36:53
CallbackFormEmailModal
Array
(
    [name] => prosavmobi1981@mail.ru
    [phone] => 87458941728
    [formname] => Обратная связь
)

------------------------

------------------------
20.07.2025 20:42:49
CallbackFormEmailModal
Array
(
    [name] => lashawndaqkpuc@mail.ru
    [phone] => 82458678699
    [formname] => Обратная связь
)

------------------------

------------------------
20.07.2025 21:50:54
CallbackFormEmailModal
Array
(
    [name] => parmazanov@gmail.com
    [phone] => 86827344396
    [formname] => Обратная связь
)

------------------------

------------------------
20.07.2025 22:56:39
CallbackFormEmailModal
Array
(
    [name] => sitebig.c.hoice@gmail.com
    [phone] => 81924853113
    [formname] => Обратная связь
)

------------------------
