
------------------------
28.06.2022 0:24:03
CallbackFormEmailModal
Array
(
    [name] => i.t.er.-.d.es.ig.n.-co.m-555@gmail.com

    [phone] => 88714493944
    [formname] => Обратная связь
)

------------------------

------------------------
28.06.2022 1:51:11
CallbackFormEmailModal
Array
(
    [name] => somatoshop@gmail.com
    [phone] => 82685247575
    [formname] => Обратная связь
)

------------------------

------------------------
28.06.2022 2:24:06
CallbackFormEmailModal
Array
(
    [name] => JORGERAM2005@GMAIL.COM
    [phone] => 89031376763
    [formname] => Обратная связь
)

------------------------

------------------------
28.06.2022 4:08:57
CallbackFormEmailModal
Array
(
    [name] => somatoshop@gmail.com
    [phone] => 81784919212
    [formname] => Обратная связь
)

------------------------

------------------------
28.06.2022 10:03:15
CallbackFormEmailModal
Array
(
    [name] => somatoshop@gmail.com
    [phone] => 87388794632
    [formname] => Обратная связь
)

------------------------

------------------------
28.06.2022 11:10:43
CallbackFormEmailModal
Array
(
    [name] => somatoshop@gmail.com
    [phone] => 84653614485
    [formname] => Обратная связь
)

------------------------

------------------------
28.06.2022 13:41:50
CallbackFormEmailModal
Array
(
    [name] => somatoshop@gmail.com
    [phone] => 85138626838
    [formname] => Обратная связь
)

------------------------

------------------------
28.06.2022 13:42:40
CallbackFormEmailModal
Array
(
    [name] => somatoshop@gmail.com
    [phone] => 86168772539
    [formname] => Обратная связь
)

------------------------

------------------------
28.06.2022 14:23:04
CallbackFormEmailModal
Array
(
    [name] => vpollard@tampabay.rr.com
    [phone] => 89031147690
    [formname] => Обратная связь
)

------------------------

------------------------
28.06.2022 16:55:43
CallbackFormEmailModal
Array
(
    [name] => somatoshop@gmail.com
    [phone] => 89714965944
    [formname] => Обратная связь
)

------------------------

------------------------
28.06.2022 17:21:58
CallbackFormEmailModal
Array
(
    [name] => veronicalopez0067@yahoo.com
    [phone] => 89039463771
    [formname] => Обратная связь
)

------------------------

------------------------
28.06.2022 20:16:14
CallbackFormEmailModal
Array
(
    [name] => ranagirl82@yahoo.com
    [phone] => 89036817114
    [formname] => Обратная связь
)

------------------------

------------------------
28.06.2022 23:12:58
CallbackFormEmailModal
Array
(
    [name] => debrahgee@yahoo.com
    [phone] => 89030324105
    [formname] => Обратная связь
)

------------------------
