
------------------------
03.09.2024 0:08:28
CallbackFormEmailModal
Array
(
    [name] => leonard@xrevelxr.com
    [phone] => 86874495337
    [formname] => Обратная связь
)

------------------------

------------------------
03.09.2024 1:43:15
CallbackFormEmailModal
Array
(
    [name] => mikesice@gmail.com
    [phone] => 84873268174
    [formname] => Обратная связь
)

------------------------

------------------------
03.09.2024 1:51:13
CallbackFormEmailModal
Array
(
    [name] => murt4r@yandex.com
    [phone] => 88288458199
    [formname] => Обратная связь
)

------------------------

------------------------
03.09.2024 3:43:07
CallbackFormEmailModal
Array
(
    [name] => alfredo2@xrevelxr.com
    [phone] => 85823188388
    [formname] => Обратная связь
)

------------------------

------------------------
03.09.2024 6:30:20
CallbackFormEmailModal
Array
(
    [name] => master777@donetsk365.ru
    [phone] => 84478658966
    [formname] => Обратная связь
)

------------------------

------------------------
03.09.2024 7:29:31
CallbackFormEmailModal
Array
(
    [name] => hc4pvmol@freewmail.com
    [phone] => 86767927929
    [formname] => Обратная связь
)

------------------------

------------------------
03.09.2024 12:20:00
CallbackFormEmailModal
Array
(
    [name] => celafa7475@inpsur.com
    [phone] => 88944898747
    [formname] => Обратная связь
)

------------------------

------------------------
03.09.2024 13:47:31
CallbackFormEmailModal
Array
(
    [name] => nibhenarkuns1976@op.pl
    [phone] => 85766655525
    [formname] => Обратная связь
)

------------------------

------------------------
03.09.2024 17:22:28
CallbackFormEmailModal
Array
(
    [name] => aq31aqa@rambler.ru
    [phone] => 82974325994
    [formname] => Обратная связь
)

------------------------

------------------------
03.09.2024 19:41:13
CallbackFormEmailModal
Array
(
    [name] => peterAlburnern@gmail.com
    [phone] => 82525347583
    [formname] => Обратная связь
)

------------------------

------------------------
03.09.2024 20:48:57
CallbackFormEmailModal
Array
(
    [name] => velistda@gismail.online

    [phone] => 85773968828
    [formname] => Обратная связь
)

------------------------
