
------------------------
14.09.2023 4:53:59
CallbackFormEmailModal
Array
(
    [name] => lerunya-danelyuk@yandex.ru
    [phone] => 88596778181
    [formname] => Обратная связь
)

------------------------

------------------------
14.09.2023 5:25:52
CallbackFormEmailModal
Array
(
    [name] => renen5p@outlook.com
    [phone] => 86262151269
    [formname] => Обратная связь
)

------------------------

------------------------
14.09.2023 7:30:19
CallbackFormEmailModal
Array
(
    [name] => g034xg5qr9svkm6@rambler.ru
    [phone] => 87797913197
    [formname] => Обратная связь
)

------------------------

------------------------
14.09.2023 12:34:02
CallbackFormEmailModal
Array
(
    [name] => lemlenubia1993@outlook.com
    [phone] => 89237911268
    [formname] => Обратная связь
)

------------------------
