
------------------------
02.08.2025 3:44:41
CallbackFormEmailModal
Array
(
    [name] => winsatall4ever@gmail.com
    [phone] => 85892748827
    [formname] => Обратная связь
)

------------------------

------------------------
02.08.2025 9:49:22
CallbackFormEmailModal
Array
(
    [name] => mark.moshchenskiy.90@mail.ru
    [phone] => 85265714981
    [formname] => Обратная связь
)

------------------------

------------------------
02.08.2025 10:54:31
CallbackFormEmailModal
Array
(
    [name] => fgrggfg@gmail.ru
    [phone] => 88534264748
    [formname] => Обратная связь
)

------------------------

------------------------
02.08.2025 11:21:29
CallbackFormEmailModal
Array
(
    [name] => filatovlenian4023@mail.ru
    [phone] => 83141256345
    [formname] => Обратная связь
)

------------------------

------------------------
02.08.2025 11:21:29
CallbackFormEmailModal
Array
(
    [name] => osipova.liliia.1986.22.12@inbox.ru
    [phone] => 81123214659
    [formname] => Обратная связь
)

------------------------

------------------------
02.08.2025 12:55:36
CallbackFormEmailModal
Array
(
    [name] => kyutalepya@web.de
    [phone] => 85742395866
    [formname] => Обратная связь
)

------------------------

------------------------
02.08.2025 13:48:45
CallbackFormEmailModal
Array
(
    [name] => pzcsxurs@tubermail.com
    [phone] => 89927612778
    [formname] => Обратная связь
)

------------------------

------------------------
02.08.2025 16:47:55
CallbackFormEmailModal
Array
(
    [name] => sdasddsdsdsdsds@gmail.com
    [phone] => 87927425351
    [formname] => Обратная связь
)

------------------------

------------------------
02.08.2025 17:41:09
CallbackFormEmailModal
Array
(
    [name] => irinademenkova86@gmail.com
    [phone] => 81938787296
    [formname] => Обратная связь
)

------------------------

------------------------
02.08.2025 17:45:08
CallbackFormEmailModal
Array
(
    [name] => admin@progonx.fun
    [phone] => 86227636432
    [formname] => Обратная связь
)

------------------------

------------------------
02.08.2025 17:46:10
CallbackFormEmailModal
Array
(
    [name] => yourmail@gmail.com
    [phone] => 87641147245
    [formname] => Обратная связь
)

------------------------
