
------------------------
05.07.2023 3:14:00
CallbackFormEmailModal
Array
(
    [name] => mindcontrol21@outlook.com
    [phone] => 83726535389
    [formname] => Обратная связь
)

------------------------

------------------------
05.07.2023 14:37:06
CallbackFormEmailModal
Array
(
    [name] => hajmgtthsEa@bobbor.store
    [phone] => 85631258968
    [formname] => Обратная связь
)

------------------------

------------------------
05.07.2023 17:00:09
CallbackFormEmailModal
Array
(
    [name] => mikeKitGrishitty@gmail.com
    [phone] => 88411997668
    [formname] => Обратная связь
)

------------------------

------------------------
05.07.2023 20:07:54
CallbackFormEmailModal
Array
(
    [name] => Eric Jones
    [phone] => 555-555-1212
    [formname] => Обратная связь
)

------------------------
