
------------------------
09.07.2025 5:17:52
CallbackFormEmailModal
Array
(
    [name] => hfhfhfsdffg656@gmail.com
    [phone] => 82832424888
    [formname] => Обратная связь
)

------------------------

------------------------
09.07.2025 7:17:58
CallbackFormEmailModal
Array
(
    [name] => puywsvh404@gmx.com
    [phone] => 87765573513
    [formname] => Обратная связь
)

------------------------

------------------------
09.07.2025 11:34:36
CallbackFormEmailModal
Array
(
    [name] => podaiclan_547@mail.ru
    [phone] => 86358765454
    [formname] => Обратная связь
)

------------------------

------------------------
09.07.2025 12:04:11
CallbackFormEmailModal
Array
(
    [name] => natulya.fedosova.96@mail.ru
    [phone] => 81457621249
    [formname] => Обратная связь
)

------------------------

------------------------
09.07.2025 12:11:15
CallbackFormEmailModal
Array
(
    [name] => blinovazinonna1983@mail.ru
    [phone] => 82491689258
    [formname] => Обратная связь
)

------------------------

------------------------
09.07.2025 12:51:29
CallbackFormEmailModal
Array
(
    [name] => yulya.onipchenko.88@mail.ru
    [phone] => 89515569224
    [formname] => Обратная связь
)

------------------------

------------------------
09.07.2025 13:09:00
CallbackFormEmailModal
Array
(
    [name] => mlonanlout1985@mail.ru
    [phone] => 89962926614
    [formname] => Обратная связь
)

------------------------

------------------------
09.07.2025 13:13:39
CallbackFormEmailModal
Array
(
    [name] => zuyev-vadik@bk.ru
    [phone] => 88526814568
    [formname] => Обратная связь
)

------------------------

------------------------
09.07.2025 14:29:08
CallbackFormEmailModal
Array
(
    [name] => dzhavgorat-tashdemirov1981@mail.ru
    [phone] => 82644558541
    [formname] => Обратная связь
)

------------------------

------------------------
09.07.2025 16:13:01
CallbackFormEmailModal
Array
(
    [name] => mickeycaf@bk.ru:50xa5mmm4
    [phone] => 84683627493
    [formname] => Обратная связь
)

------------------------

------------------------
09.07.2025 18:38:19
CallbackFormEmailModal
Array
(
    [name] => tacusol-6816@mail.ru
    [phone] => 86639717817
    [formname] => Обратная связь
)

------------------------

------------------------
09.07.2025 18:59:16
CallbackFormEmailModal
Array
(
    [name] => musaev.misha.1982.3.5@list.ru
    [phone] => 85679966399
    [formname] => Обратная связь
)

------------------------

------------------------
09.07.2025 19:17:46
CallbackFormEmailModal
Array
(
    [name] => dorofeyavinogradova199056@mail.ru
    [phone] => 85882837376
    [formname] => Обратная связь
)

------------------------

------------------------
09.07.2025 19:48:58
CallbackFormEmailModal
Array
(
    [name] => orlov.roman.1988.2.11@list.ru
    [phone] => 82165539621
    [formname] => Обратная связь
)

------------------------

------------------------
09.07.2025 19:50:23
CallbackFormEmailModal
Array
(
    [name] => filatovlenian4023@mail.ru
    [phone] => 83319217131
    [formname] => Обратная связь
)

------------------------

------------------------
09.07.2025 19:56:11
CallbackFormEmailModal
Array
(
    [name] => profconbu_64@mail.ru
    [phone] => 82535157664
    [formname] => Обратная связь
)

------------------------

------------------------
09.07.2025 20:09:20
CallbackFormEmailModal
Array
(
    [name] => higbiosepo1986@mail.ru
    [phone] => 88189113851
    [formname] => Обратная связь
)

------------------------

------------------------
09.07.2025 22:03:17
CallbackFormEmailModal
Array
(
    [name] => admin@progonx.fun
    [phone] => 82677386424
    [formname] => Обратная связь
)

------------------------

------------------------
09.07.2025 23:26:11
CallbackFormEmailModal
Array
(
    [name] => winsatall4ever@gmail.com
    [phone] => 89559862167
    [formname] => Обратная связь
)

------------------------

------------------------
09.07.2025 23:38:43
CallbackFormEmailModal
Array
(
    [name] => stevenKeymn@mail.ru
    [phone] => 89843986184
    [formname] => Обратная связь
)

------------------------
