
------------------------
01.08.2025 0:06:41
CallbackFormEmailModal
Array
(
    [name] => w.oo.d.ford.j.ames.on.4.@gmail.com
    [phone] => 83869534444
    [formname] => Обратная связь
)

------------------------

------------------------
01.08.2025 3:09:42
CallbackFormEmailModal
Array
(
    [name] => li.l.inds.e.y.4.1.1@gmail.com
    [phone] => 86712683162
    [formname] => Обратная связь
)

------------------------

------------------------
01.08.2025 7:16:42
CallbackFormEmailModal
Array
(
    [name] => yaroslav.sevastyanov.1988@mail.ru
    [phone] => 82625424595
    [formname] => Обратная связь
)

------------------------

------------------------
01.08.2025 7:18:25
CallbackFormEmailModal
Array
(
    [name] => ogale89@mail.ru
    [phone] => 85543115855
    [formname] => Обратная связь
)

------------------------

------------------------
01.08.2025 7:45:21
CallbackFormEmailModal
Array
(
    [name] => dorofeyavinogradova199056@mail.ru
    [phone] => 81764647813
    [formname] => Обратная связь
)

------------------------

------------------------
01.08.2025 8:26:19
CallbackFormEmailModal
Array
(
    [name] => amabil.6002@mail.ru
    [phone] => 88616553185
    [formname] => Обратная связь
)

------------------------

------------------------
01.08.2025 8:31:05
CallbackFormEmailModal
Array
(
    [name] => combontsegal37@mail.ru
    [phone] => 82333684693
    [formname] => Обратная связь
)

------------------------

------------------------
01.08.2025 8:33:36
CallbackFormEmailModal
Array
(
    [name] => delorisclayborne1969@salpingomyu.ru
    [phone] => 86772664559
    [formname] => Обратная связь
)

------------------------

------------------------
01.08.2025 8:38:12
CallbackFormEmailModal
Array
(
    [name] => yourmail@gmail.com
    [phone] => 85212327796
    [formname] => Обратная связь
)

------------------------

------------------------
01.08.2025 8:44:03
CallbackFormEmailModal
Array
(
    [name] => erangifest1980@mail.ru
    [phone] => 86272379627
    [formname] => Обратная связь
)

------------------------

------------------------
01.08.2025 8:51:01
CallbackFormEmailModal
Array
(
    [name] => secberconla1986@mail.ru
    [phone] => 89266184223
    [formname] => Обратная связь
)

------------------------

------------------------
01.08.2025 8:58:35
CallbackFormEmailModal
Array
(
    [name] => antonebuttram62+sex.forex@gmail.com
    [phone] => 82258629268
    [formname] => Обратная связь
)

------------------------

------------------------
01.08.2025 9:45:29
CallbackFormEmailModal
Array
(
    [name] => stapuntril1990@mail.ru
    [phone] => 88159262175
    [formname] => Обратная связь
)

------------------------

------------------------
01.08.2025 9:48:17
CallbackFormEmailModal
Array
(
    [name] => anya.genger@mail.ru
    [phone] => 88776575465
    [formname] => Обратная связь
)

------------------------

------------------------
01.08.2025 12:29:46
CallbackFormEmailModal
Array
(
    [name] => jasonmacfarlane1976@palaeofml.com
    [phone] => 71231234567
    [formname] => Обратная связь
)

------------------------

------------------------
01.08.2025 15:13:14
CallbackFormEmailModal
Array
(
    [name] => andrey.don.x@gmail.com
    [phone] => 87439342282
    [formname] => Обратная связь
)

------------------------

------------------------
01.08.2025 16:34:29
CallbackFormEmailModal
Array
(
    [name] => internetchelyabRormail3@gmail.com
    [phone] => 86371668513
    [formname] => Обратная связь
)

------------------------

------------------------
01.08.2025 18:16:31
CallbackFormEmailModal
Array
(
    [name] => xflkgkwhp@hoopsori.shop
    [phone] => 85556743565
    [formname] => Обратная связь
)

------------------------

------------------------
01.08.2025 21:42:30
CallbackFormEmailModal
Array
(
    [name] => urbmocyvyooz7m4@tempmail.us.com
    [phone] => 81999954634
    [formname] => Обратная связь
)

------------------------
