
------------------------
12.04.2024 4:34:17
CallbackFormEmailModal
Array
(
    [name] => luethemdisc@mail3go.online

    [phone] => 84198168761
    [formname] => Обратная связь
)

------------------------

------------------------
12.04.2024 5:20:43
CallbackFormEmailModal
Array
(
    [name] => 30639773@seo-ul.store
    [phone] => 87928975443
    [formname] => Обратная связь
)

------------------------

------------------------
12.04.2024 5:27:28
CallbackFormEmailModal
Array
(
    [name] => enicov@mailcos.site

    [phone] => 82162178894
    [formname] => Обратная связь
)

------------------------

------------------------
12.04.2024 10:02:56
CallbackFormEmailModal
Array
(
    [name] => blosagos@mail3go.online

    [phone] => 88312277234
    [formname] => Обратная связь
)

------------------------

------------------------
12.04.2024 14:45:39
CallbackFormEmailModal
Array
(
    [name] => serg123123aaa@gmail.com
    [phone] => 87271178645
    [formname] => Обратная связь
)

------------------------

------------------------
12.04.2024 15:11:48
CallbackFormEmailModal
Array
(
    [name] => maltmovl@yandex.ru
    [phone] => 86349785297
    [formname] => Обратная связь
)

------------------------

------------------------
12.04.2024 15:22:09
CallbackFormEmailModal
Array
(
    [name] => lucido.leinteract@gmail.com
    [phone] => 84976734327
    [formname] => Обратная связь
)

------------------------

------------------------
12.04.2024 16:03:40
CallbackFormEmailModal
Array
(
    [name] => qefegdzhvvafazsw@onet.pl
    [phone] => 89575326881
    [formname] => Обратная связь
)

------------------------

------------------------
12.04.2024 17:19:46
CallbackFormEmailModal
Array
(
    [name] => alexpopov716253@gmail.com
    [phone] => 82356696711
    [formname] => Обратная связь
)

------------------------

------------------------
12.04.2024 18:27:41
CallbackFormEmailModal
Array
(
    [name] => octo@popunderinfo.com
    [phone] => 83389892756
    [formname] => Обратная связь
)

------------------------

------------------------
12.04.2024 18:48:00
CallbackFormEmailModal
Array
(
    [name] => jvmjvwbyfhxdfduz@onet.pl
    [phone] => 83369299119
    [formname] => Обратная связь
)

------------------------

------------------------
12.04.2024 19:08:16
CallbackFormEmailModal
Array
(
    [name] => borisgendelman22@outlook.com
    [phone] => 85315357452
    [formname] => Обратная связь
)

------------------------

------------------------
12.04.2024 22:12:13
CallbackFormEmailModal
Array
(
    [name] => paul51taylor@rambler.ru
    [phone] => 87162666742
    [formname] => Обратная связь
)

------------------------

------------------------
12.04.2024 22:13:11
CallbackFormEmailModal
Array
(
    [name] => lfqyrwjs@yourmailz.com
    [phone] => 87737623885
    [formname] => Обратная связь
)

------------------------
