
------------------------
31.12.2023 0:19:15
CallbackFormEmailModal
Array
(
    [name] => thomas96robinson55as@rambler.ru
    [phone] => 83629573576
    [formname] => Обратная связь
)

------------------------

------------------------
31.12.2023 2:36:36
CallbackFormEmailModal
Array
(
    [name] => modoloanfb@zeomconsultant.services
    [phone] => 81746194943
    [formname] => Обратная связь
)

------------------------

------------------------
31.12.2023 7:39:13
CallbackFormEmailModal
Array
(
    [name] => shanell.gutman@hotmail.com
    [phone] => 87398371154
    [formname] => Обратная связь
)

------------------------

------------------------
31.12.2023 12:25:03
CallbackFormEmailModal
Array
(
    [name] => nyarwjludPr@lu17.ru
    [phone] => 84493895211
    [formname] => Обратная связь
)

------------------------

------------------------
31.12.2023 17:56:53
CallbackFormEmailModal
Array
(
    [name] => arlaetchison76@hotmail.com
    [phone] => 82237521781
    [formname] => Обратная связь
)

------------------------

------------------------
31.12.2023 18:49:13
CallbackFormEmailModal
Array
(
    [name] => ultimate-hardwaren-appy@gmail.com
    [phone] => 89579445169
    [formname] => Обратная связь
)

------------------------
