
------------------------
22.09.2024 0:24:46
CallbackFormEmailModal
Array
(
    [name] => aimdrmffsel@rudiplomust.com
    [phone] => 88143136431
    [formname] => Обратная связь
)

------------------------

------------------------
22.09.2024 1:22:04
CallbackFormEmailModal
Array
(
    [name] => megaboommegaboom@yandex.com
    [phone] => 87225684478
    [formname] => Обратная связь
)

------------------------

------------------------
22.09.2024 2:46:18
CallbackFormEmailModal
Array
(
    [name] => adwototxnel@rudiplomust.com
    [phone] => 81471535257
    [formname] => Обратная связь
)

------------------------

------------------------
22.09.2024 3:08:14
CallbackFormEmailModal
Array
(
    [name] => knmqhufxvel@rudiplomust.com
    [phone] => 85377954335
    [formname] => Обратная связь
)

------------------------

------------------------
22.09.2024 3:35:51
CallbackFormEmailModal
Array
(
    [name] => kingnaldi@gismail.online

    [phone] => 87823178378
    [formname] => Обратная связь
)

------------------------

------------------------
22.09.2024 3:48:27
CallbackFormEmailModal
Array
(
    [name] => werso05kiu@rambler.ru
    [phone] => 83641574693
    [formname] => Обратная связь
)

------------------------

------------------------
22.09.2024 3:58:36
CallbackFormEmailModal
Array
(
    [name] => bbylosxzuel@rudiplomust.com
    [phone] => 84567239124
    [formname] => Обратная связь
)

------------------------

------------------------
22.09.2024 5:16:15
CallbackFormEmailModal
Array
(
    [name] => erzrafffoel@rudiplomust.com
    [phone] => 82533111136
    [formname] => Обратная связь
)

------------------------

------------------------
22.09.2024 6:28:12
CallbackFormEmailModal
Array
(
    [name] => drusie@muscle-building.club
    [phone] => 81391789139
    [formname] => Обратная связь
)

------------------------

------------------------
22.09.2024 6:29:09
CallbackFormEmailModal
Array
(
    [name] => winsatall4ever@gmail.com
    [phone] => 81537681514
    [formname] => Обратная связь
)

------------------------

------------------------
22.09.2024 6:35:05
CallbackFormEmailModal
Array
(
    [name] => c.heb.a.kulina.k.a.ra.s.e.v.na@gmail.com
    [phone] => 89789531139
    [formname] => Обратная связь
)

------------------------

------------------------
22.09.2024 9:59:07
CallbackFormEmailModal
Array
(
    [name] => werso05kiu@rambler.ru
    [phone] => 82133221232
    [formname] => Обратная связь
)

------------------------

------------------------
22.09.2024 10:36:11
CallbackFormEmailModal
Array
(
    [name] => anbjazrtva@rambler.ru
    [phone] => +71231234567
    [formname] => Обратная связь
)

------------------------

------------------------
22.09.2024 10:52:56
CallbackFormEmailModal
Array
(
    [name] => larg@largeheart.ru
    [phone] => 86886798187
    [formname] => Обратная связь
)

------------------------

------------------------
22.09.2024 11:51:58
CallbackFormEmailModal
Array
(
    [name] => okpdfxmiai@rambler.ru
    [phone] => +71231234567
    [formname] => Обратная связь
)

------------------------

------------------------
22.09.2024 13:39:34
CallbackFormEmailModal
Array
(
    [name] => werso05kiu@rambler.ru
    [phone] => 81555327352
    [formname] => Обратная связь
)

------------------------

------------------------
22.09.2024 13:56:23
CallbackFormEmailModal
Array
(
    [name] => shaddka77@outlook.com
    [phone] => 84812914893
    [formname] => Обратная связь
)

------------------------

------------------------
22.09.2024 15:37:59
CallbackFormEmailModal
Array
(
    [name] => unfvibxrlel@rudiplomust.com
    [phone] => 83897821957
    [formname] => Обратная связь
)

------------------------

------------------------
22.09.2024 16:48:14
CallbackFormEmailModal
Array
(
    [name] => sjqndphnsel@rudiplomust.com
    [phone] => 84298214913
    [formname] => Обратная связь
)

------------------------

------------------------
22.09.2024 22:39:53
CallbackFormEmailModal
Array
(
    [name] => nnvbzfepeel@rudiplomust.com
    [phone] => 82871227524
    [formname] => Обратная связь
)

------------------------

------------------------
22.09.2024 23:18:10
CallbackFormEmailModal
Array
(
    [name] => jyxz73@prostaya-uborka1.ru
    [phone] => 85418794373
    [formname] => Обратная связь
)

------------------------

------------------------
22.09.2024 23:41:48
CallbackFormEmailModal
Array
(
    [name] => hlyjxxzpuel@rudiplomust.com
    [phone] => 84566162256
    [formname] => Обратная связь
)

------------------------
