
------------------------
26.11.2024 1:33:40
CallbackFormEmailModal
Array
(
    [name] => elwioweio@outlook.com
    [phone] => 88549476619
    [formname] => Обратная связь
)

------------------------

------------------------
26.11.2024 1:56:10
CallbackFormEmailModal
Array
(
    [name] => hjk2419@mail.ru
    [phone] => 85218548625
    [formname] => Обратная связь
)

------------------------

------------------------
26.11.2024 1:57:29
CallbackFormEmailModal
Array
(
    [name] => jxkfay@goshop1888.shop
    [phone] => 81164367638
    [formname] => Обратная связь
)

------------------------

------------------------
26.11.2024 2:03:26
CallbackFormEmailModal
Array
(
    [name] => asecafin1984@op.pl
    [phone] => 87724881271
    [formname] => Обратная связь
)

------------------------

------------------------
26.11.2024 4:42:32
CallbackFormEmailModal
Array
(
    [name] => ibucezevuda439@gmail.com
    [phone] => 84917269387
    [formname] => Обратная связь
)

------------------------

------------------------
26.11.2024 8:42:25
Order
Array
(
    [name] => Ирина
    [email] => etalon-07@bk.ru
    [phone] => +7-965-287-7588
    [comment] => Лестничная ступень SР 34х38/30х2 Zn 600х240 мм, кол-во: 1, цена: 1100руб.
Лестничная ступень SР 34х38/30х2 Zn 800х240 мм, кол-во: 1, цена: 1480руб.
Способ доставки: Доставка автотранспортом поставщика
Выберите способ оплаты: Оплата на расчетный счет организации
Адрес доставки: КОЛОМНА колхозная дом 8

Комментарий к заказу: 

    [formname] => Заказ из корзины
    [fields] => Array
        (
            [price] => 25380
        )

)

------------------------

------------------------
26.11.2024 8:57:06
CallbackFormEmailModal
Array
(
    [name] => vanephsaipremelca@mail.ru
    [phone] => 84486876864
    [formname] => Обратная связь
)

------------------------

------------------------
26.11.2024 8:57:07
CallbackFormEmailModal
Array
(
    [name] => woodbpurne1983@mail.ru
    [phone] => 88644362413
    [formname] => Обратная связь
)

------------------------

------------------------
26.11.2024 8:57:57
CallbackFormEmailModal
Array
(
    [name] => slocliduffbass1974@op.pl
    [phone] => 84226466946
    [formname] => Обратная связь
)

------------------------

------------------------
26.11.2024 8:58:33
CallbackFormEmailModal
Array
(
    [name] => zabirova_lena_1988_15_3@inbox.ru
    [phone] => 85896896396
    [formname] => Обратная связь
)

------------------------

------------------------
26.11.2024 8:59:29
CallbackFormEmailModal
Array
(
    [name] => gunlekingovertcon@mail.ru
    [phone] => 88894189264
    [formname] => Обратная связь
)

------------------------

------------------------
26.11.2024 9:22:18
CallbackFormEmailModal
Array
(
    [name] => smorarabte539@mail.ru
    [phone] => 85267429576
    [formname] => Обратная связь
)

------------------------

------------------------
26.11.2024 9:55:39
CallbackFormEmailModal
Array
(
    [name] => erangifest1980@mail.ru
    [phone] => 87261764442
    [formname] => Обратная связь
)

------------------------

------------------------
26.11.2024 9:59:29
CallbackFormEmailModal
Array
(
    [name] => zuyev-vadik@bk.ru
    [phone] => 85134948927
    [formname] => Обратная связь
)

------------------------

------------------------
26.11.2024 9:59:58
CallbackFormEmailModal
Array
(
    [name] => galya.usenko.63@mail.ru
    [phone] => 88198982996
    [formname] => Обратная связь
)

------------------------

------------------------
26.11.2024 10:09:27
CallbackFormEmailModal
Array
(
    [name] => theuffancomsi1976@op.pl
    [phone] => 86839213822
    [formname] => Обратная связь
)

------------------------

------------------------
26.11.2024 10:53:18
CallbackFormEmailModal
Array
(
    [name] => yulya.onipchenko.88@mail.ru
    [phone] => 89272175198
    [formname] => Обратная связь
)

------------------------

------------------------
26.11.2024 11:11:21
CallbackFormEmailModal
Array
(
    [name] => progon@progon.fun
    [phone] => 83744568268
    [formname] => Обратная связь
)

------------------------

------------------------
26.11.2024 11:12:03
CallbackFormEmailModal
Array
(
    [name] => licumeca1987@mail.ru
    [phone] => 83237624725
    [formname] => Обратная связь
)

------------------------

------------------------
26.11.2024 11:34:49
CallbackFormEmailModal
Array
(
    [name] => rais.shchigelskaya2002@mail.ru
    [phone] => 88947725858
    [formname] => Обратная связь
)

------------------------

------------------------
26.11.2024 14:41:30
CallbackFormEmailModal
Array
(
    [name] => juncpecni1980@mail.ru
    [phone] => 87224285547
    [formname] => Обратная связь
)

------------------------

------------------------
26.11.2024 15:38:34
CallbackFormEmailModal
Array
(
    [name] => shvernik.s@mail.ru
    [phone] => 87916727831
    [formname] => Обратная связь
)

------------------------

------------------------
26.11.2024 16:39:00
CallbackFormEmailModal
Array
(
    [name] => ranmicasde1982@mail.ru
    [phone] => 83252133789
    [formname] => Обратная связь
)

------------------------

------------------------
26.11.2024 16:46:21
CallbackFormEmailModal
Array
(
    [name] => dolnovam@mail.ru
    [phone] => 82363883317
    [formname] => Обратная связь
)

------------------------

------------------------
26.11.2024 16:47:09
CallbackFormEmailModal
Array
(
    [name] => payransripo1981@mail.ru
    [phone] => 82927884527
    [formname] => Обратная связь
)

------------------------

------------------------
26.11.2024 17:09:59
CallbackFormEmailModal
Array
(
    [name] => diahiaterma1971@op.pl
    [phone] => 82242859394
    [formname] => Обратная связь
)

------------------------

------------------------
26.11.2024 18:20:00
CallbackFormEmailModal
Array
(
    [name] => axobajigufo34@gmail.com
    [phone] => 87196288615
    [formname] => Обратная связь
)

------------------------

------------------------
26.11.2024 18:52:52
CallbackFormEmailModal
Array
(
    [name] => re.vi.c.7.50.@gmail.com
    [phone] => 88386597555
    [formname] => Обратная связь
)

------------------------

------------------------
26.11.2024 19:47:46
CallbackFormEmailModal
Array
(
    [name] => placnacidown1989@mail.ru
    [phone] => 87117199557
    [formname] => Обратная связь
)

------------------------

------------------------
26.11.2024 20:41:31
CallbackFormEmailModal
Array
(
    [name] => woodbpurne1983@mail.ru
    [phone] => 89971476644
    [formname] => Обратная связь
)

------------------------
