
------------------------
11.01.2025 0:36:57
CallbackFormEmailModal
Array
(
    [name] => nemapasyuk@gazeta.pl
    [phone] => 89695455795
    [formname] => Обратная связь
)

------------------------

------------------------
11.01.2025 1:54:57
CallbackFormEmailModal
Array
(
    [name] => williamAxosy@gmail.com
    [phone] => 85352516228
    [formname] => Обратная связь
)

------------------------

------------------------
11.01.2025 2:44:46
CallbackFormEmailModal
Array
(
    [name] => 0dayscene0_o@gmail.com
    [phone] => 89482294625
    [formname] => Обратная связь
)

------------------------

------------------------
11.01.2025 3:50:00
CallbackFormEmailModal
Array
(
    [name] => 777@zel.biz
    [phone] => 87791677211
    [formname] => Обратная связь
)

------------------------

------------------------
11.01.2025 4:50:39
CallbackFormEmailModal
Array
(
    [name] => rrfrtxyc@puedemail.com
    [phone] => 87854963691
    [formname] => Обратная связь
)

------------------------

------------------------
11.01.2025 4:57:16
CallbackFormEmailModal
Array
(
    [name] => yourmail@gmail.com
    [phone] => 88942451774
    [formname] => Обратная связь
)

------------------------

------------------------
11.01.2025 7:37:06
CallbackFormEmailModal
Array
(
    [name] => rwofjkgzmel@rudiplomust.com
    [phone] => 83882168745
    [formname] => Обратная связь
)

------------------------

------------------------
11.01.2025 7:37:06
CallbackFormEmailModal
Array
(
    [name] => uuxiximpuel@rudiplomust.com
    [phone] => 83885472993
    [formname] => Обратная связь
)

------------------------

------------------------
11.01.2025 7:57:33
CallbackFormEmailModal
Array
(
    [name] => combontsegal37@mail.ru
    [phone] => 88618536624
    [formname] => Обратная связь
)

------------------------

------------------------
11.01.2025 8:00:42
CallbackFormEmailModal
Array
(
    [name] => podaiclan_547@mail.ru
    [phone] => 89152971768
    [formname] => Обратная связь
)

------------------------

------------------------
11.01.2025 8:03:09
CallbackFormEmailModal
Array
(
    [name] => agafiyabolshakova19936907@bk.ru
    [phone] => 81719913371
    [formname] => Обратная связь
)

------------------------

------------------------
11.01.2025 9:05:16
CallbackFormEmailModal
Array
(
    [name] => smorarabte539@mail.ru
    [phone] => 87453332995
    [formname] => Обратная связь
)

------------------------

------------------------
11.01.2025 9:07:43
CallbackFormEmailModal
Array
(
    [name] => jisankape@list.ru
    [phone] => 83143137244
    [formname] => Обратная связь
)

------------------------

------------------------
11.01.2025 9:14:13
CallbackFormEmailModal
Array
(
    [name] => karina_platonova_31068@mail.ru
    [phone] => 88989256843
    [formname] => Обратная связь
)

------------------------

------------------------
11.01.2025 9:57:51
CallbackFormEmailModal
Array
(
    [name] => margarita.stolyarova.26.05.1995@mail.ru
    [phone] => 87528565344
    [formname] => Обратная связь
)

------------------------

------------------------
11.01.2025 10:02:27
CallbackFormEmailModal
Array
(
    [name] => yqntpyqcxel@rudiplomust.com
    [phone] => 89318313522
    [formname] => Обратная связь
)

------------------------

------------------------
11.01.2025 10:30:06
CallbackFormEmailModal
Array
(
    [name] => ilyayvexzSi@rudiplomust.com
    [phone] => 84273448914
    [formname] => Обратная связь
)

------------------------

------------------------
11.01.2025 11:26:18
CallbackFormEmailModal
Array
(
    [name] => 777@zel.biz
    [phone] => 83852395568
    [formname] => Обратная связь
)

------------------------

------------------------
11.01.2025 12:17:00
CallbackFormEmailModal
Array
(
    [name] => filimonov.ivan.1997.4.6@list.ru
    [phone] => 81554723741
    [formname] => Обратная связь
)

------------------------

------------------------
11.01.2025 15:17:15
CallbackFormEmailModal
Array
(
    [name] => ywvcbkmshel@rudiplomust.com
    [phone] => 83483854941
    [formname] => Обратная связь
)

------------------------

------------------------
11.01.2025 15:34:26
CallbackFormEmailModal
Array
(
    [name] => arikerer278@gmail.com
    [phone] => 81632956196
    [formname] => Обратная связь
)

------------------------

------------------------
11.01.2025 15:34:31
CallbackFormEmailModal
Array
(
    [name] => mepinfenia@bk.ru
    [phone] => 88668176459
    [formname] => Обратная связь
)

------------------------

------------------------
11.01.2025 21:15:46
CallbackFormEmailModal
Array
(
    [name] => tcrsbomlpel@rudiplomust.com
    [phone] => 84389856265
    [formname] => Обратная связь
)

------------------------

------------------------
11.01.2025 22:43:15
CallbackFormEmailModal
Array
(
    [name] => rew33@donetsk365.ru
    [phone] => 88538944523
    [formname] => Обратная связь
)

------------------------
