
------------------------
26.05.2022 0:09:45
CallbackFormEmailModal
Array
(
    [name] => kingsgirl2006@aol.com
    [phone] => 89035763309
    [formname] => Обратная связь
)

------------------------

------------------------
26.05.2022 0:11:29
CallbackFormEmailModal
Array
(
    [name] => aavdkilissondorocetha@hotmail.com
    [phone] => 89036308689
    [formname] => Обратная связь
)

------------------------

------------------------
26.05.2022 2:45:22
CallbackFormEmailModal
Array
(
    [name] => lonnyyouxi@hotmail.com
    [phone] => 89036303379
    [formname] => Обратная связь
)

------------------------

------------------------
26.05.2022 5:16:15
CallbackFormEmailModal
Array
(
    [name] => diogy0708@hotmail.com
    [phone] => 89031942938
    [formname] => Обратная связь
)

------------------------

------------------------
26.05.2022 5:17:20
CallbackFormEmailModal
Array
(
    [name] => kylpsodaking@netscape.net
    [phone] => 89035383043
    [formname] => Обратная связь
)

------------------------

------------------------
26.05.2022 6:33:37
CallbackFormEmailModal
Array
(
    [name] => Aleraupatriciaap8236@gmail.com
    [phone] => Aleraupatriciaap8236@gmail.com
    [formname] => Обратная связь
)

------------------------

------------------------
26.05.2022 6:33:42
CallbackFormEmailModal
Array
(
    [name] => Aleraupatriciaap8236@gmail.com
    [phone] => Aleraupatriciaap8236@gmail.com
    [formname] => Обратная связь
)

------------------------

------------------------
26.05.2022 6:34:03
CallbackFormEmailModal
Array
(
    [name] => Aleraupatriciaap8236@gmail.com
    [phone] => Aleraupatriciaap8236@gmail.com
    [formname] => Обратная связь
)

------------------------

------------------------
26.05.2022 6:34:07
CallbackFormEmailModal
Array
(
    [name] => Aleraupatriciaap8236@gmail.com
    [phone] => Aleraupatriciaap8236@gmail.com
    [formname] => Обратная связь
)

------------------------

------------------------
26.05.2022 6:34:19
CallbackFormEmailModal
Array
(
    [name] => Aleraupatriciaap8236@gmail.com
    [phone] => Aleraupatriciaap8236@gmail.com
    [formname] => Обратная связь
)

------------------------

------------------------
26.05.2022 6:34:24
CallbackFormEmailModal
Array
(
    [name] => Aleraupatriciaap8236@gmail.com
    [phone] => Aleraupatriciaap8236@gmail.com
    [formname] => Обратная связь
)

------------------------

------------------------
26.05.2022 6:34:41
CallbackFormEmailModal
Array
(
    [name] => Aleraupatriciaap8236@gmail.com
    [phone] => Aleraupatriciaap8236@gmail.com
    [formname] => Обратная связь
)

------------------------

------------------------
26.05.2022 6:34:46
CallbackFormEmailModal
Array
(
    [name] => Aleraupatriciaap8236@gmail.com
    [phone] => Aleraupatriciaap8236@gmail.com
    [formname] => Обратная связь
)

------------------------

------------------------
26.05.2022 6:34:53
CallbackFormEmailModal
Array
(
    [name] => Aleraupatriciaap8236@gmail.com
    [phone] => Aleraupatriciaap8236@gmail.com
    [formname] => Обратная связь
)

------------------------

------------------------
26.05.2022 6:34:58
CallbackFormEmailModal
Array
(
    [name] => Aleraupatriciaap8236@gmail.com
    [phone] => Aleraupatriciaap8236@gmail.com
    [formname] => Обратная связь
)

------------------------

------------------------
26.05.2022 6:36:37
CallbackFormEmailModal
Array
(
    [name] => Aleraupatriciaap8236@gmail.com
    [phone] => Aleraupatriciaap8236@gmail.com
    [formname] => Обратная связь
)

------------------------

------------------------
26.05.2022 6:36:41
CallbackFormEmailModal
Array
(
    [name] => Aleraupatriciaap8236@gmail.com
    [phone] => Aleraupatriciaap8236@gmail.com
    [formname] => Обратная связь
)

------------------------

------------------------
26.05.2022 6:36:58
CallbackFormEmailModal
Array
(
    [name] => Aleraupatriciaap8236@gmail.com
    [phone] => Aleraupatriciaap8236@gmail.com
    [formname] => Обратная связь
)

------------------------

------------------------
26.05.2022 6:37:02
CallbackFormEmailModal
Array
(
    [name] => Aleraupatriciaap8236@gmail.com
    [phone] => Aleraupatriciaap8236@gmail.com
    [formname] => Обратная связь
)

------------------------

------------------------
26.05.2022 6:37:37
CallbackFormEmailModal
Array
(
    [name] => Aleraupatriciaap8236@gmail.com
    [phone] => Aleraupatriciaap8236@gmail.com
    [formname] => Обратная связь
)

------------------------

------------------------
26.05.2022 6:37:41
CallbackFormEmailModal
Array
(
    [name] => Aleraupatriciaap8236@gmail.com
    [phone] => Aleraupatriciaap8236@gmail.com
    [formname] => Обратная связь
)

------------------------

------------------------
26.05.2022 6:38:19
CallbackFormEmailModal
Array
(
    [name] => Aleraupatriciaap8236@gmail.com
    [phone] => Aleraupatriciaap8236@gmail.com
    [formname] => Обратная связь
)

------------------------

------------------------
26.05.2022 6:38:23
CallbackFormEmailModal
Array
(
    [name] => Aleraupatriciaap8236@gmail.com
    [phone] => Aleraupatriciaap8236@gmail.com
    [formname] => Обратная связь
)

------------------------

------------------------
26.05.2022 6:39:03
CallbackFormEmailModal
Array
(
    [name] => Aleraupatriciaap8236@gmail.com
    [phone] => Aleraupatriciaap8236@gmail.com
    [formname] => Обратная связь
)

------------------------

------------------------
26.05.2022 6:39:08
CallbackFormEmailModal
Array
(
    [name] => Aleraupatriciaap8236@gmail.com
    [phone] => Aleraupatriciaap8236@gmail.com
    [formname] => Обратная связь
)

------------------------

------------------------
26.05.2022 6:39:55
CallbackFormEmailModal
Array
(
    [name] => Aleraupatriciaap8236@gmail.com
    [phone] => Aleraupatriciaap8236@gmail.com
    [formname] => Обратная связь
)

------------------------

------------------------
26.05.2022 6:39:59
CallbackFormEmailModal
Array
(
    [name] => Aleraupatriciaap8236@gmail.com
    [phone] => Aleraupatriciaap8236@gmail.com
    [formname] => Обратная связь
)

------------------------

------------------------
26.05.2022 8:45:07
CallbackFormEmailModal
Array
(
    [name] => pregnantchiu@hotmail.com
    [phone] => 89036222022
    [formname] => Обратная связь
)

------------------------

------------------------
26.05.2022 9:15:29
Order
Array
(
    [name] => Александр 
    [email] => Ooo-raduga2006@yandex.ru
    [phone] => +7-920-009-8886
    [comment] => Сварной  настил SP 34х38/30х2 Zn 1000х1000 мм, кол-во: 1, цена: 3850руб.
Способ доставки: Самовывоз со склада
Выберите способ оплаты: Оплата наличным

Комментарий к заказу: 

    [formname] => Заказ из корзины
    [fields] => Array
        (
            [price] => 26950
        )

)

------------------------

------------------------
26.05.2022 10:31:31
CallbackFormEmailModal
Array
(
    [name] => rimzan_007@yahoo.com
    [phone] => 89035281834
    [formname] => Обратная связь
)

------------------------

------------------------
26.05.2022 10:58:50
CallbackFormEmailModal
Array
(
    [name] => gordonfuller50@yahoo.com
    [phone] => 89031250639
    [formname] => Обратная связь
)

------------------------

------------------------
26.05.2022 14:37:46
CallbackFormEmailModal
Array
(
    [name] => amy.strange@att.net
    [phone] => 89038324839
    [formname] => Обратная связь
)

------------------------

------------------------
26.05.2022 15:42:15
CallbackFormEmailModal
Array
(
    [name] => cruz.vane10@yahoo.com
    [phone] => 89039507938
    [formname] => Обратная связь
)

------------------------

------------------------
26.05.2022 17:03:00
CallbackFormEmailModal
Array
(
    [name] => florenceruby@yahoo.com
    [phone] => 89039055164
    [formname] => Обратная связь
)

------------------------

------------------------
26.05.2022 20:28:46
CallbackFormEmailModal
Array
(
    [name] => paulinaguzman45@yahoo.com
    [phone] => 89036287198
    [formname] => Обратная связь
)

------------------------

------------------------
26.05.2022 20:43:30
CallbackFormEmailModal
Array
(
    [name] => www.austinrivera1@yahoo.com
    [phone] => 89034771014
    [formname] => Обратная связь
)

------------------------

------------------------
26.05.2022 22:40:03
CallbackFormEmailModal
Array
(
    [name] => nitoefi@gmail.com
    [phone] => 89031514906
    [formname] => Обратная связь
)

------------------------
