
------------------------
03.11.2023 1:04:33
CallbackFormEmailModal
Array
(
    [name] => firststor@yandex.ru
    [phone] => 83413464598
    [formname] => Обратная связь
)

------------------------

------------------------
03.11.2023 6:03:30
CallbackFormEmailModal
Array
(
    [name] => vqjhobrt@mail.ru
    [phone] => +791234567712
    [formname] => Обратная связь
)

------------------------

------------------------
03.11.2023 9:21:31
CallbackEmailModal
Array
(
    [name] => ExhibiA@kmaill.xyz
    [phone] => 86873153385
    [comment] => Название продуката: Щелевой канал S60 1.5мм
Комменатрий: <a href=https://buyciali.cfd>can i buy cialis online</a> Ranganathan P, Yu X, Na C, Santhanam R, Shacham S, Kauffman M, Walker A, Klisovic R, Blum W, Caligiuri M, Croce CM, Marcucci G, Garzon R
    [formname] => Задать вопрос по товару
)

------------------------

------------------------
03.11.2023 11:08:06
CallbackFormEmailModal
Array
(
    [name] => megaboommegaboom@yandex.com
    [phone] => 82235551156
    [formname] => Обратная связь
)

------------------------

------------------------
03.11.2023 13:25:59
CallbackFormEmailModal
Array
(
    [name] => jtfsyq@course-fitness.com
    [phone] => 83381223473
    [formname] => Обратная связь
)

------------------------

------------------------
03.11.2023 13:41:34
CallbackFormEmailModal
Array
(
    [name] => zc8u7g2jlcuxgxl@rambler.ru
    [phone] => 81372475682
    [formname] => Обратная связь
)

------------------------

------------------------
03.11.2023 17:48:02
CallbackFormEmailModal
Array
(
    [name] => pc3qy2ca6iju6v3@rambler.ru
    [phone] => 85217778576
    [formname] => Обратная связь
)

------------------------

------------------------
03.11.2023 21:37:15
CallbackFormEmailModal
Array
(
    [name] => 5fuqvcfvp0v5yxn@rambler.ru
    [phone] => 87573936154
    [formname] => Обратная связь
)

------------------------
