
------------------------
10.12.2023 1:41:59
CallbackFormEmailModal
Array
(
    [name] => plumbersguide@myroofingexpert.info
    [phone] => 88146165621
    [formname] => Обратная связь
)

------------------------

------------------------
10.12.2023 1:54:43
CallbackFormEmailModal
Array
(
    [name] => kqklw@course-fitness.com
    [phone] => 83694994421
    [formname] => Обратная связь
)

------------------------

------------------------
10.12.2023 2:01:50
CallbackFormEmailModal
Array
(
    [name] => paldf3577@gmail.com
    [phone] => 86974695367
    [formname] => Обратная связь
)

------------------------

------------------------
10.12.2023 4:07:49
CallbackFormEmailModal
Array
(
    [name] => hjjvrooyk@dictbartumbwa.online
    [phone] => 89724628545
    [formname] => Обратная связь
)

------------------------

------------------------
10.12.2023 5:10:07
CallbackFormEmailModal
Array
(
    [name] => mark30adams09as@rambler.ru
    [phone] => 86947797163
    [formname] => Обратная связь
)

------------------------

------------------------
10.12.2023 5:45:01
CallbackFormEmailModal
Array
(
    [name] => brian67johnson02as@rambler.ru
    [phone] => 88227637414
    [formname] => Обратная связь
)

------------------------

------------------------
10.12.2023 6:33:20
CallbackFormEmailModal
Array
(
    [name] => zo85s4cxgqbdums@rambler.ru
    [phone] => 83352415777
    [formname] => Обратная связь
)

------------------------

------------------------
10.12.2023 8:34:41
CallbackFormEmailModal
Array
(
    [name] => kjhonlz@rambler.ru
    [phone] => 87233871572
    [formname] => Обратная связь
)

------------------------

------------------------
10.12.2023 11:41:28
CallbackFormEmailModal
Array
(
    [name] => naelbarad@mail.ru
    [phone] => 86153936448
    [formname] => Обратная связь
)

------------------------

------------------------
10.12.2023 11:47:25
CallbackFormEmailModal
Array
(
    [name] => luashaeshk@mail.ru
    [phone] => 85135823798
    [formname] => Обратная связь
)

------------------------

------------------------
10.12.2023 12:07:46
CallbackFormEmailModal
Array
(
    [name] => yourmail@gmail.com
    [phone] => 86864342943
    [formname] => Обратная связь
)

------------------------

------------------------
10.12.2023 12:23:52
CallbackFormEmailModal
Array
(
    [name] => peposdaen@mail.ru
    [phone] => 86886329664
    [formname] => Обратная связь
)

------------------------

------------------------
10.12.2023 14:42:59
CallbackFormEmailModal
Array
(
    [name] => vjipefotfOt@superstomatologpro.ru
    [phone] => 89263163869
    [formname] => Обратная связь
)

------------------------

------------------------
10.12.2023 15:40:57
CallbackFormEmailModal
Array
(
    [name] => jpwllgt@course-fitness.com
    [phone] => 83287863265
    [formname] => Обратная связь
)

------------------------

------------------------
10.12.2023 16:13:19
CallbackFormEmailModal
Array
(
    [name] => foncardda1988@mail.ru
    [phone] => 88327147231
    [formname] => Обратная связь
)

------------------------

------------------------
10.12.2023 16:14:06
CallbackFormEmailModal
Array
(
    [name] => paadmesout@mail.ru
    [phone] => 83762964387
    [formname] => Обратная связь
)

------------------------

------------------------
10.12.2023 16:16:29
CallbackFormEmailModal
Array
(
    [name] => sugliellevimin7507@mail.ru
    [phone] => 81273637576
    [formname] => Обратная связь
)

------------------------

------------------------
10.12.2023 16:19:47
CallbackFormEmailModal
Array
(
    [name] => tiocrouchfikata2094@mail.ru
    [phone] => 85731778296
    [formname] => Обратная связь
)

------------------------

------------------------
10.12.2023 16:24:07
CallbackFormEmailModal
Array
(
    [name] => woodbpurne1983@mail.ru
    [phone] => 83812168683
    [formname] => Обратная связь
)

------------------------

------------------------
10.12.2023 16:27:54
CallbackFormEmailModal
Array
(
    [name] => laomloukr@mail.ru
    [phone] => 88819248629
    [formname] => Обратная связь
)

------------------------

------------------------
10.12.2023 16:32:28
CallbackFormEmailModal
Array
(
    [name] => gubetride@inbox.ru
    [phone] => 89712842869
    [formname] => Обратная связь
)

------------------------

------------------------
10.12.2023 16:42:21
CallbackFormEmailModal
Array
(
    [name] => invalopackman1863@mail.ru
    [phone] => 87766152531
    [formname] => Обратная связь
)

------------------------

------------------------
10.12.2023 16:46:22
CallbackFormEmailModal
Array
(
    [name] => paraipastmi@list.ru
    [phone] => 86283243984
    [formname] => Обратная связь
)

------------------------

------------------------
10.12.2023 16:55:57
CallbackFormEmailModal
Array
(
    [name] => zumystosa@bk.ru
    [phone] => 85988326393
    [formname] => Обратная связь
)

------------------------

------------------------
10.12.2023 16:55:57
CallbackFormEmailModal
Array
(
    [name] => inenoushumo3218@mail.ru
    [phone] => 89473118966
    [formname] => Обратная связь
)

------------------------

------------------------
10.12.2023 16:56:22
CallbackFormEmailModal
Array
(
    [name] => musaev.misha.1982.3.5@list.ru
    [phone] => 88566976857
    [formname] => Обратная связь
)

------------------------

------------------------
10.12.2023 16:59:05
CallbackFormEmailModal
Array
(
    [name] => seipsimont@mail.ru
    [phone] => 86146836423
    [formname] => Обратная связь
)

------------------------

------------------------
10.12.2023 17:08:55
CallbackFormEmailModal
Array
(
    [name] => crabkilldist1986@mail.ru
    [phone] => 83885728957
    [formname] => Обратная связь
)

------------------------

------------------------
10.12.2023 17:26:27
CallbackFormEmailModal
Array
(
    [name] => gelibomenlo6420@mail.ru
    [phone] => 86418418164
    [formname] => Обратная связь
)

------------------------

------------------------
10.12.2023 17:28:09
CallbackFormEmailModal
Array
(
    [name] => bobraklessa@list.ru
    [phone] => 82799736398
    [formname] => Обратная связь
)

------------------------

------------------------
10.12.2023 17:34:28
CallbackFormEmailModal
Array
(
    [name] => bradley6@mailth.site
    [phone] => 81431117858
    [formname] => Обратная связь
)

------------------------

------------------------
10.12.2023 17:39:40
CallbackFormEmailModal
Array
(
    [name] => bradman1@kokomail.site
    [phone] => 85719228987
    [formname] => Обратная связь
)

------------------------

------------------------
10.12.2023 21:06:05
CallbackFormEmailModal
Array
(
    [name] => rumneverno198429@rambler.ru
    [phone] => +71231234567
    [formname] => Обратная связь
)

------------------------

------------------------
10.12.2023 21:43:26
CallbackFormEmailModal
Array
(
    [name] => asdewr@gmail.com
    [phone] => 81582937874
    [formname] => Обратная связь
)

------------------------
