
------------------------
06.04.2024 0:07:40
CallbackFormEmailModal
Array
(
    [name] => crypto@cryptofinex.xyz
    [phone] => 85361655338
    [formname] => Обратная связь
)

------------------------

------------------------
06.04.2024 0:08:26
CallbackFormEmailModal
Array
(
    [name] => Finck5252ktc@assist.fiestahq.click
    [phone] => 81613396116
    [formname] => Обратная связь
)

------------------------

------------------------
06.04.2024 1:55:04
CallbackFormEmailModal
Array
(
    [name] => www@meteo.gold
    [phone] => 85381281696
    [formname] => Обратная связь
)

------------------------

------------------------
06.04.2024 4:23:34
CallbackFormEmailModal
Array
(
    [name] => help@gwmetabitt.com
    [phone] => 81435156945
    [formname] => Обратная связь
)

------------------------

------------------------
06.04.2024 7:43:07
CallbackFormEmailModal
Array
(
    [name] => lucido.leinteract@gmail.com
    [phone] => 88887554421
    [formname] => Обратная связь
)

------------------------

------------------------
06.04.2024 8:50:00
CallbackFormEmailModal
Array
(
    [name] => wiuftdszcdepkvco@onet.pl
    [phone] => 81944299872
    [formname] => Обратная связь
)

------------------------

------------------------
06.04.2024 11:08:54
CallbackFormEmailModal
Array
(
    [name] => designer_proxyma@outlook.com
    [phone] => 81423966572
    [formname] => Обратная связь
)

------------------------

------------------------
06.04.2024 12:07:56
CallbackFormEmailModal
Array
(
    [name] => yooourmail@gmail.com
    [phone] => 87987781227
    [formname] => Обратная связь
)

------------------------

------------------------
06.04.2024 14:11:33
CallbackFormEmailModal
Array
(
    [name] => brudermanni2024@gmail.com
    [phone] => 86414484589
    [formname] => Обратная связь
)

------------------------

------------------------
06.04.2024 15:56:39
CallbackFormEmailModal
Array
(
    [name] => sborpise.mall@gmail.com
    [phone] => 87984894784
    [formname] => Обратная связь
)

------------------------

------------------------
06.04.2024 16:55:00
CallbackFormEmailModal
Array
(
    [name] => rtx_fl07@rambler.ru
    [phone] => 89537375154
    [formname] => Обратная связь
)

------------------------

------------------------
06.04.2024 17:03:52
CallbackFormEmailModal
Array
(
    [name] => larche@kiev-therm.com.ua
    [phone] => 82919649596
    [formname] => Обратная связь
)

------------------------

------------------------
06.04.2024 17:18:31
CallbackFormEmailModal
Array
(
    [name] => sborpise.mal.l@gmail.com
    [phone] => 83885676196
    [formname] => Обратная связь
)

------------------------

------------------------
06.04.2024 17:29:49
CallbackFormEmailModal
Array
(
    [name] => mjxmmeuewbyvstqp@onet.pl
    [phone] => 85176178488
    [formname] => Обратная связь
)

------------------------

------------------------
06.04.2024 18:01:34
CallbackFormEmailModal
Array
(
    [name] => houstonbestlocksmith@outlook.com
    [phone] => 87487791864
    [formname] => Обратная связь
)

------------------------

------------------------
06.04.2024 19:39:21
CallbackFormEmailModal
Array
(
    [name] => lgitcjfezexxulao@onet.pl
    [phone] => 82954358292
    [formname] => Обратная связь
)

------------------------

------------------------
06.04.2024 21:55:24
CallbackFormEmailModal
Array
(
    [name] => mikeKitGrishitty@gmail.com
    [phone] => 84663657753
    [formname] => Обратная связь
)

------------------------

------------------------
06.04.2024 22:39:32
CallbackFormEmailModal
Array
(
    [name] => aebtxncnxoiinnoh@onet.pl
    [phone] => 81129245444
    [formname] => Обратная связь
)

------------------------
