
------------------------
28.05.2024 0:29:17
CallbackFormEmailModal
Array
(
    [name] => nearakode198823@rambler.ru
    [phone] => +71231234567
    [formname] => Обратная связь
)

------------------------

------------------------
28.05.2024 1:40:56
CallbackFormEmailModal
Array
(
    [name] => augustalienhop2029@icloud.com
    [phone] => 87273454475
    [formname] => Обратная связь
)

------------------------

------------------------
28.05.2024 5:46:14
CallbackFormEmailModal
Array
(
    [name] => ergiaplacli1981@op.pl
    [phone] => 85139449694
    [formname] => Обратная связь
)

------------------------

------------------------
28.05.2024 7:20:25
CallbackFormEmailModal
Array
(
    [name] => fmillerrn@aol.com
    [phone] => 82863795828
    [formname] => Обратная связь
)

------------------------

------------------------
28.05.2024 11:08:02
CallbackFormEmailModal
Array
(
    [name] => jurmus952@gmail.com
    [phone] => 81562494764
    [formname] => Обратная связь
)

------------------------

------------------------
28.05.2024 11:23:55
CallbackFormEmailModal
Array
(
    [name] => barbariska8912@gmail.com
    [phone] => 86717234475
    [formname] => Обратная связь
)

------------------------

------------------------
28.05.2024 18:49:57
CallbackFormEmailModal
Array
(
    [name] => poker@casino-slot-game.com
    [phone] => 87343249129
    [formname] => Обратная связь
)

------------------------

------------------------
28.05.2024 23:43:31
CallbackFormEmailModal
Array
(
    [name] => seniwel@mail3go.online

    [phone] => 87568248574
    [formname] => Обратная связь
)

------------------------
