
------------------------
22.12.2021 4:25:38
CallbackFormEmailModal
Array
(
    [name] => snelapsg22@yahoo.com
    [phone] => 85584585563
    [formname] => Обратная связь
)

------------------------

------------------------
22.12.2021 22:39:40
CallbackFormEmailModal
Array
(
    [name] => jalltaker21577@gmail.com
    [phone] => jalltaker21577@gmail.com
    [formname] => Обратная связь
)

------------------------

------------------------
22.12.2021 22:39:44
CallbackFormEmailModal
Array
(
    [name] => jalltaker21577@gmail.com
    [phone] => jalltaker21577@gmail.com
    [formname] => Обратная связь
)

------------------------

------------------------
22.12.2021 22:40:50
CallbackFormEmailModal
Array
(
    [name] => jalltaker21577@gmail.com
    [phone] => jalltaker21577@gmail.com
    [formname] => Обратная связь
)

------------------------

------------------------
22.12.2021 22:40:56
CallbackFormEmailModal
Array
(
    [name] => jalltaker21577@gmail.com
    [phone] => jalltaker21577@gmail.com
    [formname] => Обратная связь
)

------------------------

------------------------
22.12.2021 22:41:27
CallbackFormEmailModal
Array
(
    [name] => jalltaker21577@gmail.com
    [phone] => jalltaker21577@gmail.com
    [formname] => Обратная связь
)

------------------------

------------------------
22.12.2021 22:41:30
CallbackFormEmailModal
Array
(
    [name] => jalltaker21577@gmail.com
    [phone] => jalltaker21577@gmail.com
    [formname] => Обратная связь
)

------------------------

------------------------
22.12.2021 22:41:43
CallbackFormEmailModal
Array
(
    [name] => jalltaker21577@gmail.com
    [phone] => jalltaker21577@gmail.com
    [formname] => Обратная связь
)

------------------------

------------------------
22.12.2021 22:41:48
CallbackFormEmailModal
Array
(
    [name] => jalltaker21577@gmail.com
    [phone] => jalltaker21577@gmail.com
    [formname] => Обратная связь
)

------------------------

------------------------
22.12.2021 22:44:14
CallbackFormEmailModal
Array
(
    [name] => jalltaker21577@gmail.com
    [phone] => jalltaker21577@gmail.com
    [formname] => Обратная связь
)

------------------------

------------------------
22.12.2021 22:44:17
CallbackFormEmailModal
Array
(
    [name] => jalltaker21577@gmail.com
    [phone] => jalltaker21577@gmail.com
    [formname] => Обратная связь
)

------------------------

------------------------
22.12.2021 22:44:34
CallbackFormEmailModal
Array
(
    [name] => jalltaker21577@gmail.com
    [phone] => jalltaker21577@gmail.com
    [formname] => Обратная связь
)

------------------------

------------------------
22.12.2021 22:44:37
CallbackFormEmailModal
Array
(
    [name] => jalltaker21577@gmail.com
    [phone] => jalltaker21577@gmail.com
    [formname] => Обратная связь
)

------------------------

------------------------
22.12.2021 22:44:45
CallbackFormEmailModal
Array
(
    [name] => jalltaker21577@gmail.com
    [phone] => jalltaker21577@gmail.com
    [formname] => Обратная связь
)

------------------------

------------------------
22.12.2021 22:44:49
CallbackFormEmailModal
Array
(
    [name] => jalltaker21577@gmail.com
    [phone] => jalltaker21577@gmail.com
    [formname] => Обратная связь
)

------------------------

------------------------
22.12.2021 22:44:54
CallbackFormEmailModal
Array
(
    [name] => jalltaker21577@gmail.com
    [phone] => jalltaker21577@gmail.com
    [formname] => Обратная связь
)

------------------------

------------------------
22.12.2021 22:44:57
CallbackFormEmailModal
Array
(
    [name] => jalltaker21577@gmail.com
    [phone] => jalltaker21577@gmail.com
    [formname] => Обратная связь
)

------------------------

------------------------
22.12.2021 22:45:17
CallbackFormEmailModal
Array
(
    [name] => jalltaker21577@gmail.com
    [phone] => jalltaker21577@gmail.com
    [formname] => Обратная связь
)

------------------------

------------------------
22.12.2021 22:45:20
CallbackFormEmailModal
Array
(
    [name] => jalltaker21577@gmail.com
    [phone] => jalltaker21577@gmail.com
    [formname] => Обратная связь
)

------------------------
