
------------------------
02.06.2025 2:48:58
CallbackFormEmailModal
Array
(
    [name] => perrettcornalss@anonmails.de
    [phone] => 81724641466
    [formname] => Обратная связь
)

------------------------

------------------------
02.06.2025 4:36:15
CallbackFormEmailModal
Array
(
    [name] => seoseaspace@gmail.com
    [phone] => 83499323144
    [formname] => Обратная связь
)

------------------------

------------------------
02.06.2025 8:21:14
CallbackFormEmailModal
Array
(
    [name] => rooty78@guru404.site
    [phone] => 82965462965
    [formname] => Обратная связь
)

------------------------

------------------------
02.06.2025 11:37:57
CallbackFormEmailModal
Array
(
    [name] => pe.r.sa.i.t.o.v.20@gmail.com:pop.gmail.com
    [phone] => 82577539978
    [formname] => Обратная связь
)

------------------------

------------------------
02.06.2025 14:52:19
CallbackFormEmailModal
Array
(
    [name] => kskoxim@inbox.ru
    [phone] => 87276941589
    [formname] => Обратная связь
)

------------------------

------------------------
02.06.2025 14:52:19
CallbackFormEmailModal
Array
(
    [name] => tacusol-6816@mail.ru
    [phone] => 87296468648
    [formname] => Обратная связь
)

------------------------

------------------------
02.06.2025 14:52:19
CallbackFormEmailModal
Array
(
    [name] => yulya.onipchenko.88@mail.ru
    [phone] => 89172179535
    [formname] => Обратная связь
)

------------------------

------------------------
02.06.2025 14:56:07
CallbackFormEmailModal
Array
(
    [name] => ramiraselezneva19908003@bk.ru
    [phone] => 84852286218
    [formname] => Обратная связь
)

------------------------

------------------------
02.06.2025 14:56:19
CallbackFormEmailModal
Array
(
    [name] => iqablala1980858@mail.ru
    [phone] => 86133526914
    [formname] => Обратная связь
)

------------------------

------------------------
02.06.2025 18:16:43
CallbackFormEmailModal
Array
(
    [name] => zfdhhhfh@gmail.com
    [phone] => 88257152345
    [formname] => Обратная связь
)

------------------------

------------------------
02.06.2025 18:49:27
CallbackFormEmailModal
Array
(
    [name] => kozlovvarlen19782037@mail.ru
    [phone] => 83547733281
    [formname] => Обратная связь
)

------------------------

------------------------
02.06.2025 18:54:31
CallbackFormEmailModal
Array
(
    [name] => edbutaldog1984@mail.ru
    [phone] => 85986394766
    [formname] => Обратная связь
)

------------------------

------------------------
02.06.2025 18:57:56
CallbackFormEmailModal
Array
(
    [name] => mark.moshchenskiy.90@mail.ru
    [phone] => 81225817127
    [formname] => Обратная связь
)

------------------------

------------------------
02.06.2025 18:57:56
CallbackFormEmailModal
Array
(
    [name] => sileterde1976@mail.ru
    [phone] => 82119736881
    [formname] => Обратная связь
)

------------------------

------------------------
02.06.2025 18:59:28
CallbackFormEmailModal
Array
(
    [name] => laisumake186@mail.ru
    [phone] => 89726632158
    [formname] => Обратная связь
)

------------------------

------------------------
02.06.2025 19:07:51
CallbackFormEmailModal
Array
(
    [name] => ponomaryov.borya.1983@bk.ru
    [phone] => 82659423262
    [formname] => Обратная связь
)

------------------------

------------------------
02.06.2025 19:20:40
CallbackFormEmailModal
Array
(
    [name] => terjetade1977@mail.ru
    [phone] => 87381746126
    [formname] => Обратная связь
)

------------------------

------------------------
02.06.2025 19:50:19
CallbackFormEmailModal
Array
(
    [name] => tpdmhbrg@streetwormail.com
    [phone] => 83438725194
    [formname] => Обратная связь
)

------------------------

------------------------
02.06.2025 21:07:15
CallbackFormEmailModal
Array
(
    [name] => test@gmail.com
    [phone] => 88544333534
    [formname] => Обратная связь
)

------------------------
