
------------------------
29.12.2022 2:17:46
CallbackFormEmailModal
Array
(
    [name] => alexpopov716253@gmail.com
    [phone] => 83278627694
    [formname] => Обратная связь
)

------------------------

------------------------
29.12.2022 7:24:09
CallbackFormEmailModal
Array
(
    [name] => 4v4eh@course-fitness.com
    [phone] => 84744185661
    [formname] => Обратная связь
)

------------------------

------------------------
29.12.2022 11:22:24
CallbackFormEmailModal
Array
(
    [name] => no-replysuinuts@gmail.com
    [phone] => 81386671341
    [formname] => Обратная связь
)

------------------------

------------------------
29.12.2022 11:40:07
CallbackFormEmailModal
Array
(
    [name] => wxlihe@wxlihe168.com
    [phone] => 85167424216
    [formname] => Обратная связь
)

------------------------

------------------------
29.12.2022 13:08:14
CallbackFormEmailModal
Array
(
    [name] => no-replysuinuts@gmail.com
    [phone] => 84384227874
    [formname] => Обратная связь
)

------------------------

------------------------
29.12.2022 14:01:45
CallbackFormEmailModal
Array
(
    [name] => Федор Анатольевич
    [phone] => +7(903)398-90-04
    [formname] => Обратная связь
)

------------------------

------------------------
29.12.2022 14:16:43
CallbackFormEmailModal
Array
(
    [name] => 0jgye@course-fitness.com
    [phone] => 87855669849
    [formname] => Обратная связь
)

------------------------

------------------------
29.12.2022 17:44:22
CallbackFormEmailModal
Array
(
    [name] => Rodrigo Jacques
    [phone] => LouiseHarken@gmail.com
    [formname] => Обратная связь
)

------------------------

------------------------
29.12.2022 22:53:18
CallbackFormEmailModal
Array
(
    [name] => admins@antapexhealthcare.com
    [phone] => 87914331491
    [formname] => Обратная связь
)

------------------------
