
------------------------
07.03.2025 6:20:29
CallbackFormEmailModal
Array
(
    [name] => barbariska8912@gmail.com
    [phone] => 87134918479
    [formname] => Обратная связь
)

------------------------

------------------------
07.03.2025 6:27:56
CallbackFormEmailModal
Array
(
    [name] => panova.elena.1992.23.11@bk.ru
    [phone] => 86431652463
    [formname] => Обратная связь
)

------------------------

------------------------
07.03.2025 6:31:07
CallbackFormEmailModal
Array
(
    [name] => info@дозоры.рф
    [phone] => 71231234567
    [formname] => Обратная связь
)

------------------------

------------------------
07.03.2025 7:22:17
CallbackFormEmailModal
Array
(
    [name] => pavel.sitdikov.88@mail.ru
    [phone] => 88538146574
    [formname] => Обратная связь
)

------------------------

------------------------
07.03.2025 7:22:57
CallbackFormEmailModal
Array
(
    [name] => rais.shchigelskaya2002@mail.ru
    [phone] => 85163137139
    [formname] => Обратная связь
)

------------------------

------------------------
07.03.2025 7:33:28
CallbackFormEmailModal
Array
(
    [name] => stapuntril1990@mail.ru
    [phone] => 86839453934
    [formname] => Обратная связь
)

------------------------

------------------------
07.03.2025 8:10:49
CallbackFormEmailModal
Array
(
    [name] => yaroslav.sevastyanov.1988@mail.ru
    [phone] => 89566664863
    [formname] => Обратная связь
)

------------------------

------------------------
07.03.2025 8:10:51
CallbackFormEmailModal
Array
(
    [name] => ofeliyasemenova1993@list.ru
    [phone] => 85812623636
    [formname] => Обратная связь
)

------------------------

------------------------
07.03.2025 8:13:27
CallbackFormEmailModal
Array
(
    [name] => combontsegal37@mail.ru
    [phone] => 84374186685
    [formname] => Обратная связь
)

------------------------

------------------------
07.03.2025 8:13:42
CallbackFormEmailModal
Array
(
    [name] => galya.usenko.63@mail.ru
    [phone] => 87361851925
    [formname] => Обратная связь
)

------------------------

------------------------
07.03.2025 8:33:32
CallbackFormEmailModal
Array
(
    [name] => ofeliyasemenova1993@list.ru
    [phone] => 82413796295
    [formname] => Обратная связь
)

------------------------

------------------------
07.03.2025 17:07:54
CallbackFormEmailModal
Array
(
    [name] => avtocentravrora@gmail.com
    [phone] => 86535241663
    [formname] => Обратная связь
)

------------------------

------------------------
07.03.2025 20:14:42
CallbackFormEmailModal
Array
(
    [name] => alex1.111222@yandex.ru
    [phone] => 84339979229
    [formname] => Обратная связь
)

------------------------

------------------------
07.03.2025 20:33:24
CallbackFormEmailModal
Array
(
    [name] => mickeycaf@bk.ru:50xa5mmm4
    [phone] => 81753956757
    [formname] => Обратная связь
)

------------------------
