
------------------------
30.06.2024 0:21:01
CallbackFormEmailModal
Array
(
    [name] => gjhruke2@outlook.com
    [phone] => 84566454732
    [formname] => Обратная связь
)

------------------------

------------------------
30.06.2024 0:54:43
CallbackFormEmailModal
Array
(
    [name] => alexpopov716253@gmail.com
    [phone] => 82482673617
    [formname] => Обратная связь
)

------------------------

------------------------
30.06.2024 7:10:20
CallbackFormEmailModal
Array
(
    [name] => admin@bohemia-tor-market.com
    [phone] => 87762268844
    [formname] => Обратная связь
)

------------------------

------------------------
30.06.2024 11:07:13
CallbackFormEmailModal
Array
(
    [name] => meganhiest@gmai1.homes
    [phone] => 88223816617
    [formname] => Обратная связь
)

------------------------

------------------------
30.06.2024 11:48:42
CallbackFormEmailModal
Array
(
    [name] => mitaxebandilis@gmail.com
    [phone] => 85674235789
    [formname] => Обратная связь
)

------------------------

------------------------
30.06.2024 12:47:45
CallbackFormEmailModal
Array
(
    [name] => c5fjd@shilingan.store
    [phone] => 82472678346
    [formname] => Обратная связь
)

------------------------

------------------------
30.06.2024 13:25:16
CallbackFormEmailModal
Array
(
    [name] => 8px7aw85@wmailfree.com
    [phone] => 82422623833
    [formname] => Обратная связь
)

------------------------

------------------------
30.06.2024 14:56:02
CallbackFormEmailModal
Array
(
    [name] => hn96empz@freewmail.com
    [phone] => 89979671667
    [formname] => Обратная связь
)

------------------------

------------------------
30.06.2024 14:56:53
CallbackFormEmailModal
Array
(
    [name] => uadoa343@freemailw.com
    [phone] => 85262768138
    [formname] => Обратная связь
)

------------------------

------------------------
30.06.2024 15:01:53
CallbackFormEmailModal
Array
(
    [name] => k.i.rillchemax987@gmail.com
    [phone] => 89868298544
    [formname] => Обратная связь
)

------------------------

------------------------
30.06.2024 15:27:39
CallbackFormEmailModal
Array
(
    [name] => tvy7n3pl@mailwfree.com
    [phone] => 82483756771
    [formname] => Обратная связь
)

------------------------

------------------------
30.06.2024 23:58:24
CallbackFormEmailModal
Array
(
    [name] => import8881913@inbox.ru
    [phone] => 79206092570
    [formname] => Обратная связь
)

------------------------
