
------------------------
05.03.2024 3:24:15
CallbackFormEmailModal
Array
(
    [name] => hourrurafort198165@rambler.ru
    [phone] => +71231234567
    [formname] => Обратная связь
)

------------------------

------------------------
05.03.2024 3:56:07
CallbackFormEmailModal
Array
(
    [name] => kull@chipcars.su
    [phone] => 89393659254
    [formname] => Обратная связь
)

------------------------

------------------------
05.03.2024 5:40:33
CallbackFormEmailModal
Array
(
    [name] => lucido.leinteract@gmail.com
    [phone] => 87521144114
    [formname] => Обратная связь
)

------------------------

------------------------
05.03.2024 6:00:01
CallbackFormEmailModal
Array
(
    [name] => kovalenkovaceslav47@gmail.com
    [phone] => 83548169541
    [formname] => Обратная связь
)

------------------------

------------------------
05.03.2024 6:43:03
CallbackFormEmailModal
Array
(
    [name] => add@remsanteh-groupe.com.ua
    [phone] => 85518172193
    [formname] => Обратная связь
)

------------------------

------------------------
05.03.2024 8:14:48
CallbackFormEmailModal
Array
(
    [name] => moduldom.spb@gmail.com
    [phone] => 84397697334
    [formname] => Обратная связь
)

------------------------

------------------------
05.03.2024 9:49:35
CallbackFormEmailModal
Array
(
    [name] => oleg.lebedevuvs@yandex.ru
    [phone] => 87473565816
    [formname] => Обратная связь
)

------------------------

------------------------
05.03.2024 10:06:34
CallbackFormEmailModal
Array
(
    [name] => lheadunto@mail3go.ru

    [phone] => 83796623825
    [formname] => Обратная связь
)

------------------------

------------------------
05.03.2024 11:47:07
CallbackFormEmailModal
Array
(
    [name] => Queerrixjivinge@softbox.site
    [phone] => 83529174721
    [formname] => Обратная связь
)

------------------------

------------------------
05.03.2024 12:55:05
CallbackFormModal
Array
(
    [name] => Сергей
    [phone] => +7(926)534-40-02
    [formname] => Заказать звонок
)

------------------------

------------------------
05.03.2024 13:37:49
CallbackFormEmailModal
Array
(
    [name] => melqonyan00203@gmail.com
    [phone] => 88741621171
    [formname] => Обратная связь
)

------------------------

------------------------
05.03.2024 13:39:34
CallbackFormEmailModal
Array
(
    [name] => 339rku24p8@dynainbox.com
    [phone] => 87166344427
    [formname] => Обратная связь
)

------------------------

------------------------
05.03.2024 15:04:34
CallbackFormEmailModal
Array
(
    [name] => ftfyuyguyg@gmail.com
    [phone] => 84387687229
    [formname] => Обратная связь
)

------------------------

------------------------
05.03.2024 16:29:22
CallbackFormEmailModal
Array
(
    [name] => hgfdwertr@gmail.com
    [phone] => 84365525888
    [formname] => Обратная связь
)

------------------------

------------------------
05.03.2024 20:56:59
CallbackFormEmailModal
Array
(
    [name] => wragasearal1973@mailopenz.com
    [phone] => 89365651261
    [formname] => Обратная связь
)

------------------------

------------------------
05.03.2024 21:55:31
CallbackFormEmailModal
Array
(
    [name] => g4rmpsvk3@rambler.ru
    [phone] => 89632144746
    [formname] => Обратная связь
)

------------------------

------------------------
05.03.2024 22:34:05
CallbackFormEmailModal
Array
(
    [name] => CillTiexKniniup365@aol.com
    [phone] => 83636152563
    [formname] => Обратная связь
)

------------------------

------------------------
05.03.2024 22:53:04
CallbackFormEmailModal
Array
(
    [name] => sekspics9@gmail.com
    [phone] => 87634489646
    [formname] => Обратная связь
)

------------------------
