
------------------------
11.10.2025 0:59:04
CallbackFormEmailModal
Array
(
    [name] => blog@news-crpyot-24.blog
    [phone] => 81654761388
    [formname] => Обратная связь
)

------------------------

------------------------
11.10.2025 1:22:58
CallbackFormEmailModal
Array
(
    [name] => webwritespb@gmail.com
    [phone] => +71231234567
    [formname] => Обратная связь
)

------------------------

------------------------
11.10.2025 1:24:15
CallbackFormEmailModal
Array
(
    [name] => yourmnui8ail@gmail.com
    [phone] => 81135844914
    [formname] => Обратная связь
)

------------------------

------------------------
11.10.2025 2:29:07
CallbackFormEmailModal
Array
(
    [name] => iaelxaeg@wildbmail.com
    [phone] => 87538723638
    [formname] => Обратная связь
)

------------------------

------------------------
11.10.2025 3:09:50
CallbackFormEmailModal
Array
(
    [name] => mrtommyk@gmail.com
    [phone] => 86892831325
    [formname] => Обратная связь
)

------------------------

------------------------
11.10.2025 3:32:24
CallbackFormEmailModal
Array
(
    [name] => eipfgvlweEa@divier.ru
    [phone] => 88237855676
    [formname] => Обратная связь
)

------------------------

------------------------
11.10.2025 8:36:37
CallbackFormEmailModal
Array
(
    [name] => placnacidown1989@mail.ru
    [phone] => 83563438948
    [formname] => Обратная связь
)

------------------------

------------------------
11.10.2025 8:43:08
CallbackFormEmailModal
Array
(
    [name] => rerkgeemong98@mail.ru
    [phone] => 88194997647
    [formname] => Обратная связь
)

------------------------

------------------------
11.10.2025 8:43:22
CallbackFormEmailModal
Array
(
    [name] => 123bv4@123bv1.it.com
    [phone] => 82425419886
    [formname] => Обратная связь
)

------------------------

------------------------
11.10.2025 9:14:51
CallbackFormEmailModal
Array
(
    [name] => valerakimuvo@mail.ru
    [phone] => 86423237348
    [formname] => Обратная связь
)

------------------------

------------------------
11.10.2025 9:31:09
CallbackFormEmailModal
Array
(
    [name] => mr.markus.virtanen@gmail.com
    [phone] => 88546574982
    [formname] => Обратная связь
)

------------------------

------------------------
11.10.2025 9:45:23
CallbackFormEmailModal
Array
(
    [name] => tacusol-6816@mail.ru
    [phone] => 88419467314
    [formname] => Обратная связь
)

------------------------

------------------------
11.10.2025 9:51:27
CallbackFormEmailModal
Array
(
    [name] => elenakifixo@mail.ru
    [phone] => 89755733432
    [formname] => Обратная связь
)

------------------------

------------------------
11.10.2025 10:08:23
CallbackFormEmailModal
Array
(
    [name] => amabil.6002@mail.ru
    [phone] => 89111563347
    [formname] => Обратная связь
)

------------------------

------------------------
11.10.2025 11:13:33
CallbackFormEmailModal
Array
(
    [name] => sergowor.kin.g.71.8@gmail.com
    [phone] => 86366965743
    [formname] => Обратная связь
)

------------------------

------------------------
11.10.2025 14:30:55
CallbackFormEmailModal
Array
(
    [name] => g.randikr.ust@gmail.com
    [phone] => 82662266571
    [formname] => Обратная связь
)

------------------------

------------------------
11.10.2025 14:51:40
CallbackFormEmailModal
Array
(
    [name] => hdmbgdtp@tubermail.com
    [phone] => 86154982369
    [formname] => Обратная связь
)

------------------------

------------------------
11.10.2025 17:42:42
CallbackFormEmailModal
Array
(
    [name] => tqtxnkcmj5gvab1@tempmail.us.com
    [phone] => 85219737923
    [formname] => Обратная связь
)

------------------------

------------------------
11.10.2025 17:49:56
CallbackFormEmailModal
Array
(
    [name] => rbwmcigg@tubermail.com
    [phone] => 86459944485
    [formname] => Обратная связь
)

------------------------

------------------------
11.10.2025 20:16:22
CallbackFormEmailModal
Array
(
    [name] => wpuqfirdd@lackmalelilea.shop
    [phone] => 85213823422
    [formname] => Обратная связь
)

------------------------

------------------------
11.10.2025 20:25:26
CallbackFormEmailModal
Array
(
    [name] => yourmail344@gmail.com
    [phone] => 83441292249
    [formname] => Обратная связь
)

------------------------

------------------------
11.10.2025 20:26:08
CallbackFormEmailModal
Array
(
    [name] => natmumel@tubermail.com
    [phone] => 81431452554
    [formname] => Обратная связь
)

------------------------

------------------------
11.10.2025 22:42:05
CallbackFormEmailModal
Array
(
    [name] => wo.odf.ord.j.a.m.e.s.o.n4.@gmail.com
    [phone] => 83292254495
    [formname] => Обратная связь
)

------------------------
