
------------------------
28.12.2022 4:00:16
CallbackFormEmailModal
Array
(
    [name] => alexpopov716253@gmail.com
    [phone] => 83842115617
    [formname] => Обратная связь
)

------------------------

------------------------
28.12.2022 4:31:36
CallbackFormEmailModal
Array
(
    [name] => e.ma.m.onova5.6.2.@gmail.com
    [phone] => 81199923377
    [formname] => Обратная связь
)

------------------------

------------------------
28.12.2022 20:03:39
CallbackFormEmailModal
Array
(
    [name] => luk.in.o.v.i.c.h202.2.1.355@gmail.com

    [phone] => 84796929695
    [formname] => Обратная связь
)

------------------------

------------------------
28.12.2022 21:19:46
CallbackFormEmailModal
Array
(
    [name] => miron.b.itk.ov.in@gmail.com
    [phone] => 86899987218
    [formname] => Обратная связь
)

------------------------

------------------------
28.12.2022 21:19:46
CallbackFormEmailModal
Array
(
    [name] => in.g.am93.9@gmail.com
    [phone] => 87175668639
    [formname] => Обратная связь
)

------------------------

------------------------
28.12.2022 21:54:37
CallbackFormEmailModal
Array
(
    [name] => Copsheesk@topnewmail.xyz
    [phone] => 89854551695
    [formname] => Обратная связь
)

------------------------

------------------------
28.12.2022 22:15:10
CallbackEmailModal
Array
(
    [name] => Liainarne@bernardmail.xyz
    [phone] => 88966238538
    [comment] => Название продуката: Ворс + Резина
Комменатрий: Most often, metastatic cancer occurs because treatment didn t destroy all the cancer cells <a href=https://bestcialis20mg.com/>best place to buy generic cialis online</a>
    [formname] => Задать вопрос по товару
)

------------------------
