
------------------------
02.09.2025 0:10:04
CallbackFormEmailModal
Array
(
    [name] => 1dansbydruscillaoyu@gmail.com
    [phone] => 88189676222
    [formname] => Обратная связь
)

------------------------

------------------------
02.09.2025 2:00:07
CallbackFormEmailModal
Array
(
    [name] => persai.t.ov2.0@gmail.com:pop.gmail.com
    [phone] => 81481574948
    [formname] => Обратная связь
)

------------------------

------------------------
02.09.2025 2:42:19
CallbackFormEmailModal
Array
(
    [name] => etoo7025@gmail.com
    [phone] => 89218465628
    [formname] => Обратная связь
)

------------------------

------------------------
02.09.2025 2:42:37
CallbackFormEmailModal
Array
(
    [name] => p8321148@gmail.com
    [phone] => 81884233373
    [formname] => Обратная связь
)

------------------------

------------------------
02.09.2025 2:43:39
CallbackFormEmailModal
Array
(
    [name] => jarahov774@gmail.com
    [phone] => 88825134718
    [formname] => Обратная связь
)

------------------------

------------------------
02.09.2025 8:21:59
CallbackFormEmailModal
Array
(
    [name] => polyakovdanila19908366@mail.ru
    [phone] => 85329164619
    [formname] => Обратная связь
)

------------------------

------------------------
02.09.2025 8:30:38
CallbackFormEmailModal
Array
(
    [name] => nifontmarkov1987@mail.ru
    [phone] => 83461679123
    [formname] => Обратная связь
)

------------------------

------------------------
02.09.2025 9:23:24
CallbackFormEmailModal
Array
(
    [name] => tatyanka-semenova-2022@mail.ru
    [phone] => 88734195967
    [formname] => Обратная связь
)

------------------------

------------------------
02.09.2025 9:24:29
CallbackFormEmailModal
Array
(
    [name] => natulya.fedosova.96@mail.ru
    [phone] => 82739894934
    [formname] => Обратная связь
)

------------------------

------------------------
02.09.2025 9:25:29
CallbackFormEmailModal
Array
(
    [name] => rais.shchigelskaya2002@mail.ru
    [phone] => 89576626687
    [formname] => Обратная связь
)

------------------------

------------------------
02.09.2025 13:14:31
CallbackFormEmailModal
Array
(
    [name] => blinovazinonna1983@mail.ru
    [phone] => 88795869258
    [formname] => Обратная связь
)

------------------------

------------------------
02.09.2025 13:32:29
CallbackFormEmailModal
Array
(
    [name] => dansbydruscillaoyu@gmail.com
    [phone] => 87341924297
    [formname] => Обратная связь
)

------------------------

------------------------
02.09.2025 13:46:31
CallbackFormEmailModal
Array
(
    [name] => zekisuquc419@gmail.com
    [phone] => 81653632686
    [formname] => Обратная связь
)

------------------------

------------------------
02.09.2025 13:50:08
CallbackFormEmailModal
Array
(
    [name] => hrabrgulyaev1996673@mail.ru
    [phone] => 82685811836
    [formname] => Обратная связь
)

------------------------

------------------------
02.09.2025 13:52:52
CallbackFormEmailModal
Array
(
    [name] => karzhavinvenegard@mail.ru
    [phone] => 83956862279
    [formname] => Обратная связь
)

------------------------

------------------------
02.09.2025 13:55:41
CallbackFormEmailModal
Array
(
    [name] => laisumake186@mail.ru
    [phone] => 89588597326
    [formname] => Обратная связь
)

------------------------

------------------------
02.09.2025 13:57:27
CallbackFormEmailModal
Array
(
    [name] => pestovafivr1985@mail.ru
    [phone] => 85173624971
    [formname] => Обратная связь
)

------------------------

------------------------
02.09.2025 13:58:56
CallbackFormEmailModal
Array
(
    [name] => velislavjichastov1986@mail.ru
    [phone] => 83565282314
    [formname] => Обратная связь
)

------------------------

------------------------
02.09.2025 14:43:09
CallbackFormEmailModal
Array
(
    [name] => mlonanlout1985@mail.ru
    [phone] => 88848551162
    [formname] => Обратная связь
)

------------------------

------------------------
02.09.2025 14:58:46
CallbackFormEmailModal
Array
(
    [name] => karzhavinvenegard@mail.ru
    [phone] => 86125615243
    [formname] => Обратная связь
)

------------------------

------------------------
02.09.2025 15:01:58
CallbackFormEmailModal
Array
(
    [name] => dionisij.grigorev.92@mail.ru
    [phone] => 88489274718
    [formname] => Обратная связь
)

------------------------

------------------------
02.09.2025 15:03:17
CallbackFormEmailModal
Array
(
    [name] => mikhail.kholudenev.93@mail.ru
    [phone] => 87559275436
    [formname] => Обратная связь
)

------------------------

------------------------
02.09.2025 15:13:43
CallbackFormEmailModal
Array
(
    [name] => kskoxim@inbox.ru
    [phone] => 82529725357
    [formname] => Обратная связь
)

------------------------

------------------------
02.09.2025 15:26:32
CallbackFormEmailModal
Array
(
    [name] => yourmail@gmail.com
    [phone] => 82974868185
    [formname] => Обратная связь
)

------------------------

------------------------
02.09.2025 18:32:05
CallbackFormEmailModal
Array
(
    [name] => sergowor.kin.g718@gmail.com
    [phone] => 88797115255
    [formname] => Обратная связь
)

------------------------

------------------------
02.09.2025 19:58:40
CallbackFormEmailModal
Array
(
    [name] => stevenKeymn@mail.ru
    [phone] => 85816545245
    [formname] => Обратная связь
)

------------------------

------------------------
02.09.2025 22:13:02
CallbackFormEmailModal
Array
(
    [name] => admin@rusovedia.ru
    [phone] => 81564545414
    [formname] => Обратная связь
)

------------------------
