
------------------------
19.08.2021 1:33:17
CallbackFormEmailModal
Array
(
    [name] => target9211021@inboks.ru
    [phone] => 79154347340
    [formname] => Обратная связь
)

------------------------

------------------------
19.08.2021 11:17:45
Order
Array
(
    [name] => admin
    [email] => test@test.ru
    [phone] => +7-124-124-1421
    [comment] => Грязезащитные покрытия Дели, кол-во: 1, цена: 4000руб.
Способ доставки: Самовывоз со склада
Выберите способ оплаты: Оплата наличным

Комментарий к заказу: 
test
    [formname] => Заказ из корзины
    [fields] => Array
        (
            [price] => 4000
        )

)

------------------------

------------------------
19.08.2021 11:43:32
Order
Array
(
    [name] => admin
    [email] => test@test.ru
    [phone] => +7-124-124-1421
    [comment] => Грязезащитные покрытия Геркулес, кол-во: 1, цена: 4239руб.
Щелевой канал S60 1.5мм, кол-во: 1, цена: 4250руб.
Способ доставки: Самовывоз со склада
Выберите способ оплаты: Оплата наличным

Комментарий к заказу: 
Test
    [formname] => Заказ из корзины
    [fields] => Array
        (
            [price] => 12728
        )

)

------------------------
