
------------------------
06.09.2023 0:38:42
CallbackFormEmailModal
Array
(
    [name] => Даниил
    [phone] => 0688 338 57 43
    [formname] => Обратная связь
)

------------------------

------------------------
06.09.2023 0:48:28
CallbackFormEmailModal
Array
(
    [name] => renen5p@outlook.com
    [phone] => 88234238868
    [formname] => Обратная связь
)

------------------------

------------------------
06.09.2023 0:50:41
CallbackFormEmailModal
Array
(
    [name] => flortubibu@mail3go.online

    [phone] => 83596319336
    [formname] => Обратная связь
)

------------------------

------------------------
06.09.2023 1:22:14
CallbackFormEmailModal
Array
(
    [name] => derriruca198427@rambler.ru
    [phone] => +71231234567
    [formname] => Обратная связь
)

------------------------

------------------------
06.09.2023 3:24:45
CallbackFormEmailModal
Array
(
    [name] => Eric Jones
    [phone] => 555-555-1212
    [formname] => Обратная связь
)

------------------------

------------------------
06.09.2023 5:27:37
CallbackFormEmailModal
Array
(
    [name] => 15000kzaim@mail.ru
    [phone] => 84186379656
    [formname] => Обратная связь
)

------------------------

------------------------
06.09.2023 7:01:13
CallbackFormEmailModal
Array
(
    [name] => vqjhobrt@mail.ru
    [phone] => +791234567751
    [formname] => Обратная связь
)

------------------------

------------------------
06.09.2023 7:02:18
CallbackFormEmailModal
Array
(
    [name] => credarasas198755@rambler.ru
    [phone] => +71231234567
    [formname] => Обратная связь
)

------------------------

------------------------
06.09.2023 7:54:48
CallbackFormEmailModal
Array
(
    [name] => glasnowst@mail.ru
    [phone] => 84285892972
    [formname] => Обратная связь
)

------------------------

------------------------
06.09.2023 8:14:35
CallbackFormEmailModal
Array
(
    [name] => help@gwmetabitt.com
    [phone] => 81825177119
    [formname] => Обратная связь
)

------------------------

------------------------
06.09.2023 10:41:05
CallbackFormEmailModal
Array
(
    [name] => vhaupglp6266hfc@rambler.ru
    [phone] => 81641773683
    [formname] => Обратная связь
)

------------------------

------------------------
06.09.2023 10:42:19
CallbackFormEmailModal
Array
(
    [name] => 89sd36t8eqe4fli@rambler.ru
    [phone] => 86141131285
    [formname] => Обратная связь
)

------------------------

------------------------
06.09.2023 11:15:25
CallbackFormEmailModal
Array
(
    [name] => annaKapy@moneyhouse24.com
    [phone] => 86111664871
    [formname] => Обратная связь
)

------------------------

------------------------
06.09.2023 13:01:44
CallbackFormEmailModal
Array
(
    [name] => c3smj3mzns57r5d@rambler.ru
    [phone] => 87933355614
    [formname] => Обратная связь
)

------------------------

------------------------
06.09.2023 14:47:18
CallbackFormEmailModal
Array
(
    [name] => gf97v4za6952op6@rambler.ru
    [phone] => 88287514297
    [formname] => Обратная связь
)

------------------------

------------------------
06.09.2023 15:14:37
CallbackFormEmailModal
Array
(
    [name] => wmlmngianfwltar@rambler.ru
    [phone] => 86635436575
    [formname] => Обратная связь
)

------------------------

------------------------
06.09.2023 15:30:21
CallbackFormEmailModal
Array
(
    [name] => guglacc.111@gmail.com
    [phone] => 82451267176
    [formname] => Обратная связь
)

------------------------

------------------------
06.09.2023 18:40:55
CallbackFormEmailModal
Array
(
    [name] => w5zxof1ptqesjyd@rambler.ru
    [phone] => 87444353719
    [formname] => Обратная связь
)

------------------------

------------------------
06.09.2023 18:57:57
CallbackFormEmailModal
Array
(
    [name] => zli8gyrtrbe6xyd@rambler.ru
    [phone] => 81928779654
    [formname] => Обратная связь
)

------------------------

------------------------
06.09.2023 19:18:57
CallbackFormEmailModal
Array
(
    [name] => 2rok15afw5n0z0y@rambler.ru
    [phone] => 82249928334
    [formname] => Обратная связь
)

------------------------

------------------------
06.09.2023 21:52:04
CallbackFormEmailModal
Array
(
    [name] => fww4opprg4l5awc@rambler.ru
    [phone] => 85183694755
    [formname] => Обратная связь
)

------------------------

------------------------
06.09.2023 22:06:53
CallbackFormEmailModal
Array
(
    [name] => kyh4vflsmmysw8u@rambler.ru
    [phone] => 86315179926
    [formname] => Обратная связь
)

------------------------

------------------------
06.09.2023 22:47:28
CallbackFormEmailModal
Array
(
    [name] => qj6dvug7zha79nw@rambler.ru
    [phone] => 85829233562
    [formname] => Обратная связь
)

------------------------

------------------------
06.09.2023 22:56:05
CallbackFormEmailModal
Array
(
    [name] => iz4qfiod3rxuku5@rambler.ru
    [phone] => 85851179128
    [formname] => Обратная связь
)

------------------------
