
------------------------
11.05.2023 1:20:45
CallbackFormEmailModal
Array
(
    [name] => vqjhobrt@mail.ru
    [phone] => +791234567442
    [formname] => Обратная связь
)

------------------------

------------------------
11.05.2023 3:43:05
CallbackFormEmailModal
Array
(
    [name] => crabkilldist1986@mail.ru
    [phone] => 89358411437
    [formname] => Обратная связь
)

------------------------

------------------------
11.05.2023 4:13:59
CallbackFormEmailModal
Array
(
    [name] => petrova.kristina.1978.3.3@inbox.ru
    [phone] => 83595582168
    [formname] => Обратная связь
)

------------------------

------------------------
11.05.2023 4:42:20
CallbackFormEmailModal
Array
(
    [name] => olgaewp5o@mail.ru
    [phone] => 82789962243
    [formname] => Обратная связь
)

------------------------

------------------------
11.05.2023 5:25:43
CallbackFormEmailModal
Array
(
    [name] => sokidmime@list.ru
    [phone] => 83765631674
    [formname] => Обратная связь
)

------------------------

------------------------
11.05.2023 5:56:55
CallbackFormEmailModal
Array
(
    [name] => stanislav.sokolovawb@mail.ru
    [phone] => 81342651328
    [formname] => Обратная связь
)

------------------------

------------------------
11.05.2023 10:31:13
CallbackFormEmailModal
Array
(
    [name] => cn20@mu88.drkoop.site
    [phone] => 89137621415
    [formname] => Обратная связь
)

------------------------

------------------------
11.05.2023 12:53:55
CallbackFormEmailModal
Array
(
    [name] => no-replysuinuts@gmail.com
    [phone] => 81641147458
    [formname] => Обратная связь
)

------------------------

------------------------
11.05.2023 13:03:24
CallbackFormModal
Array
(
    [name] => Аркадий 
    [phone] => +7(921)360-42-18
    [formname] => Заказать звонок
)

------------------------

------------------------
11.05.2023 20:22:28
CallbackFormEmailModal
Array
(
    [name] => damirlefor@hotmail.com
    [phone] => 82638685154
    [formname] => Обратная связь
)

------------------------

------------------------
11.05.2023 23:02:41
CallbackFormEmailModal
Array
(
    [name] => financialdept@kanzalshamsprojectmgt.com
    [phone] => 87243714655
    [formname] => Обратная связь
)

------------------------
