
------------------------
14.01.2024 0:58:48
CallbackFormEmailModal
Array
(
    [name] => admstr@knitt.pl
    [phone] => 84796614571
    [formname] => Обратная связь
)

------------------------

------------------------
14.01.2024 1:41:28
CallbackFormEmailModal
Array
(
    [name] => christopher43martinez74as@rambler.ru
    [phone] => 88674171186
    [formname] => Обратная связь
)

------------------------

------------------------
14.01.2024 1:43:35
CallbackFormEmailModal
Array
(
    [name] => indomitowot@outlook.com
    [phone] => 84885487443
    [formname] => Обратная связь
)

------------------------

------------------------
14.01.2024 2:09:33
CallbackFormEmailModal
Array
(
    [name] => anatoliyjqkud@rambler.ru
    [phone] => 85422229924
    [formname] => Обратная связь
)

------------------------

------------------------
14.01.2024 4:07:15
CallbackFormEmailModal
Array
(
    [name] => ira890@hostfrost.site
    [phone] => 85526322713
    [formname] => Обратная связь
)

------------------------

------------------------
14.01.2024 6:12:55
CallbackFormEmailModal
Array
(
    [name] => donald27perez64as@rambler.ru
    [phone] => 83611695896
    [formname] => Обратная связь
)

------------------------

------------------------
14.01.2024 6:22:29
CallbackFormEmailModal
Array
(
    [name] => aq92aqa@rambler.ru
    [phone] => 87971932237
    [formname] => Обратная связь
)

------------------------

------------------------
14.01.2024 8:01:37
CallbackFormEmailModal
Array
(
    [name] => xrumerpetr@gmail.com
    [phone] => 85692956189
    [formname] => Обратная связь
)

------------------------

------------------------
14.01.2024 9:44:19
CallbackFormEmailModal
Array
(
    [name] => james52evans82as@rambler.ru
    [phone] => 81996176866
    [formname] => Обратная связь
)

------------------------

------------------------
14.01.2024 10:53:53
CallbackFormEmailModal
Array
(
    [name] => tiocrouchfikata2094@mail.ru
    [phone] => 86588883189
    [formname] => Обратная связь
)

------------------------

------------------------
14.01.2024 11:00:55
CallbackFormEmailModal
Array
(
    [name] => keovakoig@mail.ru
    [phone] => 84658857521
    [formname] => Обратная связь
)

------------------------

------------------------
14.01.2024 11:01:25
CallbackFormEmailModal
Array
(
    [name] => truvthamoconttab2426@mail.ru
    [phone] => 89453233648
    [formname] => Обратная связь
)

------------------------

------------------------
14.01.2024 11:13:48
CallbackFormEmailModal
Array
(
    [name] => gelibomenlo6420@mail.ru
    [phone] => 89196141355
    [formname] => Обратная связь
)

------------------------

------------------------
14.01.2024 11:14:36
CallbackFormEmailModal
Array
(
    [name] => osipova.liliia.1986.22.12@inbox.ru
    [phone] => 83752434149
    [formname] => Обратная связь
)

------------------------

------------------------
14.01.2024 11:18:07
CallbackFormEmailModal
Array
(
    [name] => casinomaniya0@gmail.com
    [phone] => 84618737191
    [formname] => Обратная связь
)

------------------------

------------------------
14.01.2024 11:22:10
CallbackFormEmailModal
Array
(
    [name] => luomor@mail.ru
    [phone] => 83216221172
    [formname] => Обратная связь
)

------------------------

------------------------
14.01.2024 11:22:52
CallbackFormEmailModal
Array
(
    [name] => siegavmut@mail.ru
    [phone] => 83673245759
    [formname] => Обратная связь
)

------------------------

------------------------
14.01.2024 11:24:13
CallbackFormEmailModal
Array
(
    [name] => louttotibiggui7918@mail.ru
    [phone] => 89942977295
    [formname] => Обратная связь
)

------------------------

------------------------
14.01.2024 11:26:12
CallbackFormEmailModal
Array
(
    [name] => saakian.vova.1985.13.9@list.ru
    [phone] => 88922235656
    [formname] => Обратная связь
)

------------------------

------------------------
14.01.2024 13:25:28
CallbackFormEmailModal
Array
(
    [name] => reapuzhesh@mail.ru
    [phone] => 85755633114
    [formname] => Обратная связь
)

------------------------

------------------------
14.01.2024 13:26:38
CallbackFormEmailModal
Array
(
    [name] => shegukazsc@mail.ru
    [phone] => 85148554289
    [formname] => Обратная связь
)

------------------------

------------------------
14.01.2024 13:27:36
CallbackFormEmailModal
Array
(
    [name] => musaev.misha.1982.3.5@list.ru
    [phone] => 84638338563
    [formname] => Обратная связь
)

------------------------

------------------------
14.01.2024 13:32:31
CallbackFormEmailModal
Array
(
    [name] => khachaturian_vania_1981_5_6@bk.ru
    [phone] => 87787489669
    [formname] => Обратная связь
)

------------------------

------------------------
14.01.2024 13:37:24
CallbackFormEmailModal
Array
(
    [name] => tosya.petrenko.02@mail.ru
    [phone] => 87974748674
    [formname] => Обратная связь
)

------------------------

------------------------
14.01.2024 13:41:09
CallbackFormEmailModal
Array
(
    [name] => woodbpurne1983@mail.ru
    [phone] => 86556342718
    [formname] => Обратная связь
)

------------------------

------------------------
14.01.2024 13:45:18
CallbackFormEmailModal
Array
(
    [name] => sirolmitoma6815@mail.ru
    [phone] => 89676389617
    [formname] => Обратная связь
)

------------------------

------------------------
14.01.2024 13:45:26
CallbackFormEmailModal
Array
(
    [name] => gubetride@inbox.ru
    [phone] => 81114789496
    [formname] => Обратная связь
)

------------------------

------------------------
14.01.2024 13:45:45
CallbackFormEmailModal
Array
(
    [name] => sheveleva-alisa@bk.ru
    [phone] => 86773542323
    [formname] => Обратная связь
)

------------------------

------------------------
14.01.2024 13:46:36
CallbackFormEmailModal
Array
(
    [name] => geboxchestza@bk.ru
    [phone] => 89456924717
    [formname] => Обратная связь
)

------------------------

------------------------
14.01.2024 18:20:13
CallbackFormEmailModal
Array
(
    [name] => indomitowot@outlook.com
    [phone] => 83992364761
    [formname] => Обратная связь
)

------------------------

------------------------
14.01.2024 19:23:56
CallbackFormEmailModal
Array
(
    [name] => goldboy1931@gmail.com
    [phone] => 82174149223
    [formname] => Обратная связь
)

------------------------

------------------------
14.01.2024 20:15:52
CallbackFormEmailModal
Array
(
    [name] => dir.e.c.t.-re.l.ka.ma.@mail.ru
    [phone] => 88812643629
    [formname] => Обратная связь
)

------------------------

------------------------
14.01.2024 22:52:41
CallbackFormEmailModal
Array
(
    [name] => shanell.gutman@hotmail.com
    [phone] => 81559194843
    [formname] => Обратная связь
)

------------------------

------------------------
14.01.2024 23:17:19
CallbackFormEmailModal
Array
(
    [name] => indomitowot@outlook.com
    [phone] => 86923148251
    [formname] => Обратная связь
)

------------------------
