
------------------------
26.05.2021 0:35:14
CallbackFormEmailModal
Array
(
    [name] => prowes2091@bk.ru
    [phone] => 79014485925
    [formname] => Обратная связь
)

------------------------

------------------------
26.05.2021 11:26:45
Order
Array
(
    [name] => Джамалдинов Н.Г.
    [email] => dzhamaldinovng@trcont.ru
    [phone] => +7-925-560-9430
    [comment] => Трап Mini Wm 200 с горизонтальным отводом DN50, кол-во: 1, цена: 6300руб.
Способ доставки: Доставка автотранспортом поставщика
Выберите способ оплаты: Оплата на расчетный счет организации
Адрес доставки: Москва, Оружейный пер. д.19

Комментарий к заказу: 

    [formname] => Заказ из корзины
    [fields] => Array
        (
            [price] => 6300
        )

)

------------------------

------------------------
26.05.2021 17:54:03
CallbackFormEmailModal
Array
(
    [name] => rina@likepoint.ru
    [phone] => 81231234567
    [formname] => Обратная связь
)

------------------------
