
------------------------
14.06.2021 9:59:28
CallbackFormEmailModal
Array
(
    [name] => liudmila-creamfaitinam1988@mail.ru
    [phone] => 86716628315
    [formname] => Обратная связь
)

------------------------

------------------------
14.06.2021 10:01:20
CallbackFormEmailModal
Array
(
    [name] => getencofa1985@mail.ru
    [phone] => 85395712964
    [formname] => Обратная связь
)

------------------------

------------------------
14.06.2021 10:29:31
CallbackFormEmailModal
Array
(
    [name] => akhrumerov@inbox.ru
    [phone] => akhrumerov@inbox.ru
    [formname] => Обратная связь
)

------------------------
