
------------------------
20.08.2022 0:06:24
CallbackFormEmailModal
Array
(
    [name] => neko.chan575@gmail.com
    [phone] => 89036842874
    [formname] => Обратная связь
)

------------------------

------------------------
20.08.2022 2:28:34
CallbackFormEmailModal
Array
(
    [name] => shabashabu@yahoo.com
    [phone] => 89034671204
    [formname] => Обратная связь
)

------------------------

------------------------
20.08.2022 4:50:46
CallbackFormEmailModal
Array
(
    [name] => sahinguler1974@hotmail.com
    [phone] => 89032616625
    [formname] => Обратная связь
)

------------------------

------------------------
20.08.2022 5:13:58
CallbackFormEmailModal
Array
(
    [name] => vasili.kuzmin93@gmail.com
    [phone] => 89549818121
    [formname] => Обратная связь
)

------------------------

------------------------
20.08.2022 7:13:35
CallbackFormEmailModal
Array
(
    [name] => m_maamaar_r@yahoo.com
    [phone] => 89037134383
    [formname] => Обратная связь
)

------------------------

------------------------
20.08.2022 9:09:05
CallbackFormEmailModal
Array
(
    [name] => andreyvpetrov132435@gmail.com
    [phone] => 88322781742
    [formname] => Обратная связь
)

------------------------

------------------------
20.08.2022 9:40:46
CallbackFormEmailModal
Array
(
    [name] => gourme_pamela1984@yahoo.com
    [phone] => 89034979206
    [formname] => Обратная связь
)

------------------------

------------------------
20.08.2022 12:03:41
CallbackFormEmailModal
Array
(
    [name] => rablove@live.com
    [phone] => 89030370820
    [formname] => Обратная связь
)

------------------------

------------------------
20.08.2022 13:13:11
CallbackFormEmailModal
Array
(
    [name] => andreyvpetrov132435@gmail.com
    [phone] => 85278799664
    [formname] => Обратная связь
)

------------------------

------------------------
20.08.2022 14:30:12
CallbackFormEmailModal
Array
(
    [name] => normanke@comcast.net
    [phone] => 89039891880
    [formname] => Обратная связь
)

------------------------

------------------------
20.08.2022 16:52:24
CallbackFormEmailModal
Array
(
    [name] => dyugdyuginmobany@yahoo.com
    [phone] => 89036765965
    [formname] => Обратная связь
)

------------------------

------------------------
20.08.2022 19:13:47
CallbackFormEmailModal
Array
(
    [name] => martha_urquijo@yahoo.com
    [phone] => 89037045547
    [formname] => Обратная связь
)

------------------------

------------------------
20.08.2022 21:05:09
CallbackFormEmailModal
Array
(
    [name] => andreyvpetrov132435@gmail.com
    [phone] => 88356139391
    [formname] => Обратная связь
)

------------------------

------------------------
20.08.2022 21:39:10
CallbackFormEmailModal
Array
(
    [name] => be4youdrive@yahoo.com
    [phone] => 89034112607
    [formname] => Обратная связь
)

------------------------
