
------------------------
07.09.2024 1:47:54
CallbackFormEmailModal
Array
(
    [name] => wx12lihe[exygyzotorygetit,2,5]@wxlihe13933.com
    [phone] => 81249338539
    [formname] => Обратная связь
)

------------------------

------------------------
07.09.2024 5:22:05
CallbackFormEmailModal
Array
(
    [name] => erkjasonadams562@gmail.com
    [phone] => 87671889489
    [formname] => Обратная связь
)

------------------------

------------------------
07.09.2024 5:58:37
CallbackFormEmailModal
Array
(
    [name] => cocaines@kypit-kokain-v-ukraine.space
    [phone] => 82746375986
    [formname] => Обратная связь
)

------------------------

------------------------
07.09.2024 7:32:30
CallbackFormEmailModal
Array
(
    [name] => 0e7180xx@freewmail.com
    [phone] => 81139452727
    [formname] => Обратная связь
)

------------------------

------------------------
07.09.2024 11:56:49
CallbackFormEmailModal
Array
(
    [name] => remerbankerlongersvoted@gmail.com
    [phone] => 86799673356
    [formname] => Обратная связь
)

------------------------

------------------------
07.09.2024 13:33:33
CallbackFormEmailModal
Array
(
    [name] => wx12lihe[exygyzotorygetit,2,5]@wxlihe139333.com
    [phone] => 85483371199
    [formname] => Обратная связь
)

------------------------

------------------------
07.09.2024 14:31:12
Order
Array
(
    [name] =>  Сергей Касьянов
    [email] => Kasianovsg@mail.ru
    [phone] => +7-918-518-3133
    [comment] => Лестничная ступень SР 34х38/30х2 Zn 600х240 мм, кол-во: 1, цена: 1100руб.
Способ доставки: Доставка автотранспортом поставщика
Выберите способ оплаты: Оплата наличным
Адрес доставки: 346407, Ростовская область, г. Новочеркасск, ул. Шумакова, 8

Комментарий к заказу: 

    [formname] => Заказ из корзины
    [fields] => Array
        (
            [price] => 11000
        )

)

------------------------

------------------------
07.09.2024 15:37:50
CallbackFormEmailModal
Array
(
    [name] => royal1@xrevelxr.com
    [phone] => 81356839184
    [formname] => Обратная связь
)

------------------------

------------------------
07.09.2024 18:14:53
CallbackFormEmailModal
Array
(
    [name] => allan7@xrevelxr.com
    [phone] => 82397479298
    [formname] => Обратная связь
)

------------------------

------------------------
07.09.2024 21:27:57
CallbackFormEmailModal
Array
(
    [name] => iunskiygipertonik@gmail.com
    [phone] => 81731454719
    [formname] => Обратная связь
)

------------------------

------------------------
07.09.2024 22:55:28
CallbackFormEmailModal
Array
(
    [name] => kayleighbpsteamship@gmail.com
    [phone] => 81956924376
    [formname] => Обратная связь
)

------------------------
