
------------------------
20.10.2024 0:22:47
CallbackFormEmailModal
Array
(
    [name] => dawnnews@gmail.com
    [phone] => 85332161818
    [formname] => Обратная связь
)

------------------------

------------------------
20.10.2024 3:07:50
CallbackFormEmailModal
Array
(
    [name] => youbfdsxrel@rudiplomust.com
    [phone] => 81682598884
    [formname] => Обратная связь
)

------------------------

------------------------
20.10.2024 3:37:17
CallbackFormEmailModal
Array
(
    [name] => hkuueujkjk@outlook.com
    [phone] => 87748524324
    [formname] => Обратная связь
)

------------------------

------------------------
20.10.2024 4:06:34
CallbackFormEmailModal
Array
(
    [name] => yhswtklwrel@rudiplomust.com
    [phone] => 84416613532
    [formname] => Обратная связь
)

------------------------

------------------------
20.10.2024 4:06:35
CallbackFormEmailModal
Array
(
    [name] => pzvonunrhel@rudiplomust.com
    [phone] => 84968593367
    [formname] => Обратная связь
)

------------------------

------------------------
20.10.2024 6:01:36
CallbackFormEmailModal
Array
(
    [name] => yhuihhwjgel@rudiplomust.com
    [phone] => 84435158614
    [formname] => Обратная связь
)

------------------------

------------------------
20.10.2024 7:36:25
CallbackFormEmailModal
Array
(
    [name] => nqclawzzaka@rudiplomust.com
    [phone] => 86121636816
    [formname] => Обратная связь
)

------------------------

------------------------
20.10.2024 9:08:13
CallbackFormEmailModal
Array
(
    [name] => zhanna.oleynikova.73@bk.ru
    [phone] => 89818342255
    [formname] => Обратная связь
)

------------------------

------------------------
20.10.2024 10:48:21
CallbackFormEmailModal
Array
(
    [name] => axobajigufo34@gmail.com
    [phone] => 86579735116
    [formname] => Обратная связь
)

------------------------

------------------------
20.10.2024 13:33:28
CallbackFormEmailModal
Array
(
    [name] => qnnxxbsueel@rudiplomust.com
    [phone] => 82625176165
    [formname] => Обратная связь
)

------------------------

------------------------
20.10.2024 13:40:10
CallbackFormEmailModal
Array
(
    [name] => rimmamedvedeva964@rambler.ru
    [phone] => 81655575139
    [formname] => Обратная связь
)

------------------------

------------------------
20.10.2024 13:55:22
CallbackFormEmailModal
Array
(
    [name] => wa3msihx@5way5.com
    [phone] => 83487295282
    [formname] => Обратная связь
)

------------------------

------------------------
20.10.2024 15:02:58
CallbackFormEmailModal
Array
(
    [name] => hy5lfglx@2mailcache.com
    [phone] => 83295817517
    [formname] => Обратная связь
)

------------------------

------------------------
20.10.2024 15:30:10
CallbackFormEmailModal
Array
(
    [name] => uevmajqmhel@rudiplomust.com
    [phone] => 85785634293
    [formname] => Обратная связь
)

------------------------

------------------------
20.10.2024 16:15:46
CallbackFormEmailModal
Array
(
    [name] => tehno@enciclopedia.biz
    [phone] => 86582832458
    [formname] => Обратная связь
)

------------------------

------------------------
20.10.2024 17:34:23
CallbackFormEmailModal
Array
(
    [name] => 0scofoco@1mailcache.com
    [phone] => 83846154266
    [formname] => Обратная связь
)

------------------------

------------------------
20.10.2024 18:42:45
CallbackFormEmailModal
Array
(
    [name] => vbtt8ib4@3way3.com
    [phone] => 89168726268
    [formname] => Обратная связь
)

------------------------

------------------------
20.10.2024 23:25:22
CallbackFormEmailModal
Array
(
    [name] => codowdecong1971@op.pl
    [phone] => 86572231916
    [formname] => Обратная связь
)

------------------------
