
------------------------
21.12.2022 1:06:23
CallbackFormEmailModal
Array
(
    [name] => l.u.kin.o.v.i.c.h.2.022.13.55@gmail.com

    [phone] => 84846492251
    [formname] => Обратная связь
)

------------------------

------------------------
21.12.2022 2:08:39
CallbackFormEmailModal
Array
(
    [name] => dengin-nikolay331@mail.ru
    [phone] => 88859365431
    [formname] => Обратная связь
)

------------------------

------------------------
21.12.2022 2:52:16
CallbackFormEmailModal
Array
(
    [name] => info@ochki-rostov.ru
    [phone] => 83236567764
    [formname] => Обратная связь
)

------------------------

------------------------
21.12.2022 7:33:24
CallbackFormEmailModal
Array
(
    [name] => bazzi2023@bk.ru
    [phone] => 79893450363
    [formname] => Обратная связь
)

------------------------

------------------------
21.12.2022 16:28:25
CallbackFormEmailModal
Array
(
    [name] => admin@11051106.org
    [phone] => 83376952557
    [formname] => Обратная связь
)

------------------------

------------------------
21.12.2022 19:58:11
CallbackFormEmailModal
Array
(
    [name] => r.a.c.h.e.l.m.o.r.a.lese@gmail.com
    [phone] => 84213629931
    [formname] => Обратная связь
)

------------------------

------------------------
21.12.2022 20:34:39
CallbackFormEmailModal
Array
(
    [name] => disppursoftgnit19788@rambler.ru
    [phone] => +71231234567
    [formname] => Обратная связь
)

------------------------

------------------------
21.12.2022 22:18:56
CallbackFormEmailModal
Array
(
    [name] => no-replysuinuts@gmail.com
    [phone] => 83457626351
    [formname] => Обратная связь
)

------------------------

------------------------
21.12.2022 22:28:15
CallbackFormEmailModal
Array
(
    [name] => gbokinnm@mail.ru
    [phone] => 85392259838
    [formname] => Обратная связь
)

------------------------

------------------------
21.12.2022 23:45:09
CallbackFormEmailModal
Array
(
    [name] => ir.in.a.m.a.sl.ov.ic@gmail.com
    [phone] => 83441173728
    [formname] => Обратная связь
)

------------------------
