
------------------------
11.04.2022 1:51:30
CallbackFormEmailModal
Array
(
    [name] => jandersonjgf3@gmail.com
    [phone] => jandersonjgf3@gmail.com
    [formname] => Обратная связь
)

------------------------

------------------------
11.04.2022 1:51:38
CallbackFormEmailModal
Array
(
    [name] => jandersonjgf3@gmail.com
    [phone] => jandersonjgf3@gmail.com
    [formname] => Обратная связь
)

------------------------

------------------------
11.04.2022 1:51:55
CallbackFormEmailModal
Array
(
    [name] => jandersonjgf3@gmail.com
    [phone] => jandersonjgf3@gmail.com
    [formname] => Обратная связь
)

------------------------

------------------------
11.04.2022 1:52:02
CallbackFormEmailModal
Array
(
    [name] => jandersonjgf3@gmail.com
    [phone] => jandersonjgf3@gmail.com
    [formname] => Обратная связь
)

------------------------

------------------------
11.04.2022 6:35:30
CallbackFormEmailModal
Array
(
    [name] => 923@3.diflucan4all.top
    [phone] => 84129185326
    [formname] => Обратная связь
)

------------------------

------------------------
11.04.2022 9:16:54
CallbackFormEmailModal
Array
(
    [name] => meerway@mktmail.xyz
    [phone] => 83762156546
    [formname] => Обратная связь
)

------------------------

------------------------
11.04.2022 12:44:52
CallbackEmailModal
Array
(
    [name] => suilymn@adann.xyz
    [phone] => 84131851427
    [comment] => Название продуката: Решетка водоприемная Ячеистая пластиковая, кл. А15
Комменатрий: Giaxhj https://bestadalafil.com/ - buying cialis online usa Viagra Guaranteed Pharmacy <a href="https://bestadalafil.com/">legit cialis online</a> Viagracanada Curgtc https://bestadalafil.com/ - Cialis
    [formname] => Задать вопрос по товару
)

------------------------

------------------------
11.04.2022 13:45:13
CallbackFormEmailModal
Array
(
    [name] => wr-jeka@mail.ru
    [phone] => 85145966733
    [formname] => Обратная связь
)

------------------------

------------------------
11.04.2022 17:27:53
CallbackFormEmailModal
Array
(
    [name] => pendikovoleg@mail.ru
    [phone] => 85388723546
    [formname] => Обратная связь
)

------------------------

------------------------
11.04.2022 22:05:09
CallbackFormEmailModal
Array
(
    [name] => no-replysuinuts@gmail.com
    [phone] => 84954512381
    [formname] => Обратная связь
)

------------------------
