
------------------------
27.12.2023 9:17:01
CallbackFormEmailModal
Array
(
    [name] => william51mitchell17as@rambler.ru
    [phone] => 88681443454
    [formname] => Обратная связь
)

------------------------

------------------------
27.12.2023 13:04:31
CallbackFormEmailModal
Array
(
    [name] => danielgen8755@outlook.com
    [phone] => 85339874769
    [formname] => Обратная связь
)

------------------------

------------------------
27.12.2023 15:48:43
CallbackFormEmailModal
Array
(
    [name] => william90young09as@rambler.ru
    [phone] => 88786116722
    [formname] => Обратная связь
)

------------------------

------------------------
27.12.2023 17:15:21
CallbackFormEmailModal
Array
(
    [name] => dsadsadas@mail.com
    [phone] => 86573737136
    [formname] => Обратная связь
)

------------------------
