
------------------------
10.01.2025 0:08:53
CallbackFormEmailModal
Array
(
    [name] => isandewplel@rudiplomust.com
    [phone] => 85685752473
    [formname] => Обратная связь
)

------------------------

------------------------
10.01.2025 0:31:42
CallbackFormEmailModal
Array
(
    [name] => hecjjhfvrel@rudiplomust.com
    [phone] => 85175641496
    [formname] => Обратная связь
)

------------------------

------------------------
10.01.2025 0:44:04
CallbackFormEmailModal
Array
(
    [name] => ixcwlfjwzSi@rudiplomust.com
    [phone] => 83145388975
    [formname] => Обратная связь
)

------------------------

------------------------
10.01.2025 1:34:06
CallbackFormEmailModal
Array
(
    [name] => barbariska8912@gmail.com
    [phone] => 84963465481
    [formname] => Обратная связь
)

------------------------

------------------------
10.01.2025 1:38:00
CallbackFormEmailModal
Array
(
    [name] => goldboy1931@gmail.com
    [phone] => 88264963759
    [formname] => Обратная связь
)

------------------------

------------------------
10.01.2025 2:58:31
CallbackFormEmailModal
Array
(
    [name] => aq34aqa@rambler.ru
    [phone] => 84789592548
    [formname] => Обратная связь
)

------------------------

------------------------
10.01.2025 3:13:46
CallbackFormEmailModal
Array
(
    [name] => hru10@kirzzioh.store

    [phone] => Bitcoin Bonuses Are Waiting. Click To Claim Your Rewards
 >>> https://t.me/+dngz9kj  #Lolllukazzzur333
 <<<
    [formname] => Обратная связь
)

------------------------

------------------------
10.01.2025 5:02:05
CallbackFormEmailModal
Array
(
    [name] => barbariska8912@gmail.com
    [phone] => 84885281823
    [formname] => Обратная связь
)

------------------------

------------------------
10.01.2025 5:38:04
CallbackFormEmailModal
Array
(
    [name] => dpubyzhocel@rudiplomust.com
    [phone] => 82397649351
    [formname] => Обратная связь
)

------------------------

------------------------
10.01.2025 7:23:07
CallbackFormEmailModal
Array
(
    [name] => agxfzpyfmKt@rudiplomust.com
    [phone] => 85842924798
    [formname] => Обратная связь
)

------------------------

------------------------
10.01.2025 9:01:59
CallbackFormEmailModal
Array
(
    [name] => kozlovvarlen19782037@mail.ru
    [phone] => 89558875279
    [formname] => Обратная связь
)

------------------------

------------------------
10.01.2025 9:57:50
CallbackFormEmailModal
Array
(
    [name] => rodionoverik1735@mail.ru
    [phone] => 81436961983
    [formname] => Обратная связь
)

------------------------

------------------------
10.01.2025 10:09:59
CallbackFormEmailModal
Array
(
    [name] => ilya.igoshin.85@mail.ru
    [phone] => 86734472376
    [formname] => Обратная связь
)

------------------------

------------------------
10.01.2025 10:54:14
CallbackFormEmailModal
Array
(
    [name] => deacren@mail.ru
    [phone] => 89622939393
    [formname] => Обратная связь
)

------------------------

------------------------
10.01.2025 11:15:40
CallbackFormEmailModal
Array
(
    [name] => economics@belarus-nau.org

    [phone] => Kurwa Bober!!!
 >>> https://u.to/ahodIQ
 <<<
    [formname] => Обратная связь
)

------------------------

------------------------
10.01.2025 11:41:39
CallbackFormEmailModal
Array
(
    [name] => ktxltyieael@rudiplomust.com
    [phone] => 83725456623
    [formname] => Обратная связь
)

------------------------

------------------------
10.01.2025 11:43:53
CallbackFormEmailModal
Array
(
    [name] => gsoiakhhfel@rudiplomust.com
    [phone] => 82717735652
    [formname] => Обратная связь
)

------------------------

------------------------
10.01.2025 12:58:05
CallbackFormEmailModal
Array
(
    [name] => progon@progon.fun
    [phone] => 87815342818
    [formname] => Обратная связь
)

------------------------

------------------------
10.01.2025 13:04:14
CallbackFormEmailModal
Array
(
    [name] => anya.genger@mail.ru
    [phone] => 89921235956
    [formname] => Обратная связь
)

------------------------

------------------------
10.01.2025 13:40:28
CallbackFormEmailModal
Array
(
    [name] => margarit_ternova1999@mail.ru
    [phone] => 89738698431
    [formname] => Обратная связь
)

------------------------

------------------------
10.01.2025 15:24:15
CallbackFormEmailModal
Array
(
    [name] => lolerex241@ovout.com
    [phone] => 88491365446
    [formname] => Обратная связь
)

------------------------

------------------------
10.01.2025 15:24:21
CallbackFormEmailModal
Array
(
    [name] => lolerex241@ovout.com
    [phone] => 86995254628
    [formname] => Обратная связь
)

------------------------

------------------------
10.01.2025 19:52:21
CallbackFormEmailModal
Array
(
    [name] => astr8118@gmail.com
    [phone] => 86319215721
    [formname] => Обратная связь
)

------------------------

------------------------
10.01.2025 20:58:49
CallbackFormEmailModal
Array
(
    [name] => kahzfocipel@rudiplomust.com
    [phone] => 83143531543
    [formname] => Обратная связь
)

------------------------

------------------------
10.01.2025 22:18:58
CallbackFormEmailModal
Array
(
    [name] => trishajf_stephenson0t@hotmail.com
    [phone] => 84918516858
    [formname] => Обратная связь
)

------------------------

------------------------
10.01.2025 23:07:32
CallbackFormEmailModal
Array
(
    [name] => jirirpnbrel@rudiplomust.com
    [phone] => 81189953814
    [formname] => Обратная связь
)

------------------------
