
------------------------
02.06.2024 1:24:43
CallbackFormEmailModal
Array
(
    [name] => borisgendelman22@outlook.com
    [phone] => 85657473467
    [formname] => Обратная связь
)

------------------------

------------------------
02.06.2024 5:54:16
CallbackFormEmailModal
Array
(
    [name] => guglakk.555@gmail.com
    [phone] => 83464939668
    [formname] => Обратная связь
)

------------------------

------------------------
02.06.2024 6:00:19
CallbackFormEmailModal
Array
(
    [name] => kaenquirynicholls@gmail.com
    [phone] => 88562478396
    [formname] => Обратная связь
)

------------------------

------------------------
02.06.2024 6:08:47
CallbackFormEmailModal
Array
(
    [name] => hicosired1988@op.pl
    [phone] => 85721172252
    [formname] => Обратная связь
)

------------------------

------------------------
02.06.2024 13:10:51
CallbackFormEmailModal
Array
(
    [name] => 04166285@seo-ul.store
    [phone] => 81798119119
    [formname] => Обратная связь
)

------------------------

------------------------
02.06.2024 16:19:17
CallbackFormEmailModal
Array
(
    [name] => e.nt.e.ro.ffic.e22.07.20.2.2.3@gmail.com

    [phone] => 82196384871
    [formname] => Обратная связь
)

------------------------

------------------------
02.06.2024 16:28:11
CallbackFormEmailModal
Array
(
    [name] => niwyigyfx@georonbuzztal.online
    [phone] => 86257839827
    [formname] => Обратная связь
)

------------------------

------------------------
02.06.2024 17:49:38
CallbackFormEmailModal
Array
(
    [name] => merswechmechi1977@op.pl
    [phone] => 81491864297
    [formname] => Обратная связь
)

------------------------

------------------------
02.06.2024 18:21:17
CallbackFormEmailModal
Array
(
    [name] => goldboy1931@gmail.com
    [phone] => 81911843634
    [formname] => Обратная связь
)

------------------------

------------------------
02.06.2024 20:43:34
CallbackFormEmailModal
Array
(
    [name] => larg@largeheart.ru
    [phone] => 88895323397
    [formname] => Обратная связь
)

------------------------

------------------------
02.06.2024 21:10:17
CallbackFormEmailModal
Array
(
    [name] => borisgendelman22@outlook.com
    [phone] => 82447298123
    [formname] => Обратная связь
)

------------------------

------------------------
02.06.2024 22:53:26
CallbackFormEmailModal
Array
(
    [name] => avcredmoncva1987@op.pl
    [phone] => 86283659123
    [formname] => Обратная связь
)

------------------------

------------------------
02.06.2024 23:15:56
CallbackFormEmailModal
Array
(
    [name] => qweqr191rs@rambler.ru
    [phone] => 87112427367
    [formname] => Обратная связь
)

------------------------

------------------------
02.06.2024 23:17:08
CallbackFormEmailModal
Array
(
    [name] => niamemullia1988@op.pl
    [phone] => 81948732882
    [formname] => Обратная связь
)

------------------------
