
------------------------
01.10.2022 3:51:43
CallbackFormEmailModal
Array
(
    [name] => mari_kravchenko_1995@mail.ru
    [phone] => 89238575716
    [formname] => Обратная связь
)

------------------------

------------------------
01.10.2022 3:51:43
CallbackFormEmailModal
Array
(
    [name] => yaroslav_f_69@bk.ru
    [phone] => 86619776699
    [formname] => Обратная связь
)

------------------------

------------------------
01.10.2022 3:51:44
CallbackFormEmailModal
Array
(
    [name] => orlov.daniil.74@mail.ru
    [phone] => 82642541328
    [formname] => Обратная связь
)

------------------------

------------------------
01.10.2022 3:52:45
CallbackFormEmailModal
Array
(
    [name] => valeriyfedotov1962@inbox.ru
    [phone] => 89789367367
    [formname] => Обратная связь
)

------------------------

------------------------
01.10.2022 3:52:45
CallbackFormEmailModal
Array
(
    [name] => tema.danilov.1969@inbox.ru
    [phone] => 84851427653
    [formname] => Обратная связь
)

------------------------

------------------------
01.10.2022 3:53:04
CallbackFormEmailModal
Array
(
    [name] => nastyusha.belousova.2002@mail.ru
    [phone] => 84644537892
    [formname] => Обратная связь
)

------------------------

------------------------
01.10.2022 3:53:04
CallbackFormEmailModal
Array
(
    [name] => lidiya_efimova_1979@list.ru
    [phone] => 82983419152
    [formname] => Обратная связь
)

------------------------

------------------------
01.10.2022 3:54:31
CallbackFormEmailModal
Array
(
    [name] => evgeniy-vorobyov-1987@list.ru
    [phone] => 81456878923
    [formname] => Обратная связь
)

------------------------

------------------------
01.10.2022 3:57:11
CallbackFormEmailModal
Array
(
    [name] => ivanova.iulia.1977.20.10@mail.ru
    [phone] => 81625888654
    [formname] => Обратная связь
)

------------------------

------------------------
01.10.2022 6:00:42
CallbackFormEmailModal
Array
(
    [name] => syoma_shults_1982@bk.ru
    [phone] => 85647888638
    [formname] => Обратная связь
)

------------------------

------------------------
01.10.2022 6:01:38
CallbackFormEmailModal
Array
(
    [name] => mixajlova_renata_mikhaylova_198@list.ru
    [phone] => 89874623565
    [formname] => Обратная связь
)

------------------------

------------------------
01.10.2022 6:01:54
CallbackFormEmailModal
Array
(
    [name] => margarita-vinogradova-1994@inbox.ru
    [phone] => 88745191217
    [formname] => Обратная связь
)

------------------------

------------------------
01.10.2022 6:05:59
CallbackFormEmailModal
Array
(
    [name] => yaroslavzakharov1969@bk.ru
    [phone] => 83519516315
    [formname] => Обратная связь
)

------------------------

------------------------
01.10.2022 6:05:59
CallbackFormEmailModal
Array
(
    [name] => lyuba_bolshakova_1977@mail.ru
    [phone] => 87135371545
    [formname] => Обратная связь
)

------------------------

------------------------
01.10.2022 6:06:56
CallbackFormEmailModal
Array
(
    [name] => aleksandr-ignatev-1999@inbox.ru
    [phone] => 81943415934
    [formname] => Обратная связь
)

------------------------

------------------------
01.10.2022 6:13:55
CallbackFormEmailModal
Array
(
    [name] => danya-abramov-1980@bk.ru
    [phone] => 89429347845
    [formname] => Обратная связь
)

------------------------

------------------------
01.10.2022 6:18:13
CallbackFormEmailModal
Array
(
    [name] => lenya_baranov_1996@inbox.ru
    [phone] => 84845985251
    [formname] => Обратная связь
)

------------------------

------------------------
01.10.2022 6:19:49
CallbackFormEmailModal
Array
(
    [name] => granit.artemev@list.ru
    [phone] => 88136989789
    [formname] => Обратная связь
)

------------------------

------------------------
01.10.2022 6:38:45
CallbackFormEmailModal
Array
(
    [name] => stepan_petrov_1999@list.ru
    [phone] => 89788975787
    [formname] => Обратная связь
)

------------------------

------------------------
01.10.2022 7:28:16
CallbackFormEmailModal
Array
(
    [name] => ylindsee9v0bo46z7y2@outlook.com
    [phone] => ylindsee9v0bo46z7y2@outlook.com
    [formname] => Обратная связь
)

------------------------

------------------------
01.10.2022 7:28:20
CallbackFormEmailModal
Array
(
    [name] => ylindsee9v0bo46z7y2@outlook.com
    [phone] => ylindsee9v0bo46z7y2@outlook.com
    [formname] => Обратная связь
)

------------------------

------------------------
01.10.2022 11:50:51
CallbackFormEmailModal
Array
(
    [name] => c.al.v.i.nb.e.s.tami.g.o.@gmail.com
    [phone] => 86386654266
    [formname] => Обратная связь
)

------------------------

------------------------
01.10.2022 14:25:17
CallbackFormEmailModal
Array
(
    [name] => andr.schmidt.fm@ndr.de
    [phone] => 85873367144
    [formname] => Обратная связь
)

------------------------

------------------------
01.10.2022 14:43:02
CallbackFormEmailModal
Array
(
    [name] => no-replysuinuts@gmail.com
    [phone] => 83218511843
    [formname] => Обратная связь
)

------------------------
