
------------------------
11.07.2022 0:35:54
CallbackFormEmailModal
Array
(
    [name] => faryalmaroof@yahoo.com
    [phone] => 89031077242
    [formname] => Обратная связь
)

------------------------

------------------------
11.07.2022 0:59:04
CallbackFormEmailModal
Array
(
    [name] => evafomina1967@list.ru
    [phone] => 87888531899
    [formname] => Обратная связь
)

------------------------

------------------------
11.07.2022 1:06:11
CallbackFormEmailModal
Array
(
    [name] => roksana-morozova-1964@inbox.ru
    [phone] => 89957581179
    [formname] => Обратная связь
)

------------------------

------------------------
11.07.2022 1:26:14
CallbackFormEmailModal
Array
(
    [name] => timurodk@inbox.ru
    [phone] => 84861592935
    [formname] => Обратная связь
)

------------------------

------------------------
11.07.2022 1:49:16
CallbackFormEmailModal
Array
(
    [name] => lena_kolesnikova_1998@inbox.ru
    [phone] => 87883969626
    [formname] => Обратная связь
)

------------------------

------------------------
11.07.2022 2:05:44
CallbackFormEmailModal
Array
(
    [name] => misha.1979.sobolev@bk.ru
    [phone] => 89694661653
    [formname] => Обратная связь
)

------------------------

------------------------
11.07.2022 2:15:12
CallbackFormEmailModal
Array
(
    [name] => smirnov-sergey-smirnov-1991-ser@bk.ru
    [phone] => 81535566755
    [formname] => Обратная связь
)

------------------------

------------------------
11.07.2022 2:32:17
CallbackFormEmailModal
Array
(
    [name] => semyon_orlov_1973@inbox.ru
    [phone] => 87882951853
    [formname] => Обратная связь
)

------------------------

------------------------
11.07.2022 6:07:37
CallbackFormEmailModal
Array
(
    [name] => wb2oz8188@list.ru
    [phone] => 79850569940
    [formname] => Обратная связь
)

------------------------

------------------------
11.07.2022 7:10:27
CallbackFormEmailModal
Array
(
    [name] => olya.blinova.1999@inbox.ru
    [phone] => 85399786255
    [formname] => Обратная связь
)

------------------------

------------------------
11.07.2022 7:18:42
CallbackFormEmailModal
Array
(
    [name] => eduard_bykov_98@bk.ru
    [phone] => 84656961797
    [formname] => Обратная связь
)

------------------------

------------------------
11.07.2022 7:20:36
CallbackFormEmailModal
Array
(
    [name] => renata.nikiforova.1972@inbox.ru
    [phone] => 87668599334
    [formname] => Обратная связь
)

------------------------

------------------------
11.07.2022 7:32:14
CallbackFormEmailModal
Array
(
    [name] => veselova.evelina.2018@bk.ru
    [phone] => 89111372831
    [formname] => Обратная связь
)

------------------------

------------------------
11.07.2022 8:26:15
CallbackFormEmailModal
Array
(
    [name] => ivan.bogdanov.1970@inbox.ru
    [phone] => 87686432988
    [formname] => Обратная связь
)

------------------------

------------------------
11.07.2022 8:38:38
CallbackFormEmailModal
Array
(
    [name] => vasilisa.petrova.1959@inbox.ru
    [phone] => 89717154885
    [formname] => Обратная связь
)

------------------------

------------------------
11.07.2022 8:45:27
CallbackFormEmailModal
Array
(
    [name] => rostik.zakharov.1991@inbox.ru
    [phone] => 84148447725
    [formname] => Обратная связь
)

------------------------

------------------------
11.07.2022 8:47:24
CallbackFormEmailModal
Array
(
    [name] => yakovlev_zhorik@bk.ru
    [phone] => 85775484231
    [formname] => Обратная связь
)

------------------------

------------------------
11.07.2022 9:01:02
CallbackFormEmailModal
Array
(
    [name] => ivan.vanya.sokolov.1989.sokolov@bk.ru
    [phone] => 89259274977
    [formname] => Обратная связь
)

------------------------

------------------------
11.07.2022 9:02:55
CallbackFormEmailModal
Array
(
    [name] => rusya.denisov.1996@list.ru
    [phone] => 81254662337
    [formname] => Обратная связь
)

------------------------

------------------------
11.07.2022 9:20:50
CallbackFormEmailModal
Array
(
    [name] => olya.blinova.1999@inbox.ru
    [phone] => 85532994987
    [formname] => Обратная связь
)

------------------------

------------------------
11.07.2022 9:30:36
CallbackFormEmailModal
Array
(
    [name] => eduard_bykov_98@bk.ru
    [phone] => 84816167547
    [formname] => Обратная связь
)

------------------------

------------------------
11.07.2022 9:38:26
CallbackEmailModal
Array
(
    [name] => Артём
    [phone] => +7(968)596-70-08
    [comment] => Название продуката: Лестничная ступень SР 34х38/40х3 Zn 1200х305 мм
Комменатрий: Здравствуйте! Нужны лестничные ступени 5 штук размером 140*30,5 см и площадка лестницы 160*75 см. Возможно выполнить их на заказ?
    [formname] => Задать вопрос по товару
)

------------------------

------------------------
11.07.2022 10:44:58
CallbackFormEmailModal
Array
(
    [name] => valya_lebedeva_1979@bk.ru
    [phone] => 87488951518
    [formname] => Обратная связь
)

------------------------

------------------------
11.07.2022 11:18:41
CallbackFormEmailModal
Array
(
    [name] => oleg.olegromanov1991.romanov@inbox.ru
    [phone] => 83254933392
    [formname] => Обратная связь
)

------------------------

------------------------
11.07.2022 12:17:49
CallbackFormEmailModal
Array
(
    [name] => veselova.evelina.2018@bk.ru
    [phone] => 85224279419
    [formname] => Обратная связь
)

------------------------

------------------------
11.07.2022 12:31:49
CallbackFormEmailModal
Array
(
    [name] => valya_lebedeva_1979@bk.ru
    [phone] => 87354144999
    [formname] => Обратная связь
)

------------------------

------------------------
11.07.2022 13:20:14
CallbackFormEmailModal
Array
(
    [name] => svetlana-sukhanova-1975@list.ru
    [phone] => 84612792816
    [formname] => Обратная связь
)

------------------------

------------------------
11.07.2022 13:22:19
CallbackFormEmailModal
Array
(
    [name] => liza_popova_1970@inbox.ru
    [phone] => 85391755469
    [formname] => Обратная связь
)

------------------------

------------------------
11.07.2022 13:35:48
CallbackFormEmailModal
Array
(
    [name] => zhenya-osipov-1991@bk.ru
    [phone] => 85613588679
    [formname] => Обратная связь
)

------------------------

------------------------
11.07.2022 13:37:34
CallbackFormEmailModal
Array
(
    [name] => oleg.olegromanov1991.romanov@inbox.ru
    [phone] => 84294936286
    [formname] => Обратная связь
)

------------------------

------------------------
11.07.2022 13:41:02
CallbackFormEmailModal
Array
(
    [name] => a-medvedeva-88@mail.ru
    [phone] => 86984426169
    [formname] => Обратная связь
)

------------------------

------------------------
11.07.2022 13:44:19
CallbackFormEmailModal
Array
(
    [name] => zhanna.filippova.1976@inbox.ru
    [phone] => 86133552535
    [formname] => Обратная связь
)

------------------------

------------------------
11.07.2022 13:55:22
CallbackFormEmailModal
Array
(
    [name] => boris.ignatev.1999@bk.ru
    [phone] => 84657843663
    [formname] => Обратная связь
)

------------------------

------------------------
11.07.2022 15:17:28
CallbackFormEmailModal
Array
(
    [name] => arkadij_85@bk.ru
    [phone] => 88147247897
    [formname] => Обратная связь
)

------------------------

------------------------
11.07.2022 15:25:11
CallbackFormEmailModal
Array
(
    [name] => kira_sergeeva_1959@bk.ru
    [phone] => 88468649155
    [formname] => Обратная связь
)

------------------------

------------------------
11.07.2022 15:31:06
CallbackFormEmailModal
Array
(
    [name] => francois@gammae.com
    [phone] => 89031429303
    [formname] => Обратная связь
)

------------------------

------------------------
11.07.2022 15:32:24
CallbackFormEmailModal
Array
(
    [name] => elena_markova_74@bk.ru
    [phone] => 86793455831
    [formname] => Обратная связь
)

------------------------

------------------------
11.07.2022 15:39:58
CallbackFormEmailModal
Array
(
    [name] => boris.ignatev.1999@bk.ru
    [phone] => 88228761958
    [formname] => Обратная связь
)

------------------------

------------------------
11.07.2022 16:42:52
CallbackFormEmailModal
Array
(
    [name] => renata.nikiforova.1972@inbox.ru
    [phone] => 84511363771
    [formname] => Обратная связь
)

------------------------

------------------------
11.07.2022 17:39:40
CallbackFormEmailModal
Array
(
    [name] => yarik.baranov.1960@list.ru
    [phone] => 82163695824
    [formname] => Обратная связь
)

------------------------

------------------------
11.07.2022 17:42:35
CallbackFormEmailModal
Array
(
    [name] => kira_sergeeva_1959@bk.ru
    [phone] => 85176661533
    [formname] => Обратная связь
)

------------------------

------------------------
11.07.2022 17:44:55
CallbackFormEmailModal
Array
(
    [name] => elena_markova_74@bk.ru
    [phone] => 81151941727
    [formname] => Обратная связь
)

------------------------

------------------------
11.07.2022 18:06:43
CallbackFormEmailModal
Array
(
    [name] => svetlana.m.96@list.ru
    [phone] => 83489173189
    [formname] => Обратная связь
)

------------------------

------------------------
11.07.2022 18:09:40
CallbackFormEmailModal
Array
(
    [name] => Eldon Qadeer
    [phone] => LeandroLapilio@gmail.com
    [formname] => Обратная связь
)

------------------------

------------------------
11.07.2022 18:20:25
CallbackFormEmailModal
Array
(
    [name] => regina.aleksandrova.99@list.ru
    [phone] => 88696493299
    [formname] => Обратная связь
)

------------------------

------------------------
11.07.2022 19:16:33
CallbackFormEmailModal
Array
(
    [name] => l_borisova_1970@list.ru
    [phone] => 82619731321
    [formname] => Обратная связь
)

------------------------

------------------------
11.07.2022 19:27:33
CallbackFormEmailModal
Array
(
    [name] => rita_veselova_1990@inbox.ru
    [phone] => 83356492126
    [formname] => Обратная связь
)

------------------------

------------------------
11.07.2022 20:55:10
CallbackFormEmailModal
Array
(
    [name] => rita_veselova_1990@inbox.ru
    [phone] => 89647691813
    [formname] => Обратная связь
)

------------------------

------------------------
11.07.2022 20:57:25
CallbackFormEmailModal
Array
(
    [name] => tyoma.kiselyov.72@inbox.ru
    [phone] => 85459481835
    [formname] => Обратная связь
)

------------------------

------------------------
11.07.2022 21:28:03
CallbackFormEmailModal
Array
(
    [name] => zinaidanikiforova1970@list.ru
    [phone] => 86785859213
    [formname] => Обратная связь
)

------------------------

------------------------
11.07.2022 23:14:49
Order
Array
(
    [name] => ЗахаровВадим Владимирович 
    [email] => nord996@yandex.ru
    [phone] => +7-926-996-9966
    [comment] => Лестничная ступень SР 34х38/30х3 Zn 1000х270 мм, кол-во: 1, цена: 2050руб.
Способ доставки: Самовывоз со склада
Выберите способ оплаты: Оплата наличным

Комментарий к заказу: 

    [formname] => Заказ из корзины
    [fields] => Array
        (
            [price] => 41000
        )

)

------------------------
