
------------------------
08.02.2025 1:19:50
CallbackFormEmailModal
Array
(
    [name] => abzxtptdgel@rudiplomust.com
    [phone] => 89112555797
    [formname] => Обратная связь
)

------------------------

------------------------
08.02.2025 3:01:29
CallbackFormEmailModal
Array
(
    [name] => pkvycvkonel@rudiplomust.com
    [phone] => 85554321914
    [formname] => Обратная связь
)

------------------------

------------------------
08.02.2025 7:11:08
CallbackFormEmailModal
Array
(
    [name] => mgcbkepmu@railugpharow.shop
    [phone] => 89941811841
    [formname] => Обратная связь
)

------------------------

------------------------
08.02.2025 7:38:49
CallbackFormEmailModal
Array
(
    [name] => odmdmpayuel@rudiplomust.com
    [phone] => 86127785551
    [formname] => Обратная связь
)

------------------------

------------------------
08.02.2025 9:00:27
CallbackFormEmailModal
Array
(
    [name] => panova.elena.1992.23.11@bk.ru
    [phone] => 88689135925
    [formname] => Обратная связь
)

------------------------

------------------------
08.02.2025 9:03:59
CallbackFormEmailModal
Array
(
    [name] => osipova.liliia.1986.22.12@inbox.ru
    [phone] => 82773869191
    [formname] => Обратная связь
)

------------------------

------------------------
08.02.2025 9:14:28
CallbackFormEmailModal
Array
(
    [name] => gabrielakuzmina1989@list.ru
    [phone] => 82978784298
    [formname] => Обратная связь
)

------------------------

------------------------
08.02.2025 9:33:15
CallbackFormEmailModal
Array
(
    [name] => postsaddtaliretneu@mail.ru
    [phone] => 89675164189
    [formname] => Обратная связь
)

------------------------

------------------------
08.02.2025 10:03:14
CallbackFormEmailModal
Array
(
    [name] => eepovda@bk.ru
    [phone] => 81664796825
    [formname] => Обратная связь
)

------------------------

------------------------
08.02.2025 10:21:07
CallbackFormEmailModal
Array
(
    [name] => iflxdsjqsel@rudiplomust.com
    [phone] => 82738591279
    [formname] => Обратная связь
)

------------------------

------------------------
08.02.2025 10:22:58
CallbackFormEmailModal
Array
(
    [name] => ftvvqsqtrel@rudiplomust.com
    [phone] => 84617459512
    [formname] => Обратная связь
)

------------------------

------------------------
08.02.2025 11:03:36
CallbackFormEmailModal
Array
(
    [name] => 202xrumer12@farironalds.com
    [phone] => 84638475966
    [formname] => Обратная связь
)

------------------------

------------------------
08.02.2025 11:17:52
CallbackFormEmailModal
Array
(
    [name] => ela.kubets.94@mail.ru
    [phone] => 89188538439
    [formname] => Обратная связь
)

------------------------

------------------------
08.02.2025 13:06:42
CallbackFormEmailModal
Array
(
    [name] => dofkuwxcmPn@myagkie-paneli11.ru
    [phone] => 85837148992
    [formname] => Обратная связь
)

------------------------

------------------------
08.02.2025 13:17:23
CallbackFormEmailModal
Array
(
    [name] => tacusol-6816@mail.ru
    [phone] => 82355165949
    [formname] => Обратная связь
)

------------------------

------------------------
08.02.2025 13:55:44
CallbackFormEmailModal
Array
(
    [name] => bigendrakoli4335@mail.ru
    [phone] => 82149471134
    [formname] => Обратная связь
)

------------------------

------------------------
08.02.2025 14:04:33
CallbackFormEmailModal
Array
(
    [name] => woodbpurne1983@mail.ru
    [phone] => 87198587933
    [formname] => Обратная связь
)

------------------------

------------------------
08.02.2025 14:09:32
CallbackFormEmailModal
Array
(
    [name] => gnzsjqdopPl@myagkie-paneli11.ru
    [phone] => 83625131871
    [formname] => Обратная связь
)

------------------------

------------------------
08.02.2025 14:22:32
CallbackFormEmailModal
Array
(
    [name] => shgtoookqSi@myagkie-paneli11.ru
    [phone] => 84964642748
    [formname] => Обратная связь
)

------------------------

------------------------
08.02.2025 14:23:59
CallbackFormEmailModal
Array
(
    [name] => winsatall4ever@gmail.com
    [phone] => 88358746173
    [formname] => Обратная связь
)

------------------------

------------------------
08.02.2025 15:10:30
CallbackFormEmailModal
Array
(
    [name] => combontsegal37@mail.ru
    [phone] => 84452751328
    [formname] => Обратная связь
)

------------------------

------------------------
08.02.2025 15:17:01
CallbackFormEmailModal
Array
(
    [name] => iurdjkmmhSn@myagkie-paneli11.ru
    [phone] => 84852652957
    [formname] => Обратная связь
)

------------------------

------------------------
08.02.2025 15:46:03
CallbackFormEmailModal
Array
(
    [name] => dolnovam@mail.ru
    [phone] => 87642635589
    [formname] => Обратная связь
)

------------------------

------------------------
08.02.2025 15:49:16
CallbackFormEmailModal
Array
(
    [name] => orenzen@katalizator-yaroslavl.ru
    [phone] => 81533999784
    [formname] => Обратная связь
)

------------------------

------------------------
08.02.2025 17:31:15
CallbackFormEmailModal
Array
(
    [name] => wiqnonfxfel@rudiplomust.com
    [phone] => 86753662979
    [formname] => Обратная связь
)

------------------------

------------------------
08.02.2025 18:08:09
CallbackFormEmailModal
Array
(
    [name] => diana.fedorova.85@inbox.ru
    [phone] => 86552874833
    [formname] => Обратная связь
)

------------------------

------------------------
08.02.2025 18:08:45
CallbackFormEmailModal
Array
(
    [name] => ranmicasde1982@mail.ru
    [phone] => 89536529723
    [formname] => Обратная связь
)

------------------------

------------------------
08.02.2025 18:11:25
CallbackFormEmailModal
Array
(
    [name] => shvernik.s@mail.ru
    [phone] => 81882255128
    [formname] => Обратная связь
)

------------------------

------------------------
08.02.2025 18:33:38
CallbackFormEmailModal
Array
(
    [name] => moiseevatoriya1993@bk.ru
    [phone] => 89479528314
    [formname] => Обратная связь
)

------------------------

------------------------
08.02.2025 18:36:37
CallbackFormEmailModal
Array
(
    [name] => mosoce-416@mail.ru
    [phone] => 85277574136
    [formname] => Обратная связь
)

------------------------

------------------------
08.02.2025 18:39:16
CallbackFormEmailModal
Array
(
    [name] => stevenKeymn@mail.ru
    [phone] => 85661532583
    [formname] => Обратная связь
)

------------------------

------------------------
08.02.2025 19:05:17
CallbackFormEmailModal
Array
(
    [name] => kokain-cocaine@russia-cocaine-kypit.online
    [phone] => 85649481484
    [formname] => Обратная связь
)

------------------------

------------------------
08.02.2025 19:12:15
CallbackFormEmailModal
Array
(
    [name] => xifjhirhyel@rudiplomust.com
    [phone] => 83369961487
    [formname] => Обратная связь
)

------------------------

------------------------
08.02.2025 19:26:39
CallbackFormEmailModal
Array
(
    [name] => evgenevna5qdk@gmail.com
    [phone] => 81848941888
    [formname] => Обратная связь
)

------------------------

------------------------
08.02.2025 19:44:15
CallbackFormEmailModal
Array
(
    [name] => usqwfykneel@rudiplomust.com
    [phone] => 83644718629
    [formname] => Обратная связь
)

------------------------

------------------------
08.02.2025 20:15:13
CallbackFormEmailModal
Array
(
    [name] => gendraducanprohbay@mail.ru
    [phone] => 81888915737
    [formname] => Обратная связь
)

------------------------

------------------------
08.02.2025 20:19:15
CallbackFormEmailModal
Array
(
    [name] => avgustina.morozova@bk.ru
    [phone] => 84766449821
    [formname] => Обратная связь
)

------------------------

------------------------
08.02.2025 20:47:32
CallbackFormEmailModal
Array
(
    [name] => mepinfenia@bk.ru
    [phone] => 82463646179
    [formname] => Обратная связь
)

------------------------

------------------------
08.02.2025 20:53:44
CallbackFormEmailModal
Array
(
    [name] => dolnovam@mail.ru
    [phone] => 88393813525
    [formname] => Обратная связь
)

------------------------

------------------------
08.02.2025 21:03:46
CallbackFormEmailModal
Array
(
    [name] => wemofoomacfensta@mail.ru
    [phone] => 87743351912
    [formname] => Обратная связь
)

------------------------

------------------------
08.02.2025 21:08:41
CallbackFormEmailModal
Array
(
    [name] => kina3axjglime@bk.ru
    [phone] => 87778877523
    [formname] => Обратная связь
)

------------------------

------------------------
08.02.2025 21:10:49
CallbackFormEmailModal
Array
(
    [name] => anya.genger@mail.ru
    [phone] => 83186596394
    [formname] => Обратная связь
)

------------------------

------------------------
08.02.2025 21:19:21
CallbackFormEmailModal
Array
(
    [name] => muhinvilii1986@list.ru
    [phone] => 89786672415
    [formname] => Обратная связь
)

------------------------

------------------------
08.02.2025 21:40:18
CallbackFormEmailModal
Array
(
    [name] => woodbpurne1983@mail.ru
    [phone] => 81594561267
    [formname] => Обратная связь
)

------------------------

------------------------
08.02.2025 22:18:36
CallbackFormEmailModal
Array
(
    [name] => juniortub@mail.ru
    [phone] => 84939573974
    [formname] => Обратная связь
)

------------------------

------------------------
08.02.2025 22:19:01
CallbackFormEmailModal
Array
(
    [name] => juncpecni1980@mail.ru
    [phone] => 89966992726
    [formname] => Обратная связь
)

------------------------

------------------------
08.02.2025 22:28:14
CallbackFormEmailModal
Array
(
    [name] => ibcmnmtrpel@rudiplomust.com
    [phone] => 84255777483
    [formname] => Обратная связь
)

------------------------

------------------------
08.02.2025 22:45:35
CallbackFormEmailModal
Array
(
    [name] => eprovbelwha@mail.ru
    [phone] => 86158856816
    [formname] => Обратная связь
)

------------------------

------------------------
08.02.2025 22:46:49
CallbackFormEmailModal
Array
(
    [name] => galya.usenko.63@mail.ru
    [phone] => 87554172779
    [formname] => Обратная связь
)

------------------------

------------------------
08.02.2025 23:22:14
CallbackFormEmailModal
Array
(
    [name] => taelivihohtoca@mail.ru
    [phone] => 81593389781
    [formname] => Обратная связь
)

------------------------

------------------------
08.02.2025 23:28:43
CallbackFormEmailModal
Array
(
    [name] => jjlyxsfrgel@rudiplomust.com
    [phone] => 83233613384
    [formname] => Обратная связь
)

------------------------

------------------------
08.02.2025 23:40:18
CallbackFormEmailModal
Array
(
    [name] => orxdltjsmel@rudiplomust.com
    [phone] => 87981567923
    [formname] => Обратная связь
)

------------------------
