
------------------------
29.11.2024 0:07:26
CallbackFormEmailModal
Array
(
    [name] => acmpwzeneel@rudiplomust.com
    [phone] => 89135551784
    [formname] => Обратная связь
)

------------------------

------------------------
29.11.2024 0:59:23
CallbackFormEmailModal
Array
(
    [name] => qtlougqolel@rudiplomust.com
    [phone] => 87784714869
    [formname] => Обратная связь
)

------------------------

------------------------
29.11.2024 2:21:05
CallbackFormEmailModal
Array
(
    [name] => churchworpane1972@op.pl
    [phone] => 82386728396
    [formname] => Обратная связь
)

------------------------

------------------------
29.11.2024 5:24:24
CallbackFormEmailModal
Array
(
    [name] => nzrihotckel@rudiplomust.com
    [phone] => 83576171443
    [formname] => Обратная связь
)

------------------------

------------------------
29.11.2024 6:12:06
CallbackFormEmailModal
Array
(
    [name] => uhgbmxgkqka@rudiplomust.com
    [phone] => 86245349489
    [formname] => Обратная связь
)

------------------------

------------------------
29.11.2024 7:31:29
CallbackFormEmailModal
Array
(
    [name] => chofitensatomar@mail.ru
    [phone] => 89299947417
    [formname] => Обратная связь
)

------------------------

------------------------
29.11.2024 7:46:19
CallbackFormEmailModal
Array
(
    [name] => siobrowwoodje1976@mail.ru
    [phone] => 83993494587
    [formname] => Обратная связь
)

------------------------

------------------------
29.11.2024 7:51:20
CallbackFormEmailModal
Array
(
    [name] => tacusol-6816@mail.ru
    [phone] => 87912658663
    [formname] => Обратная связь
)

------------------------

------------------------
29.11.2024 8:10:49
CallbackFormEmailModal
Array
(
    [name] => yourm.ail@gmail.com
    [phone] => 82113912272
    [formname] => Обратная связь
)

------------------------

------------------------
29.11.2024 8:29:59
CallbackFormEmailModal
Array
(
    [name] => karpeciktibas19915@bk.ru
    [phone] => 89865575323
    [formname] => Обратная связь
)

------------------------

------------------------
29.11.2024 8:48:50
CallbackFormEmailModal
Array
(
    [name] => nutntscqq@derhosulha.shop
    [phone] => 84515771541
    [formname] => Обратная связь
)

------------------------

------------------------
29.11.2024 8:49:14
CallbackFormEmailModal
Array
(
    [name] => sknwozamu@railugpharow.shop
    [phone] => 82146198624
    [formname] => Обратная связь
)

------------------------

------------------------
29.11.2024 9:44:45
CallbackFormEmailModal
Array
(
    [name] => viktor_cherepanov98@mail.ru
    [phone] => 79878637491
    [formname] => Обратная связь
)

------------------------

------------------------
29.11.2024 10:19:49
CallbackFormEmailModal
Array
(
    [name] => mikexxxx@gmail.com
    [phone] => 82839579285
    [formname] => Обратная связь
)

------------------------

------------------------
29.11.2024 10:24:21
CallbackFormEmailModal
Array
(
    [name] => bigendrakoli4335@mail.ru
    [phone] => 85672419866
    [formname] => Обратная связь
)

------------------------

------------------------
29.11.2024 12:43:17
CallbackFormEmailModal
Array
(
    [name] => moiseevatoriya1993@bk.ru
    [phone] => 89465293391
    [formname] => Обратная связь
)

------------------------

------------------------
29.11.2024 13:19:53
CallbackFormEmailModal
Array
(
    [name] => y.kuvayev@mail.ru
    [phone] => 84352134754
    [formname] => Обратная связь
)

------------------------

------------------------
29.11.2024 13:44:50
CallbackFormEmailModal
Array
(
    [name] => vanephsaipremelca@mail.ru
    [phone] => 87863264942
    [formname] => Обратная связь
)

------------------------

------------------------
29.11.2024 14:16:46
CallbackFormEmailModal
Array
(
    [name] => erangifest1980@mail.ru
    [phone] => 87383747221
    [formname] => Обратная связь
)

------------------------

------------------------
29.11.2024 14:19:15
CallbackFormEmailModal
Array
(
    [name] => anthon@xrevelxr.com
    [phone] => 87372436943
    [formname] => Обратная связь
)

------------------------

------------------------
29.11.2024 15:08:24
CallbackFormEmailModal
Array
(
    [name] => pinopatan1971@op.pl
    [phone] => 88799874451
    [formname] => Обратная связь
)

------------------------

------------------------
29.11.2024 16:26:11
CallbackFormEmailModal
Array
(
    [name] => ranmicasde1982@mail.ru
    [phone] => 89765825556
    [formname] => Обратная связь
)

------------------------

------------------------
29.11.2024 17:55:55
CallbackFormEmailModal
Array
(
    [name] => osipova.liliia.1986.22.12@inbox.ru
    [phone] => 86596864775
    [formname] => Обратная связь
)

------------------------

------------------------
29.11.2024 18:13:47
CallbackFormEmailModal
Array
(
    [name] => gabrielakuzmina1989@list.ru
    [phone] => 86289623753
    [formname] => Обратная связь
)

------------------------

------------------------
29.11.2024 18:14:59
CallbackFormEmailModal
Array
(
    [name] => contcolapanc1973@op.pl
    [phone] => 86147325594
    [formname] => Обратная связь
)

------------------------

------------------------
29.11.2024 18:18:43
CallbackFormEmailModal
Array
(
    [name] => rietraccabun1976@mail.ru
    [phone] => 85883525617
    [formname] => Обратная связь
)

------------------------

------------------------
29.11.2024 18:21:07
CallbackFormEmailModal
Array
(
    [name] => ropolkingta@mail.ru
    [phone] => 82429937158
    [formname] => Обратная связь
)

------------------------

------------------------
29.11.2024 18:28:13
CallbackFormEmailModal
Array
(
    [name] => smorarabte539@mail.ru
    [phone] => 89912316512
    [formname] => Обратная связь
)

------------------------

------------------------
29.11.2024 18:28:53
CallbackFormEmailModal
Array
(
    [name] => gunlekingovertcon@mail.ru
    [phone] => 89943939161
    [formname] => Обратная связь
)

------------------------

------------------------
29.11.2024 18:29:30
CallbackFormEmailModal
Array
(
    [name] => madilwalldream1974@mail.ru
    [phone] => 82988169233
    [formname] => Обратная связь
)

------------------------

------------------------
29.11.2024 18:31:58
CallbackFormEmailModal
Array
(
    [name] => woodbpurne1983@mail.ru
    [phone] => 89949478645
    [formname] => Обратная связь
)

------------------------

------------------------
29.11.2024 19:08:31
CallbackFormEmailModal
Array
(
    [name] => shvernik.s@mail.ru
    [phone] => 83283594451
    [formname] => Обратная связь
)

------------------------

------------------------
29.11.2024 19:13:14
CallbackFormEmailModal
Array
(
    [name] => zulay.morshnev1994@mail.ru
    [phone] => 89257648484
    [formname] => Обратная связь
)

------------------------

------------------------
29.11.2024 19:35:04
CallbackFormEmailModal
Array
(
    [name] => fe1kxu94l@list.ru
    [phone] => 81932748577
    [formname] => Обратная связь
)

------------------------

------------------------
29.11.2024 19:44:10
CallbackFormEmailModal
Array
(
    [name] => zuyev-vadik@bk.ru
    [phone] => 87236446445
    [formname] => Обратная связь
)

------------------------

------------------------
29.11.2024 19:44:10
CallbackFormEmailModal
Array
(
    [name] => galya.usenko.63@mail.ru
    [phone] => 84488532962
    [formname] => Обратная связь
)

------------------------

------------------------
29.11.2024 19:45:23
CallbackFormEmailModal
Array
(
    [name] => anna.shapiro.78@mail.ru
    [phone] => 87368275576
    [formname] => Обратная связь
)

------------------------

------------------------
29.11.2024 20:05:42
CallbackFormEmailModal
Array
(
    [name] => smorarabte539@mail.ru
    [phone] => 88388364766
    [formname] => Обратная связь
)

------------------------

------------------------
29.11.2024 20:07:17
CallbackFormEmailModal
Array
(
    [name] => kevbhucaguar1970@mail.ru
    [phone] => 86277319688
    [formname] => Обратная связь
)

------------------------

------------------------
29.11.2024 20:16:08
CallbackFormEmailModal
Array
(
    [name] => zacjyifkcel@rudiplomust.com
    [phone] => 84993351619
    [formname] => Обратная связь
)

------------------------

------------------------
29.11.2024 20:17:48
CallbackFormEmailModal
Array
(
    [name] => f.e.d.o.s.i.evnairin.s@gmail.com
    [phone] => 81651269484
    [formname] => Обратная связь
)

------------------------

------------------------
29.11.2024 21:33:48
CallbackFormEmailModal
Array
(
    [name] => musaev.misha.1982.3.5@list.ru
    [phone] => 81988767998
    [formname] => Обратная связь
)

------------------------

------------------------
29.11.2024 21:34:45
CallbackFormEmailModal
Array
(
    [name] => nadya.milyukova.69@mail.ru
    [phone] => 86841491867
    [formname] => Обратная связь
)

------------------------

------------------------
29.11.2024 22:26:37
CallbackFormEmailModal
Array
(
    [name] => sashunya.sergeev.2022@list.ru
    [phone] => 85943563623
    [formname] => Обратная связь
)

------------------------

------------------------
29.11.2024 22:58:30
CallbackFormEmailModal
Array
(
    [name] => lisrebowra1989@mail.ru
    [phone] => 86789756535
    [formname] => Обратная связь
)

------------------------
