
------------------------
15.04.2023 3:03:00
CallbackFormEmailModal
Array
(
    [name] => william8@mailside.site
    [phone] => 83819485562
    [formname] => Обратная связь
)

------------------------

------------------------
15.04.2023 3:48:14
CallbackFormEmailModal
Array
(
    [name] => zelatcol@gmail.com
    [phone] => 85274345414
    [formname] => Обратная связь
)

------------------------

------------------------
15.04.2023 9:31:05
CallbackFormEmailModal
Array
(
    [name] => eksdiesdmepaosdoekoa@gmail.com
    [phone] => 81262986266
    [formname] => Обратная связь
)

------------------------

------------------------
15.04.2023 17:23:00
CallbackFormEmailModal
Array
(
    [name] => leannalenard@smilietoys.com
    [phone] => 88717522464
    [formname] => Обратная связь
)

------------------------

------------------------
15.04.2023 17:46:02
CallbackFormEmailModal
Array
(
    [name] => rfobs@course-fitness.com
    [phone] => 82534599111
    [formname] => Обратная связь
)

------------------------

------------------------
15.04.2023 19:16:16
CallbackFormEmailModal
Array
(
    [name] => marjorieub16@yoshito5810.akio40.drkoop.site
    [phone] => 86946668587
    [formname] => Обратная связь
)

------------------------

------------------------
15.04.2023 20:15:44
CallbackFormEmailModal
Array
(
    [name] => stm618@mail.ru
    [phone] => 86749641744
    [formname] => Обратная связь
)

------------------------

------------------------
15.04.2023 22:29:37
CallbackFormEmailModal
Array
(
    [name] => info@rusburcom.ru
    [phone] => 89043334455
    [formname] => Обратная связь
)

------------------------

------------------------
15.04.2023 22:29:42
CallbackFormEmailModal
Array
(
    [name] => info@rusburcom.ru
    [phone] => 89043334455
    [formname] => Обратная связь
)

------------------------
