
------------------------
10.12.2024 3:08:45
CallbackFormEmailModal
Array
(
    [name] => jarerogusto@gmail.com
    [phone] => 86817845419
    [formname] => Обратная связь
)

------------------------

------------------------
10.12.2024 3:55:03
CallbackFormEmailModal
Array
(
    [name] => sembtekeper1989@op.pl
    [phone] => 83633916441
    [formname] => Обратная связь
)

------------------------

------------------------
10.12.2024 6:32:14
CallbackFormEmailModal
Array
(
    [name] => anthon1@xrevelxr.com
    [phone] => 87988376197
    [formname] => Обратная связь
)

------------------------

------------------------
10.12.2024 8:25:19
CallbackFormEmailModal
Array
(
    [name] => sdhfjvsdkfbmhlsdfldgfb@gmail.com
    [phone] => 84874814633
    [formname] => Обратная связь
)

------------------------

------------------------
10.12.2024 8:51:14
CallbackFormEmailModal
Array
(
    [name] => inna.kortneva.69@mail.ru
    [phone] => 84631183557
    [formname] => Обратная связь
)

------------------------

------------------------
10.12.2024 11:32:00
CallbackFormEmailModal
Array
(
    [name] => arikerer278@gmail.com
    [phone] => 81696147812
    [formname] => Обратная связь
)

------------------------

------------------------
10.12.2024 11:41:21
CallbackFormEmailModal
Array
(
    [name] => myualyuels@mail.ru
    [phone] => 85128523771
    [formname] => Обратная связь
)

------------------------

------------------------
10.12.2024 11:44:49
CallbackFormEmailModal
Array
(
    [name] => progon@progon.fun
    [phone] => 81156114668
    [formname] => Обратная связь
)

------------------------

------------------------
10.12.2024 12:21:43
CallbackFormEmailModal
Array
(
    [name] => rais.shchigelskaya2002@mail.ru
    [phone] => 83918247238
    [formname] => Обратная связь
)

------------------------

------------------------
10.12.2024 12:24:26
CallbackFormEmailModal
Array
(
    [name] => higbiosepo1986@mail.ru
    [phone] => 89348935141
    [formname] => Обратная связь
)

------------------------

------------------------
10.12.2024 12:58:24
CallbackFormEmailModal
Array
(
    [name] => musaev.misha.1982.3.5@list.ru
    [phone] => 83367979884
    [formname] => Обратная связь
)

------------------------

------------------------
10.12.2024 13:15:14
CallbackFormEmailModal
Array
(
    [name] => eepovda@bk.ru
    [phone] => 87931578875
    [formname] => Обратная связь
)

------------------------

------------------------
10.12.2024 13:24:41
CallbackFormEmailModal
Array
(
    [name] => payransripo1981@mail.ru
    [phone] => 89232429367
    [formname] => Обратная связь
)

------------------------

------------------------
10.12.2024 13:44:48
CallbackFormEmailModal
Array
(
    [name] => adamblck@gmail.com
    [phone] => 89872275738
    [formname] => Обратная связь
)

------------------------

------------------------
10.12.2024 13:57:36
CallbackFormEmailModal
Array
(
    [name] => muhinvilii1986@list.ru
    [phone] => 83932741728
    [formname] => Обратная связь
)

------------------------

------------------------
10.12.2024 15:14:18
CallbackFormEmailModal
Array
(
    [name] => orlov.roman.1988.2.11@list.ru
    [phone] => 82462513289
    [formname] => Обратная связь
)

------------------------

------------------------
10.12.2024 15:29:55
CallbackFormEmailModal
Array
(
    [name] => yulya.onipchenko.88@mail.ru
    [phone] => 85461984622
    [formname] => Обратная связь
)

------------------------

------------------------
10.12.2024 15:57:57
CallbackFormEmailModal
Array
(
    [name] => moqagides18@gmail.com
    [phone] => 82816735575
    [formname] => Обратная связь
)

------------------------

------------------------
10.12.2024 17:51:42
CallbackFormEmailModal
Array
(
    [name] => hippopotamus1912@gmail.com
    [phone] => 85882556673
    [formname] => Обратная связь
)

------------------------

------------------------
10.12.2024 18:34:19
CallbackFormEmailModal
Array
(
    [name] => laptevmikhail39716@mail.ru
    [phone] => 85538358461
    [formname] => Обратная связь
)

------------------------

------------------------
10.12.2024 19:15:56
CallbackFormEmailModal
Array
(
    [name] => ovnterbefjuden6138@mail.ru
    [phone] => 86979419785
    [formname] => Обратная связь
)

------------------------

------------------------
10.12.2024 19:52:17
CallbackFormEmailModal
Array
(
    [name] => lidatapti1987@op.pl
    [phone] => 84929694834
    [formname] => Обратная связь
)

------------------------

------------------------
10.12.2024 20:15:21
CallbackFormEmailModal
Array
(
    [name] => xrumer23Kip@gmail.com
    [phone] => 87252252436
    [formname] => Обратная связь
)

------------------------

------------------------
10.12.2024 20:26:45
CallbackFormEmailModal
Array
(
    [name] => rietraccabun1976@mail.ru
    [phone] => 86723738264
    [formname] => Обратная связь
)

------------------------

------------------------
10.12.2024 20:59:16
CallbackFormEmailModal
Array
(
    [name] => saysalruanscilich@mail.ru
    [phone] => 86275673275
    [formname] => Обратная связь
)

------------------------

------------------------
10.12.2024 20:59:17
CallbackFormEmailModal
Array
(
    [name] => tipanasotemthia@mail.ru
    [phone] => 82354855428
    [formname] => Обратная связь
)

------------------------

------------------------
10.12.2024 21:00:06
CallbackFormEmailModal
Array
(
    [name] => tkwusvlobel@rudiplomust.com
    [phone] => 84762959815
    [formname] => Обратная связь
)

------------------------

------------------------
10.12.2024 21:08:59
CallbackFormEmailModal
Array
(
    [name] => lisrebowra1989@mail.ru
    [phone] => 81792451681
    [formname] => Обратная связь
)

------------------------

------------------------
10.12.2024 21:16:13
CallbackFormEmailModal
Array
(
    [name] => mepinfenia@bk.ru
    [phone] => 83945244899
    [formname] => Обратная связь
)

------------------------

------------------------
10.12.2024 21:17:58
CallbackFormEmailModal
Array
(
    [name] => yourmail@gmail.com
    [phone] => 89997995722
    [formname] => Обратная связь
)

------------------------

------------------------
10.12.2024 21:57:28
CallbackFormEmailModal
Array
(
    [name] => highvinonthyo1986@mail.ru
    [phone] => 88571636636
    [formname] => Обратная связь
)

------------------------

------------------------
10.12.2024 23:41:32
CallbackFormEmailModal
Array
(
    [name] => vasil777z@meta.ua
    [phone] => 86973437111
    [formname] => Обратная связь
)

------------------------
