
------------------------
07.08.2023 2:05:00
CallbackFormEmailModal
Array
(
    [name] => mairaro1655@imails.site

    [phone] => 85623423692
    [formname] => Обратная связь
)

------------------------

------------------------
07.08.2023 2:56:00
CallbackFormEmailModal
Array
(
    [name] => rarexde@googleis.site

    [phone] => 81939541533
    [formname] => Обратная связь
)

------------------------

------------------------
07.08.2023 7:34:01
CallbackFormEmailModal
Array
(
    [name] => yh7jz@course-fitness.com
    [phone] => 82996911828
    [formname] => Обратная связь
)

------------------------

------------------------
07.08.2023 8:10:49
CallbackFormEmailModal
Array
(
    [name] => werso079800iu@rambler.ru
    [phone] => 86261347922
    [formname] => Обратная связь
)

------------------------

------------------------
07.08.2023 9:22:25
CallbackFormEmailModal
Array
(
    [name] => huoyax@course-fitness.com
    [phone] => 87443786176
    [formname] => Обратная связь
)

------------------------

------------------------
07.08.2023 15:24:01
Order
Array
(
    [name] => Сергей Валентинович Капиносов
    [email] => kapinosov_sergei@mail.ru
    [phone] => +7-925-706-3897
    [comment] => Стандартный канал S170 2мм, кол-во: 1, цена: 4850руб.
Способ доставки: Доставка автотранспортом поставщика
Выберите способ оплаты: Оплата на расчетный счет организации
Адрес доставки: Адрес доставки МО Долгопрудный Лихачевский проезд 10

Комментарий к заказу: 

    [formname] => Заказ из корзины
    [fields] => Array
        (
            [price] => 4850
        )

)

------------------------

------------------------
07.08.2023 20:15:56
CallbackFormEmailModal
Array
(
    [name] => 79993484733@bk.ru
    [phone] => 79993484733
    [formname] => Обратная связь
)

------------------------

------------------------
07.08.2023 21:35:36
CallbackFormEmailModal
Array
(
    [name] => vhr1jp@course-fitness.com
    [phone] => 86355368624
    [formname] => Обратная связь
)

------------------------
