
------------------------
05.09.2025 0:03:45
CallbackFormEmailModal
Array
(
    [name] => robertNub@mail.ru
    [phone] => 89886424779
    [formname] => Обратная связь
)

------------------------

------------------------
05.09.2025 0:27:53
CallbackFormEmailModal
Array
(
    [name] => beauty.a.store.vk@rambler.ru
    [phone] => 81266741677
    [formname] => Обратная связь
)

------------------------

------------------------
05.09.2025 2:13:22
CallbackFormEmailModal
Array
(
    [name] => benjaminslygam@gmail.com
    [phone] => 84516786574
    [formname] => Обратная связь
)

------------------------

------------------------
05.09.2025 7:35:48
CallbackFormEmailModal
Array
(
    [name] => wsdfvbgtre@gmail.com
    [phone] => 81795857489
    [formname] => Обратная связь
)

------------------------

------------------------
05.09.2025 8:57:07
CallbackFormEmailModal
Array
(
    [name] => xubjlzbf@ronaldofmail.com
    [phone] => 86257779763
    [formname] => Обратная связь
)

------------------------

------------------------
05.09.2025 9:44:18
CallbackFormEmailModal
Array
(
    [name] => pencucon_97@mail.ru
    [phone] => 83272865295
    [formname] => Обратная связь
)

------------------------

------------------------
05.09.2025 9:50:16
CallbackFormEmailModal
Array
(
    [name] => dorofeyavinogradova199056@mail.ru
    [phone] => 88486613821
    [formname] => Обратная связь
)

------------------------

------------------------
05.09.2025 10:21:54
CallbackFormEmailModal
Array
(
    [name] => amabil.6002@mail.ru
    [phone] => 88357291554
    [formname] => Обратная связь
)

------------------------

------------------------
05.09.2025 11:47:03
CallbackFormEmailModal
Array
(
    [name] => sinevhabibi664@bk.ru
    [phone] => 85137191371
    [formname] => Обратная связь
)

------------------------

------------------------
05.09.2025 12:07:59
CallbackFormModal
Array
(
    [name] => Алексей
    [phone] => +7(926)073-59-77
    [formname] => Заказать звонок
)

------------------------

------------------------
05.09.2025 15:56:27
CallbackFormEmailModal
Array
(
    [name] => 1dansbydruscillaoyu@gmail.com
    [phone] => 88985222982
    [formname] => Обратная связь
)

------------------------

------------------------
05.09.2025 16:48:39
CallbackFormEmailModal
Array
(
    [name] => sergowor.kin.g71.8@gmail.com
    [phone] => 83157536486
    [formname] => Обратная связь
)

------------------------

------------------------
05.09.2025 17:41:39
CallbackFormEmailModal
Array
(
    [name] => dinanikolskaya99@gmail.com
    [phone] => 88631652672
    [formname] => Обратная связь
)

------------------------

------------------------
05.09.2025 17:44:43
CallbackFormEmailModal
Array
(
    [name] => fakntbez@streetwormail.com
    [phone] => 83723958161
    [formname] => Обратная связь
)

------------------------

------------------------
05.09.2025 17:48:02
CallbackFormEmailModal
Array
(
    [name] => bikon777@rambler.ru
    [phone] => 83786579982
    [formname] => Обратная связь
)

------------------------

------------------------
05.09.2025 18:56:14
CallbackFormEmailModal
Array
(
    [name] => prohor.zlobin.14.11.1987@mail.ru
    [phone] => 88349275437
    [formname] => Обратная связь
)

------------------------

------------------------
05.09.2025 19:03:08
CallbackFormEmailModal
Array
(
    [name] => jisankape@list.ru
    [phone] => 87585527767
    [formname] => Обратная связь
)

------------------------

------------------------
05.09.2025 19:09:52
CallbackFormEmailModal
Array
(
    [name] => ilnanmode1973@mail.ru
    [phone] => 89896784855
    [formname] => Обратная связь
)

------------------------

------------------------
05.09.2025 19:17:26
CallbackFormEmailModal
Array
(
    [name] => galyazafuna@mail.ru
    [phone] => 83717888527
    [formname] => Обратная связь
)

------------------------

------------------------
05.09.2025 19:26:38
CallbackFormEmailModal
Array
(
    [name] => kharalampiimartyshkin@mail.ru
    [phone] => 83284996235
    [formname] => Обратная связь
)

------------------------

------------------------
05.09.2025 19:38:10
CallbackFormEmailModal
Array
(
    [name] => waai8stccwnc@mail.ru
    [phone] => 86553283717
    [formname] => Обратная связь
)

------------------------

------------------------
05.09.2025 19:52:44
CallbackFormEmailModal
Array
(
    [name] => polyakovdanila19908366@mail.ru
    [phone] => 85373521697
    [formname] => Обратная связь
)

------------------------

------------------------
05.09.2025 19:57:39
CallbackFormEmailModal
Array
(
    [name] => amabil.6002@mail.ru
    [phone] => 88416772153
    [formname] => Обратная связь
)

------------------------

------------------------
05.09.2025 20:38:36
CallbackFormEmailModal
Array
(
    [name] => lwiokdrs@wildbmail.com
    [phone] => 87349894796
    [formname] => Обратная связь
)

------------------------

------------------------
05.09.2025 23:50:31
CallbackFormEmailModal
Array
(
    [name] => yourmail@gmail.com
    [phone] => 87529528136
    [formname] => Обратная связь
)

------------------------
