
------------------------
04.11.2021 5:29:07
CallbackFormEmailModal
Array
(
    [name] => meieriria@gmail.com
    [phone] => 81485661838
    [formname] => Обратная связь
)

------------------------

------------------------
04.11.2021 6:35:21
CallbackFormEmailModal
Array
(
    [name] => tralbas20243@list.ru
    [phone] => 79154423458
    [formname] => Обратная связь
)

------------------------

------------------------
04.11.2021 13:46:55
CallbackFormEmailModal
Array
(
    [name] => georgiyfrolov1999364yfi+vs@bk.ru
    [phone] => 84381488483
    [formname] => Обратная связь
)

------------------------
