
------------------------
30.10.2023 8:40:10
CallbackFormEmailModal
Array
(
    [name] => vqjhobrt@mail.ru
    [phone] => +791234567978
    [formname] => Обратная связь
)

------------------------

------------------------
30.10.2023 9:00:27
CallbackFormEmailModal
Array
(
    [name] => lecheniegermanii@perfect-remont.kiev.ua
    [phone] => 81593367976
    [formname] => Обратная связь
)

------------------------

------------------------
30.10.2023 9:36:21
CallbackFormEmailModal
Array
(
    [name] => ykauiugeci@rambler.ru
    [phone] => 83684635171
    [formname] => Обратная связь
)

------------------------

------------------------
30.10.2023 10:52:21
CallbackFormEmailModal
Array
(
    [name] => vjoyaej@rambler.ru
    [phone] => 81523217511
    [formname] => Обратная связь
)

------------------------

------------------------
30.10.2023 10:57:47
CallbackFormEmailModal
Array
(
    [name] => lkz48ham5vekqls@rambler.ru
    [phone] => 85274292212
    [formname] => Обратная связь
)

------------------------

------------------------
30.10.2023 13:21:58
CallbackFormEmailModal
Array
(
    [name] => uslu.nihat@gmail.com
    [phone] => 82895628397
    [formname] => Обратная связь
)

------------------------

------------------------
30.10.2023 13:44:15
CallbackFormEmailModal
Array
(
    [name] => jup912msecjcrjz@rambler.ru
    [phone] => 84435523279
    [formname] => Обратная связь
)

------------------------

------------------------
30.10.2023 14:57:36
CallbackFormEmailModal
Array
(
    [name] => speietzr@rambler.ru
    [phone] => 88448884886
    [formname] => Обратная связь
)

------------------------

------------------------
30.10.2023 15:14:48
CallbackFormEmailModal
Array
(
    [name] => callvisvetlana@list.ru
    [phone] => 89433247474
    [formname] => Обратная связь
)

------------------------

------------------------
30.10.2023 17:11:54
CallbackFormEmailModal
Array
(
    [name] => 8vka6vbu2avkftz@rambler.ru
    [phone] => 88918131394
    [formname] => Обратная связь
)

------------------------

------------------------
30.10.2023 17:47:45
CallbackFormEmailModal
Array
(
    [name] => 0o64ul28nlbqr1x@rambler.ru
    [phone] => 88141326673
    [formname] => Обратная связь
)

------------------------

------------------------
30.10.2023 18:02:11
CallbackFormEmailModal
Array
(
    [name] => lenagazprom@gmail.com
    [phone] => 82784775664
    [formname] => Обратная связь
)

------------------------

------------------------
30.10.2023 19:23:21
CallbackFormEmailModal
Array
(
    [name] => ixyybjp@rambler.ru
    [phone] => 87887293468
    [formname] => Обратная связь
)

------------------------

------------------------
30.10.2023 19:49:10
CallbackFormEmailModal
Array
(
    [name] => uoaxduzt@rambler.ru
    [phone] => 87546931957
    [formname] => Обратная связь
)

------------------------

------------------------
30.10.2023 21:33:14
CallbackFormEmailModal
Array
(
    [name] => m0c4dp0mqzpca0g@rambler.ru
    [phone] => 87121983558
    [formname] => Обратная связь
)

------------------------

------------------------
30.10.2023 23:27:02
CallbackFormEmailModal
Array
(
    [name] => rdhsmtezwb@rambler.ru
    [phone] => 89494275748
    [formname] => Обратная связь
)

------------------------
