
------------------------
24.01.2023 1:49:56
CallbackFormEmailModal
Array
(
    [name] => conbelepo1975@yahoo.com
    [phone] => 84462577565
    [formname] => Обратная связь
)

------------------------

------------------------
24.01.2023 4:43:30
CallbackFormEmailModal
Array
(
    [name] => stepnitapa1151@imails.site

    [phone] => 86349421765
    [formname] => Обратная связь
)

------------------------

------------------------
24.01.2023 6:10:10
CallbackFormEmailModal
Array
(
    [name] => luk.in.ov.i.ch.2.022.1355@gmail.com

    [phone] => 81577526184
    [formname] => Обратная связь
)

------------------------

------------------------
24.01.2023 6:36:08
CallbackFormEmailModal
Array
(
    [name] => anastasiya_romanova_1997@inbox.ru
    [phone] => 88318918921
    [formname] => Обратная связь
)

------------------------

------------------------
24.01.2023 8:05:23
CallbackFormEmailModal
Array
(
    [name] => shir.vadik@yandex.ru
    [phone] => 89268492465
    [formname] => Обратная связь
)

------------------------

------------------------
24.01.2023 14:56:06
CallbackFormEmailModal
Array
(
    [name] => 2.83.5m.w.8p0z.@funny3delements.com
    [phone] => 81444172779
    [formname] => Обратная связь
)

------------------------

------------------------
24.01.2023 16:08:18
CallbackFormEmailModal
Array
(
    [name] => mystorips@outlook.com
    [phone] => 83669453196
    [formname] => Обратная связь
)

------------------------
