
------------------------
29.03.2026 9:14:43
CallbackFormEmailModal
Array
(
    [name] => prohor.zlobin.14.11.1987@mail.ru
    [phone] => 88316679562
    [formname] => Обратная связь
)

------------------------

------------------------
29.03.2026 10:11:00
CallbackFormEmailModal
Array
(
    [name] => traumu@cialis-otc.com
    [phone] => 89318349813
    [formname] => Обратная связь
)

------------------------

------------------------
29.03.2026 10:28:31
CallbackFormEmailModal
Array
(
    [name] => vitya-kondratev-1969@inbox.ru
    [phone] => 86915733731
    [formname] => Обратная связь
)

------------------------

------------------------
29.03.2026 15:50:21
CallbackFormEmailModal
Array
(
    [name] => margarita.stolyarova.26.05.1995@mail.ru
    [phone] => 85293459679
    [formname] => Обратная связь
)

------------------------

------------------------
29.03.2026 16:34:20
CallbackFormEmailModal
Array
(
    [name] => lashawndaqkpuc@mail.ru
    [phone] => 89894278818
    [formname] => Обратная связь
)

------------------------

------------------------
29.03.2026 23:26:29
CallbackFormEmailModal
Array
(
    [name] => zekisuquc419@gmail.com
    [phone] => 87121295771
    [formname] => Обратная связь
)

------------------------
