
------------------------
18.08.2022 0:58:00
CallbackFormEmailModal
Array
(
    [name] => liza_popova_1970@inbox.ru
    [phone] => 86792628595
    [formname] => Обратная связь
)

------------------------

------------------------
18.08.2022 1:40:03
CallbackFormEmailModal
Array
(
    [name] => andreyvpetrov132435@gmail.com
    [phone] => 81343758316
    [formname] => Обратная связь
)

------------------------

------------------------
18.08.2022 2:01:22
CallbackFormEmailModal
Array
(
    [name] => jojohe323@gmail.com
    [phone] => 89035460804
    [formname] => Обратная связь
)

------------------------

------------------------
18.08.2022 4:44:26
CallbackFormEmailModal
Array
(
    [name] => Fusionsavage@hotmail.com
    [phone] => 89034401740
    [formname] => Обратная связь
)

------------------------

------------------------
18.08.2022 6:45:21
CallbackFormEmailModal
Array
(
    [name] => yaroslav_f_69@bk.ru
    [phone] => 89926466355
    [formname] => Обратная связь
)

------------------------

------------------------
18.08.2022 6:52:16
CallbackFormEmailModal
Array
(
    [name] => fedorova.lena.89@bk.ru
    [phone] => 81649923718
    [formname] => Обратная связь
)

------------------------

------------------------
18.08.2022 7:11:47
CallbackFormEmailModal
Array
(
    [name] => imataken@aol.com
    [phone] => 89038972067
    [formname] => Обратная связь
)

------------------------

------------------------
18.08.2022 7:46:00
CallbackFormEmailModal
Array
(
    [name] => denis_troitskiy_1974@bk.ru
    [phone] => 83634894896
    [formname] => Обратная связь
)

------------------------

------------------------
18.08.2022 7:59:54
CallbackFormEmailModal
Array
(
    [name] => andreyvpetrov132435@gmail.com
    [phone] => 86654996761
    [formname] => Обратная связь
)

------------------------

------------------------
18.08.2022 9:34:44
CallbackFormEmailModal
Array
(
    [name] => themtwenties@hotmail.com
    [phone] => 89039947212
    [formname] => Обратная связь
)

------------------------

------------------------
18.08.2022 10:42:07
CallbackFormEmailModal
Array
(
    [name] => fedorova.lena.89@bk.ru
    [phone] => 89618598616
    [formname] => Обратная связь
)

------------------------

------------------------
18.08.2022 11:32:42
CallbackFormEmailModal
Array
(
    [name] => andreyvpetrov132435@gmail.com
    [phone] => 87384688389
    [formname] => Обратная связь
)

------------------------

------------------------
18.08.2022 11:56:58
CallbackFormEmailModal
Array
(
    [name] => goodn.e.wsm.ax@gmail.com
    [phone] => 89036601365
    [formname] => Обратная связь
)

------------------------

------------------------
18.08.2022 13:29:51
CallbackFormEmailModal
Array
(
    [name] => andreyvpetrov132435@gmail.com
    [phone] => 88693483872
    [formname] => Обратная связь
)

------------------------

------------------------
18.08.2022 14:20:02
CallbackFormEmailModal
Array
(
    [name] => metalblud@gmail.com
    [phone] => 89034385459
    [formname] => Обратная связь
)

------------------------

------------------------
18.08.2022 16:44:29
CallbackFormEmailModal
Array
(
    [name] => lilshrr@yahoo.com
    [phone] => 89034337861
    [formname] => Обратная связь
)

------------------------

------------------------
18.08.2022 19:10:11
CallbackFormEmailModal
Array
(
    [name] => doublell16@yahoo.com
    [phone] => 89038010074
    [formname] => Обратная связь
)

------------------------

------------------------
18.08.2022 21:35:32
CallbackFormEmailModal
Array
(
    [name] => edwardfox48881@yahoo.com
    [phone] => 89036959844
    [formname] => Обратная связь
)

------------------------

------------------------
18.08.2022 23:59:57
CallbackFormEmailModal
Array
(
    [name] => eocheita88@gmail.com
    [phone] => 89036864843
    [formname] => Обратная связь
)

------------------------
