
------------------------
20.09.2023 1:04:24
CallbackFormEmailModal
Array
(
    [name] => dshpcsuz@hypermail.es
    [phone] => 81544142412
    [formname] => Обратная связь
)

------------------------

------------------------
20.09.2023 1:57:35
CallbackFormEmailModal
Array
(
    [name] => atervaset@outlook.com
    [phone] => 87766233576
    [formname] => Обратная связь
)

------------------------

------------------------
20.09.2023 3:39:37
CallbackFormEmailModal
Array
(
    [name] => keaton_stopa26@rambler.ru
    [phone] => 85782648562
    [formname] => Обратная связь
)

------------------------

------------------------
20.09.2023 4:51:33
CallbackFormEmailModal
Array
(
    [name] => bzumquoqrEa@bobbor.store
    [phone] => 83153326382
    [formname] => Обратная связь
)

------------------------

------------------------
20.09.2023 8:16:54
CallbackFormEmailModal
Array
(
    [name] => cgelmmcgsEa@bobbor.store
    [phone] => 82158175527
    [formname] => Обратная связь
)

------------------------

------------------------
20.09.2023 8:27:04
CallbackFormEmailModal
Array
(
    [name] => vqjhobrt@mail.ru
    [phone] => +791234567393
    [formname] => Обратная связь
)

------------------------

------------------------
20.09.2023 14:33:50
CallbackFormEmailModal
Array
(
    [name] => renen5p@outlook.com
    [phone] => 85331798342
    [formname] => Обратная связь
)

------------------------

------------------------
20.09.2023 15:01:29
CallbackFormEmailModal
Array
(
    [name] => betcas608@gmail.com
    [phone] => 86246852337
    [formname] => Обратная связь
)

------------------------

------------------------
20.09.2023 19:17:50
CallbackFormEmailModal
Array
(
    [name] => blast.85@mail.ru
    [phone] => 81889185935
    [formname] => Обратная связь
)

------------------------

------------------------
20.09.2023 23:58:36
CallbackFormEmailModal
Array
(
    [name] => bystoreshop@yandex.ru
    [phone] => 85719744644
    [formname] => Обратная связь
)

------------------------
