
------------------------
31.07.2022 0:04:00
CallbackFormEmailModal
Array
(
    [name] => zakster93@yahoo.com
    [phone] => 89033288510
    [formname] => Обратная связь
)

------------------------

------------------------
31.07.2022 2:30:00
CallbackFormEmailModal
Array
(
    [name] => pityshtolze@ymail.org
    [phone] => 89037296277
    [formname] => Обратная связь
)

------------------------

------------------------
31.07.2022 4:51:32
CallbackFormEmailModal
Array
(
    [name] => berryjess21@yahoo.com
    [phone] => 89033994109
    [formname] => Обратная связь
)

------------------------

------------------------
31.07.2022 7:13:47
CallbackFormEmailModal
Array
(
    [name] => chrysacosta@yahoo.com
    [phone] => 89037887660
    [formname] => Обратная связь
)

------------------------

------------------------
31.07.2022 9:35:05
CallbackFormEmailModal
Array
(
    [name] => metalblud@gmail.com
    [phone] => 89032727235
    [formname] => Обратная связь
)

------------------------

------------------------
31.07.2022 11:56:52
CallbackFormEmailModal
Array
(
    [name] => peterpanzy884@comcast.net
    [phone] => 89032368526
    [formname] => Обратная связь
)

------------------------

------------------------
31.07.2022 14:18:51
CallbackFormEmailModal
Array
(
    [name] => shabashabu@yahoo.com
    [phone] => 89038339601
    [formname] => Обратная связь
)

------------------------

------------------------
31.07.2022 16:40:36
CallbackFormEmailModal
Array
(
    [name] => kodaikanalboatclub@gmail.com
    [phone] => 89035358963
    [formname] => Обратная связь
)

------------------------

------------------------
31.07.2022 19:01:10
CallbackFormEmailModal
Array
(
    [name] => zacweston1@gmail.com
    [phone] => 89031295484
    [formname] => Обратная связь
)

------------------------

------------------------
31.07.2022 21:21:20
CallbackFormEmailModal
Array
(
    [name] => memorypligger445@servicegulino.com
    [phone] => 89035456471
    [formname] => Обратная связь
)

------------------------

------------------------
31.07.2022 23:43:35
CallbackFormEmailModal
Array
(
    [name] => tim.neal3@btinternet.com
    [phone] => 89036803388
    [formname] => Обратная связь
)

------------------------
