
------------------------
24.03.2023 3:52:05
CallbackFormEmailModal
Array
(
    [name] => xrum@trafficempire.su
    [phone] => 84827647848
    [formname] => Обратная связь
)

------------------------

------------------------
24.03.2023 3:59:55
CallbackFormEmailModal
Array
(
    [name] => lumelskiy.leopold@mail.ru
    [phone] => 81821243177
    [formname] => Обратная связь
)

------------------------

------------------------
24.03.2023 7:28:57
Order
Array
(
    [name] => Андронов А.В.
    [email] => AndronovAlV@suek.ru
    [phone] => +7-391-290-6548
    [comment] => Лестничная ступень Р 33х33/30х3 Zn 800х240 мм, кол-во: 1, цена: 2050руб.
Способ доставки: Самовывоз со склада
Выберите способ оплаты: Оплата на расчетный счет организации

Комментарий к заказу: 

    [formname] => Заказ из корзины
    [fields] => Array
        (
            [price] => 2050
        )

)

------------------------

------------------------
24.03.2023 7:59:43
CallbackFormEmailModal
Array
(
    [name] => zpqesgxyngr@mail.ru
    [phone] => +791234567849
    [formname] => Обратная связь
)

------------------------

------------------------
24.03.2023 9:24:20
CallbackFormEmailModal
Array
(
    [name] => garry4@pop33.site
    [phone] => 82361266613
    [formname] => Обратная связь
)

------------------------

------------------------
24.03.2023 11:12:52
Order
Array
(
    [name] => Кондрашин Николай Васильевич
    [email] => kondrashin-nikol@mail.ru
    [phone] => +7-926-461-6385
    [comment] => Прессованный  настил P 33х33/30х2 Zn 500х1000 мм, кол-во: 1, цена: 3250руб.
Способ доставки: Самовывоз со склада
Выберите способ оплаты: Оплата наличным

Комментарий к заказу: 

    [formname] => Заказ из корзины
    [fields] => Array
        (
            [price] => 3250
        )

)

------------------------

------------------------
24.03.2023 12:31:37
CallbackFormEmailModal
Array
(
    [name] => mr.evgenij-potapov@yandex.ru
    [phone] => +71257212471
    [formname] => Обратная связь
)

------------------------

------------------------
24.03.2023 14:07:49
CallbackFormEmailModal
Array
(
    [name] => svetovody@medirecord.ru
    [phone] => 82561829798
    [formname] => Обратная связь
)

------------------------

------------------------
24.03.2023 22:38:46
CallbackFormEmailModal
Array
(
    [name] => kk.a.sh.hu.rr.le.y@gmail.com
    [phone] => 84218218886
    [formname] => Обратная связь
)

------------------------
