
------------------------
27.03.2023 6:42:50
CallbackFormEmailModal
Array
(
    [name] => vqjhobrt@mail.ru
    [phone] => +791234567555
    [formname] => Обратная связь
)

------------------------

------------------------
27.03.2023 6:55:36
CallbackFormEmailModal
Array
(
    [name] => bazzi2023@bk.ru
    [phone] => 79893450363
    [formname] => Обратная связь
)

------------------------

------------------------
27.03.2023 7:37:09
CallbackFormEmailModal
Array
(
    [name] => bonusionline@gmail.com
    [phone] => 87684826565
    [formname] => Обратная связь
)

------------------------

------------------------
27.03.2023 20:31:46
CallbackFormEmailModal
Array
(
    [name] => verobscene@yandex.ru
    [phone] => 84632311667
    [formname] => Обратная связь
)

------------------------

------------------------
27.03.2023 21:17:43
CallbackFormEmailModal
Array
(
    [name] => heikogarizoke@imails.site

    [phone] => 86563885633
    [formname] => Обратная связь
)

------------------------

------------------------
27.03.2023 21:51:38
CallbackFormEmailModal
Array
(
    [name] => no-replysuinuts@gmail.com
    [phone] => 86314268133
    [formname] => Обратная связь
)

------------------------

------------------------
27.03.2023 22:56:37
CallbackFormEmailModal
Array
(
    [name] => bofkl@course-fitness.com
    [phone] => 84442881438
    [formname] => Обратная связь
)

------------------------

------------------------
27.03.2023 22:56:38
CallbackFormEmailModal
Array
(
    [name] => ljs6lg@course-fitness.com
    [phone] => 82692534782
    [formname] => Обратная связь
)

------------------------

------------------------
27.03.2023 23:40:47
CallbackFormEmailModal
Array
(
    [name] => dsgdfhdfs@gmail.com
    [phone] => 89286374342
    [formname] => Обратная связь
)

------------------------
