
------------------------
24.01.2025 0:01:57
CallbackFormEmailModal
Array
(
    [name] => wtmaltcoqel@rudiplomust.com
    [phone] => 88882513483
    [formname] => Обратная связь
)

------------------------

------------------------
24.01.2025 0:02:13
CallbackFormEmailModal
Array
(
    [name] => jkyjmlyasel@rudiplomust.com
    [phone] => 87259369162
    [formname] => Обратная связь
)

------------------------

------------------------
24.01.2025 0:04:00
CallbackFormEmailModal
Array
(
    [name] => ilya.igoshin.85@mail.ru
    [phone] => 89475864698
    [formname] => Обратная связь
)

------------------------

------------------------
24.01.2025 0:52:36
CallbackFormEmailModal
Array
(
    [name] => 777@zel.biz
    [phone] => 83718328366
    [formname] => Обратная связь
)

------------------------

------------------------
24.01.2025 0:55:38
CallbackFormEmailModal
Array
(
    [name] => mzowtzvhjel@rudiplomust.com
    [phone] => 82623826313
    [formname] => Обратная связь
)

------------------------

------------------------
24.01.2025 1:09:25
CallbackFormEmailModal
Array
(
    [name] => osipova.liliia.1986.22.12@inbox.ru
    [phone] => 82359667711
    [formname] => Обратная связь
)

------------------------

------------------------
24.01.2025 1:22:14
CallbackFormEmailModal
Array
(
    [name] => ranmicasde1982@mail.ru
    [phone] => 82859837238
    [formname] => Обратная связь
)

------------------------

------------------------
24.01.2025 3:43:12
CallbackFormEmailModal
Array
(
    [name] => sfcnncqndel@rudiplomust.com
    [phone] => 85243314558
    [formname] => Обратная связь
)

------------------------

------------------------
24.01.2025 4:37:04
CallbackFormEmailModal
Array
(
    [name] => ogqidzwwcel@rudiplomust.com
    [phone] => 83569584323
    [formname] => Обратная связь
)

------------------------

------------------------
24.01.2025 6:36:18
CallbackFormEmailModal
Array
(
    [name] => qfkwpghooSi@rudiplomust.com
    [phone] => 84686664641
    [formname] => Обратная связь
)

------------------------

------------------------
24.01.2025 7:22:08
CallbackFormEmailModal
Array
(
    [name] => ffrovesnyei@rudiplomust.com
    [phone] => 85657563946
    [formname] => Обратная связь
)

------------------------

------------------------
24.01.2025 7:50:14
CallbackFormEmailModal
Array
(
    [name] => uefpgiewxel@rudiplomust.com
    [phone] => 83118614292
    [formname] => Обратная связь
)

------------------------

------------------------
24.01.2025 8:15:48
CallbackFormEmailModal
Array
(
    [name] => tremundeslay1981@mail.ru
    [phone] => 88178586794
    [formname] => Обратная связь
)

------------------------

------------------------
24.01.2025 8:19:02
CallbackFormEmailModal
Array
(
    [name] => saysalruanscilich@mail.ru
    [phone] => 88851147162
    [formname] => Обратная связь
)

------------------------

------------------------
24.01.2025 8:24:15
CallbackFormEmailModal
Array
(
    [name] => highvinonthyo1986@mail.ru
    [phone] => 89499813196
    [formname] => Обратная связь
)

------------------------

------------------------
24.01.2025 8:35:43
CallbackFormEmailModal
Array
(
    [name] => veybiliwert1980@op.pl
    [phone] => 89399421167
    [formname] => Обратная связь
)

------------------------

------------------------
24.01.2025 8:41:22
CallbackFormEmailModal
Array
(
    [name] => tipanasotemthia@mail.ru
    [phone] => 86643688476
    [formname] => Обратная связь
)

------------------------

------------------------
24.01.2025 9:31:14
CallbackFormEmailModal
Array
(
    [name] => gwyagkulw@hoopsori.shop
    [phone] => 88748722326
    [formname] => Обратная связь
)

------------------------

------------------------
24.01.2025 9:44:48
CallbackFormEmailModal
Array
(
    [name] => sergoworki.n.g71.8@gmail.com
    [phone] => 86876594791
    [formname] => Обратная связь
)

------------------------

------------------------
24.01.2025 12:56:34
CallbackFormEmailModal
Array
(
    [name] => naulahome@yahoo.com
    [phone] => 85695295125
    [formname] => Обратная связь
)

------------------------

------------------------
24.01.2025 13:13:45
CallbackFormEmailModal
Array
(
    [name] => balpunarti1976@mail.ru
    [phone] => 84127364426
    [formname] => Обратная связь
)

------------------------

------------------------
24.01.2025 13:13:46
CallbackFormEmailModal
Array
(
    [name] => gunlekingovertcon@mail.ru
    [phone] => 85217463952
    [formname] => Обратная связь
)

------------------------

------------------------
24.01.2025 13:13:48
CallbackFormEmailModal
Array
(
    [name] => rerkgeemong98@mail.ru
    [phone] => 82228339893
    [formname] => Обратная связь
)

------------------------

------------------------
24.01.2025 13:13:48
CallbackFormEmailModal
Array
(
    [name] => kozlovvarlen19782037@mail.ru
    [phone] => 87781471864
    [formname] => Обратная связь
)

------------------------

------------------------
24.01.2025 13:42:34
CallbackFormEmailModal
Array
(
    [name] => foncardda1988@mail.ru
    [phone] => 84965391544
    [formname] => Обратная связь
)

------------------------

------------------------
24.01.2025 14:08:46
CallbackFormEmailModal
Array
(
    [name] => mephedrone@cocaine-v-toshkente.shop
    [phone] => 84647826994
    [formname] => Обратная связь
)

------------------------

------------------------
24.01.2025 15:54:35
CallbackFormEmailModal
Array
(
    [name] => uoufdnnmxKt@rudiplomust.com
    [phone] => 83866534815
    [formname] => Обратная связь
)

------------------------

------------------------
24.01.2025 16:51:00
CallbackFormEmailModal
Array
(
    [name] => xrumerfox@gmail.com
    [phone] => 82651943218
    [formname] => Обратная связь
)

------------------------

------------------------
24.01.2025 16:51:47
CallbackFormEmailModal
Array
(
    [name] => mtwznfeowel@rudiplomust.com
    [phone] => 82555162971
    [formname] => Обратная связь
)

------------------------

------------------------
24.01.2025 19:24:04
CallbackFormEmailModal
Array
(
    [name] => rew33@donetsk365.ru
    [phone] => 82885414527
    [formname] => Обратная связь
)

------------------------

------------------------
24.01.2025 21:09:32
CallbackFormEmailModal
Array
(
    [name] => girilanvest1973@op.pl
    [phone] => 81867141312
    [formname] => Обратная связь
)

------------------------

------------------------
24.01.2025 21:24:56
CallbackFormEmailModal
Array
(
    [name] => lpwbjrotho@rambler.ru
    [phone] => 81492562977
    [formname] => Обратная связь
)

------------------------

------------------------
24.01.2025 21:39:33
CallbackFormEmailModal
Array
(
    [name] => eugeneAcuseeugeneAcuse@mail.ru
    [phone] => 87843977114
    [formname] => Обратная связь
)

------------------------

------------------------
24.01.2025 22:43:53
CallbackFormEmailModal
Array
(
    [name] => dmqazqubbel@rudiplomust.com
    [phone] => 82852551572
    [formname] => Обратная связь
)

------------------------

------------------------
24.01.2025 22:43:53
CallbackFormEmailModal
Array
(
    [name] => afykpflflel@rudiplomust.com
    [phone] => 82145644971
    [formname] => Обратная связь
)

------------------------
