
------------------------
01.11.2023 5:17:57
CallbackFormEmailModal
Array
(
    [name] => chloe.fletcher.441@outlook.com
    [phone] => 88767659719
    [formname] => Обратная связь
)

------------------------

------------------------
01.11.2023 5:34:50
CallbackFormEmailModal
Array
(
    [name] => vqjhobrt@mail.ru
    [phone] => +791234567567
    [formname] => Обратная связь
)

------------------------

------------------------
01.11.2023 6:06:33
CallbackFormEmailModal
Array
(
    [name] => aq50aqa@rambler.ru
    [phone] => 82641314899
    [formname] => Обратная связь
)

------------------------

------------------------
01.11.2023 6:44:16
CallbackFormEmailModal
Array
(
    [name] => ulvdnoiib@vbealth.online
    [phone] => 85776633253
    [formname] => Обратная связь
)

------------------------

------------------------
01.11.2023 7:51:35
CallbackFormEmailModal
Array
(
    [name] => alfredegov@gmail.com
    [phone] => 83185818474
    [formname] => Обратная связь
)

------------------------

------------------------
01.11.2023 13:10:16
CallbackFormEmailModal
Array
(
    [name] => you1rmai51l@gmail.com
    [phone] => 86972161334
    [formname] => Обратная связь
)

------------------------

------------------------
01.11.2023 18:32:13
CallbackEmailModal
Array
(
    [name] => Jasminedow1999@xru.goaglie.com
    [phone] => 82788177123
    [comment] => Название продуката: Прессованный  настил P 33х33/30х3 Zn 1000х1000 мм
Комменатрий: В этом что-то есть. Большое спасибо за помощь в этом вопросе, теперь я буду знать.
 tgc) is in demand among gamblefi investors and attracted 1.25 million dollars during pre-sale only for 3 weeks of operation of the <a href=https://plastic-review.com/link.php?link=cricket-betting.app>https://plastic-review.com/link.php?link=cricket-betting.app</a>.
    [formname] => Задать вопрос по товару
)

------------------------
