
------------------------
15.12.2024 0:55:03
CallbackFormEmailModal
Array
(
    [name] => qkphbugslel@rudiplomust.com
    [phone] => 83477588275
    [formname] => Обратная связь
)

------------------------

------------------------
15.12.2024 1:11:03
CallbackFormEmailModal
Array
(
    [name] => ali-lebedev-42725@mail.ru
    [phone] => 81853161324
    [formname] => Обратная связь
)

------------------------

------------------------
15.12.2024 3:36:24
CallbackFormEmailModal
Array
(
    [name] => xrumer23Kip@gmail.com
    [phone] => 83584457358
    [formname] => Обратная связь
)

------------------------

------------------------
15.12.2024 4:04:32
CallbackFormEmailModal
Array
(
    [name] => prestamo197878@ro.mx
    [phone] => 81924345819
    [formname] => Обратная связь
)

------------------------

------------------------
15.12.2024 4:11:10
CallbackFormEmailModal
Array
(
    [name] => jarerogusto@gmail.com
    [phone] => 83317682151
    [formname] => Обратная связь
)

------------------------

------------------------
15.12.2024 4:50:01
CallbackFormEmailModal
Array
(
    [name] => jarerogusto@gmail.com
    [phone] => 85526473131
    [formname] => Обратная связь
)

------------------------

------------------------
15.12.2024 5:39:12
CallbackFormEmailModal
Array
(
    [name] => vjunhwbdgel@rudiplomust.com
    [phone] => 89274754132
    [formname] => Обратная связь
)

------------------------

------------------------
15.12.2024 5:52:25
CallbackFormEmailModal
Array
(
    [name] => eugene@tires24.website
    [phone] => 83153548586
    [formname] => Обратная связь
)

------------------------

------------------------
15.12.2024 6:21:23
CallbackFormEmailModal
Array
(
    [name] => 777@zel.biz
    [phone] => 83929274233
    [formname] => Обратная связь
)

------------------------

------------------------
15.12.2024 8:23:19
CallbackFormEmailModal
Array
(
    [name] => gunlekingovertcon@mail.ru
    [phone] => 85133856268
    [formname] => Обратная связь
)

------------------------

------------------------
15.12.2024 8:23:35
CallbackFormEmailModal
Array
(
    [name] => nadya.milyukova.69@mail.ru
    [phone] => 81883384856
    [formname] => Обратная связь
)

------------------------

------------------------
15.12.2024 8:28:06
CallbackFormEmailModal
Array
(
    [name] => woodbpurne1983@mail.ru
    [phone] => 82654916621
    [formname] => Обратная связь
)

------------------------

------------------------
15.12.2024 8:30:32
CallbackFormEmailModal
Array
(
    [name] => ropolkingta@mail.ru
    [phone] => 82317341863
    [formname] => Обратная связь
)

------------------------

------------------------
15.12.2024 8:32:00
CallbackFormEmailModal
Array
(
    [name] => karina_platonova_31068@mail.ru
    [phone] => 88566881137
    [formname] => Обратная связь
)

------------------------

------------------------
15.12.2024 8:35:33
CallbackFormEmailModal
Array
(
    [name] => vanephsaipremelca@mail.ru
    [phone] => 86511492998
    [formname] => Обратная связь
)

------------------------

------------------------
15.12.2024 8:35:36
CallbackFormEmailModal
Array
(
    [name] => smorarabte539@mail.ru
    [phone] => 81947137376
    [formname] => Обратная связь
)

------------------------

------------------------
15.12.2024 8:38:45
CallbackFormEmailModal
Array
(
    [name] => podaiclan_547@mail.ru
    [phone] => 87772794499
    [formname] => Обратная связь
)

------------------------

------------------------
15.12.2024 8:40:41
CallbackFormEmailModal
Array
(
    [name] => jisankape@list.ru
    [phone] => 83598335437
    [formname] => Обратная связь
)

------------------------

------------------------
15.12.2024 9:33:51
CallbackFormEmailModal
Array
(
    [name] => rodionoverik1735@mail.ru
    [phone] => 85311555228
    [formname] => Обратная связь
)

------------------------

------------------------
15.12.2024 9:33:51
CallbackFormEmailModal
Array
(
    [name] => postsaddtaliretneu@mail.ru
    [phone] => 89353363745
    [formname] => Обратная связь
)

------------------------

------------------------
15.12.2024 9:34:27
CallbackFormEmailModal
Array
(
    [name] => moiseevatoriya1993@bk.ru
    [phone] => 84713635456
    [formname] => Обратная связь
)

------------------------

------------------------
15.12.2024 9:34:27
CallbackFormEmailModal
Array
(
    [name] => mosoce-416@mail.ru
    [phone] => 84963472598
    [formname] => Обратная связь
)

------------------------

------------------------
15.12.2024 9:43:20
CallbackFormEmailModal
Array
(
    [name] => ilya.igoshin.85@mail.ru
    [phone] => 88996276261
    [formname] => Обратная связь
)

------------------------

------------------------
15.12.2024 9:45:15
CallbackFormEmailModal
Array
(
    [name] => taelivihohtoca@mail.ru
    [phone] => 88674584414
    [formname] => Обратная связь
)

------------------------

------------------------
15.12.2024 9:46:10
CallbackFormEmailModal
Array
(
    [name] => toypropadsandwesvi@mail.ru
    [phone] => 85995284933
    [formname] => Обратная связь
)

------------------------

------------------------
15.12.2024 9:54:55
CallbackFormEmailModal
Array
(
    [name] => diana.fedorova.85@inbox.ru
    [phone] => 84618429147
    [formname] => Обратная связь
)

------------------------

------------------------
15.12.2024 10:04:01
CallbackFormEmailModal
Array
(
    [name] => eepovda@bk.ru
    [phone] => 83723879294
    [formname] => Обратная связь
)

------------------------

------------------------
15.12.2024 10:04:13
CallbackFormEmailModal
Array
(
    [name] => laisumake186@mail.ru
    [phone] => 81146292441
    [formname] => Обратная связь
)

------------------------

------------------------
15.12.2024 10:06:19
CallbackFormEmailModal
Array
(
    [name] => dzhavgorat-tashdemirov1981@mail.ru
    [phone] => 87888299138
    [formname] => Обратная связь
)

------------------------

------------------------
15.12.2024 10:06:19
CallbackFormEmailModal
Array
(
    [name] => mark.moshchenskiy.90@mail.ru
    [phone] => 89519672699
    [formname] => Обратная связь
)

------------------------

------------------------
15.12.2024 10:09:16
CallbackFormEmailModal
Array
(
    [name] => mikhan-zhuravlev-21610@mail.ru
    [phone] => 82553929661
    [formname] => Обратная связь
)

------------------------

------------------------
15.12.2024 10:14:14
CallbackFormEmailModal
Array
(
    [name] => zenchikova.anna@mail.ru
    [phone] => 81999323279
    [formname] => Обратная связь
)

------------------------

------------------------
15.12.2024 10:14:14
CallbackFormEmailModal
Array
(
    [name] => gulaza-khlyupko2000@mail.ru
    [phone] => 87789573845
    [formname] => Обратная связь
)

------------------------

------------------------
15.12.2024 10:18:33
CallbackFormEmailModal
Array
(
    [name] => halcheni1990@mail.ru
    [phone] => 88631899954
    [formname] => Обратная связь
)

------------------------

------------------------
15.12.2024 10:18:34
CallbackFormEmailModal
Array
(
    [name] => sashunya.sergeev.2022@list.ru
    [phone] => 85897284972
    [formname] => Обратная связь
)

------------------------

------------------------
15.12.2024 10:21:30
CallbackFormEmailModal
Array
(
    [name] => anna.shapiro.78@mail.ru
    [phone] => 81445197732
    [formname] => Обратная связь
)

------------------------

------------------------
15.12.2024 10:23:49
CallbackFormEmailModal
Array
(
    [name] => ljusdukeeca1971@mail.ru
    [phone] => 81278446589
    [formname] => Обратная связь
)

------------------------

------------------------
15.12.2024 10:24:32
CallbackFormEmailModal
Array
(
    [name] => tremundeslay1981@mail.ru
    [phone] => 85397777852
    [formname] => Обратная связь
)

------------------------

------------------------
15.12.2024 10:28:32
CallbackFormEmailModal
Array
(
    [name] => siobrowwoodje1976@mail.ru
    [phone] => 88492854447
    [formname] => Обратная связь
)

------------------------

------------------------
15.12.2024 10:43:43
CallbackFormEmailModal
Array
(
    [name] => palamedastafjev@narod.ru
    [phone] => 83582671155
    [formname] => Обратная связь
)

------------------------

------------------------
15.12.2024 10:59:25
CallbackFormEmailModal
Array
(
    [name] => albina.anisimova.02@mail.ru
    [phone] => 82451424863
    [formname] => Обратная связь
)

------------------------

------------------------
15.12.2024 11:16:24
CallbackFormEmailModal
Array
(
    [name] => naphtloxua-5550@mail.ru
    [phone] => 82253282357
    [formname] => Обратная связь
)

------------------------

------------------------
15.12.2024 11:21:39
CallbackFormEmailModal
Array
(
    [name] => placnacidown1989@mail.ru
    [phone] => 86923944793
    [formname] => Обратная связь
)

------------------------

------------------------
15.12.2024 11:47:21
CallbackFormEmailModal
Array
(
    [name] => gabrielakuzmina1989@list.ru
    [phone] => 82194122126
    [formname] => Обратная связь
)

------------------------

------------------------
15.12.2024 11:50:20
CallbackFormEmailModal
Array
(
    [name] => osipova.liliia.1986.22.12@inbox.ru
    [phone] => 82899675593
    [formname] => Обратная связь
)

------------------------

------------------------
15.12.2024 13:10:53
CallbackFormEmailModal
Array
(
    [name] => jarerogusto@gmail.com
    [phone] => 81576561969
    [formname] => Обратная связь
)

------------------------

------------------------
15.12.2024 13:13:18
CallbackFormEmailModal
Array
(
    [name] => shvernik.s@mail.ru
    [phone] => 83336676821
    [formname] => Обратная связь
)

------------------------

------------------------
15.12.2024 13:20:24
CallbackFormEmailModal
Array
(
    [name] => margarit_ternova1999@mail.ru
    [phone] => 84824779638
    [formname] => Обратная связь
)

------------------------

------------------------
15.12.2024 13:21:52
CallbackFormEmailModal
Array
(
    [name] => rietraccabun1976@mail.ru
    [phone] => 82571367262
    [formname] => Обратная связь
)

------------------------

------------------------
15.12.2024 13:27:42
CallbackFormEmailModal
Array
(
    [name] => egorbmxik@mail.ru
    [phone] => 86757725433
    [formname] => Обратная связь
)

------------------------

------------------------
15.12.2024 13:28:07
CallbackFormEmailModal
Array
(
    [name] => remodemu1973@mail.ru
    [phone] => 82378235192
    [formname] => Обратная связь
)

------------------------

------------------------
15.12.2024 13:48:02
CallbackFormEmailModal
Array
(
    [name] => curismeli1984@op.pl
    [phone] => 84239833228
    [formname] => Обратная связь
)

------------------------

------------------------
15.12.2024 13:48:34
CallbackFormEmailModal
Array
(
    [name] => jarerogusto@gmail.com
    [phone] => 82393736595
    [formname] => Обратная связь
)

------------------------

------------------------
15.12.2024 16:18:09
CallbackFormEmailModal
Array
(
    [name] => kozynslici1981@op.pl
    [phone] => 85183745243
    [formname] => Обратная связь
)

------------------------

------------------------
15.12.2024 16:47:28
CallbackFormEmailModal
Array
(
    [name] => progon@progon.fun
    [phone] => 84235981921
    [formname] => Обратная связь
)

------------------------

------------------------
15.12.2024 16:48:48
CallbackFormEmailModal
Array
(
    [name] => alexde_427@mail.ru
    [phone] => 87475993753
    [formname] => Обратная связь
)

------------------------

------------------------
15.12.2024 17:53:08
CallbackFormEmailModal
Array
(
    [name] => fitfinsbandrin1987@op.pl
    [phone] => 85652965235
    [formname] => Обратная связь
)

------------------------

------------------------
15.12.2024 18:09:05
CallbackFormEmailModal
Array
(
    [name] => ela.kubets.94@mail.ru
    [phone] => 87945965457
    [formname] => Обратная связь
)

------------------------

------------------------
15.12.2024 18:54:27
CallbackFormEmailModal
Array
(
    [name] => goldboy1931@gmail.com
    [phone] => 83962756449
    [formname] => Обратная связь
)

------------------------

------------------------
15.12.2024 19:04:29
CallbackFormEmailModal
Array
(
    [name] => yulya.onipchenko.88@mail.ru
    [phone] => 83217713912
    [formname] => Обратная связь
)

------------------------

------------------------
15.12.2024 19:14:21
CallbackFormEmailModal
Array
(
    [name] => karpeciktibas19915@bk.ru
    [phone] => 89381927854
    [formname] => Обратная связь
)

------------------------

------------------------
15.12.2024 20:01:23
CallbackFormEmailModal
Array
(
    [name] => pavel.sitdikov.88@mail.ru
    [phone] => 84141287838
    [formname] => Обратная связь
)

------------------------

------------------------
15.12.2024 20:01:40
CallbackFormEmailModal
Array
(
    [name] => sheveleva-alisa@bk.ru
    [phone] => 83174876347
    [formname] => Обратная связь
)

------------------------

------------------------
15.12.2024 20:25:03
CallbackFormEmailModal
Array
(
    [name] => nadacottuobesnie@mail.ru
    [phone] => 89371197155
    [formname] => Обратная связь
)

------------------------

------------------------
15.12.2024 20:38:04
CallbackFormEmailModal
Array
(
    [name] => danilovavita9@mail.ru
    [phone] => 85881973737
    [formname] => Обратная связь
)

------------------------

------------------------
15.12.2024 20:55:29
CallbackFormEmailModal
Array
(
    [name] => rais.shchigelskaya2002@mail.ru
    [phone] => 84417786216
    [formname] => Обратная связь
)

------------------------

------------------------
15.12.2024 21:05:53
CallbackFormEmailModal
Array
(
    [name] => jarerogusto@gmail.com
    [phone] => 89149932552
    [formname] => Обратная связь
)

------------------------

------------------------
15.12.2024 21:37:42
CallbackFormEmailModal
Array
(
    [name] => marydesanta291@gmail.com
    [phone] => 86659721158
    [formname] => Обратная связь
)

------------------------

------------------------
15.12.2024 22:29:25
CallbackFormEmailModal
Array
(
    [name] => Phoebe Sherrill
    [phone] => Australia
    [formname] => Обратная связь
)

------------------------

------------------------
15.12.2024 22:39:03
CallbackFormEmailModal
Array
(
    [name] => jarerogusto@gmail.com
    [phone] => 85113427475
    [formname] => Обратная связь
)

------------------------

------------------------
15.12.2024 22:54:34
CallbackFormEmailModal
Array
(
    [name] => ouqeodzd@hotmail.com
    [phone] => 88755958826
    [formname] => Обратная связь
)

------------------------

------------------------
15.12.2024 23:00:51
CallbackFormEmailModal
Array
(
    [name] => pvcjbythrel@rudiplomust.com
    [phone] => 81881624585
    [formname] => Обратная связь
)

------------------------

------------------------
15.12.2024 23:25:30
CallbackFormEmailModal
Array
(
    [name] => marydesanta291@gmail.com
    [phone] => 89778557985
    [formname] => Обратная связь
)

------------------------

------------------------
15.12.2024 23:57:27
CallbackFormEmailModal
Array
(
    [name] => sabrinaablezova35@gmail.com
    [phone] => 86782864167
    [formname] => Обратная связь
)

------------------------
