
------------------------
12.03.2023 0:22:00
CallbackFormEmailModal
Array
(
    [name] => werso058700iu@rambler.ru
    [phone] => 85123218323
    [formname] => Обратная связь
)

------------------------

------------------------
12.03.2023 2:05:43
CallbackFormEmailModal
Array
(
    [name] => no-replysuinuts@gmail.com
    [phone] => 86696845769
    [formname] => Обратная связь
)

------------------------

------------------------
12.03.2023 6:19:13
CallbackFormEmailModal
Array
(
    [name] => kiskalove145@rambler.ru
    [phone] => 85513164318
    [formname] => Обратная связь
)

------------------------

------------------------
12.03.2023 19:05:47
CallbackFormEmailModal
Array
(
    [name] => fighgelaspa1984@outlook.com
    [phone] => fighgelaspa1984@outlook.com
    [formname] => Обратная связь
)

------------------------

------------------------
12.03.2023 19:05:52
CallbackFormEmailModal
Array
(
    [name] => fighgelaspa1984@outlook.com
    [phone] => fighgelaspa1984@outlook.com
    [formname] => Обратная связь
)

------------------------

------------------------
12.03.2023 19:06:48
CallbackFormEmailModal
Array
(
    [name] => fighgelaspa1984@outlook.com
    [phone] => fighgelaspa1984@outlook.com
    [formname] => Обратная связь
)

------------------------

------------------------
12.03.2023 19:06:52
CallbackFormEmailModal
Array
(
    [name] => fighgelaspa1984@outlook.com
    [phone] => fighgelaspa1984@outlook.com
    [formname] => Обратная связь
)

------------------------

------------------------
12.03.2023 19:07:50
CallbackFormEmailModal
Array
(
    [name] => fighgelaspa1984@outlook.com
    [phone] => fighgelaspa1984@outlook.com
    [formname] => Обратная связь
)

------------------------

------------------------
12.03.2023 19:07:55
CallbackFormEmailModal
Array
(
    [name] => fighgelaspa1984@outlook.com
    [phone] => fighgelaspa1984@outlook.com
    [formname] => Обратная связь
)

------------------------

------------------------
12.03.2023 19:09:18
CallbackFormEmailModal
Array
(
    [name] => fighgelaspa1984@outlook.com
    [phone] => fighgelaspa1984@outlook.com
    [formname] => Обратная связь
)

------------------------

------------------------
12.03.2023 19:09:22
CallbackFormEmailModal
Array
(
    [name] => fighgelaspa1984@outlook.com
    [phone] => fighgelaspa1984@outlook.com
    [formname] => Обратная связь
)

------------------------

------------------------
12.03.2023 19:10:00
CallbackFormEmailModal
Array
(
    [name] => fighgelaspa1984@outlook.com
    [phone] => fighgelaspa1984@outlook.com
    [formname] => Обратная связь
)

------------------------

------------------------
12.03.2023 19:10:05
CallbackFormEmailModal
Array
(
    [name] => fighgelaspa1984@outlook.com
    [phone] => fighgelaspa1984@outlook.com
    [formname] => Обратная связь
)

------------------------

------------------------
12.03.2023 19:10:51
CallbackFormEmailModal
Array
(
    [name] => fighgelaspa1984@outlook.com
    [phone] => fighgelaspa1984@outlook.com
    [formname] => Обратная связь
)

------------------------

------------------------
12.03.2023 19:10:55
CallbackFormEmailModal
Array
(
    [name] => fighgelaspa1984@outlook.com
    [phone] => fighgelaspa1984@outlook.com
    [formname] => Обратная связь
)

------------------------

------------------------
12.03.2023 19:11:45
CallbackFormEmailModal
Array
(
    [name] => fighgelaspa1984@outlook.com
    [phone] => fighgelaspa1984@outlook.com
    [formname] => Обратная связь
)

------------------------

------------------------
12.03.2023 19:11:48
CallbackFormEmailModal
Array
(
    [name] => fighgelaspa1984@outlook.com
    [phone] => fighgelaspa1984@outlook.com
    [formname] => Обратная связь
)

------------------------

------------------------
12.03.2023 19:14:13
CallbackFormEmailModal
Array
(
    [name] => fighgelaspa1984@outlook.com
    [phone] => fighgelaspa1984@outlook.com
    [formname] => Обратная связь
)

------------------------

------------------------
12.03.2023 19:14:17
CallbackFormEmailModal
Array
(
    [name] => fighgelaspa1984@outlook.com
    [phone] => fighgelaspa1984@outlook.com
    [formname] => Обратная связь
)

------------------------

------------------------
12.03.2023 19:15:02
CallbackFormEmailModal
Array
(
    [name] => fighgelaspa1984@outlook.com
    [phone] => fighgelaspa1984@outlook.com
    [formname] => Обратная связь
)

------------------------

------------------------
12.03.2023 19:15:06
CallbackFormEmailModal
Array
(
    [name] => fighgelaspa1984@outlook.com
    [phone] => fighgelaspa1984@outlook.com
    [formname] => Обратная связь
)

------------------------
