
------------------------
26.02.2025 0:06:59
CallbackFormEmailModal
Array
(
    [name] => lozfpwvmwel@rudiplomust.com
    [phone] => 84666359366
    [formname] => Обратная связь
)

------------------------

------------------------
26.02.2025 1:31:23
CallbackFormEmailModal
Array
(
    [name] => vincenttaits@mail.ru
    [phone] => 87919147554
    [formname] => Обратная связь
)

------------------------

------------------------
26.02.2025 2:43:00
CallbackFormEmailModal
Array
(
    [name] => barbariska8912@gmail.com
    [phone] => 86483239845
    [formname] => Обратная связь
)

------------------------

------------------------
26.02.2025 2:46:15
CallbackFormEmailModal
Array
(
    [name] => barbariska8912@gmail.com
    [phone] => 87844815859
    [formname] => Обратная связь
)

------------------------

------------------------
26.02.2025 3:22:42
CallbackFormEmailModal
Array
(
    [name] => caqrskcsvEt@rudiplomust.com
    [phone] => 83299926965
    [formname] => Обратная связь
)

------------------------

------------------------
26.02.2025 7:28:45
CallbackFormEmailModal
Array
(
    [name] => sergowork.ing7.18@gmail.com
    [phone] => 87472996152
    [formname] => Обратная связь
)

------------------------

------------------------
26.02.2025 7:33:08
CallbackFormEmailModal
Array
(
    [name] => nadacottuobesnie@mail.ru
    [phone] => 82316364348
    [formname] => Обратная связь
)

------------------------

------------------------
26.02.2025 7:50:50
CallbackFormEmailModal
Array
(
    [name] => ilya.igoshin.85@mail.ru
    [phone] => 88152786341
    [formname] => Обратная связь
)

------------------------

------------------------
26.02.2025 8:04:40
CallbackFormEmailModal
Array
(
    [name] => nadacottuobesnie@mail.ru
    [phone] => 85717688754
    [formname] => Обратная связь
)

------------------------

------------------------
26.02.2025 8:23:31
CallbackFormEmailModal
Array
(
    [name] => deacren@mail.ru
    [phone] => 88959438682
    [formname] => Обратная связь
)

------------------------

------------------------
26.02.2025 8:45:39
CallbackFormEmailModal
Array
(
    [name] => siatimscompma1978@mail.ru
    [phone] => 89728374777
    [formname] => Обратная связь
)

------------------------

------------------------
26.02.2025 8:50:11
CallbackFormEmailModal
Array
(
    [name] => vitalik.denisov.2019@list.ru
    [phone] => 89725871334
    [formname] => Обратная связь
)

------------------------

------------------------
26.02.2025 9:01:24
CallbackFormEmailModal
Array
(
    [name] => kina3axjglime@bk.ru
    [phone] => 81295685413
    [formname] => Обратная связь
)

------------------------

------------------------
26.02.2025 9:10:28
CallbackFormEmailModal
Array
(
    [name] => alimohammedalicarisch@gmail.com
    [phone] => 89688794828
    [formname] => Обратная связь
)

------------------------

------------------------
26.02.2025 10:23:52
CallbackFormEmailModal
Array
(
    [name] => dolnovam@mail.ru
    [phone] => 84565667221
    [formname] => Обратная связь
)

------------------------

------------------------
26.02.2025 10:23:56
CallbackFormEmailModal
Array
(
    [name] => zoya.patrusheva.65@mail.ru
    [phone] => 81853924555
    [formname] => Обратная связь
)

------------------------

------------------------
26.02.2025 10:39:07
CallbackFormEmailModal
Array
(
    [name] => barbariska8912@gmail.com
    [phone] => 89931769874
    [formname] => Обратная связь
)

------------------------

------------------------
26.02.2025 10:44:50
CallbackFormEmailModal
Array
(
    [name] => wltvgjsrhei@rudiplomust.com
    [phone] => 87329214536
    [formname] => Обратная связь
)

------------------------

------------------------
26.02.2025 10:56:27
CallbackFormEmailModal
Array
(
    [name] => kostinarogneda97@list.ru
    [phone] => 88447761776
    [formname] => Обратная связь
)

------------------------

------------------------
26.02.2025 11:01:57
CallbackFormEmailModal
Array
(
    [name] => suzdaltsevtazi@mail.ru
    [phone] => 88596159798
    [formname] => Обратная связь
)

------------------------

------------------------
26.02.2025 11:03:43
CallbackFormEmailModal
Array
(
    [name] => avgustina.morozova@bk.ru
    [phone] => 84186279252
    [formname] => Обратная связь
)

------------------------

------------------------
26.02.2025 11:22:03
CallbackFormEmailModal
Array
(
    [name] => balpunarti1976@mail.ru
    [phone] => 86765954668
    [formname] => Обратная связь
)

------------------------

------------------------
26.02.2025 11:35:47
CallbackFormEmailModal
Array
(
    [name] => ljusdukeeca1971@mail.ru
    [phone] => 88659775882
    [formname] => Обратная связь
)

------------------------

------------------------
26.02.2025 11:53:47
CallbackFormEmailModal
Array
(
    [name] => subbotinalenara88@mail.ru
    [phone] => 88966574557
    [formname] => Обратная связь
)

------------------------

------------------------
26.02.2025 11:55:42
CallbackFormEmailModal
Array
(
    [name] => musaev.misha.1982.3.5@list.ru
    [phone] => 89985762111
    [formname] => Обратная связь
)

------------------------

------------------------
26.02.2025 11:59:02
CallbackFormEmailModal
Array
(
    [name] => ramiraselezneva19908003@bk.ru
    [phone] => 83192975524
    [formname] => Обратная связь
)

------------------------

------------------------
26.02.2025 12:00:10
CallbackFormEmailModal
Array
(
    [name] => anya.genger@mail.ru
    [phone] => 83578324926
    [formname] => Обратная связь
)

------------------------

------------------------
26.02.2025 12:08:00
CallbackFormEmailModal
Array
(
    [name] => ilya.igoshin.85@mail.ru
    [phone] => 88956363984
    [formname] => Обратная связь
)

------------------------

------------------------
26.02.2025 12:43:49
CallbackFormEmailModal
Array
(
    [name] => dolnovam@mail.ru
    [phone] => 88145197699
    [formname] => Обратная связь
)

------------------------

------------------------
26.02.2025 13:42:51
CallbackFormEmailModal
Array
(
    [name] => xrumer23Kip@gmail.com
    [phone] => 86726599241
    [formname] => Обратная связь
)

------------------------

------------------------
26.02.2025 14:27:42
CallbackFormEmailModal
Array
(
    [name] => fyngpflgael@rudiplomust.com
    [phone] => 81817834995
    [formname] => Обратная связь
)

------------------------

------------------------
26.02.2025 15:11:13
CallbackFormEmailModal
Array
(
    [name] => ozwuqxtxxel@rudiplomust.com
    [phone] => 89544228913
    [formname] => Обратная связь
)

------------------------

------------------------
26.02.2025 19:46:19
CallbackFormEmailModal
Array
(
    [name] => xrumer23Kip@gmail.com
    [phone] => 84623795282
    [formname] => Обратная связь
)

------------------------

------------------------
26.02.2025 21:32:34
CallbackFormEmailModal
Array
(
    [name] => xrumer23Kip@gmail.com
    [phone] => 89744976938
    [formname] => Обратная связь
)

------------------------

------------------------
26.02.2025 22:54:18
CallbackFormEmailModal
Array
(
    [name] => pbzrejfwpel@rudiplomust.com
    [phone] => 84987561681
    [formname] => Обратная связь
)

------------------------
