
------------------------
11.01.2023 0:34:08
CallbackFormEmailModal
Array
(
    [name] => 28.3.51sb9.x.m@dynainbox.com
    [phone] => 89923433892
    [formname] => Обратная связь
)

------------------------

------------------------
11.01.2023 3:02:00
CallbackFormEmailModal
Array
(
    [name] => brainia@newtopmail.xyz
    [phone] => 82856151863
    [formname] => Обратная связь
)

------------------------

------------------------
11.01.2023 7:37:58
CallbackFormEmailModal
Array
(
    [name] => e2zbp@course-fitness.com
    [phone] => 82157186318
    [formname] => Обратная связь
)

------------------------

------------------------
11.01.2023 11:30:19
CallbackFormEmailModal
Array
(
    [name] => admin@5838.us
    [phone] => 89795381385
    [formname] => Обратная связь
)

------------------------

------------------------
11.01.2023 14:06:32
CallbackFormEmailModal
Array
(
    [name] => ecodoTork@baileymail.xyz
    [phone] => 82482182398
    [formname] => Обратная связь
)

------------------------

------------------------
11.01.2023 21:50:36
CallbackFormEmailModal
Array
(
    [name] => gosavto004@gmail.com
    [phone] => 85561451253
    [formname] => Обратная связь
)

------------------------

------------------------
11.01.2023 22:14:15
CallbackFormEmailModal
Array
(
    [name] => zelatcol@gmail.com
    [phone] => 83122951182
    [formname] => Обратная связь
)

------------------------
