
------------------------
06.02.2025 0:14:46
CallbackFormEmailModal
Array
(
    [name] => mephrdrone@kypit-v-ukraine.online
    [phone] => 86933345993
    [formname] => Обратная связь
)

------------------------

------------------------
06.02.2025 0:44:03
CallbackFormEmailModal
Array
(
    [name] => yorwiztimel@rudiplomust.com
    [phone] => 88968184456
    [formname] => Обратная связь
)

------------------------

------------------------
06.02.2025 2:51:53
CallbackFormEmailModal
Array
(
    [name] => valiutniyvalery@yandex.ru
    [phone] => 86766774913
    [formname] => Обратная связь
)

------------------------

------------------------
06.02.2025 3:13:10
CallbackFormEmailModal
Array
(
    [name] => stevenKeymn@mail.ru
    [phone] => 87678115217
    [formname] => Обратная связь
)

------------------------

------------------------
06.02.2025 5:29:46
CallbackFormEmailModal
Array
(
    [name] => kyutalepya@web.de
    [phone] => 88331764962
    [formname] => Обратная связь
)

------------------------

------------------------
06.02.2025 6:49:27
CallbackFormEmailModal
Array
(
    [name] => fymnrxeomKn@rudiplomust.com
    [phone] => 81984563292
    [formname] => Обратная связь
)

------------------------

------------------------
06.02.2025 7:07:08
CallbackFormEmailModal
Array
(
    [name] => ekjfvkonjel@rudiplomust.com
    [phone] => 82976892597
    [formname] => Обратная связь
)

------------------------

------------------------
06.02.2025 8:23:12
CallbackFormEmailModal
Array
(
    [name] => vdigmtxqdei@rudiplomust.com
    [phone] => 81352692969
    [formname] => Обратная связь
)

------------------------

------------------------
06.02.2025 9:56:02
CallbackFormEmailModal
Array
(
    [name] => kkhjnyajjel@rudiplomust.com
    [phone] => 82785967195
    [formname] => Обратная связь
)

------------------------

------------------------
06.02.2025 9:56:03
CallbackFormEmailModal
Array
(
    [name] => cfeqflqoxel@rudiplomust.com
    [phone] => 84212976667
    [formname] => Обратная связь
)

------------------------

------------------------
06.02.2025 10:11:11
CallbackFormEmailModal
Array
(
    [name] => vrxtpnyadel@rudiplomust.com
    [phone] => 81989659912
    [formname] => Обратная связь
)

------------------------

------------------------
06.02.2025 10:14:55
CallbackFormEmailModal
Array
(
    [name] => inna.kortneva.69@mail.ru
    [phone] => 85441312162
    [formname] => Обратная связь
)

------------------------

------------------------
06.02.2025 10:15:03
CallbackFormEmailModal
Array
(
    [name] => anya.genger@mail.ru
    [phone] => 88994641414
    [formname] => Обратная связь
)

------------------------

------------------------
06.02.2025 10:23:32
CallbackFormEmailModal
Array
(
    [name] => mepinfenia@bk.ru
    [phone] => 88518776627
    [formname] => Обратная связь
)

------------------------

------------------------
06.02.2025 10:23:37
CallbackFormEmailModal
Array
(
    [name] => dolnovam@mail.ru
    [phone] => 89687637689
    [formname] => Обратная связь
)

------------------------

------------------------
06.02.2025 10:24:00
CallbackFormEmailModal
Array
(
    [name] => kina3axjglime@bk.ru
    [phone] => 86132143895
    [formname] => Обратная связь
)

------------------------

------------------------
06.02.2025 11:43:27
CallbackFormEmailModal
Array
(
    [name] => qdyynmovcel@rudiplomust.com
    [phone] => 83234181612
    [formname] => Обратная связь
)

------------------------

------------------------
06.02.2025 12:00:38
CallbackFormEmailModal
Array
(
    [name] => mikhaileliffkt@mail.ru
    [phone] => 87544577296
    [formname] => Обратная связь
)

------------------------

------------------------
06.02.2025 13:19:09
CallbackFormEmailModal
Array
(
    [name] => aewqwbiufka@rudiplomust.com
    [phone] => 84465652533
    [formname] => Обратная связь
)

------------------------

------------------------
06.02.2025 14:22:10
CallbackFormEmailModal
Array
(
    [name] => zgkawdwtqel@rudiplomust.com
    [phone] => 86113565647
    [formname] => Обратная связь
)

------------------------

------------------------
06.02.2025 14:48:55
CallbackFormEmailModal
Array
(
    [name] => best@kodx.uk
    [phone] => 84913314476
    [formname] => Обратная связь
)

------------------------

------------------------
06.02.2025 16:55:10
CallbackFormEmailModal
Array
(
    [name] => xesxrkkxwSi@rudiplomust.com
    [phone] => 88858281318
    [formname] => Обратная связь
)

------------------------

------------------------
06.02.2025 18:47:08
CallbackFormEmailModal
Array
(
    [name] => EkaterinaNiz1988@xru.goaglie.com
    [phone] => 83711646583
    [formname] => Обратная связь
)

------------------------

------------------------
06.02.2025 19:47:55
CallbackFormEmailModal
Array
(
    [name] => ynetdcckuel@rudiplomust.com
    [phone] => 81432727382
    [formname] => Обратная связь
)

------------------------

------------------------
06.02.2025 20:09:35
CallbackFormEmailModal
Array
(
    [name] => your77@gmail.com
    [phone] => 83756933289
    [formname] => Обратная связь
)

------------------------

------------------------
06.02.2025 20:31:30
CallbackFormEmailModal
Array
(
    [name] => worransdesdomh1988@op.pl
    [phone] => 81967196215
    [formname] => Обратная связь
)

------------------------

------------------------
06.02.2025 20:48:59
CallbackFormEmailModal
Array
(
    [name] => subbotinalenara88@mail.ru
    [phone] => 86176121922
    [formname] => Обратная связь
)

------------------------
