
------------------------
21.02.2026 4:47:38
CallbackFormEmailModal
Array
(
    [name] => erangifest1980@mail.ru
    [phone] => 87139772859
    [formname] => Обратная связь
)

------------------------

------------------------
21.02.2026 4:51:50
CallbackFormEmailModal
Array
(
    [name] => lashawndaqkpuc@mail.ru
    [phone] => 83945292464
    [formname] => Обратная связь
)

------------------------

------------------------
21.02.2026 4:54:15
CallbackFormEmailModal
Array
(
    [name] => yaroslav.sevastyanov.1988@mail.ru
    [phone] => 87513721553
    [formname] => Обратная связь
)

------------------------
