
------------------------
23.03.2022 7:52:04
CallbackFormEmailModal
Array
(
    [name] => no-replysuinuts@gmail.com
    [phone] => 84716217888
    [formname] => Обратная связь
)

------------------------

------------------------
23.03.2022 10:29:05
CallbackFormModal
Array
(
    [name] => Светлана
    [phone] => +7(836)249-46-04
    [formname] => Заказать звонок
)

------------------------

------------------------
23.03.2022 11:57:32
CallbackFormEmailModal
Array
(
    [name] => gauravsinghparihar879@gmail.com
    [phone] => 81245863292
    [formname] => Обратная связь
)

------------------------

------------------------
23.03.2022 14:27:26
CallbackFormEmailModal
Array
(
    [name] => www.florjan1@hotmail.de
    [phone] => 83782681445
    [formname] => Обратная связь
)

------------------------
