
------------------------
10.09.2025 0:43:29
CallbackFormEmailModal
Array
(
    [name] => stevenKeymn@mail.ru
    [phone] => 81851678171
    [formname] => Обратная связь
)

------------------------

------------------------
10.09.2025 7:45:42
CallbackFormEmailModal
Array
(
    [name] => 1@1.it
    [phone] => 87698382372
    [formname] => Обратная связь
)

------------------------

------------------------
10.09.2025 7:46:38
CallbackFormEmailModal
Array
(
    [name] => alexpopov716253@gmail.com
    [phone] => 85753687616
    [formname] => Обратная связь
)

------------------------

------------------------
10.09.2025 7:54:32
CallbackFormEmailModal
Array
(
    [name] => info@strictlydigital.net
    [phone] => 81154882568
    [formname] => Обратная связь
)

------------------------

------------------------
10.09.2025 9:33:02
Order
Array
(
    [name] => Пахомов Андрей Михайлович
    [email] => pahomov.am@shercargo.ru
    [phone] => +7-903-967-9862
    [comment] => Сварной  настил SP 34х38/30х3 Zn 1000х1000 мм, кол-во: 1, цена: 5100руб.
Сварной решетчатый настил SP 34х38/30х2 Zn 500х1000 мм, кол-во: 1, цена: 2650руб.
Лестничная ступень SР 34х38/30х3 Zn 1000х270 мм, кол-во: 1, цена: 2050руб.
Способ доставки: Самовывоз со склада
Выберите способ оплаты: Оплата наличным

Комментарий к заказу: 
Добрый день счет на организацию АО Шереметьево Карго инн 7712014197
    [formname] => Заказ из корзины
    [fields] => Array
        (
            [price] => 47300
        )

)

------------------------

------------------------
10.09.2025 10:56:07
CallbackFormEmailModal
Array
(
    [name] => eruiwghiurbegreg@gmail.com
    [phone] => 82931862637
    [formname] => Обратная связь
)

------------------------

------------------------
10.09.2025 11:02:49
CallbackFormEmailModal
Array
(
    [name] => mike@monkeydigital.co
    [phone] => 86344159974
    [formname] => Обратная связь
)

------------------------

------------------------
10.09.2025 11:54:33
CallbackFormEmailModal
Array
(
    [name] => sergowor.kin.g7.1.8@gmail.com
    [phone] => 89846675993
    [formname] => Обратная связь
)

------------------------

------------------------
10.09.2025 11:59:54
CallbackFormEmailModal
Array
(
    [name] => apteka@proandro.ru
    [phone] => +7(926)835-72-62
    [formname] => Обратная связь
)

------------------------

------------------------
10.09.2025 13:27:26
CallbackFormEmailModal
Array
(
    [name] => sofi2000liv.e.8.88@gmail.com
    [phone] => 86581494235
    [formname] => Обратная связь
)

------------------------

------------------------
10.09.2025 15:00:39
CallbackFormEmailModal
Array
(
    [name] => huikfgbgtfdhtr@gmail.com
    [phone] => 88939479466
    [formname] => Обратная связь
)

------------------------

------------------------
10.09.2025 15:01:36
CallbackFormEmailModal
Array
(
    [name] => dfgsgtrehytrehtyreh@gmail.com
    [phone] => 88765756165
    [formname] => Обратная связь
)

------------------------

------------------------
10.09.2025 15:09:45
CallbackFormEmailModal
Array
(
    [name] => andrey.don.x@gmail.com
    [phone] => 81717562495
    [formname] => Обратная связь
)

------------------------

------------------------
10.09.2025 16:38:16
CallbackFormEmailModal
Array
(
    [name] => phjrfowuregewrg949@gmail.com
    [phone] => 88628684762
    [formname] => Обратная связь
)

------------------------

------------------------
10.09.2025 21:38:32
CallbackFormEmailModal
Array
(
    [name] => sergowor.kin.g7.18@gmail.com
    [phone] => 89495322537
    [formname] => Обратная связь
)

------------------------
