
------------------------
30.09.2023 1:44:55
CallbackFormEmailModal
Array
(
    [name] => mikeKitGrishitty@gmail.com
    [phone] => 88555259617
    [formname] => Обратная связь
)

------------------------

------------------------
30.09.2023 5:14:04
CallbackFormEmailModal
Array
(
    [name] => kennethcamren1925@noissmail.com
    [phone] => 84189631971
    [formname] => Обратная связь
)

------------------------

------------------------
30.09.2023 5:54:17
CallbackFormEmailModal
Array
(
    [name] => nggkiaxkxEa@bobbor.store
    [phone] => 89792894958
    [formname] => Обратная связь
)

------------------------

------------------------
30.09.2023 6:50:44
CallbackFormEmailModal
Array
(
    [name] => vqjhobrt@mail.ru
    [phone] => +791234567914
    [formname] => Обратная связь
)

------------------------

------------------------
30.09.2023 8:49:13
CallbackFormEmailModal
Array
(
    [name] => daniil.cherepanovrfx@yandex.ru
    [phone] => 89448682616
    [formname] => Обратная связь
)

------------------------

------------------------
30.09.2023 18:43:10
CallbackFormEmailModal
Array
(
    [name] => werso079600iu@rambler.ru
    [phone] => 84811336585
    [formname] => Обратная связь
)

------------------------

------------------------
30.09.2023 23:37:57
CallbackFormEmailModal
Array
(
    [name] => leonardunnb@bk.ru
    [phone] => 88311976223
    [formname] => Обратная связь
)

------------------------
