
------------------------
17.11.2022 0:31:39
CallbackFormEmailModal
Array
(
    [name] => podaiclan_547@mail.ru
    [phone] => 87293991512
    [formname] => Обратная связь
)

------------------------

------------------------
17.11.2022 1:09:27
CallbackFormEmailModal
Array
(
    [name] => masterdirekt77@gmail.com
    [phone] => +71231234567
    [formname] => Обратная связь
)

------------------------

------------------------
17.11.2022 4:24:16
CallbackFormEmailModal
Array
(
    [name] => conneusi-524@mail.ru
    [phone] => 83886537264
    [formname] => Обратная связь
)

------------------------

------------------------
17.11.2022 4:24:16
CallbackFormEmailModal
Array
(
    [name] => belchaleo.6602@mail.ru
    [phone] => 83989455791
    [formname] => Обратная связь
)

------------------------

------------------------
17.11.2022 5:25:11
CallbackFormEmailModal
Array
(
    [name] => balashova.anna.1989.20.9@list.ru
    [phone] => 84961719656
    [formname] => Обратная связь
)

------------------------

------------------------
17.11.2022 6:45:03
CallbackFormEmailModal
Array
(
    [name] => karinadttl@bk.ru
    [phone] => 84447396645
    [formname] => Обратная связь
)

------------------------

------------------------
17.11.2022 7:48:55
CallbackFormEmailModal
Array
(
    [name] => bazzi2023@bk.ru
    [phone] => 79893450363
    [formname] => Обратная связь
)

------------------------

------------------------
17.11.2022 8:39:49
CallbackFormEmailModal
Array
(
    [name] => inoroutel197716@rambler.ru
    [phone] => +7 (919) 244-20-10
    [formname] => Обратная связь
)

------------------------

------------------------
17.11.2022 11:04:58
CallbackFormEmailModal
Array
(
    [name] => iri.n.am.as.lo.vi.c@gmail.com
    [phone] => 85571938255
    [formname] => Обратная связь
)

------------------------

------------------------
17.11.2022 13:13:48
CallbackFormEmailModal
Array
(
    [name] => mansurov.valera.1991.19.10@list.ru
    [phone] => 83964629765
    [formname] => Обратная связь
)

------------------------

------------------------
17.11.2022 13:13:48
CallbackFormEmailModal
Array
(
    [name] => sashuta.meshcheryakov.83@mail.ru
    [phone] => 87812356162
    [formname] => Обратная связь
)

------------------------

------------------------
17.11.2022 15:40:23
CallbackFormEmailModal
Array
(
    [name] => yourmail@gmail.com
    [phone] => 89242292638
    [formname] => Обратная связь
)

------------------------

------------------------
17.11.2022 21:09:38
CallbackFormEmailModal
Array
(
    [name] => l.u.k.i.n.o.vich20.2.2135.5@gmail.com

    [phone] => 81453729888
    [formname] => Обратная связь
)

------------------------
