
------------------------
21.07.2023 2:15:45
CallbackFormEmailModal
Array
(
    [name] => mamedov.edgar.1992.3.3@inbox.ru
    [phone] => 86298974744
    [formname] => Обратная связь
)

------------------------

------------------------
21.07.2023 3:07:59
CallbackFormEmailModal
Array
(
    [name] => arabanan123@rambler.ru
    [phone] => 81853622959
    [formname] => Обратная связь
)

------------------------

------------------------
21.07.2023 3:43:05
CallbackFormEmailModal
Array
(
    [name] => jpwllgt@course-fitness.com
    [phone] => 85465971122
    [formname] => Обратная связь
)

------------------------

------------------------
21.07.2023 4:43:44
CallbackFormEmailModal
Array
(
    [name] => guachenbo@inbox.ru
    [phone] => 83259359169
    [formname] => Обратная связь
)

------------------------

------------------------
21.07.2023 7:01:43
CallbackFormEmailModal
Array
(
    [name] => vanapamaaf@mail.ru
    [phone] => 89755854158
    [formname] => Обратная связь
)

------------------------

------------------------
21.07.2023 7:25:28
CallbackFormEmailModal
Array
(
    [name] => vqjhobrt@mail.ru
    [phone] => +791234567497
    [formname] => Обратная связь
)

------------------------

------------------------
21.07.2023 7:53:39
CallbackFormEmailModal
Array
(
    [name] => wzyxskcyjEa@bobbor.store
    [phone] => 89335628553
    [formname] => Обратная связь
)

------------------------

------------------------
21.07.2023 7:58:39
CallbackFormEmailModal
Array
(
    [name] => emchoihe1985@mail.ru
    [phone] => 89545813543
    [formname] => Обратная связь
)

------------------------

------------------------
21.07.2023 8:22:58
CallbackFormEmailModal
Array
(
    [name] => edwin@storymode.ir
    [phone] => 87432974438
    [formname] => Обратная связь
)

------------------------

------------------------
21.07.2023 8:24:59
CallbackFormEmailModal
Array
(
    [name] => sheveleva-alisa@bk.ru
    [phone] => 84148474776
    [formname] => Обратная связь
)

------------------------

------------------------
21.07.2023 9:11:16
CallbackFormEmailModal
Array
(
    [name] => Eric Jones
    [phone] => 555-555-1212
    [formname] => Обратная связь
)

------------------------

------------------------
21.07.2023 13:53:55
CallbackFormEmailModal
Array
(
    [name] => ranee_flax16@rambler.ru
    [phone] => 87661775213
    [formname] => Обратная связь
)

------------------------

------------------------
21.07.2023 14:49:41
Order
Array
(
    [name] => Борисов
    [email] => boris5002299@mail.ru
    [phone] => +7-925-500-2299
    [comment] => Трап Mini Wm 150 с вертикальным отводом DN50, кол-во: 1, цена: 4350руб.
Способ доставки: Самовывоз со склада
Выберите способ оплаты: Оплата наличным

Комментарий к заказу: 

    [formname] => Заказ из корзины
    [fields] => Array
        (
            [price] => 4350
        )

)

------------------------

------------------------
21.07.2023 16:01:21
CallbackFormEmailModal
Array
(
    [name] => info@hermes-doors.ru
    [phone] => 85922244867
    [formname] => Обратная связь
)

------------------------

------------------------
21.07.2023 17:58:39
CallbackFormEmailModal
Array
(
    [name] => jack78@pop34.site
    [phone] => 89167361882
    [formname] => Обратная связь
)

------------------------

------------------------
21.07.2023 22:03:32
CallbackFormEmailModal
Array
(
    [name] => socha.pola.97@wp.pl
    [phone] => 84674886369
    [formname] => Обратная связь
)

------------------------
