
------------------------
13.11.2024 0:23:37
CallbackFormEmailModal
Array
(
    [name] => gabrielakuzmina1989@list.ru
    [phone] => 86799731396
    [formname] => Обратная связь
)

------------------------

------------------------
13.11.2024 4:30:28
CallbackFormEmailModal
Array
(
    [name] => serg73990033@bk.ru
    [phone] => 79916820070
    [formname] => Обратная связь
)

------------------------

------------------------
13.11.2024 5:03:05
CallbackFormEmailModal
Array
(
    [name] => o4koKip@o4ko.space
    [phone] => 88421467449
    [formname] => Обратная связь
)

------------------------

------------------------
13.11.2024 7:30:11
CallbackFormEmailModal
Array
(
    [name] => chebakulinakarasevna@gmail.com
    [phone] => 89269413469
    [formname] => Обратная связь
)

------------------------

------------------------
13.11.2024 8:07:02
CallbackFormEmailModal
Array
(
    [name] => info@dc-btc.cc
    [phone] => Thank you for registering on our website
    [formname] => Обратная связь
)

------------------------

------------------------
13.11.2024 12:20:09
CallbackFormEmailModal
Array
(
    [name] => aspek752@fvmaily.com
    [phone] => 82194984443
    [formname] => Обратная связь
)

------------------------

------------------------
13.11.2024 17:51:46
CallbackFormEmailModal
Array
(
    [name] => mosSulse@xrust.com
    [phone] => 87453392517
    [formname] => Обратная связь
)

------------------------

------------------------
13.11.2024 19:29:12
CallbackFormEmailModal
Array
(
    [name] => redirect-427b6f0b7d1a542d7c8e409575737c66@webmark.eting.org
    [phone] => redirect-427b6f0b7d1a542d7c8e409575737c66@webmark.eting.org
    [formname] => Обратная связь
)

------------------------

------------------------
13.11.2024 22:04:54
CallbackFormEmailModal
Array
(
    [name] => redirect-6a6853bd3f8f30133da2d768d6a6210f@webmark.eting.org
    [phone] => redirect-6a6853bd3f8f30133da2d768d6a6210f@webmark.eting.org
    [formname] => Обратная связь
)

------------------------

------------------------
13.11.2024 22:59:14
CallbackFormEmailModal
Array
(
    [name] => sir.maxbo@yandex.ru
    [phone] => 86251591983
    [formname] => Обратная связь
)

------------------------

------------------------
13.11.2024 23:22:23
CallbackFormEmailModal
Array
(
    [name] => satin001@www-marketing.ru
    [phone] => 89572196352
    [formname] => Обратная связь
)

------------------------
