
------------------------
17.10.2025 3:13:37
CallbackFormEmailModal
Array
(
    [name] => g.randikr.ust@gmail.com
    [phone] => 82268711166
    [formname] => Обратная связь
)

------------------------

------------------------
17.10.2025 4:58:01
CallbackFormEmailModal
Array
(
    [name] => winsatall4ever@gmail.com
    [phone] => 87734265411
    [formname] => Обратная связь
)

------------------------

------------------------
17.10.2025 5:29:31
CallbackFormEmailModal
Array
(
    [name] => profconbu_64@mail.ru
    [phone] => 87543463285
    [formname] => Обратная связь
)

------------------------

------------------------
17.10.2025 5:29:46
CallbackFormEmailModal
Array
(
    [name] => yyooourmail@gmail.com
    [phone] => 88762873654
    [formname] => Обратная связь
)

------------------------

------------------------
17.10.2025 6:37:01
CallbackFormEmailModal
Array
(
    [name] => gugloff.444@gmail.com
    [phone] => 83843317211
    [formname] => Обратная связь
)

------------------------

------------------------
17.10.2025 7:32:45
CallbackFormEmailModal
Array
(
    [name] => michaelLycle@mail.ru
    [phone] => 81511539248
    [formname] => Обратная связь
)

------------------------

------------------------
17.10.2025 9:23:13
CallbackFormEmailModal
Array
(
    [name] => dorofeyavinogradova199056@mail.ru
    [phone] => 82625214139
    [formname] => Обратная связь
)

------------------------

------------------------
17.10.2025 9:23:13
CallbackFormEmailModal
Array
(
    [name] => laisumake186@mail.ru
    [phone] => 84943646375
    [formname] => Обратная связь
)

------------------------

------------------------
17.10.2025 9:43:16
CallbackFormEmailModal
Array
(
    [name] => zekisuquc419@gmail.com
    [phone] => 86919844591
    [formname] => Обратная связь
)

------------------------

------------------------
17.10.2025 9:52:22
CallbackFormEmailModal
Array
(
    [name] => guerfupe@mail.ru
    [phone] => 84381226727
    [formname] => Обратная связь
)

------------------------

------------------------
17.10.2025 10:11:51
CallbackFormEmailModal
Array
(
    [name] => yaroslav.sevastyanov.1988@mail.ru
    [phone] => 89835563631
    [formname] => Обратная связь
)

------------------------

------------------------
17.10.2025 10:11:51
CallbackFormEmailModal
Array
(
    [name] => dorofeyavinogradova199056@mail.ru
    [phone] => 87511957439
    [formname] => Обратная связь
)

------------------------

------------------------
17.10.2025 10:12:18
CallbackFormEmailModal
Array
(
    [name] => mikhail.kholudenev.93@mail.ru
    [phone] => 89977619569
    [formname] => Обратная связь
)

------------------------

------------------------
17.10.2025 10:12:57
CallbackFormEmailModal
Array
(
    [name] => lashawndaqkpuc@mail.ru
    [phone] => 86116313493
    [formname] => Обратная связь
)

------------------------

------------------------
17.10.2025 10:13:41
CallbackFormEmailModal
Array
(
    [name] => erangifest1980@mail.ru
    [phone] => 87157717972
    [formname] => Обратная связь
)

------------------------

------------------------
17.10.2025 10:37:13
CallbackFormEmailModal
Array
(
    [name] => zuyev-vadik@bk.ru
    [phone] => 89476121533
    [formname] => Обратная связь
)

------------------------

------------------------
17.10.2025 10:38:59
CallbackFormEmailModal
Array
(
    [name] => zekisuquc419@gmail.com
    [phone] => 88952466376
    [formname] => Обратная связь
)

------------------------

------------------------
17.10.2025 10:55:00
CallbackFormEmailModal
Array
(
    [name] => ivanpoluma@mail.ru
    [phone] => 87817721276
    [formname] => Обратная связь
)

------------------------

------------------------
17.10.2025 10:56:51
CallbackFormEmailModal
Array
(
    [name] => annachusuha@mail.ru
    [phone] => 88959554123
    [formname] => Обратная связь
)

------------------------

------------------------
17.10.2025 10:58:05
CallbackFormEmailModal
Array
(
    [name] => gulyabonimo@mail.ru
    [phone] => 88145566122
    [formname] => Обратная связь
)

------------------------

------------------------
17.10.2025 11:02:03
CallbackFormEmailModal
Array
(
    [name] => yulyagabipo@mail.ru
    [phone] => 85793161567
    [formname] => Обратная связь
)

------------------------

------------------------
17.10.2025 11:10:47
CallbackFormEmailModal
Array
(
    [name] => irinaxokalo@mail.ru
    [phone] => 84297457186
    [formname] => Обратная связь
)

------------------------

------------------------
17.10.2025 11:14:51
CallbackFormEmailModal
Array
(
    [name] => valentinamilusa@mail.ru
    [phone] => 88631861326
    [formname] => Обратная связь
)

------------------------

------------------------
17.10.2025 11:15:54
CallbackFormEmailModal
Array
(
    [name] => tacusol-6816@mail.ru
    [phone] => 85872959635
    [formname] => Обратная связь
)

------------------------

------------------------
17.10.2025 11:17:39
CallbackFormEmailModal
Array
(
    [name] => konstantinrovini@mail.ru
    [phone] => 82895422392
    [formname] => Обратная связь
)

------------------------

------------------------
17.10.2025 11:20:42
CallbackFormEmailModal
Array
(
    [name] => akindinkudryashov6842@mail.ru
    [phone] => 84958225168
    [formname] => Обратная связь
)

------------------------

------------------------
17.10.2025 11:55:53
CallbackFormEmailModal
Array
(
    [name] => nifontmarkov1987@mail.ru
    [phone] => 88976167471
    [formname] => Обратная связь
)

------------------------

------------------------
17.10.2025 12:02:36
CallbackFormEmailModal
Array
(
    [name] => polyakovdanila19908366@mail.ru
    [phone] => 84965247215
    [formname] => Обратная связь
)

------------------------

------------------------
17.10.2025 12:02:51
CallbackFormEmailModal
Array
(
    [name] => annachusuha@mail.ru
    [phone] => 88361294178
    [formname] => Обратная связь
)

------------------------

------------------------
17.10.2025 12:06:38
CallbackFormEmailModal
Array
(
    [name] => hrabrgulyaev1996673@mail.ru
    [phone] => 88686414158
    [formname] => Обратная связь
)

------------------------

------------------------
17.10.2025 12:34:03
CallbackFormEmailModal
Array
(
    [name] => serezhamobisa@mail.ru
    [phone] => 89165255437
    [formname] => Обратная связь
)

------------------------

------------------------
17.10.2025 12:36:34
CallbackFormEmailModal
Array
(
    [name] => higbiosepo1986@mail.ru
    [phone] => 83831361658
    [formname] => Обратная связь
)

------------------------

------------------------
17.10.2025 12:47:28
CallbackFormEmailModal
Array
(
    [name] => vitya-kondratev-1969@inbox.ru
    [phone] => 86645276657
    [formname] => Обратная связь
)

------------------------

------------------------
17.10.2025 12:50:58
CallbackFormEmailModal
Array
(
    [name] => anya.genger@mail.ru
    [phone] => 84319933354
    [formname] => Обратная связь
)

------------------------

------------------------
17.10.2025 15:03:52
CallbackFormEmailModal
Array
(
    [name] => inna.kortneva.69@mail.ru
    [phone] => 88622641254
    [formname] => Обратная связь
)

------------------------

------------------------
17.10.2025 15:53:21
CallbackFormEmailModal
Array
(
    [name] => sinevhabibi664@bk.ru
    [phone] => 87142869281
    [formname] => Обратная связь
)

------------------------

------------------------
17.10.2025 16:11:35
CallbackFormEmailModal
Array
(
    [name] => xunalajiwo42@gmail.com
    [phone] => 81729745476
    [formname] => Обратная связь
)

------------------------

------------------------
17.10.2025 16:31:57
CallbackFormEmailModal
Array
(
    [name] => sergowor.ki.ng718@gmail.com
    [phone] => 86289471199
    [formname] => Обратная связь
)

------------------------

------------------------
17.10.2025 16:32:57
CallbackFormEmailModal
Array
(
    [name] => ivanfuvuso@mail.ru
    [phone] => 85899397454
    [formname] => Обратная связь
)

------------------------

------------------------
17.10.2025 16:33:55
CallbackFormEmailModal
Array
(
    [name] => kseniyanechusa@mail.ru
    [phone] => 82449281641
    [formname] => Обратная связь
)

------------------------

------------------------
17.10.2025 16:39:12
CallbackFormEmailModal
Array
(
    [name] => elenakifixo@mail.ru
    [phone] => 82469471684
    [formname] => Обратная связь
)

------------------------

------------------------
17.10.2025 17:23:05
CallbackFormEmailModal
Array
(
    [name] => mr.markus.virtanen@gmail.com
    [phone] => 89247737999
    [formname] => Обратная связь
)

------------------------

------------------------
17.10.2025 17:43:09
CallbackFormEmailModal
Array
(
    [name] => kskoxim@inbox.ru
    [phone] => 82983556182
    [formname] => Обратная связь
)

------------------------

------------------------
17.10.2025 18:49:42
CallbackFormEmailModal
Array
(
    [name] => sergowor.ki.ng71.8@gmail.com
    [phone] => 82815186774
    [formname] => Обратная связь
)

------------------------

------------------------
17.10.2025 19:10:32
CallbackFormEmailModal
Array
(
    [name] => placnacidown1989@mail.ru
    [phone] => 89854574242
    [formname] => Обратная связь
)

------------------------

------------------------
17.10.2025 19:31:06
CallbackFormEmailModal
Array
(
    [name] => gunlekingovertcon@mail.ru
    [phone] => 83911627595
    [formname] => Обратная связь
)

------------------------

------------------------
17.10.2025 19:34:35
CallbackFormEmailModal
Array
(
    [name] => irinaxokalo@mail.ru
    [phone] => 81188693797
    [formname] => Обратная связь
)

------------------------

------------------------
17.10.2025 19:35:02
CallbackFormEmailModal
Array
(
    [name] => natulya.fedosova.96@mail.ru
    [phone] => 86489646158
    [formname] => Обратная связь
)

------------------------

------------------------
17.10.2025 19:35:41
CallbackFormEmailModal
Array
(
    [name] => elenaroludo@mail.ru
    [phone] => 87424488649
    [formname] => Обратная связь
)

------------------------

------------------------
17.10.2025 19:36:49
CallbackFormEmailModal
Array
(
    [name] => higbiosepo1986@mail.ru
    [phone] => 82931432841
    [formname] => Обратная связь
)

------------------------

------------------------
17.10.2025 19:39:01
CallbackFormEmailModal
Array
(
    [name] => profconbu_64@mail.ru
    [phone] => 86283686913
    [formname] => Обратная связь
)

------------------------

------------------------
17.10.2025 19:39:28
CallbackFormEmailModal
Array
(
    [name] => martakalinina84@mail.ru
    [phone] => 81534561515
    [formname] => Обратная связь
)

------------------------

------------------------
17.10.2025 19:42:59
CallbackFormEmailModal
Array
(
    [name] => orlov.roman.1988.2.11@list.ru
    [phone] => 89167747362
    [formname] => Обратная связь
)

------------------------

------------------------
17.10.2025 19:44:38
CallbackFormEmailModal
Array
(
    [name] => valerakimuvo@mail.ru
    [phone] => 88445239554
    [formname] => Обратная связь
)

------------------------

------------------------
17.10.2025 19:47:55
CallbackFormEmailModal
Array
(
    [name] => eding3563@gmail.com
    [phone] => 86581566362
    [formname] => Обратная связь
)

------------------------

------------------------
17.10.2025 19:48:54
CallbackFormEmailModal
Array
(
    [name] => jisankape@list.ru
    [phone] => 86455274597
    [formname] => Обратная связь
)

------------------------

------------------------
17.10.2025 19:49:52
CallbackFormEmailModal
Array
(
    [name] => serezhamobisa@mail.ru
    [phone] => 87829366175
    [formname] => Обратная связь
)

------------------------

------------------------
17.10.2025 19:49:53
CallbackFormEmailModal
Array
(
    [name] => inna.kortneva.69@mail.ru
    [phone] => 85545664372
    [formname] => Обратная связь
)

------------------------

------------------------
17.10.2025 19:59:01
CallbackFormEmailModal
Array
(
    [name] => antonwefulu@mail.ru
    [phone] => 84435723622
    [formname] => Обратная связь
)

------------------------

------------------------
17.10.2025 20:04:33
CallbackFormEmailModal
Array
(
    [name] => deacren@mail.ru
    [phone] => 85785682188
    [formname] => Обратная связь
)

------------------------

------------------------
17.10.2025 20:11:36
CallbackFormEmailModal
Array
(
    [name] => gulyabonimo@mail.ru
    [phone] => 81983713923
    [formname] => Обратная связь
)

------------------------

------------------------
17.10.2025 20:14:33
CallbackFormEmailModal
Array
(
    [name] => sashunya.sergeev.2022@list.ru
    [phone] => 81595799534
    [formname] => Обратная связь
)

------------------------

------------------------
17.10.2025 20:14:54
CallbackFormEmailModal
Array
(
    [name] => varvara.nikolaeva.23.8.1964@mail.ru
    [phone] => 82726358839
    [formname] => Обратная связь
)

------------------------

------------------------
17.10.2025 20:17:30
CallbackFormEmailModal
Array
(
    [name] => waai8stccwnc@mail.ru
    [phone] => 88324563779
    [formname] => Обратная связь
)

------------------------

------------------------
17.10.2025 20:19:50
CallbackFormEmailModal
Array
(
    [name] => anya.genger@mail.ru
    [phone] => 86536778829
    [formname] => Обратная связь
)

------------------------

------------------------
17.10.2025 20:30:04
CallbackFormEmailModal
Array
(
    [name] => tipanasotemthia@mail.ru
    [phone] => 82728148244
    [formname] => Обратная связь
)

------------------------

------------------------
17.10.2025 21:56:01
CallbackFormEmailModal
Array
(
    [name] => havaji3@gmail.com
    [phone] => 84525989537
    [formname] => Обратная связь
)

------------------------

------------------------
17.10.2025 23:20:33
CallbackFormEmailModal
Array
(
    [name] => karzhavinvenegard@mail.ru
    [phone] => 83819231715
    [formname] => Обратная связь
)

------------------------

------------------------
17.10.2025 23:59:50
CallbackFormEmailModal
Array
(
    [name] => tacusol-6816@mail.ru
    [phone] => 84612182824
    [formname] => Обратная связь
)

------------------------
