
------------------------
21.10.2023 0:48:18
CallbackFormEmailModal
Array
(
    [name] => vhr1jp@course-fitness.com
    [phone] => 86726876191
    [formname] => Обратная связь
)

------------------------

------------------------
21.10.2023 4:30:43
CallbackFormEmailModal
Array
(
    [name] => oyzyut3drtl30ky@rambler.ru
    [phone] => 81299225966
    [formname] => Обратная связь
)

------------------------

------------------------
21.10.2023 5:03:50
CallbackFormEmailModal
Array
(
    [name] => halera@poochta.ru
    [phone] => 88187114674
    [formname] => Обратная связь
)

------------------------

------------------------
21.10.2023 9:10:37
CallbackFormEmailModal
Array
(
    [name] => werso079300iu@rambler.ru
    [phone] => 82273642696
    [formname] => Обратная связь
)

------------------------

------------------------
21.10.2023 10:04:40
CallbackFormEmailModal
Array
(
    [name] => arnidipe1963@mail.ru
    [phone] => 84911895971
    [formname] => Обратная связь
)

------------------------

------------------------
21.10.2023 14:22:47
CallbackFormEmailModal
Array
(
    [name] => sonia@posti8.site
    [phone] => 81282761812
    [formname] => Обратная связь
)

------------------------

------------------------
21.10.2023 18:12:58
CallbackFormEmailModal
Array
(
    [name] => yst97elc9if85v9@rambler.ru
    [phone] => 84579868174
    [formname] => Обратная связь
)

------------------------
