
------------------------
05.08.2023 1:09:31
CallbackFormEmailModal
Array
(
    [name] => xingratermpan@googleis.site

    [phone] => 89279582633
    [formname] => Обратная связь
)

------------------------

------------------------
05.08.2023 2:28:17
CallbackFormEmailModal
Array
(
    [name] => tiporoupa197350@rambler.ru
    [phone] => 71234567891
    [formname] => Обратная связь
)

------------------------

------------------------
05.08.2023 5:10:05
CallbackFormEmailModal
Array
(
    [name] => ka.rneev.ai.7.1@gmail.com
    [phone] => 83377221914
    [formname] => Обратная связь
)

------------------------

------------------------
05.08.2023 8:14:20
CallbackFormModal
Array
(
    [name] => Павел
    [phone] => +7(960)283-30-29
    [formname] => Заказать звонок
)

------------------------

------------------------
05.08.2023 10:04:56
CallbackFormEmailModal
Array
(
    [name] => werso075700iu@rambler.ru
    [phone] => 83981896738
    [formname] => Обратная связь
)

------------------------

------------------------
05.08.2023 14:23:24
CallbackFormEmailModal
Array
(
    [name] => semen.chernovaum@yandex.ru
    [phone] => 85779878638
    [formname] => Обратная связь
)

------------------------

------------------------
05.08.2023 22:44:38
CallbackFormEmailModal
Array
(
    [name] => vniilbqskEa@bobbor.store
    [phone] => 85485565614
    [formname] => Обратная связь
)

------------------------
