
------------------------
26.05.2024 0:34:01
CallbackFormEmailModal
Array
(
    [name] => inet4747@outlook.com
    [phone] => 87936755636
    [formname] => Обратная связь
)

------------------------

------------------------
26.05.2024 2:56:52
CallbackFormEmailModal
Array
(
    [name] => 57@aggregator.fun
    [phone] => 89338727831
    [formname] => Обратная связь
)

------------------------

------------------------
26.05.2024 7:30:20
CallbackFormEmailModal
Array
(
    [name] => segif18200@shirulo.com
    [phone] => 85366156718
    [formname] => Обратная связь
)

------------------------

------------------------
26.05.2024 17:39:16
CallbackFormEmailModal
Array
(
    [name] => teobunla@mail3go.online

    [phone] => 87966273671
    [formname] => Обратная связь
)

------------------------

------------------------
26.05.2024 21:22:37
CallbackFormEmailModal
Array
(
    [name] => remsnpoepoaspoeoieoas@gmail.com
    [phone] => 87735813228
    [formname] => Обратная связь
)

------------------------
