
------------------------
14.03.2025 2:31:01
CallbackFormEmailModal
Array
(
    [name] => ocopesuq299@gmail.com
    [phone] => 85567545345
    [formname] => Обратная связь
)

------------------------

------------------------
14.03.2025 4:43:52
CallbackFormEmailModal
Array
(
    [name] => gashish@cocaine-toshkent.online
    [phone] => 88919238753
    [formname] => Обратная связь
)

------------------------

------------------------
14.03.2025 4:58:14
CallbackFormEmailModal
Array
(
    [name] => nikrogrogov@yandex.ru
    [phone] => 82298582791
    [formname] => Обратная связь
)

------------------------

------------------------
14.03.2025 6:41:34
CallbackFormEmailModal
Array
(
    [name] => pavel.sitdikov.88@mail.ru
    [phone] => 85934694897
    [formname] => Обратная связь
)

------------------------

------------------------
14.03.2025 7:15:01
CallbackFormEmailModal
Array
(
    [name] => space@hyper.ai
    [phone] => 89425862329
    [formname] => Обратная связь
)

------------------------

------------------------
14.03.2025 7:28:39
CallbackFormEmailModal
Array
(
    [name] => uqogatcyiPn@rudiplomust.com
    [phone] => 89124829531
    [formname] => Обратная связь
)

------------------------

------------------------
14.03.2025 7:36:20
CallbackFormEmailModal
Array
(
    [name] => iintabre@mail.ru
    [phone] => 87514381536
    [formname] => Обратная связь
)

------------------------

------------------------
14.03.2025 8:23:11
CallbackFormEmailModal
Array
(
    [name] => conripecon1973171@mail.ru
    [phone] => 84652339166
    [formname] => Обратная связь
)

------------------------

------------------------
14.03.2025 8:31:51
CallbackFormEmailModal
Array
(
    [name] => stapuntril1990@mail.ru
    [phone] => 85814999153
    [formname] => Обратная связь
)

------------------------

------------------------
14.03.2025 8:32:16
CallbackFormEmailModal
Array
(
    [name] => dolnovam@mail.ru
    [phone] => 86792299881
    [formname] => Обратная связь
)

------------------------

------------------------
14.03.2025 8:54:16
CallbackFormEmailModal
Array
(
    [name] => halcheni1990@mail.ru
    [phone] => 88845594825
    [formname] => Обратная связь
)

------------------------

------------------------
14.03.2025 8:54:48
CallbackFormEmailModal
Array
(
    [name] => bykovputislav7343@bk.ru
    [phone] => 86327786761
    [formname] => Обратная связь
)

------------------------

------------------------
14.03.2025 9:30:40
CallbackFormEmailModal
Array
(
    [name] => rhotenti-44@mail.ru
    [phone] => 87543243766
    [formname] => Обратная связь
)

------------------------

------------------------
14.03.2025 9:58:17
CallbackFormEmailModal
Array
(
    [name] => saysalruanscilich@mail.ru
    [phone] => 88368316578
    [formname] => Обратная связь
)

------------------------

------------------------
14.03.2025 10:16:47
CallbackFormEmailModal
Array
(
    [name] => yaroslav.sevastyanov.1988@mail.ru
    [phone] => 82944244498
    [formname] => Обратная связь
)

------------------------

------------------------
14.03.2025 12:29:53
CallbackFormEmailModal
Array
(
    [name] => alexeynovikovfarmil@gmail.com
    [phone] => 82724346477
    [formname] => Обратная связь
)

------------------------

------------------------
14.03.2025 13:49:40
CallbackFormEmailModal
Array
(
    [name] => 777@zel.biz
    [phone] => 82486185549
    [formname] => Обратная связь
)

------------------------

------------------------
14.03.2025 15:50:04
CallbackFormEmailModal
Array
(
    [name] => michaelLycle@mail.ru
    [phone] => 84912766672
    [formname] => Обратная связь
)

------------------------

------------------------
14.03.2025 16:16:32
CallbackFormEmailModal
Array
(
    [name] => woodbpurne1983@mail.ru
    [phone] => 81139526678
    [formname] => Обратная связь
)

------------------------

------------------------
14.03.2025 16:34:26
CallbackFormEmailModal
Array
(
    [name] => wemofoomacfensta@mail.ru
    [phone] => 81991499339
    [formname] => Обратная связь
)

------------------------

------------------------
14.03.2025 17:16:07
CallbackFormEmailModal
Array
(
    [name] => alpha-pvp@cocaine-toshkent.online
    [phone] => 86795123585
    [formname] => Обратная связь
)

------------------------

------------------------
14.03.2025 19:34:26
CallbackFormEmailModal
Array
(
    [name] => siatimscompma1978@mail.ru
    [phone] => 83991921555
    [formname] => Обратная связь
)

------------------------
