
------------------------
05.04.2022 4:41:37
CallbackFormEmailModal
Array
(
    [name] => Carson Gallaty
    [phone] => TitusManca926@gmail.com
    [formname] => Обратная связь
)

------------------------

------------------------
05.04.2022 12:19:46
CallbackEmailModal
Array
(
    [name] => shanoke@abdiell.xyz
    [phone] => 86383887935
    [comment] => Название продуката: Решетчатый настил P 33х11/30х2 Zn 600х1000 мм
Комменатрий: https://oscialipop.com - can you buy cialis online Yqutgk <a href=https://oscialipop.com>cialis viagra combo pack</a> Udlxiv Incorporation of nanosilver into the cement has been shown to reduce infections by about a factor of Best Price For Propecia Online https://oscialipop.com - viagra cialis online
    [formname] => Задать вопрос по товару
)

------------------------
