
------------------------
19.05.2024 1:10:59
CallbackFormEmailModal
Array
(
    [name] => nnmmkk0101@gmail.com
    [phone] => 87962555643
    [formname] => Обратная связь
)

------------------------

------------------------
19.05.2024 2:23:20
CallbackFormEmailModal
Array
(
    [name] => brudermanni2024@gmail.com
    [phone] => 85114583168
    [formname] => Обратная связь
)

------------------------

------------------------
19.05.2024 3:46:35
CallbackFormEmailModal
Array
(
    [name] => kaenquirynicholls@gmail.com
    [phone] => 88822736429
    [formname] => Обратная связь
)

------------------------

------------------------
19.05.2024 7:37:12
CallbackFormEmailModal
Array
(
    [name] => lucido.leinteract@gmail.com
    [phone] => 88234184782
    [formname] => Обратная связь
)

------------------------

------------------------
19.05.2024 9:34:42
CallbackFormEmailModal
Array
(
    [name] => jacalyn8032shp@jubileehq.click
    [phone] => 86817541749
    [formname] => Обратная связь
)

------------------------

------------------------
19.05.2024 10:43:36
CallbackFormEmailModal
Array
(
    [name] => repliasecgold@mail3go.online

    [phone] => 83349195742
    [formname] => Обратная связь
)

------------------------

------------------------
19.05.2024 11:51:54
CallbackFormEmailModal
Array
(
    [name] => napishimneotvet@gmail.com
    [phone] => 88253663753
    [formname] => Обратная связь
)

------------------------

------------------------
19.05.2024 12:44:09
CallbackFormEmailModal
Array
(
    [name] => aremnsdieopeooeiasoiea@gmail.com
    [phone] => 84214941764
    [formname] => Обратная связь
)

------------------------

------------------------
19.05.2024 15:45:34
CallbackFormEmailModal
Array
(
    [name] => pavain@gazeta.pl
    [phone] => 86659528824
    [formname] => Обратная связь
)

------------------------

------------------------
19.05.2024 16:22:29
CallbackFormEmailModal
Array
(
    [name] => direct-relkama@mail.ru
    [phone] => 86388237841
    [formname] => Обратная связь
)

------------------------

------------------------
19.05.2024 18:05:03
CallbackFormEmailModal
Array
(
    [name] => sborpis.e.m.a.ll@gmail.com
    [phone] => 87637318112
    [formname] => Обратная связь
)

------------------------
