
------------------------
16.09.2022 4:35:54
CallbackFormEmailModal
Array
(
    [name] => spbetcas647@gmail.com
    [phone] => 89159878939
    [formname] => Обратная связь
)

------------------------

------------------------
16.09.2022 9:50:08
CallbackFormEmailModal
Array
(
    [name] => satelkagashkin+3zh@mail.ru
    [phone] => 86629958917
    [formname] => Обратная связь
)

------------------------

------------------------
16.09.2022 10:57:15
Order
Array
(
    [name] => Ульянов Михаил Викторович
    [email] => ulmisha@yandex.ru
    [phone] => +7-902-286-9577
    [comment] => Лестничная ступень SР 34х38/30х2 Zn 600х240 мм, кол-во: 1, цена: 1100руб.
Способ доставки: Доставка автотранспортом поставщика
Выберите способ оплаты: Оплата наличным
Адрес доставки: г. Архангельск

Комментарий к заказу: 

    [formname] => Заказ из корзины
    [fields] => Array
        (
            [price] => 3300
        )

)

------------------------
