
------------------------
01.09.2025 0:13:20
CallbackFormEmailModal
Array
(
    [name] => gerrardrew45@gmail.com
    [phone] => 85789153818
    [formname] => Обратная связь
)

------------------------

------------------------
01.09.2025 2:53:41
CallbackFormEmailModal
Array
(
    [name] => irinademenkova86@gmail.com
    [phone] => 81583945524
    [formname] => Обратная связь
)

------------------------

------------------------
01.09.2025 6:04:19
CallbackFormEmailModal
Array
(
    [name] => nutradiets1@anonmails.de
    [phone] => 85366638593
    [formname] => Обратная связь
)

------------------------

------------------------
01.09.2025 6:53:42
CallbackFormEmailModal
Array
(
    [name] => feuslisa@eblanomail.com
    [phone] => 88173213539
    [formname] => Обратная связь
)

------------------------

------------------------
01.09.2025 7:25:20
CallbackFormEmailModal
Array
(
    [name] => stouhrun@eblanomail.com
    [phone] => 81261565556
    [formname] => Обратная связь
)

------------------------

------------------------
01.09.2025 8:32:30
CallbackFormEmailModal
Array
(
    [name] => aa1d915fgrd@gmail.com
    [phone] => 89947663252
    [formname] => Обратная связь
)

------------------------

------------------------
01.09.2025 8:32:31
CallbackFormEmailModal
Array
(
    [name] => asda25sfg3rd@gmail.com
    [phone] => 82524613796
    [formname] => Обратная связь
)

------------------------

------------------------
01.09.2025 8:35:07
CallbackFormEmailModal
Array
(
    [name] => aa1d915fgrd@gmail.com
    [phone] => 81213334724
    [formname] => Обратная связь
)

------------------------

------------------------
01.09.2025 8:55:06
CallbackFormEmailModal
Array
(
    [name] => mamedov.edgar.1992.3.3@inbox.ru
    [phone] => 83286536946
    [formname] => Обратная связь
)

------------------------

------------------------
01.09.2025 8:55:48
CallbackFormEmailModal
Array
(
    [name] => lashawndaqkpuc@mail.ru
    [phone] => 87336675591
    [formname] => Обратная связь
)

------------------------

------------------------
01.09.2025 8:58:33
CallbackFormEmailModal
Array
(
    [name] => nutradiets1@anonmails.de
    [phone] => 84182825317
    [formname] => Обратная связь
)

------------------------

------------------------
01.09.2025 9:20:07
CallbackFormEmailModal
Array
(
    [name] => wsdfvbgtre@gmail.com
    [phone] => 83316283557
    [formname] => Обратная связь
)

------------------------

------------------------
01.09.2025 9:24:28
CallbackFormModal
Array
(
    [name] => Андрей
    [phone] => +7(925)025-00-72
    [formname] => Заказать звонок
)

------------------------

------------------------
01.09.2025 9:49:35
CallbackFormEmailModal
Array
(
    [name] => andrey.don.x@gmail.com
    [phone] => 84375477826
    [formname] => Обратная связь
)

------------------------

------------------------
01.09.2025 9:50:04
CallbackFormEmailModal
Array
(
    [name] => kozlovvarlen19782037@mail.ru
    [phone] => 84569282388
    [formname] => Обратная связь
)

------------------------

------------------------
01.09.2025 9:54:41
CallbackFormEmailModal
Array
(
    [name] => eepovda@bk.ru
    [phone] => 85918961381
    [formname] => Обратная связь
)

------------------------

------------------------
01.09.2025 9:55:35
CallbackFormEmailModal
Array
(
    [name] => arturgorz2o3@bk.ru
    [phone] => 85877289194
    [formname] => Обратная связь
)

------------------------

------------------------
01.09.2025 9:57:45
CallbackFormEmailModal
Array
(
    [name] => secberconla1986@mail.ru
    [phone] => 81885323335
    [formname] => Обратная связь
)

------------------------

------------------------
01.09.2025 9:59:02
CallbackFormEmailModal
Array
(
    [name] => nadezhda_smirnova_26801@mail.ru
    [phone] => 81617216812
    [formname] => Обратная связь
)

------------------------

------------------------
01.09.2025 10:04:34
CallbackFormEmailModal
Array
(
    [name] => mlonanlout1985@mail.ru
    [phone] => 83625711378
    [formname] => Обратная связь
)

------------------------

------------------------
01.09.2025 10:06:29
CallbackFormEmailModal
Array
(
    [name] => polyakovdanila19908366@mail.ru
    [phone] => 87534748853
    [formname] => Обратная связь
)

------------------------

------------------------
01.09.2025 10:37:39
CallbackFormEmailModal
Array
(
    [name] => amabil.6002@mail.ru
    [phone] => 82822747934
    [formname] => Обратная связь
)

------------------------

------------------------
01.09.2025 10:45:27
CallbackFormEmailModal
Array
(
    [name] => mikhail.kholudenev.93@mail.ru
    [phone] => 81238931323
    [formname] => Обратная связь
)

------------------------

------------------------
01.09.2025 10:46:16
CallbackFormEmailModal
Array
(
    [name] => dionisij.grigorev.92@mail.ru
    [phone] => 89741561962
    [formname] => Обратная связь
)

------------------------

------------------------
01.09.2025 10:47:04
CallbackFormEmailModal
Array
(
    [name] => karzhavinvenegard@mail.ru
    [phone] => 86346554348
    [formname] => Обратная связь
)

------------------------

------------------------
01.09.2025 11:01:18
CallbackFormEmailModal
Array
(
    [name] => tacusol-6816@mail.ru
    [phone] => 89985415483
    [formname] => Обратная связь
)

------------------------

------------------------
01.09.2025 11:05:20
CallbackFormEmailModal
Array
(
    [name] => kskoxim@inbox.ru
    [phone] => 83823924175
    [formname] => Обратная связь
)

------------------------

------------------------
01.09.2025 15:21:01
CallbackFormEmailModal
Array
(
    [name] => quejudcatan1981@mail.ru
    [phone] => 81649896557
    [formname] => Обратная связь
)

------------------------

------------------------
01.09.2025 15:33:40
CallbackFormEmailModal
Array
(
    [name] => pomgmk9oheivabfooksm@list.ru
    [phone] => 83582588956
    [formname] => Обратная связь
)

------------------------

------------------------
01.09.2025 15:33:51
CallbackFormEmailModal
Array
(
    [name] => ilnanmode1973@mail.ru
    [phone] => 87498684458
    [formname] => Обратная связь
)

------------------------

------------------------
01.09.2025 15:33:53
CallbackFormEmailModal
Array
(
    [name] => amabil.6002@mail.ru
    [phone] => 86835427424
    [formname] => Обратная связь
)

------------------------

------------------------
01.09.2025 17:53:30
CallbackFormEmailModal
Array
(
    [name] => test@gmail.com
    [phone] => 89696978452
    [formname] => Обратная связь
)

------------------------

------------------------
01.09.2025 19:16:33
CallbackFormEmailModal
Array
(
    [name] => akindinkudryashov6842@mail.ru
    [phone] => 84452896983
    [formname] => Обратная связь
)

------------------------

------------------------
01.09.2025 21:40:17
CallbackFormEmailModal
Array
(
    [name] => sinevhabibi664@bk.ru
    [phone] => 87918993172
    [formname] => Обратная связь
)

------------------------

------------------------
01.09.2025 21:45:38
CallbackFormEmailModal
Array
(
    [name] => peomafomi1974@mailopenz.com
    [phone] => 89881968757
    [formname] => Обратная связь
)

------------------------

------------------------
01.09.2025 23:43:59
CallbackFormEmailModal
Array
(
    [name] => tvdygxfio@teoskirleasipe.shop
    [phone] => 84683459828
    [formname] => Обратная связь
)

------------------------
