
------------------------
18.09.2024 1:54:08
CallbackFormEmailModal
Array
(
    [name] => 1q0nbg4km@mozmail.com
    [phone] => 88255955994
    [formname] => Обратная связь
)

------------------------

------------------------
18.09.2024 2:49:23
CallbackFormEmailModal
Array
(
    [name] => njzlepbtuka@rudiplomust.com
    [phone] => 87598256537
    [formname] => Обратная связь
)

------------------------

------------------------
18.09.2024 3:50:41
CallbackFormEmailModal
Array
(
    [name] => mandelljosss@outlook.dk
    [phone] => 89566379698
    [formname] => Обратная связь
)

------------------------

------------------------
18.09.2024 7:06:49
CallbackFormEmailModal
Array
(
    [name] => trisacrislong1979@op.pl
    [phone] => 84128467931
    [formname] => Обратная связь
)

------------------------

------------------------
18.09.2024 9:52:30
CallbackFormEmailModal
Array
(
    [name] => 1@www-marketing.ru
    [phone] => 81513125685
    [formname] => Обратная связь
)

------------------------

------------------------
18.09.2024 10:23:22
CallbackFormEmailModal
Array
(
    [name] => iksgvltmoel@rudiplomust.com
    [phone] => 89496668764
    [formname] => Обратная связь
)

------------------------

------------------------
18.09.2024 11:43:22
CallbackFormEmailModal
Array
(
    [name] => bkvnijrcoel@rudiplomust.com
    [phone] => 86675516325
    [formname] => Обратная связь
)

------------------------

------------------------
18.09.2024 12:05:30
CallbackFormEmailModal
Array
(
    [name] => hrumer9@gmail.com
    [phone] => 88586942557
    [formname] => Обратная связь
)

------------------------

------------------------
18.09.2024 13:45:52
CallbackFormEmailModal
Array
(
    [name] => terftaberlay1978@op.pl
    [phone] => 88324487295
    [formname] => Обратная связь
)

------------------------

------------------------
18.09.2024 17:02:51
CallbackFormEmailModal
Array
(
    [name] => progon@progon.fun
    [phone] => 82445692555
    [formname] => Обратная связь
)

------------------------

------------------------
18.09.2024 17:55:33
CallbackFormEmailModal
Array
(
    [name] => esvrotjahel@rudiplomust.com
    [phone] => 83972136757
    [formname] => Обратная связь
)

------------------------

------------------------
18.09.2024 19:08:29
CallbackFormEmailModal
Array
(
    [name] => coetravabys1986@op.pl
    [phone] => 83776585962
    [formname] => Обратная связь
)

------------------------
