
------------------------
13.09.2025 1:33:26
CallbackFormEmailModal
Array
(
    [name] => nextotzuv43Kip@gmail.com
    [phone] => 82584549197
    [formname] => Обратная связь
)

------------------------

------------------------
13.09.2025 2:08:19
CallbackFormEmailModal
Array
(
    [name] => yourmail@gmail.com
    [phone] => 82544231634
    [formname] => Обратная связь
)

------------------------

------------------------
13.09.2025 6:05:52
CallbackFormEmailModal
Array
(
    [name] => asdwqdw@qmails.website
    [phone] => 85793728814
    [formname] => Обратная связь
)

------------------------

------------------------
13.09.2025 7:52:50
CallbackFormEmailModal
Array
(
    [name] => wu5416370@gmail.com
    [phone] => 85617446164
    [formname] => Обратная связь
)

------------------------

------------------------
13.09.2025 8:25:00
CallbackFormEmailModal
Array
(
    [name] => zuyev-vadik@bk.ru
    [phone] => 81797937262
    [formname] => Обратная связь
)

------------------------

------------------------
13.09.2025 8:28:52
CallbackFormEmailModal
Array
(
    [name] => eprovbelwha@mail.ru
    [phone] => 84844824139
    [formname] => Обратная связь
)

------------------------

------------------------
13.09.2025 8:29:16
CallbackFormEmailModal
Array
(
    [name] => dorofeyavinogradova199056@mail.ru
    [phone] => 84224548121
    [formname] => Обратная связь
)

------------------------

------------------------
13.09.2025 8:30:21
CallbackFormEmailModal
Array
(
    [name] => erangifest1980@mail.ru
    [phone] => 84752162595
    [formname] => Обратная связь
)

------------------------

------------------------
13.09.2025 8:31:17
CallbackFormEmailModal
Array
(
    [name] => lashawndaqkpuc@mail.ru
    [phone] => 87557822792
    [formname] => Обратная связь
)

------------------------

------------------------
13.09.2025 8:37:27
CallbackFormEmailModal
Array
(
    [name] => natulya.fedosova.96@mail.ru
    [phone] => 84233549987
    [formname] => Обратная связь
)

------------------------

------------------------
13.09.2025 9:18:10
CallbackFormEmailModal
Array
(
    [name] => waai8stccwnc@mail.ru
    [phone] => 87746931587
    [formname] => Обратная связь
)

------------------------

------------------------
13.09.2025 9:20:59
CallbackFormEmailModal
Array
(
    [name] => anastasiyajonala@mail.ru
    [phone] => 88452761378
    [formname] => Обратная связь
)

------------------------

------------------------
13.09.2025 9:21:47
CallbackFormEmailModal
Array
(
    [name] => halcheni1990@mail.ru
    [phone] => 84525258651
    [formname] => Обратная связь
)

------------------------

------------------------
13.09.2025 9:25:05
CallbackFormEmailModal
Array
(
    [name] => margarita.stolyarova.26.05.1995@mail.ru
    [phone] => 86373991178
    [formname] => Обратная связь
)

------------------------

------------------------
13.09.2025 9:26:40
CallbackFormEmailModal
Array
(
    [name] => kseniyanechusa@mail.ru
    [phone] => 85494632664
    [formname] => Обратная связь
)

------------------------

------------------------
13.09.2025 10:29:37
CallbackFormEmailModal
Array
(
    [name] => eprovbelwha@mail.ru
    [phone] => 81252529747
    [formname] => Обратная связь
)

------------------------

------------------------
13.09.2025 10:39:22
CallbackFormEmailModal
Array
(
    [name] => karzhavinvenegard@mail.ru
    [phone] => 87564196825
    [formname] => Обратная связь
)

------------------------

------------------------
13.09.2025 10:48:18
CallbackFormEmailModal
Array
(
    [name] => aleksandrhasuchu@mail.ru
    [phone] => 85831626294
    [formname] => Обратная связь
)

------------------------

------------------------
13.09.2025 13:49:07
CallbackFormEmailModal
Array
(
    [name] => yourmail@gmail.com
    [phone] => 89221683488
    [formname] => Обратная связь
)

------------------------

------------------------
13.09.2025 14:34:13
CallbackFormEmailModal
Array
(
    [name] => bobbyFar@mail.ru
    [phone] => 83846286914
    [formname] => Обратная связь
)

------------------------

------------------------
13.09.2025 15:14:08
CallbackFormEmailModal
Array
(
    [name] => blinovazinonna1983@mail.ru
    [phone] => 88384629853
    [formname] => Обратная связь
)

------------------------

------------------------
13.09.2025 15:24:26
CallbackFormEmailModal
Array
(
    [name] => quejudcatan1981@mail.ru
    [phone] => 84483662736
    [formname] => Обратная связь
)

------------------------

------------------------
13.09.2025 15:29:19
CallbackFormEmailModal
Array
(
    [name] => pomgmk9oheivabfooksm@list.ru
    [phone] => 87755431399
    [formname] => Обратная связь
)

------------------------

------------------------
13.09.2025 15:31:16
CallbackFormEmailModal
Array
(
    [name] => pavel.sitdikov.88@mail.ru
    [phone] => 84719315226
    [formname] => Обратная связь
)

------------------------

------------------------
13.09.2025 15:39:26
CallbackFormEmailModal
Array
(
    [name] => amabil.6002@mail.ru
    [phone] => 89348197444
    [formname] => Обратная связь
)

------------------------

------------------------
13.09.2025 15:44:00
CallbackFormEmailModal
Array
(
    [name] => kxiliya@bk.ru
    [phone] => 89743792841
    [formname] => Обратная связь
)

------------------------

------------------------
13.09.2025 15:53:15
CallbackFormEmailModal
Array
(
    [name] => dorofeyavinogradova199056@mail.ru
    [phone] => 86445556332
    [formname] => Обратная связь
)

------------------------

------------------------
13.09.2025 15:55:12
CallbackFormEmailModal
Array
(
    [name] => ivanrizada@mail.ru
    [phone] => 83441494233
    [formname] => Обратная связь
)

------------------------

------------------------
13.09.2025 16:17:20
CallbackFormEmailModal
Array
(
    [name] => galyazafuna@mail.ru
    [phone] => 84462785161
    [formname] => Обратная связь
)

------------------------

------------------------
13.09.2025 17:12:36
CallbackFormEmailModal
Array
(
    [name] => hrabrgulyaev1996673@mail.ru
    [phone] => 87391257141
    [formname] => Обратная связь
)

------------------------

------------------------
13.09.2025 17:48:16
CallbackFormEmailModal
Array
(
    [name] => werso0160iu@rambler.ru
    [phone] => 87161773225
    [formname] => Обратная связь
)

------------------------

------------------------
13.09.2025 18:13:03
CallbackFormEmailModal
Array
(
    [name] => varvara.nikolaeva.23.8.1964@mail.ru
    [phone] => 84999118768
    [formname] => Обратная связь
)

------------------------
