
------------------------
25.09.2025 2:11:43
CallbackFormEmailModal
Array
(
    [name] => sergowor.kin.g7.18@gmail.com
    [phone] => 88278485126
    [formname] => Обратная связь
)

------------------------

------------------------
25.09.2025 3:34:15
CallbackFormEmailModal
Array
(
    [name] => mildredcl16@cnp86.relaycloud-mx.world
    [phone] => 89126577133
    [formname] => Обратная связь
)

------------------------

------------------------
25.09.2025 6:42:00
CallbackFormEmailModal
Array
(
    [name] => yooqotau@wildbmail.com
    [phone] => 87537465819
    [formname] => Обратная связь
)

------------------------

------------------------
25.09.2025 6:43:21
CallbackFormEmailModal
Array
(
    [name] => w.oo.dfo.r.dj.a.mes.on4@gmail.com
    [phone] => 89231158598
    [formname] => Обратная связь
)

------------------------

------------------------
25.09.2025 7:13:36
CallbackFormEmailModal
Array
(
    [name] => 1dansbydruscillaoyu@gmail.com
    [phone] => 88237599186
    [formname] => Обратная связь
)

------------------------

------------------------
25.09.2025 7:15:00
CallbackFormEmailModal
Array
(
    [name] => kseniyanechusa@mail.ru
    [phone] => 84441377895
    [formname] => Обратная связь
)

------------------------

------------------------
25.09.2025 7:31:02
CallbackFormEmailModal
Array
(
    [name] => galyazafuna@mail.ru
    [phone] => 89645696778
    [formname] => Обратная связь
)

------------------------

------------------------
25.09.2025 7:32:18
CallbackFormEmailModal
Array
(
    [name] => stasbogeli@mail.ru
    [phone] => 87887944316
    [formname] => Обратная связь
)

------------------------

------------------------
25.09.2025 7:32:24
CallbackFormEmailModal
Array
(
    [name] => cesequwk@streetwormail.com
    [phone] => 81382679486
    [formname] => Обратная связь
)

------------------------

------------------------
25.09.2025 7:38:39
CallbackFormEmailModal
Array
(
    [name] => tacusol-6816@mail.ru
    [phone] => 83915745264
    [formname] => Обратная связь
)

------------------------

------------------------
25.09.2025 7:47:53
CallbackFormEmailModal
Array
(
    [name] => tatyanka-semenova-2022@mail.ru
    [phone] => 86375568585
    [formname] => Обратная связь
)

------------------------

------------------------
25.09.2025 8:04:03
CallbackFormEmailModal
Array
(
    [name] => ilnanmode1973@mail.ru
    [phone] => 84963185966
    [formname] => Обратная связь
)

------------------------

------------------------
25.09.2025 8:05:54
CallbackFormEmailModal
Array
(
    [name] => 123bi2@123bi.site
    [phone] => 81545284687
    [formname] => Обратная связь
)

------------------------

------------------------
25.09.2025 8:11:02
CallbackFormEmailModal
Array
(
    [name] => yulya.onipchenko.88@mail.ru
    [phone] => 87849128515
    [formname] => Обратная связь
)

------------------------

------------------------
25.09.2025 9:17:51
CallbackFormEmailModal
Array
(
    [name] => dansbydruscillaoyu@gmail.com
    [phone] => 84543656419
    [formname] => Обратная связь
)

------------------------

------------------------
25.09.2025 10:55:30
CallbackFormEmailModal
Array
(
    [name] => valentin.vinokurov.12.6.1968@mail.ru
    [phone] => 87736829851
    [formname] => Обратная связь
)

------------------------

------------------------
25.09.2025 11:48:09
CallbackFormEmailModal
Array
(
    [name] => yaroslav.sevastyanov.1988@mail.ru
    [phone] => 85317672818
    [formname] => Обратная связь
)

------------------------

------------------------
25.09.2025 12:12:34
CallbackFormEmailModal
Array
(
    [name] => lashawndaqkpuc@mail.ru
    [phone] => 84665741626
    [formname] => Обратная связь
)

------------------------

------------------------
25.09.2025 13:50:06
CallbackFormEmailModal
Array
(
    [name] => vjtadayb@eblanomail.com
    [phone] => 82449883928
    [formname] => Обратная связь
)

------------------------

------------------------
25.09.2025 14:36:09
CallbackFormEmailModal
Array
(
    [name] => r41206394@gmail.com
    [phone] => 82594329471
    [formname] => Обратная связь
)

------------------------

------------------------
25.09.2025 16:01:35
CallbackFormEmailModal
Array
(
    [name] => jisankape@list.ru
    [phone] => 82531233124
    [formname] => Обратная связь
)

------------------------

------------------------
25.09.2025 16:26:04
CallbackFormEmailModal
Array
(
    [name] => ponomaryov.borya.1983@bk.ru
    [phone] => 85256962144
    [formname] => Обратная связь
)

------------------------

------------------------
25.09.2025 16:28:41
CallbackFormEmailModal
Array
(
    [name] => rerkgeemong98@mail.ru
    [phone] => 87167426368
    [formname] => Обратная связь
)

------------------------

------------------------
25.09.2025 16:30:04
CallbackFormEmailModal
Array
(
    [name] => placnacidown1989@mail.ru
    [phone] => 88596736536
    [formname] => Обратная связь
)

------------------------

------------------------
25.09.2025 17:01:55
CallbackFormEmailModal
Array
(
    [name] => inna.kortneva.69@mail.ru
    [phone] => 85453616176
    [formname] => Обратная связь
)

------------------------

------------------------
25.09.2025 17:06:28
CallbackFormEmailModal
Array
(
    [name] => akindinkudryashov6842@mail.ru
    [phone] => 85388434394
    [formname] => Обратная связь
)

------------------------

------------------------
25.09.2025 17:07:20
CallbackFormEmailModal
Array
(
    [name] => anya.genger@mail.ru
    [phone] => 89853747463
    [formname] => Обратная связь
)

------------------------

------------------------
25.09.2025 17:09:18
CallbackFormEmailModal
Array
(
    [name] => amabil.6002@mail.ru
    [phone] => 87622636337
    [formname] => Обратная связь
)

------------------------

------------------------
25.09.2025 17:38:52
CallbackFormEmailModal
Array
(
    [name] => msreibel44@gmail.com
    [phone] => 82874295722
    [formname] => Обратная связь
)

------------------------

------------------------
25.09.2025 17:40:17
CallbackFormEmailModal
Array
(
    [name] => zuyev-vadik@bk.ru
    [phone] => 87157536542
    [formname] => Обратная связь
)

------------------------

------------------------
25.09.2025 19:03:05
CallbackFormEmailModal
Array
(
    [name] => postaa23qw@geoscanning.ru
    [phone] => 85773579975
    [formname] => Обратная связь
)

------------------------

------------------------
25.09.2025 21:16:59
CallbackFormEmailModal
Array
(
    [name] => hpricehm35@gmail.com
    [phone] => 84939779215
    [formname] => Обратная связь
)

------------------------

------------------------
25.09.2025 23:48:15
CallbackFormEmailModal
Array
(
    [name] => wu5416370@gmail.com
    [phone] => 85882881357
    [formname] => Обратная связь
)

------------------------
