
------------------------
19.04.2025 1:09:46
CallbackFormEmailModal
Array
(
    [name] => sarah-nancy7@rambler.ru
    [phone] => 83957762228
    [formname] => Обратная связь
)

------------------------

------------------------
19.04.2025 3:26:40
CallbackFormEmailModal
Array
(
    [name] => andrey.don.x@gmail.com
    [phone] => 88637862883
    [formname] => Обратная связь
)

------------------------

------------------------
19.04.2025 4:49:31
CallbackFormEmailModal
Array
(
    [name] => douglasKam@mail.ru
    [phone] => 82666951166
    [formname] => Обратная связь
)

------------------------

------------------------
19.04.2025 5:57:02
CallbackFormEmailModal
Array
(
    [name] => sir.maxbo@yandex.ru
    [phone] => 87424715781
    [formname] => Обратная связь
)

------------------------

------------------------
19.04.2025 9:18:17
CallbackFormEmailModal
Array
(
    [name] => eprovbelwha@mail.ru
    [phone] => 84291438515
    [formname] => Обратная связь
)

------------------------

------------------------
19.04.2025 9:56:50
CallbackFormEmailModal
Array
(
    [name] => mike@monkeydigital.co
    [phone] => 87898695954
    [formname] => Обратная связь
)

------------------------

------------------------
19.04.2025 11:45:06
CallbackFormEmailModal
Array
(
    [name] => musaev.misha.1982.3.5@list.ru
    [phone] => 85723344248
    [formname] => Обратная связь
)

------------------------

------------------------
19.04.2025 11:47:18
CallbackFormEmailModal
Array
(
    [name] => seimymavig1983@mail.ru
    [phone] => 81498736146
    [formname] => Обратная связь
)

------------------------

------------------------
19.04.2025 11:59:46
CallbackFormEmailModal
Array
(
    [name] => dolnovam@mail.ru
    [phone] => 82561981358
    [formname] => Обратная связь
)

------------------------

------------------------
19.04.2025 14:14:56
CallbackFormEmailModal
Array
(
    [name] => rgsgdjsgehd@gmail.com
    [phone] => 85616374116
    [formname] => Обратная связь
)

------------------------

------------------------
19.04.2025 15:06:04
CallbackFormEmailModal
Array
(
    [name] => 100@dianabykiris.fun
    [phone] => 87365736246
    [formname] => Обратная связь
)

------------------------

------------------------
19.04.2025 16:13:18
CallbackFormEmailModal
Array
(
    [name] => kypit-kokain@cocaine-ukraine.online
    [phone] => 88424667177
    [formname] => Обратная связь
)

------------------------

------------------------
19.04.2025 16:29:18
CallbackFormEmailModal
Array
(
    [name] => kypit-geroin@cocaine-ukraine.online
    [phone] => 86481725593
    [formname] => Обратная связь
)

------------------------

------------------------
19.04.2025 16:41:21
CallbackFormEmailModal
Array
(
    [name] => kypit-amfetamin@cocaine-ukraine.online
    [phone] => 88669293134
    [formname] => Обратная связь
)

------------------------

------------------------
19.04.2025 16:45:35
CallbackFormEmailModal
Array
(
    [name] => winsatall4ever@gmail.com
    [phone] => 89586548698
    [formname] => Обратная связь
)

------------------------

------------------------
19.04.2025 16:49:34
CallbackFormEmailModal
Array
(
    [name] => mephedrone@cocaine-ukraine.online
    [phone] => 89267484674
    [formname] => Обратная связь
)

------------------------

------------------------
19.04.2025 16:54:19
CallbackFormEmailModal
Array
(
    [name] => kypit-gasish@cocaine-ukraine.online
    [phone] => 83618414272
    [formname] => Обратная связь
)

------------------------
