
------------------------
15.08.2022 0:35:46
CallbackFormEmailModal
Array
(
    [name] => yakovlev_zhorik@bk.ru
    [phone] => 85895369362
    [formname] => Обратная связь
)

------------------------

------------------------
15.08.2022 0:49:57
CallbackFormEmailModal
Array
(
    [name] => veselova.evelina.2018@bk.ru
    [phone] => 82465269124
    [formname] => Обратная связь
)

------------------------

------------------------
15.08.2022 1:20:05
CallbackFormEmailModal
Array
(
    [name] => a-medvedeva-88@mail.ru
    [phone] => 81748474894
    [formname] => Обратная связь
)

------------------------

------------------------
15.08.2022 1:25:44
CallbackFormEmailModal
Array
(
    [name] => vasilisa.petrova.1959@inbox.ru
    [phone] => 81678137493
    [formname] => Обратная связь
)

------------------------

------------------------
15.08.2022 1:31:54
CallbackFormEmailModal
Array
(
    [name] => stepan_petrov_1999@list.ru
    [phone] => 84221683641
    [formname] => Обратная связь
)

------------------------

------------------------
15.08.2022 1:34:47
CallbackFormEmailModal
Array
(
    [name] => tosha.prokofev.96@bk.ru
    [phone] => 86587846459
    [formname] => Обратная связь
)

------------------------

------------------------
15.08.2022 1:36:18
CallbackFormEmailModal
Array
(
    [name] => mixajlova.margarita.97@bk.ru
    [phone] => 89518258715
    [formname] => Обратная связь
)

------------------------

------------------------
15.08.2022 2:11:35
CallbackFormEmailModal
Array
(
    [name] => zinaidanikiforova1970@list.ru
    [phone] => 86721589449
    [formname] => Обратная связь
)

------------------------

------------------------
15.08.2022 5:06:26
CallbackFormEmailModal
Array
(
    [name] => ivan.bogdanov.1970@inbox.ru
    [phone] => 85364517313
    [formname] => Обратная связь
)

------------------------

------------------------
15.08.2022 6:04:16
CallbackFormEmailModal
Array
(
    [name] => evafomina1967@list.ru
    [phone] => 88677152346
    [formname] => Обратная связь
)

------------------------

------------------------
15.08.2022 6:06:28
CallbackFormEmailModal
Array
(
    [name] => viktor_lvov_1983@list.ru
    [phone] => 87189639261
    [formname] => Обратная связь
)

------------------------

------------------------
15.08.2022 6:50:20
CallbackFormEmailModal
Array
(
    [name] => yakovlev_zhorik@bk.ru
    [phone] => 86448289792
    [formname] => Обратная связь
)

------------------------

------------------------
15.08.2022 7:21:57
CallbackFormEmailModal
Array
(
    [name] => stanislav_davydov_1961@bk.ru
    [phone] => 85475958815
    [formname] => Обратная связь
)

------------------------

------------------------
15.08.2022 7:27:32
CallbackFormEmailModal
Array
(
    [name] => andreyvpetrov132435@gmail.com
    [phone] => 86752188791
    [formname] => Обратная связь
)

------------------------

------------------------
15.08.2022 7:31:06
CallbackFormEmailModal
Array
(
    [name] => tosha.prokofev.96@bk.ru
    [phone] => 87713737736
    [formname] => Обратная связь
)

------------------------

------------------------
15.08.2022 8:16:19
CallbackFormEmailModal
Array
(
    [name] => aleksandr-ignatev-1999@inbox.ru
    [phone] => 87551353939
    [formname] => Обратная связь
)

------------------------

------------------------
15.08.2022 8:19:26
CallbackFormEmailModal
Array
(
    [name] => oleg.olegromanov1991.romanov@inbox.ru
    [phone] => 88832238345
    [formname] => Обратная связь
)

------------------------

------------------------
15.08.2022 8:37:20
CallbackFormEmailModal
Array
(
    [name] => valya_lebedeva_1979@bk.ru
    [phone] => 83428553729
    [formname] => Обратная связь
)

------------------------

------------------------
15.08.2022 8:49:19
CallbackFormEmailModal
Array
(
    [name] => lena_kolesnikova_1998@inbox.ru
    [phone] => 81991595812
    [formname] => Обратная связь
)

------------------------

------------------------
15.08.2022 9:19:06
CallbackFormEmailModal
Array
(
    [name] => lidiya_efimova_1979@list.ru
    [phone] => 86238118419
    [formname] => Обратная связь
)

------------------------

------------------------
15.08.2022 10:42:45
CallbackFormEmailModal
Array
(
    [name] => vasilisa.petrova.1959@inbox.ru
    [phone] => 81756897172
    [formname] => Обратная связь
)

------------------------

------------------------
15.08.2022 10:48:38
CallbackFormEmailModal
Array
(
    [name] => lesha.pavlov.77@list.ru
    [phone] => 82959692779
    [formname] => Обратная связь
)

------------------------

------------------------
15.08.2022 10:49:38
CallbackFormEmailModal
Array
(
    [name] => zinaidanikiforova1970@list.ru
    [phone] => 81836729752
    [formname] => Обратная связь
)

------------------------

------------------------
15.08.2022 11:03:36
CallbackFormEmailModal
Array
(
    [name] => denis-kozlov-1969@bk.ru
    [phone] => 81846966946
    [formname] => Обратная связь
)

------------------------

------------------------
15.08.2022 11:04:30
CallbackFormEmailModal
Array
(
    [name] => roksana.borisova.70@mail.ru
    [phone] => 86879865393
    [formname] => Обратная связь
)

------------------------

------------------------
15.08.2022 11:16:26
CallbackFormEmailModal
Array
(
    [name] => a-medvedeva-88@mail.ru
    [phone] => 87879116556
    [formname] => Обратная связь
)

------------------------

------------------------
15.08.2022 11:52:07
CallbackFormEmailModal
Array
(
    [name] => valeriyaazdy@inbox.ru
    [phone] => 89568321633
    [formname] => Обратная связь
)

------------------------

------------------------
15.08.2022 11:54:52
CallbackFormEmailModal
Array
(
    [name] => yaroslavzakharov1969@bk.ru
    [phone] => 81885425712
    [formname] => Обратная связь
)

------------------------

------------------------
15.08.2022 11:59:26
CallbackFormEmailModal
Array
(
    [name] => kseniya_efimova_1988@inbox.ru
    [phone] => 81191158866
    [formname] => Обратная связь
)

------------------------

------------------------
15.08.2022 12:14:35
CallbackFormEmailModal
Array
(
    [name] => orlov.daniil.74@mail.ru
    [phone] => 82718249891
    [formname] => Обратная связь
)

------------------------

------------------------
15.08.2022 12:17:22
CallbackFormEmailModal
Array
(
    [name] => andreyvpetrov132435@gmail.com
    [phone] => 84945629261
    [formname] => Обратная связь
)

------------------------

------------------------
15.08.2022 12:19:45
CallbackFormEmailModal
Array
(
    [name] => zhora-danilov-1965@inbox.ru
    [phone] => 88532339159
    [formname] => Обратная связь
)

------------------------

------------------------
15.08.2022 12:56:28
CallbackFormEmailModal
Array
(
    [name] => galya_davydova_1978@inbox.ru
    [phone] => 88987261522
    [formname] => Обратная связь
)

------------------------

------------------------
15.08.2022 12:59:19
CallbackFormEmailModal
Array
(
    [name] => lidiya-belova-1978@list.ru
    [phone] => 85684122564
    [formname] => Обратная связь
)

------------------------

------------------------
15.08.2022 13:10:54
CallbackFormEmailModal
Array
(
    [name] => gleb-egorov-1960@bk.ru
    [phone] => 81793737329
    [formname] => Обратная связь
)

------------------------

------------------------
15.08.2022 13:32:44
CallbackFormEmailModal
Array
(
    [name] => diana-vorobeva-1997@inbox.ru
    [phone] => 87567866221
    [formname] => Обратная связь
)

------------------------

------------------------
15.08.2022 13:50:29
CallbackFormEmailModal
Array
(
    [name] => valya_lebedeva_1979@bk.ru
    [phone] => 89567217283
    [formname] => Обратная связь
)

------------------------

------------------------
15.08.2022 13:59:43
CallbackFormEmailModal
Array
(
    [name] => veselova.evelina.2018@bk.ru
    [phone] => 87539652649
    [formname] => Обратная связь
)

------------------------

------------------------
15.08.2022 14:20:41
CallbackFormEmailModal
Array
(
    [name] => stepanov-yarik-stepanov-1978-ya@bk.ru
    [phone] => 89598234792
    [formname] => Обратная связь
)

------------------------

------------------------
15.08.2022 15:03:52
CallbackFormEmailModal
Array
(
    [name] => viktor_lvov_1983@list.ru
    [phone] => 81584872663
    [formname] => Обратная связь
)

------------------------

------------------------
15.08.2022 15:41:36
CallbackFormEmailModal
Array
(
    [name] => nikolay-kuzmin-1959@list.ru
    [phone] => 84386224156
    [formname] => Обратная связь
)

------------------------

------------------------
15.08.2022 15:50:34
CallbackFormEmailModal
Array
(
    [name] => zinaidanikiforova1970@list.ru
    [phone] => 85442744681
    [formname] => Обратная связь
)

------------------------

------------------------
15.08.2022 16:02:19
CallbackFormEmailModal
Array
(
    [name] => vasilisa.petrova.1959@inbox.ru
    [phone] => 81834623892
    [formname] => Обратная связь
)

------------------------

------------------------
15.08.2022 16:13:06
CallbackFormEmailModal
Array
(
    [name] => stanislav_davydov_1961@bk.ru
    [phone] => 82183539122
    [formname] => Обратная связь
)

------------------------

------------------------
15.08.2022 16:50:36
CallbackFormEmailModal
Array
(
    [name] => a-medvedeva-88@mail.ru
    [phone] => 81273628819
    [formname] => Обратная связь
)

------------------------

------------------------
15.08.2022 17:13:51
CallbackFormEmailModal
Array
(
    [name] => lidiya_efimova_1979@list.ru
    [phone] => 84587521993
    [formname] => Обратная связь
)

------------------------

------------------------
15.08.2022 18:01:21
CallbackFormEmailModal
Array
(
    [name] => lena_kolesnikova_1998@inbox.ru
    [phone] => 84428887716
    [formname] => Обратная связь
)

------------------------

------------------------
15.08.2022 19:05:45
CallbackFormEmailModal
Array
(
    [name] => oksana.chernova.12@mail.ru
    [phone] => 84997958777
    [formname] => Обратная связь
)

------------------------

------------------------
15.08.2022 19:06:19
CallbackFormEmailModal
Array
(
    [name] => zhanna.filippova.1976@inbox.ru
    [phone] => 86681424218
    [formname] => Обратная связь
)

------------------------

------------------------
15.08.2022 19:43:23
CallbackFormEmailModal
Array
(
    [name] => aleksandr-ignatev-1999@inbox.ru
    [phone] => 89544339822
    [formname] => Обратная связь
)

------------------------

------------------------
15.08.2022 19:45:28
CallbackFormEmailModal
Array
(
    [name] => viktoriya-sidorova-1973@bk.ru
    [phone] => 86691757779
    [formname] => Обратная связь
)

------------------------

------------------------
15.08.2022 21:11:21
CallbackFormEmailModal
Array
(
    [name] => viktor_lvov_1983@list.ru
    [phone] => 88735787149
    [formname] => Обратная связь
)

------------------------

------------------------
15.08.2022 21:11:24
CallbackFormEmailModal
Array
(
    [name] => oleg.olegromanov1991.romanov@inbox.ru
    [phone] => 86645528278
    [formname] => Обратная связь
)

------------------------

------------------------
15.08.2022 21:14:35
CallbackFormEmailModal
Array
(
    [name] => stanislav_davydov_1961@bk.ru
    [phone] => 81986142114
    [formname] => Обратная связь
)

------------------------

------------------------
15.08.2022 21:46:04
CallbackFormEmailModal
Array
(
    [name] => veselova.evelina.2018@bk.ru
    [phone] => 81676622695
    [formname] => Обратная связь
)

------------------------

------------------------
15.08.2022 22:00:17
CallbackFormEmailModal
Array
(
    [name] => gleb-egorov-1960@bk.ru
    [phone] => 85558778676
    [formname] => Обратная связь
)

------------------------

------------------------
15.08.2022 22:18:00
CallbackFormEmailModal
Array
(
    [name] => zhora-danilov-1965@inbox.ru
    [phone] => 84185949284
    [formname] => Обратная связь
)

------------------------

------------------------
15.08.2022 22:21:12
CallbackFormEmailModal
Array
(
    [name] => roksana.borisova.70@mail.ru
    [phone] => 82736727988
    [formname] => Обратная связь
)

------------------------

------------------------
15.08.2022 22:21:42
CallbackFormEmailModal
Array
(
    [name] => orlov.daniil.74@mail.ru
    [phone] => 81745125361
    [formname] => Обратная связь
)

------------------------

------------------------
15.08.2022 23:18:26
CallbackFormEmailModal
Array
(
    [name] => kseniya_efimova_1988@inbox.ru
    [phone] => 84191663535
    [formname] => Обратная связь
)

------------------------

------------------------
15.08.2022 23:25:02
CallbackFormEmailModal
Array
(
    [name] => no-replysuinuts@gmail.com
    [phone] => 84742228151
    [formname] => Обратная связь
)

------------------------

------------------------
15.08.2022 23:36:25
CallbackFormEmailModal
Array
(
    [name] => galya_davydova_1978@inbox.ru
    [phone] => 82269349947
    [formname] => Обратная связь
)

------------------------

------------------------
15.08.2022 23:36:32
CallbackFormEmailModal
Array
(
    [name] => stepanov-yarik-stepanov-1978-ya@bk.ru
    [phone] => 83134868238
    [formname] => Обратная связь
)

------------------------

------------------------
15.08.2022 23:44:08
CallbackFormEmailModal
Array
(
    [name] => yaroslavzakharov1969@bk.ru
    [phone] => 82125113582
    [formname] => Обратная связь
)

------------------------
