
------------------------
04.07.2023 3:53:17
CallbackFormEmailModal
Array
(
    [name] => 4000kzaim@mail.ru
    [phone] => 83183379193
    [formname] => Обратная связь
)

------------------------

------------------------
04.07.2023 4:15:29
CallbackFormEmailModal
Array
(
    [name] => bg16@incy59.excitemail.fun
    [phone] => 88482173154
    [formname] => Обратная связь
)

------------------------

------------------------
04.07.2023 4:40:08
CallbackFormEmailModal
Array
(
    [name] => ismailfisher@rambler.ru
    [phone] => 87663533732
    [formname] => Обратная связь
)

------------------------

------------------------
04.07.2023 5:59:04
CallbackFormEmailModal
Array
(
    [name] => cryptohodl@rambler.ua
    [phone] => 89371257413
    [formname] => Обратная связь
)

------------------------

------------------------
04.07.2023 7:02:07
CallbackFormEmailModal
Array
(
    [name] => vqjhobrt@mail.ru
    [phone] => +791234567685
    [formname] => Обратная связь
)

------------------------

------------------------
04.07.2023 14:33:05
CallbackFormEmailModal
Array
(
    [name] => todd@blastersoft.com
    [phone] => 82659393398
    [formname] => Обратная связь
)

------------------------

------------------------
04.07.2023 14:55:52
CallbackFormEmailModal
Array
(
    [name] => callvisvetlana@list.ru
    [phone] => 87817618842
    [formname] => Обратная связь
)

------------------------

------------------------
04.07.2023 16:41:47
CallbackFormEmailModal
Array
(
    [name] => mgle.n.e.n.ko.t.pa.nk.s.w.im.pul.@gmail.com
    [phone] => 86648893327
    [formname] => Обратная связь
)

------------------------
