
------------------------
15.11.2025 1:29:23
CallbackFormEmailModal
Array
(
    [name] => yyyourmail@gmail.com
    [phone] => 87138491826
    [formname] => Обратная связь
)

------------------------

------------------------
15.11.2025 6:46:26
CallbackFormEmailModal
Array
(
    [name] => naphtloxua-5550@mail.ru
    [phone] => 88379428871
    [formname] => Обратная связь
)

------------------------

------------------------
15.11.2025 8:32:35
CallbackFormEmailModal
Array
(
    [name] => mcxsdhzwqmr@ugaritopari.site
    [phone] => 83334188497
    [formname] => Обратная связь
)

------------------------

------------------------
15.11.2025 8:43:30
CallbackFormEmailModal
Array
(
    [name] => polyakovdanila19908366@mail.ru
    [phone] => 81831163119
    [formname] => Обратная связь
)

------------------------

------------------------
15.11.2025 9:17:01
CallbackFormEmailModal
Array
(
    [name] => sinevhabibi664@bk.ru
    [phone] => 86355552892
    [formname] => Обратная связь
)

------------------------

------------------------
15.11.2025 10:24:39
CallbackFormEmailModal
Array
(
    [name] => margarita.stolyarova.26.05.1995@mail.ru
    [phone] => 88418728358
    [formname] => Обратная связь
)

------------------------

------------------------
15.11.2025 10:30:54
CallbackFormEmailModal
Array
(
    [name] => laisumake186@mail.ru
    [phone] => 89242469177
    [formname] => Обратная связь
)

------------------------

------------------------
15.11.2025 10:46:54
CallbackFormEmailModal
Array
(
    [name] => kharalampiimartyshkin@mail.ru
    [phone] => 89299589482
    [formname] => Обратная связь
)

------------------------

------------------------
15.11.2025 10:58:23
CallbackFormEmailModal
Array
(
    [name] => pomgmk9oheivabfooksm@list.ru
    [phone] => 82485157142
    [formname] => Обратная связь
)

------------------------

------------------------
15.11.2025 11:02:24
CallbackFormEmailModal
Array
(
    [name] => postsaddtaliretneu@mail.ru
    [phone] => 85649228659
    [formname] => Обратная связь
)

------------------------

------------------------
15.11.2025 11:24:45
CallbackFormEmailModal
Array
(
    [name] => anna.shapiro.78@mail.ru
    [phone] => 83647165552
    [formname] => Обратная связь
)

------------------------

------------------------
15.11.2025 12:05:49
CallbackFormEmailModal
Array
(
    [name] => lashawndaqkpuc@mail.ru
    [phone] => 85357753857
    [formname] => Обратная связь
)

------------------------

------------------------
15.11.2025 12:12:11
CallbackFormEmailModal
Array
(
    [name] => irinaxokalo@mail.ru
    [phone] => 89431149117
    [formname] => Обратная связь
)

------------------------

------------------------
15.11.2025 12:19:53
CallbackFormEmailModal
Array
(
    [name] => kharalampiimartyshkin@mail.ru
    [phone] => 83788492629
    [formname] => Обратная связь
)

------------------------

------------------------
15.11.2025 13:49:40
CallbackFormEmailModal
Array
(
    [name] => pomgmk9oheivabfooksm@list.ru
    [phone] => 87519256661
    [formname] => Обратная связь
)

------------------------

------------------------
15.11.2025 14:38:23
CallbackFormEmailModal
Array
(
    [name] => vasyukov.mityusha@list.ru
    [phone] => 85216584412
    [formname] => Обратная связь
)

------------------------

------------------------
15.11.2025 14:40:17
CallbackFormEmailModal
Array
(
    [name] => andreyy-filimonov@bk.ru
    [phone] => 86557161618
    [formname] => Обратная связь
)

------------------------

------------------------
15.11.2025 14:45:59
CallbackFormEmailModal
Array
(
    [name] => aleksandrrapeka@mail.ru
    [phone] => 84481495851
    [formname] => Обратная связь
)

------------------------

------------------------
15.11.2025 14:47:43
CallbackFormEmailModal
Array
(
    [name] => elenakifixo@mail.ru
    [phone] => 87148212296
    [formname] => Обратная связь
)

------------------------

------------------------
15.11.2025 15:07:10
CallbackFormEmailModal
Array
(
    [name] => polyakovdanila19908366@mail.ru
    [phone] => 82616548337
    [formname] => Обратная связь
)

------------------------

------------------------
15.11.2025 15:11:48
CallbackFormEmailModal
Array
(
    [name] => e.le.fteriafernand.e.s@gmail.com
    [phone] => 88422323595
    [formname] => Обратная связь
)

------------------------

------------------------
15.11.2025 15:41:14
CallbackFormEmailModal
Array
(
    [name] => kseniyanechusa@mail.ru
    [phone] => 86245374315
    [formname] => Обратная связь
)

------------------------

------------------------
15.11.2025 18:34:10
CallbackFormEmailModal
Array
(
    [name] => elenaroludo@mail.ru
    [phone] => 86565811137
    [formname] => Обратная связь
)

------------------------

------------------------
15.11.2025 18:41:26
CallbackFormEmailModal
Array
(
    [name] => jisankape@list.ru
    [phone] => 85376698817
    [formname] => Обратная связь
)

------------------------

------------------------
15.11.2025 19:15:51
CallbackFormEmailModal
Array
(
    [name] => prohor.zlobin.14.11.1987@mail.ru
    [phone] => 84341711514
    [formname] => Обратная связь
)

------------------------

------------------------
15.11.2025 19:22:52
CallbackFormEmailModal
Array
(
    [name] => karzhavinvenegard@mail.ru
    [phone] => 83395294475
    [formname] => Обратная связь
)

------------------------

------------------------
15.11.2025 19:36:13
CallbackFormEmailModal
Array
(
    [name] => felipepitly@mail.ru
    [phone] => 81483452834
    [formname] => Обратная связь
)

------------------------

------------------------
15.11.2025 19:47:12
CallbackFormEmailModal
Array
(
    [name] => martakalinina84@mail.ru
    [phone] => 88758741997
    [formname] => Обратная связь
)

------------------------

------------------------
15.11.2025 19:49:03
CallbackFormEmailModal
Array
(
    [name] => dionisij.grigorev.92@mail.ru
    [phone] => 89623383337
    [formname] => Обратная связь
)

------------------------

------------------------
15.11.2025 19:55:45
CallbackFormEmailModal
Array
(
    [name] => lashawndaqkpuc@mail.ru
    [phone] => 84126951319
    [formname] => Обратная связь
)

------------------------

------------------------
15.11.2025 20:03:56
CallbackFormEmailModal
Array
(
    [name] => eprovbelwha@mail.ru
    [phone] => 84682948664
    [formname] => Обратная связь
)

------------------------

------------------------
15.11.2025 20:14:15
CallbackFormEmailModal
Array
(
    [name] => erangifest1980@mail.ru
    [phone] => 89856736777
    [formname] => Обратная связь
)

------------------------

------------------------
15.11.2025 20:18:30
CallbackFormEmailModal
Array
(
    [name] => ivdauwmvfEa@problemno.shop
    [phone] => 85195235647
    [formname] => Обратная связь
)

------------------------

------------------------
15.11.2025 20:23:11
CallbackFormEmailModal
Array
(
    [name] => musaev.misha.1982.3.5@list.ru
    [phone] => 89777554721
    [formname] => Обратная связь
)

------------------------

------------------------
15.11.2025 20:23:29
CallbackFormEmailModal
Array
(
    [name] => stapuntril1990@mail.ru
    [phone] => 82927345222
    [formname] => Обратная связь
)

------------------------

------------------------
15.11.2025 20:59:13
CallbackFormEmailModal
Array
(
    [name] => elenaroludo@mail.ru
    [phone] => 87238121149
    [formname] => Обратная связь
)

------------------------
