
------------------------
31.03.2024 0:55:00
CallbackFormEmailModal
Array
(
    [name] => evreinova.fe@yandex.ru
    [phone] => 88367961488
    [formname] => Обратная связь
)

------------------------

------------------------
31.03.2024 2:46:24
CallbackFormEmailModal
Array
(
    [name] => mitrets1@gmail.com
    [phone] => 89522398278
    [formname] => Обратная связь
)

------------------------

------------------------
31.03.2024 4:46:18
CallbackFormEmailModal
Array
(
    [name] => seo1@bahiscom.pro
    [phone] => 82341416458
    [formname] => Обратная связь
)

------------------------

------------------------
31.03.2024 6:24:09
CallbackFormEmailModal
Array
(
    [name] => t.yp.h.us.19.85@gmail.com
    [phone] => 81813554811
    [formname] => Обратная связь
)

------------------------

------------------------
31.03.2024 6:53:46
CallbackFormEmailModal
Array
(
    [name] => acforpeosupp198565@rambler.ru
    [phone] => +71231234567
    [formname] => Обратная связь
)

------------------------

------------------------
31.03.2024 8:03:39
CallbackFormEmailModal
Array
(
    [name] => lucido.leinteract@gmail.com
    [phone] => 89152853752
    [formname] => Обратная связь
)

------------------------

------------------------
31.03.2024 9:26:48
CallbackFormEmailModal
Array
(
    [name] => agentlotto1org@yandex.ru
    [phone] => 81473875348
    [formname] => Обратная связь
)

------------------------

------------------------
31.03.2024 9:53:01
CallbackFormEmailModal
Array
(
    [name] => mikegikibe@gmail.com
    [phone] => 83583683272
    [formname] => Обратная связь
)

------------------------

------------------------
31.03.2024 12:09:36
CallbackFormEmailModal
Array
(
    [name] => lumsefoo@1winstyle.ru
    [phone] => 83325288984
    [formname] => Обратная связь
)

------------------------

------------------------
31.03.2024 13:16:41
CallbackFormEmailModal
Array
(
    [name] => nastycrystalannouncer@rambler.ru
    [phone] => 84445842657
    [formname] => Обратная связь
)

------------------------

------------------------
31.03.2024 19:57:19
CallbackFormEmailModal
Array
(
    [name] => aq27aqa@rambler.ru
    [phone] => 82512834217
    [formname] => Обратная связь
)

------------------------

------------------------
31.03.2024 21:05:19
CallbackFormEmailModal
Array
(
    [name] => ridleyhsf89@gmail.com
    [phone] => 89691684238
    [formname] => Обратная связь
)

------------------------

------------------------
31.03.2024 21:52:33
CallbackFormEmailModal
Array
(
    [name] => bourkekou78@gmail.com
    [phone] => 89334712198
    [formname] => Обратная связь
)

------------------------
