
------------------------
14.03.2024 0:05:40
CallbackFormEmailModal
Array
(
    [name] => davkryukoff@yandex.ru
    [phone] => 88516487912
    [formname] => Обратная связь
)

------------------------

------------------------
14.03.2024 1:30:53
CallbackFormEmailModal
Array
(
    [name] => bass.m.a.rke.tz@gmail.com
    [phone] => 84897768284
    [formname] => Обратная связь
)

------------------------

------------------------
14.03.2024 2:39:45
CallbackFormEmailModal
Array
(
    [name] => inet4747@outlook.com
    [phone] => 82472934355
    [formname] => Обратная связь
)

------------------------

------------------------
14.03.2024 2:48:57
CallbackFormEmailModal
Array
(
    [name] => jfhg4twer@mail.ru
    [phone] => 83958477384
    [formname] => Обратная связь
)

------------------------

------------------------
14.03.2024 3:16:12
CallbackFormEmailModal
Array
(
    [name] => garry99@8letter.site
    [phone] => 81372694257
    [formname] => Обратная связь
)

------------------------

------------------------
14.03.2024 4:06:15
CallbackFormEmailModal
Array
(
    [name] => evgenevna5qdk@gmail.com
    [phone] => 88413761965
    [formname] => Обратная связь
)

------------------------

------------------------
14.03.2024 5:07:13
CallbackFormEmailModal
Array
(
    [name] => a.v.i.s.of2.71@gmail.com
    [phone] => 86989244234
    [formname] => Обратная связь
)

------------------------

------------------------
14.03.2024 5:47:19
CallbackFormEmailModal
Array
(
    [name] => s.cynthia.79@hotmail.com
    [phone] => 88928228799
    [formname] => Обратная связь
)

------------------------

------------------------
14.03.2024 5:58:52
CallbackFormEmailModal
Array
(
    [name] => yourmail@gmail.com
    [phone] => 83717676185
    [formname] => Обратная связь
)

------------------------

------------------------
14.03.2024 8:09:09
CallbackFormEmailModal
Array
(
    [name] => fldfldfdf@outlook.com
    [phone] => 87455457516
    [formname] => Обратная связь
)

------------------------

------------------------
14.03.2024 8:55:44
CallbackFormEmailModal
Array
(
    [name] => alphabetnews@thestarnewstoday.com
    [phone] => 88449575956
    [formname] => Обратная связь
)

------------------------

------------------------
14.03.2024 11:25:06
CallbackFormEmailModal
Array
(
    [name] => vearonemman.u.e.l01732@gmail.com
    [phone] => 89996181966
    [formname] => Обратная связь
)

------------------------

------------------------
14.03.2024 12:00:19
CallbackFormEmailModal
Array
(
    [name] => nesslonre.y.n.o.ld.92.9.2@gmail.com
    [phone] => 82166669239
    [formname] => Обратная связь
)

------------------------

------------------------
14.03.2024 12:21:21
CallbackFormEmailModal
Array
(
    [name] => daniilglebol.eyni.ko.v@gmail.com
    [phone] => 81872331736
    [formname] => Обратная связь
)

------------------------

------------------------
14.03.2024 13:28:01
CallbackFormEmailModal
Array
(
    [name] => jimgrayonline@searcherwebonline.com
    [phone] => 85259831149
    [formname] => Обратная связь
)

------------------------

------------------------
14.03.2024 16:26:30
CallbackFormEmailModal
Array
(
    [name] => yourmail@gmail.com
    [phone] => 83347373731
    [formname] => Обратная связь
)

------------------------

------------------------
14.03.2024 17:21:51
CallbackFormEmailModal
Array
(
    [name] => mangoforsom@hotmail.com
    [phone] => 88117744733
    [formname] => Обратная связь
)

------------------------

------------------------
14.03.2024 19:45:26
CallbackFormEmailModal
Array
(
    [name] => xrumerfox@gmail.com
    [phone] => 88876855312
    [formname] => Обратная связь
)

------------------------

------------------------
14.03.2024 19:46:31
CallbackFormEmailModal
Array
(
    [name] => 30.01hrxrjxjasdq9qf0fbsf07m6f@mail5u.info
    [phone] => 30.01hrxrjxjasdq9qf0fbsf07m6f@mail5u.info
    [formname] => Обратная связь
)

------------------------

------------------------
14.03.2024 20:49:24
CallbackFormEmailModal
Array
(
    [name] => dsfgsffgec@gmail.com
    [phone] => 83313616374
    [formname] => Обратная связь
)

------------------------
