
------------------------
25.01.2025 0:05:16
CallbackFormEmailModal
Array
(
    [name] => help@gwmetabitt.com
    [phone] => 82563425485
    [formname] => Обратная связь
)

------------------------

------------------------
25.01.2025 1:24:21
CallbackFormEmailModal
Array
(
    [name] => vgnoektyfel@rudiplomust.com
    [phone] => 82312792127
    [formname] => Обратная связь
)

------------------------

------------------------
25.01.2025 1:24:22
CallbackFormEmailModal
Array
(
    [name] => glptqmajeel@rudiplomust.com
    [phone] => 88749383767
    [formname] => Обратная связь
)

------------------------

------------------------
25.01.2025 1:27:47
CallbackFormEmailModal
Array
(
    [name] => eccklpyteel@rudiplomust.com
    [phone] => 81292228173
    [formname] => Обратная связь
)

------------------------

------------------------
25.01.2025 1:33:00
CallbackFormEmailModal
Array
(
    [name] => buqebevezEt@rudiplomust.com
    [phone] => 83586186167
    [formname] => Обратная связь
)

------------------------

------------------------
25.01.2025 4:42:53
CallbackFormEmailModal
Array
(
    [name] => slkuuvnwkel@rudiplomust.com
    [phone] => 83181883721
    [formname] => Обратная связь
)

------------------------

------------------------
25.01.2025 5:40:27
CallbackFormEmailModal
Array
(
    [name] => izdhvavwsel@rudiplomust.com
    [phone] => 85671312494
    [formname] => Обратная связь
)

------------------------

------------------------
25.01.2025 7:46:16
CallbackFormEmailModal
Array
(
    [name] => rietraccabun1976@mail.ru
    [phone] => 84383544888
    [formname] => Обратная связь
)

------------------------

------------------------
25.01.2025 7:50:24
CallbackFormEmailModal
Array
(
    [name] => evgenevna5qdk@gmail.com
    [phone] => 87857624284
    [formname] => Обратная связь
)

------------------------

------------------------
25.01.2025 8:13:38
CallbackFormEmailModal
Array
(
    [name] => halcheni1990@mail.ru
    [phone] => 81763897942
    [formname] => Обратная связь
)

------------------------

------------------------
25.01.2025 8:27:28
CallbackFormEmailModal
Array
(
    [name] => uoexqdokrel@rudiplomust.com
    [phone] => 81183472548
    [formname] => Обратная связь
)

------------------------

------------------------
25.01.2025 8:27:29
CallbackFormEmailModal
Array
(
    [name] => vcpsxdkfpel@rudiplomust.com
    [phone] => 88696432543
    [formname] => Обратная связь
)

------------------------

------------------------
25.01.2025 8:30:21
CallbackFormEmailModal
Array
(
    [name] => avgustina.morozova@bk.ru
    [phone] => 85581349366
    [formname] => Обратная связь
)

------------------------

------------------------
25.01.2025 9:18:17
CallbackFormEmailModal
Array
(
    [name] => progon@progon.fun
    [phone] => 82542484627
    [formname] => Обратная связь
)

------------------------

------------------------
25.01.2025 9:28:39
CallbackFormEmailModal
Array
(
    [name] => woodbpurne1983@mail.ru
    [phone] => 88322391758
    [formname] => Обратная связь
)

------------------------

------------------------
25.01.2025 9:28:52
CallbackFormEmailModal
Array
(
    [name] => alexde_427@mail.ru
    [phone] => 81269196567
    [formname] => Обратная связь
)

------------------------

------------------------
25.01.2025 10:35:49
CallbackFormEmailModal
Array
(
    [name] => amkwkfbxzka@rudiplomust.com
    [phone] => 86437317983
    [formname] => Обратная связь
)

------------------------

------------------------
25.01.2025 10:47:27
CallbackFormEmailModal
Array
(
    [name] => deacren@mail.ru
    [phone] => 86876997257
    [formname] => Обратная связь
)

------------------------

------------------------
25.01.2025 10:58:21
CallbackFormEmailModal
Array
(
    [name] => ropolkingta@mail.ru
    [phone] => 86967448411
    [formname] => Обратная связь
)

------------------------

------------------------
25.01.2025 11:06:44
CallbackFormEmailModal
Array
(
    [name] => yourmail@gmail.com
    [phone] => 89733729936
    [formname] => Обратная связь
)

------------------------

------------------------
25.01.2025 12:43:48
CallbackFormEmailModal
Array
(
    [name] => twyzrinmxel@rudiplomust.com
    [phone] => 85113244282
    [formname] => Обратная связь
)

------------------------

------------------------
25.01.2025 16:21:44
CallbackFormEmailModal
Array
(
    [name] => jamesmennick@outlook.com
    [phone] => 81164899984
    [formname] => Обратная связь
)

------------------------

------------------------
25.01.2025 16:22:19
CallbackFormEmailModal
Array
(
    [name] => ewxgsppfael@rudiplomust.com
    [phone] => 84329558181
    [formname] => Обратная связь
)

------------------------

------------------------
25.01.2025 16:31:08
CallbackFormEmailModal
Array
(
    [name] => lbhdbcuhbSi@rudiplomust.com
    [phone] => 89426237139
    [formname] => Обратная связь
)

------------------------

------------------------
25.01.2025 19:45:10
CallbackFormEmailModal
Array
(
    [name] => tciiankmfel@rudiplomust.com
    [phone] => 85812619483
    [formname] => Обратная связь
)

------------------------

------------------------
25.01.2025 20:24:23
CallbackFormEmailModal
Array
(
    [name] => pencucon_97@mail.ru
    [phone] => 86873426197
    [formname] => Обратная связь
)

------------------------

------------------------
25.01.2025 21:10:31
CallbackFormEmailModal
Array
(
    [name] => mjpbkpruiel@rudiplomust.com
    [phone] => 85427611744
    [formname] => Обратная связь
)

------------------------

------------------------
25.01.2025 23:26:39
CallbackFormEmailModal
Array
(
    [name] => antonioObsex@mail.ru
    [phone] => 86641563588
    [formname] => Обратная связь
)

------------------------

------------------------
25.01.2025 23:34:45
CallbackFormEmailModal
Array
(
    [name] => aaduyppyael@rudiplomust.com
    [phone] => 82216949333
    [formname] => Обратная связь
)

------------------------

------------------------
25.01.2025 23:34:46
CallbackFormEmailModal
Array
(
    [name] => cjkvkkracel@rudiplomust.com
    [phone] => 83266391274
    [formname] => Обратная связь
)

------------------------
