
------------------------
13.09.2022 0:29:14
CallbackFormEmailModal
Array
(
    [name] => margaritaSal6254@gmail.com
    [phone] => 86774248524
    [formname] => Обратная связь
)

------------------------

------------------------
13.09.2022 14:53:16
CallbackFormEmailModal
Array
(
    [name] => acrystin6j16wepa10@outlook.com
    [phone] => acrystin6j16wepa10@outlook.com
    [formname] => Обратная связь
)

------------------------

------------------------
13.09.2022 14:53:24
CallbackFormEmailModal
Array
(
    [name] => acrystin6j16wepa10@outlook.com
    [phone] => acrystin6j16wepa10@outlook.com
    [formname] => Обратная связь
)

------------------------

------------------------
13.09.2022 14:53:36
CallbackFormEmailModal
Array
(
    [name] => acrystin6j16wepa10@outlook.com
    [phone] => acrystin6j16wepa10@outlook.com
    [formname] => Обратная связь
)

------------------------

------------------------
13.09.2022 14:53:42
CallbackFormEmailModal
Array
(
    [name] => acrystin6j16wepa10@outlook.com
    [phone] => acrystin6j16wepa10@outlook.com
    [formname] => Обратная связь
)

------------------------

------------------------
13.09.2022 14:54:01
CallbackFormEmailModal
Array
(
    [name] => acrystin6j16wepa10@outlook.com
    [phone] => acrystin6j16wepa10@outlook.com
    [formname] => Обратная связь
)

------------------------

------------------------
13.09.2022 14:54:08
CallbackFormEmailModal
Array
(
    [name] => acrystin6j16wepa10@outlook.com
    [phone] => acrystin6j16wepa10@outlook.com
    [formname] => Обратная связь
)

------------------------

------------------------
13.09.2022 17:31:48
CallbackFormEmailModal
Array
(
    [name] => spbetcas773@gmail.com
    [phone] => 83851953794
    [formname] => Обратная связь
)

------------------------

------------------------
13.09.2022 21:22:24
CallbackFormEmailModal
Array
(
    [name] => spbetcas708@gmail.com
    [phone] => 87231984182
    [formname] => Обратная связь
)

------------------------
