
------------------------
07.02.2024 0:07:59
CallbackFormEmailModal
Array
(
    [name] => epernoroc197290@rambler.ru
    [phone] => +71231234567
    [formname] => Обратная связь
)

------------------------

------------------------
07.02.2024 0:08:34
CallbackFormEmailModal
Array
(
    [name] => gravressthing@mailcos.site

    [phone] => 89279565658
    [formname] => Обратная связь
)

------------------------

------------------------
07.02.2024 0:54:25
CallbackFormEmailModal
Array
(
    [name] => acgacayomiqgx1998@onet.pl
    [phone] => 83893677762
    [formname] => Обратная связь
)

------------------------

------------------------
07.02.2024 4:11:15
CallbackFormEmailModal
Array
(
    [name] => ethanexan1975@mailopenz.com
    [phone] => 86542513479
    [formname] => Обратная связь
)

------------------------

------------------------
07.02.2024 6:15:44
CallbackFormEmailModal
Array
(
    [name] => iaroslav.pankovzxn@yandex.ru
    [phone] => 82942571213
    [formname] => Обратная связь
)

------------------------

------------------------
07.02.2024 9:59:33
CallbackFormModal
Array
(
    [name] => владимир
    [phone] => +7(928)902-63-63
    [formname] => Заказать звонок
)

------------------------

------------------------
07.02.2024 11:42:34
CallbackFormEmailModal
Array
(
    [name] => indomitowot@outlook.com
    [phone] => 88917112629
    [formname] => Обратная связь
)

------------------------

------------------------
07.02.2024 17:22:33
CallbackFormEmailModal
Array
(
    [name] => indomitowot@outlook.com
    [phone] => 81132194524
    [formname] => Обратная связь
)

------------------------

------------------------
07.02.2024 22:55:13
CallbackFormEmailModal
Array
(
    [name] => merzpleber@mailcos.site

    [phone] => 82645748678
    [formname] => Обратная связь
)

------------------------
