
------------------------
04.09.2025 0:15:03
CallbackFormEmailModal
Array
(
    [name] => pwrdpzee@tamposs.tk
    [phone] => 85469331899
    [formname] => Обратная связь
)

------------------------

------------------------
04.09.2025 0:42:59
CallbackFormEmailModal
Array
(
    [name] => southparkone@lumexmail.shop
    [phone] => 87954921653
    [formname] => Обратная связь
)

------------------------

------------------------
04.09.2025 3:04:15
CallbackFormEmailModal
Array
(
    [name] => 1@1.it
    [phone] => 86271833253
    [formname] => Обратная связь
)

------------------------

------------------------
04.09.2025 3:19:26
CallbackFormEmailModal
Array
(
    [name] => scottharris5638@gmail.com
    [phone] => 82593179157
    [formname] => Обратная связь
)

------------------------

------------------------
04.09.2025 4:10:07
CallbackFormEmailModal
Array
(
    [name] => avtocentravrora@gmail.com
    [phone] => 83353585774
    [formname] => Обратная связь
)

------------------------

------------------------
04.09.2025 6:57:20
CallbackFormEmailModal
Array
(
    [name] => sergowor.kin.g71.8@gmail.com
    [phone] => 83235884885
    [formname] => Обратная связь
)

------------------------

------------------------
04.09.2025 10:41:52
CallbackFormEmailModal
Array
(
    [name] => nutradiets1@anonmails.de
    [phone] => 84855761437
    [formname] => Обратная связь
)

------------------------

------------------------
04.09.2025 12:42:36
Order
Array
(
    [name] => Шувалов Алексей Юрьвич
    [email] => 23@nmkz.ru
    [phone] => +7-918-583-1179
    [comment] => Прессованный  настил P 33х33/30х3 Zn 1000х1000 мм, кол-во: 1, цена: 6160руб.
Способ доставки: Самовывоз со склада
Выберите способ оплаты: Оплата на расчетный счет организации

Комментарий к заказу: 
прошу выставить счет: Наименование: индивидуальный предприниматель Шувалов Алексей Юрьевич , действующий на основании ЕГРИП:320619600094270Адрес: 347902, г. Таганрог, ул. Свободы 26-1, кв. 51ИНН: 615491370299ЕГРИП:320619600094270Р/с: 40802810326300000620Кор. счёт: 30101810500000000207БИК: 046015207Банк: ФИЛИАЛ "РОСТОВСКИЙ" АО "АЛЬФА-БАНК" 344000, г. Ростов-на-Дону, ул. Красноармейская, д. 206.
    [formname] => Заказ из корзины
    [fields] => Array
        (
            [price] => 6160
        )

)

------------------------

------------------------
04.09.2025 12:46:16
CallbackFormEmailModal
Array
(
    [name] => nutradiets1@anonmails.de
    [phone] => 81917138316
    [formname] => Обратная связь
)

------------------------

------------------------
04.09.2025 13:33:54
CallbackFormEmailModal
Array
(
    [name] => sergowor.kin.g7.18@gmail.com
    [phone] => 86579536791
    [formname] => Обратная связь
)

------------------------

------------------------
04.09.2025 15:13:48
CallbackFormEmailModal
Array
(
    [name] => lashawndaqkpuc@mail.ru
    [phone] => 83577438952
    [formname] => Обратная связь
)

------------------------

------------------------
04.09.2025 15:44:42
CallbackFormEmailModal
Array
(
    [name] => eepovda@bk.ru
    [phone] => 89243849539
    [formname] => Обратная связь
)

------------------------

------------------------
04.09.2025 15:49:53
CallbackFormEmailModal
Array
(
    [name] => secberconla1986@mail.ru
    [phone] => 85683528568
    [formname] => Обратная связь
)

------------------------

------------------------
04.09.2025 15:50:06
CallbackFormEmailModal
Array
(
    [name] => taelivihohtoca@mail.ru
    [phone] => 87982119763
    [formname] => Обратная связь
)

------------------------

------------------------
04.09.2025 15:54:06
CallbackFormEmailModal
Array
(
    [name] => nadezhda_smirnova_26801@mail.ru
    [phone] => 88441994136
    [formname] => Обратная связь
)

------------------------

------------------------
04.09.2025 15:55:06
CallbackFormEmailModal
Array
(
    [name] => polyakovdanila19908366@mail.ru
    [phone] => 85817191398
    [formname] => Обратная связь
)

------------------------

------------------------
04.09.2025 16:01:47
CallbackFormEmailModal
Array
(
    [name] => eprovbelwha@mail.ru
    [phone] => 83994524284
    [formname] => Обратная связь
)

------------------------

------------------------
04.09.2025 16:35:03
CallbackFormEmailModal
Array
(
    [name] => mamedov.edgar.1992.3.3@inbox.ru
    [phone] => 89482596397
    [formname] => Обратная связь
)

------------------------

------------------------
04.09.2025 17:26:34
CallbackFormEmailModal
Array
(
    [name] => bikon777@rambler.ru
    [phone] => 81153815153
    [formname] => Обратная связь
)

------------------------

------------------------
04.09.2025 20:16:59
CallbackFormEmailModal
Array
(
    [name] => nextotzuv43Kip@gmail.com
    [phone] => 82936529112
    [formname] => Обратная связь
)

------------------------

------------------------
04.09.2025 21:15:02
CallbackFormEmailModal
Array
(
    [name] => parmazanov@gmail.com
    [phone] => 88758252171
    [formname] => Обратная связь
)

------------------------

------------------------
04.09.2025 23:50:05
CallbackFormEmailModal
Array
(
    [name] => sors92435@gmail.com
    [phone] => 83988984548
    [formname] => Обратная связь
)

------------------------
