
------------------------
31.05.2023 2:30:41
CallbackFormEmailModal
Array
(
    [name] => alexpopov716253@gmail.com
    [phone] => 85343454518
    [formname] => Обратная связь
)

------------------------

------------------------
31.05.2023 8:17:15
CallbackFormEmailModal
Array
(
    [name] => xrumak@outlook.com
    [phone] => 83389343242
    [formname] => Обратная связь
)

------------------------

------------------------
31.05.2023 10:55:44
CallbackFormEmailModal
Array
(
    [name] => no-replysuinuts@gmail.com
    [phone] => 83419315165
    [formname] => Обратная связь
)

------------------------

------------------------
31.05.2023 14:49:56
CallbackEmailModal
Array
(
    [name] => Елена
    [phone] => +7(978)704-67-03
    [comment] => Название продуката: Прессованный  настил P 33х33/30х3 Zn 1000х1000 мм
Комменатрий: Прессованный настил  33х33 есть в наличии?
    [formname] => Задать вопрос по товару
)

------------------------

------------------------
31.05.2023 16:42:28
Order
Array
(
    [name] => ООО "ЭКСПЕРТ СТРОЙ"
    [email] => expert_stroy@bk.ru
    [phone] => +7-495-233-3744
    [comment] => Сварной  настил SP 34х38/30х2 Zn 1000х1000 мм, кол-во: 1, цена: 3850руб.
Способ доставки: Доставка автотранспортом поставщика
Выберите способ оплаты: Оплата на расчетный счет организации
Адрес доставки: Москва, Волгоградский проспект, 42, к5

Комментарий к заказу: 

    [formname] => Заказ из корзины
    [fields] => Array
        (
            [price] => 288750
        )

)

------------------------
