
------------------------
12.06.2024 1:12:47
CallbackFormEmailModal
Array
(
    [name] => gjhruke2@outlook.com
    [phone] => 86194818282
    [formname] => Обратная связь
)

------------------------

------------------------
12.06.2024 4:51:08
CallbackFormEmailModal
Array
(
    [name] => mikeBraivami@gmail.com
    [phone] => 87757113361
    [formname] => Обратная связь
)

------------------------

------------------------
12.06.2024 6:32:52
CallbackFormEmailModal
Array
(
    [name] => gpopovu8336@outlook.com
    [phone] => 83184369835
    [formname] => Обратная связь
)

------------------------

------------------------
12.06.2024 14:24:12
CallbackFormEmailModal
Array
(
    [name] => alden.provitt773@gmail.com
    [phone] => 85456418535
    [formname] => Обратная связь
)

------------------------

------------------------
12.06.2024 20:00:05
CallbackFormEmailModal
Array
(
    [name] => olivialitvinova@yandex.com
    [phone] => 88577272627
    [formname] => Обратная связь
)

------------------------

------------------------
12.06.2024 20:05:55
CallbackFormEmailModal
Array
(
    [name] => zjaewonfjKl@poochta.com
    [phone] => 82291975424
    [formname] => Обратная связь
)

------------------------

------------------------
12.06.2024 21:21:51
CallbackFormEmailModal
Array
(
    [name] => machesaco197997@rambler.ru
    [phone] => 85591773117
    [formname] => Обратная связь
)

------------------------

------------------------
12.06.2024 21:49:43
CallbackFormEmailModal
Array
(
    [name] => laticia_plass59@rambler.ru
    [phone] => 86762681481
    [formname] => Обратная связь
)

------------------------

------------------------
12.06.2024 23:04:43
CallbackFormEmailModal
Array
(
    [name] => sodbrnqdsug@outlook.com
    [phone] => 86139967719
    [formname] => Обратная связь
)

------------------------

------------------------
12.06.2024 23:38:48
CallbackFormEmailModal
Array
(
    [name] => kwork.company@yandex.ru
    [phone] => 88965797811
    [formname] => Обратная связь
)

------------------------
