
------------------------
13.05.2022 2:10:57
CallbackFormEmailModal
Array
(
    [name] => sharmamittika@yahoo.com
    [phone] => 89039723552
    [formname] => Обратная связь
)

------------------------

------------------------
13.05.2022 7:31:29
CallbackFormEmailModal
Array
(
    [name] => thepreforreal@yahoo.com
    [phone] => 89039924434
    [formname] => Обратная связь
)

------------------------

------------------------
13.05.2022 12:52:21
CallbackFormEmailModal
Array
(
    [name] => paula.quadros@hotmail.com
    [phone] => 89035999939
    [formname] => Обратная связь
)

------------------------

------------------------
13.05.2022 18:13:24
CallbackFormEmailModal
Array
(
    [name] => shivapatilg@rediffmail.com
    [phone] => 89033364362
    [formname] => Обратная связь
)

------------------------

------------------------
13.05.2022 20:13:13
CallbackFormEmailModal
Array
(
    [name] => kfloyd@lighthouse.net
    [phone] => 89033610428
    [formname] => Обратная связь
)

------------------------
