
------------------------
16.08.2024 5:17:20
CallbackFormEmailModal
Array
(
    [name] => rulmevemnsmdpeoepasoie@gmail.com
    [phone] => 86375551695
    [formname] => Обратная связь
)

------------------------

------------------------
16.08.2024 5:41:49
CallbackFormEmailModal
Array
(
    [name] => alisha.bennett17@yahoo.com
    [phone] => 87627798337
    [formname] => Обратная связь
)

------------------------

------------------------
16.08.2024 6:09:01
CallbackFormEmailModal
Array
(
    [name] => ternivorsa@mailcos.site

    [phone] => 83723336483
    [formname] => Обратная связь
)

------------------------

------------------------
16.08.2024 10:02:46
CallbackFormEmailModal
Array
(
    [name] => speedyindexbot@gmail.com
    [phone] => 87112952571
    [formname] => Обратная связь
)

------------------------

------------------------
16.08.2024 10:22:45
CallbackFormEmailModal
Array
(
    [name] => guaytiadishe@mailcos.site

    [phone] => 82997151329
    [formname] => Обратная связь
)

------------------------

------------------------
16.08.2024 11:35:05
CallbackFormEmailModal
Array
(
    [name] => loulearmonth6139@icloud.com
    [phone] => 83278991788
    [formname] => Обратная связь
)

------------------------

------------------------
16.08.2024 16:36:12
CallbackFormEmailModal
Array
(
    [name] => wx12lihe[exygyzotorygetit,2,5]@wxlihe1393.com
    [phone] => 89871121695
    [formname] => Обратная связь
)

------------------------

------------------------
16.08.2024 17:47:56
CallbackFormEmailModal
Array
(
    [name] => withlesepot1975@op.pl
    [phone] => 82141781639
    [formname] => Обратная связь
)

------------------------

------------------------
16.08.2024 18:15:03
CallbackFormModal
Array
(
    [name] => Роман
    [phone] => +7(901)405-52-24
    [formname] => Заказать звонок
)

------------------------

------------------------
16.08.2024 21:32:41
CallbackFormEmailModal
Array
(
    [name] => ed-polomoshnova@yandex.ru
    [phone] => 85544945341
    [formname] => Обратная связь
)

------------------------

------------------------
16.08.2024 23:17:14
CallbackFormEmailModal
Array
(
    [name] => shaddka77@outlook.com
    [phone] => 87462675322
    [formname] => Обратная связь
)

------------------------
