
------------------------
21.01.2024 4:07:49
CallbackFormEmailModal
Array
(
    [name] => tmhytbyfw@exzilla.ru
    [phone] => 86757586312
    [formname] => Обратная связь
)

------------------------

------------------------
21.01.2024 8:54:36
CallbackFormEmailModal
Array
(
    [name] => indomitowot@outlook.com
    [phone] => 82569465911
    [formname] => Обратная связь
)

------------------------

------------------------
21.01.2024 10:33:41
CallbackFormEmailModal
Array
(
    [name] => edward53nelson19as@rambler.ru
    [phone] => 84819781995
    [formname] => Обратная связь
)

------------------------

------------------------
21.01.2024 11:45:49
CallbackFormEmailModal
Array
(
    [name] => afonasevnavit@gmail.com
    [phone] => 86477327932
    [formname] => Обратная связь
)

------------------------

------------------------
21.01.2024 11:52:51
CallbackFormEmailModal
Array
(
    [name] => lohpro1@rambler.ru
    [phone] => 84123965382
    [formname] => Обратная связь
)

------------------------

------------------------
21.01.2024 12:37:59
CallbackFormEmailModal
Array
(
    [name] => ztukwnxi@rambler.ru
    [phone] => 87169941587
    [formname] => Обратная связь
)

------------------------

------------------------
21.01.2024 13:12:03
CallbackFormEmailModal
Array
(
    [name] => neurero1981@mail.ru
    [phone] => 82374934488
    [formname] => Обратная связь
)

------------------------

------------------------
21.01.2024 13:50:22
CallbackFormEmailModal
Array
(
    [name] => charles49white48as@rambler.ru
    [phone] => 83694488229
    [formname] => Обратная связь
)

------------------------

------------------------
21.01.2024 16:35:50
CallbackFormEmailModal
Array
(
    [name] => ethanexan1975@mailopenz.com
    [phone] => 88352832464
    [formname] => Обратная связь
)

------------------------

------------------------
21.01.2024 19:21:55
CallbackFormEmailModal
Array
(
    [name] => barbariska8912@gmail.com
    [phone] => 86315627851
    [formname] => Обратная связь
)

------------------------

------------------------
21.01.2024 21:37:01
CallbackFormEmailModal
Array
(
    [name] => 79260785512@inbox.ru
    [phone] => 79260785512
    [formname] => Обратная связь
)

------------------------

------------------------
21.01.2024 21:42:07
CallbackFormEmailModal
Array
(
    [name] => aq89aqa@rambler.ru
    [phone] => 82299259983
    [formname] => Обратная связь
)

------------------------

------------------------
21.01.2024 22:27:56
CallbackFormEmailModal
Array
(
    [name] => indomitowot@outlook.com
    [phone] => 82146525212
    [formname] => Обратная связь
)

------------------------
