
------------------------
17.11.2024 0:53:39
CallbackFormEmailModal
Array
(
    [name] => mephedrone@kypit-in-ukraine.site
    [phone] => 87964722895
    [formname] => Обратная связь
)

------------------------

------------------------
17.11.2024 8:07:06
CallbackFormEmailModal
Array
(
    [name] => acununex1972@op.pl
    [phone] => 86152711421
    [formname] => Обратная связь
)

------------------------

------------------------
17.11.2024 8:10:51
CallbackFormEmailModal
Array
(
    [name] => anna.shapiro.78@mail.ru
    [phone] => 88732419865
    [formname] => Обратная связь
)

------------------------

------------------------
17.11.2024 8:31:04
CallbackFormEmailModal
Array
(
    [name] => arturgorz2o3@bk.ru
    [phone] => 86138715595
    [formname] => Обратная связь
)

------------------------

------------------------
17.11.2024 10:05:05
CallbackFormEmailModal
Array
(
    [name] => heroine@kypit-in-ukraine.site
    [phone] => 82346153816
    [formname] => Обратная связь
)

------------------------

------------------------
17.11.2024 11:06:53
CallbackFormEmailModal
Array
(
    [name] => taelivihohtoca@mail.ru
    [phone] => 82637653535
    [formname] => Обратная связь
)

------------------------

------------------------
17.11.2024 11:52:10
CallbackFormEmailModal
Array
(
    [name] => gashish@kypit-in-ukraine.site
    [phone] => 87915813643
    [formname] => Обратная связь
)

------------------------

------------------------
17.11.2024 12:12:16
CallbackFormEmailModal
Array
(
    [name] => ulneanpama1980@op.pl
    [phone] => 85896952771
    [formname] => Обратная связь
)

------------------------

------------------------
17.11.2024 12:35:40
CallbackFormEmailModal
Array
(
    [name] => couisnardangelica@gmail.com
    [phone] => 82339368782
    [formname] => Обратная связь
)

------------------------

------------------------
17.11.2024 12:44:13
CallbackFormEmailModal
Array
(
    [name] => semukran@int.pl
    [phone] => 88834957837
    [formname] => Обратная связь
)

------------------------

------------------------
17.11.2024 17:54:09
CallbackFormEmailModal
Array
(
    [name] => spenenchalo1977@op.pl
    [phone] => 89258757159
    [formname] => Обратная связь
)

------------------------

------------------------
17.11.2024 18:20:21
CallbackFormEmailModal
Array
(
    [name] => yyoourmail@gmail.com
    [phone] => 82373594365
    [formname] => Обратная связь
)

------------------------

------------------------
17.11.2024 19:54:55
CallbackFormEmailModal
Array
(
    [name] => bigendrakoli4335@mail.ru
    [phone] => 81113392295
    [formname] => Обратная связь
)

------------------------

------------------------
17.11.2024 22:39:45
CallbackFormEmailModal
Array
(
    [name] => sevastyan.siyantsev@mail.ru
    [phone] => 87594771875
    [formname] => Обратная связь
)

------------------------
