
------------------------
28.10.2024 1:24:02
CallbackFormEmailModal
Array
(
    [name] => terepunet1973@op.pl
    [phone] => 85599183435
    [formname] => Обратная связь
)

------------------------

------------------------
28.10.2024 6:32:53
CallbackFormEmailModal
Array
(
    [name] => ur.ev.i.c75.0@gmail.com
    [phone] => 86876695481
    [formname] => Обратная связь
)

------------------------

------------------------
28.10.2024 8:09:09
CallbackFormEmailModal
Array
(
    [name] => kanistrenkotema@inbox.lv
    [phone] => 81729122818
    [formname] => Обратная связь
)

------------------------

------------------------
28.10.2024 9:16:22
CallbackFormEmailModal
Array
(
    [name] => louscontletzclun1986@op.pl
    [phone] => 84387331876
    [formname] => Обратная связь
)

------------------------

------------------------
28.10.2024 10:03:07
CallbackFormEmailModal
Array
(
    [name] => linkbarttese1970@op.pl
    [phone] => 82281667422
    [formname] => Обратная связь
)

------------------------

------------------------
28.10.2024 10:27:27
CallbackFormEmailModal
Array
(
    [name] => yourmail@gmail.com
    [phone] => 88546625589
    [formname] => Обратная связь
)

------------------------

------------------------
28.10.2024 12:25:10
CallbackFormEmailModal
Array
(
    [name] => depugh-weiher43@schuetz72.hexagonaldrawings.com 
    [phone] => 86666169679
    [formname] => Обратная связь
)

------------------------

------------------------
28.10.2024 15:56:54
CallbackFormEmailModal
Array
(
    [name] => redirect-a0b6a1c817702f294c95ac7768c064f6@webmark.eting.org
    [phone] => redirect-a0b6a1c817702f294c95ac7768c064f6@webmark.eting.org
    [formname] => Обратная связь
)

------------------------

------------------------
28.10.2024 17:34:16
CallbackFormEmailModal
Array
(
    [name] => somasesokiyo31@gmail.com
    [phone] => 86216918982
    [formname] => Обратная связь
)

------------------------

------------------------
28.10.2024 19:03:02
CallbackFormEmailModal
Array
(
    [name] => p.e.rsa.it.ov2.0@gmail.com:pop.gmail.com
    [phone] => 89985641784
    [formname] => Обратная связь
)

------------------------

------------------------
28.10.2024 19:39:08
CallbackFormEmailModal
Array
(
    [name] => a41999229@gmail.com
    [phone] => 82983161929
    [formname] => Обратная связь
)

------------------------

------------------------
28.10.2024 21:41:56
CallbackFormEmailModal
Array
(
    [name] => vintinner-kalandek37@biebel54.dynainbox.com 
    [phone] => 84581721996
    [formname] => Обратная связь
)

------------------------

------------------------
28.10.2024 23:54:29
CallbackFormEmailModal
Array
(
    [name] => oxvpuecax@hoopsor.online
    [phone] => 89155476731
    [formname] => Обратная связь
)

------------------------
