
------------------------
16.11.2023 1:05:50
CallbackFormEmailModal
Array
(
    [name] => hjkuwzzriEa@gmail.com
    [phone] => 89817583941
    [formname] => Обратная связь
)

------------------------

------------------------
16.11.2023 5:58:59
CallbackFormEmailModal
Array
(
    [name] => halera@poochta.ru
    [phone] => 85791351196
    [formname] => Обратная связь
)

------------------------

------------------------
16.11.2023 8:25:16
CallbackFormEmailModal
Array
(
    [name] => vqjhobrt@mail.ru
    [phone] => +791234567841
    [formname] => Обратная связь
)

------------------------

------------------------
16.11.2023 11:16:34
CallbackFormEmailModal
Array
(
    [name] => paadmesout@mail.ru
    [phone] => 85433214551
    [formname] => Обратная связь
)

------------------------

------------------------
16.11.2023 11:23:57
CallbackFormEmailModal
Array
(
    [name] => ropolkingta@mail.ru
    [phone] => 81397343347
    [formname] => Обратная связь
)

------------------------

------------------------
16.11.2023 12:25:32
CallbackFormEmailModal
Array
(
    [name] => pencucon_97@mail.ru
    [phone] => 89522588734
    [formname] => Обратная связь
)

------------------------

------------------------
16.11.2023 13:12:38
CallbackFormEmailModal
Array
(
    [name] => panova.elena.1992.23.11@bk.ru
    [phone] => 85921564873
    [formname] => Обратная связь
)

------------------------

------------------------
16.11.2023 13:32:30
CallbackFormEmailModal
Array
(
    [name] => pavlik.timofeev.2023@bk.ru
    [phone] => 89517746823
    [formname] => Обратная связь
)

------------------------

------------------------
16.11.2023 13:32:50
CallbackFormEmailModal
Array
(
    [name] => peposdaen@mail.ru
    [phone] => 82272376578
    [formname] => Обратная связь
)

------------------------

------------------------
16.11.2023 13:39:52
CallbackFormEmailModal
Array
(
    [name] => pavel.sitdikov.88@mail.ru
    [phone] => 81461225932
    [formname] => Обратная связь
)

------------------------

------------------------
16.11.2023 13:59:11
CallbackFormEmailModal
Array
(
    [name] => crabkilldist1986@mail.ru
    [phone] => 86188452289
    [formname] => Обратная связь
)

------------------------

------------------------
16.11.2023 14:05:18
Order
Array
(
    [name] => Саблин Роман Радионович
    [email] => r.sablin@kraust.ru
    [phone] => +7-925-500-1216
    [comment] => Сварной  настил SP 34х38/30х3 Zn 1200х1000 мм, кол-во: 1, цена: 6300руб.
Способ доставки: Доставка автотранспортом поставщика
Выберите способ оплаты: Оплата на расчетный счет организации
Адрес доставки: мытищинский район. деревня юдино. улица центральная 9а

Комментарий к заказу: 
за сутки свяцаца. по телефону 89255001216 Роман для пропуска. за 30 минут до приезда прозвонить мне. Спасибо.
    [formname] => Заказ из корзины
    [fields] => Array
        (
            [price] => 6300
        )

)

------------------------

------------------------
16.11.2023 14:06:38
CallbackFormEmailModal
Array
(
    [name] => garifullina_1982_21_3@list.ru
    [phone] => 82384752461
    [formname] => Обратная связь
)

------------------------

------------------------
16.11.2023 14:11:51
CallbackFormEmailModal
Array
(
    [name] => klezdo9jm9okkq2@rambler.ru
    [phone] => 88952469599
    [formname] => Обратная связь
)

------------------------

------------------------
16.11.2023 14:15:43
CallbackFormEmailModal
Array
(
    [name] => Роман
    [phone] => +7(925)500-12-16
    [formname] => Обратная связь
)

------------------------

------------------------
16.11.2023 15:41:51
CallbackFormEmailModal
Array
(
    [name] => yourmail@gmail.com
    [phone] => 82932752572
    [formname] => Обратная связь
)

------------------------

------------------------
16.11.2023 17:37:00
CallbackFormEmailModal
Array
(
    [name] => knicics@fmaill.xyz
    [phone] => 89661129575
    [formname] => Обратная связь
)

------------------------

------------------------
16.11.2023 19:35:01
CallbackFormEmailModal
Array
(
    [name] => jon@google.fr
    [phone] => 87767557381
    [formname] => Обратная связь
)

------------------------

------------------------
16.11.2023 20:43:41
CallbackFormEmailModal
Array
(
    [name] => stroy88889901@inbox.ru
    [phone] => 79881979556
    [formname] => Обратная связь
)

------------------------

------------------------
16.11.2023 20:49:20
CallbackFormEmailModal
Array
(
    [name] => alexanderalexa.nderov242@gmail.com
    [phone] => 89437153398
    [formname] => Обратная связь
)

------------------------

------------------------
16.11.2023 21:12:52
CallbackFormEmailModal
Array
(
    [name] => paadmesout@mail.ru
    [phone] => 87443698718
    [formname] => Обратная связь
)

------------------------

------------------------
16.11.2023 21:27:18
CallbackFormEmailModal
Array
(
    [name] => ropolkingta@mail.ru
    [phone] => 85682579527
    [formname] => Обратная связь
)

------------------------

------------------------
16.11.2023 21:49:47
CallbackFormEmailModal
Array
(
    [name] => pencucon_97@mail.ru
    [phone] => 85327866377
    [formname] => Обратная связь
)

------------------------

------------------------
16.11.2023 22:20:53
CallbackFormEmailModal
Array
(
    [name] => panova.elena.1992.23.11@bk.ru
    [phone] => 82416244598
    [formname] => Обратная связь
)

------------------------

------------------------
16.11.2023 22:30:33
CallbackFormEmailModal
Array
(
    [name] => pavlik.timofeev.2023@bk.ru
    [phone] => 87426421575
    [formname] => Обратная связь
)

------------------------

------------------------
16.11.2023 22:34:05
CallbackFormEmailModal
Array
(
    [name] => peposdaen@mail.ru
    [phone] => 84543572824
    [formname] => Обратная связь
)

------------------------

------------------------
16.11.2023 22:35:31
CallbackFormEmailModal
Array
(
    [name] => pavel.sitdikov.88@mail.ru
    [phone] => 87346514775
    [formname] => Обратная связь
)

------------------------

------------------------
16.11.2023 22:41:00
CallbackFormEmailModal
Array
(
    [name] => crabkilldist1986@mail.ru
    [phone] => 89538492114
    [formname] => Обратная связь
)

------------------------

------------------------
16.11.2023 22:59:27
CallbackFormEmailModal
Array
(
    [name] => garifullina_1982_21_3@list.ru
    [phone] => 83589449321
    [formname] => Обратная связь
)

------------------------
