
------------------------
26.07.2021 1:22:16
CallbackFormEmailModal
Array
(
    [name] => base2021k@b.ru
    [phone] => 79151173484
    [formname] => Обратная связь
)

------------------------

------------------------
26.07.2021 6:05:08
CallbackFormEmailModal
Array
(
    [name] => zenoruber@gmail.com
    [phone] => 89613813318
    [formname] => Обратная связь
)

------------------------

------------------------
26.07.2021 12:23:09
Order
Array
(
    [name] => Александр Викторович Плисецкий
    [email] => old-bookss@yandex.ru
    [phone] => +7-926-858-3474
    [comment] => Лестничная ступень SР 34х38/30х2 Zn 800х240 мм, кол-во: 1, цена: 1480руб.
Способ доставки: Доставка автотранспортом поставщика
Выберите способ оплаты: Оплата на расчетный счет организации
Адрес доставки: Мо, г.Балашиха, ш.Энтузиастов с.2А

Комментарий к заказу: 
ООО «ППК» 
Общество с ограниченной ответственностью «ППК»
ИНН 9718076997
КПП 771801001
ОГРН 1177746999682 от 25.09.17г. 
Адрес: РФ, 107076, г.Москва, Колодезный переулок, д.2А,стр. 2, пом.XXIII, комната 35
р/с: 40702810210000330919
Бик Банка 044525974
Банк: АО «Тинькофф Банк» г.Москва
к/с 30101810145250000974
Генеральный Директор: Плисецкий А.В. Плисецкий Александр Викторович
Тел. +7 (495) 138-00-14
plis_a@list.ru
    [formname] => Заказ из корзины
    [fields] => Array
        (
            [price] => 1480
        )

)

------------------------

------------------------
26.07.2021 12:49:20
CallbackFormEmailModal
Array
(
    [name] => grigoriyivanof@yandex.ru
    [phone] => 89435926915
    [formname] => Обратная связь
)

------------------------

------------------------
26.07.2021 15:22:10
CallbackFormEmailModal
Array
(
    [name] => bizsergbor@mail.ru
    [phone] => 84368638952
    [formname] => Обратная связь
)

------------------------
