
------------------------
20.12.2021 6:53:15
CallbackFormEmailModal
Array
(
    [name] => peskove50@gmail.com
    [phone] => 86296828431
    [formname] => Обратная связь
)

------------------------

------------------------
20.12.2021 11:12:30
CallbackFormEmailModal
Array
(
    [name] => rfzuluf@gmail.com
    [phone] => 83662897254
    [formname] => Обратная связь
)

------------------------

------------------------
20.12.2021 13:44:54
CallbackFormEmailModal
Array
(
    [name] => drbaz21889@inbox.ru
    [phone] => 79118246406
    [formname] => Обратная связь
)

------------------------
