
------------------------
21.02.2024 0:01:01
CallbackFormEmailModal
Array
(
    [name] => info@stab-gen.ru
    [phone] => 81876771428
    [formname] => Обратная связь
)

------------------------

------------------------
21.02.2024 2:20:42
CallbackFormEmailModal
Array
(
    [name] => indomitowot@outlook.com
    [phone] => 82997922963
    [formname] => Обратная связь
)

------------------------

------------------------
21.02.2024 3:01:44
CallbackFormEmailModal
Array
(
    [name] => harriskyla1578@outlook.com
    [phone] => 83941355614
    [formname] => Обратная связь
)

------------------------

------------------------
21.02.2024 3:04:13
CallbackFormEmailModal
Array
(
    [name] => fqjgoknk@maillsk.com
    [phone] => 84574163873
    [formname] => Обратная связь
)

------------------------

------------------------
21.02.2024 6:42:23
CallbackFormEmailModal
Array
(
    [name] => lapinalevtin19894419@mail.ru
    [phone] => 89573679523
    [formname] => Обратная связь
)

------------------------

------------------------
21.02.2024 6:44:44
CallbackFormEmailModal
Array
(
    [name] => coestestep@mail.ru
    [phone] => 88575562417
    [formname] => Обратная связь
)

------------------------

------------------------
21.02.2024 10:50:39
CallbackFormEmailModal
Array
(
    [name] => megaboommegaboom@yandex.com
    [phone] => 88597652412
    [formname] => Обратная связь
)

------------------------

------------------------
21.02.2024 13:51:39
CallbackFormEmailModal
Array
(
    [name] => froeach12@rezka.wtf
    [phone] => 81946853113
    [formname] => Обратная связь
)

------------------------

------------------------
21.02.2024 16:14:48
CallbackFormEmailModal
Array
(
    [name] => kasperronny2024@gmail.com
    [phone] => 81118194367
    [formname] => Обратная связь
)

------------------------

------------------------
21.02.2024 18:04:34
CallbackFormEmailModal
Array
(
    [name] => ufvgflm2@webfreemailz.com
    [phone] => 87242791178
    [formname] => Обратная связь
)

------------------------

------------------------
21.02.2024 18:31:06
CallbackFormEmailModal
Array
(
    [name] => werso067540iu@rambler.ru
    [phone] => 87441992486
    [formname] => Обратная связь
)

------------------------

------------------------
21.02.2024 19:44:46
CallbackFormEmailModal
Array
(
    [name] => spattapublo198450@rambler.ru
    [phone] => +71231234567
    [formname] => Обратная связь
)

------------------------

------------------------
21.02.2024 21:47:47
CallbackFormEmailModal
Array
(
    [name] => olegKip@gmail.com
    [phone] => 89585851227
    [formname] => Обратная связь
)

------------------------

------------------------
21.02.2024 22:24:49
CallbackFormEmailModal
Array
(
    [name] => hildnerronny1788@hotmail.com
    [phone] => 81148833172
    [formname] => Обратная связь
)

------------------------

------------------------
21.02.2024 22:52:44
CallbackFormEmailModal
Array
(
    [name] => indomitowot@outlook.com
    [phone] => 86295861989
    [formname] => Обратная связь
)

------------------------
