
------------------------
27.12.2024 2:05:31
CallbackFormEmailModal
Array
(
    [name] => michaelLycle@mail.ru
    [phone] => 82683689934
    [formname] => Обратная связь
)

------------------------

------------------------
27.12.2024 2:07:00
CallbackFormEmailModal
Array
(
    [name] => barbariska8912@gmail.com
    [phone] => 82956219482
    [formname] => Обратная связь
)

------------------------

------------------------
27.12.2024 2:44:33
CallbackFormEmailModal
Array
(
    [name] => xrumerfox@gmail.com
    [phone] => 89555653343
    [formname] => Обратная связь
)

------------------------

------------------------
27.12.2024 5:39:02
CallbackFormEmailModal
Array
(
    [name] => Eric Jones
    [phone] => US
    [formname] => Обратная связь
)

------------------------

------------------------
27.12.2024 7:03:41
CallbackFormEmailModal
Array
(
    [name] => lvoscpydtel@rudiplomust.com
    [phone] => 86646277252
    [formname] => Обратная связь
)

------------------------

------------------------
27.12.2024 7:19:27
CallbackFormEmailModal
Array
(
    [name] => ebuzedgqwka@rudiplomust.com
    [phone] => 88615242388
    [formname] => Обратная связь
)

------------------------

------------------------
27.12.2024 8:03:09
CallbackFormEmailModal
Array
(
    [name] => profip213roboom@gmail.com
    [phone] => 86984953712
    [formname] => Обратная связь
)

------------------------

------------------------
27.12.2024 8:21:47
CallbackFormEmailModal
Array
(
    [name] => zuyev-vadik@bk.ru
    [phone] => 81957321136
    [formname] => Обратная связь
)

------------------------

------------------------
27.12.2024 8:44:40
CallbackFormEmailModal
Array
(
    [name] => gm1176374@gmail.com
    [phone] => 87892689464
    [formname] => Обратная связь
)

------------------------

------------------------
27.12.2024 8:51:16
CallbackFormEmailModal
Array
(
    [name] => jisankape@list.ru
    [phone] => 84257937658
    [formname] => Обратная связь
)

------------------------

------------------------
27.12.2024 10:23:42
CallbackFormEmailModal
Array
(
    [name] => loginovkornilii953193@mail.ru
    [phone] => 81978127147
    [formname] => Обратная связь
)

------------------------

------------------------
27.12.2024 11:42:58
CallbackFormEmailModal
Array
(
    [name] => lucamaszie1983@op.pl
    [phone] => 88961783372
    [formname] => Обратная связь
)

------------------------

------------------------
27.12.2024 12:02:22
CallbackFormEmailModal
Array
(
    [name] => muhinvilii1986@list.ru
    [phone] => 83918484128
    [formname] => Обратная связь
)

------------------------

------------------------
27.12.2024 12:32:53
CallbackFormEmailModal
Array
(
    [name] => aleblwyjuel@rudiplomust.com
    [phone] => 82124684843
    [formname] => Обратная связь
)

------------------------

------------------------
27.12.2024 14:26:02
CallbackFormEmailModal
Array
(
    [name] => egttijfxgel@rudiplomust.com
    [phone] => 83224488717
    [formname] => Обратная связь
)

------------------------

------------------------
27.12.2024 15:28:15
CallbackFormEmailModal
Array
(
    [name] => ppewlxmcqel@rudiplomust.com
    [phone] => 85962929853
    [formname] => Обратная связь
)

------------------------

------------------------
27.12.2024 17:29:04
CallbackFormEmailModal
Array
(
    [name] => ejgyhozzhel@rudiplomust.com
    [phone] => 85995879151
    [formname] => Обратная связь
)

------------------------

------------------------
27.12.2024 17:58:39
CallbackFormEmailModal
Array
(
    [name] => jzjltkjsrel@rudiplomust.com
    [phone] => 87268744258
    [formname] => Обратная связь
)

------------------------

------------------------
27.12.2024 17:59:58
CallbackFormEmailModal
Array
(
    [name] => barbariska8912@gmail.com
    [phone] => 88439573233
    [formname] => Обратная связь
)

------------------------

------------------------
27.12.2024 18:10:07
CallbackFormEmailModal
Array
(
    [name] => placnacidown1989@mail.ru
    [phone] => 82749836639
    [formname] => Обратная связь
)

------------------------

------------------------
27.12.2024 19:19:09
CallbackFormEmailModal
Array
(
    [name] => mikhan-zhuravlev-21610@mail.ru
    [phone] => 85293137695
    [formname] => Обратная связь
)

------------------------

------------------------
27.12.2024 19:46:08
CallbackFormEmailModal
Array
(
    [name] => tacusol-6816@mail.ru
    [phone] => 83813255751
    [formname] => Обратная связь
)

------------------------

------------------------
27.12.2024 20:31:46
CallbackFormEmailModal
Array
(
    [name] => albina.anisimova.02@mail.ru
    [phone] => 83121911446
    [formname] => Обратная связь
)

------------------------

------------------------
27.12.2024 20:36:18
CallbackFormEmailModal
Array
(
    [name] => chmeloleksandra@gmail.com
    [phone] => 89255131373
    [formname] => Обратная связь
)

------------------------

------------------------
27.12.2024 22:06:51
CallbackFormEmailModal
Array
(
    [name] => goldboy1931@gmail.com
    [phone] => 85485625167
    [formname] => Обратная связь
)

------------------------

------------------------
27.12.2024 22:43:39
CallbackFormEmailModal
Array
(
    [name] => panova.elena.1992.23.11@bk.ru
    [phone] => 82961948596
    [formname] => Обратная связь
)

------------------------

------------------------
27.12.2024 22:57:18
CallbackFormEmailModal
Array
(
    [name] => ela.kubets.94@mail.ru
    [phone] => 83858431769
    [formname] => Обратная связь
)

------------------------

------------------------
27.12.2024 23:00:15
CallbackFormEmailModal
Array
(
    [name] => saakian.vova.1985.13.9@list.ru
    [phone] => 81362637748
    [formname] => Обратная связь
)

------------------------

------------------------
27.12.2024 23:08:59
CallbackFormEmailModal
Array
(
    [name] => sevastyan.siyantsev@mail.ru
    [phone] => 82971516815
    [formname] => Обратная связь
)

------------------------

------------------------
27.12.2024 23:09:16
CallbackFormEmailModal
Array
(
    [name] => moiseevatoriya1993@bk.ru
    [phone] => 85459525961
    [formname] => Обратная связь
)

------------------------

------------------------
27.12.2024 23:09:27
CallbackFormEmailModal
Array
(
    [name] => combontsegal37@mail.ru
    [phone] => 88573979262
    [formname] => Обратная связь
)

------------------------

------------------------
27.12.2024 23:16:14
CallbackFormEmailModal
Array
(
    [name] => ramiraselezneva19908003@bk.ru
    [phone] => 84945899691
    [formname] => Обратная связь
)

------------------------

------------------------
27.12.2024 23:23:27
CallbackFormEmailModal
Array
(
    [name] => yulya.onipchenko.88@mail.ru
    [phone] => 84642328554
    [formname] => Обратная связь
)

------------------------
