
------------------------
15.02.2024 2:00:59
CallbackFormEmailModal
Array
(
    [name] => iyvuqave@b.youemailrety.com
    [phone] => 84279175359
    [formname] => Обратная связь
)

------------------------

------------------------
15.02.2024 3:11:09
CallbackFormEmailModal
Array
(
    [name] => lucido.leinteract@gmail.com
    [phone] => 82565483628
    [formname] => Обратная связь
)

------------------------

------------------------
15.02.2024 3:19:41
CallbackFormEmailModal
Array
(
    [name] => randallbowersatyq39@gmail.com
    [phone] => 89223378692
    [formname] => Обратная связь
)

------------------------

------------------------
15.02.2024 4:37:42
CallbackFormEmailModal
Array
(
    [name] => indomitowot@outlook.com
    [phone] => 87829673436
    [formname] => Обратная связь
)

------------------------

------------------------
15.02.2024 6:00:28
CallbackFormEmailModal
Array
(
    [name] => admc@veltec.in.ua
    [phone] => 82164594431
    [formname] => Обратная связь
)

------------------------

------------------------
15.02.2024 7:37:42
CallbackFormEmailModal
Array
(
    [name] => arkady.leonidovich@yandex.ru
    [phone] => 85199333543
    [formname] => Обратная связь
)

------------------------

------------------------
15.02.2024 7:44:34
CallbackFormEmailModal
Array
(
    [name] => lehenbauersuzie33z@hotmail.com
    [phone] => 81574412437
    [formname] => Обратная связь
)

------------------------

------------------------
15.02.2024 10:08:10
CallbackFormEmailModal
Array
(
    [name] => mikeKitGrishitty@gmail.com
    [phone] => 86966628167
    [formname] => Обратная связь
)

------------------------

------------------------
15.02.2024 10:48:43
CallbackFormEmailModal
Array
(
    [name] => galxe-bankk3tt@gmail.com
    [phone] => 89876633846
    [formname] => Обратная связь
)

------------------------

------------------------
15.02.2024 11:08:00
CallbackFormEmailModal
Array
(
    [name] => gugless.222@gmail.com
    [phone] => 85562154449
    [formname] => Обратная связь
)

------------------------

------------------------
15.02.2024 12:37:37
CallbackFormEmailModal
Array
(
    [name] => indomitowot@outlook.com
    [phone] => 87775462967
    [formname] => Обратная связь
)

------------------------

------------------------
15.02.2024 14:03:39
CallbackFormEmailModal
Array
(
    [name] => 13772@kwix.site
    [phone] => 82237971786
    [formname] => Обратная связь
)

------------------------

------------------------
15.02.2024 15:33:56
CallbackFormEmailModal
Array
(
    [name] => hqbpfnhunrvaug1976@onet.pl
    [phone] => 88661727261
    [formname] => Обратная связь
)

------------------------

------------------------
15.02.2024 17:36:31
CallbackFormEmailModal
Array
(
    [name] => aserboter@gmail.com
    [phone] => 81666545796
    [formname] => Обратная связь
)

------------------------

------------------------
15.02.2024 18:30:39
CallbackFormEmailModal
Array
(
    [name] => polina.sudakova.2024@mail.ru
    [phone] => 82476228211
    [formname] => Обратная связь
)

------------------------

------------------------
15.02.2024 18:38:00
CallbackFormEmailModal
Array
(
    [name] => corywilkinsonzplt17@gmail.com
    [phone] => 81132421634
    [formname] => Обратная связь
)

------------------------

------------------------
15.02.2024 21:22:47
CallbackFormEmailModal
Array
(
    [name] => indomitowot@outlook.com
    [phone] => 82793714754
    [formname] => Обратная связь
)

------------------------
