
------------------------
18.01.2024 1:29:53
CallbackFormEmailModal
Array
(
    [name] => indomitowot@outlook.com
    [phone] => 88243249826
    [formname] => Обратная связь
)

------------------------

------------------------
18.01.2024 1:36:09
CallbackFormEmailModal
Array
(
    [name] => blitudderi@mailcos.site

    [phone] => 87481622898
    [formname] => Обратная связь
)

------------------------

------------------------
18.01.2024 3:29:07
CallbackFormEmailModal
Array
(
    [name] => william17taylor02as@rambler.ru
    [phone] => 86976863469
    [formname] => Обратная связь
)

------------------------

------------------------
18.01.2024 3:54:27
CallbackFormEmailModal
Array
(
    [name] => tsrt03@atrimoney.site
    [phone] => 82542575687
    [formname] => Обратная связь
)

------------------------

------------------------
18.01.2024 4:29:27
CallbackFormEmailModal
Array
(
    [name] => david52taylor33as@rambler.ru
    [phone] => 83375811248
    [formname] => Обратная связь
)

------------------------

------------------------
18.01.2024 5:24:15
CallbackFormEmailModal
Array
(
    [name] => mikeKitGrishitty@gmail.com
    [phone] => 89469886384
    [formname] => Обратная связь
)

------------------------

------------------------
18.01.2024 9:40:56
CallbackFormEmailModal
Array
(
    [name] => ilia.fokinrwc@yandex.ru
    [phone] => 87285591622
    [formname] => Обратная связь
)

------------------------

------------------------
18.01.2024 11:02:59
CallbackFormEmailModal
Array
(
    [name] => brian65hill20as@rambler.ru
    [phone] => 85178318619
    [formname] => Обратная связь
)

------------------------

------------------------
18.01.2024 11:27:13
CallbackFormEmailModal
Array
(
    [name] => kqklw@course-fitness.com
    [phone] => 86444663114
    [formname] => Обратная связь
)

------------------------

------------------------
18.01.2024 11:54:44
CallbackFormEmailModal
Array
(
    [name] => indomitowot@outlook.com
    [phone] => 86456111539
    [formname] => Обратная связь
)

------------------------

------------------------
18.01.2024 13:55:19
CallbackFormEmailModal
Array
(
    [name] => paul55williams52as@rambler.ru
    [phone] => 82456672486
    [formname] => Обратная связь
)

------------------------

------------------------
18.01.2024 15:12:02
CallbackFormEmailModal
Array
(
    [name] => srwxfrjg@rambler.ru
    [phone] => 87443799999
    [formname] => Обратная связь
)

------------------------

------------------------
18.01.2024 15:27:27
CallbackFormEmailModal
Array
(
    [name] => indomitowot@outlook.com
    [phone] => 85347124678
    [formname] => Обратная связь
)

------------------------

------------------------
18.01.2024 20:49:50
CallbackFormEmailModal
Array
(
    [name] => rms-ekb@rambler.ru
    [phone] => 84497398878
    [formname] => Обратная связь
)

------------------------
