
------------------------
20.11.2024 2:55:33
CallbackFormEmailModal
Array
(
    [name] => amernisa1975@op.pl
    [phone] => 88691771271
    [formname] => Обратная связь
)

------------------------

------------------------
20.11.2024 4:21:38
CallbackFormEmailModal
Array
(
    [name] => clubeabtsawir1987@op.pl
    [phone] => 81461911991
    [formname] => Обратная связь
)

------------------------

------------------------
20.11.2024 7:17:04
CallbackFormEmailModal
Array
(
    [name] => kessappschizli1979@op.pl
    [phone] => 81825242334
    [formname] => Обратная связь
)

------------------------

------------------------
20.11.2024 8:49:23
CallbackFormEmailModal
Array
(
    [name] => ljusdukeeca1971@mail.ru
    [phone] => 81933271362
    [formname] => Обратная связь
)

------------------------

------------------------
20.11.2024 8:49:23
CallbackFormEmailModal
Array
(
    [name] => seimymavig1983@mail.ru
    [phone] => 87283571949
    [formname] => Обратная связь
)

------------------------

------------------------
20.11.2024 10:47:44
CallbackFormEmailModal
Array
(
    [name] => ksanfiizaicev1975637@mail.ru
    [phone] => 84833186475
    [formname] => Обратная связь
)

------------------------

------------------------
20.11.2024 10:59:06
CallbackFormEmailModal
Array
(
    [name] => postsaddtaliretneu@mail.ru
    [phone] => 87222235394
    [formname] => Обратная связь
)

------------------------

------------------------
20.11.2024 11:53:41
CallbackFormEmailModal
Array
(
    [name] => myualyuels@mail.ru
    [phone] => 88735892379
    [formname] => Обратная связь
)

------------------------

------------------------
20.11.2024 15:06:57
CallbackFormEmailModal
Array
(
    [name] => astremovastramirello@gmail.com
    [phone] => 88232779598
    [formname] => Обратная связь
)

------------------------

------------------------
20.11.2024 17:34:42
CallbackFormEmailModal
Array
(
    [name] => nadacottuobesnie@mail.ru
    [phone] => 86321269288
    [formname] => Обратная связь
)

------------------------

------------------------
20.11.2024 17:38:07
CallbackFormEmailModal
Array
(
    [name] => sheveleva-alisa@bk.ru
    [phone] => 85728754394
    [formname] => Обратная связь
)

------------------------

------------------------
20.11.2024 18:05:25
CallbackFormEmailModal
Array
(
    [name] => orlov.roman.1988.2.11@list.ru
    [phone] => 89457634565
    [formname] => Обратная связь
)

------------------------

------------------------
20.11.2024 18:06:20
CallbackFormEmailModal
Array
(
    [name] => ilya.igoshin.85@mail.ru
    [phone] => 87834543672
    [formname] => Обратная связь
)

------------------------

------------------------
20.11.2024 18:08:57
CallbackFormEmailModal
Array
(
    [name] => jisankape@list.ru
    [phone] => 81744913792
    [formname] => Обратная связь
)

------------------------

------------------------
20.11.2024 18:33:06
CallbackFormEmailModal
Array
(
    [name] => arturgorz2o3@bk.ru
    [phone] => 84887624995
    [formname] => Обратная связь
)

------------------------

------------------------
20.11.2024 18:33:11
CallbackFormEmailModal
Array
(
    [name] => vanephsaipremelca@mail.ru
    [phone] => 83211611864
    [formname] => Обратная связь
)

------------------------

------------------------
20.11.2024 18:33:14
CallbackFormEmailModal
Array
(
    [name] => gunlekingovertcon@mail.ru
    [phone] => 88477472865
    [formname] => Обратная связь
)

------------------------

------------------------
20.11.2024 18:45:29
CallbackFormEmailModal
Array
(
    [name] => ropolkingta@mail.ru
    [phone] => 82843944179
    [formname] => Обратная связь
)

------------------------

------------------------
20.11.2024 18:51:07
CallbackFormEmailModal
Array
(
    [name] => tremundeslay1981@mail.ru
    [phone] => 85555657883
    [formname] => Обратная связь
)

------------------------

------------------------
20.11.2024 18:51:09
CallbackFormEmailModal
Array
(
    [name] => quejudcatan1981@mail.ru
    [phone] => 85264757497
    [formname] => Обратная связь
)

------------------------

------------------------
20.11.2024 18:51:10
CallbackFormEmailModal
Array
(
    [name] => placnacidown1989@mail.ru
    [phone] => 86782432911
    [formname] => Обратная связь
)

------------------------

------------------------
20.11.2024 18:51:10
CallbackFormEmailModal
Array
(
    [name] => egorbmxik@mail.ru
    [phone] => 83942152212
    [formname] => Обратная связь
)

------------------------

------------------------
20.11.2024 18:54:47
CallbackFormEmailModal
Array
(
    [name] => woodbpurne1983@mail.ru
    [phone] => 88295655166
    [formname] => Обратная связь
)

------------------------

------------------------
20.11.2024 20:47:16
CallbackFormEmailModal
Array
(
    [name] => mamedov.edgar.1992.3.3@inbox.ru
    [phone] => 85212727377
    [formname] => Обратная связь
)

------------------------

------------------------
20.11.2024 21:08:30
CallbackFormEmailModal
Array
(
    [name] => zuyev-vadik@bk.ru
    [phone] => 87829698482
    [formname] => Обратная связь
)

------------------------

------------------------
20.11.2024 22:27:05
CallbackFormEmailModal
Array
(
    [name] => chofitensatomar@mail.ru
    [phone] => 87211851813
    [formname] => Обратная связь
)

------------------------

------------------------
20.11.2024 22:27:08
CallbackFormEmailModal
Array
(
    [name] => pencucon_97@mail.ru
    [phone] => 84737519439
    [formname] => Обратная связь
)

------------------------

------------------------
20.11.2024 22:27:08
CallbackFormEmailModal
Array
(
    [name] => zulay.morshnev1994@mail.ru
    [phone] => 81819635188
    [formname] => Обратная связь
)

------------------------

------------------------
20.11.2024 22:52:37
CallbackFormEmailModal
Array
(
    [name] => galya.usenko.63@mail.ru
    [phone] => 85349626676
    [formname] => Обратная связь
)

------------------------

------------------------
20.11.2024 23:38:53
CallbackFormEmailModal
Array
(
    [name] => agentofficial@shrooqconsultant.com
    [phone] => 82917715294
    [formname] => Обратная связь
)

------------------------
