
------------------------
05.02.2022 3:59:35
CallbackFormEmailModal
Array
(
    [name] => no-replysuinuts@gmail.com
    [phone] => 89788368912
    [formname] => Обратная связь
)

------------------------

------------------------
05.02.2022 23:13:02
CallbackFormEmailModal
Array
(
    [name] => akb.rusl@yandex.ru
    [phone] => 87755642253
    [formname] => Обратная связь
)

------------------------

------------------------
05.02.2022 23:56:08
CallbackFormEmailModal
Array
(
    [name] => vaidalovskajajulii1993@rambler.ru
    [phone] => 86764374966
    [formname] => Обратная связь
)

------------------------
