
------------------------
05.08.2022 0:08:59
CallbackFormEmailModal
Array
(
    [name] => M.MINDED.@HOTMAIL.COM
    [phone] => 89031843269
    [formname] => Обратная связь
)

------------------------

------------------------
05.08.2022 2:31:12
CallbackFormEmailModal
Array
(
    [name] => pradeepanc@hotmail.com
    [phone] => 89031814358
    [formname] => Обратная связь
)

------------------------

------------------------
05.08.2022 3:16:27
CallbackFormEmailModal
Array
(
    [name] => Gianl811@msn.com
    [phone] => 89032430052
    [formname] => Обратная связь
)

------------------------

------------------------
05.08.2022 5:39:28
CallbackFormEmailModal
Array
(
    [name] => georgia196188@yahoo.com
    [phone] => 89037604476
    [formname] => Обратная связь
)

------------------------

------------------------
05.08.2022 8:01:53
CallbackFormEmailModal
Array
(
    [name] => jenniferdecarlo@yahoo.com
    [phone] => 89032616432
    [formname] => Обратная связь
)

------------------------

------------------------
05.08.2022 10:22:03
CallbackFormEmailModal
Array
(
    [name] => neko.chan575@gmail.com
    [phone] => 89034665144
    [formname] => Обратная связь
)

------------------------

------------------------
05.08.2022 12:42:57
CallbackFormEmailModal
Array
(
    [name] => rakesh06rana@yahoo.com
    [phone] => 89033761482
    [formname] => Обратная связь
)

------------------------

------------------------
05.08.2022 15:03:58
CallbackFormEmailModal
Array
(
    [name] => bridgetroseperson@gmail.com
    [phone] => 89039018997
    [formname] => Обратная связь
)

------------------------

------------------------
05.08.2022 17:25:08
CallbackFormEmailModal
Array
(
    [name] => lulu.holzer@gmx.net
    [phone] => 89036296854
    [formname] => Обратная связь
)

------------------------

------------------------
05.08.2022 19:46:19
CallbackFormEmailModal
Array
(
    [name] => jungh2yun@yahoo.com
    [phone] => 89032519293
    [formname] => Обратная связь
)

------------------------

------------------------
05.08.2022 21:57:40
CallbackFormEmailModal
Array
(
    [name] => mailpetrov80@mail.ru
    [phone] => +71231234567
    [formname] => Обратная связь
)

------------------------

------------------------
05.08.2022 22:07:07
CallbackFormEmailModal
Array
(
    [name] => Carylec@frontiernet.net
    [phone] => 89039089145
    [formname] => Обратная связь
)

------------------------
