
------------------------
23.09.2024 2:04:44
CallbackFormEmailModal
Array
(
    [name] => mef@cocaine-moscow-russia.shop
    [phone] => 82577293878
    [formname] => Обратная связь
)

------------------------

------------------------
23.09.2024 3:09:07
CallbackFormEmailModal
Array
(
    [name] => werso040iu@rambler.ru
    [phone] => 86648383538
    [formname] => Обратная связь
)

------------------------

------------------------
23.09.2024 3:17:00
CallbackFormEmailModal
Array
(
    [name] => kprjtlcshel@rudiplomust.com
    [phone] => 89645646119
    [formname] => Обратная связь
)

------------------------

------------------------
23.09.2024 3:52:29
CallbackFormEmailModal
Array
(
    [name] => ythpkktisel@rudiplomust.com
    [phone] => 83467945993
    [formname] => Обратная связь
)

------------------------

------------------------
23.09.2024 5:47:05
CallbackFormEmailModal
Array
(
    [name] => uwqhnsuwiel@rudiplomust.com
    [phone] => 88391398637
    [formname] => Обратная связь
)

------------------------

------------------------
23.09.2024 7:00:18
CallbackFormEmailModal
Array
(
    [name] => bveavwcjkka@rudiplomust.com
    [phone] => 82597922161
    [formname] => Обратная связь
)

------------------------

------------------------
23.09.2024 9:18:40
CallbackFormEmailModal
Array
(
    [name] => koks@cocaine-moscow-russia.shop
    [phone] => 87517463567
    [formname] => Обратная связь
)

------------------------

------------------------
23.09.2024 9:40:00
CallbackFormEmailModal
Array
(
    [name] => maximbelov00@gmail.com
    [phone] => 83353446821
    [formname] => Обратная связь
)

------------------------

------------------------
23.09.2024 11:23:36
CallbackFormEmailModal
Array
(
    [name] => dfgdfhdgd@gmail.com
    [phone] => 81951573769
    [formname] => Обратная связь
)

------------------------

------------------------
23.09.2024 14:03:23
CallbackFormEmailModal
Array
(
    [name] => yrkurvleeel@rudiplomust.com
    [phone] => 82781933362
    [formname] => Обратная связь
)

------------------------

------------------------
23.09.2024 14:26:45
CallbackFormEmailModal
Array
(
    [name] => riatwigawex1987@op.pl
    [phone] => 84917114339
    [formname] => Обратная связь
)

------------------------

------------------------
23.09.2024 15:11:36
CallbackFormEmailModal
Array
(
    [name] => nounrigima1975@op.pl
    [phone] => 87455818895
    [formname] => Обратная связь
)

------------------------

------------------------
23.09.2024 15:23:33
CallbackFormEmailModal
Array
(
    [name] => leifwoolbright1984@mailsdomens.com
    [phone] => 85363841217
    [formname] => Обратная связь
)

------------------------

------------------------
23.09.2024 15:57:30
CallbackFormEmailModal
Array
(
    [name] => ovdethgeotu1989@op.pl
    [phone] => 83246869567
    [formname] => Обратная связь
)

------------------------

------------------------
23.09.2024 17:03:28
Order
Array
(
    [name] => Евгений 
    [email] => bev.zakup@gmail.com
    [phone] => +7-796-334-3933
    [comment] => Трап Mini Wm 150 с вертикальным отводом DN50, кол-во: 1, цена: 4350руб.
Способ доставки: Доставка автотранспортом поставщика
Выберите способ оплаты: Оплата наличным
Адрес доставки: ул Рабочая, д 2А к 12

Комментарий к заказу: 

    [formname] => Заказ из корзины
    [fields] => Array
        (
            [price] => 8700
        )

)

------------------------

------------------------
23.09.2024 17:39:38
CallbackFormEmailModal
Array
(
    [name] => ahmamaret1988@op.pl
    [phone] => 89268395282
    [formname] => Обратная связь
)

------------------------

------------------------
23.09.2024 18:36:11
CallbackFormEmailModal
Array
(
    [name] => pandehobar1973@op.pl
    [phone] => 82982967712
    [formname] => Обратная связь
)

------------------------

------------------------
23.09.2024 20:02:02
CallbackFormEmailModal
Array
(
    [name] => aidesty.cybeasp459@mail.ru
    [phone] => 82643232187
    [formname] => Обратная связь
)

------------------------

------------------------
23.09.2024 20:40:50
CallbackFormEmailModal
Array
(
    [name] => topnewsagency@bbcworldnewstoday.com
    [phone] => 84272483944
    [formname] => Обратная связь
)

------------------------

------------------------
23.09.2024 23:05:58
CallbackFormEmailModal
Array
(
    [name] => ivan321moscow@gmail.com
    [phone] => 86968544188
    [formname] => Обратная связь
)

------------------------
