
------------------------
18.06.2025 0:46:48
CallbackFormEmailModal
Array
(
    [name] => yawiviseya67@gmail.com
    [phone] => 85284363168
    [formname] => Обратная связь
)

------------------------

------------------------
18.06.2025 1:37:58
CallbackFormEmailModal
Array
(
    [name] => yourmail@gmail.com
    [phone] => 86956313249
    [formname] => Обратная связь
)

------------------------

------------------------
18.06.2025 1:54:46
CallbackFormEmailModal
Array
(
    [name] => perrettcornalss@anonmails.de
    [phone] => 84958796693
    [formname] => Обратная связь
)

------------------------

------------------------
18.06.2025 4:36:49
CallbackFormEmailModal
Array
(
    [name] => test@gmail.com
    [phone] => 84754762781
    [formname] => Обратная связь
)

------------------------

------------------------
18.06.2025 6:49:03
CallbackFormEmailModal
Array
(
    [name] => info@creamarketing.ru
    [phone] => 81562591218
    [formname] => Обратная связь
)

------------------------

------------------------
18.06.2025 10:21:05
CallbackFormEmailModal
Array
(
    [name] => mariequast1998@gmx.at
    [phone] => 89328737442
    [formname] => Обратная связь
)

------------------------

------------------------
18.06.2025 16:56:14
CallbackFormEmailModal
Array
(
    [name] => service@ozonestore24.com
    [phone] => 82773236984
    [formname] => Обратная связь
)

------------------------

------------------------
18.06.2025 21:17:36
CallbackFormEmailModal
Array
(
    [name] => seoseaspace@gmail.com
    [phone] => 81281944788
    [formname] => Обратная связь
)

------------------------

------------------------
18.06.2025 23:33:00
CallbackFormEmailModal
Array
(
    [name] => yandexmarket@anonmails.de
    [phone] => 87983221464
    [formname] => Обратная связь
)

------------------------

------------------------
18.06.2025 23:38:19
CallbackFormEmailModal
Array
(
    [name] => m65940083@gmail.com
    [phone] => 83828258876
    [formname] => Обратная связь
)

------------------------
