
------------------------
08.07.2023 3:24:47
CallbackFormEmailModal
Array
(
    [name] => iconic+Tag@iconicompany.com
    [phone] => 89867888242
    [formname] => Обратная связь
)

------------------------

------------------------
08.07.2023 9:51:46
CallbackFormEmailModal
Array
(
    [name] => werso058300iu@rambler.ru
    [phone] => 87916594114
    [formname] => Обратная связь
)

------------------------

------------------------
08.07.2023 12:13:10
CallbackFormEmailModal
Array
(
    [name] => immnfqpnm@ertilenvire.online
    [phone] => 88366884923
    [formname] => Обратная связь
)

------------------------

------------------------
08.07.2023 12:37:55
CallbackFormEmailModal
Array
(
    [name] => yourmail@gmail.com
    [phone] => 86957838942
    [formname] => Обратная связь
)

------------------------

------------------------
08.07.2023 16:44:31
CallbackFormEmailModal
Array
(
    [name] => medfishrib@rambler.ru
    [phone] => 82365366146
    [formname] => Обратная связь
)

------------------------

------------------------
08.07.2023 18:48:15
CallbackFormEmailModal
Array
(
    [name] => jorjerk58@outlook.com
    [phone] => 81218491765
    [formname] => Обратная связь
)

------------------------

------------------------
08.07.2023 22:52:43
CallbackFormEmailModal
Array
(
    [name] => Clyde Mccloud
    [phone] => 070 1300 9049
    [formname] => Обратная связь
)

------------------------
