
------------------------
01.03.2024 0:09:59
CallbackFormEmailModal
Array
(
    [name] => indomitowot@outlook.com
    [phone] => 81784549259
    [formname] => Обратная связь
)

------------------------

------------------------
01.03.2024 1:24:17
CallbackFormEmailModal
Array
(
    [name] => pressrelease@jackpotbetonline.com
    [phone] => 81994641433
    [formname] => Обратная связь
)

------------------------

------------------------
01.03.2024 2:42:20
CallbackFormEmailModal
Array
(
    [name] => gelygri@gmail.com
    [phone] => 84668374152
    [formname] => Обратная связь
)

------------------------

------------------------
01.03.2024 2:56:52
CallbackFormEmailModal
Array
(
    [name] => jeffnguyen55025@outlook.com
    [phone] => 89626532652
    [formname] => Обратная связь
)

------------------------

------------------------
01.03.2024 4:43:31
CallbackFormEmailModal
Array
(
    [name] => forum202429@outlook.com
    [phone] => 89126459855
    [formname] => Обратная связь
)

------------------------

------------------------
01.03.2024 5:48:35
CallbackFormEmailModal
Array
(
    [name] => s4ntosj0hn@yandex.kz
    [phone] => 88897826163
    [formname] => Обратная связь
)

------------------------

------------------------
01.03.2024 6:34:16
CallbackFormEmailModal
Array
(
    [name] => tr.i.s.s.sss.s.s.niti.@gmail.com
    [phone] => 82946624586
    [formname] => Обратная связь
)

------------------------

------------------------
01.03.2024 8:21:32
CallbackFormEmailModal
Array
(
    [name] => chanellelowen14@gmail.com
    [phone] => 85888726985
    [formname] => Обратная связь
)

------------------------

------------------------
01.03.2024 9:03:55
CallbackFormEmailModal
Array
(
    [name] => barrycache9381@gmail.com
    [phone] => 81178632596
    [formname] => Обратная связь
)

------------------------

------------------------
01.03.2024 10:35:03
CallbackFormEmailModal
Array
(
    [name] => indomitowot@outlook.com
    [phone] => 89184177426
    [formname] => Обратная связь
)

------------------------

------------------------
01.03.2024 11:38:52
CallbackFormEmailModal
Array
(
    [name] => dmitriypushkarev12@gmail.com
    [phone] => 85228752766
    [formname] => Обратная связь
)

------------------------

------------------------
01.03.2024 12:11:35
CallbackFormEmailModal
Array
(
    [name] => aq26aqa@rambler.ru
    [phone] => 83653953472
    [formname] => Обратная связь
)

------------------------

------------------------
01.03.2024 12:15:38
CallbackFormEmailModal
Array
(
    [name] => lucido.leinteract@gmail.com
    [phone] => 82884248229
    [formname] => Обратная связь
)

------------------------

------------------------
01.03.2024 12:39:40
CallbackFormEmailModal
Array
(
    [name] => 56nbnnfbd32323@atrimoney.site
    [phone] => 89452488165
    [formname] => Обратная связь
)

------------------------

------------------------
01.03.2024 20:10:56
CallbackFormEmailModal
Array
(
    [name] => alina_konovalova_1987@inbox.ru
    [phone] => 88345956383
    [formname] => Обратная связь
)

------------------------
