
------------------------
17.10.2024 0:11:33
CallbackFormEmailModal
Array
(
    [name] => xrumer23Kip@gmail.com
    [phone] => 85871432446
    [formname] => Обратная связь
)

------------------------

------------------------
17.10.2024 0:39:06
CallbackFormEmailModal
Array
(
    [name] => jeandavies1998@mails-go.online
    [phone] => 84417513826
    [formname] => Обратная связь
)

------------------------

------------------------
17.10.2024 3:08:54
CallbackFormEmailModal
Array
(
    [name] => dbahsgcfeel@rudiplomust.com
    [phone] => 87671141275
    [formname] => Обратная связь
)

------------------------

------------------------
17.10.2024 3:24:33
CallbackFormEmailModal
Array
(
    [name] => sarahspowerwashing@phoenixseomasters.com
    [phone] => 83772782425
    [formname] => Обратная связь
)

------------------------

------------------------
17.10.2024 4:28:54
CallbackFormEmailModal
Array
(
    [name] => ofice@mostbetcasinokazakhstan.com.kz
    [phone] => 86893642171
    [formname] => Обратная связь
)

------------------------

------------------------
17.10.2024 4:51:23
CallbackFormEmailModal
Array
(
    [name] => rtpfvtivcel@rudiplomust.com
    [phone] => 85894691573
    [formname] => Обратная связь
)

------------------------

------------------------
17.10.2024 5:45:08
CallbackFormEmailModal
Array
(
    [name] => gulbiz777@gmail.com
    [phone] => 85281844226
    [formname] => Обратная связь
)

------------------------

------------------------
17.10.2024 6:15:12
CallbackFormEmailModal
Array
(
    [name] => progon@progon.fun
    [phone] => 82479617487
    [formname] => Обратная связь
)

------------------------

------------------------
17.10.2024 6:53:32
CallbackFormEmailModal
Array
(
    [name] => ibucezevuda439@gmail.com
    [phone] => 88573451354
    [formname] => Обратная связь
)

------------------------

------------------------
17.10.2024 8:00:01
CallbackFormEmailModal
Array
(
    [name] => arara@gmai.com
    [phone] => 84823486544
    [formname] => Обратная связь
)

------------------------

------------------------
17.10.2024 8:09:27
CallbackFormEmailModal
Array
(
    [name] => cvciqvhweel@rudiplomust.com
    [phone] => 86643119662
    [formname] => Обратная связь
)

------------------------

------------------------
17.10.2024 8:41:10
CallbackFormEmailModal
Array
(
    [name] => sabrinaablezova35@gmail.com
    [phone] => 88282542737
    [formname] => Обратная связь
)

------------------------

------------------------
17.10.2024 12:56:24
Order
Array
(
    [name] => Ульянов Андрей Юрьевич 
    [email] => 
    [phone] => +7-985-353-9444
    [comment] => Сварной  настил SP 34х38/30х2 Zn 1000х1000 мм, кол-во: 1, цена: 3850руб.
Способ доставки: Доставка автотранспортом поставщика
Выберите способ оплаты: Оплата наличным
Адрес доставки: Москва, улица Борисовские Пруды, 31с11 

Комментарий к заказу: 

    [formname] => Заказ из корзины
    [fields] => Array
        (
            [price] => 3850
        )

)

------------------------

------------------------
17.10.2024 14:14:05
CallbackFormEmailModal
Array
(
    [name] => gulbiz777@gmail.com
    [phone] => 81798948827
    [formname] => Обратная связь
)

------------------------

------------------------
17.10.2024 16:31:10
Order
Array
(
    [name] => Ульянов Андрей Юрьевич 
    [email] => cska.andrey26@yandex.ru
    [phone] => +7-999-827-6296
    [comment] => Сварной  настил SP 34х38/30х2 Zn 1000х1000 мм, кол-во: 1, цена: 3850руб.
Способ доставки: Доставка автотранспортом поставщика
Выберите способ оплаты: Оплата на расчетный счет организации
Адрес доставки: Москва, улица Борисовские Пруды, 31с11 

Комментарий к заказу: 

    [formname] => Заказ из корзины
    [fields] => Array
        (
            [price] => 3850
        )

)

------------------------

------------------------
17.10.2024 18:50:20
CallbackFormEmailModal
Array
(
    [name] => fipvnfjcgel@rudiplomust.com
    [phone] => 81915391288
    [formname] => Обратная связь
)

------------------------

------------------------
17.10.2024 18:50:58
CallbackFormEmailModal
Array
(
    [name] => gulbiz777@gmail.com
    [phone] => 88327818191
    [formname] => Обратная связь
)

------------------------

------------------------
17.10.2024 18:54:33
CallbackFormEmailModal
Array
(
    [name] => sale@mostbetua.kiev.ua
    [phone] => 84677911495
    [formname] => Обратная связь
)

------------------------

------------------------
17.10.2024 20:00:40
CallbackFormEmailModal
Array
(
    [name] => admin@kmspico.me
    [phone] => 86479645536
    [formname] => Обратная связь
)

------------------------

------------------------
17.10.2024 20:31:40
CallbackFormEmailModal
Array
(
    [name] => ceblpvnviel@rudiplomust.com
    [phone] => 87939599954
    [formname] => Обратная связь
)

------------------------

------------------------
17.10.2024 21:36:28
CallbackFormEmailModal
Array
(
    [name] => junesenicke@gmail.com
    [phone] => 86763538365
    [formname] => Обратная связь
)

------------------------

------------------------
17.10.2024 23:22:53
CallbackFormEmailModal
Array
(
    [name] => xtdijezkiel@rudiplomust.com
    [phone] => 81115471649
    [formname] => Обратная связь
)

------------------------

------------------------
17.10.2024 23:49:29
CallbackFormEmailModal
Array
(
    [name] => lfecnwzbjel@rudiplomust.com
    [phone] => 86813552456
    [formname] => Обратная связь
)

------------------------
