
------------------------
24.07.2022 6:02:09
CallbackFormEmailModal
Array
(
    [name] => sahanamedia360@gmail.com
    [phone] => 89033966929
    [formname] => Обратная связь
)

------------------------

------------------------
24.07.2022 14:23:56
CallbackFormEmailModal
Array
(
    [name] => carlyatkission@yahoo.com
    [phone] => 89033090646
    [formname] => Обратная связь
)

------------------------

------------------------
24.07.2022 17:22:04
CallbackFormEmailModal
Array
(
    [name] => natalialopy@mail.com
    [phone] => +40 2836107772
    [formname] => Обратная связь
)

------------------------

------------------------
24.07.2022 18:33:17
CallbackFormEmailModal
Array
(
    [name] => sweet_ti757@yahoo.com
    [phone] => 89036755452
    [formname] => Обратная связь
)

------------------------

------------------------
24.07.2022 22:45:55
CallbackFormEmailModal
Array
(
    [name] => tallodia@pillsellr.com
    [phone] => 89031115702
    [formname] => Обратная связь
)

------------------------
