
------------------------
19.02.2025 2:37:18
CallbackFormEmailModal
Array
(
    [name] => zdsofzhipel@rudiplomust.com
    [phone] => 87145665384
    [formname] => Обратная связь
)

------------------------

------------------------
19.02.2025 2:46:01
CallbackFormEmailModal
Array
(
    [name] => fomndmxdael@rudiplomust.com
    [phone] => 81426955414
    [formname] => Обратная связь
)

------------------------

------------------------
19.02.2025 2:58:40
CallbackFormEmailModal
Array
(
    [name] => awvududqpa@rambler.ru
    [phone] => 81175861711
    [formname] => Обратная связь
)

------------------------

------------------------
19.02.2025 3:31:04
CallbackFormEmailModal
Array
(
    [name] => qgilciaihel@rudiplomust.com
    [phone] => 82316351792
    [formname] => Обратная связь
)

------------------------

------------------------
19.02.2025 6:13:16
CallbackFormEmailModal
Array
(
    [name] => rockcountuno1982@op.pl
    [phone] => 88823555667
    [formname] => Обратная связь
)

------------------------

------------------------
19.02.2025 6:19:16
CallbackFormEmailModal
Array
(
    [name] => sergowork.ing71.8@gmail.com
    [phone] => 89567917252
    [formname] => Обратная связь
)

------------------------

------------------------
19.02.2025 7:07:39
CallbackFormEmailModal
Array
(
    [name] => lojgkzxjpel@rudiplomust.com
    [phone] => 87955352518
    [formname] => Обратная связь
)

------------------------

------------------------
19.02.2025 7:55:56
CallbackFormEmailModal
Array
(
    [name] => oxififiocei@rudiplomust.com
    [phone] => 85425357729
    [formname] => Обратная связь
)

------------------------

------------------------
19.02.2025 9:15:18
CallbackFormEmailModal
Array
(
    [name] => blackseodoorway@vk.com
    [phone] => 87979148528
    [formname] => Обратная связь
)

------------------------

------------------------
19.02.2025 9:15:36
CallbackFormEmailModal
Array
(
    [name] => rodionoverik1735@mail.ru
    [phone] => 87813771298
    [formname] => Обратная связь
)

------------------------

------------------------
19.02.2025 9:17:30
CallbackFormEmailModal
Array
(
    [name] => taelivihohtoca@mail.ru
    [phone] => 87595928692
    [formname] => Обратная связь
)

------------------------

------------------------
19.02.2025 10:09:37
CallbackFormEmailModal
Array
(
    [name] => tacusol-6816@mail.ru
    [phone] => 84123932318
    [formname] => Обратная связь
)

------------------------

------------------------
19.02.2025 11:57:19
CallbackFormEmailModal
Array
(
    [name] => ropolkingta@mail.ru
    [phone] => 88492436615
    [formname] => Обратная связь
)

------------------------

------------------------
19.02.2025 14:12:21
Order
Array
(
    [name] => Гришковец Игорь Александрович
    [email] => bsn17968@gmail.com
    [phone] => +7-375-445-8463
    [comment] => Прессованный  настил P 33х33/30х3 Zn 1000х1000 мм, кол-во: 1, цена: 6160руб.
Способ доставки: Самовывоз со склада
Выберите способ оплаты: Оплата на расчетный счет организации

Комментарий к заказу: 
+375445846380
настил по указанной стоимости 11 шт
    [formname] => Заказ из корзины
    [fields] => Array
        (
            [price] => 67760
        )

)

------------------------

------------------------
19.02.2025 14:40:21
CallbackFormEmailModal
Array
(
    [name] => gwlihgulqel@rudiplomust.com
    [phone] => 87611235625
    [formname] => Обратная связь
)

------------------------

------------------------
19.02.2025 14:49:25
CallbackFormEmailModal
Array
(
    [name] => onjlvxdswel@rudiplomust.com
    [phone] => 83448485527
    [formname] => Обратная связь
)

------------------------

------------------------
19.02.2025 14:58:03
CallbackFormEmailModal
Array
(
    [name] => udhooosfxel@rudiplomust.com
    [phone] => 84879652867
    [formname] => Обратная связь
)

------------------------

------------------------
19.02.2025 17:46:33
CallbackFormEmailModal
Array
(
    [name] => lhopwalfpka@rudiplomust.com
    [phone] => 86812768466
    [formname] => Обратная связь
)

------------------------

------------------------
19.02.2025 18:15:39
CallbackFormEmailModal
Array
(
    [name] => nsiwkdquvel@rudiplomust.com
    [phone] => 81573731159
    [formname] => Обратная связь
)

------------------------

------------------------
19.02.2025 19:19:03
CallbackFormEmailModal
Array
(
    [name] => mccuien.claborn@madu58.funny3delements.com 
    [phone] => 88659738312
    [formname] => Обратная связь
)

------------------------

------------------------
19.02.2025 19:34:50
CallbackFormEmailModal
Array
(
    [name] => vknvfyebuel@rudiplomust.com
    [phone] => 87522189674
    [formname] => Обратная связь
)

------------------------

------------------------
19.02.2025 20:11:19
CallbackFormEmailModal
Array
(
    [name] => alexpopov3453@gmail.com
    [phone] => 87481936181
    [formname] => Обратная связь
)

------------------------

------------------------
19.02.2025 20:36:59
CallbackFormEmailModal
Array
(
    [name] => jelwowporel@rudiplomust.com
    [phone] => 81364615818
    [formname] => Обратная связь
)

------------------------

------------------------
19.02.2025 21:16:49
CallbackFormEmailModal
Array
(
    [name] => mvcjivtshel@rudiplomust.com
    [phone] => 88659742441
    [formname] => Обратная связь
)

------------------------

------------------------
19.02.2025 22:19:25
CallbackFormEmailModal
Array
(
    [name] => ccogrcvwtel@rudiplomust.com
    [phone] => 86272154216
    [formname] => Обратная связь
)

------------------------

------------------------
19.02.2025 22:24:21
CallbackFormEmailModal
Array
(
    [name] => pjzwupftvKt@rudiplomust.com
    [phone] => 83823782869
    [formname] => Обратная связь
)

------------------------

------------------------
19.02.2025 22:30:53
CallbackFormEmailModal
Array
(
    [name] => ocopesuq299@gmail.com
    [phone] => 84393448292
    [formname] => Обратная связь
)

------------------------
