
------------------------
28.08.2025 0:37:53
CallbackFormEmailModal
Array
(
    [name] => freddievab@inboxgate.rest
    [phone] => 81331195293
    [formname] => Обратная связь
)

------------------------

------------------------
28.08.2025 2:59:38
CallbackFormEmailModal
Array
(
    [name] => rewgerwgerg@gmail.com
    [phone] => 84736427928
    [formname] => Обратная связь
)

------------------------

------------------------
28.08.2025 3:12:12
CallbackFormEmailModal
Array
(
    [name] => info@chaz-ewrazia.ru
    [phone] => +71231234567
    [formname] => Обратная связь
)

------------------------

------------------------
28.08.2025 5:32:58
CallbackFormEmailModal
Array
(
    [name] => Seth Allred
    [phone] => Italy
    [formname] => Обратная связь
)

------------------------

------------------------
28.08.2025 7:18:01
CallbackFormEmailModal
Array
(
    [name] => varvara.nikolaeva.23.8.1964@mail.ru
    [phone] => 85655281228
    [formname] => Обратная связь
)

------------------------

------------------------
28.08.2025 7:38:18
CallbackFormEmailModal
Array
(
    [name] => aleksandrrapeka@mail.ru
    [phone] => 84262712647
    [formname] => Обратная связь
)

------------------------

------------------------
28.08.2025 7:44:49
CallbackFormEmailModal
Array
(
    [name] => nomin.momin+482g5@mail.ru
    [phone] => 82215644945
    [formname] => Обратная связь
)

------------------------

------------------------
28.08.2025 7:44:53
CallbackFormEmailModal
Array
(
    [name] => nutradiets1@anonmails.de
    [phone] => 81563995165
    [formname] => Обратная связь
)

------------------------

------------------------
28.08.2025 10:06:20
CallbackFormEmailModal
Array
(
    [name] => htorzkey@ronaldofmail.com
    [phone] => 81284198877
    [formname] => Обратная связь
)

------------------------

------------------------
28.08.2025 10:32:52
CallbackFormEmailModal
Array
(
    [name] => nutradiets1@anonmails.de
    [phone] => 87498733728
    [formname] => Обратная связь
)

------------------------

------------------------
28.08.2025 12:30:38
CallbackFormEmailModal
Array
(
    [name] => Stephania Halverson
    [phone] => Italy
    [formname] => Обратная связь
)

------------------------

------------------------
28.08.2025 13:33:00
CallbackFormEmailModal
Array
(
    [name] => tipanasotemthia@mail.ru
    [phone] => 89928361998
    [formname] => Обратная связь
)

------------------------

------------------------
28.08.2025 13:39:05
CallbackFormEmailModal
Array
(
    [name] => Malorie Scutt
    [phone] => Netherlands
    [formname] => Обратная связь
)

------------------------

------------------------
28.08.2025 14:04:23
CallbackFormEmailModal
Array
(
    [name] => udhepzar@streetwormail.com
    [phone] => 87183647273
    [formname] => Обратная связь
)

------------------------

------------------------
28.08.2025 14:22:54
CallbackFormEmailModal
Array
(
    [name] => valentin.vinokurov.12.6.1968@mail.ru
    [phone] => 89689854217
    [formname] => Обратная связь
)

------------------------

------------------------
28.08.2025 14:27:45
CallbackFormEmailModal
Array
(
    [name] => mamedov.edgar.1992.3.3@inbox.ru
    [phone] => 84944836623
    [formname] => Обратная связь
)

------------------------

------------------------
28.08.2025 14:43:50
CallbackFormEmailModal
Array
(
    [name] => karzhavinvenegard@mail.ru
    [phone] => 89276287586
    [formname] => Обратная связь
)

------------------------

------------------------
28.08.2025 14:45:09
CallbackFormEmailModal
Array
(
    [name] => gendraducanprohbay@mail.ru
    [phone] => 88846488149
    [formname] => Обратная связь
)

------------------------

------------------------
28.08.2025 14:46:35
CallbackFormEmailModal
Array
(
    [name] => laisumake186@mail.ru
    [phone] => 82466381367
    [formname] => Обратная связь
)

------------------------

------------------------
28.08.2025 14:47:53
CallbackFormEmailModal
Array
(
    [name] => adv@iartun.com
    [phone] => 86686737869
    [formname] => Обратная связь
)

------------------------

------------------------
28.08.2025 14:49:10
CallbackFormEmailModal
Array
(
    [name] => pestovafivr1985@mail.ru
    [phone] => 87521745161
    [formname] => Обратная связь
)

------------------------

------------------------
28.08.2025 14:52:09
CallbackFormEmailModal
Array
(
    [name] => velislavjichastov1986@mail.ru
    [phone] => 85297892387
    [formname] => Обратная связь
)

------------------------

------------------------
28.08.2025 15:09:50
CallbackFormEmailModal
Array
(
    [name] => dorofeyavinogradova199056@mail.ru
    [phone] => 82972889569
    [formname] => Обратная связь
)

------------------------

------------------------
28.08.2025 15:17:34
CallbackFormEmailModal
Array
(
    [name] => eprovbelwha@mail.ru
    [phone] => 84393779174
    [formname] => Обратная связь
)

------------------------

------------------------
28.08.2025 15:24:47
CallbackFormEmailModal
Array
(
    [name] => lashawndaqkpuc@mail.ru
    [phone] => 83719867574
    [formname] => Обратная связь
)

------------------------

------------------------
28.08.2025 15:35:24
CallbackFormEmailModal
Array
(
    [name] => pencucon_97@mail.ru
    [phone] => 83534995262
    [formname] => Обратная связь
)

------------------------

------------------------
28.08.2025 17:20:28
CallbackFormEmailModal
Array
(
    [name] => israelsp@club-casino.ru
    [phone] => 89459856381
    [formname] => Обратная связь
)

------------------------

------------------------
28.08.2025 18:20:05
CallbackFormEmailModal
Array
(
    [name] => tgmwdsrg@wildbmail.com
    [phone] => 84975415231
    [formname] => Обратная связь
)

------------------------

------------------------
28.08.2025 19:11:23
CallbackFormEmailModal
Array
(
    [name] => zhuqtkgi@ronaldofmail.com
    [phone] => 81721472875
    [formname] => Обратная связь
)

------------------------

------------------------
28.08.2025 22:31:29
CallbackFormEmailModal
Array
(
    [name] => bobbyFar@mail.ru
    [phone] => 88166861376
    [formname] => Обратная связь
)

------------------------
