
------------------------
15.11.2023 0:10:45
CallbackFormEmailModal
Array
(
    [name] => alfredegov@gmail.com
    [phone] => 81445963245
    [formname] => Обратная связь
)

------------------------

------------------------
15.11.2023 7:55:07
CallbackFormEmailModal
Array
(
    [name] => barcelona@espana.gold
    [phone] => 84858259736
    [formname] => Обратная связь
)

------------------------

------------------------
15.11.2023 8:06:53
CallbackFormEmailModal
Array
(
    [name] => vqjhobrt@mail.ru
    [phone] => +791234567411
    [formname] => Обратная связь
)

------------------------

------------------------
15.11.2023 8:15:29
CallbackFormEmailModal
Array
(
    [name] => dz208@atrimoney.site
    [phone] => 87329233452
    [formname] => Обратная связь
)

------------------------

------------------------
15.11.2023 9:01:51
CallbackFormEmailModal
Array
(
    [name] => alexpopov716253@gmail.com
    [phone] => 85886923929
    [formname] => Обратная связь
)

------------------------

------------------------
15.11.2023 10:18:40
CallbackFormEmailModal
Array
(
    [name] => kenneth41nelson25as@rambler.ru
    [phone] => 84249594324
    [formname] => Обратная связь
)

------------------------

------------------------
15.11.2023 14:08:23
CallbackFormEmailModal
Array
(
    [name] => iz2121212@atrimoney.site
    [phone] => 82313137995
    [formname] => Обратная связь
)

------------------------

------------------------
15.11.2023 18:00:14
CallbackFormEmailModal
Array
(
    [name] => thomas32allen07as@rambler.ru
    [phone] => 83191435717
    [formname] => Обратная связь
)

------------------------

------------------------
15.11.2023 19:31:54
CallbackFormEmailModal
Array
(
    [name] => h3tja81r06ihdhl@rambler.ru
    [phone] => 81569478384
    [formname] => Обратная связь
)

------------------------

------------------------
15.11.2023 22:08:24
CallbackFormEmailModal
Array
(
    [name] => karinaRab@persnofinance.com
    [phone] => 81392843819
    [formname] => Обратная связь
)

------------------------

------------------------
15.11.2023 23:22:44
CallbackFormEmailModal
Array
(
    [name] => nannyastha98@rambler.ru
    [phone] => 87493445473
    [formname] => Обратная связь
)

------------------------
