
------------------------
23.08.2025 0:45:46
CallbackFormEmailModal
Array
(
    [name] => okonnyymaster@rambler.ru
    [phone] => 89387957216
    [formname] => Обратная связь
)

------------------------

------------------------
23.08.2025 2:19:52
CallbackFormEmailModal
Array
(
    [name] => sergowor.king.7.18@gmail.com
    [phone] => 84653416125
    [formname] => Обратная связь
)

------------------------

------------------------
23.08.2025 2:19:57
CallbackFormEmailModal
Array
(
    [name] => sukhoparaa00@inbox.ru
    [phone] => 81776415334
    [formname] => Обратная связь
)

------------------------

------------------------
23.08.2025 3:18:38
CallbackFormEmailModal
Array
(
    [name] => nutradiets1@anonmails.de
    [phone] => 81612135488
    [formname] => Обратная связь
)

------------------------

------------------------
23.08.2025 5:12:37
CallbackFormEmailModal
Array
(
    [name] => tipanasotemthia@mail.ru
    [phone] => 87778829476
    [formname] => Обратная связь
)

------------------------

------------------------
23.08.2025 5:39:50
CallbackFormEmailModal
Array
(
    [name] => margarita.stolyarova.26.05.1995@mail.ru
    [phone] => 87522874882
    [formname] => Обратная связь
)

------------------------

------------------------
23.08.2025 6:57:31
CallbackFormEmailModal
Array
(
    [name] => avtocentravrora@gmail.com
    [phone] => 89665533626
    [formname] => Обратная связь
)

------------------------

------------------------
23.08.2025 7:09:45
CallbackFormEmailModal
Array
(
    [name] => lashawndaqkpuc@mail.ru
    [phone] => 89592239186
    [formname] => Обратная связь
)

------------------------

------------------------
23.08.2025 7:15:47
CallbackFormEmailModal
Array
(
    [name] => karpeciktibas19915@bk.ru
    [phone] => 89971431581
    [formname] => Обратная связь
)

------------------------

------------------------
23.08.2025 7:18:00
CallbackFormEmailModal
Array
(
    [name] => serezhamobisa@mail.ru
    [phone] => 81857532691
    [formname] => Обратная связь
)

------------------------

------------------------
23.08.2025 7:19:25
CallbackFormEmailModal
Array
(
    [name] => inna.kortneva.69@mail.ru
    [phone] => 84159269957
    [formname] => Обратная связь
)

------------------------

------------------------
23.08.2025 7:24:05
CallbackFormEmailModal
Array
(
    [name] => nutradiets1@anonmails.de
    [phone] => 84555247551
    [formname] => Обратная связь
)

------------------------

------------------------
23.08.2025 8:10:38
CallbackFormEmailModal
Array
(
    [name] => amabil.6002@mail.ru
    [phone] => 83881571588
    [formname] => Обратная связь
)

------------------------

------------------------
23.08.2025 9:33:00
CallbackFormEmailModal
Array
(
    [name] => tovsiding.com@iartun.com
    [phone] => 83267386856
    [formname] => Обратная связь
)

------------------------

------------------------
23.08.2025 9:55:41
CallbackFormEmailModal
Array
(
    [name] => mosoce-416@mail.ru
    [phone] => 88659375635
    [formname] => Обратная связь
)

------------------------

------------------------
23.08.2025 10:03:05
CallbackFormEmailModal
Array
(
    [name] => kskoxim@inbox.ru
    [phone] => 88977836581
    [formname] => Обратная связь
)

------------------------

------------------------
23.08.2025 10:03:33
CallbackFormEmailModal
Array
(
    [name] => phuojcqq@tubermail.com
    [phone] => 81162826717
    [formname] => Обратная связь
)

------------------------

------------------------
23.08.2025 10:17:29
CallbackFormEmailModal
Array
(
    [name] => signature@iartun.com
    [phone] => 82432674769
    [formname] => Обратная связь
)

------------------------

------------------------
23.08.2025 10:28:47
CallbackFormEmailModal
Array
(
    [name] => kina3axjglime@bk.ru
    [phone] => 85592485678
    [formname] => Обратная связь
)

------------------------

------------------------
23.08.2025 10:36:31
CallbackFormEmailModal
Array
(
    [name] => taelivihohtoca@mail.ru
    [phone] => 83178721925
    [formname] => Обратная связь
)

------------------------

------------------------
23.08.2025 10:46:36
CallbackFormEmailModal
Array
(
    [name] => y.kuvayev@mail.ru
    [phone] => 82247481728
    [formname] => Обратная связь
)

------------------------

------------------------
23.08.2025 10:48:25
CallbackFormEmailModal
Array
(
    [name] => pomgmk9oheivabfooksm@list.ru
    [phone] => 87437998265
    [formname] => Обратная связь
)

------------------------

------------------------
23.08.2025 10:52:20
CallbackFormEmailModal
Array
(
    [name] => danilovavita9@mail.ru
    [phone] => 84661384654
    [formname] => Обратная связь
)

------------------------

------------------------
23.08.2025 13:14:02
CallbackFormEmailModal
Array
(
    [name] => sashunya.sergeev.2022@list.ru
    [phone] => 82613471469
    [formname] => Обратная связь
)

------------------------

------------------------
23.08.2025 14:08:01
CallbackFormEmailModal
Array
(
    [name] => rflmjqjr@wildbmail.com
    [phone] => 85264729114
    [formname] => Обратная связь
)

------------------------

------------------------
23.08.2025 14:47:22
CallbackFormEmailModal
Array
(
    [name] => natulya.fedosova.96@mail.ru
    [phone] => 88693623681
    [formname] => Обратная связь
)

------------------------

------------------------
23.08.2025 16:09:46
CallbackFormEmailModal
Array
(
    [name] => sergoworkin.g.71.8@gmail.com
    [phone] => 88726489324
    [formname] => Обратная связь
)

------------------------

------------------------
23.08.2025 16:42:49
CallbackFormEmailModal
Array
(
    [name] => polyakovdanila19908366@mail.ru
    [phone] => 86478196261
    [formname] => Обратная связь
)

------------------------

------------------------
23.08.2025 16:59:20
CallbackFormEmailModal
Array
(
    [name] => eprovbelwha@mail.ru
    [phone] => 82572871718
    [formname] => Обратная связь
)

------------------------

------------------------
23.08.2025 17:06:33
CallbackFormEmailModal
Array
(
    [name] => kozlovvarlen19782037@mail.ru
    [phone] => 89194361956
    [formname] => Обратная связь
)

------------------------

------------------------
23.08.2025 20:20:22
CallbackFormEmailModal
Array
(
    [name] => combontsegal37@mail.ru
    [phone] => 89667739965
    [formname] => Обратная связь
)

------------------------
