
------------------------
18.09.2023 1:08:15
CallbackFormEmailModal
Array
(
    [name] => mitaxebandilis@gmail.com
    [phone] => 82621188393
    [formname] => Обратная связь
)

------------------------

------------------------
18.09.2023 1:08:15
CallbackFormEmailModal
Array
(
    [name] => callvisvetlana@list.ru
    [phone] => 85511345287
    [formname] => Обратная связь
)

------------------------

------------------------
18.09.2023 3:37:11
CallbackFormEmailModal
Array
(
    [name] => renen5p@outlook.com
    [phone] => 81219549517
    [formname] => Обратная связь
)

------------------------

------------------------
18.09.2023 5:08:47
CallbackFormEmailModal
Array
(
    [name] => vqjhobrt@mail.ru
    [phone] => +791234567117
    [formname] => Обратная связь
)

------------------------

------------------------
18.09.2023 8:55:05
CallbackFormEmailModal
Array
(
    [name] => wt6i1dtwq7uj7zc@rambler.ru
    [phone] => 85575768187
    [formname] => Обратная связь
)

------------------------

------------------------
18.09.2023 9:07:18
CallbackFormEmailModal
Array
(
    [name] => mgai45r6kk9njjp@rambler.ru
    [phone] => 83129951694
    [formname] => Обратная связь
)

------------------------

------------------------
18.09.2023 9:26:35
CallbackFormEmailModal
Array
(
    [name] => ewfhgpkjzEa@bobbor.store
    [phone] => 83763741666
    [formname] => Обратная связь
)

------------------------

------------------------
18.09.2023 9:27:31
CallbackFormEmailModal
Array
(
    [name] => yugamaen@mail3go.online

    [phone] => 85554452388
    [formname] => Обратная связь
)

------------------------

------------------------
18.09.2023 13:15:49
CallbackFormEmailModal
Array
(
    [name] => newsagency@bbcworldnewstoday.com
    [phone] => 83774732958
    [formname] => Обратная связь
)

------------------------

------------------------
18.09.2023 15:05:03
CallbackFormEmailModal
Array
(
    [name] => help@gwmetabitt.com
    [phone] => 83738942648
    [formname] => Обратная связь
)

------------------------

------------------------
18.09.2023 19:19:57
CallbackFormEmailModal
Array
(
    [name] => tdhckjuqy@sretop.site
    [phone] => 88925117378
    [formname] => Обратная связь
)

------------------------

------------------------
18.09.2023 23:29:02
CallbackFormEmailModal
Array
(
    [name] => bvyiwqfusEa@bobbor.store
    [phone] => 85236557289
    [formname] => Обратная связь
)

------------------------
