
------------------------
20.01.2025 0:17:06
CallbackFormEmailModal
Array
(
    [name] => upetsqnyiKt@rudiplomust.com
    [phone] => 89878438364
    [formname] => Обратная связь
)

------------------------

------------------------
20.01.2025 0:43:01
CallbackFormEmailModal
Array
(
    [name] => evgenevna5qdk@gmail.com
    [phone] => 82398271861
    [formname] => Обратная связь
)

------------------------

------------------------
20.01.2025 1:08:20
CallbackFormEmailModal
Array
(
    [name] => dkqtkmddoel@rudiplomust.com
    [phone] => 88946699189
    [formname] => Обратная связь
)

------------------------

------------------------
20.01.2025 6:37:47
CallbackFormEmailModal
Array
(
    [name] => prkdroxkoel@rudiplomust.com
    [phone] => 82816141858
    [formname] => Обратная связь
)

------------------------

------------------------
20.01.2025 6:37:48
CallbackFormEmailModal
Array
(
    [name] => elqexnxtuel@rudiplomust.com
    [phone] => 89337278491
    [formname] => Обратная связь
)

------------------------

------------------------
20.01.2025 7:19:23
CallbackFormEmailModal
Array
(
    [name] => ezlajpxbrel@rudiplomust.com
    [phone] => 82362123977
    [formname] => Обратная связь
)

------------------------

------------------------
20.01.2025 8:30:56
CallbackFormEmailModal
Array
(
    [name] => kevbhucaguar1970@mail.ru
    [phone] => 82272249155
    [formname] => Обратная связь
)

------------------------

------------------------
20.01.2025 8:49:03
CallbackFormEmailModal
Array
(
    [name] => inzwbeadkel@rudiplomust.com
    [phone] => 88222273248
    [formname] => Обратная связь
)

------------------------

------------------------
20.01.2025 8:56:16
CallbackFormEmailModal
Array
(
    [name] => bigendrakoli4335@mail.ru
    [phone] => 89789356942
    [formname] => Обратная связь
)

------------------------

------------------------
20.01.2025 10:01:46
CallbackFormEmailModal
Array
(
    [name] => postsaddtaliretneu@mail.ru
    [phone] => 82799831876
    [formname] => Обратная связь
)

------------------------

------------------------
20.01.2025 10:19:24
CallbackFormEmailModal
Array
(
    [name] => winsatall4ever@gmail.com
    [phone] => 89466213978
    [formname] => Обратная связь
)

------------------------

------------------------
20.01.2025 10:32:28
CallbackFormEmailModal
Array
(
    [name] => boaqmwhqxel@rudiplomust.com
    [phone] => 81385881364
    [formname] => Обратная связь
)

------------------------

------------------------
20.01.2025 11:04:34
CallbackFormEmailModal
Array
(
    [name] => rhotenti-44@mail.ru
    [phone] => 84327152726
    [formname] => Обратная связь
)

------------------------

------------------------
20.01.2025 11:45:51
CallbackFormEmailModal
Array
(
    [name] => ramiraselezneva19908003@bk.ru
    [phone] => 82789315667
    [formname] => Обратная связь
)

------------------------

------------------------
20.01.2025 11:56:00
CallbackFormEmailModal
Array
(
    [name] => rerkgeemong98@mail.ru
    [phone] => 89358221459
    [formname] => Обратная связь
)

------------------------

------------------------
20.01.2025 12:33:24
CallbackFormEmailModal
Array
(
    [name] => bvjlwmlgkel@rudiplomust.com
    [phone] => 89691397393
    [formname] => Обратная связь
)

------------------------

------------------------
20.01.2025 12:41:18
CallbackFormEmailModal
Array
(
    [name] => jztqxddhlka@rudiplomust.com
    [phone] => 88667116332
    [formname] => Обратная связь
)

------------------------

------------------------
20.01.2025 13:28:25
CallbackFormEmailModal
Array
(
    [name] => ljusdukeeca1971@mail.ru
    [phone] => 89662454518
    [formname] => Обратная связь
)

------------------------

------------------------
20.01.2025 14:01:43
CallbackFormEmailModal
Array
(
    [name] => info@digitalxflow.com
    [phone] => 82257463936
    [formname] => Обратная связь
)

------------------------

------------------------
20.01.2025 14:28:10
CallbackFormEmailModal
Array
(
    [name] => textliburlitt1983@mail.ru
    [phone] => 85388416318
    [formname] => Обратная связь
)

------------------------

------------------------
20.01.2025 16:16:21
CallbackFormEmailModal
Array
(
    [name] => olesya.zhukova.1994@bk.ru
    [phone] => 85691639653
    [formname] => Обратная связь
)

------------------------

------------------------
20.01.2025 17:52:11
CallbackFormEmailModal
Array
(
    [name] => kozlovvarlen19782037@mail.ru
    [phone] => 82345186461
    [formname] => Обратная связь
)

------------------------

------------------------
20.01.2025 18:38:39
CallbackFormEmailModal
Array
(
    [name] => juniortub@mail.ru
    [phone] => 85756381974
    [formname] => Обратная связь
)

------------------------

------------------------
20.01.2025 18:45:55
CallbackFormEmailModal
Array
(
    [name] => s87832@gmail.com
    [phone] => +71110001111
    [formname] => Обратная связь
)

------------------------

------------------------
20.01.2025 18:51:25
CallbackFormEmailModal
Array
(
    [name] => foncardda1988@mail.ru
    [phone] => 87891835152
    [formname] => Обратная связь
)

------------------------

------------------------
20.01.2025 20:00:42
CallbackFormEmailModal
Array
(
    [name] => bajenseliverstov19883262@list.ru
    [phone] => 85987878559
    [formname] => Обратная связь
)

------------------------

------------------------
20.01.2025 20:04:23
CallbackFormEmailModal
Array
(
    [name] => kina3axjglime@bk.ru
    [phone] => 86135564218
    [formname] => Обратная связь
)

------------------------

------------------------
20.01.2025 20:39:09
CallbackFormEmailModal
Array
(
    [name] => evgenevna5qdk@gmail.com
    [phone] => 87514235319
    [formname] => Обратная связь
)

------------------------

------------------------
20.01.2025 20:55:32
CallbackFormEmailModal
Array
(
    [name] => agafiyabolshakova19936907@bk.ru
    [phone] => 81991823847
    [formname] => Обратная связь
)

------------------------

------------------------
20.01.2025 21:02:42
CallbackFormEmailModal
Array
(
    [name] => anna.shapiro.78@mail.ru
    [phone] => 88832551114
    [formname] => Обратная связь
)

------------------------

------------------------
20.01.2025 21:12:54
CallbackFormEmailModal
Array
(
    [name] => fnluylllxel@rudiplomust.com
    [phone] => 84546442598
    [formname] => Обратная связь
)

------------------------

------------------------
20.01.2025 21:26:51
CallbackFormEmailModal
Array
(
    [name] => suzdaltsevtazi@mail.ru
    [phone] => 88433129761
    [formname] => Обратная связь
)

------------------------

------------------------
20.01.2025 21:45:14
CallbackFormEmailModal
Array
(
    [name] => y.kuvayev@mail.ru
    [phone] => 87259677211
    [formname] => Обратная связь
)

------------------------

------------------------
20.01.2025 21:46:20
CallbackFormEmailModal
Array
(
    [name] => dolnovam@mail.ru
    [phone] => 84532398263
    [formname] => Обратная связь
)

------------------------

------------------------
20.01.2025 21:55:16
CallbackFormEmailModal
Array
(
    [name] => deacren@mail.ru
    [phone] => 85497527359
    [formname] => Обратная связь
)

------------------------

------------------------
20.01.2025 22:12:59
CallbackFormEmailModal
Array
(
    [name] => fmecwpvxdel@rudiplomust.com
    [phone] => 81971816739
    [formname] => Обратная связь
)

------------------------

------------------------
20.01.2025 22:46:03
CallbackFormEmailModal
Array
(
    [name] => kris.corolckova@yandex.com
    [phone] => 85598675117
    [formname] => Обратная связь
)

------------------------

------------------------
20.01.2025 23:08:26
CallbackFormEmailModal
Array
(
    [name] => arturgorz2o3@bk.ru
    [phone] => 86821833384
    [formname] => Обратная связь
)

------------------------

------------------------
20.01.2025 23:27:56
CallbackFormEmailModal
Array
(
    [name] => michaelLycle@mail.ru
    [phone] => 86185668668
    [formname] => Обратная связь
)

------------------------
