
------------------------
26.08.2023 0:49:12
CallbackFormEmailModal
Array
(
    [name] => john.mongolfier@gmail.com
    [phone] => 87156463681
    [formname] => Обратная связь
)

------------------------

------------------------
26.08.2023 3:21:24
CallbackFormEmailModal
Array
(
    [name] => bcudgfgrlEa@bobbor.store
    [phone] => 86973271285
    [formname] => Обратная связь
)

------------------------

------------------------
26.08.2023 6:33:11
CallbackFormEmailModal
Array
(
    [name] => anna@alexhost.site
    [phone] => 85766765983
    [formname] => Обратная связь
)

------------------------

------------------------
26.08.2023 9:36:51
CallbackFormEmailModal
Array
(
    [name] => 328n3a5h7okknqr@rambler.ru
    [phone] => 84958238853
    [formname] => Обратная связь
)

------------------------

------------------------
26.08.2023 10:32:06
CallbackFormEmailModal
Array
(
    [name] => m5kk6abu9i7t7p1@rambler.ru
    [phone] => 82438421351
    [formname] => Обратная связь
)

------------------------

------------------------
26.08.2023 20:04:17
CallbackFormEmailModal
Array
(
    [name] => lrocj2433@studwork.su
    [phone] => 85824663252
    [formname] => Обратная связь
)

------------------------
