
------------------------
26.05.2025 5:46:09
CallbackFormEmailModal
Array
(
    [name] => metabrez@gmx.de
    [phone] => 88457942382
    [formname] => Обратная связь
)

------------------------

------------------------
26.05.2025 7:05:27
CallbackFormEmailModal
Array
(
    [name] => kikromankopo1.993@gmail.com
    [phone] => 81548517687
    [formname] => Обратная связь
)

------------------------

------------------------
26.05.2025 7:53:53
CallbackFormEmailModal
Array
(
    [name] => lszzchnfxx@rambler.ru
    [phone] => 85518535693
    [formname] => Обратная связь
)

------------------------

------------------------
26.05.2025 10:54:55
CallbackFormEmailModal
Array
(
    [name] => Eric Jones
    [phone] => US
    [formname] => Обратная связь
)

------------------------

------------------------
26.05.2025 12:28:53
CallbackFormEmailModal
Array
(
    [name] => vincenttaits@mail.ru
    [phone] => 89741947556
    [formname] => Обратная связь
)

------------------------

------------------------
26.05.2025 13:43:55
CallbackFormEmailModal
Array
(
    [name] => ocyufggx@tubermail.com
    [phone] => 86386444976
    [formname] => Обратная связь
)

------------------------

------------------------
26.05.2025 13:46:33
CallbackFormEmailModal
Array
(
    [name] => kimvilson06@gmail.com
    [phone] => 84696747244
    [formname] => Обратная связь
)

------------------------

------------------------
26.05.2025 15:29:41
CallbackFormEmailModal
Array
(
    [name] => puvldekd@streetwormail.com
    [phone] => 81468883836
    [formname] => Обратная связь
)

------------------------

------------------------
26.05.2025 15:39:05
CallbackFormEmailModal
Array
(
    [name] => mkhzvmrnfSn@fanera-kupit11.ru
    [phone] => 86329143279
    [formname] => Обратная связь
)

------------------------

------------------------
26.05.2025 17:28:12
CallbackFormEmailModal
Array
(
    [name] => 3830@dorapepe.pro
    [phone] => 87852443314
    [formname] => Обратная связь
)

------------------------

------------------------
26.05.2025 19:36:44
CallbackFormEmailModal
Array
(
    [name] => info@speed-seo.net
    [phone] => 89838776397
    [formname] => Обратная связь
)

------------------------

------------------------
26.05.2025 21:33:55
CallbackFormEmailModal
Array
(
    [name] => jxkfay@goshop1888.shop
    [phone] => 84829553882
    [formname] => Обратная связь
)

------------------------

------------------------
26.05.2025 23:08:24
CallbackFormEmailModal
Array
(
    [name] => xrumer23Kip@gmail.com
    [phone] => 83937683817
    [formname] => Обратная связь
)

------------------------
