
------------------------
25.11.2024 1:42:40
CallbackFormEmailModal
Array
(
    [name] => r.evic.75.0.@gmail.com
    [phone] => 85374533911
    [formname] => Обратная связь
)

------------------------

------------------------
25.11.2024 7:41:53
CallbackFormEmailModal
Array
(
    [name] => lecviribne1980@op.pl
    [phone] => 81468249677
    [formname] => Обратная связь
)

------------------------

------------------------
25.11.2024 8:30:51
CallbackFormEmailModal
Array
(
    [name] => 818icvgdkwwdk5s@tempmail.us.com
    [phone] => 81972578228
    [formname] => Обратная связь
)

------------------------

------------------------
25.11.2024 10:40:21
CallbackFormEmailModal
Array
(
    [name] => bauerjlhd@hoopsor.online
    [phone] => 85466578397
    [formname] => Обратная связь
)

------------------------

------------------------
25.11.2024 16:24:09
CallbackFormEmailModal
Array
(
    [name] => kim90us@gmail.com
    [phone] => 84196178732
    [formname] => Обратная связь
)

------------------------

------------------------
25.11.2024 18:20:32
CallbackFormEmailModal
Array
(
    [name] => sdhfjvsdkfbmhlsfvlfv@gmail.com
    [phone] => 85913242939
    [formname] => Обратная связь
)

------------------------

------------------------
25.11.2024 22:25:26
CallbackFormEmailModal
Array
(
    [name] => forvolamar1983@op.pl
    [phone] => 85914834714
    [formname] => Обратная связь
)

------------------------
