
------------------------
26.09.2024 2:27:47
CallbackFormEmailModal
Array
(
    [name] => carploorsperbti1986@op.pl
    [phone] => 84996388431
    [formname] => Обратная связь
)

------------------------

------------------------
26.09.2024 4:24:36
CallbackFormEmailModal
Array
(
    [name] => everyonear@yandex.ru
    [phone] => 82813866277
    [formname] => Обратная связь
)

------------------------

------------------------
26.09.2024 4:41:50
CallbackFormEmailModal
Array
(
    [name] => uofkmemwvel@rudiplomust.com
    [phone] => 84896697968
    [formname] => Обратная связь
)

------------------------

------------------------
26.09.2024 6:52:57
CallbackFormEmailModal
Array
(
    [name] => ctuitbjsfel@rudiplomust.com
    [phone] => 84187953387
    [formname] => Обратная связь
)

------------------------

------------------------
26.09.2024 7:18:59
CallbackFormEmailModal
Array
(
    [name] => krasotysklad@yandex.ru
    [phone] => 89987221843
    [formname] => Обратная связь
)

------------------------

------------------------
26.09.2024 10:10:46
CallbackFormEmailModal
Array
(
    [name] => kothouse@fvmaily.com
    [phone] => 87529186965
    [formname] => Обратная связь
)

------------------------

------------------------
26.09.2024 10:57:25
CallbackFormEmailModal
Array
(
    [name] => xupyprnv@fvmaily.com
    [phone] => 83872844655
    [formname] => Обратная связь
)

------------------------

------------------------
26.09.2024 11:02:21
CallbackFormEmailModal
Array
(
    [name] => sqcxavdlvel@rudiplomust.com
    [phone] => 85821899874
    [formname] => Обратная связь
)

------------------------

------------------------
26.09.2024 11:05:17
CallbackFormEmailModal
Array
(
    [name] => 4l6k2570@wmailfree.com
    [phone] => 85362733398
    [formname] => Обратная связь
)

------------------------

------------------------
26.09.2024 12:01:28
CallbackFormEmailModal
Array
(
    [name] => 0zjtrji4@freewmail.com
    [phone] => 87738496821
    [formname] => Обратная связь
)

------------------------

------------------------
26.09.2024 13:32:51
CallbackFormEmailModal
Array
(
    [name] => pydsfnhpwel@rudiplomust.com
    [phone] => 83786628643
    [formname] => Обратная связь
)

------------------------

------------------------
26.09.2024 20:17:42
CallbackFormEmailModal
Array
(
    [name] => gringo.rab@yandex.ru
    [phone] => 86722664797
    [formname] => Обратная связь
)

------------------------

------------------------
26.09.2024 21:18:33
CallbackFormEmailModal
Array
(
    [name] => langclumnatanb1984@mailopenz.com
    [phone] => 81242829963
    [formname] => Обратная связь
)

------------------------
