
------------------------
06.06.2024 3:52:01
CallbackFormEmailModal
Array
(
    [name] => autolife56@yandex.by
    [phone] => 85973124353
    [formname] => Обратная связь
)

------------------------

------------------------
06.06.2024 5:55:49
CallbackFormEmailModal
Array
(
    [name] => ords1cqf@webfreemailz.com
    [phone] => 82984164947
    [formname] => Обратная связь
)

------------------------

------------------------
06.06.2024 5:59:10
CallbackFormEmailModal
Array
(
    [name] => 9rlm6z5r@yourmailz.com
    [phone] => 81543817958
    [formname] => Обратная связь
)

------------------------

------------------------
06.06.2024 11:12:08
CallbackFormEmailModal
Array
(
    [name] => borisgendelman22@outlook.com
    [phone] => 87431679521
    [formname] => Обратная связь
)

------------------------

------------------------
06.06.2024 12:33:41
CallbackFormEmailModal
Array
(
    [name] => segif18200@shirulo.com
    [phone] => 85911127477
    [formname] => Обратная связь
)

------------------------

------------------------
06.06.2024 19:13:55
CallbackFormEmailModal
Array
(
    [name] => blackjack@casino-slot-game.com
    [phone] => 82555516412
    [formname] => Обратная связь
)

------------------------

------------------------
06.06.2024 22:12:54
CallbackFormEmailModal
Array
(
    [name] => vccssu@gmail.com
    [phone] => 89382534482
    [formname] => Обратная связь
)

------------------------

------------------------
06.06.2024 22:30:54
CallbackFormEmailModal
Array
(
    [name] => xizlmbzfl@derhosulha.shop
    [phone] => 82627156222
    [formname] => Обратная связь
)

------------------------
