
------------------------
09.01.2023 0:35:28
CallbackFormEmailModal
Array
(
    [name] => ir.inama.slov.a61.8.@gmail.com
    [phone] => 89872117175
    [formname] => Обратная связь
)

------------------------

------------------------
09.01.2023 1:23:46
CallbackFormEmailModal
Array
(
    [name] => bbaz14888a@bk.ru
    [phone] => 79216447801
    [formname] => Обратная связь
)

------------------------

------------------------
09.01.2023 4:57:17
CallbackFormEmailModal
Array
(
    [name] => admin@48481.org
    [phone] => 87779414127
    [formname] => Обратная связь
)

------------------------

------------------------
09.01.2023 13:39:54
CallbackFormEmailModal
Array
(
    [name] => Eric Jones
    [phone] => 555-555-1212
    [formname] => Обратная связь
)

------------------------

------------------------
09.01.2023 14:52:37
CallbackFormEmailModal
Array
(
    [name] => t08hbcat@cq5e.com

    [phone] => 87993189836
    [formname] => Обратная связь
)

------------------------

------------------------
09.01.2023 16:06:43
CallbackFormEmailModal
Array
(
    [name] => no-replysuinuts@gmail.com
    [phone] => 87945928772
    [formname] => Обратная связь
)

------------------------
