
------------------------
22.02.2022 16:04:14
CallbackFormEmailModal
Array
(
    [name] => mikhailrt85@gmail.com
    [phone] => 82989546596
    [formname] => Обратная связь
)

------------------------

------------------------
22.02.2022 18:28:16
CallbackFormEmailModal
Array
(
    [name] => Ashli Bensley
    [phone] => DonovanConway@gmail.com
    [formname] => Обратная связь
)

------------------------

------------------------
22.02.2022 19:20:22
CallbackFormEmailModal
Array
(
    [name] => no-replysuinuts@gmail.com
    [phone] => 85269784599
    [formname] => Обратная связь
)

------------------------
