
------------------------
04.05.2024 3:45:20
CallbackFormEmailModal
Array
(
    [name] => lyubimovilya344@gmail.com
    [phone] => 89494955476
    [formname] => Обратная связь
)

------------------------

------------------------
04.05.2024 5:32:47
CallbackFormEmailModal
Array
(
    [name] => youngsheldon@kino-fan.lol
    [phone] => 87429846193
    [formname] => Обратная связь
)

------------------------

------------------------
04.05.2024 5:34:39
CallbackFormEmailModal
Array
(
    [name] => adm11@kiev-therm.com.ua
    [phone] => 88379738233
    [formname] => Обратная связь
)

------------------------

------------------------
04.05.2024 6:16:24
CallbackFormEmailModal
Array
(
    [name] => estitutomaesallety@gmail.com
    [phone] => 89499575726
    [formname] => Обратная связь
)

------------------------

------------------------
04.05.2024 6:49:09
CallbackFormEmailModal
Array
(
    [name] => l.ukino.vi.ch.20.22.13.55@gmail.com

    [phone] => 84662217719
    [formname] => Обратная связь
)

------------------------

------------------------
04.05.2024 8:55:10
CallbackFormEmailModal
Array
(
    [name] => klo.k.ov.b.oris.2@gmail.com
    [phone] => 89826933427
    [formname] => Обратная связь
)

------------------------

------------------------
04.05.2024 10:16:26
CallbackFormEmailModal
Array
(
    [name] => goods8@pop37.site
    [phone] => 87249293617
    [formname] => Обратная связь
)

------------------------

------------------------
04.05.2024 12:18:36
CallbackFormEmailModal
Array
(
    [name] => goods4@posti8.site
    [phone] => 88721462467
    [formname] => Обратная связь
)

------------------------

------------------------
04.05.2024 12:46:03
CallbackFormEmailModal
Array
(
    [name] => ma.ri.nk.a9.157@gmail.com
    [phone] => 89932717949
    [formname] => Обратная связь
)

------------------------

------------------------
04.05.2024 14:44:08
CallbackFormEmailModal
Array
(
    [name] => goldboy1931@gmail.com
    [phone] => 89499258851
    [formname] => Обратная связь
)

------------------------

------------------------
04.05.2024 14:49:40
CallbackFormEmailModal
Array
(
    [name] => emmanueldro.n.i.nael.7.22@gmail.com
    [phone] => 84364458367
    [formname] => Обратная связь
)

------------------------

------------------------
04.05.2024 17:49:20
CallbackFormEmailModal
Array
(
    [name] => peterAlburnern@gmail.com
    [phone] => 86328463421
    [formname] => Обратная связь
)

------------------------
