
------------------------
11.04.2024 0:28:17
CallbackFormEmailModal
Array
(
    [name] => usrss@nugamedical.pl
    [phone] => 86566572598
    [formname] => Обратная связь
)

------------------------

------------------------
11.04.2024 2:47:11
CallbackFormEmailModal
Array
(
    [name] => omskdaily@outlook.com
    [phone] => 81733896132
    [formname] => Обратная связь
)

------------------------

------------------------
11.04.2024 5:12:22
CallbackFormEmailModal
Array
(
    [name] => froeach12@rezka.wtf
    [phone] => 87878455357
    [formname] => Обратная связь
)

------------------------

------------------------
11.04.2024 9:51:48
CallbackFormEmailModal
Array
(
    [name] => oargoritaiebraa361@yandex.ru
    [phone] => 83488356499
    [formname] => Обратная связь
)

------------------------

------------------------
11.04.2024 13:31:04
CallbackFormEmailModal
Array
(
    [name] => inet4747@outlook.com
    [phone] => 82926318379
    [formname] => Обратная связь
)

------------------------

------------------------
11.04.2024 13:40:14
CallbackFormEmailModal
Array
(
    [name] => inet4747@outlook.com
    [phone] => 84746952288
    [formname] => Обратная связь
)

------------------------

------------------------
11.04.2024 18:35:28
CallbackFormEmailModal
Array
(
    [name] => dmvrissrf@hoopsor.online
    [phone] => 88251823383
    [formname] => Обратная связь
)

------------------------

------------------------
11.04.2024 19:16:38
CallbackFormEmailModal
Array
(
    [name] => poker@casino-slot-game.com
    [phone] => 83293288842
    [formname] => Обратная связь
)

------------------------

------------------------
11.04.2024 21:38:03
CallbackFormEmailModal
Array
(
    [name] => lucido.leinteract@gmail.com
    [phone] => 84144261645
    [formname] => Обратная связь
)

------------------------

------------------------
11.04.2024 23:46:56
CallbackFormEmailModal
Array
(
    [name] => yourmail@gmail.com
    [phone] => 81737191876
    [formname] => Обратная связь
)

------------------------

------------------------
11.04.2024 23:48:43
CallbackFormEmailModal
Array
(
    [name] => yourmail@gmail.com
    [phone] => 83488368477
    [formname] => Обратная связь
)

------------------------

------------------------
11.04.2024 23:51:33
CallbackFormEmailModal
Array
(
    [name] => vanessa.leano@gmail.com
    [phone] => 87323839485
    [formname] => Обратная связь
)

------------------------
