
------------------------
16.02.2023 0:33:41
CallbackFormEmailModal
Array
(
    [name] => sergio.hamannf@outlook.com
    [phone] => 88759115284
    [formname] => Обратная связь
)

------------------------

------------------------
16.02.2023 2:04:19
CallbackFormEmailModal
Array
(
    [name] => kurtrolkonkur123@gmail.com
    [phone] => 83235372667
    [formname] => Обратная связь
)

------------------------

------------------------
16.02.2023 5:29:41
CallbackFormEmailModal
Array
(
    [name] => spbetcas632@gmail.com
    [phone] => 86189254356
    [formname] => Обратная связь
)

------------------------

------------------------
16.02.2023 6:10:44
CallbackFormEmailModal
Array
(
    [name] => Epifania Pelletier
    [phone] => VioletaSambrano@gmail.com
    [formname] => Обратная связь
)

------------------------

------------------------
16.02.2023 9:18:01
CallbackFormEmailModal
Array
(
    [name] => mckva@rambler.ua
    [phone] => 81873927776
    [formname] => Обратная связь
)

------------------------

------------------------
16.02.2023 10:46:41
CallbackFormEmailModal
Array
(
    [name] => ishimaurat@rambler.ru
    [phone] => 84616962661
    [formname] => Обратная связь
)

------------------------

------------------------
16.02.2023 23:31:53
CallbackFormEmailModal
Array
(
    [name] => xzjl4@course-fitness.com
    [phone] => 86278879524
    [formname] => Обратная связь
)

------------------------
