
------------------------
04.10.2021 14:34:51
CallbackFormEmailModal
Array
(
    [name] => olegpronin421@gmail.com
    [phone] => 84745584911
    [formname] => Обратная связь
)

------------------------

------------------------
04.10.2021 22:08:26
CallbackFormEmailModal
Array
(
    [name] => windygpdme84@gmail.com
    [phone] => windygpdme84@gmail.com
    [formname] => Обратная связь
)

------------------------

------------------------
04.10.2021 22:08:30
CallbackFormEmailModal
Array
(
    [name] => windygpdme84@gmail.com
    [phone] => windygpdme84@gmail.com
    [formname] => Обратная связь
)

------------------------

------------------------
04.10.2021 22:08:41
CallbackFormEmailModal
Array
(
    [name] => windygpdme84@gmail.com
    [phone] => windygpdme84@gmail.com
    [formname] => Обратная связь
)

------------------------

------------------------
04.10.2021 22:08:44
CallbackFormEmailModal
Array
(
    [name] => windygpdme84@gmail.com
    [phone] => windygpdme84@gmail.com
    [formname] => Обратная связь
)

------------------------

------------------------
04.10.2021 22:08:51
CallbackFormEmailModal
Array
(
    [name] => windygpdme84@gmail.com
    [phone] => windygpdme84@gmail.com
    [formname] => Обратная связь
)

------------------------

------------------------
04.10.2021 22:08:55
CallbackFormEmailModal
Array
(
    [name] => windygpdme84@gmail.com
    [phone] => windygpdme84@gmail.com
    [formname] => Обратная связь
)

------------------------

------------------------
04.10.2021 22:09:02
CallbackFormEmailModal
Array
(
    [name] => windygpdme84@gmail.com
    [phone] => windygpdme84@gmail.com
    [formname] => Обратная связь
)

------------------------

------------------------
04.10.2021 22:09:05
CallbackFormEmailModal
Array
(
    [name] => windygpdme84@gmail.com
    [phone] => windygpdme84@gmail.com
    [formname] => Обратная связь
)

------------------------

------------------------
04.10.2021 22:09:11
CallbackFormEmailModal
Array
(
    [name] => windygpdme84@gmail.com
    [phone] => windygpdme84@gmail.com
    [formname] => Обратная связь
)

------------------------

------------------------
04.10.2021 22:09:14
CallbackFormEmailModal
Array
(
    [name] => windygpdme84@gmail.com
    [phone] => windygpdme84@gmail.com
    [formname] => Обратная связь
)

------------------------

------------------------
04.10.2021 22:09:28
CallbackFormEmailModal
Array
(
    [name] => windygpdme84@gmail.com
    [phone] => windygpdme84@gmail.com
    [formname] => Обратная связь
)

------------------------

------------------------
04.10.2021 22:09:32
CallbackFormEmailModal
Array
(
    [name] => windygpdme84@gmail.com
    [phone] => windygpdme84@gmail.com
    [formname] => Обратная связь
)

------------------------

------------------------
04.10.2021 22:09:41
CallbackFormEmailModal
Array
(
    [name] => windygpdme84@gmail.com
    [phone] => windygpdme84@gmail.com
    [formname] => Обратная связь
)

------------------------

------------------------
04.10.2021 22:09:44
CallbackFormEmailModal
Array
(
    [name] => windygpdme84@gmail.com
    [phone] => windygpdme84@gmail.com
    [formname] => Обратная связь
)

------------------------

------------------------
04.10.2021 22:10:02
CallbackFormEmailModal
Array
(
    [name] => windygpdme84@gmail.com
    [phone] => windygpdme84@gmail.com
    [formname] => Обратная связь
)

------------------------

------------------------
04.10.2021 22:10:05
CallbackFormEmailModal
Array
(
    [name] => windygpdme84@gmail.com
    [phone] => windygpdme84@gmail.com
    [formname] => Обратная связь
)

------------------------

------------------------
04.10.2021 22:10:30
CallbackFormEmailModal
Array
(
    [name] => windygpdme84@gmail.com
    [phone] => windygpdme84@gmail.com
    [formname] => Обратная связь
)

------------------------

------------------------
04.10.2021 22:10:33
CallbackFormEmailModal
Array
(
    [name] => windygpdme84@gmail.com
    [phone] => windygpdme84@gmail.com
    [formname] => Обратная связь
)

------------------------

------------------------
04.10.2021 22:10:42
CallbackFormEmailModal
Array
(
    [name] => windygpdme84@gmail.com
    [phone] => windygpdme84@gmail.com
    [formname] => Обратная связь
)

------------------------

------------------------
04.10.2021 22:10:46
CallbackFormEmailModal
Array
(
    [name] => windygpdme84@gmail.com
    [phone] => windygpdme84@gmail.com
    [formname] => Обратная связь
)

------------------------

------------------------
04.10.2021 22:11:03
CallbackFormEmailModal
Array
(
    [name] => windygpdme84@gmail.com
    [phone] => windygpdme84@gmail.com
    [formname] => Обратная связь
)

------------------------

------------------------
04.10.2021 22:11:07
CallbackFormEmailModal
Array
(
    [name] => windygpdme84@gmail.com
    [phone] => windygpdme84@gmail.com
    [formname] => Обратная связь
)

------------------------
