
------------------------
21.02.2025 0:07:46
CallbackFormEmailModal
Array
(
    [name] => hdlxwpvmyKt@rudiplomust.com
    [phone] => 86538772117
    [formname] => Обратная связь
)

------------------------

------------------------
21.02.2025 0:28:08
CallbackFormEmailModal
Array
(
    [name] => oufclcsmgel@rudiplomust.com
    [phone] => 84312795563
    [formname] => Обратная связь
)

------------------------

------------------------
21.02.2025 2:06:22
CallbackFormEmailModal
Array
(
    [name] => portwertu@gmail.com
    [phone] => 84171616281
    [formname] => Обратная связь
)

------------------------

------------------------
21.02.2025 3:22:04
CallbackFormEmailModal
Array
(
    [name] => csvooldyjel@rudiplomust.com
    [phone] => 81526233865
    [formname] => Обратная связь
)

------------------------

------------------------
21.02.2025 4:41:43
CallbackFormEmailModal
Array
(
    [name] => @monkeydigital.co|check-message-text8412@monkeydigital.co|check-message-text4793@monkeydigital.co|check-message-text1025@monkeydigital.co|check-message-text5671@monkeydigital.co|check-message-text6984@monkeydigital.co|check-message-text2190@monkeydigital.co|check-message-text3521@monkeydigital.co|check-message-text8746@monkeydigital.co|check-message-text4307@monkeydigital.co|check-message-text2941@monkeydigital.co|check-message-text7598@monkeydigital.co|check-message-text6142@monkeydigital.co|check-message-text8073@monkeydigital.co|check-message-text1387@monkeydigital.co|check-message-text4620@monkeydigital.co|check-message-text9816@monkeydigital.co|check-message-text5012@monkeydigital.co|check-message-text7365@monkeydigital.co|check-message-text2870@monkeydigital.co|check-message-text6891@monkeydigital.co|check-message-text9023@monkeydigital.co|check-message-text1452@monkeydigital.co|check-message-text3786@monkeydigital.co|check-message-text5209@monkeydigital.co|check-message-text6973@monkeydigital.co|check-message-text8354@monkeydigital.co|check-message-text4021@monkeydigital.co|check-message-text9132@monkeydigital.co|check-message-text5637@monkeydigital.co|check-message-text6742@monkeydigital.co|check-message-text8905@monkeydigital.co|check-message-text2456@monkeydigital.co|check-message-text3628@monkeydigital.co|check-message-text5179@monkeydigital.co|check-message-text6932@monkeydigital.co|check-message-text7485@monkeydigital.co|check-message-text8594@monkeydigital.co|check-message-text2713@monkeydigital.co|check-message-text3987@monkeydigital.co|check-message-text5430@monkeydigital.co|check-message-text6512@monkeydigital.co|check-message-text7829@monkeydigital.co|check-message-text8120@monkeydigital.co|check-message-text9513@monkeydigital.co|check-message-text1134@monkeydigital.co|check-message-text3748@monkeydigital.co|check-message-text5297@monkeydigital.co|check-message-text6942@monkeydigital.co|check-message-text8021@monkeydigital.co|check-message-text9403@monkeydigital.co|check-message-text1578@monkeydigital.co|check-message-text2684@monkeydigital.co|check-message-text3796@monkeydigital.co|check-message-text5809@monkeydigital.co|check-message-text6094@monkeydigital.co|check-message-text7203@monkeydigital.co|check-message-text8317@monkeydigital.co|check-message-text9520@monkeydigital.co|check-message-text1029@monkeydigital.co|check-message-text3148@monkeydigital.co|check-message-text4257@monkeydigital.co|check-message-text5370@monkeydigital.co|check-message-text6938@monkeydigital.co|check-message-text7401@monkeydigital.co|check-message-text8597@monkeydigital.co|check-message-text9134@monkeydigital.co|check-message-text1047@monkeydigital.co|check-message-text2761@monkeydigital.co|check-message-text3872@monkeydigital.co|check-message-text4918@monkeydigital.co|check-message-text6083@monkeydigital.co|check-message-text7250@monkeydigital.co|check-message-text8439@monkeydigital.co|check-message-text9721@monkeydigital.co|check-message-text1240@monkeydigital.co|check-message-text2351@monkeydigital.co|check-message-text3597@monkeydigital.co|check-message-text4785@monkeydigital.co|check-message-text5940@monkeydigital.co|check-message-text7105@monkeydigital.co|check-message-text8362@monkeydigital.co|check-message-text9527@monkeydigital.co}
    [phone] => 88571725711
    [formname] => Обратная связь
)

------------------------

------------------------
21.02.2025 4:51:39
CallbackFormEmailModal
Array
(
    [name] => svhxtlwqpel@rudiplomust.com
    [phone] => 81415283788
    [formname] => Обратная связь
)

------------------------

------------------------
21.02.2025 5:26:16
CallbackFormEmailModal
Array
(
    [name] => aooqcvacqel@rudiplomust.com
    [phone] => 86453999121
    [formname] => Обратная связь
)

------------------------

------------------------
21.02.2025 5:36:17
CallbackFormEmailModal
Array
(
    [name] => zxjszlvyiKn@rudiplomust.com
    [phone] => 88941111315
    [formname] => Обратная связь
)

------------------------

------------------------
21.02.2025 5:57:16
CallbackFormEmailModal
Array
(
    [name] => utncmzaepel@rudiplomust.com
    [phone] => 88381431653
    [formname] => Обратная связь
)

------------------------

------------------------
21.02.2025 6:28:59
CallbackFormEmailModal
Array
(
    [name] => msryfviuhel@rudiplomust.com
    [phone] => 85747138451
    [formname] => Обратная связь
)

------------------------

------------------------
21.02.2025 6:41:35
CallbackFormEmailModal
Array
(
    [name] => pamelastrong2013@dfirstmail.com
    [phone] => 82234473867
    [formname] => Обратная связь
)

------------------------

------------------------
21.02.2025 7:00:08
CallbackFormEmailModal
Array
(
    [name] => olit@deft-service.ru
    [phone] => 88567824735
    [formname] => Обратная связь
)

------------------------

------------------------
21.02.2025 7:24:56
CallbackFormEmailModal
Array
(
    [name] => xecalmtkhka@rudiplomust.com
    [phone] => 89292296857
    [formname] => Обратная связь
)

------------------------

------------------------
21.02.2025 8:05:27
CallbackFormEmailModal
Array
(
    [name] => subbotinalenara88@mail.ru
    [phone] => 89398119959
    [formname] => Обратная связь
)

------------------------

------------------------
21.02.2025 8:05:32
CallbackFormEmailModal
Array
(
    [name] => musaev.misha.1982.3.5@list.ru
    [phone] => 89165939716
    [formname] => Обратная связь
)

------------------------

------------------------
21.02.2025 8:15:16
CallbackFormEmailModal
Array
(
    [name] => inna.kortneva.69@mail.ru
    [phone] => 89671487664
    [formname] => Обратная связь
)

------------------------

------------------------
21.02.2025 8:15:38
CallbackFormEmailModal
Array
(
    [name] => mepinfenia@bk.ru
    [phone] => 85256672199
    [formname] => Обратная связь
)

------------------------

------------------------
21.02.2025 8:21:30
CallbackFormEmailModal
Array
(
    [name] => anya.genger@mail.ru
    [phone] => 84741992192
    [formname] => Обратная связь
)

------------------------

------------------------
21.02.2025 8:24:32
CallbackFormEmailModal
Array
(
    [name] => cmccobjpvel@rudiplomust.com
    [phone] => 86726862792
    [formname] => Обратная связь
)

------------------------

------------------------
21.02.2025 8:28:47
CallbackFormEmailModal
Array
(
    [name] => bigendrakoli4335@mail.ru
    [phone] => 84673317372
    [formname] => Обратная связь
)

------------------------

------------------------
21.02.2025 8:33:23
CallbackFormEmailModal
Array
(
    [name] => ovnterbefjuden6138@mail.ru
    [phone] => 88839577884
    [formname] => Обратная связь
)

------------------------

------------------------
21.02.2025 8:33:29
CallbackFormEmailModal
Array
(
    [name] => bigendrakoli4335@mail.ru
    [phone] => 88587861721
    [formname] => Обратная связь
)

------------------------

------------------------
21.02.2025 8:36:00
CallbackFormEmailModal
Array
(
    [name] => rodionoverik1735@mail.ru
    [phone] => 88699143775
    [formname] => Обратная связь
)

------------------------

------------------------
21.02.2025 8:43:50
CallbackFormEmailModal
Array
(
    [name] => gendraducanprohbay@mail.ru
    [phone] => 83375318899
    [formname] => Обратная связь
)

------------------------

------------------------
21.02.2025 8:43:51
CallbackFormEmailModal
Array
(
    [name] => combontsegal37@mail.ru
    [phone] => 86884877699
    [formname] => Обратная связь
)

------------------------

------------------------
21.02.2025 8:45:35
CallbackFormEmailModal
Array
(
    [name] => rhotenti-44@mail.ru
    [phone] => 81986995746
    [formname] => Обратная связь
)

------------------------

------------------------
21.02.2025 8:45:35
CallbackFormEmailModal
Array
(
    [name] => postsaddtaliretneu@mail.ru
    [phone] => 87193924416
    [formname] => Обратная связь
)

------------------------

------------------------
21.02.2025 8:48:53
CallbackFormEmailModal
Array
(
    [name] => ramiraselezneva19908003@bk.ru
    [phone] => 88715262438
    [formname] => Обратная связь
)

------------------------

------------------------
21.02.2025 8:48:56
CallbackFormEmailModal
Array
(
    [name] => anna.shapiro.78@mail.ru
    [phone] => 84216795215
    [formname] => Обратная связь
)

------------------------

------------------------
21.02.2025 8:49:14
CallbackFormEmailModal
Array
(
    [name] => balpunarti1976@mail.ru
    [phone] => 82955159822
    [formname] => Обратная связь
)

------------------------

------------------------
21.02.2025 9:40:36
CallbackFormEmailModal
Array
(
    [name] => arkada@soffter.ru
    [phone] => 86296621676
    [formname] => Обратная связь
)

------------------------

------------------------
21.02.2025 9:44:37
CallbackFormEmailModal
Array
(
    [name] => naphtloxua-5550@mail.ru
    [phone] => 81358889932
    [formname] => Обратная связь
)

------------------------

------------------------
21.02.2025 10:06:30
CallbackFormEmailModal
Array
(
    [name] => shvernik.s@mail.ru
    [phone] => 84773123841
    [formname] => Обратная связь
)

------------------------

------------------------
21.02.2025 10:07:08
CallbackFormEmailModal
Array
(
    [name] => rais.shchigelskaya2002@mail.ru
    [phone] => 82241889948
    [formname] => Обратная связь
)

------------------------

------------------------
21.02.2025 10:16:56
CallbackFormEmailModal
Array
(
    [name] => yulya.onipchenko.88@mail.ru
    [phone] => 83724277353
    [formname] => Обратная связь
)

------------------------

------------------------
21.02.2025 10:21:25
CallbackFormEmailModal
Array
(
    [name] => mark.moshchenskiy.90@mail.ru
    [phone] => 89483763373
    [formname] => Обратная связь
)

------------------------

------------------------
21.02.2025 10:26:21
CallbackFormEmailModal
Array
(
    [name] => sileterde1976@mail.ru
    [phone] => 89874529988
    [formname] => Обратная связь
)

------------------------

------------------------
21.02.2025 10:27:50
CallbackFormEmailModal
Array
(
    [name] => panova.elena.1992.23.11@bk.ru
    [phone] => 88738991616
    [formname] => Обратная связь
)

------------------------

------------------------
21.02.2025 10:45:12
CallbackFormEmailModal
Array
(
    [name] => batubopin1971@op.pl
    [phone] => 81399387562
    [formname] => Обратная связь
)

------------------------

------------------------
21.02.2025 10:48:52
CallbackFormEmailModal
Array
(
    [name] => rvycofrgtel@rudiplomust.com
    [phone] => 89322738449
    [formname] => Обратная связь
)

------------------------

------------------------
21.02.2025 11:09:47
CallbackFormEmailModal
Array
(
    [name] => dariasavina2001@gmail.com
    [phone] => 81758779419
    [formname] => Обратная связь
)

------------------------

------------------------
21.02.2025 11:48:16
CallbackFormEmailModal
Array
(
    [name] => visibygolf1971@op.pl
    [phone] => 86424441165
    [formname] => Обратная связь
)

------------------------

------------------------
21.02.2025 14:09:27
CallbackFormEmailModal
Array
(
    [name] => woodbpurne1983@mail.ru
    [phone] => 89864529918
    [formname] => Обратная связь
)

------------------------

------------------------
21.02.2025 14:09:34
CallbackFormEmailModal
Array
(
    [name] => tacusol-6816@mail.ru
    [phone] => 89753915965
    [formname] => Обратная связь
)

------------------------

------------------------
21.02.2025 14:12:59
CallbackFormEmailModal
Array
(
    [name] => combontsegal37@mail.ru
    [phone] => 81338719933
    [formname] => Обратная связь
)

------------------------

------------------------
21.02.2025 14:14:13
CallbackFormEmailModal
Array
(
    [name] => fectcpdbael@rudiplomust.com
    [phone] => 83963959573
    [formname] => Обратная связь
)

------------------------

------------------------
21.02.2025 14:59:21
CallbackFormEmailModal
Array
(
    [name] => dolnovam@mail.ru
    [phone] => 83246125171
    [formname] => Обратная связь
)

------------------------

------------------------
21.02.2025 15:32:18
CallbackFormEmailModal
Array
(
    [name] => dgoooqbltel@rudiplomust.com
    [phone] => 87459531453
    [formname] => Обратная связь
)

------------------------

------------------------
21.02.2025 15:52:54
CallbackFormEmailModal
Array
(
    [name] => mhrmkqngsel@rudiplomust.com
    [phone] => 83372778727
    [formname] => Обратная связь
)

------------------------

------------------------
21.02.2025 17:21:11
CallbackFormEmailModal
Array
(
    [name] => pulvzcbpgel@rudiplomust.com
    [phone] => 83366664963
    [formname] => Обратная связь
)

------------------------

------------------------
21.02.2025 17:24:05
CallbackFormEmailModal
Array
(
    [name] => rohtopharmaceutical@via.tokyo.jp
    [phone] => 89291715393
    [formname] => Обратная связь
)

------------------------

------------------------
21.02.2025 18:00:45
CallbackFormEmailModal
Array
(
    [name] => jspqubipoel@rudiplomust.com
    [phone] => 82953562553
    [formname] => Обратная связь
)

------------------------

------------------------
21.02.2025 20:01:39
CallbackFormEmailModal
Array
(
    [name] => xeficmngfel@rudiplomust.com
    [phone] => 87716981919
    [formname] => Обратная связь
)

------------------------

------------------------
21.02.2025 20:29:19
CallbackFormEmailModal
Array
(
    [name] => vgeeswhc@bonsoirmail.com
    [phone] => 84133556856
    [formname] => Обратная связь
)

------------------------

------------------------
21.02.2025 20:53:04
CallbackFormEmailModal
Array
(
    [name] => jrcopeland2006@gmail.com
    [phone] => 88842252925
    [formname] => Обратная связь
)

------------------------

------------------------
21.02.2025 22:40:11
CallbackFormEmailModal
Array
(
    [name] => neichculli@gismail.online

    [phone] => 83337916667
    [formname] => Обратная связь
)

------------------------
