
------------------------
23.12.2024 0:41:23
CallbackFormEmailModal
Array
(
    [name] => ulipvsvsl@hoopsori.shop
    [phone] => 86429251871
    [formname] => Обратная связь
)

------------------------

------------------------
23.12.2024 1:38:57
CallbackFormEmailModal
Array
(
    [name] => umxfsnqtbel@rudiplomust.com
    [phone] => 86988231673
    [formname] => Обратная связь
)

------------------------

------------------------
23.12.2024 1:56:32
CallbackFormEmailModal
Array
(
    [name] => mhsduzpnjel@rudiplomust.com
    [phone] => 89417157954
    [formname] => Обратная связь
)

------------------------

------------------------
23.12.2024 2:22:58
CallbackFormEmailModal
Array
(
    [name] => spjnrcmatel@rudiplomust.com
    [phone] => 87169651114
    [formname] => Обратная связь
)

------------------------

------------------------
23.12.2024 4:15:55
CallbackFormEmailModal
Array
(
    [name] => jalklkccvel@rudiplomust.com
    [phone] => 88563455315
    [formname] => Обратная связь
)

------------------------

------------------------
23.12.2024 4:15:55
CallbackFormEmailModal
Array
(
    [name] => ydhbqibriel@rudiplomust.com
    [phone] => 83247942528
    [formname] => Обратная связь
)

------------------------

------------------------
23.12.2024 10:31:15
CallbackFormEmailModal
Array
(
    [name] => taelivihohtoca@mail.ru
    [phone] => 86117193894
    [formname] => Обратная связь
)

------------------------

------------------------
23.12.2024 11:40:23
CallbackFormEmailModal
Array
(
    [name] => jisankape@list.ru
    [phone] => 87614316949
    [formname] => Обратная связь
)

------------------------

------------------------
23.12.2024 11:46:33
CallbackFormEmailModal
Array
(
    [name] => gunlekingovertcon@mail.ru
    [phone] => 81585567841
    [formname] => Обратная связь
)

------------------------

------------------------
23.12.2024 12:40:44
CallbackFormEmailModal
Array
(
    [name] => smorarabte539@mail.ru
    [phone] => 89268561545
    [formname] => Обратная связь
)

------------------------

------------------------
23.12.2024 12:58:31
CallbackFormEmailModal
Array
(
    [name] => suzdaltsevtazi@mail.ru
    [phone] => 83356967192
    [formname] => Обратная связь
)

------------------------

------------------------
23.12.2024 15:28:59
CallbackFormEmailModal
Array
(
    [name] => zoya.patrusheva.65@mail.ru
    [phone] => 87847425524
    [formname] => Обратная связь
)

------------------------

------------------------
23.12.2024 15:35:14
CallbackFormEmailModal
Array
(
    [name] => dolnovam@mail.ru
    [phone] => 84764447242
    [formname] => Обратная связь
)

------------------------

------------------------
23.12.2024 15:36:27
CallbackFormEmailModal
Array
(
    [name] => foncardda1988@mail.ru
    [phone] => 89863175631
    [formname] => Обратная связь
)

------------------------

------------------------
23.12.2024 15:36:28
CallbackFormEmailModal
Array
(
    [name] => woodbpurne1983@mail.ru
    [phone] => 85574789332
    [formname] => Обратная связь
)

------------------------

------------------------
23.12.2024 15:38:08
CallbackFormEmailModal
Array
(
    [name] => deacren@mail.ru
    [phone] => 87258168757
    [formname] => Обратная связь
)

------------------------

------------------------
23.12.2024 16:38:15
CallbackFormEmailModal
Array
(
    [name] => zovuaymqjel@rudiplomust.com
    [phone] => 84669976133
    [formname] => Обратная связь
)

------------------------

------------------------
23.12.2024 16:38:32
CallbackFormEmailModal
Array
(
    [name] => psincurousenlepen@mail.ru
    [phone] => 89976177186
    [formname] => Обратная связь
)

------------------------

------------------------
23.12.2024 16:58:49
Order
Array
(
    [name] => Павлинская Анелия Васильевна
    [email] => vladimirv8899@gmail.com
    [phone] => +7-978-299-6193
    [comment] => Лестничная ступень SР 34х38/40х3 Zn 1200х305 мм, кол-во: 1, цена: 3150руб.
Способ доставки: Самовывоз со склада
Выберите способ оплаты: Оплата наличным

Комментарий к заказу: 
Нужна лестничная ступень оцинкованная  SР 34х38/40х3 Zn 1200х305 мм -22шт или Лестничная ступень SР 34х38/40х3 Zn 1000х305 мм. 
    [formname] => Заказ из корзины
    [fields] => Array
        (
            [price] => 69300
        )

)

------------------------

------------------------
23.12.2024 17:22:14
CallbackFormEmailModal
Array
(
    [name] => musaev.misha.1982.3.5@list.ru
    [phone] => 88941473251
    [formname] => Обратная связь
)

------------------------

------------------------
23.12.2024 17:55:15
CallbackFormEmailModal
Array
(
    [name] => kozlovvarlen19782037@mail.ru
    [phone] => 81698799433
    [formname] => Обратная связь
)

------------------------

------------------------
23.12.2024 19:21:31
CallbackFormEmailModal
Array
(
    [name] => yfifpohzvel@rudiplomust.com
    [phone] => 81576911385
    [formname] => Обратная связь
)

------------------------

------------------------
23.12.2024 20:54:13
CallbackFormEmailModal
Array
(
    [name] => pakistan@best-of-india.site
    [phone] => 86329931394
    [formname] => Обратная связь
)

------------------------

------------------------
23.12.2024 21:49:14
CallbackFormEmailModal
Array
(
    [name] => sdhfjvsdkfbmhlsfvlvsd@gmail.com
    [phone] => 83277632152
    [formname] => Обратная связь
)

------------------------

------------------------
23.12.2024 23:17:52
CallbackFormEmailModal
Array
(
    [name] => mikexxxx@gmail.com
    [phone] => 84356213569
    [formname] => Обратная связь
)

------------------------
