
------------------------
22.02.2024 1:03:37
CallbackFormEmailModal
Array
(
    [name] => viiibdjav@georonbuzztal.online
    [phone] => 84788827199
    [formname] => Обратная связь
)

------------------------

------------------------
22.02.2024 1:50:04
CallbackFormEmailModal
Array
(
    [name] => indomitowot@outlook.com
    [phone] => 82477152881
    [formname] => Обратная связь
)

------------------------

------------------------
22.02.2024 4:17:25
CallbackFormEmailModal
Array
(
    [name] => pressrelease@forbesnewstoday.com
    [phone] => 87938286366
    [formname] => Обратная связь
)

------------------------

------------------------
22.02.2024 6:21:36
CallbackFormEmailModal
Array
(
    [name] => vsev.tchumakov@yandex.ru
    [phone] => 86395423726
    [formname] => Обратная связь
)

------------------------

------------------------
22.02.2024 7:47:55
CallbackFormEmailModal
Array
(
    [name] => allen23987@gmail.com
    [phone] => 87941691113
    [formname] => Обратная связь
)

------------------------

------------------------
22.02.2024 9:32:18
CallbackFormEmailModal
Array
(
    [name] => bekqd1234@list.ru
    [phone] => 84576828465
    [formname] => Обратная связь
)

------------------------

------------------------
22.02.2024 10:09:18
CallbackFormEmailModal
Array
(
    [name] => biatranabad197611@rambler.ru
    [phone] => +71231234567
    [formname] => Обратная связь
)

------------------------

------------------------
22.02.2024 10:41:53
CallbackFormEmailModal
Array
(
    [name] => tamozhennoeoformlenie1@hotmail.com
    [phone] => 81258275879
    [formname] => Обратная связь
)

------------------------

------------------------
22.02.2024 11:58:44
CallbackFormEmailModal
Array
(
    [name] => indomitowot@outlook.com
    [phone] => 81831616113
    [formname] => Обратная связь
)

------------------------

------------------------
22.02.2024 12:30:27
CallbackFormEmailModal
Array
(
    [name] => aq27aqa@rambler.ru
    [phone] => 84624215296
    [formname] => Обратная связь
)

------------------------

------------------------
22.02.2024 14:22:58
CallbackFormEmailModal
Array
(
    [name] => tsotskontrakt@yandex.ru
    [phone] => 82846417917
    [formname] => Обратная связь
)

------------------------

------------------------
22.02.2024 15:16:29
CallbackFormEmailModal
Array
(
    [name] => sborpisemall@gmail.com
    [phone] => 84312191753
    [formname] => Обратная связь
)

------------------------

------------------------
22.02.2024 16:17:30
CallbackFormEmailModal
Array
(
    [name] => froeach12@rezka.wtf
    [phone] => 81773785113
    [formname] => Обратная связь
)

------------------------

------------------------
22.02.2024 19:52:24
CallbackFormEmailModal
Array
(
    [name] => jacksonm.i.chae.l8.74.9@gmail.com
    [phone] => 89712971513
    [formname] => Обратная связь
)

------------------------

------------------------
22.02.2024 20:53:43
CallbackFormEmailModal
Array
(
    [name] => yourmail@gmail.com
    [phone] => 88492646272
    [formname] => Обратная связь
)

------------------------

------------------------
22.02.2024 21:37:23
CallbackFormEmailModal
Array
(
    [name] => k.e.i.t.hy2.art.e.r.b.e.rr.y.r.l@gmail.com
    [phone] => 88858321877
    [formname] => Обратная связь
)

------------------------

------------------------
22.02.2024 21:51:16
CallbackFormEmailModal
Array
(
    [name] => lucido.leinteract@gmail.com
    [phone] => 87178956766
    [formname] => Обратная связь
)

------------------------

------------------------
22.02.2024 22:26:30
CallbackFormEmailModal
Array
(
    [name] => frank@luck.jsafes.com
    [phone] => 88154313356
    [formname] => Обратная связь
)

------------------------

------------------------
22.02.2024 22:35:14
CallbackFormEmailModal
Array
(
    [name] => merlint.h.o.ma.s282.7@gmail.com
    [phone] => 84511833979
    [formname] => Обратная связь
)

------------------------

------------------------
22.02.2024 23:53:14
CallbackFormEmailModal
Array
(
    [name] => mammkiialeksy@gmail.com
    [phone] => 82232835397
    [formname] => Обратная связь
)

------------------------
