
------------------------
19.08.2022 2:21:59
CallbackFormEmailModal
Array
(
    [name] => rgreal069@gmail.com
    [phone] => 89037544323
    [formname] => Обратная связь
)

------------------------

------------------------
19.08.2022 4:44:06
CallbackFormEmailModal
Array
(
    [name] => ginairvine710@gmail.com
    [phone] => 89030790342
    [formname] => Обратная связь
)

------------------------

------------------------
19.08.2022 7:07:07
CallbackFormEmailModal
Array
(
    [name] => lotusbelle76@yahoo.com
    [phone] => 89035943328
    [formname] => Обратная связь
)

------------------------

------------------------
19.08.2022 9:29:38
CallbackFormEmailModal
Array
(
    [name] => godinovirgie@yahoo.com
    [phone] => 89031502030
    [formname] => Обратная связь
)

------------------------

------------------------
19.08.2022 10:14:41
CallbackFormEmailModal
Array
(
    [name] => zqqtmpvnek@rambler.ru
    [phone] => 81121478878
    [formname] => Обратная связь
)

------------------------

------------------------
19.08.2022 11:53:23
CallbackFormEmailModal
Array
(
    [name] => regularjoeuk@hotmail.com
    [phone] => 89035020207
    [formname] => Обратная связь
)

------------------------

------------------------
19.08.2022 14:37:09
CallbackFormEmailModal
Array
(
    [name] => carlyatkission@yahoo.com
    [phone] => 89034761995
    [formname] => Обратная связь
)

------------------------

------------------------
19.08.2022 16:59:27
CallbackFormEmailModal
Array
(
    [name] => lancyny@yahoo.com
    [phone] => 89034709336
    [formname] => Обратная связь
)

------------------------

------------------------
19.08.2022 19:22:07
CallbackFormEmailModal
Array
(
    [name] => Richiericg@gmail.com
    [phone] => 89031954196
    [formname] => Обратная связь
)

------------------------

------------------------
19.08.2022 21:44:19
CallbackFormEmailModal
Array
(
    [name] => Ellenmetheney@yahoo.com
    [phone] => 89035015758
    [formname] => Обратная связь
)

------------------------

------------------------
19.08.2022 22:07:53
CallbackFormEmailModal
Array
(
    [name] => zqqtmpvnek@rambler.ru
    [phone] => 82737667278
    [formname] => Обратная связь
)

------------------------

------------------------
19.08.2022 23:05:48
CallbackFormEmailModal
Array
(
    [name] => andreyvpetrov132435@gmail.com
    [phone] => 82866931926
    [formname] => Обратная связь
)

------------------------
