
------------------------
31.05.2025 1:03:20
CallbackFormEmailModal
Array
(
    [name] => cejnemvm@eblanomail.com
    [phone] => 87559412366
    [formname] => Обратная связь
)

------------------------

------------------------
31.05.2025 2:37:11
CallbackFormEmailModal
Array
(
    [name] => Envicebive@gmail.com
    [phone] => 81245627253
    [formname] => Обратная связь
)

------------------------

------------------------
31.05.2025 11:09:29
CallbackFormEmailModal
Array
(
    [name] => filatovlenian4023@mail.ru
    [phone] => 86383358481
    [formname] => Обратная связь
)

------------------------

------------------------
31.05.2025 11:12:56
CallbackFormEmailModal
Array
(
    [name] => stakesale4@gmail.com
    [phone] => 82249278347
    [formname] => Обратная связь
)

------------------------

------------------------
31.05.2025 12:20:33
CallbackFormEmailModal
Array
(
    [name] => vijertvz@wildbmail.com
    [phone] => 81679991442
    [formname] => Обратная связь
)

------------------------

------------------------
31.05.2025 15:49:51
CallbackFormEmailModal
Array
(
    [name] => placnacidown1989@mail.ru
    [phone] => 88956937762
    [formname] => Обратная связь
)

------------------------

------------------------
31.05.2025 15:55:05
CallbackFormEmailModal
Array
(
    [name] => dzhavgorat-tashdemirov1981@mail.ru
    [phone] => 86617859357
    [formname] => Обратная связь
)

------------------------

------------------------
31.05.2025 16:05:34
CallbackFormEmailModal
Array
(
    [name] => kskoxim@inbox.ru
    [phone] => 83439595472
    [formname] => Обратная связь
)

------------------------

------------------------
31.05.2025 17:24:57
CallbackFormEmailModal
Array
(
    [name] => andrey.don.x@gmail.com
    [phone] => 83826216523
    [formname] => Обратная связь
)

------------------------
