
------------------------
24.09.2023 1:07:41
CallbackFormEmailModal
Array
(
    [name] => info@alina-tobacco.ru
    [phone] => 89799894651
    [formname] => Обратная связь
)

------------------------

------------------------
24.09.2023 3:09:04
CallbackFormEmailModal
Array
(
    [name] => mikeKitGrishitty@gmail.com
    [phone] => 85157369668
    [formname] => Обратная связь
)

------------------------

------------------------
24.09.2023 3:21:33
CallbackFormEmailModal
Array
(
    [name] => m.erte.r.se.l.20.23.2.023.@gmail.com
    [phone] => 85753667359
    [formname] => Обратная связь
)

------------------------

------------------------
24.09.2023 5:27:47
CallbackFormEmailModal
Array
(
    [name] => gugless.222@gmail.com
    [phone] => 85458816796
    [formname] => Обратная связь
)

------------------------

------------------------
24.09.2023 7:21:00
CallbackFormEmailModal
Array
(
    [name] => yourmail@gmail.com
    [phone] => 86936968933
    [formname] => Обратная связь
)

------------------------

------------------------
24.09.2023 7:30:28
CallbackFormEmailModal
Array
(
    [name] => yurkurg@yandex.ru
    [phone] => 88194468783
    [formname] => Обратная связь
)

------------------------

------------------------
24.09.2023 18:00:24
CallbackFormEmailModal
Array
(
    [name] => 89263644480@bk.ru
    [phone] => 79263644480
    [formname] => Обратная связь
)

------------------------
