
------------------------
26.08.2024 6:23:12
CallbackFormEmailModal
Array
(
    [name] => 818icvgdkwwdk5s@tempmail.us.com
    [phone] => 87473771818
    [formname] => Обратная связь
)

------------------------

------------------------
26.08.2024 7:02:04
CallbackFormEmailModal
Array
(
    [name] => comptetacys1988@op.pl
    [phone] => 87681255788
    [formname] => Обратная связь
)

------------------------

------------------------
26.08.2024 8:14:50
CallbackFormEmailModal
Array
(
    [name] => bruce2@ie.ernsys.com
    [phone] => 81618196887
    [formname] => Обратная связь
)

------------------------

------------------------
26.08.2024 11:31:51
CallbackFormEmailModal
Array
(
    [name] => poupop77@donetsk365.ru
    [phone] => 89777147391
    [formname] => Обратная связь
)

------------------------

------------------------
26.08.2024 11:34:16
CallbackFormEmailModal
Array
(
    [name] => titingdero19794@gmail.com
    [phone] => 85741667993
    [formname] => Обратная связь
)

------------------------

------------------------
26.08.2024 11:42:56
CallbackFormEmailModal
Array
(
    [name] => Tehikemiz@mailsphere.xyz
    [phone] => 89483213161
    [formname] => Обратная связь
)

------------------------

------------------------
26.08.2024 17:51:11
CallbackFormEmailModal
Array
(
    [name] => james12@xrevelxr.com
    [phone] => 86918474874
    [formname] => Обратная связь
)

------------------------
