
------------------------
22.10.2023 12:59:45
CallbackFormEmailModal
Array
(
    [name] => progon@dlyaprogona.site
    [phone] => 85341946623
    [formname] => Обратная связь
)

------------------------

------------------------
22.10.2023 14:39:09
CallbackFormEmailModal
Array
(
    [name] => alina@mailside.site
    [phone] => 86541971363
    [formname] => Обратная связь
)

------------------------

------------------------
22.10.2023 18:14:33
CallbackFormEmailModal
Array
(
    [name] => john.mongolfier@gmail.com
    [phone] => 81368216563
    [formname] => Обратная связь
)

------------------------
