
------------------------
07.06.2024 6:31:35
CallbackFormEmailModal
Array
(
    [name] => abdellugovtsev@mail.ru
    [phone] => 86696236589
    [formname] => Обратная связь
)

------------------------

------------------------
07.06.2024 7:11:27
CallbackFormEmailModal
Array
(
    [name] => yaremchukmykhail@gmail.com
    [phone] => 85439846237
    [formname] => Обратная связь
)

------------------------

------------------------
07.06.2024 7:23:46
CallbackFormEmailModal
Array
(
    [name] => frincuylagua198746@rambler.ru
    [phone] => +71231234567
    [formname] => Обратная связь
)

------------------------

------------------------
07.06.2024 11:25:17
Order
Array
(
    [name] => ООО Современные Технологии
    [email] => omts@sovtehsibir.ru
    [phone] => +7-962-819-6000
    [comment] => Ревизия/прочистка Rw200 с выпуском DN110, кол-во: 1, цена: 5000руб.
Способ доставки: Доставка автотранспортом поставщика
Выберите способ оплаты: Оплата на расчетный счет организации
Адрес доставки: Трофимова 19/2

Комментарий к заказу: 

    [formname] => Заказ из корзины
    [fields] => Array
        (
            [price] => 10000
        )

)

------------------------

------------------------
07.06.2024 12:21:55
CallbackFormEmailModal
Array
(
    [name] => halko5070nkx@contact.flipapp.click
    [phone] => 88396942148
    [formname] => Обратная связь
)

------------------------

------------------------
07.06.2024 14:00:38
CallbackFormEmailModal
Array
(
    [name] => qtooafskg@damcongremill.shop
    [phone] => 82243676764
    [formname] => Обратная связь
)

------------------------

------------------------
07.06.2024 15:21:05
CallbackFormEmailModal
Array
(
    [name] => dixie3qz7howard@gmx.com
    [phone] => 84177664385
    [formname] => Обратная связь
)

------------------------

------------------------
07.06.2024 21:52:36
CallbackFormEmailModal
Array
(
    [name] => newcakematt198021@rambler.ru
    [phone] => 85913731829
    [formname] => Обратная связь
)

------------------------

------------------------
07.06.2024 22:39:23
CallbackFormEmailModal
Array
(
    [name] => segif18200@shirulo.com
    [phone] => 88523451839
    [formname] => Обратная связь
)

------------------------
