
------------------------
17.06.2025 2:40:54
CallbackFormEmailModal
Array
(
    [name] => k.arn.ee.v.a.i71.@gmail.com
    [phone] => 87344845113
    [formname] => Обратная связь
)

------------------------

------------------------
17.06.2025 5:27:30
CallbackFormEmailModal
Array
(
    [name] => wyswehytfs@rambler.ru
    [phone] => 71231234567
    [formname] => Обратная связь
)

------------------------

------------------------
17.06.2025 7:21:34
CallbackFormEmailModal
Array
(
    [name] => ogale89@mail.ru
    [phone] => 86253886799
    [formname] => Обратная связь
)

------------------------

------------------------
17.06.2025 7:42:04
CallbackFormEmailModal
Array
(
    [name] => erangifest1980@mail.ru
    [phone] => 86485619929
    [formname] => Обратная связь
)

------------------------

------------------------
17.06.2025 8:29:29
CallbackFormEmailModal
Array
(
    [name] => secberconla1986@mail.ru
    [phone] => 82341558921
    [formname] => Обратная связь
)

------------------------

------------------------
17.06.2025 10:24:49
CallbackFormEmailModal
Array
(
    [name] => prohor.zlobin.14.11.1987@mail.ru
    [phone] => 87569162515
    [formname] => Обратная связь
)

------------------------

------------------------
17.06.2025 10:57:34
Order
Array
(
    [name] => Албасов Геберт
    [email] => 5853745@mail.ru
    [phone] => +7-916-926-9784
    [comment] => Лестничная ступень SР 34х38/30х3 Zn 1000х270 мм, кол-во: 1, цена: 2050руб.
Сварной  настил SP 34х38/30х3 Zn 1200х1000 мм, кол-во: 1, цена: 6300руб.
Способ доставки: Доставка автотранспортом поставщика
Выберите способ оплаты: Оплата на расчетный счет организации
Адрес доставки: д. Ильинское, владение рекламный центр, стр. 3

Комментарий к заказу: 
Полное наименование 	ООО «Мир рекламы-Принт»
Юридический адрес	142006, Московская область, г. Домодедово, микрорайон Востряково, территория Мир рекламы, дом 1, корпус 3


Расчетный счет	40702810300070330184
Корреспондентский счет	30101810445250000360
БИК	044525360
ИНН	7717760054
КПП	500901001
Полное наименование банка	Филиал «Корпоративный» ПАО «Совкомбанк»

    [formname] => Заказ из корзины
    [fields] => Array
        (
            [price] => 78200
        )

)

------------------------

------------------------
17.06.2025 16:16:23
CallbackFormEmailModal
Array
(
    [name] => wt.ve.rdov@gmail.com
    [phone] => 82399496735
    [formname] => Обратная связь
)

------------------------

------------------------
17.06.2025 17:47:39
CallbackFormEmailModal
Array
(
    [name] => revers711@1ti.ru
    [phone] => 82516196375
    [formname] => Обратная связь
)

------------------------

------------------------
17.06.2025 20:46:38
CallbackFormEmailModal
Array
(
    [name] => charleskable@mail.ru
    [phone] => 85622242665
    [formname] => Обратная связь
)

------------------------

------------------------
17.06.2025 22:57:00
CallbackFormEmailModal
Array
(
    [name] => vincenttaits@mail.ru
    [phone] => 81587362296
    [formname] => Обратная связь
)

------------------------
