
------------------------
03.10.2024 1:08:22
CallbackFormEmailModal
Array
(
    [name] => wx12lihe[exygyzotorygetit,2,5]@wxlihe13933.com
    [phone] => 84553679179
    [formname] => Обратная связь
)

------------------------

------------------------
03.10.2024 2:35:13
CallbackFormEmailModal
Array
(
    [name] => persaitov.20@gmail.com:pop.gmail.com
    [phone] => 82199241838
    [formname] => Обратная связь
)

------------------------

------------------------
03.10.2024 3:32:38
CallbackFormEmailModal
Array
(
    [name] => ya@finance-global.org
    [phone] => 81694663549
    [formname] => Обратная связь
)

------------------------

------------------------
03.10.2024 6:09:44
CallbackFormEmailModal
Array
(
    [name] => margaret_cleghornbwis@hotmail.com
    [phone] => 83131521625
    [formname] => Обратная связь
)

------------------------

------------------------
03.10.2024 7:34:19
CallbackFormEmailModal
Array
(
    [name] => qrngxxtmcel@rudiplomust.com
    [phone] => 87527447986
    [formname] => Обратная связь
)

------------------------

------------------------
03.10.2024 9:29:04
CallbackFormEmailModal
Array
(
    [name] => zlhnzbknhel@rudiplomust.com
    [phone] => 83959657933
    [formname] => Обратная связь
)

------------------------

------------------------
03.10.2024 9:29:05
CallbackFormEmailModal
Array
(
    [name] => hcqlltqozel@rudiplomust.com
    [phone] => 88779386973
    [formname] => Обратная связь
)

------------------------

------------------------
03.10.2024 9:41:30
CallbackFormEmailModal
Array
(
    [name] => ljsjksjpm@damcongremill.shop
    [phone] => 89141685539
    [formname] => Обратная связь
)

------------------------

------------------------
03.10.2024 9:56:35
Order
Array
(
    [name] => Андрей Борисович Малыгин
    [email] => septam@yandex.ru
    [phone] => +7-911-553-8132
    [comment] => Сварной  настил SP 34х38/30х2 Zn 1000х1000 мм, кол-во: 1, цена: 3850руб.
Способ доставки: Самовывоз со склада
Выберите способ оплаты: Оплата наличным

Комментарий к заказу: 

    [formname] => Заказ из корзины
    [fields] => Array
        (
            [price] => 77000
        )

)

------------------------

------------------------
03.10.2024 11:12:25
CallbackFormEmailModal
Array
(
    [name] => ygmunfmflel@rudiplomust.com
    [phone] => 82816535967
    [formname] => Обратная связь
)

------------------------

------------------------
03.10.2024 12:03:41
CallbackFormEmailModal
Array
(
    [name] => ecsutquicis1979@op.pl
    [phone] => 88637562713
    [formname] => Обратная связь
)

------------------------

------------------------
03.10.2024 19:18:40
CallbackFormEmailModal
Array
(
    [name] => no-replyxxx@gmail.com
    [phone] => 89523593558
    [formname] => Обратная связь
)

------------------------

------------------------
03.10.2024 19:34:14
CallbackFormEmailModal
Array
(
    [name] => franmeheaddisp1986@op.pl
    [phone] => 87697876117
    [formname] => Обратная связь
)

------------------------
