
------------------------
22.09.2025 0:35:25
CallbackFormEmailModal
Array
(
    [name] => andrey.don.x@gmail.com
    [phone] => 85494324592
    [formname] => Обратная связь
)

------------------------

------------------------
22.09.2025 5:40:39
CallbackFormEmailModal
Array
(
    [name] => 1dansbydruscillaoyu@gmail.com
    [phone] => 89382119948
    [formname] => Обратная связь
)

------------------------

------------------------
22.09.2025 6:00:29
CallbackFormEmailModal
Array
(
    [name] => yourmail@gmail.com
    [phone] => 86234588655
    [formname] => Обратная связь
)

------------------------

------------------------
22.09.2025 6:48:37
CallbackFormEmailModal
Array
(
    [name] => elenakifixo@mail.ru
    [phone] => 84981468522
    [formname] => Обратная связь
)

------------------------

------------------------
22.09.2025 7:11:38
CallbackFormEmailModal
Array
(
    [name] => ivanpoluma@mail.ru
    [phone] => 84985718936
    [formname] => Обратная связь
)

------------------------

------------------------
22.09.2025 7:23:04
CallbackFormEmailModal
Array
(
    [name] => polyakovdanila19908366@mail.ru
    [phone] => 87735838426
    [formname] => Обратная связь
)

------------------------

------------------------
22.09.2025 7:27:19
CallbackFormEmailModal
Array
(
    [name] => irinaxokalo@mail.ru
    [phone] => 89315135977
    [formname] => Обратная связь
)

------------------------

------------------------
22.09.2025 9:01:19
CallbackFormEmailModal
Array
(
    [name] => odkpimxh@streetwormail.com
    [phone] => 88252474731
    [formname] => Обратная связь
)

------------------------

------------------------
22.09.2025 9:11:40
CallbackFormEmailModal
Array
(
    [name] => toktobayeva.nata@mail.ru
    [phone] => 86473878221
    [formname] => Обратная связь
)

------------------------

------------------------
22.09.2025 9:17:34
CallbackFormEmailModal
Array
(
    [name] => sinevhabibi664@bk.ru
    [phone] => 84852714386
    [formname] => Обратная связь
)

------------------------

------------------------
22.09.2025 9:18:22
CallbackFormEmailModal
Array
(
    [name] => waai8stccwnc@mail.ru
    [phone] => 82638365897
    [formname] => Обратная связь
)

------------------------

------------------------
22.09.2025 9:19:08
CallbackFormEmailModal
Array
(
    [name] => hrabrgulyaev1996673@mail.ru
    [phone] => 82939564217
    [formname] => Обратная связь
)

------------------------

------------------------
22.09.2025 9:20:09
CallbackFormEmailModal
Array
(
    [name] => blinovazinonna1983@mail.ru
    [phone] => 88799328934
    [formname] => Обратная связь
)

------------------------

------------------------
22.09.2025 9:21:29
CallbackFormEmailModal
Array
(
    [name] => dzhulenbalakin@mail.ru
    [phone] => 85539946642
    [formname] => Обратная связь
)

------------------------

------------------------
22.09.2025 9:26:24
CallbackFormEmailModal
Array
(
    [name] => eepovda@bk.ru
    [phone] => 85122282285
    [formname] => Обратная связь
)

------------------------

------------------------
22.09.2025 9:27:05
CallbackFormEmailModal
Array
(
    [name] => svetlanakomissarova1987@mail.ru
    [phone] => 89361184891
    [formname] => Обратная связь
)

------------------------

------------------------
22.09.2025 9:27:59
CallbackFormEmailModal
Array
(
    [name] => mikhail.kholudenev.93@mail.ru
    [phone] => 86473425829
    [formname] => Обратная связь
)

------------------------

------------------------
22.09.2025 9:36:24
CallbackFormEmailModal
Array
(
    [name] => deacren@mail.ru
    [phone] => 87687567763
    [formname] => Обратная связь
)

------------------------

------------------------
22.09.2025 9:40:02
CallbackFormEmailModal
Array
(
    [name] => prohor.zlobin.14.11.1987@mail.ru
    [phone] => 83242587793
    [formname] => Обратная связь
)

------------------------

------------------------
22.09.2025 10:05:15
CallbackFormEmailModal
Array
(
    [name] => egorbmxik@mail.ru
    [phone] => 88288966359
    [formname] => Обратная связь
)

------------------------

------------------------
22.09.2025 10:07:20
CallbackFormEmailModal
Array
(
    [name] => karzhavinvenegard@mail.ru
    [phone] => 83625342372
    [formname] => Обратная связь
)

------------------------

------------------------
22.09.2025 10:08:23
CallbackFormEmailModal
Array
(
    [name] => orlov.roman.1988.2.11@list.ru
    [phone] => 88847616839
    [formname] => Обратная связь
)

------------------------

------------------------
22.09.2025 10:09:16
CallbackFormEmailModal
Array
(
    [name] => valerakimuvo@mail.ru
    [phone] => 88257155637
    [formname] => Обратная связь
)

------------------------

------------------------
22.09.2025 11:30:16
CallbackFormEmailModal
Array
(
    [name] => zothosnmrSn@echocosmos.online
    [phone] => 83339816712
    [formname] => Обратная связь
)

------------------------

------------------------
22.09.2025 14:13:39
CallbackFormEmailModal
Array
(
    [name] => icucareso90.2@gmail.com
    [phone] => 86532842321
    [formname] => Обратная связь
)

------------------------

------------------------
22.09.2025 14:51:02
CallbackFormEmailModal
Array
(
    [name] => zswwessp@streetwormail.com
    [phone] => 82674281429
    [formname] => Обратная связь
)

------------------------

------------------------
22.09.2025 16:09:57
CallbackFormEmailModal
Array
(
    [name] => vincenttaits@mail.ru
    [phone] => 87838233835
    [formname] => Обратная связь
)

------------------------

------------------------
22.09.2025 16:27:28
CallbackFormEmailModal
Array
(
    [name] => dansbydruscillaoyu@gmail.com
    [phone] => 88576281227
    [formname] => Обратная связь
)

------------------------

------------------------
22.09.2025 17:26:06
CallbackFormEmailModal
Array
(
    [name] => lymmywlf@tubermail.com
    [phone] => 81163735536
    [formname] => Обратная связь
)

------------------------

------------------------
22.09.2025 21:43:24
CallbackFormEmailModal
Array
(
    [name] => gunlekingovertcon@mail.ru
    [phone] => 82258668988
    [formname] => Обратная связь
)

------------------------

------------------------
22.09.2025 22:04:36
CallbackFormEmailModal
Array
(
    [name] => kharalampiimartyshkin@mail.ru
    [phone] => 82747363582
    [formname] => Обратная связь
)

------------------------

------------------------
22.09.2025 22:15:54
CallbackFormEmailModal
Array
(
    [name] => konstantinrovini@mail.ru
    [phone] => 86372784579
    [formname] => Обратная связь
)

------------------------

------------------------
22.09.2025 22:53:12
CallbackFormEmailModal
Array
(
    [name] => osipova.liliia.1986.22.12@inbox.ru
    [phone] => 85397365889
    [formname] => Обратная связь
)

------------------------
