
------------------------
04.04.2022 5:20:59
CallbackFormEmailModal
Array
(
    [name] => jarvey2601@hotmail.es
    [phone] => 88677334538
    [formname] => Обратная связь
)

------------------------

------------------------
04.04.2022 14:38:44
CallbackFormEmailModal
Array
(
    [name] => malinoleg91@mail.ru
    [phone] => 89947658911
    [formname] => Обратная связь
)

------------------------

------------------------
04.04.2022 16:09:24
Order
Array
(
    [name] => Егоров Александр
    [email] => egorov1704@gmail.com
    [phone] => +7-916-584-5685
    [comment] => Лестничная ступень Р 33х33/30х3 Zn 1000х270 мм, кол-во: 1, цена: 2950руб.
Способ доставки: Доставка автотранспортом поставщика
Выберите способ оплаты: Оплата наличным
Адрес доставки: Изумрудная ул. 42-95

Комментарий к заказу: 
Доставка 08.04.2022 до 16:00
    [formname] => Заказ из корзины
    [fields] => Array
        (
            [price] => 14750
        )

)

------------------------
