
------------------------
03.12.2022 4:58:51
CallbackFormEmailModal
Array
(
    [name] => alexanhk125@gmail.com
    [phone] => +79644431130
    [formname] => Обратная связь
)

------------------------

------------------------
03.12.2022 9:00:31
CallbackFormEmailModal
Array
(
    [name] => railaw.esterlund.677@gmail.com
    [phone] => 85224768371
    [formname] => Обратная связь
)

------------------------

------------------------
03.12.2022 10:38:17
CallbackFormEmailModal
Array
(
    [name] => mohamm.edw.ood009.8@gmail.com
    [phone] => 85513311449
    [formname] => Обратная связь
)

------------------------

------------------------
03.12.2022 11:27:45
CallbackFormEmailModal
Array
(
    [name] => emamono.v.a.5.6.2@gmail.com
    [phone] => 87667835585
    [formname] => Обратная связь
)

------------------------

------------------------
03.12.2022 12:24:25
CallbackFormEmailModal
Array
(
    [name] => l.uk.in.o.v.ic.h.202.2.135.5@gmail.com

    [phone] => 88161234316
    [formname] => Обратная связь
)

------------------------

------------------------
03.12.2022 13:02:28
CallbackFormEmailModal
Array
(
    [name] => office@winline.org
    [phone] => 88439372587
    [formname] => Обратная связь
)

------------------------
