
------------------------
19.02.2024 1:03:39
CallbackFormEmailModal
Array
(
    [name] => indomitowot@outlook.com
    [phone] => 83721936598
    [formname] => Обратная связь
)

------------------------

------------------------
19.02.2024 3:01:51
CallbackFormEmailModal
Array
(
    [name] => udaquhi@a.youemailrety.com
    [phone] => 83838128975
    [formname] => Обратная связь
)

------------------------

------------------------
19.02.2024 3:11:28
CallbackFormEmailModal
Array
(
    [name] => udaquhi@a.youemailrety.com
    [phone] => 87168364885
    [formname] => Обратная связь
)

------------------------

------------------------
19.02.2024 6:11:26
CallbackFormEmailModal
Array
(
    [name] => lucido.leinteract@gmail.com
    [phone] => 87546983185
    [formname] => Обратная связь
)

------------------------

------------------------
19.02.2024 8:34:24
CallbackFormEmailModal
Array
(
    [name] => nbnnfbd32323@atrimoney.site
    [phone] => 85771326571
    [formname] => Обратная связь
)

------------------------

------------------------
19.02.2024 12:25:21
CallbackFormEmailModal
Array
(
    [name] => indomitowot@outlook.com
    [phone] => 84734178239
    [formname] => Обратная связь
)

------------------------

------------------------
19.02.2024 18:25:23
CallbackFormEmailModal
Array
(
    [name] => prrelease@britishnewstoday.com
    [phone] => 88317142534
    [formname] => Обратная связь
)

------------------------

------------------------
19.02.2024 19:04:47
CallbackFormEmailModal
Array
(
    [name] => peterAlburnern@gmail.com
    [phone] => 87887563896
    [formname] => Обратная связь
)

------------------------

------------------------
19.02.2024 23:49:32
CallbackFormEmailModal
Array
(
    [name] => indomitowot@outlook.com
    [phone] => 85182285737
    [formname] => Обратная связь
)

------------------------
