
------------------------
30.03.2024 0:51:41
CallbackFormEmailModal
Array
(
    [name] => ann.a.ba.tt.23@gmail.com
    [phone] => 86456715186
    [formname] => Обратная связь
)

------------------------

------------------------
30.03.2024 9:03:09
CallbackFormEmailModal
Array
(
    [name] => lexbsingseeca197830@rambler.ru
    [phone] => +71231234567
    [formname] => Обратная связь
)

------------------------

------------------------
30.03.2024 10:38:37
CallbackFormEmailModal
Array
(
    [name] => utcharismist198769@rambler.ru
    [phone] => +71234567123
    [formname] => Обратная связь
)

------------------------

------------------------
30.03.2024 11:12:29
CallbackFormEmailModal
Array
(
    [name] => lucido.leinteract@gmail.com
    [phone] => 82986832132
    [formname] => Обратная связь
)

------------------------

------------------------
30.03.2024 11:29:50
CallbackFormEmailModal
Array
(
    [name] => faynema7@hotmail.com
    [phone] => 85298279468
    [formname] => Обратная связь
)

------------------------

------------------------
30.03.2024 11:50:04
CallbackFormEmailModal
Array
(
    [name] => dusttowchiwindbizca@mail.ru
    [phone] => 82815619768
    [formname] => Обратная связь
)

------------------------

------------------------
30.03.2024 12:25:45
CallbackFormEmailModal
Array
(
    [name] => borisgendelman22@outlook.com
    [phone] => 87462251484
    [formname] => Обратная связь
)

------------------------

------------------------
30.03.2024 13:02:45
CallbackFormEmailModal
Array
(
    [name] => petrp3308@gmail.com
    [phone] => 83616941441
    [formname] => Обратная связь
)

------------------------

------------------------
30.03.2024 14:18:21
CallbackFormEmailModal
Array
(
    [name] => marveelouzja.m.e.s0192@gmail.com
    [phone] => 84336155234
    [formname] => Обратная связь
)

------------------------

------------------------
30.03.2024 15:33:42
CallbackFormEmailModal
Array
(
    [name] => acitbipraseloc@mail.ru
    [phone] => 85193598671
    [formname] => Обратная связь
)

------------------------

------------------------
30.03.2024 15:44:14
CallbackFormEmailModal
Array
(
    [name] => dmdxbeqejrrullfc@onet.pl
    [phone] => 83757134994
    [formname] => Обратная связь
)

------------------------

------------------------
30.03.2024 16:36:36
CallbackFormEmailModal
Array
(
    [name] => mangmolamentmabook@mail.ru
    [phone] => 82833734346
    [formname] => Обратная связь
)

------------------------

------------------------
30.03.2024 16:48:53
CallbackFormEmailModal
Array
(
    [name] => u1002998@kypimavto.ru
    [phone] => 86842723315
    [formname] => Обратная связь
)

------------------------

------------------------
30.03.2024 18:01:52
CallbackFormEmailModal
Array
(
    [name] => farbstat@cleanerkat.pl
    [phone] => 82222214645
    [formname] => Обратная связь
)

------------------------

------------------------
30.03.2024 19:57:39
CallbackFormEmailModal
Array
(
    [name] => yrhpuctylmyrefma@onet.pl
    [phone] => 81615112266
    [formname] => Обратная связь
)

------------------------

------------------------
30.03.2024 22:56:04
CallbackFormEmailModal
Array
(
    [name] => u1002998@kypimavto.ru
    [phone] => 87199969356
    [formname] => Обратная связь
)

------------------------

------------------------
30.03.2024 23:16:21
CallbackFormEmailModal
Array
(
    [name] => avtocentravrora@gmail.com
    [phone] => 85174386111
    [formname] => Обратная связь
)

------------------------
