
------------------------
20.11.2022 1:00:32
CallbackFormEmailModal
Array
(
    [name] => sypeerymn@onemailtop.xyz
    [phone] => 88143165337
    [formname] => Обратная связь
)

------------------------

------------------------
20.11.2022 1:33:57
CallbackFormEmailModal
Array
(
    [name] => e2zbp@course-fitness.com
    [phone] => 85988379286
    [formname] => Обратная связь
)

------------------------

------------------------
20.11.2022 2:44:24
CallbackFormEmailModal
Array
(
    [name] => i.r.i.namas.l.o.va.61.8.@gmail.com
    [phone] => 84747676281
    [formname] => Обратная связь
)

------------------------

------------------------
20.11.2022 2:44:25
CallbackFormEmailModal
Array
(
    [name] => dogo.n.kinav3.4@gmail.com
    [phone] => 81475746772
    [formname] => Обратная связь
)

------------------------

------------------------
20.11.2022 2:44:25
CallbackFormEmailModal
Array
(
    [name] => i.nga.m93.9.@gmail.com
    [phone] => 86675265396
    [formname] => Обратная связь
)

------------------------

------------------------
20.11.2022 6:12:57
CallbackFormEmailModal
Array
(
    [name] => shazdesuza@gmail.com
    [phone] => 82582773917
    [formname] => Обратная связь
)

------------------------

------------------------
20.11.2022 7:38:06
CallbackFormEmailModal
Array
(
    [name] => l.u.ki.n.o.vich.20.2.213.55@gmail.com

    [phone] => 84915447292
    [formname] => Обратная связь
)

------------------------

------------------------
20.11.2022 8:25:32
CallbackFormEmailModal
Array
(
    [name] => kat-servise56@yandex.com
    [phone] => 88471143775
    [formname] => Обратная связь
)

------------------------

------------------------
20.11.2022 15:03:54
CallbackFormEmailModal
Array
(
    [name] => nikolinagenovskaya@yandex.ru
    [phone] => 86179564936
    [formname] => Обратная связь
)

------------------------

------------------------
20.11.2022 19:53:59
CallbackFormEmailModal
Array
(
    [name] => ir.in.a.m.a.s.l.ovic.@gmail.com
    [phone] => 87454665781
    [formname] => Обратная связь
)

------------------------
