
------------------------
07.10.2024 2:08:02
CallbackFormEmailModal
Array
(
    [name] => partthochato1985@op.pl
    [phone] => 87429912169
    [formname] => Обратная связь
)

------------------------

------------------------
07.10.2024 3:32:42
CallbackFormEmailModal
Array
(
    [name] => ndtdoihhcel@rudiplomust.com
    [phone] => 87819891617
    [formname] => Обратная связь
)

------------------------

------------------------
07.10.2024 4:58:23
CallbackFormEmailModal
Array
(
    [name] => elena.aprelsckaya@yandex.ru
    [phone] => 9944163487
    [formname] => Обратная связь
)

------------------------

------------------------
07.10.2024 6:14:54
CallbackFormEmailModal
Array
(
    [name] => uamkiylhpel@rudiplomust.com
    [phone] => 89129431412
    [formname] => Обратная связь
)

------------------------

------------------------
07.10.2024 10:12:32
Order
Array
(
    [name] => Сергей Владимирович Загуляев
    [email] => snab@8ga.ru
    [phone] => +7-912-748-3917
    [comment] => Ревизия/прочистка Rw200 с выпуском DN110, кол-во: 1, цена: 5000руб.
Способ доставки: Доставка автотранспортом поставщика
Выберите способ оплаты: Оплата на расчетный счет организации
Адрес доставки: терминал ТК Деловые линии в г. Ижевск ул. Салютовская д 19

Комментарий к заказу: 
Прошу выставить счет с НДС . Реквизиты указаны ниже
ОРГАНИЗАЦИЯ	Полное наименование организации	общество с ограниченной ответственностью "8Га"
	Сокращенное наименование организации	ООО "8Га"
	Юридический, фактический и почтовый адрес	427011, Удмуртская Республика, м.о. Завьяловский район, д. Хохряки, 
ул. Тепличная, д. 11, офис 5
	ИНН / ОГРН / КПП	1841106014 / 1221800014699 / 184101001
	ОКПО / ОКАТО / ОКТМО	94775173 / 94216847001 / 94516000606
КОНКТАКТЫ	Руководитель	Генеральный директор
Рысьев Евгений Витальевич
	Электронная почта	ooo8ga@yandex.ru

БАНКОВСКИЕ РЕКВИЗИТЫ	Наименование банка	Филиал «Центральный» банка ВТБ (ПАО)
	Корреспондентский счет	30101810145250000411
	БИК	044525411
	Расчетный счет	40702810419060000239

    [formname] => Заказ из корзины
    [fields] => Array
        (
            [price] => 5000
        )

)

------------------------

------------------------
07.10.2024 10:13:47
Order
Array
(
    [name] => Сергей Владимирович Загуляев
    [email] => snab@8ga.ru
    [phone] => +7-912-748-3917
    [comment] => Ревизия/прочистка Rw200 с выпуском DN110, кол-во: 1, цена: 5000руб.
Способ доставки: Доставка автотранспортом поставщика
Выберите способ оплаты: Оплата на расчетный счет организации
Адрес доставки: терминал ТК Деловые линии в г. Ижевск ул. Салютовская д 19

Комментарий к заказу: 
Прошу выставить счет с НДС Реквизиты указаны ниже: 
ОРГАНИЗАЦИЯ	Полное наименование организации	общество с ограниченной ответственностью "8Га"
	Сокращенное наименование организации	ООО "8Га"
	Юридический, фактический и почтовый адрес	427011, Удмуртская Республика, м.о. Завьяловский район, д. Хохряки, 
ул. Тепличная, д. 11, офис 5
	ИНН / ОГРН / КПП	1841106014 / 1221800014699 / 184101001
	ОКПО / ОКАТО / ОКТМО	94775173 / 94216847001 / 94516000606
КОНКТАКТЫ	Руководитель	Генеральный директор
Рысьев Евгений Витальевич
	Электронная почта	ooo8ga@yandex.ru

БАНКОВСКИЕ РЕКВИЗИТЫ	Наименование банка	Филиал «Центральный» банка ВТБ (ПАО)
	Корреспондентский счет	30101810145250000411
	БИК	044525411
	Расчетный счет	40702810419060000239

    [formname] => Заказ из корзины
    [fields] => Array
        (
            [price] => 100000
        )

)

------------------------

------------------------
07.10.2024 11:04:20
CallbackFormEmailModal
Array
(
    [name] => ozgjoyhlyel@rudiplomust.com
    [phone] => 81496464271
    [formname] => Обратная связь
)

------------------------

------------------------
07.10.2024 15:56:53
CallbackFormEmailModal
Array
(
    [name] => tbolger@acor.com
    [phone] => 88293665454
    [formname] => Обратная связь
)

------------------------

------------------------
07.10.2024 16:23:06
CallbackFormEmailModal
Array
(
    [name] => subhawniwel@rudiplomust.com
    [phone] => 82479298928
    [formname] => Обратная связь
)

------------------------

------------------------
07.10.2024 17:20:26
CallbackFormEmailModal
Array
(
    [name] => xpezksyqyel@rudiplomust.com
    [phone] => 86885216973
    [formname] => Обратная связь
)

------------------------

------------------------
07.10.2024 20:01:48
CallbackFormEmailModal
Array
(
    [name] => sabrinaablezova35@gmail.com
    [phone] => 87859787849
    [formname] => Обратная связь
)

------------------------

------------------------
07.10.2024 20:43:15
Order
Array
(
    [name] => Павлов Юрий
    [email] => plast-kart@mail.ru
    [phone] => +7-911-509-9182
    [comment] => Стандартный канал S370 1.5мм, кол-во: 1, цена: 6050руб.
Способ доставки: Доставка автотранспортом поставщика
Выберите способ оплаты: Оплата на расчетный счет организации
Адрес доставки: г. Вологда

Комментарий к заказу: 

    [formname] => Заказ из корзины
    [fields] => Array
        (
            [price] => 54450
        )

)

------------------------
