
------------------------
01.12.2022 8:36:48
CallbackFormEmailModal
Array
(
    [name] => zvzbfc@outlook.com
    [phone] => 89131774394
    [formname] => Обратная связь
)

------------------------

------------------------
01.12.2022 11:20:08
CallbackFormEmailModal
Array
(
    [name] => no-replysuinuts@gmail.com
    [phone] => 82279846947
    [formname] => Обратная связь
)

------------------------

------------------------
01.12.2022 13:58:22
CallbackFormEmailModal
Array
(
    [name] => luki.n.o.v.ic.h.20.22.1355@gmail.com

    [phone] => 82942433669
    [formname] => Обратная связь
)

------------------------

------------------------
01.12.2022 14:08:21
CallbackFormEmailModal
Array
(
    [name] => ootvndobv@gordpizza.ru
    [phone] => 81647576912
    [formname] => Обратная связь
)

------------------------

------------------------
01.12.2022 18:41:14
CallbackFormEmailModal
Array
(
    [name] => nikolinagenovskaya@yandex.ru
    [phone] => 82442432798
    [formname] => Обратная связь
)

------------------------

------------------------
01.12.2022 20:54:04
CallbackFormEmailModal
Array
(
    [name] => alexpopov716253@gmail.com
    [phone] => 85287135786
    [formname] => Обратная связь
)

------------------------

------------------------
01.12.2022 23:14:39
CallbackFormEmailModal
Array
(
    [name] => Adrian Osol
    [phone] => NickyPaukert@gmail.com
    [formname] => Обратная связь
)

------------------------
