
------------------------
12.05.2025 2:35:01
CallbackFormEmailModal
Array
(
    [name] => 7158792@gmail.com
    [phone] => +71231234567
    [formname] => Обратная связь
)

------------------------

------------------------
12.05.2025 4:42:57
CallbackFormEmailModal
Array
(
    [name] => oudnnlpf@ronaldofmail.com
    [phone] => 84651576273
    [formname] => Обратная связь
)

------------------------

------------------------
12.05.2025 6:20:36
CallbackFormEmailModal
Array
(
    [name] => bikon777@rambler.ru
    [phone] => 84853482744
    [formname] => Обратная связь
)

------------------------

------------------------
12.05.2025 9:36:22
CallbackFormEmailModal
Array
(
    [name] => arturgorz2o3@bk.ru
    [phone] => 84584649554
    [formname] => Обратная связь
)

------------------------

------------------------
12.05.2025 11:21:33
CallbackFormEmailModal
Array
(
    [name] => mypnlper@ronaldofmail.com
    [phone] => 87911447161
    [formname] => Обратная связь
)

------------------------

------------------------
12.05.2025 12:14:36
CallbackFormEmailModal
Array
(
    [name] => yulya.onipchenko.88@mail.ru
    [phone] => 84924592545
    [formname] => Обратная связь
)

------------------------

------------------------
12.05.2025 12:47:23
Order
Array
(
    [name] => Студёнов Олег Игоревич
    [email] => stuolg23@gmail.com
    [phone] => +7-902-504-5194
    [comment] => Лестничная ступень Р 33х33/30х3 Zn 1000х270 мм, кол-во: 1, цена: 2950руб.
Способ доставки: Доставка автотранспортом поставщика
Выберите способ оплаты: Оплата на расчетный счет организации
Адрес доставки: г. Мурманск

Комментарий к заказу: 
Доставка до терминала ТК "Деловые Линии"
    [formname] => Заказ из корзины
    [fields] => Array
        (
            [price] => 23600
        )

)

------------------------

------------------------
12.05.2025 14:01:34
CallbackFormEmailModal
Array
(
    [name] => robertNub@mail.ru
    [phone] => 86675627557
    [formname] => Обратная связь
)

------------------------

------------------------
12.05.2025 14:41:04
CallbackFormEmailModal
Array
(
    [name] => revers711@1ti.ru
    [phone] => 88453613683
    [formname] => Обратная связь
)

------------------------

------------------------
12.05.2025 18:08:05
CallbackFormEmailModal
Array
(
    [name] => mosoce-416@mail.ru
    [phone] => 81155122225
    [formname] => Обратная связь
)

------------------------

------------------------
12.05.2025 18:47:10
CallbackFormEmailModal
Array
(
    [name] => ebnmty75@gmail.com
    [phone] => 82532294542
    [formname] => Обратная связь
)

------------------------

------------------------
12.05.2025 19:01:07
CallbackFormEmailModal
Array
(
    [name] => iqablala1980858@mail.ru
    [phone] => 85729448153
    [formname] => Обратная связь
)

------------------------

------------------------
12.05.2025 19:28:10
CallbackFormEmailModal
Array
(
    [name] => yulya.onipchenko.88@mail.ru
    [phone] => 88347618146
    [formname] => Обратная связь
)

------------------------

------------------------
12.05.2025 19:32:23
CallbackFormEmailModal
Array
(
    [name] => tipanasotemthia@mail.ru
    [phone] => 87399325985
    [formname] => Обратная связь
)

------------------------

------------------------
12.05.2025 19:53:57
CallbackFormEmailModal
Array
(
    [name] => jisankape@list.ru
    [phone] => 88221524735
    [formname] => Обратная связь
)

------------------------

------------------------
12.05.2025 19:53:58
CallbackFormEmailModal
Array
(
    [name] => saysalruanscilich@mail.ru
    [phone] => 84482914318
    [formname] => Обратная связь
)

------------------------

------------------------
12.05.2025 19:55:11
CallbackFormEmailModal
Array
(
    [name] => secberconla1986@mail.ru
    [phone] => 83376413913
    [formname] => Обратная связь
)

------------------------

------------------------
12.05.2025 21:26:19
CallbackFormEmailModal
Array
(
    [name] => polyakovdanila19908366@mail.ru
    [phone] => 86366567244
    [formname] => Обратная связь
)

------------------------

------------------------
12.05.2025 22:20:59
CallbackFormEmailModal
Array
(
    [name] => janjoxofu@gmx.net
    [phone] => 86291888439
    [formname] => Обратная связь
)

------------------------

------------------------
12.05.2025 22:38:24
CallbackFormEmailModal
Array
(
    [name] => orlovpetrxq2961@rambler.ru
    [phone] => 83874675363
    [formname] => Обратная связь
)

------------------------

------------------------
12.05.2025 22:41:34
CallbackFormEmailModal
Array
(
    [name] => higbiosepo1986@mail.ru
    [phone] => 87521182425
    [formname] => Обратная связь
)

------------------------

------------------------
12.05.2025 22:53:24
CallbackFormEmailModal
Array
(
    [name] => rais.shchigelskaya2002@mail.ru
    [phone] => 87868448833
    [formname] => Обратная связь
)

------------------------

------------------------
12.05.2025 23:17:10
CallbackFormEmailModal
Array
(
    [name] => kozlovvarlen19782037@mail.ru
    [phone] => 81854194672
    [formname] => Обратная связь
)

------------------------
