
------------------------
11.11.2023 1:34:41
CallbackFormEmailModal
Array
(
    [name] => projectdept@kanzalshamsprojectmgt.com
    [phone] => 85781911286
    [formname] => Обратная связь
)

------------------------

------------------------
11.11.2023 2:22:35
CallbackFormEmailModal
Array
(
    [name] => gerasimovaaron36@mail.ru
    [phone] => 84736971879
    [formname] => Обратная связь
)

------------------------

------------------------
11.11.2023 7:52:12
CallbackFormEmailModal
Array
(
    [name] => lenagazprom@gmail.com
    [phone] => 83268377955
    [formname] => Обратная связь
)

------------------------

------------------------
11.11.2023 8:30:24
CallbackFormEmailModal
Array
(
    [name] => idbceixhmEa@bobbor.store
    [phone] => 86468627417
    [formname] => Обратная связь
)

------------------------

------------------------
11.11.2023 8:30:24
CallbackFormEmailModal
Array
(
    [name] => chjxaptmdEa@bobbor.store
    [phone] => 89322683782
    [formname] => Обратная связь
)

------------------------

------------------------
11.11.2023 8:30:25
CallbackFormEmailModal
Array
(
    [name] => pdotfqizzEa@bobbor.store
    [phone] => 82586818311
    [formname] => Обратная связь
)

------------------------

------------------------
11.11.2023 21:36:41
CallbackFormEmailModal
Array
(
    [name] => george77edwards63as@rambler.ru
    [phone] => 83775718457
    [formname] => Обратная связь
)

------------------------

------------------------
11.11.2023 23:20:44
CallbackFormEmailModal
Array
(
    [name] => 6yrlk83epx65656@rambler.ru
    [phone] => 86789581747
    [formname] => Обратная связь
)

------------------------
