
------------------------
04.12.2022 0:06:58
CallbackFormEmailModal
Array
(
    [name] => michadf@po123.s3.lolekemail.net
    [phone] => 81871389364
    [formname] => Обратная связь
)

------------------------

------------------------
04.12.2022 1:25:10
CallbackFormEmailModal
Array
(
    [name] => masterdirekt77@gmail.com
    [phone] => +71231234567
    [formname] => Обратная связь
)

------------------------

------------------------
04.12.2022 6:42:22
CallbackFormEmailModal
Array
(
    [name] => 16@seo-vk.fun
    [phone] => 86639925748
    [formname] => Обратная связь
)

------------------------

------------------------
04.12.2022 7:56:23
CallbackFormEmailModal
Array
(
    [name] => yp8k@course-fitness.com
    [phone] => 84595648582
    [formname] => Обратная связь
)

------------------------

------------------------
04.12.2022 7:56:51
CallbackFormEmailModal
Array
(
    [name] => sozdayusaity@gmail.com
    [phone] => 81924372878
    [formname] => Обратная связь
)

------------------------

------------------------
04.12.2022 8:58:51
CallbackFormEmailModal
Array
(
    [name] => choksad@gmail.com
    [phone] => 81593945237
    [formname] => Обратная связь
)

------------------------

------------------------
04.12.2022 10:21:18
CallbackFormEmailModal
Array
(
    [name] => clirikfreesignals@gmail.com
    [phone] => 81231714744
    [formname] => Обратная связь
)

------------------------

------------------------
04.12.2022 13:01:32
CallbackFormEmailModal
Array
(
    [name] => ecodoTork@baileymail.xyz
    [phone] => 87947395183
    [formname] => Обратная связь
)

------------------------

------------------------
04.12.2022 19:20:50
CallbackFormEmailModal
Array
(
    [name] => info@outbacknevada.us
    [phone] => 89411622626
    [formname] => Обратная связь
)

------------------------

------------------------
04.12.2022 19:39:35
CallbackFormEmailModal
Array
(
    [name] => velpspews@onymail.xyz
    [phone] => 87774318424
    [formname] => Обратная связь
)

------------------------

------------------------
04.12.2022 23:51:21
CallbackFormEmailModal
Array
(
    [name] => bbaz48884mw@bk.ru
    [phone] => 79257397320
    [formname] => Обратная связь
)

------------------------
