
------------------------
24.07.2023 0:43:00
CallbackFormEmailModal
Array
(
    [name] => vafenkerbcor@googleis.site

    [phone] => 81899144452
    [formname] => Обратная связь
)

------------------------

------------------------
24.07.2023 0:59:43
CallbackFormEmailModal
Array
(
    [name] => saakian.vova.1985.13.9@list.ru
    [phone] => 89964818341
    [formname] => Обратная связь
)

------------------------

------------------------
24.07.2023 2:07:03
CallbackFormEmailModal
Array
(
    [name] => putingjano@hotmail.com
    [phone] => 86714763394
    [formname] => Обратная связь
)

------------------------

------------------------
24.07.2023 2:35:23
CallbackFormEmailModal
Array
(
    [name] => belchaleo.6602@mail.ru
    [phone] => 88176684116
    [formname] => Обратная связь
)

------------------------

------------------------
24.07.2023 5:07:56
CallbackFormEmailModal
Array
(
    [name] => vqjhobrt@mail.ru
    [phone] => +791234567127
    [formname] => Обратная связь
)

------------------------

------------------------
24.07.2023 6:36:43
CallbackFormEmailModal
Array
(
    [name] => mamedov.edgar.1992.3.3@inbox.ru
    [phone] => 82886886923
    [formname] => Обратная связь
)

------------------------

------------------------
24.07.2023 7:21:12
CallbackFormEmailModal
Array
(
    [name] => yourmail@gmail.com
    [phone] => 84971522923
    [formname] => Обратная связь
)

------------------------

------------------------
24.07.2023 7:21:34
CallbackFormEmailModal
Array
(
    [name] => taisiya.alximowa@mail.ru
    [phone] => 86857241721
    [formname] => Обратная связь
)

------------------------

------------------------
24.07.2023 8:58:47
CallbackFormEmailModal
Array
(
    [name] => lana.karpova.2002@inbox.ru
    [phone] => 84566925489
    [formname] => Обратная связь
)

------------------------

------------------------
24.07.2023 9:18:56
CallbackFormEmailModal
Array
(
    [name] => petrova.kristina.1978.3.3@inbox.ru
    [phone] => 81217175974
    [formname] => Обратная связь
)

------------------------

------------------------
24.07.2023 11:45:00
CallbackFormEmailModal
Array
(
    [name] => petrov.daniil.1978.13.10@inbox.ru
    [phone] => 85196356373
    [formname] => Обратная связь
)

------------------------

------------------------
24.07.2023 11:49:07
CallbackEmailModal
Array
(
    [name] => Сергей
    [phone] => +7(965)089-07-06
    [comment] => Название продуката: Стандартный канал S220 1.5мм
Комменатрий: Добрый день. Необходимо изготовить систему лотков П- образной формы размером 6000х3000. Интересует примерная стоимость с сетчатой решеткой и одним присоединением к канализационной трубе 110 мм и сроки исполнения заказа.
    [formname] => Задать вопрос по товару
)

------------------------

------------------------
24.07.2023 11:58:12
CallbackFormEmailModal
Array
(
    [name] => lundhandpako198672@rambler.ru
    [phone] => +71231234567
    [formname] => Обратная связь
)

------------------------

------------------------
24.07.2023 18:01:28
CallbackFormEmailModal
Array
(
    [name] => laomloukr@mail.ru
    [phone] => 88351787988
    [formname] => Обратная связь
)

------------------------

------------------------
24.07.2023 22:04:28
CallbackFormEmailModal
Array
(
    [name] => pattyaprild9f9@outlook.com
    [phone] => 86741262718
    [formname] => Обратная связь
)

------------------------

------------------------
24.07.2023 23:41:35
CallbackFormEmailModal
Array
(
    [name] => marketing@thetorontosunnewstoday.com
    [phone] => 86364311475
    [formname] => Обратная связь
)

------------------------
