
------------------------
30.09.2022 1:46:51
CallbackFormEmailModal
Array
(
    [name] => valya_lebedeva_1979@bk.ru
    [phone] => 82123342226
    [formname] => Обратная связь
)

------------------------

------------------------
30.09.2022 1:46:52
CallbackFormEmailModal
Array
(
    [name] => boris.ignatev.1999@bk.ru
    [phone] => 82299229173
    [formname] => Обратная связь
)

------------------------

------------------------
30.09.2022 2:00:32
CallbackFormEmailModal
Array
(
    [name] => olya.blinova.1999@inbox.ru
    [phone] => 85347516961
    [formname] => Обратная связь
)

------------------------

------------------------
30.09.2022 2:00:32
CallbackFormEmailModal
Array
(
    [name] => vasiliy.titov.99@list.ru
    [phone] => 86364674866
    [formname] => Обратная связь
)

------------------------

------------------------
30.09.2022 2:01:08
CallbackFormEmailModal
Array
(
    [name] => milena_kovalyova_1994@inbox.ru
    [phone] => 85367441888
    [formname] => Обратная связь
)

------------------------

------------------------
30.09.2022 3:05:45
CallbackFormEmailModal
Array
(
    [name] => yarik.baranov.1960@list.ru
    [phone] => 88317333297
    [formname] => Обратная связь
)

------------------------

------------------------
30.09.2022 3:07:11
CallbackFormEmailModal
Array
(
    [name] => elena_markova_74@bk.ru
    [phone] => 83116499442
    [formname] => Обратная связь
)

------------------------

------------------------
30.09.2022 3:09:20
CallbackFormEmailModal
Array
(
    [name] => rusya.denisov.1996@list.ru
    [phone] => 81552434465
    [formname] => Обратная связь
)

------------------------

------------------------
30.09.2022 3:12:28
CallbackFormEmailModal
Array
(
    [name] => rita_veselova_1990@inbox.ru
    [phone] => 85459521166
    [formname] => Обратная связь
)

------------------------

------------------------
30.09.2022 3:14:39
CallbackFormEmailModal
Array
(
    [name] => veselova.evelina.2018@bk.ru
    [phone] => 87839234853
    [formname] => Обратная связь
)

------------------------

------------------------
30.09.2022 5:26:31
CallbackFormEmailModal
Array
(
    [name] => frendlys@outlook.com
    [phone] => 81424469594
    [formname] => Обратная связь
)

------------------------

------------------------
30.09.2022 5:40:06
CallbackFormEmailModal
Array
(
    [name] => nataliakema@hotmail.com
    [phone] => +420 2287851997
    [formname] => Обратная связь
)

------------------------

------------------------
30.09.2022 9:49:26
CallbackFormEmailModal
Array
(
    [name] => vasili.kuzmin93@gmail.com
    [phone] => 88569748474
    [formname] => Обратная связь
)

------------------------

------------------------
30.09.2022 18:51:10
CallbackFormEmailModal
Array
(
    [name] => alexpopov716253@gmail.com
    [phone] => 85679573154
    [formname] => Обратная связь
)

------------------------

------------------------
30.09.2022 19:03:30
CallbackFormEmailModal
Array
(
    [name] => pattyaprild9f9@outlook.com
    [phone] => 89391251656
    [formname] => Обратная связь
)

------------------------

------------------------
30.09.2022 22:19:19
CallbackFormEmailModal
Array
(
    [name] => rustam.filippov.82@bk.ru
    [phone] => 87822449611
    [formname] => Обратная связь
)

------------------------

------------------------
30.09.2022 22:25:44
CallbackFormEmailModal
Array
(
    [name] => gerasimova.lyubov.2019@mail.ru
    [phone] => 81574379142
    [formname] => Обратная связь
)

------------------------

------------------------
30.09.2022 22:29:58
CallbackFormEmailModal
Array
(
    [name] => emma.sokolova.1960@inbox.ru
    [phone] => 87871155474
    [formname] => Обратная связь
)

------------------------

------------------------
30.09.2022 22:34:16
CallbackFormEmailModal
Array
(
    [name] => kristina-bogdanova-1963@inbox.ru
    [phone] => 88374285351
    [formname] => Обратная связь
)

------------------------

------------------------
30.09.2022 22:49:13
CallbackFormEmailModal
Array
(
    [name] => dmitriyovcg6rr@mail.ru
    [phone] => 89825526773
    [formname] => Обратная связь
)

------------------------

------------------------
30.09.2022 22:51:59
CallbackFormEmailModal
Array
(
    [name] => elektrasysoeva85@mail.ru
    [phone] => 89179726793
    [formname] => Обратная связь
)

------------------------

------------------------
30.09.2022 23:00:45
CallbackFormEmailModal
Array
(
    [name] => a_frolova_1978@bk.ru
    [phone] => 83858373361
    [formname] => Обратная связь
)

------------------------

------------------------
30.09.2022 23:02:17
CallbackFormEmailModal
Array
(
    [name] => makarovaelektra90@inbox.ru
    [phone] => 86383279827
    [formname] => Обратная связь
)

------------------------

------------------------
30.09.2022 23:06:11
CallbackFormEmailModal
Array
(
    [name] => pyotr.mikhaylov.1989@inbox.ru
    [phone] => 84766287978
    [formname] => Обратная связь
)

------------------------

------------------------
30.09.2022 23:06:37
CallbackFormEmailModal
Array
(
    [name] => aleksandra.1968.ershova@list.ru
    [phone] => 81176175444
    [formname] => Обратная связь
)

------------------------

------------------------
30.09.2022 23:07:55
CallbackFormEmailModal
Array
(
    [name] => gleb-egorov-1960@bk.ru
    [phone] => 88928631567
    [formname] => Обратная связь
)

------------------------

------------------------
30.09.2022 23:18:43
CallbackFormEmailModal
Array
(
    [name] => lidiya-belova-1978@list.ru
    [phone] => 81127999155
    [formname] => Обратная связь
)

------------------------

------------------------
30.09.2022 23:19:37
CallbackFormEmailModal
Array
(
    [name] => d-zaytseva-1980@inbox.ru
    [phone] => 82365147345
    [formname] => Обратная связь
)

------------------------

------------------------
30.09.2022 23:37:12
CallbackFormEmailModal
Array
(
    [name] => gleb-dmitriev-1969@list.ru
    [phone] => 83643558457
    [formname] => Обратная связь
)

------------------------

------------------------
30.09.2022 23:51:05
CallbackFormEmailModal
Array
(
    [name] => larisa_matveeva_1972@bk.ru
    [phone] => 89512348626
    [formname] => Обратная связь
)

------------------------
