
------------------------
24.10.2023 2:18:55
CallbackFormEmailModal
Array
(
    [name] => valer@poochta.ru
    [phone] => 84566217273
    [formname] => Обратная связь
)

------------------------

------------------------
24.10.2023 4:08:21
CallbackFormEmailModal
Array
(
    [name] => froeach12@rezka.wtf
    [phone] => 89598748396
    [formname] => Обратная связь
)

------------------------

------------------------
24.10.2023 9:38:44
CallbackFormEmailModal
Array
(
    [name] => werso078100iu@rambler.ru
    [phone] => 85478559735
    [formname] => Обратная связь
)

------------------------

------------------------
24.10.2023 12:25:37
CallbackFormEmailModal
Array
(
    [name] => sashm4346@atrimoney.site
    [phone] => 82366764768
    [formname] => Обратная связь
)

------------------------

------------------------
24.10.2023 14:40:42
CallbackFormEmailModal
Array
(
    [name] => mginldsds24@atrimoney.site
    [phone] => 84589941145
    [formname] => Обратная связь
)

------------------------

------------------------
24.10.2023 14:50:31
CallbackFormEmailModal
Array
(
    [name] => ya-6775654394@yandex.ru
    [phone] => 88586741917
    [formname] => Обратная связь
)

------------------------

------------------------
24.10.2023 21:55:37
CallbackFormEmailModal
Array
(
    [name] => reynold_gordy04@rambler.ru
    [phone] => 123456789
    [formname] => Обратная связь
)

------------------------

------------------------
24.10.2023 23:24:49
CallbackFormEmailModal
Array
(
    [name] => huyvitatwo197283@rambler.ru
    [phone] => +71231234567
    [formname] => Обратная связь
)

------------------------
