
------------------------
20.02.2024 2:24:42
CallbackFormEmailModal
Array
(
    [name] => indomitowot@outlook.com
    [phone] => 86335287191
    [formname] => Обратная связь
)

------------------------

------------------------
20.02.2024 2:37:30
CallbackFormEmailModal
Array
(
    [name] => r4keta51@yandex.com
    [phone] => 87471153824
    [formname] => Обратная связь
)

------------------------

------------------------
20.02.2024 6:38:18
CallbackFormEmailModal
Array
(
    [name] => froeach12@rezka.wtf
    [phone] => 87497235166
    [formname] => Обратная связь
)

------------------------

------------------------
20.02.2024 6:57:25
CallbackFormEmailModal
Array
(
    [name] => maxa.meds.h.a.2@gmail.com
    [phone] => 83186854344
    [formname] => Обратная связь
)

------------------------

------------------------
20.02.2024 9:51:54
CallbackFormEmailModal
Array
(
    [name] => prrelease@chroniclenewstoday.com
    [phone] => 83536862381
    [formname] => Обратная связь
)

------------------------

------------------------
20.02.2024 11:54:29
CallbackFormEmailModal
Array
(
    [name] => adelinaselezneva85@mail.ru
    [phone] => 84219649968
    [formname] => Обратная связь
)

------------------------

------------------------
20.02.2024 12:00:10
CallbackFormEmailModal
Array
(
    [name] => coslaytio@mailcos.site

    [phone] => 85353999414
    [formname] => Обратная связь
)

------------------------

------------------------
20.02.2024 12:13:20
CallbackFormEmailModal
Array
(
    [name] => wsmpgollh@rambbarlumbsi.online
    [phone] => 81497391298
    [formname] => Обратная связь
)

------------------------

------------------------
20.02.2024 13:47:28
CallbackFormEmailModal
Array
(
    [name] => aq93aqa@rambler.ru
    [phone] => 84835128535
    [formname] => Обратная связь
)

------------------------

------------------------
20.02.2024 15:12:06
CallbackFormEmailModal
Array
(
    [name] => 4zxbyykx@yourmailz.com
    [phone] => 82793334371
    [formname] => Обратная связь
)

------------------------

------------------------
20.02.2024 18:58:57
CallbackFormEmailModal
Array
(
    [name] => bouifrank31@gmail.com
    [phone] => 89761219462
    [formname] => Обратная связь
)

------------------------

------------------------
20.02.2024 23:12:17
CallbackFormEmailModal
Array
(
    [name] => la.m.i.sa.tah.i.f7.5@gmail.com
    [phone] => 81754975634
    [formname] => Обратная связь
)

------------------------
