
------------------------
01.06.2023 11:44:28
CallbackFormEmailModal
Array
(
    [name] => zehavacullen968@outlook.com
    [phone] => 82655139127
    [formname] => Обратная связь
)

------------------------

------------------------
01.06.2023 16:54:17
CallbackFormEmailModal
Array
(
    [name] => bobbykr18@riku53.flooz.site
    [phone] => 86393165419
    [formname] => Обратная связь
)

------------------------

------------------------
01.06.2023 19:39:15
CallbackFormEmailModal
Array
(
    [name] => callvisvetlana@list.ru
    [phone] => 87148193154
    [formname] => Обратная связь
)

------------------------

------------------------
01.06.2023 20:49:02
CallbackFormEmailModal
Array
(
    [name] => catfinder28@yandex.ru
    [phone] => 89213334455
    [formname] => Обратная связь
)

------------------------

------------------------
01.06.2023 23:59:45
CallbackFormEmailModal
Array
(
    [name] => eustacia@wayback.shop
    [phone] => 89672158775
    [formname] => Обратная связь
)

------------------------
