
------------------------
08.09.2022 1:03:30
CallbackFormEmailModal
Array
(
    [name] => no-replysuinuts@gmail.com
    [phone] => 87595259724
    [formname] => Обратная связь
)

------------------------

------------------------
08.09.2022 1:47:52
CallbackFormEmailModal
Array
(
    [name] => wb8oz888@list.ru
    [phone] => 79269180103
    [formname] => Обратная связь
)

------------------------

------------------------
08.09.2022 10:42:43
Order
Array
(
    [name] => Силевич Олег Сергеевич
    [email] => Oleg_610@mail.ru
    [phone] => +7-903-206-9150
    [comment] => Промышленный ТРАП W200 с горизонтальным отводом DN 110, кол-во: 1, цена: 12800руб.
Способ доставки: Самовывоз со склада
Выберите способ оплаты: Оплата наличным

Комментарий к заказу: 
Оплату готовы произвести по счету на юр лицо, необходимо 2 шт. с доставкой в г. Подольск
    [formname] => Заказ из корзины
    [fields] => Array
        (
            [price] => 25600
        )

)

------------------------

------------------------
08.09.2022 11:20:51
CallbackFormEmailModal
Array
(
    [name] => no-replysuinuts@gmail.com
    [phone] => 82941391864
    [formname] => Обратная связь
)

------------------------

------------------------
08.09.2022 14:44:28
CallbackFormEmailModal
Array
(
    [name] => alena-kolesnikova-19925@mail.ru
    [phone] => +71231234567
    [formname] => Обратная связь
)

------------------------

------------------------
08.09.2022 18:43:52
CallbackFormEmailModal
Array
(
    [name] => ranaword234@mailsi.site

    [phone] => 85494968842
    [formname] => Обратная связь
)

------------------------

------------------------
08.09.2022 19:51:17
CallbackFormEmailModal
Array
(
    [name] => pattyaprild9f9@outlook.com
    [phone] => 88632177192
    [formname] => Обратная связь
)

------------------------

------------------------
08.09.2022 21:15:42
CallbackFormEmailModal
Array
(
    [name] => tmihopaber1531@mailsi.site

    [phone] => 81512538593
    [formname] => Обратная связь
)

------------------------
