
------------------------
05.11.2022 0:23:39
CallbackFormEmailModal
Array
(
    [name] => no-replysuinuts@gmail.com
    [phone] => 83579661114
    [formname] => Обратная связь
)

------------------------

------------------------
05.11.2022 3:57:35
CallbackFormEmailModal
Array
(
    [name] => no-replysuinuts@gmail.com
    [phone] => 89466541477
    [formname] => Обратная связь
)

------------------------

------------------------
05.11.2022 5:31:00
CallbackFormEmailModal
Array
(
    [name] => luki.no.v.ich202.2.1.35.5@gmail.com

    [phone] => 87352945772
    [formname] => Обратная связь
)

------------------------

------------------------
05.11.2022 5:48:28
CallbackFormEmailModal
Array
(
    [name] => enauda.studio@gmail.com
    [phone] => 87861444714
    [formname] => Обратная связь
)

------------------------

------------------------
05.11.2022 6:18:27
CallbackFormEmailModal
Array
(
    [name] => wlrmxv@hotmail.com
    [phone] => 87513263519
    [formname] => Обратная связь
)

------------------------

------------------------
05.11.2022 8:36:34
CallbackFormEmailModal
Array
(
    [name] => defltorch@yandex.com
    [phone] => 88378835823
    [formname] => Обратная связь
)

------------------------

------------------------
05.11.2022 9:08:43
CallbackFormEmailModal
Array
(
    [name] => in.g.a.m9.39.@gmail.com
    [phone] => 81996176228
    [formname] => Обратная связь
)

------------------------

------------------------
05.11.2022 18:33:05
CallbackFormEmailModal
Array
(
    [name] => ipk.rbc@bk.ru
    [phone] => +71231234567
    [formname] => Обратная связь
)

------------------------

------------------------
05.11.2022 20:48:37
CallbackFormEmailModal
Array
(
    [name] => puggh.hdario@gmail.com
    [phone] => 82758745639
    [formname] => Обратная связь
)

------------------------
