
------------------------
20.01.2023 0:39:06
CallbackFormEmailModal
Array
(
    [name] => ecodoTork@baileymail.xyz
    [phone] => 89975271966
    [formname] => Обратная связь
)

------------------------

------------------------
20.01.2023 4:21:43
CallbackFormEmailModal
Array
(
    [name] => design81188@list.ru
    [phone] => 79161019264
    [formname] => Обратная связь
)

------------------------

------------------------
20.01.2023 5:31:43
CallbackFormEmailModal
Array
(
    [name] => l7e9y@course-fitness.com
    [phone] => 84226553394
    [formname] => Обратная связь
)

------------------------

------------------------
20.01.2023 6:35:45
CallbackFormEmailModal
Array
(
    [name] => yp8k@course-fitness.com
    [phone] => 84172553614
    [formname] => Обратная связь
)

------------------------

------------------------
20.01.2023 7:28:53
CallbackFormEmailModal
Array
(
    [name] => m.ir.o.nbi.t.k.o.vin.@gmail.com
    [phone] => 81674177279
    [formname] => Обратная связь
)

------------------------

------------------------
20.01.2023 7:28:53
CallbackFormEmailModal
Array
(
    [name] => in.ga.m.9.3.9.@gmail.com
    [phone] => 85517362626
    [formname] => Обратная связь
)

------------------------

------------------------
20.01.2023 7:28:56
CallbackFormEmailModal
Array
(
    [name] => ir.ina.masl.ov.a.6.18@gmail.com
    [phone] => 81721842319
    [formname] => Обратная связь
)

------------------------

------------------------
20.01.2023 14:03:14
CallbackFormEmailModal
Array
(
    [name] => beary_2011@mail.ru
    [phone] => 81451582345
    [formname] => Обратная связь
)

------------------------

------------------------
20.01.2023 15:22:07
CallbackFormEmailModal
Array
(
    [name] => miha-sr@mail.ru
    [phone] => 84953466566
    [formname] => Обратная связь
)

------------------------

------------------------
20.01.2023 18:56:30
CallbackFormEmailModal
Array
(
    [name] => zelatcol@gmail.com
    [phone] => 84878799737
    [formname] => Обратная связь
)

------------------------

------------------------
20.01.2023 19:28:31
CallbackFormEmailModal
Array
(
    [name] => gosavto014@gmail.com
    [phone] => 88999256137
    [formname] => Обратная связь
)

------------------------
