
------------------------
21.11.2023 1:07:23
CallbackFormEmailModal
Array
(
    [name] => yourmail@gmail.com
    [phone] => 85848699796
    [formname] => Обратная связь
)

------------------------

------------------------
21.11.2023 2:34:14
CallbackFormEmailModal
Array
(
    [name] => zhayqmnxuPn@poochta.ru
    [phone] => 83349457287
    [formname] => Обратная связь
)

------------------------

------------------------
21.11.2023 6:34:18
CallbackFormEmailModal
Array
(
    [name] => dzurecrapo@inbox.ru
    [phone] => 81431931217
    [formname] => Обратная связь
)

------------------------

------------------------
21.11.2023 6:35:58
CallbackFormEmailModal
Array
(
    [name] => nderbersme@bk.ru
    [phone] => 84813234746
    [formname] => Обратная связь
)

------------------------

------------------------
21.11.2023 6:50:59
CallbackFormEmailModal
Array
(
    [name] => vvztxrumz@exzilla.ru
    [phone] => 81474723862
    [formname] => Обратная связь
)

------------------------

------------------------
21.11.2023 7:10:55
CallbackFormEmailModal
Array
(
    [name] => pencucon_97@mail.ru
    [phone] => 84774675861
    [formname] => Обратная связь
)

------------------------

------------------------
21.11.2023 7:49:00
CallbackFormEmailModal
Array
(
    [name] => guglakk.555@gmail.com
    [phone] => 83623163914
    [formname] => Обратная связь
)

------------------------

------------------------
21.11.2023 9:16:00
CallbackFormEmailModal
Array
(
    [name] => pavlik.timofeev.2023@bk.ru
    [phone] => 86398771498
    [formname] => Обратная связь
)

------------------------

------------------------
21.11.2023 9:19:30
CallbackFormEmailModal
Array
(
    [name] => khachaturian_vania_1981_5_6@bk.ru
    [phone] => 83296328212
    [formname] => Обратная связь
)

------------------------

------------------------
21.11.2023 9:19:38
CallbackFormEmailModal
Array
(
    [name] => koeshelons@mail.ru
    [phone] => 89893333758
    [formname] => Обратная связь
)

------------------------

------------------------
21.11.2023 9:20:57
CallbackFormEmailModal
Array
(
    [name] => somalkeriz@mail.ru
    [phone] => 87969152899
    [formname] => Обратная связь
)

------------------------

------------------------
21.11.2023 9:21:50
CallbackFormEmailModal
Array
(
    [name] => olesya.zhukova.1994@bk.ru
    [phone] => 88283894297
    [formname] => Обратная связь
)

------------------------

------------------------
21.11.2023 9:24:39
CallbackFormEmailModal
Array
(
    [name] => shegukazsc@mail.ru
    [phone] => 81577837986
    [formname] => Обратная связь
)

------------------------

------------------------
21.11.2023 9:26:39
CallbackFormEmailModal
Array
(
    [name] => inenoushumo3218@mail.ru
    [phone] => 82535412446
    [formname] => Обратная связь
)

------------------------

------------------------
21.11.2023 9:36:50
CallbackFormEmailModal
Array
(
    [name] => lagunov_viktor_1995_15_8@inbox.ru
    [phone] => 88776976935
    [formname] => Обратная связь
)

------------------------

------------------------
21.11.2023 9:37:48
CallbackFormEmailModal
Array
(
    [name] => laagkimpmi@mail.ru
    [phone] => 89142254619
    [formname] => Обратная связь
)

------------------------

------------------------
21.11.2023 9:38:12
CallbackFormEmailModal
Array
(
    [name] => mazunyzhcn@mail.ru
    [phone] => 85945736467
    [formname] => Обратная связь
)

------------------------

------------------------
21.11.2023 9:38:28
CallbackFormEmailModal
Array
(
    [name] => keovakoig@mail.ru
    [phone] => 86959965467
    [formname] => Обратная связь
)

------------------------

------------------------
21.11.2023 9:41:26
CallbackFormEmailModal
Array
(
    [name] => kaobkammid@mail.ru
    [phone] => 86442152945
    [formname] => Обратная связь
)

------------------------

------------------------
21.11.2023 9:47:27
CallbackFormEmailModal
Array
(
    [name] => titova.polina.1981.15.12@list.ru
    [phone] => 81742446676
    [formname] => Обратная связь
)

------------------------

------------------------
21.11.2023 9:49:39
CallbackFormEmailModal
Array
(
    [name] => mosoce-416@mail.ru
    [phone] => 84235772334
    [formname] => Обратная связь
)

------------------------

------------------------
21.11.2023 9:49:42
CallbackFormEmailModal
Array
(
    [name] => orlov.roman.1988.2.11@list.ru
    [phone] => 85725824719
    [formname] => Обратная связь
)

------------------------

------------------------
21.11.2023 9:56:01
CallbackFormEmailModal
Array
(
    [name] => daucarthank1988@mail.ru
    [phone] => 87224685773
    [formname] => Обратная связь
)

------------------------

------------------------
21.11.2023 9:57:28
CallbackFormEmailModal
Array
(
    [name] => woodbpurne1983@mail.ru
    [phone] => 88862643862
    [formname] => Обратная связь
)

------------------------

------------------------
21.11.2023 11:32:12
CallbackFormEmailModal
Array
(
    [name] => rrklpgzyg@gordpizza.ru
    [phone] => 89932935585
    [formname] => Обратная связь
)

------------------------

------------------------
21.11.2023 16:22:34
CallbackFormEmailModal
Array
(
    [name] => knicics@fmaill.xyz
    [phone] => 85834657738
    [formname] => Обратная связь
)

------------------------

------------------------
21.11.2023 17:42:13
CallbackFormEmailModal
Array
(
    [name] => vqjhobrt@mail.ru
    [phone] => +791234567568
    [formname] => Обратная связь
)

------------------------

------------------------
21.11.2023 19:23:35
CallbackFormEmailModal
Array
(
    [name] => mark26hernandez69as@rambler.ru
    [phone] => 89479461725
    [formname] => Обратная связь
)

------------------------
