
------------------------
13.02.2025 1:29:00
CallbackFormEmailModal
Array
(
    [name] => jenstuabpa@gmx.net
    [phone] => 82944814683
    [formname] => Обратная связь
)

------------------------

------------------------
13.02.2025 4:06:38
CallbackFormEmailModal
Array
(
    [name] => papKip@o4ko.space
    [phone] => 88824662956
    [formname] => Обратная связь
)

------------------------

------------------------
13.02.2025 5:58:06
CallbackFormEmailModal
Array
(
    [name] => zcktyxcvdSi@rudiplomust.com
    [phone] => 82535249164
    [formname] => Обратная связь
)

------------------------

------------------------
13.02.2025 6:39:08
CallbackFormEmailModal
Array
(
    [name] => mepinfenia@bk.ru
    [phone] => 83828434491
    [formname] => Обратная связь
)

------------------------

------------------------
13.02.2025 6:50:40
CallbackFormEmailModal
Array
(
    [name] => snkzeskkrka@rudiplomust.com
    [phone] => 85832185414
    [formname] => Обратная связь
)

------------------------

------------------------
13.02.2025 7:49:23
CallbackFormEmailModal
Array
(
    [name] => rarusmgyqel@rudiplomust.com
    [phone] => 85387553789
    [formname] => Обратная связь
)

------------------------

------------------------
13.02.2025 8:37:48
CallbackFormEmailModal
Array
(
    [name] => xr@printmis.online
    [phone] => 87387173953
    [formname] => Обратная связь
)

------------------------

------------------------
13.02.2025 8:48:05
CallbackFormEmailModal
Array
(
    [name] => cufsadlxbel@rudiplomust.com
    [phone] => 84422927595
    [formname] => Обратная связь
)

------------------------

------------------------
13.02.2025 9:59:20
CallbackFormEmailModal
Array
(
    [name] => cry@soffter.ru
    [phone] => 85741379672
    [formname] => Обратная связь
)

------------------------

------------------------
13.02.2025 10:34:03
CallbackFormEmailModal
Array
(
    [name] => ponomaryov.borya.1983@bk.ru
    [phone] => 89631444311
    [formname] => Обратная связь
)

------------------------

------------------------
13.02.2025 10:34:04
CallbackFormEmailModal
Array
(
    [name] => ramiraselezneva19908003@bk.ru
    [phone] => 86593545991
    [formname] => Обратная связь
)

------------------------

------------------------
13.02.2025 10:34:10
CallbackFormEmailModal
Array
(
    [name] => yaroslav.sevastyanov.1988@mail.ru
    [phone] => 89433638523
    [formname] => Обратная связь
)

------------------------

------------------------
13.02.2025 10:34:22
CallbackFormEmailModal
Array
(
    [name] => ignatevipatii19908014@mail.ru
    [phone] => 82846791747
    [formname] => Обратная связь
)

------------------------

------------------------
13.02.2025 10:36:16
CallbackFormEmailModal
Array
(
    [name] => howyyncxy@bk.ru
    [phone] => 81156697176
    [formname] => Обратная связь
)

------------------------

------------------------
13.02.2025 11:06:32
CallbackFormEmailModal
Array
(
    [name] => vincenttaits@mail.ru
    [phone] => 85995816212
    [formname] => Обратная связь
)

------------------------

------------------------
13.02.2025 13:53:41
CallbackFormEmailModal
Array
(
    [name] => alexpopov716253@gmail.com
    [phone] => 87692125613
    [formname] => Обратная связь
)

------------------------

------------------------
13.02.2025 14:11:41
CallbackFormEmailModal
Array
(
    [name] => iahyxcplnel@rudiplomust.com
    [phone] => 88197547342
    [formname] => Обратная связь
)

------------------------

------------------------
13.02.2025 14:45:32
CallbackFormEmailModal
Array
(
    [name] => hrbnttkjhel@rudiplomust.com
    [phone] => 81825184113
    [formname] => Обратная связь
)

------------------------

------------------------
13.02.2025 16:24:02
CallbackFormEmailModal
Array
(
    [name] => nkmhkdeelKt@rudiplomust.com
    [phone] => 87655587655
    [formname] => Обратная связь
)

------------------------

------------------------
13.02.2025 18:37:26
CallbackFormEmailModal
Array
(
    [name] => naphtloxua-5550@mail.ru
    [phone] => 86989146392
    [formname] => Обратная связь
)

------------------------

------------------------
13.02.2025 19:17:31
CallbackFormEmailModal
Array
(
    [name] => pstwtrifnel@rudiplomust.com
    [phone] => 82111693393
    [formname] => Обратная связь
)

------------------------

------------------------
13.02.2025 19:49:01
CallbackFormEmailModal
Array
(
    [name] => fzjgsjzgbel@rudiplomust.com
    [phone] => 89847868963
    [formname] => Обратная связь
)

------------------------

------------------------
13.02.2025 21:57:56
CallbackFormEmailModal
Array
(
    [name] => Efren Santiago
    [phone] => Germany
    [formname] => Обратная связь
)

------------------------
