
------------------------
01.09.2024 1:08:07
CallbackFormEmailModal
Array
(
    [name] => allan5@xrevelxr.com
    [phone] => 82499348745
    [formname] => Обратная связь
)

------------------------

------------------------
01.09.2024 10:13:56
CallbackFormEmailModal
Array
(
    [name] => dioportsofcomp197714@rambler.ru
    [phone] => 88977733297
    [formname] => Обратная связь
)

------------------------

------------------------
01.09.2024 14:02:53
CallbackFormEmailModal
Array
(
    [name] => ryamacooho1989@op.pl
    [phone] => 82297254431
    [formname] => Обратная связь
)

------------------------

------------------------
01.09.2024 16:03:18
CallbackFormEmailModal
Array
(
    [name] => xrumer23Kip@gmail.com
    [phone] => 87627236392
    [formname] => Обратная связь
)

------------------------

------------------------
01.09.2024 17:34:02
CallbackFormEmailModal
Array
(
    [name] => lolerex241@ovout.com
    [phone] => 85426398344
    [formname] => Обратная связь
)

------------------------

------------------------
01.09.2024 23:24:02
CallbackFormEmailModal
Array
(
    [name] => serg7399001@bk.ru
    [phone] => 79969597399
    [formname] => Обратная связь
)

------------------------
