
------------------------
24.11.2022 5:10:20
CallbackFormEmailModal
Array
(
    [name] => sacheverell_wilkes69@rambler.ru
    [phone] => 81643515361
    [formname] => Обратная связь
)

------------------------

------------------------
24.11.2022 6:27:58
CallbackFormEmailModal
Array
(
    [name] => l.ukin.ovic.h2.0.2.2.1.355@gmail.com

    [phone] => 85433948745
    [formname] => Обратная связь
)

------------------------

------------------------
24.11.2022 10:04:59
CallbackFormEmailModal
Array
(
    [name] => choksad@gmail.com
    [phone] => 85462819312
    [formname] => Обратная связь
)

------------------------

------------------------
24.11.2022 10:50:06
CallbackFormEmailModal
Array
(
    [name] => Anibal Grahamslaw
    [phone] => 25-24-78-56
    [formname] => Обратная связь
)

------------------------

------------------------
24.11.2022 12:50:50
CallbackFormEmailModal
Array
(
    [name] => malinoleg91@mail.ru
    [phone] => 87788646974
    [formname] => Обратная связь
)

------------------------

------------------------
24.11.2022 15:17:19
CallbackFormEmailModal
Array
(
    [name] => infos@mypromocode.us
    [phone] => 81728991499
    [formname] => Обратная связь
)

------------------------

------------------------
24.11.2022 15:47:00
CallbackFormEmailModal
Array
(
    [name] => aduteyo@pazew.fodiscomail.com
    [phone] => 82759481538
    [formname] => Обратная связь
)

------------------------

------------------------
24.11.2022 16:37:30
CallbackFormEmailModal
Array
(
    [name] => genuzopal@pazew.fodiscomail.com
    [phone] => 88931921146
    [formname] => Обратная связь
)

------------------------

------------------------
24.11.2022 17:47:19
CallbackFormEmailModal
Array
(
    [name] => Николай 3D
    [phone] => 01.56.79.54.38
    [formname] => Обратная связь
)

------------------------

------------------------
24.11.2022 18:05:38
CallbackFormEmailModal
Array
(
    [name] => Eric Jones
    [phone] => 555-555-1212
    [formname] => Обратная связь
)

------------------------

------------------------
24.11.2022 19:37:39
CallbackEmailModal
Array
(
    [name] => Stociom@barrymail.xyz
    [phone] => 88527425317
    [comment] => Название продуката: Грязезащитные покрытия Приме НОП
Комменатрий: Thus, antagonizing HDACs made the cancer cells more invasive, which is in agreement with our current findings, and, moreover, we provide here a mechanism through the novel involvement of miR 10b <a href=http://bestcialis20mg.com/>cialis tablets for sale</a> Of note, a better therapeutic strategy, radiotherapy in combination with immune checkpoint inhibition not merely improves the breast cancer therapeutic effect, but also induces abscopal immune responses outside the radiation field 215, 219
    [formname] => Задать вопрос по товару
)

------------------------
