
------------------------
17.05.2024 2:56:52
CallbackFormEmailModal
Array
(
    [name] => d.o.g22a.n.t@gmail.com
    [phone] => 88698617251
    [formname] => Обратная связь
)

------------------------

------------------------
17.05.2024 3:31:40
CallbackFormEmailModal
Array
(
    [name] => ser.g.e.i.3675.3.4@gmail.com
    [phone] => 86633182672
    [formname] => Обратная связь
)

------------------------

------------------------
17.05.2024 4:46:42
CallbackFormEmailModal
Array
(
    [name] => sullivanlo.w.e.899@gmail.com
    [phone] => 88136691346
    [formname] => Обратная связь
)

------------------------

------------------------
17.05.2024 7:08:04
CallbackFormEmailModal
Array
(
    [name] => golubevaevelina19908114@list.ru
    [phone] => 83717945339
    [formname] => Обратная связь
)

------------------------

------------------------
17.05.2024 13:18:19
CallbackFormEmailModal
Array
(
    [name] => anya_osipova_1983@bk.ru
    [phone] => 87923247931
    [formname] => Обратная связь
)

------------------------

------------------------
17.05.2024 20:09:07
CallbackFormEmailModal
Array
(
    [name] => yanikaexpert@yandex.ru
    [phone] => 84977699666
    [formname] => Обратная связь
)

------------------------

------------------------
17.05.2024 20:26:49
CallbackFormEmailModal
Array
(
    [name] => athprovroiso1974@op.pl
    [phone] => 82574423178
    [formname] => Обратная связь
)

------------------------

------------------------
17.05.2024 21:19:03
CallbackFormEmailModal
Array
(
    [name] => peonyochaivu3@list.ru
    [phone] => 88973586242
    [formname] => Обратная связь
)

------------------------

------------------------
17.05.2024 22:28:51
CallbackFormEmailModal
Array
(
    [name] => direct@kiev-therm.com.ua
    [phone] => 89888291478
    [formname] => Обратная связь
)

------------------------
