
------------------------
06.01.2025 2:24:50
CallbackFormEmailModal
Array
(
    [name] => procexsahan1989@op.pl
    [phone] => 88941613248
    [formname] => Обратная связь
)

------------------------

------------------------
06.01.2025 2:39:50
CallbackFormEmailModal
Array
(
    [name] => help@gwmetabitt.com
    [phone] => 84233978264
    [formname] => Обратная связь
)

------------------------

------------------------
06.01.2025 4:05:29
CallbackFormEmailModal
Array
(
    [name] => barbariska8912@gmail.com
    [phone] => 83269124347
    [formname] => Обратная связь
)

------------------------

------------------------
06.01.2025 5:01:10
CallbackFormEmailModal
Array
(
    [name] => psbtvmruqel@rudiplomust.com
    [phone] => 81473771554
    [formname] => Обратная связь
)

------------------------

------------------------
06.01.2025 5:31:42
CallbackFormEmailModal
Array
(
    [name] => babbcipbemob1988@op.pl
    [phone] => 87928781292
    [formname] => Обратная связь
)

------------------------

------------------------
06.01.2025 7:18:29
CallbackFormEmailModal
Array
(
    [name] => ntulvwsjvka@rudiplomust.com
    [phone] => 86111448337
    [formname] => Обратная связь
)

------------------------

------------------------
06.01.2025 7:23:40
CallbackFormEmailModal
Array
(
    [name] => barbariska8912@gmail.com
    [phone] => 82421884842
    [formname] => Обратная связь
)

------------------------

------------------------
06.01.2025 7:48:16
CallbackFormEmailModal
Array
(
    [name] => zoya.patrusheva.65@mail.ru
    [phone] => 89896746344
    [formname] => Обратная связь
)

------------------------

------------------------
06.01.2025 7:49:26
CallbackFormEmailModal
Array
(
    [name] => 64@kwizist.online
    [phone] => 85566189118
    [formname] => Обратная связь
)

------------------------

------------------------
06.01.2025 9:42:10
CallbackFormEmailModal
Array
(
    [name] => combontsegal37@mail.ru
    [phone] => 82682131755
    [formname] => Обратная связь
)

------------------------

------------------------
06.01.2025 9:42:12
CallbackFormEmailModal
Array
(
    [name] => gulaza-khlyupko2000@mail.ru
    [phone] => 89699772262
    [formname] => Обратная связь
)

------------------------

------------------------
06.01.2025 9:45:23
CallbackFormEmailModal
Array
(
    [name] => mark.moshchenskiy.90@mail.ru
    [phone] => 83981523861
    [formname] => Обратная связь
)

------------------------

------------------------
06.01.2025 11:21:33
CallbackFormEmailModal
Array
(
    [name] => barbariska8912@gmail.com
    [phone] => 88648944858
    [formname] => Обратная связь
)

------------------------

------------------------
06.01.2025 12:10:33
CallbackFormEmailModal
Array
(
    [name] => kevbhucaguar1970@mail.ru
    [phone] => 85175999361
    [formname] => Обратная связь
)

------------------------

------------------------
06.01.2025 12:10:34
CallbackFormEmailModal
Array
(
    [name] => ovnterbefjuden6138@mail.ru
    [phone] => 85465391595
    [formname] => Обратная связь
)

------------------------

------------------------
06.01.2025 12:54:42
CallbackFormEmailModal
Array
(
    [name] => barbariska8912@gmail.com
    [phone] => 82782354628
    [formname] => Обратная связь
)

------------------------

------------------------
06.01.2025 13:34:02
CallbackFormEmailModal
Array
(
    [name] => tacusol-6816@mail.ru
    [phone] => 85914423178
    [formname] => Обратная связь
)

------------------------

------------------------
06.01.2025 13:34:02
CallbackFormEmailModal
Array
(
    [name] => saakian.vova.1985.13.9@list.ru
    [phone] => 88239352736
    [formname] => Обратная связь
)

------------------------

------------------------
06.01.2025 13:38:22
CallbackFormEmailModal
Array
(
    [name] => balpunarti1976@mail.ru
    [phone] => 85917182884
    [formname] => Обратная связь
)

------------------------

------------------------
06.01.2025 14:36:44
CallbackFormEmailModal
Array
(
    [name] => sevastyan.siyantsev@mail.ru
    [phone] => 83722863273
    [formname] => Обратная связь
)

------------------------

------------------------
06.01.2025 18:23:11
CallbackFormEmailModal
Array
(
    [name] => ramiraselezneva19908003@bk.ru
    [phone] => 86968886656
    [formname] => Обратная связь
)

------------------------

------------------------
06.01.2025 18:23:12
CallbackFormEmailModal
Array
(
    [name] => rhotenti-44@mail.ru
    [phone] => 84249358321
    [formname] => Обратная связь
)

------------------------

------------------------
06.01.2025 18:30:05
CallbackFormEmailModal
Array
(
    [name] => bigendrakoli4335@mail.ru
    [phone] => 82729852377
    [formname] => Обратная связь
)

------------------------

------------------------
06.01.2025 20:10:07
CallbackFormEmailModal
Array
(
    [name] => ibpewbyb@sabesmail.com
    [phone] => 84559758269
    [formname] => Обратная связь
)

------------------------

------------------------
06.01.2025 20:36:40
CallbackFormEmailModal
Array
(
    [name] => danilovavita9@mail.ru
    [phone] => 86626559992
    [formname] => Обратная связь
)

------------------------

------------------------
06.01.2025 21:10:03
CallbackFormEmailModal
Array
(
    [name] => agafiyabolshakova19936907@bk.ru
    [phone] => 86373291151
    [formname] => Обратная связь
)

------------------------

------------------------
06.01.2025 22:29:27
CallbackFormEmailModal
Array
(
    [name] => sir.maxbo@yandex.ru
    [phone] => 87158429944
    [formname] => Обратная связь
)

------------------------

------------------------
06.01.2025 23:19:38
CallbackFormEmailModal
Array
(
    [name] => alexisperulfi@epoca.com
    [phone] => 83267825328
    [formname] => Обратная связь
)

------------------------
