
------------------------
28.05.2022 3:10:17
CallbackFormEmailModal
Array
(
    [name] => brahms@sify.com
    [phone] => 89039715303
    [formname] => Обратная связь
)

------------------------

------------------------
28.05.2022 3:58:39
CallbackFormEmailModal
Array
(
    [name] => skybluej55@hotmail.com
    [phone] => 89033843484
    [formname] => Обратная связь
)

------------------------

------------------------
28.05.2022 4:25:03
CallbackFormEmailModal
Array
(
    [name] => michaelguo93@gmail.com
    [phone] => 89039261945
    [formname] => Обратная связь
)

------------------------

------------------------
28.05.2022 9:04:04
CallbackFormEmailModal
Array
(
    [name] => stackup14@yahoo.com
    [phone] => 89036417231
    [formname] => Обратная связь
)

------------------------

------------------------
28.05.2022 9:25:25
CallbackFormEmailModal
Array
(
    [name] => enigma_dot@yahoo.com
    [phone] => 89037070211
    [formname] => Обратная связь
)

------------------------

------------------------
28.05.2022 10:32:48
CallbackFormEmailModal
Array
(
    [name] => Traumanurse66@yahoo.com
    [phone] => 89032702789
    [formname] => Обратная связь
)

------------------------

------------------------
28.05.2022 14:09:16
CallbackFormEmailModal
Array
(
    [name] => micahcailing@gmail.com
    [phone] => 89037822976
    [formname] => Обратная связь
)

------------------------

------------------------
28.05.2022 14:45:46
CallbackFormEmailModal
Array
(
    [name] => angeleeneares@yahoo.com
    [phone] => 89032309470
    [formname] => Обратная связь
)

------------------------

------------------------
28.05.2022 16:25:19
CallbackFormEmailModal
Array
(
    [name] => rustye1157@yahoo.com
    [phone] => 89030024013
    [formname] => Обратная связь
)

------------------------

------------------------
28.05.2022 19:14:24
CallbackFormEmailModal
Array
(
    [name] => tadillon95@gmail.com
    [phone] => 89038883428
    [formname] => Обратная связь
)

------------------------

------------------------
28.05.2022 20:05:57
CallbackFormEmailModal
Array
(
    [name] => suqiongwh@hotmail.com
    [phone] => 89033432740
    [formname] => Обратная связь
)

------------------------

------------------------
28.05.2022 22:21:27
CallbackFormEmailModal
Array
(
    [name] => michaelpjmckeown@gmail.com
    [phone] => 89034869421
    [formname] => Обратная связь
)

------------------------

------------------------
28.05.2022 23:47:15
CallbackFormEmailModal
Array
(
    [name] => hmm8898@hotmail.com
    [phone] => 89036930592
    [formname] => Обратная связь
)

------------------------
