
------------------------
24.04.2024 0:47:59
CallbackFormEmailModal
Array
(
    [name] => kej.tinan.i.ka@gmail.com
    [phone] => 89745542159
    [formname] => Обратная связь
)

------------------------

------------------------
24.04.2024 2:41:32
CallbackFormEmailModal
Array
(
    [name] => mateo.lot.t.y.98@gmail.com
    [phone] => 87766893566
    [formname] => Обратная связь
)

------------------------

------------------------
24.04.2024 10:42:15
CallbackFormEmailModal
Array
(
    [name] => nariza.n.a.5.00@gmail.com
    [phone] => 86816121811
    [formname] => Обратная связь
)

------------------------

------------------------
24.04.2024 10:56:33
CallbackFormEmailModal
Array
(
    [name] => Maren4017hpz@anniversaryly.click
    [phone] => 88565556656
    [formname] => Обратная связь
)

------------------------

------------------------
24.04.2024 11:27:16
CallbackFormEmailModal
Array
(
    [name] => autolife56@yandex.by
    [phone] => 84346166843
    [formname] => Обратная связь
)

------------------------

------------------------
24.04.2024 12:16:20
CallbackFormEmailModal
Array
(
    [name] => moduldom.spb@gmail.com
    [phone] => 87896283715
    [formname] => Обратная связь
)

------------------------

------------------------
24.04.2024 13:00:34
CallbackFormEmailModal
Array
(
    [name] => dcmcgghgiykgwjhj@onet.pl
    [phone] => 88977813138
    [formname] => Обратная связь
)

------------------------

------------------------
24.04.2024 15:30:27
CallbackFormEmailModal
Array
(
    [name] => napishimneotvet@gmail.com
    [phone] => 88677359243
    [formname] => Обратная связь
)

------------------------

------------------------
24.04.2024 17:02:26
CallbackFormEmailModal
Array
(
    [name] => sviloguzov83@mail.ru
    [phone] => 86268787744
    [formname] => Обратная связь
)

------------------------

------------------------
24.04.2024 18:59:53
CallbackFormEmailModal
Array
(
    [name] => neziniite11@rambler.ru
    [phone] => 84196877258
    [formname] => Обратная связь
)

------------------------

------------------------
24.04.2024 19:22:33
CallbackFormEmailModal
Array
(
    [name] => goldboy1931@gmail.com
    [phone] => 86137194863
    [formname] => Обратная связь
)

------------------------

------------------------
24.04.2024 21:48:22
CallbackFormEmailModal
Array
(
    [name] => kaenquirynicholls@gmail.com
    [phone] => 82996242549
    [formname] => Обратная связь
)

------------------------

------------------------
24.04.2024 21:55:58
CallbackFormEmailModal
Array
(
    [name] => evreinova.fe@yandex.ru
    [phone] => 84698413893
    [formname] => Обратная связь
)

------------------------

------------------------
24.04.2024 23:39:16
CallbackFormEmailModal
Array
(
    [name] => alice.ca.sh.35@gmail.com
    [phone] => 87824957236
    [formname] => Обратная связь
)

------------------------

------------------------
24.04.2024 23:52:48
CallbackFormEmailModal
Array
(
    [name] => scenpalli1994@myrambler.ru
    [phone] => 89844769351
    [formname] => Обратная связь
)

------------------------
