
------------------------
27.06.2023 1:56:38
CallbackFormEmailModal
Array
(
    [name] => 799-32438202@bk.ru
    [phone] => 79932438202
    [formname] => Обратная связь
)

------------------------

------------------------
27.06.2023 7:23:29
CallbackFormEmailModal
Array
(
    [name] => knnqoggtfghv@mail.ru
    [phone] => +79123456664
    [formname] => Обратная связь
)

------------------------

------------------------
27.06.2023 20:39:40
CallbackFormEmailModal
Array
(
    [name] => Chauncey Keesler
    [phone] => 079 7488 7503
    [formname] => Обратная связь
)

------------------------

------------------------
27.06.2023 20:43:23
CallbackFormEmailModal
Array
(
    [name] => Eric Jones
    [phone] => 555-555-1212
    [formname] => Обратная связь
)

------------------------
