
------------------------
22.04.2024 0:03:24
CallbackFormEmailModal
Array
(
    [name] => yana.goryunova.30.06.1987@mail.ru
    [phone] => 85521322235
    [formname] => Обратная связь
)

------------------------

------------------------
22.04.2024 0:15:24
CallbackFormEmailModal
Array
(
    [name] => sir.maxbo@yandex.ru
    [phone] => 87435544242
    [formname] => Обратная связь
)

------------------------

------------------------
22.04.2024 0:35:10
CallbackFormEmailModal
Array
(
    [name] => goldboy1931@gmail.com
    [phone] => 85596517857
    [formname] => Обратная связь
)

------------------------

------------------------
22.04.2024 1:47:36
CallbackFormEmailModal
Array
(
    [name] => @corn.fxdan.com|lover@corn.fxdan.com|rooster@corn.fxdan.com}
    [phone] => 81296317294
    [formname] => Обратная связь
)

------------------------

------------------------
22.04.2024 4:24:44
CallbackFormEmailModal
Array
(
    [name] => admsis@fassadenterrasse.de
    [phone] => 85522684633
    [formname] => Обратная связь
)

------------------------

------------------------
22.04.2024 6:16:04
CallbackFormEmailModal
Array
(
    [name] => tkfvxwyutjrvumzk@onet.pl
    [phone] => 81855346385
    [formname] => Обратная связь
)

------------------------

------------------------
22.04.2024 6:41:59
CallbackFormEmailModal
Array
(
    [name] => fpsuper87@hotmail.com
    [phone] => 89977767288
    [formname] => Обратная связь
)

------------------------

------------------------
22.04.2024 6:59:26
CallbackFormEmailModal
Array
(
    [name] => fds334343rfd@atrimoney.site
    [phone] => 86176883928
    [formname] => Обратная связь
)

------------------------

------------------------
22.04.2024 8:16:19
Order
Array
(
    [name] => Денис
    [email] => Denis@paint-center.ru
    [phone] => +7-926-382-6776
    [comment] => Лестничная ступень SР 34х38/30х2 Zn 800х240 мм, кол-во: 1, цена: 1480руб.
Способ доставки: Самовывоз со склада
Выберите способ оплаты: Оплата на расчетный счет организации

Комментарий к заказу: 
18 штук нужно
    [formname] => Заказ из корзины
    [fields] => Array
        (
            [price] => 8880
        )

)

------------------------

------------------------
22.04.2024 8:17:35
Order
Array
(
    [name] => Денис
    [email] => Denis@paint-center.ru
    [phone] => +7-926-382-6776
    [comment] => Лестничная ступень SР 34х38/30х2 Zn 800х240 мм, кол-во: 1, цена: 1480руб.
Способ доставки: Самовывоз со склада
Выберите способ оплаты: Оплата на расчетный счет организации

Комментарий к заказу: 

    [formname] => Заказ из корзины
    [fields] => Array
        (
            [price] => 26640
        )

)

------------------------

------------------------
22.04.2024 8:42:06
CallbackFormEmailModal
Array
(
    [name] => bemsdneposdoieoieiuase@gmail.com
    [phone] => 85142136349
    [formname] => Обратная связь
)

------------------------

------------------------
22.04.2024 10:26:08
CallbackFormEmailModal
Array
(
    [name] => kummare787nusdllet6y@gmail.com
    [phone] => 84225595848
    [formname] => Обратная связь
)

------------------------

------------------------
22.04.2024 11:17:42
CallbackFormEmailModal
Array
(
    [name] => icefashion24@hotmail.com
    [phone] => 86537843583
    [formname] => Обратная связь
)

------------------------

------------------------
22.04.2024 11:43:17
CallbackFormEmailModal
Array
(
    [name] => pavain@gazeta.pl
    [phone] => 82182476773
    [formname] => Обратная связь
)

------------------------

------------------------
22.04.2024 13:00:11
CallbackFormEmailModal
Array
(
    [name] => rout@kino-fan.lol
    [phone] => 87972113811
    [formname] => Обратная связь
)

------------------------

------------------------
22.04.2024 14:56:29
CallbackFormEmailModal
Array
(
    [name] => di.r.e.ct.-r.elka.ma.@mail.ru
    [phone] => 87178949243
    [formname] => Обратная связь
)

------------------------

------------------------
22.04.2024 15:21:34
CallbackFormEmailModal
Array
(
    [name] => ktmnwkovnqufbtsx@onet.pl
    [phone] => 81561241584
    [formname] => Обратная связь
)

------------------------

------------------------
22.04.2024 19:36:44
CallbackFormEmailModal
Array
(
    [name] => chrisgdzt@gmail.com
    [phone] => 84569649944
    [formname] => Обратная связь
)

------------------------

------------------------
22.04.2024 20:23:43
CallbackFormEmailModal
Array
(
    [name] => lz7ht@shilingan.store
    [phone] => 89615957196
    [formname] => Обратная связь
)

------------------------

------------------------
22.04.2024 20:39:36
CallbackFormEmailModal
Array
(
    [name] => fatybnamlebana631@yandex.ru
    [phone] => 85488811186
    [formname] => Обратная связь
)

------------------------

------------------------
22.04.2024 23:12:50
CallbackFormEmailModal
Array
(
    [name] => info@stab-gen.ru
    [phone] => 85673135866
    [formname] => Обратная связь
)

------------------------
