
------------------------
09.05.2025 1:10:58
CallbackFormEmailModal
Array
(
    [name] => vaor.ru2020@gmail.com
    [phone] => 88958755226
    [formname] => Обратная связь
)

------------------------

------------------------
09.05.2025 9:21:48
CallbackFormEmailModal
Array
(
    [name] => packsmax698@meta.ua
    [phone] => 83849372638
    [formname] => Обратная связь
)

------------------------

------------------------
09.05.2025 9:37:10
CallbackFormEmailModal
Array
(
    [name] => postsaddtaliretneu@mail.ru
    [phone] => 81573662818
    [formname] => Обратная связь
)

------------------------

------------------------
09.05.2025 9:49:02
CallbackFormEmailModal
Array
(
    [name] => agafiyabolshakova19936907@bk.ru
    [phone] => 81174635113
    [formname] => Обратная связь
)

------------------------

------------------------
09.05.2025 9:55:19
CallbackFormEmailModal
Array
(
    [name] => ilnanmode1973@mail.ru
    [phone] => 81229519735
    [formname] => Обратная связь
)

------------------------

------------------------
09.05.2025 9:57:44
CallbackFormEmailModal
Array
(
    [name] => stapuntril1990@mail.ru
    [phone] => 89843415671
    [formname] => Обратная связь
)

------------------------

------------------------
09.05.2025 9:57:45
CallbackFormEmailModal
Array
(
    [name] => mepinfenia@bk.ru
    [phone] => 82953175484
    [formname] => Обратная связь
)

------------------------

------------------------
09.05.2025 10:00:12
CallbackFormEmailModal
Array
(
    [name] => subbotinalenara88@mail.ru
    [phone] => 86549225774
    [formname] => Обратная связь
)

------------------------

------------------------
09.05.2025 10:07:54
CallbackFormEmailModal
Array
(
    [name] => kharitonovaezi1987@mail.ru
    [phone] => 89733983115
    [formname] => Обратная связь
)

------------------------

------------------------
09.05.2025 10:20:14
CallbackFormEmailModal
Array
(
    [name] => amabil.6002@mail.ru
    [phone] => 85612548359
    [formname] => Обратная связь
)

------------------------

------------------------
09.05.2025 10:34:44
CallbackFormEmailModal
Array
(
    [name] => kskoxim@inbox.ru
    [phone] => 85552947686
    [formname] => Обратная связь
)

------------------------

------------------------
09.05.2025 10:52:15
CallbackFormEmailModal
Array
(
    [name] => erangifest1980@mail.ru
    [phone] => 81613557749
    [formname] => Обратная связь
)

------------------------

------------------------
09.05.2025 11:34:09
CallbackFormEmailModal
Array
(
    [name] => gendraducanprohbay@mail.ru
    [phone] => 87472195518
    [formname] => Обратная связь
)

------------------------

------------------------
09.05.2025 11:52:23
CallbackFormEmailModal
Array
(
    [name] => elfpmkhc@derrenmail.com
    [phone] => 82214855764
    [formname] => Обратная связь
)

------------------------

------------------------
09.05.2025 11:57:18
CallbackFormEmailModal
Array
(
    [name] => secberconla1986@mail.ru
    [phone] => 85741684666
    [formname] => Обратная связь
)

------------------------

------------------------
09.05.2025 12:03:06
CallbackFormEmailModal
Array
(
    [name] => robert@bestdeal.wiki
    [phone] => 86658116781
    [formname] => Обратная связь
)

------------------------

------------------------
09.05.2025 12:13:17
CallbackFormEmailModal
Array
(
    [name] => avgustina.morozova@bk.ru
    [phone] => 85986495547
    [formname] => Обратная связь
)

------------------------

------------------------
09.05.2025 13:01:31
CallbackFormEmailModal
Array
(
    [name] => combontsegal37@mail.ru
    [phone] => 89588438568
    [formname] => Обратная связь
)

------------------------

------------------------
09.05.2025 14:24:58
CallbackFormEmailModal
Array
(
    [name] => sileterde1976@mail.ru
    [phone] => 88884779875
    [formname] => Обратная связь
)

------------------------

------------------------
09.05.2025 14:25:39
CallbackFormEmailModal
Array
(
    [name] => mlonanlout1985@mail.ru
    [phone] => 86286253312
    [formname] => Обратная связь
)

------------------------

------------------------
09.05.2025 14:28:06
CallbackFormEmailModal
Array
(
    [name] => yulya.onipchenko.88@mail.ru
    [phone] => 89724234758
    [formname] => Обратная связь
)

------------------------

------------------------
09.05.2025 14:38:02
CallbackFormEmailModal
Array
(
    [name] => chofitensatomar@mail.ru
    [phone] => 84612851679
    [formname] => Обратная связь
)

------------------------

------------------------
09.05.2025 15:16:28
CallbackFormEmailModal
Array
(
    [name] => gsjtjids@ronaldofmail.com
    [phone] => 85451694545
    [formname] => Обратная связь
)

------------------------

------------------------
09.05.2025 16:35:14
CallbackFormEmailModal
Array
(
    [name] => revers711@1ti.ru
    [phone] => 82595695886
    [formname] => Обратная связь
)

------------------------

------------------------
09.05.2025 17:13:15
CallbackFormEmailModal
Array
(
    [name] => tntgaqto@eblanomail.com
    [phone] => 88551451561
    [formname] => Обратная связь
)

------------------------

------------------------
09.05.2025 17:20:08
CallbackFormEmailModal
Array
(
    [name] => vkctcdju@wildbmail.com
    [phone] => 82271413639
    [formname] => Обратная связь
)

------------------------

------------------------
09.05.2025 17:58:27
CallbackFormEmailModal
Array
(
    [name] => hjkljlggff@gmail.com
    [phone] => 81919775397
    [formname] => Обратная связь
)

------------------------

------------------------
09.05.2025 18:22:24
CallbackFormEmailModal
Array
(
    [name] => ecoeats@mail.ru
    [phone] => 83663913972
    [formname] => Обратная связь
)

------------------------

------------------------
09.05.2025 21:52:52
CallbackFormEmailModal
Array
(
    [name] => elfpmkhc@derrenmail.com
    [phone] => 84144173192
    [formname] => Обратная связь
)

------------------------

------------------------
09.05.2025 22:21:55
CallbackFormEmailModal
Array
(
    [name] => amyrose386@aol.com
    [phone] => 81734684811
    [formname] => Обратная связь
)

------------------------

------------------------
09.05.2025 23:29:30
CallbackFormEmailModal
Array
(
    [name] => Eric Jones
    [phone] => US
    [formname] => Обратная связь
)

------------------------
