
------------------------
06.01.2023 4:12:29
CallbackFormEmailModal
Array
(
    [name] => zelatcol@gmail.com
    [phone] => 86441196461
    [formname] => Обратная связь
)

------------------------

------------------------
06.01.2023 11:12:34
CallbackFormEmailModal
Array
(
    [name] => Stociom@barrymail.xyz
    [phone] => 83435367753
    [formname] => Обратная связь
)

------------------------

------------------------
06.01.2023 16:46:06
CallbackFormEmailModal
Array
(
    [name] => iri.namaslovic.@gmail.com
    [phone] => 88163355381
    [formname] => Обратная связь
)

------------------------

------------------------
06.01.2023 18:44:35
CallbackFormEmailModal
Array
(
    [name] => sheltoncristi.an.89.8@gmail.com
    [phone] => 89569225917
    [formname] => Обратная связь
)

------------------------

------------------------
06.01.2023 18:53:14
CallbackFormEmailModal
Array
(
    [name] => sheltoncristi.an.898@gmail.com
    [phone] => 85679452364
    [formname] => Обратная связь
)

------------------------

------------------------
06.01.2023 21:38:39
CallbackFormEmailModal
Array
(
    [name] => coolrealman123alex@gmail.com
    [phone] => 86137416135
    [formname] => Обратная связь
)

------------------------

------------------------
06.01.2023 23:52:58
CallbackFormEmailModal
Array
(
    [name] => subscriber07@bk.ru
    [phone] => 86129614495
    [formname] => Обратная связь
)

------------------------
