
------------------------
28.11.2023 0:06:40
CallbackFormEmailModal
Array
(
    [name] => lxoikbrpj@totzilla.ru
    [phone] => 86173194683
    [formname] => Обратная связь
)

------------------------

------------------------
28.11.2023 3:24:04
CallbackFormEmailModal
Array
(
    [name] => libress79@hotmail.com
    [phone] => 87893316181
    [formname] => Обратная связь
)

------------------------

------------------------
28.11.2023 4:28:56
CallbackFormEmailModal
Array
(
    [name] => yourmailPealaqu@gmail.com
    [phone] => 88936492251
    [formname] => Обратная связь
)

------------------------

------------------------
28.11.2023 6:01:19
CallbackFormEmailModal
Array
(
    [name] => sbnuyvgmug@rambler.ru
    [phone] => 81236338223
    [formname] => Обратная связь
)

------------------------

------------------------
28.11.2023 10:07:33
CallbackFormEmailModal
Array
(
    [name] => froeach12@rezka.wtf
    [phone] => 85325142946
    [formname] => Обратная связь
)

------------------------

------------------------
28.11.2023 11:47:28
CallbackFormEmailModal
Array
(
    [name] => mihailsazonov6@mail.ru
    [phone] => 86883537832
    [formname] => Обратная связь
)

------------------------

------------------------
28.11.2023 12:12:33
CallbackFormEmailModal
Array
(
    [name] => chestnayreklama@gmail.com
    [phone] => 87691918148
    [formname] => Обратная связь
)

------------------------

------------------------
28.11.2023 18:22:51
CallbackFormEmailModal
Array
(
    [name] => bridisna800@mail3go.online

    [phone] => 82956437256
    [formname] => Обратная связь
)

------------------------

------------------------
28.11.2023 21:18:45
CallbackFormEmailModal
Array
(
    [name] => sherhosl@yandex.ru
    [phone] => 81579948715
    [formname] => Обратная связь
)

------------------------
