
------------------------
22.06.2023 0:21:14
Order
Array
(
    [name] => Нистратов Дмитрий
    [email] => rammstein-1994@mail.ru
    [phone] => +7-917-540-9231
    [comment] => Лестничная ступень SР 34х38/30х2 Zn 600х240 мм, кол-во: 1, цена: 1100руб.
Способ доставки: Доставка автотранспортом поставщика
Выберите способ оплаты: Оплата наличным
Адрес доставки: Москва Дубнинская 73к2

Комментарий к заказу: 
в будни после 17 00
    [formname] => Заказ из корзины
    [fields] => Array
        (
            [price] => 4400
        )

)

------------------------

------------------------
22.06.2023 6:36:04
CallbackFormEmailModal
Array
(
    [name] => denisoneotsk1ks@gmail.com
    [phone] => 86791947691
    [formname] => Обратная связь
)

------------------------

------------------------
22.06.2023 12:29:17
CallbackFormModal
Array
(
    [name] => Владимир
    [phone] => +7(903)723-61-79
    [formname] => Заказать звонок
)

------------------------

------------------------
22.06.2023 12:33:15
CallbackFormEmailModal
Array
(
    [name] => zelatcol@gmail.com
    [phone] => 82861821926
    [formname] => Обратная связь
)

------------------------

------------------------
22.06.2023 12:33:39
CallbackFormEmailModal
Array
(
    [name] => dinfekciya@yandex.ru
    [phone] => 85885951337
    [formname] => Обратная связь
)

------------------------

------------------------
22.06.2023 13:17:09
Order
Array
(
    [name] => Ефимчик Владимир Владимирович
    [email] => Fuchik54@mail.ru
    [phone] => +7-903-723-6179
    [comment] => Лестничная ступень SР 34х38/30х2 Zn 600х240 мм, кол-во: 1, цена: 1100руб.
Способ доставки: Доставка автотранспортом поставщика
Выберите способ оплаты: Оплата на расчетный счет организации
Адрес доставки: Московская область Дмитровский городской округ деревня Новинки дом 41

Комментарий к заказу: 

    [formname] => Заказ из корзины
    [fields] => Array
        (
            [price] => 18700
        )

)

------------------------

------------------------
22.06.2023 16:33:48
Order
Array
(
    [name] => Елена Константиновна Колобанова
    [email] => aquaspec@yandex.ru
    [phone] => +7-978-704-6703
    [comment] => Прессованный  настил P 33х33/30х3 Zn 1000х1000 мм, кол-во: 1, цена: 6160руб.
Способ доставки: Самовывоз со склада
Выберите способ оплаты: Оплата на расчетный счет организации

Комментарий к заказу: 
Нужен счет на ООО "АКВАСПЕЦСТИЛ"
    [formname] => Заказ из корзины
    [fields] => Array
        (
            [price] => 6160
        )

)

------------------------

------------------------
22.06.2023 16:46:25
Order
Array
(
    [name] => Погосян Арман
    [email] => poghosyan7@gmail.com
    [phone] => +7-925-299-7231
    [comment] => Решетчатый настил P 33х11/30х2 Zn 800х1000 мм, кол-во: 1, цена: 7200руб.
Способ доставки: Доставка автотранспортом поставщика
Выберите способ оплаты: Оплата наличным
Адрес доставки: Тимура Фрунзе 20

Комментарий к заказу: 

    [formname] => Заказ из корзины
    [fields] => Array
        (
            [price] => 7200
        )

)

------------------------

------------------------
22.06.2023 23:01:42
CallbackFormEmailModal
Array
(
    [name] => maltusjohn@gmail.com
    [phone] => 86295416471
    [formname] => Обратная связь
)

------------------------
