
------------------------
08.08.2024 1:06:44
CallbackFormEmailModal
Array
(
    [name] => lickercoin@yandex.ru
    [phone] => 82194598679
    [formname] => Обратная связь
)

------------------------

------------------------
08.08.2024 5:06:39
CallbackFormEmailModal
Array
(
    [name] => alexeynovikovfarmil@gmail.com
    [phone] => 81973176385
    [formname] => Обратная связь
)

------------------------

------------------------
08.08.2024 5:46:18
CallbackFormEmailModal
Array
(
    [name] => nikitasemenov28576@mail.ru
    [phone] => 83352286355
    [formname] => Обратная связь
)

------------------------

------------------------
08.08.2024 7:14:20
CallbackFormEmailModal
Array
(
    [name] => las@lasercalibration.ru
    [phone] => 85266274526
    [formname] => Обратная связь
)

------------------------

------------------------
08.08.2024 9:14:54
CallbackFormEmailModal
Array
(
    [name] => sabaat321456@gmail.com
    [phone] => 87498734111
    [formname] => Обратная связь
)

------------------------

------------------------
08.08.2024 11:19:54
CallbackFormEmailModal
Array
(
    [name] => hazeltorres7vy@outlook.com
    [phone] => 85393635839
    [formname] => Обратная связь
)

------------------------

------------------------
08.08.2024 11:35:24
CallbackFormEmailModal
Array
(
    [name] => 1@www-marketing.ru
    [phone] => 87224719948
    [formname] => Обратная связь
)

------------------------

------------------------
08.08.2024 13:24:57
CallbackFormEmailModal
Array
(
    [name] => sabaat321456@gmail.com
    [phone] => 86865398145
    [formname] => Обратная связь
)

------------------------

------------------------
08.08.2024 17:30:46
CallbackFormEmailModal
Array
(
    [name] => xrumer23Kip@gmail.com
    [phone] => 84196369846
    [formname] => Обратная связь
)

------------------------

------------------------
08.08.2024 20:01:14
CallbackFormEmailModal
Array
(
    [name] => seon@meteo.gold
    [phone] => 87322838152
    [formname] => Обратная связь
)

------------------------

------------------------
08.08.2024 20:52:43
CallbackFormEmailModal
Array
(
    [name] => sabaat321456@gmail.com
    [phone] => 83787787685
    [formname] => Обратная связь
)

------------------------

------------------------
08.08.2024 21:10:18
Order
Array
(
    [name] => Сидельников стас
    [email] => Elena8522@mail.ru
    [phone] => +7-968-462-9436
    [comment] => Ворс + Резина, кол-во: 1, цена: 9486руб.
Способ доставки: Самовывоз со склада
Выберите способ оплаты: Оплата наличным

Комментарий к заказу: 

    [formname] => Заказ из корзины
    [fields] => Array
        (
            [price] => 18972
        )

)

------------------------

------------------------
08.08.2024 21:11:14
CallbackFormModal
Array
(
    [name] => Станислав
    [phone] => +7(968)462-94-36
    [formname] => Заказать звонок
)

------------------------

------------------------
08.08.2024 21:11:57
CallbackFormModal
Array
(
    [name] => Стас
    [phone] => +7(968)462-94-36
    [formname] => Заказать звонок
)

------------------------

------------------------
08.08.2024 21:12:19
CallbackFormModal
Array
(
    [name] => Стас
    [phone] => +7(968)462-94-36
    [formname] => Заказать звонок
)

------------------------

------------------------
08.08.2024 21:33:57
CallbackFormEmailModal
Array
(
    [name] => sabaat321456@gmail.com
    [phone] => 82447935186
    [formname] => Обратная связь
)

------------------------

------------------------
08.08.2024 21:45:13
CallbackFormEmailModal
Array
(
    [name] => vladimirflorenko18@gmail.com
    [phone] => 89316263755
    [formname] => Обратная связь
)

------------------------

------------------------
08.08.2024 21:52:52
CallbackFormEmailModal
Array
(
    [name] => sabaat321456@gmail.com
    [phone] => 82553868128
    [formname] => Обратная связь
)

------------------------

------------------------
08.08.2024 22:47:45
CallbackFormEmailModal
Array
(
    [name] => wx581278lihe[exygyzotorygetit,2,5]@wxlihe15698.com
    [phone] => 83775941543
    [formname] => Обратная связь
)

------------------------
