
------------------------
08.07.2024 0:10:11
CallbackFormEmailModal
Array
(
    [name] => 79261304324@bk.ru
    [phone] => 79261304324
    [formname] => Обратная связь
)

------------------------

------------------------
08.07.2024 0:57:14
CallbackFormEmailModal
Array
(
    [name] => rabochie-sp23b@gmail.com
    [phone] => 89163384755
    [formname] => Обратная связь
)

------------------------

------------------------
08.07.2024 1:15:12
CallbackFormEmailModal
Array
(
    [name] => gjhruke2@outlook.com
    [phone] => 85562367361
    [formname] => Обратная связь
)

------------------------

------------------------
08.07.2024 4:07:57
CallbackFormEmailModal
Array
(
    [name] => olpwjztjuel@rudiplomust.com
    [phone] => 88737426463
    [formname] => Обратная связь
)

------------------------

------------------------
08.07.2024 8:23:52
CallbackFormEmailModal
Array
(
    [name] => mitaxebandilis@gmail.com
    [phone] => 82252991671
    [formname] => Обратная связь
)

------------------------

------------------------
08.07.2024 9:11:39
CallbackFormEmailModal
Array
(
    [name] => alexeynovikovfarmil@gmail.com
    [phone] => 84792793975
    [formname] => Обратная связь
)

------------------------

------------------------
08.07.2024 9:39:35
CallbackFormEmailModal
Array
(
    [name] => aleksandr999alex@mail.ru
    [phone] => 89126972265
    [formname] => Обратная связь
)

------------------------

------------------------
08.07.2024 11:32:00
CallbackFormEmailModal
Array
(
    [name] => 1@bztpa.ru
    [phone] => 86428641586
    [formname] => Обратная связь
)

------------------------

------------------------
08.07.2024 11:40:16
CallbackFormEmailModal
Array
(
    [name] => shamsiddin-2010@mail.ru
    [phone] => 87973634691
    [formname] => Обратная связь
)

------------------------

------------------------
08.07.2024 11:40:33
CallbackFormEmailModal
Array
(
    [name] => vladimirflorenko18@gmail.com
    [phone] => 82857594567
    [formname] => Обратная связь
)

------------------------

------------------------
08.07.2024 12:37:07
CallbackFormEmailModal
Array
(
    [name] => iqbmhhqsnel@rudiplomust.com
    [phone] => 88791375645
    [formname] => Обратная связь
)

------------------------

------------------------
08.07.2024 14:21:08
CallbackFormEmailModal
Array
(
    [name] => hcxoopeaiel@rudiplomust.com
    [phone] => 83359838359
    [formname] => Обратная связь
)

------------------------

------------------------
08.07.2024 14:34:58
CallbackFormEmailModal
Array
(
    [name] => xzzpjuertel@rudiplomust.com
    [phone] => 88199253445
    [formname] => Обратная связь
)

------------------------

------------------------
08.07.2024 14:55:24
CallbackFormEmailModal
Array
(
    [name] => remnsdmpepoasopeoiepaso@gmail.com
    [phone] => 82353641714
    [formname] => Обратная связь
)

------------------------

------------------------
08.07.2024 17:09:00
CallbackFormEmailModal
Array
(
    [name] => isaev_dima_27622@mail.ru
    [phone] => 86954532437
    [formname] => Обратная связь
)

------------------------

------------------------
08.07.2024 17:19:48
CallbackFormEmailModal
Array
(
    [name] => alexeynovikovfarmil@gmail.com
    [phone] => 88533181865
    [formname] => Обратная связь
)

------------------------

------------------------
08.07.2024 19:02:18
CallbackFormEmailModal
Array
(
    [name] => eucopbjiqel@rudiplomust.com
    [phone] => 86515725316
    [formname] => Обратная связь
)

------------------------

------------------------
08.07.2024 20:14:37
CallbackFormEmailModal
Array
(
    [name] => stephaniezhaka@onet.pl
    [phone] => 84499898589
    [formname] => Обратная связь
)

------------------------

------------------------
08.07.2024 21:06:09
CallbackFormEmailModal
Array
(
    [name] => klhqruuvbel@rudiplomust.cm
    [phone] => 88866592818
    [formname] => Обратная связь
)

------------------------

------------------------
08.07.2024 21:06:10
CallbackFormEmailModal
Array
(
    [name] => onytyaxprel@rudiplomust.com
    [phone] => 84571481468
    [formname] => Обратная связь
)

------------------------

------------------------
08.07.2024 21:16:16
CallbackFormEmailModal
Array
(
    [name] => notatala1975@op.pl
    [phone] => 82512323582
    [formname] => Обратная связь
)

------------------------

------------------------
08.07.2024 21:33:39
CallbackFormEmailModal
Array
(
    [name] => vladimirflorenko18@gmail.com
    [phone] => 86598118519
    [formname] => Обратная связь
)

------------------------

------------------------
08.07.2024 23:09:02
CallbackFormEmailModal
Array
(
    [name] => seneleti1988@op.pl
    [phone] => 81259398395
    [formname] => Обратная связь
)

------------------------

------------------------
08.07.2024 23:56:29
CallbackFormEmailModal
Array
(
    [name] => yntlfuezfj@rambler.ru
    [phone] => +71231234567
    [formname] => Обратная связь
)

------------------------
