
------------------------
14.02.2025 0:28:27
CallbackFormEmailModal
Array
(
    [name] => admin@progonx.fun
    [phone] => 88728282691
    [formname] => Обратная связь
)

------------------------

------------------------
14.02.2025 0:37:29
CallbackFormEmailModal
Array
(
    [name] => opqtuvbkmel@rudiplomust.com
    [phone] => 85642338281
    [formname] => Обратная связь
)

------------------------

------------------------
14.02.2025 0:45:16
CallbackFormEmailModal
Array
(
    [name] => jqmhqlhkgel@rudiplomust.com
    [phone] => 89319677857
    [formname] => Обратная связь
)

------------------------

------------------------
14.02.2025 1:25:58
CallbackFormEmailModal
Array
(
    [name] => wkzarwtpqei@rudiplomust.com
    [phone] => 85296447999
    [formname] => Обратная связь
)

------------------------

------------------------
14.02.2025 5:09:02
CallbackFormEmailModal
Array
(
    [name] => cirsvhbcael@rudiplomust.com
    [phone] => 84625452818
    [formname] => Обратная связь
)

------------------------

------------------------
14.02.2025 5:44:03
CallbackFormEmailModal
Array
(
    [name] => cclkrsbanel@rudiplomust.com
    [phone] => 84248595717
    [formname] => Обратная связь
)

------------------------

------------------------
14.02.2025 7:48:26
CallbackFormEmailModal
Array
(
    [name] => bmlllzhydel@rudiplomust.com
    [phone] => 81611929617
    [formname] => Обратная связь
)

------------------------

------------------------
14.02.2025 9:01:19
CallbackFormEmailModal
Array
(
    [name] => ovnterbefjuden6138@mail.ru
    [phone] => 89826361769
    [formname] => Обратная связь
)

------------------------

------------------------
14.02.2025 9:13:21
CallbackFormEmailModal
Array
(
    [name] => rhotenti-44@mail.ru
    [phone] => 83245673137
    [formname] => Обратная связь
)

------------------------

------------------------
14.02.2025 9:15:29
CallbackFormEmailModal
Array
(
    [name] => bigendrakoli4335@mail.ru
    [phone] => 85741422215
    [formname] => Обратная связь
)

------------------------

------------------------
14.02.2025 9:15:29
CallbackFormEmailModal
Array
(
    [name] => mitubefhambcomp5336@mail.ru
    [phone] => 89875636685
    [formname] => Обратная связь
)

------------------------

------------------------
14.02.2025 9:20:27
CallbackFormEmailModal
Array
(
    [name] => ramiraselezneva19908003@bk.ru
    [phone] => 86899578679
    [formname] => Обратная связь
)

------------------------

------------------------
14.02.2025 9:35:01
CallbackFormEmailModal
Array
(
    [name] => musaev.misha.1982.3.5@list.ru
    [phone] => 88432477681
    [formname] => Обратная связь
)

------------------------

------------------------
14.02.2025 9:36:03
CallbackFormEmailModal
Array
(
    [name] => subbotinalenara88@mail.ru
    [phone] => 89593188447
    [formname] => Обратная связь
)

------------------------

------------------------
14.02.2025 9:36:05
CallbackFormEmailModal
Array
(
    [name] => winsatall4ever@gmail.com
    [phone] => 88615126218
    [formname] => Обратная связь
)

------------------------

------------------------
14.02.2025 9:36:41
CallbackFormEmailModal
Array
(
    [name] => kina3axjglime@bk.ru
    [phone] => 83656322866
    [formname] => Обратная связь
)

------------------------

------------------------
14.02.2025 9:43:27
CallbackFormEmailModal
Array
(
    [name] => stapuntril1990@mail.ru
    [phone] => 88487646432
    [formname] => Обратная связь
)

------------------------

------------------------
14.02.2025 9:44:20
CallbackFormEmailModal
Array
(
    [name] => mepinfenia@bk.ru
    [phone] => 83943829978
    [formname] => Обратная связь
)

------------------------

------------------------
14.02.2025 9:47:23
CallbackFormEmailModal
Array
(
    [name] => suzdaltsevtazi@mail.ru
    [phone] => 82367147614
    [formname] => Обратная связь
)

------------------------

------------------------
14.02.2025 9:54:53
CallbackFormEmailModal
Array
(
    [name] => zoya.patrusheva.65@mail.ru
    [phone] => 83278629141
    [formname] => Обратная связь
)

------------------------

------------------------
14.02.2025 10:03:04
CallbackFormEmailModal
Array
(
    [name] => inna.kortneva.69@mail.ru
    [phone] => 88741796676
    [formname] => Обратная связь
)

------------------------

------------------------
14.02.2025 10:03:26
CallbackFormEmailModal
Array
(
    [name] => filimonov.ivan.1997.4.6@list.ru
    [phone] => 89811648462
    [formname] => Обратная связь
)

------------------------

------------------------
14.02.2025 10:10:02
CallbackFormEmailModal
Array
(
    [name] => anya.genger@mail.ru
    [phone] => 81357625374
    [formname] => Обратная связь
)

------------------------

------------------------
14.02.2025 11:35:31
CallbackFormEmailModal
Array
(
    [name] => yulya.onipchenko.88@mail.ru
    [phone] => 85941911826
    [formname] => Обратная связь
)

------------------------

------------------------
14.02.2025 11:35:48
CallbackFormEmailModal
Array
(
    [name] => postsaddtaliretneu@mail.ru
    [phone] => 87652724614
    [formname] => Обратная связь
)

------------------------

------------------------
14.02.2025 11:54:23
CallbackFormEmailModal
Array
(
    [name] => doloresa.grishina@mail.ru
    [phone] => 86827138211
    [formname] => Обратная связь
)

------------------------

------------------------
14.02.2025 11:55:15
CallbackFormEmailModal
Array
(
    [name] => rais.shchigelskaya2002@mail.ru
    [phone] => 88228318132
    [formname] => Обратная связь
)

------------------------

------------------------
14.02.2025 12:13:54
CallbackFormEmailModal
Array
(
    [name] => sileterde1976@mail.ru
    [phone] => 89899688598
    [formname] => Обратная связь
)

------------------------

------------------------
14.02.2025 12:26:26
CallbackFormEmailModal
Array
(
    [name] => laisumake186@mail.ru
    [phone] => 81959977736
    [formname] => Обратная связь
)

------------------------

------------------------
14.02.2025 12:26:27
CallbackFormEmailModal
Array
(
    [name] => dzhavgorat-tashdemirov1981@mail.ru
    [phone] => 82674333321
    [formname] => Обратная связь
)

------------------------

------------------------
14.02.2025 12:27:52
CallbackFormEmailModal
Array
(
    [name] => mark.moshchenskiy.90@mail.ru
    [phone] => 86894753956
    [formname] => Обратная связь
)

------------------------

------------------------
14.02.2025 12:29:06
CallbackFormEmailModal
Array
(
    [name] => seimymavig1983@mail.ru
    [phone] => 86126859737
    [formname] => Обратная связь
)

------------------------

------------------------
14.02.2025 12:33:55
CallbackFormEmailModal
Array
(
    [name] => combontsegal37@mail.ru
    [phone] => 83588267781
    [formname] => Обратная связь
)

------------------------

------------------------
14.02.2025 13:20:26
CallbackFormEmailModal
Array
(
    [name] => jymgwqwzfel@rudiplomust.com
    [phone] => 89832922137
    [formname] => Обратная связь
)

------------------------

------------------------
14.02.2025 13:20:30
CallbackFormEmailModal
Array
(
    [name] => ynfltaploel@rudiplomust.com
    [phone] => 89799348359
    [formname] => Обратная связь
)

------------------------

------------------------
14.02.2025 13:52:04
CallbackFormEmailModal
Array
(
    [name] => andywaces@gmail.com
    [phone] => 85777735172
    [formname] => Обратная связь
)

------------------------

------------------------
14.02.2025 14:19:59
CallbackFormEmailModal
Array
(
    [name] => qkohiauvrel@rudiplomust.com
    [phone] => 88722847363
    [formname] => Обратная связь
)

------------------------

------------------------
14.02.2025 15:57:11
CallbackFormEmailModal
Array
(
    [name] => aiiubbuxpel@rudiplomust.com
    [phone] => 83548193473
    [formname] => Обратная связь
)

------------------------

------------------------
14.02.2025 18:18:52
CallbackFormEmailModal
Array
(
    [name] => hehhktnenKt@rudiplomust.com
    [phone] => 84352135628
    [formname] => Обратная связь
)

------------------------

------------------------
14.02.2025 20:17:36
CallbackFormEmailModal
Array
(
    [name] => nrstptutuEt@rudiplomust.com
    [phone] => 85884844795
    [formname] => Обратная связь
)

------------------------

------------------------
14.02.2025 21:05:01
CallbackFormEmailModal
Array
(
    [name] => mlotldofcSi@rudiplomust.com
    [phone] => 88415628381
    [formname] => Обратная связь
)

------------------------

------------------------
14.02.2025 23:00:06
CallbackFormEmailModal
Array
(
    [name] => xrumer23Kip@gmail.com
    [phone] => 88368812343
    [formname] => Обратная связь
)

------------------------

------------------------
14.02.2025 23:04:39
CallbackFormEmailModal
Array
(
    [name] => gljkhhivkel@rudiplomust.com
    [phone] => 88381572141
    [formname] => Обратная связь
)

------------------------
