
------------------------
19.11.2022 9:45:14
CallbackFormEmailModal
Array
(
    [name] => choksad@gmail.com
    [phone] => 88624394524
    [formname] => Обратная связь
)

------------------------

------------------------
19.11.2022 15:30:47
CallbackFormEmailModal
Array
(
    [name] => Cineheiny@topmailonline.xyz
    [phone] => 84617333345
    [formname] => Обратная связь
)

------------------------

------------------------
19.11.2022 17:47:29
CallbackFormEmailModal
Array
(
    [name] => dip@luck.verywd.com
    [phone] => 85939425289
    [formname] => Обратная связь
)

------------------------

------------------------
19.11.2022 19:11:49
CallbackFormEmailModal
Array
(
    [name] => l.u.k.i.no.vic.h.2.0.2.2.1.3.55@gmail.com

    [phone] => 89528887465
    [formname] => Обратная связь
)

------------------------
