
------------------------
12.04.2022 6:24:10
CallbackFormEmailModal
Array
(
    [name] => dirbaz2188239@list.ru
    [phone] => 79997978893
    [formname] => Обратная связь
)

------------------------

------------------------
12.04.2022 6:43:38
CallbackFormEmailModal
Array
(
    [name] => jonathanproducts001@gmail.com
    [phone] => 82637771588
    [formname] => Обратная связь
)

------------------------

------------------------
12.04.2022 8:09:44
CallbackFormEmailModal
Array
(
    [name] => infilkScemSipulkY@gmail.com
    [phone] => 123456789
    [formname] => Обратная связь
)

------------------------

------------------------
12.04.2022 10:38:16
CallbackFormEmailModal
Array
(
    [name] => Vepzoorne@supmail.xyz
    [phone] => 82456952653
    [formname] => Обратная связь
)

------------------------

------------------------
12.04.2022 10:51:56
CallbackFormEmailModal
Array
(
    [name] => Preemonep@topnewmail.xyz
    [phone] => 88899933655
    [formname] => Обратная связь
)

------------------------

------------------------
12.04.2022 16:25:10
CallbackEmailModal
Array
(
    [name] => Entaibe@abdiell.xyz
    [phone] => 81343139527
    [comment] => Название продуката: Трап Mini Wm 200 с горизонтальным отводом DN50
Комменатрий: Ihcjcc Where Can You Get Mebendazole From https://bestadalafil.com/ - Cialis Qyncij <a href="https://bestadalafil.com/">Cialis</a> Some argue that information on function is already included in some of the disease specific health status measures and additional questionnaires are unnecessary. viagra cialis combo Qpelhs https://bestadalafil.com/ - Cialis
    [formname] => Задать вопрос по товару
)

------------------------

------------------------
12.04.2022 22:15:24
CallbackFormEmailModal
Array
(
    [name] => Encanddup@onemailtop.xyz
    [phone] => 89157636842
    [formname] => Обратная связь
)

------------------------

------------------------
12.04.2022 22:50:00
CallbackFormEmailModal
Array
(
    [name] => Vepzoorne@supmail.xyz
    [phone] => 81977821792
    [formname] => Обратная связь
)

------------------------
