
------------------------
23.06.2023 3:48:09
CallbackFormEmailModal
Array
(
    [name] => bankrot-baz38800@list.ru
    [phone] => 79268325227
    [formname] => Обратная связь
)

------------------------

------------------------
23.06.2023 4:53:48
CallbackFormEmailModal
Array
(
    [name] => telphiraves19819@rambler.ru
    [phone] => +71231234567
    [formname] => Обратная связь
)

------------------------

------------------------
23.06.2023 17:27:37
CallbackFormEmailModal
Array
(
    [name] => alexpopov716253@gmail.com
    [phone] => 85988438179
    [formname] => Обратная связь
)

------------------------

------------------------
23.06.2023 20:12:58
CallbackFormEmailModal
Array
(
    [name] => dfdffd@gmail.com
    [phone] => 87237446274
    [formname] => Обратная связь
)

------------------------
