
------------------------
10.09.2023 7:03:25
CallbackFormEmailModal
Array
(
    [name] => akhmedova666@mail.ru
    [phone] => 81554588664
    [formname] => Обратная связь
)

------------------------

------------------------
10.09.2023 8:13:30
CallbackFormEmailModal
Array
(
    [name] => draikkimr976@gmail.com
    [phone] => 87377852791
    [formname] => Обратная связь
)

------------------------

------------------------
10.09.2023 9:56:23
CallbackFormEmailModal
Array
(
    [name] => frama1973@rambler.ua
    [phone] => 85146696799
    [formname] => Обратная связь
)

------------------------

------------------------
10.09.2023 18:00:19
CallbackFormEmailModal
Array
(
    [name] => utkaru@gmail.com
    [phone] => 82732283179
    [formname] => Обратная связь
)

------------------------

------------------------
10.09.2023 19:52:33
CallbackFormEmailModal
Array
(
    [name] => writeme@kaiz.one
    [phone] => 83341163299
    [formname] => Обратная связь
)

------------------------

------------------------
10.09.2023 22:50:43
CallbackFormEmailModal
Array
(
    [name] => zviqgagfg@essytop.site
    [phone] => 83441644593
    [formname] => Обратная связь
)

------------------------
