
------------------------
05.01.2025 1:30:07
CallbackFormEmailModal
Array
(
    [name] => barbariska8912@gmail.com
    [phone] => 85266961858
    [formname] => Обратная связь
)

------------------------

------------------------
05.01.2025 4:04:13
CallbackFormEmailModal
Array
(
    [name] => disliablonxua1973@op.pl
    [phone] => 89881219632
    [formname] => Обратная связь
)

------------------------

------------------------
05.01.2025 4:20:11
CallbackFormEmailModal
Array
(
    [name] => lolerex241@ovout.com
    [phone] => 82758247184
    [formname] => Обратная связь
)

------------------------

------------------------
05.01.2025 5:59:04
CallbackFormEmailModal
Array
(
    [name] => goldboy1931@gmail.com
    [phone] => 83114772922
    [formname] => Обратная связь
)

------------------------

------------------------
05.01.2025 8:59:36
CallbackFormEmailModal
Array
(
    [name] => unprocpounca1988@op.pl
    [phone] => 81736847334
    [formname] => Обратная связь
)

------------------------

------------------------
05.01.2025 10:23:28
CallbackFormEmailModal
Array
(
    [name] => y.kuvayev@mail.ru
    [phone] => 86873978989
    [formname] => Обратная связь
)

------------------------

------------------------
05.01.2025 10:28:52
CallbackFormEmailModal
Array
(
    [name] => combontsegal37@mail.ru
    [phone] => 81546368512
    [formname] => Обратная связь
)

------------------------

------------------------
05.01.2025 10:50:48
CallbackFormEmailModal
Array
(
    [name] => dolnovam@mail.ru
    [phone] => 83424247169
    [formname] => Обратная связь
)

------------------------

------------------------
05.01.2025 12:33:31
CallbackFormEmailModal
Array
(
    [name] => mike@monkeydigital.co
    [phone] => 84282582597
    [formname] => Обратная связь
)

------------------------

------------------------
05.01.2025 13:44:58
CallbackFormEmailModal
Array
(
    [name] => oqiaaubdsel@rudiplomust.com
    [phone] => 81365536599
    [formname] => Обратная связь
)

------------------------

------------------------
05.01.2025 14:47:12
CallbackFormEmailModal
Array
(
    [name] => anna_sokolova_24600@mail.ru
    [phone] => 87494974644
    [formname] => Обратная связь
)

------------------------

------------------------
05.01.2025 15:17:51
CallbackFormEmailModal
Array
(
    [name] => pertverfolksi1985@op.pl
    [phone] => 83268997874
    [formname] => Обратная связь
)

------------------------

------------------------
05.01.2025 15:34:42
CallbackFormEmailModal
Array
(
    [name] => siatimscompma1978@mail.ru
    [phone] => 83318757223
    [formname] => Обратная связь
)

------------------------

------------------------
05.01.2025 15:34:54
CallbackFormEmailModal
Array
(
    [name] => mikhan-zhuravlev-21610@mail.ru
    [phone] => 81158845836
    [formname] => Обратная связь
)

------------------------

------------------------
05.01.2025 17:11:07
CallbackFormEmailModal
Array
(
    [name] => gendraducanprohbay@mail.ru
    [phone] => 89393448267
    [formname] => Обратная связь
)

------------------------

------------------------
05.01.2025 17:11:07
CallbackFormEmailModal
Array
(
    [name] => terjetade1977@mail.ru
    [phone] => 85596539243
    [formname] => Обратная связь
)

------------------------

------------------------
05.01.2025 17:42:41
CallbackFormEmailModal
Array
(
    [name] => aaronrosalyn6@gmail.com

    [phone] => Kurva!!!
 >>> https://is.gd/606POw
 <<<
    [formname] => Обратная связь
)

------------------------

------------------------
05.01.2025 18:36:54
CallbackFormEmailModal
Array
(
    [name] => shushalev.yulian@mail.ru
    [phone] => 87843727331
    [formname] => Обратная связь
)

------------------------

------------------------
05.01.2025 18:47:10
CallbackFormEmailModal
Array
(
    [name] => psincurousenlepen@mail.ru
    [phone] => 85929935475
    [formname] => Обратная связь
)

------------------------

------------------------
05.01.2025 19:26:06
CallbackFormEmailModal
Array
(
    [name] => nvykulvwlel@rudiplomust.com
    [phone] => 84664339784
    [formname] => Обратная связь
)

------------------------

------------------------
05.01.2025 19:38:15
CallbackFormEmailModal
Array
(
    [name] => abbyas-venikov1984@mail.ru
    [phone] => 89395411383
    [formname] => Обратная связь
)

------------------------

------------------------
05.01.2025 22:10:03
CallbackFormEmailModal
Array
(
    [name] => gm1176374@gmail.com
    [phone] => 88567442793
    [formname] => Обратная связь
)

------------------------

------------------------
05.01.2025 23:27:33
CallbackFormModal
Array
(
    [name] => Андрей
    [phone] => +7(910)456-60-22
    [formname] => Заказать звонок
)

------------------------

------------------------
05.01.2025 23:45:10
CallbackFormEmailModal
Array
(
    [name] => skagisecog1983@op.pl
    [phone] => 84328954726
    [formname] => Обратная связь
)

------------------------

------------------------
05.01.2025 23:57:49
CallbackFormEmailModal
Array
(
    [name] => ketpchantila1982@op.pl
    [phone] => 84898998363
    [formname] => Обратная связь
)

------------------------
