
------------------------
16.02.2025 2:10:04
CallbackFormEmailModal
Array
(
    [name] => uqdqzejevKt@rudiplomust.com
    [phone] => 82333177478
    [formname] => Обратная связь
)

------------------------

------------------------
16.02.2025 3:33:36
CallbackFormEmailModal
Array
(
    [name] => lisov.e.v.ge.n.i.j1.96.@gmail.com
    [phone] => 88285884164
    [formname] => Обратная связь
)

------------------------

------------------------
16.02.2025 5:16:46
CallbackFormEmailModal
Array
(
    [name] => soiujxjloka@rudiplomust.com
    [phone] => 89146311453
    [formname] => Обратная связь
)

------------------------

------------------------
16.02.2025 5:42:19
CallbackFormEmailModal
Array
(
    [name] => xurmavod@mail.ru
    [phone] => 87371429855
    [formname] => Обратная связь
)

------------------------

------------------------
16.02.2025 6:25:24
CallbackFormEmailModal
Array
(
    [name] => xefhkkhzoel@rudiplomust.com
    [phone] => 88341774195
    [formname] => Обратная связь
)

------------------------

------------------------
16.02.2025 7:57:30
CallbackFormEmailModal
Array
(
    [name] => Hannelore Murrell
    [phone] => United States
    [formname] => Обратная связь
)

------------------------

------------------------
16.02.2025 8:02:36
CallbackFormEmailModal
Array
(
    [name] => Crystle Cogburn
    [phone] => Switzerland
    [formname] => Обратная связь
)

------------------------

------------------------
16.02.2025 8:23:11
CallbackFormEmailModal
Array
(
    [name] => Gabriel Marshall
    [phone] => Brazil
    [formname] => Обратная связь
)

------------------------

------------------------
16.02.2025 8:25:10
CallbackFormEmailModal
Array
(
    [name] => taelivihohtoca@mail.ru
    [phone] => 86137296226
    [formname] => Обратная связь
)

------------------------

------------------------
16.02.2025 8:34:06
CallbackFormEmailModal
Array
(
    [name] => chistogunn@gmail.com
    [phone] => 83463297295
    [formname] => Обратная связь
)

------------------------

------------------------
16.02.2025 8:58:37
CallbackFormEmailModal
Array
(
    [name] => yxcjzlkpjel@rudiplomust.com
    [phone] => 88867146961
    [formname] => Обратная связь
)

------------------------

------------------------
16.02.2025 9:14:12
CallbackFormEmailModal
Array
(
    [name] => yhemkgjmael@rudiplomust.com
    [phone] => 88676941849
    [formname] => Обратная связь
)

------------------------

------------------------
16.02.2025 9:43:19
CallbackFormEmailModal
Array
(
    [name] => podaiclan_547@mail.ru
    [phone] => 89177247869
    [formname] => Обратная связь
)

------------------------

------------------------
16.02.2025 10:11:39
CallbackFormEmailModal
Array
(
    [name] => wemofoomacfensta@mail.ru
    [phone] => 88954217175
    [formname] => Обратная связь
)

------------------------

------------------------
16.02.2025 10:44:22
CallbackFormEmailModal
Array
(
    [name] => juncpecni1980@mail.ru
    [phone] => 87641734488
    [formname] => Обратная связь
)

------------------------

------------------------
16.02.2025 10:53:42
CallbackFormEmailModal
Array
(
    [name] => eepovda@bk.ru
    [phone] => 89732621261
    [formname] => Обратная связь
)

------------------------

------------------------
16.02.2025 10:54:06
CallbackFormEmailModal
Array
(
    [name] => yaroslav.sevastyanov.1988@mail.ru
    [phone] => 89472911194
    [formname] => Обратная связь
)

------------------------

------------------------
16.02.2025 10:55:08
CallbackFormEmailModal
Array
(
    [name] => mlonanlout1985@mail.ru
    [phone] => 83456462537
    [formname] => Обратная связь
)

------------------------

------------------------
16.02.2025 11:03:59
CallbackFormEmailModal
Array
(
    [name] => toypropadsandwesvi@mail.ru
    [phone] => 83654329429
    [formname] => Обратная связь
)

------------------------

------------------------
16.02.2025 11:28:47
CallbackFormEmailModal
Array
(
    [name] => muhinvilii1986@list.ru
    [phone] => 88526716139
    [formname] => Обратная связь
)

------------------------

------------------------
16.02.2025 13:08:50
CallbackFormEmailModal
Array
(
    [name] => olesya.zhukova.1994@bk.ru
    [phone] => 85527498988
    [formname] => Обратная связь
)

------------------------

------------------------
16.02.2025 13:11:45
CallbackFormEmailModal
Array
(
    [name] => crypto@soffter.ru
    [phone] => 81517641877
    [formname] => Обратная связь
)

------------------------

------------------------
16.02.2025 13:37:14
CallbackFormEmailModal
Array
(
    [name] => gyjgqdfxsel@rudiplomust.com
    [phone] => 84784617882
    [formname] => Обратная связь
)

------------------------

------------------------
16.02.2025 15:12:18
CallbackFormEmailModal
Array
(
    [name] => xxtukpwbcEl@mymaildew.ru
    [phone] => 87917279278
    [formname] => Обратная связь
)

------------------------

------------------------
16.02.2025 15:15:04
CallbackFormEmailModal
Array
(
    [name] => arturgorz2o3@bk.ru
    [phone] => 84625316467
    [formname] => Обратная связь
)

------------------------

------------------------
16.02.2025 15:36:34
CallbackFormEmailModal
Array
(
    [name] => ggwojinidel@rudiplomust.com
    [phone] => 84343752629
    [formname] => Обратная связь
)

------------------------

------------------------
16.02.2025 19:00:18
CallbackFormEmailModal
Array
(
    [name] => iintabre@mail.ru
    [phone] => 88517761362
    [formname] => Обратная связь
)

------------------------

------------------------
16.02.2025 19:00:27
CallbackFormEmailModal
Array
(
    [name] => ponomaryov.borya.1983@bk.ru
    [phone] => 83899821637
    [formname] => Обратная связь
)

------------------------

------------------------
16.02.2025 19:03:48
CallbackFormEmailModal
Array
(
    [name] => textliburlitt1983@mail.ru
    [phone] => 87812352288
    [formname] => Обратная связь
)

------------------------

------------------------
16.02.2025 19:23:22
CallbackFormEmailModal
Array
(
    [name] => diana.fedorova.85@inbox.ru
    [phone] => 86317378325
    [formname] => Обратная связь
)

------------------------

------------------------
16.02.2025 19:44:25
CallbackFormEmailModal
Array
(
    [name] => kozlovvarlen19782037@mail.ru
    [phone] => 88672313237
    [formname] => Обратная связь
)

------------------------

------------------------
16.02.2025 21:04:12
CallbackFormEmailModal
Array
(
    [name] => awgpdvzkvel@rudiplomust.com
    [phone] => 85138866174
    [formname] => Обратная связь
)

------------------------

------------------------
16.02.2025 21:37:57
CallbackFormEmailModal
Array
(
    [name] => gaxjzrkdnSi@rudiplomust.com
    [phone] => 81794657424
    [formname] => Обратная связь
)

------------------------

------------------------
16.02.2025 23:24:11
Order
Array
(
    [name] => Сергей
    [email] => 
    [phone] => +7-938-455-2337
    [comment] => Прессованный  настил P 33х33/30х3 Zn 1000х1000 мм, кол-во: 1, цена: 6160руб.
Способ доставки: Самовывоз со склада
Выберите способ оплаты: Оплата наличным

Комментарий к заказу: 

    [formname] => Заказ из корзины
    [fields] => Array
        (
            [price] => 6160
        )

)

------------------------
