
------------------------
25.12.2024 1:01:54
CallbackFormEmailModal
Array
(
    [name] => jean@grussing.com
    [phone] => 83567156347
    [formname] => Обратная связь
)

------------------------

------------------------
25.12.2024 2:09:23
CallbackFormEmailModal
Array
(
    [name] => spalstisee@inbox.ru
    [phone] => 89853622994
    [formname] => Обратная связь
)

------------------------

------------------------
25.12.2024 4:27:36
CallbackFormEmailModal
Array
(
    [name] => anthon2@xrevelxr.com
    [phone] => 83291216169
    [formname] => Обратная связь
)

------------------------

------------------------
25.12.2024 4:33:41
CallbackFormEmailModal
Array
(
    [name] => goldboy1931@gmail.com
    [phone] => 87957191188
    [formname] => Обратная связь
)

------------------------

------------------------
25.12.2024 6:12:03
CallbackFormEmailModal
Array
(
    [name] => goldboy1931@gmail.com
    [phone] => 88361428557
    [formname] => Обратная связь
)

------------------------

------------------------
25.12.2024 11:53:21
CallbackFormEmailModal
Array
(
    [name] => kilzirxwcel@rudiplomust.com
    [phone] => 84854896719
    [formname] => Обратная связь
)

------------------------

------------------------
25.12.2024 12:35:38
CallbackFormEmailModal
Array
(
    [name] => ngfacrrpcel@rudiplomust.com
    [phone] => 84378664816
    [formname] => Обратная связь
)

------------------------

------------------------
25.12.2024 13:51:56
CallbackFormEmailModal
Array
(
    [name] => odrbkwkdlel@rudiplomust.com
    [phone] => 89338759925
    [formname] => Обратная связь
)

------------------------

------------------------
25.12.2024 15:23:21
CallbackFormEmailModal
Array
(
    [name] => toypropadsandwesvi@mail.ru
    [phone] => 84862364177
    [formname] => Обратная связь
)

------------------------

------------------------
25.12.2024 15:23:22
CallbackFormEmailModal
Array
(
    [name] => taelivihohtoca@mail.ru
    [phone] => 86261564625
    [formname] => Обратная связь
)

------------------------

------------------------
25.12.2024 15:23:49
CallbackFormEmailModal
Array
(
    [name] => mikhan-zhuravlev-21610@mail.ru
    [phone] => 83473729822
    [formname] => Обратная связь
)

------------------------

------------------------
25.12.2024 15:24:02
CallbackFormEmailModal
Array
(
    [name] => diana.fedorova.85@inbox.ru
    [phone] => 86341113753
    [formname] => Обратная связь
)

------------------------

------------------------
25.12.2024 15:27:21
CallbackFormEmailModal
Array
(
    [name] => abbyas-venikov1984@mail.ru
    [phone] => 89287448956
    [formname] => Обратная связь
)

------------------------

------------------------
25.12.2024 16:18:50
CallbackFormEmailModal
Array
(
    [name] => spalstisee@inbox.ru
    [phone] => 86866562434
    [formname] => Обратная связь
)

------------------------

------------------------
25.12.2024 17:55:42
CallbackFormEmailModal
Array
(
    [name] => suzdaltsevtazi@mail.ru
    [phone] => 82533394361
    [formname] => Обратная связь
)

------------------------

------------------------
25.12.2024 17:55:43
CallbackFormEmailModal
Array
(
    [name] => gabrielakuzmina1989@list.ru
    [phone] => 88887689561
    [formname] => Обратная связь
)

------------------------

------------------------
25.12.2024 17:55:44
CallbackFormEmailModal
Array
(
    [name] => zoya.patrusheva.65@mail.ru
    [phone] => 87715295275
    [formname] => Обратная связь
)

------------------------

------------------------
25.12.2024 17:55:49
CallbackFormEmailModal
Array
(
    [name] => dolnovam@mail.ru
    [phone] => 89272616672
    [formname] => Обратная связь
)

------------------------

------------------------
25.12.2024 18:35:13
CallbackFormEmailModal
Array
(
    [name] => gpfwjmiomel@rudiplomust.com
    [phone] => 81529351696
    [formname] => Обратная связь
)

------------------------

------------------------
25.12.2024 21:20:54
CallbackFormEmailModal
Array
(
    [name] => remodemu1973@mail.ru
    [phone] => 86788177378
    [formname] => Обратная связь
)

------------------------

------------------------
25.12.2024 21:44:26
CallbackFormEmailModal
Array
(
    [name] => barbariska8912@gmail.com
    [phone] => 89746694342
    [formname] => Обратная связь
)

------------------------

------------------------
25.12.2024 22:01:18
CallbackFormEmailModal
Array
(
    [name] => barbariska8912@gmail.com
    [phone] => 87917669917
    [formname] => Обратная связь
)

------------------------
