
------------------------
18.11.2023 2:23:25
CallbackFormEmailModal
Array
(
    [name] => nedhiweked@outlook.com
    [phone] => nedhiweked@outlook.com
    [formname] => Обратная связь
)

------------------------

------------------------
18.11.2023 2:23:29
CallbackFormEmailModal
Array
(
    [name] => nedhiweked@outlook.com
    [phone] => nedhiweked@outlook.com
    [formname] => Обратная связь
)

------------------------

------------------------
18.11.2023 2:23:39
CallbackFormEmailModal
Array
(
    [name] => nedhiweked@outlook.com
    [phone] => nedhiweked@outlook.com
    [formname] => Обратная связь
)

------------------------

------------------------
18.11.2023 2:23:44
CallbackFormEmailModal
Array
(
    [name] => nedhiweked@outlook.com
    [phone] => nedhiweked@outlook.com
    [formname] => Обратная связь
)

------------------------

------------------------
18.11.2023 2:23:52
CallbackFormEmailModal
Array
(
    [name] => nedhiweked@outlook.com
    [phone] => nedhiweked@outlook.com
    [formname] => Обратная связь
)

------------------------

------------------------
18.11.2023 2:23:56
CallbackFormEmailModal
Array
(
    [name] => nedhiweked@outlook.com
    [phone] => nedhiweked@outlook.com
    [formname] => Обратная связь
)

------------------------

------------------------
18.11.2023 2:24:14
CallbackFormEmailModal
Array
(
    [name] => nedhiweked@outlook.com
    [phone] => nedhiweked@outlook.com
    [formname] => Обратная связь
)

------------------------

------------------------
18.11.2023 2:24:19
CallbackFormEmailModal
Array
(
    [name] => nedhiweked@outlook.com
    [phone] => nedhiweked@outlook.com
    [formname] => Обратная связь
)

------------------------

------------------------
18.11.2023 2:24:35
CallbackFormEmailModal
Array
(
    [name] => nedhiweked@outlook.com
    [phone] => nedhiweked@outlook.com
    [formname] => Обратная связь
)

------------------------

------------------------
18.11.2023 2:24:39
CallbackFormEmailModal
Array
(
    [name] => nedhiweked@outlook.com
    [phone] => nedhiweked@outlook.com
    [formname] => Обратная связь
)

------------------------

------------------------
18.11.2023 2:24:48
CallbackFormEmailModal
Array
(
    [name] => nedhiweked@outlook.com
    [phone] => nedhiweked@outlook.com
    [formname] => Обратная связь
)

------------------------

------------------------
18.11.2023 2:24:52
CallbackFormEmailModal
Array
(
    [name] => nedhiweked@outlook.com
    [phone] => nedhiweked@outlook.com
    [formname] => Обратная связь
)

------------------------

------------------------
18.11.2023 2:25:02
CallbackFormEmailModal
Array
(
    [name] => nedhiweked@outlook.com
    [phone] => nedhiweked@outlook.com
    [formname] => Обратная связь
)

------------------------

------------------------
18.11.2023 2:25:08
CallbackFormEmailModal
Array
(
    [name] => nedhiweked@outlook.com
    [phone] => nedhiweked@outlook.com
    [formname] => Обратная связь
)

------------------------

------------------------
18.11.2023 2:25:25
CallbackFormEmailModal
Array
(
    [name] => nedhiweked@outlook.com
    [phone] => nedhiweked@outlook.com
    [formname] => Обратная связь
)

------------------------

------------------------
18.11.2023 2:25:30
CallbackFormEmailModal
Array
(
    [name] => nedhiweked@outlook.com
    [phone] => nedhiweked@outlook.com
    [formname] => Обратная связь
)

------------------------

------------------------
18.11.2023 2:25:37
CallbackFormEmailModal
Array
(
    [name] => nedhiweked@outlook.com
    [phone] => nedhiweked@outlook.com
    [formname] => Обратная связь
)

------------------------

------------------------
18.11.2023 2:25:42
CallbackFormEmailModal
Array
(
    [name] => nedhiweked@outlook.com
    [phone] => nedhiweked@outlook.com
    [formname] => Обратная связь
)

------------------------

------------------------
18.11.2023 2:25:51
CallbackFormEmailModal
Array
(
    [name] => nedhiweked@outlook.com
    [phone] => nedhiweked@outlook.com
    [formname] => Обратная связь
)

------------------------

------------------------
18.11.2023 2:25:55
CallbackFormEmailModal
Array
(
    [name] => nedhiweked@outlook.com
    [phone] => nedhiweked@outlook.com
    [formname] => Обратная связь
)

------------------------

------------------------
18.11.2023 2:26:04
CallbackFormEmailModal
Array
(
    [name] => nedhiweked@outlook.com
    [phone] => nedhiweked@outlook.com
    [formname] => Обратная связь
)

------------------------

------------------------
18.11.2023 2:26:12
CallbackFormEmailModal
Array
(
    [name] => nedhiweked@outlook.com
    [phone] => nedhiweked@outlook.com
    [formname] => Обратная связь
)

------------------------

------------------------
18.11.2023 2:26:22
CallbackFormEmailModal
Array
(
    [name] => nedhiweked@outlook.com
    [phone] => nedhiweked@outlook.com
    [formname] => Обратная связь
)

------------------------

------------------------
18.11.2023 2:26:27
CallbackFormEmailModal
Array
(
    [name] => nedhiweked@outlook.com
    [phone] => nedhiweked@outlook.com
    [formname] => Обратная связь
)

------------------------

------------------------
18.11.2023 2:26:36
CallbackFormEmailModal
Array
(
    [name] => nedhiweked@outlook.com
    [phone] => nedhiweked@outlook.com
    [formname] => Обратная связь
)

------------------------

------------------------
18.11.2023 2:26:41
CallbackFormEmailModal
Array
(
    [name] => nedhiweked@outlook.com
    [phone] => nedhiweked@outlook.com
    [formname] => Обратная связь
)

------------------------

------------------------
18.11.2023 2:26:50
CallbackFormEmailModal
Array
(
    [name] => nedhiweked@outlook.com
    [phone] => nedhiweked@outlook.com
    [formname] => Обратная связь
)

------------------------

------------------------
18.11.2023 2:26:54
CallbackFormEmailModal
Array
(
    [name] => nedhiweked@outlook.com
    [phone] => nedhiweked@outlook.com
    [formname] => Обратная связь
)

------------------------

------------------------
18.11.2023 2:27:03
CallbackFormEmailModal
Array
(
    [name] => nedhiweked@outlook.com
    [phone] => nedhiweked@outlook.com
    [formname] => Обратная связь
)

------------------------

------------------------
18.11.2023 2:27:07
CallbackFormEmailModal
Array
(
    [name] => nedhiweked@outlook.com
    [phone] => nedhiweked@outlook.com
    [formname] => Обратная связь
)

------------------------

------------------------
18.11.2023 2:27:16
CallbackFormEmailModal
Array
(
    [name] => nedhiweked@outlook.com
    [phone] => nedhiweked@outlook.com
    [formname] => Обратная связь
)

------------------------

------------------------
18.11.2023 2:27:21
CallbackFormEmailModal
Array
(
    [name] => nedhiweked@outlook.com
    [phone] => nedhiweked@outlook.com
    [formname] => Обратная связь
)

------------------------

------------------------
18.11.2023 2:27:30
CallbackFormEmailModal
Array
(
    [name] => nedhiweked@outlook.com
    [phone] => nedhiweked@outlook.com
    [formname] => Обратная связь
)

------------------------

------------------------
18.11.2023 2:27:35
CallbackFormEmailModal
Array
(
    [name] => nedhiweked@outlook.com
    [phone] => nedhiweked@outlook.com
    [formname] => Обратная связь
)

------------------------

------------------------
18.11.2023 5:01:54
CallbackFormEmailModal
Array
(
    [name] => a.r.nsf1.9nsr9jf.14.j3f4@pamyatnic.su
    [phone] => 85583674376
    [formname] => Обратная связь
)

------------------------

------------------------
18.11.2023 5:25:28
CallbackFormEmailModal
Array
(
    [name] => wemlrioba@exzilla.ru
    [phone] => 81683531379
    [formname] => Обратная связь
)

------------------------

------------------------
18.11.2023 5:42:13
CallbackFormEmailModal
Array
(
    [name] => iconic+Tag@iconicompany.com
    [phone] => 89577297833
    [formname] => Обратная связь
)

------------------------

------------------------
18.11.2023 6:05:48
CallbackFormEmailModal
Array
(
    [name] => vqjhobrt@mail.ru
    [phone] => +791234567138
    [formname] => Обратная связь
)

------------------------

------------------------
18.11.2023 6:54:51
CallbackFormEmailModal
Array
(
    [name] => pporascron1991@mail.ru
    [phone] => 82763751395
    [formname] => Обратная связь
)

------------------------

------------------------
18.11.2023 6:54:53
CallbackFormEmailModal
Array
(
    [name] => nderbersme@bk.ru
    [phone] => 83415438451
    [formname] => Обратная связь
)

------------------------

------------------------
18.11.2023 8:10:21
CallbackFormEmailModal
Array
(
    [name] => olesya.zhukova.1994@bk.ru
    [phone] => 84724691193
    [formname] => Обратная связь
)

------------------------

------------------------
18.11.2023 8:31:15
CallbackFormEmailModal
Array
(
    [name] => sphhyshpaOt@superstomatologpro.ru
    [phone] => 85624412313
    [formname] => Обратная связь
)

------------------------

------------------------
18.11.2023 8:34:11
CallbackFormEmailModal
Array
(
    [name] => zuyev-vadik@bk.ru
    [phone] => 85998956254
    [formname] => Обратная связь
)

------------------------

------------------------
18.11.2023 8:36:17
CallbackFormEmailModal
Array
(
    [name] => somalkeriz@mail.ru
    [phone] => 82682151286
    [formname] => Обратная связь
)

------------------------

------------------------
18.11.2023 8:56:41
CallbackFormEmailModal
Array
(
    [name] => mazunyzhcn@mail.ru
    [phone] => 86476446195
    [formname] => Обратная связь
)

------------------------

------------------------
18.11.2023 9:02:44
CallbackFormEmailModal
Array
(
    [name] => inenoushumo3218@mail.ru
    [phone] => 89331355559
    [formname] => Обратная связь
)

------------------------

------------------------
18.11.2023 9:03:17
CallbackFormEmailModal
Array
(
    [name] => zumystosa@bk.ru
    [phone] => 89746121336
    [formname] => Обратная связь
)

------------------------

------------------------
18.11.2023 9:08:13
CallbackFormEmailModal
Array
(
    [name] => foncardda1988@mail.ru
    [phone] => 85446349992
    [formname] => Обратная связь
)

------------------------

------------------------
18.11.2023 9:14:06
CallbackFormEmailModal
Array
(
    [name] => kaobkammid@mail.ru
    [phone] => 89215754323
    [formname] => Обратная связь
)

------------------------

------------------------
18.11.2023 9:23:30
CallbackFormEmailModal
Array
(
    [name] => daucarthank1988@mail.ru
    [phone] => 82314818723
    [formname] => Обратная связь
)

------------------------

------------------------
18.11.2023 9:32:54
CallbackFormEmailModal
Array
(
    [name] => eepovda@bk.ru
    [phone] => 88271955429
    [formname] => Обратная связь
)

------------------------

------------------------
18.11.2023 9:37:15
CallbackFormEmailModal
Array
(
    [name] => sizova.olesia.1991.21.1@inbox.ru
    [phone] => 81636334732
    [formname] => Обратная связь
)

------------------------

------------------------
18.11.2023 9:40:49
CallbackFormEmailModal
Array
(
    [name] => titova.polina.1981.15.12@list.ru
    [phone] => 82112687428
    [formname] => Обратная связь
)

------------------------

------------------------
18.11.2023 9:48:49
CallbackFormEmailModal
Array
(
    [name] => lagunov_viktor_1995_15_8@inbox.ru
    [phone] => 83457712574
    [formname] => Обратная связь
)

------------------------

------------------------
18.11.2023 9:51:25
CallbackFormEmailModal
Array
(
    [name] => orlov.roman.1988.2.11@list.ru
    [phone] => 85489896593
    [formname] => Обратная связь
)

------------------------

------------------------
18.11.2023 9:54:47
CallbackFormEmailModal
Array
(
    [name] => raakvalphi@mail.ru
    [phone] => 82522762393
    [formname] => Обратная связь
)

------------------------

------------------------
18.11.2023 13:45:14
CallbackFormEmailModal
Array
(
    [name] => headpossmeti198854@rambler.ru
    [phone] => +71231234567
    [formname] => Обратная связь
)

------------------------

------------------------
18.11.2023 14:08:37
CallbackFormEmailModal
Array
(
    [name] => david02jackson32as@rambler.ru
    [phone] => 88268545699
    [formname] => Обратная связь
)

------------------------

------------------------
18.11.2023 18:20:49
CallbackFormEmailModal
Array
(
    [name] => serggor2023@yandex.ru
    [phone] => 82749562156
    [formname] => Обратная связь
)

------------------------

------------------------
18.11.2023 20:03:36
CallbackFormEmailModal
Array
(
    [name] => hlwsscohj@totzilla.ru
    [phone] => 85327579225
    [formname] => Обратная связь
)

------------------------

------------------------
18.11.2023 20:09:46
CallbackFormEmailModal
Array
(
    [name] => chmfwwngl@gordpizza.ru
    [phone] => 88815364177
    [formname] => Обратная связь
)

------------------------

------------------------
18.11.2023 20:51:15
CallbackFormEmailModal
Array
(
    [name] => dzuivknat@vbealth.online
    [phone] => 85177149428
    [formname] => Обратная связь
)

------------------------

------------------------
18.11.2023 21:03:11
CallbackFormEmailModal
Array
(
    [name] => nderbersme@bk.ru
    [phone] => 89576388423
    [formname] => Обратная связь
)

------------------------

------------------------
18.11.2023 21:29:13
CallbackFormEmailModal
Array
(
    [name] => pporascron1991@mail.ru
    [phone] => 87762596731
    [formname] => Обратная связь
)

------------------------

------------------------
18.11.2023 21:55:29
CallbackFormEmailModal
Array
(
    [name] => krasotysklad@yandex.ru
    [phone] => 81667391197
    [formname] => Обратная связь
)

------------------------
