
------------------------
17.05.2022 2:25:19
CallbackFormEmailModal
Array
(
    [name] => Torralj@yahoo.com
    [phone] => 89032269417
    [formname] => Обратная связь
)

------------------------

------------------------
17.05.2022 2:45:05
CallbackFormEmailModal
Array
(
    [name] => Gino Brozeski
    [phone] => AlfonsoVancampen@gmail.com
    [formname] => Обратная связь
)

------------------------

------------------------
17.05.2022 7:46:06
CallbackFormEmailModal
Array
(
    [name] => mrscottdog@yahoo.com
    [phone] => 89033811999
    [formname] => Обратная связь
)

------------------------

------------------------
17.05.2022 13:27:08
CallbackFormEmailModal
Array
(
    [name] => lijun1218@vip.sina.com
    [phone] => 89030395511
    [formname] => Обратная связь
)

------------------------

------------------------
17.05.2022 13:41:22
CallbackFormEmailModal
Array
(
    [name] => grushina.manya@mail.ru
    [phone] => 84129195432
    [formname] => Обратная связь
)

------------------------

------------------------
17.05.2022 18:47:34
CallbackFormEmailModal
Array
(
    [name] => ygqiiltnk@gmail.com
    [phone] => 89034931743
    [formname] => Обратная связь
)

------------------------
