
------------------------
30.12.2024 0:25:36
CallbackFormEmailModal
Array
(
    [name] => combontsegal37@mail.ru
    [phone] => 82697935841
    [formname] => Обратная связь
)

------------------------

------------------------
30.12.2024 0:29:53
CallbackFormEmailModal
Array
(
    [name] => doloresa.grishina@mail.ru
    [phone] => 85517198526
    [formname] => Обратная связь
)

------------------------

------------------------
30.12.2024 0:36:18
CallbackFormEmailModal
Array
(
    [name] => orlov.roman.1988.2.11@list.ru
    [phone] => 81953245575
    [formname] => Обратная связь
)

------------------------

------------------------
30.12.2024 0:45:08
CallbackFormEmailModal
Array
(
    [name] => gulaza-khlyupko2000@mail.ru
    [phone] => 87247769777
    [formname] => Обратная связь
)

------------------------

------------------------
30.12.2024 1:13:07
CallbackFormEmailModal
Array
(
    [name] => barbariska8912@gmail.com
    [phone] => 89773336897
    [formname] => Обратная связь
)

------------------------

------------------------
30.12.2024 2:24:57
CallbackFormEmailModal
Array
(
    [name] => xrumerfox@gmail.com
    [phone] => 85316214145
    [formname] => Обратная связь
)

------------------------

------------------------
30.12.2024 3:17:42
CallbackFormEmailModal
Array
(
    [name] => service@prostpro.fun
    [phone] => 85856582294
    [formname] => Обратная связь
)

------------------------

------------------------
30.12.2024 3:39:13
CallbackFormEmailModal
Array
(
    [name] => gm1176374@gmail.com
    [phone] => 87443252319
    [formname] => Обратная связь
)

------------------------

------------------------
30.12.2024 4:21:31
CallbackFormEmailModal
Array
(
    [name] => wvwljndtfel@rudiplomust.com
    [phone] => 89673444684
    [formname] => Обратная связь
)

------------------------

------------------------
30.12.2024 6:48:52
CallbackFormEmailModal
Array
(
    [name] => rrsipizaeel@rudiplomust.com
    [phone] => 85465235162
    [formname] => Обратная связь
)

------------------------

------------------------
30.12.2024 7:47:18
CallbackFormEmailModal
Array
(
    [name] => adrafmchkel@rudiplomust.com
    [phone] => 86924319271
    [formname] => Обратная связь
)

------------------------

------------------------
30.12.2024 8:54:37
CallbackFormEmailModal
Array
(
    [name] => checkstoputtel1986@op.pl
    [phone] => 81259378885
    [formname] => Обратная связь
)

------------------------

------------------------
30.12.2024 9:27:02
CallbackFormEmailModal
Array
(
    [name] => dfgdg@gmail.com
    [phone] => 85783552649
    [formname] => Обратная связь
)

------------------------

------------------------
30.12.2024 9:55:57
CallbackFormEmailModal
Array
(
    [name] => ighxsfogfel@rudiplomust.com
    [phone] => 87526752675
    [formname] => Обратная связь
)

------------------------

------------------------
30.12.2024 10:30:35
CallbackFormEmailModal
Array
(
    [name] => bitsamasubs1988@op.pl
    [phone] => 85446844158
    [formname] => Обратная связь
)

------------------------

------------------------
30.12.2024 12:31:31
CallbackFormEmailModal
Array
(
    [name] => gamesxrust@mail.ru
    [phone] => 89892433431
    [formname] => Обратная связь
)

------------------------

------------------------
30.12.2024 12:41:54
CallbackFormEmailModal
Array
(
    [name] => ovnterbefjuden6138@mail.ru
    [phone] => 84336811547
    [formname] => Обратная связь
)

------------------------

------------------------
30.12.2024 12:41:55
CallbackFormEmailModal
Array
(
    [name] => rhotenti-44@mail.ru
    [phone] => 88631363125
    [formname] => Обратная связь
)

------------------------

------------------------
30.12.2024 12:41:56
CallbackFormEmailModal
Array
(
    [name] => ramiraselezneva19908003@bk.ru
    [phone] => 83868321762
    [formname] => Обратная связь
)

------------------------

------------------------
30.12.2024 12:44:49
CallbackFormEmailModal
Array
(
    [name] => kevbhucaguar1970@mail.ru
    [phone] => 85882121631
    [formname] => Обратная связь
)

------------------------

------------------------
30.12.2024 14:07:05
CallbackFormEmailModal
Array
(
    [name] => 3@bztpa.ru
    [phone] => 84559779328
    [formname] => Обратная связь
)

------------------------

------------------------
30.12.2024 14:34:00
CallbackFormEmailModal
Array
(
    [name] => saakian.vova.1985.13.9@list.ru
    [phone] => 86881631847
    [formname] => Обратная связь
)

------------------------

------------------------
30.12.2024 15:22:56
CallbackFormEmailModal
Array
(
    [name] => karpeciktibas19915@bk.ru
    [phone] => 84285795275
    [formname] => Обратная связь
)

------------------------

------------------------
30.12.2024 16:01:23
CallbackFormEmailModal
Array
(
    [name] => gendraducanprohbay@mail.ru
    [phone] => 82111486446
    [formname] => Обратная связь
)

------------------------

------------------------
30.12.2024 16:01:28
CallbackFormEmailModal
Array
(
    [name] => combontsegal37@mail.ru
    [phone] => 82555551886
    [formname] => Обратная связь
)

------------------------

------------------------
30.12.2024 16:01:39
CallbackFormEmailModal
Array
(
    [name] => gulaza-khlyupko2000@mail.ru
    [phone] => 87145912854
    [formname] => Обратная связь
)

------------------------

------------------------
30.12.2024 16:01:46
CallbackFormEmailModal
Array
(
    [name] => mark.moshchenskiy.90@mail.ru
    [phone] => 85897964194
    [formname] => Обратная связь
)

------------------------

------------------------
30.12.2024 16:02:03
CallbackFormEmailModal
Array
(
    [name] => terjetade1977@mail.ru
    [phone] => 89575967271
    [formname] => Обратная связь
)

------------------------

------------------------
30.12.2024 17:00:07
CallbackFormEmailModal
Array
(
    [name] => p.sviardlou@euroradio.fm

    [phone] => Duhovnuy impotant
 >>> https://is.gd/bhdwf
 <<<
    [formname] => Обратная связь
)

------------------------

------------------------
30.12.2024 17:31:02
CallbackFormEmailModal
Array
(
    [name] => service@prostpro.fun
    [phone] => 83426991157
    [formname] => Обратная связь
)

------------------------

------------------------
30.12.2024 17:31:09
CallbackFormEmailModal
Array
(
    [name] => service@prostpro.fun
    [phone] => 89544624257
    [formname] => Обратная связь
)

------------------------

------------------------
30.12.2024 18:01:24
CallbackFormEmailModal
Array
(
    [name] => wpkxoxgxfel@rudiplomust.com
    [phone] => 81379798713
    [formname] => Обратная связь
)

------------------------

------------------------
30.12.2024 18:21:34
CallbackFormEmailModal
Array
(
    [name] => mikexxxx@gmail.com
    [phone] => 82146468888
    [formname] => Обратная связь
)

------------------------

------------------------
30.12.2024 22:56:40
CallbackFormEmailModal
Array
(
    [name] => service@prostpro.fun
    [phone] => 85623566315
    [formname] => Обратная связь
)

------------------------
