
------------------------
07.06.2022 0:15:38
CallbackFormEmailModal
Array
(
    [name] => dovnehenrik@forum.dk
    [phone] => 89036762786
    [formname] => Обратная связь
)

------------------------

------------------------
07.06.2022 3:26:39
CallbackFormEmailModal
Array
(
    [name] => haku10@mail.ru
    [phone] => 89039222167
    [formname] => Обратная связь
)

------------------------

------------------------
07.06.2022 5:48:04
CallbackFormEmailModal
Array
(
    [name] => celcicufol1981@rambler.ru
    [phone] => 88547726336
    [formname] => Обратная связь
)

------------------------

------------------------
07.06.2022 6:37:55
CallbackFormEmailModal
Array
(
    [name] => doleisky@forum.dk
    [phone] => 89038056067
    [formname] => Обратная связь
)

------------------------

------------------------
07.06.2022 9:41:41
CallbackFormEmailModal
Array
(
    [name] => vega27@forum.dk
    [phone] => 89032538391
    [formname] => Обратная связь
)

------------------------

------------------------
07.06.2022 13:17:23
CallbackFormEmailModal
Array
(
    [name] => dionix84@mailme.dk
    [phone] => 89035976024
    [formname] => Обратная связь
)

------------------------

------------------------
07.06.2022 13:39:11
CallbackFormEmailModal
Array
(
    [name] => yticunamijasat1987@rambler.ru
    [phone] => 123456789
    [formname] => Обратная связь
)

------------------------

------------------------
07.06.2022 14:45:02
CallbackFormEmailModal
Array
(
    [name] => TomoPlalf@topnewmail.xyz
    [phone] => 86594676586
    [formname] => Обратная связь
)

------------------------

------------------------
07.06.2022 16:27:14
CallbackFormEmailModal
Array
(
    [name] => abrahamsen81@forum.dk
    [phone] => 89031269973
    [formname] => Обратная связь
)

------------------------

------------------------
07.06.2022 19:35:31
CallbackFormEmailModal
Array
(
    [name] => emilie-sp-@forum.dk
    [phone] => 89037435289
    [formname] => Обратная связь
)

------------------------

------------------------
07.06.2022 22:46:21
CallbackFormEmailModal
Array
(
    [name] => natalie.larsen@forum.dk
    [phone] => 89035657352
    [formname] => Обратная связь
)

------------------------
