
------------------------
22.08.2022 0:25:36
CallbackFormEmailModal
Array
(
    [name] => ile-92@hotmail.com
    [phone] => 89033271979
    [formname] => Обратная связь
)

------------------------

------------------------
22.08.2022 2:17:14
CallbackFormEmailModal
Array
(
    [name] => andreyvpetrov132435@gmail.com
    [phone] => 82632776622
    [formname] => Обратная связь
)

------------------------

------------------------
22.08.2022 2:31:04
CallbackEmailModal
Array
(
    [name] => DionViody@benjaminmail.xyz
    [phone] => 82982485192
    [comment] => Название продуката: Прессованный  настил P 33х11/30х2 Zn 500х1000 мм
Комменатрий: In PCOS mature eggs are not released from the ovaries. <a href=http://iverstromectol.com/>stromectol tablets for dogs</a>
    [formname] => Задать вопрос по товару
)

------------------------

------------------------
22.08.2022 2:50:25
CallbackFormEmailModal
Array
(
    [name] => henrymanzanares47@yahoo.com
    [phone] => 89037821365
    [formname] => Обратная связь
)

------------------------

------------------------
22.08.2022 4:32:00
CallbackFormEmailModal
Array
(
    [name] => dirbaz28891888@bk.ru
    [phone] => 79163489003
    [formname] => Обратная связь
)

------------------------

------------------------
22.08.2022 5:14:13
CallbackFormEmailModal
Array
(
    [name] => sarahdoesfandom@gmail.com
    [phone] => 89032073158
    [formname] => Обратная связь
)

------------------------

------------------------
22.08.2022 7:37:17
CallbackFormEmailModal
Array
(
    [name] => vic0427@bellsouth.net
    [phone] => 89030283863
    [formname] => Обратная связь
)

------------------------

------------------------
22.08.2022 9:03:48
CallbackFormEmailModal
Array
(
    [name] => andreyvpetrov132435@gmail.com
    [phone] => 81425381226
    [formname] => Обратная связь
)

------------------------

------------------------
22.08.2022 10:01:55
CallbackFormEmailModal
Array
(
    [name] => shygirlbi@sbcglobal.net
    [phone] => 89034571539
    [formname] => Обратная связь
)

------------------------

------------------------
22.08.2022 11:22:48
CallbackFormEmailModal
Array
(
    [name] => endorport@newonlinemail.xyz
    [phone] => 87997546799
    [formname] => Обратная связь
)

------------------------

------------------------
22.08.2022 12:24:14
CallbackFormEmailModal
Array
(
    [name] => erinmkendall@yahoo.com
    [phone] => 89033746681
    [formname] => Обратная связь
)

------------------------

------------------------
22.08.2022 14:45:20
CallbackFormEmailModal
Array
(
    [name] => yustiana_utama@yahoo.com
    [phone] => 89030649478
    [formname] => Обратная связь
)

------------------------

------------------------
22.08.2022 17:06:22
CallbackFormEmailModal
Array
(
    [name] => MGURATH@HOTMAIL.COM
    [phone] => 89035614066
    [formname] => Обратная связь
)

------------------------

------------------------
22.08.2022 18:26:14
CallbackFormEmailModal
Array
(
    [name] => Eric Jones
    [phone] => 555-555-1212
    [formname] => Обратная связь
)

------------------------

------------------------
22.08.2022 19:27:57
CallbackFormEmailModal
Array
(
    [name] => mariana74monica@yahoo.com
    [phone] => 89035349329
    [formname] => Обратная связь
)

------------------------

------------------------
22.08.2022 20:16:21
CallbackFormEmailModal
Array
(
    [name] => andreyvpetrov132435@gmail.com
    [phone] => 81338746919
    [formname] => Обратная связь
)

------------------------

------------------------
22.08.2022 21:51:44
CallbackFormEmailModal
Array
(
    [name] => mayra-evangelista@hotmail.com
    [phone] => 89039241705
    [formname] => Обратная связь
)

------------------------
