
------------------------
12.07.2023 1:22:44
CallbackFormEmailModal
Array
(
    [name] => maximus98543@outlook.com
    [phone] => 84577518679
    [formname] => Обратная связь
)

------------------------

------------------------
12.07.2023 3:36:44
CallbackFormEmailModal
Array
(
    [name] => ogvienow1990@mail.ru
    [phone] => 87291371155
    [formname] => Обратная связь
)

------------------------

------------------------
12.07.2023 4:29:22
CallbackFormEmailModal
Array
(
    [name] => sashuta.meshcheryakov.83@mail.ru
    [phone] => 83826846951
    [formname] => Обратная связь
)

------------------------

------------------------
12.07.2023 4:51:03
CallbackFormEmailModal
Array
(
    [name] => kaapkaksih@mail.ru
    [phone] => 81877843429
    [formname] => Обратная связь
)

------------------------

------------------------
12.07.2023 5:19:30
CallbackFormEmailModal
Array
(
    [name] => kuznetsov_vlad_1995_18_12@inbox.ru
    [phone] => 86481764477
    [formname] => Обратная связь
)

------------------------

------------------------
12.07.2023 14:13:05
CallbackFormEmailModal
Array
(
    [name] => pocjtywxn@mail.ru:
    [phone] => +79123456426
    [formname] => Обратная связь
)

------------------------

------------------------
12.07.2023 15:49:15
CallbackFormEmailModal
Array
(
    [name] => cejxfkxbnEa@bobbor.store
    [phone] => 87859898641
    [formname] => Обратная связь
)

------------------------

------------------------
12.07.2023 19:42:17
CallbackFormEmailModal
Array
(
    [name] => vltalu4b0zm779w@rambler.ru
    [phone] => 81182812495
    [formname] => Обратная связь
)

------------------------

------------------------
12.07.2023 19:59:36
CallbackFormEmailModal
Array
(
    [name] => werso058300iu@rambler.ru
    [phone] => 86476112377
    [formname] => Обратная связь
)

------------------------

------------------------
12.07.2023 22:18:24
CallbackFormEmailModal
Array
(
    [name] => mikeBraivami@gmail.com
    [phone] => 84879173316
    [formname] => Обратная связь
)

------------------------

------------------------
12.07.2023 22:58:54
CallbackFormEmailModal
Array
(
    [name] => monica99@meta.ua
    [phone] => 83799724928
    [formname] => Обратная связь
)

------------------------
