
------------------------
18.04.2023 1:46:38
CallbackFormEmailModal
Array
(
    [name] => indomitowot@outlook.com
    [phone] => 81823818887
    [formname] => Обратная связь
)

------------------------

------------------------
18.04.2023 3:27:31
CallbackFormEmailModal
Array
(
    [name] => vqjhobrt@mail.ru
    [phone] => +791234567259
    [formname] => Обратная связь
)

------------------------

------------------------
18.04.2023 4:03:26
CallbackFormEmailModal
Array
(
    [name] => elenaKi@primetask.com
    [phone] => 82766197127
    [formname] => Обратная связь
)

------------------------

------------------------
18.04.2023 4:11:08
CallbackFormEmailModal
Array
(
    [name] => no-replysuinuts@gmail.com
    [phone] => 86423123948
    [formname] => Обратная связь
)

------------------------

------------------------
18.04.2023 7:37:14
CallbackFormEmailModal
Array
(
    [name] => kuznetsov_vlad_1995_18_12@inbox.ru
    [phone] => 89187772598
    [formname] => Обратная связь
)

------------------------

------------------------
18.04.2023 7:47:55
CallbackFormEmailModal
Array
(
    [name] => brain23@pop33.site
    [phone] => 85424718754
    [formname] => Обратная связь
)

------------------------

------------------------
18.04.2023 7:51:55
CallbackFormEmailModal
Array
(
    [name] => aswcfrbgk@yandex.com
    [phone] => 82319125284
    [formname] => Обратная связь
)

------------------------

------------------------
18.04.2023 11:24:56
CallbackFormEmailModal
Array
(
    [name] => gorrrbusha@rambler.ru
    [phone] => 86895346924
    [formname] => Обратная связь
)

------------------------

------------------------
18.04.2023 11:45:07
CallbackFormEmailModal
Array
(
    [name] => bssww@course-fitness.com
    [phone] => 87842865941
    [formname] => Обратная связь
)

------------------------

------------------------
18.04.2023 12:25:08
CallbackFormEmailModal
Array
(
    [name] => avdotyyaactivist@yandex.ru
    [phone] => 82213579589
    [formname] => Обратная связь
)

------------------------

------------------------
18.04.2023 15:21:56
CallbackFormEmailModal
Array
(
    [name] => zelatcol@gmail.com
    [phone] => 83198193893
    [formname] => Обратная связь
)

------------------------

------------------------
18.04.2023 15:55:59
CallbackFormEmailModal
Array
(
    [name] => ywijyz@course-fitness.com
    [phone] => 87596356959
    [formname] => Обратная связь
)

------------------------

------------------------
18.04.2023 17:26:57
CallbackFormEmailModal
Array
(
    [name] => df60@eqr71.flooz.site
    [phone] => 89686485534
    [formname] => Обратная связь
)

------------------------

------------------------
18.04.2023 17:29:57
CallbackFormEmailModal
Array
(
    [name] => vqjhobrt@mail.ru
    [phone] => +791234567887
    [formname] => Обратная связь
)

------------------------

------------------------
18.04.2023 19:54:49
CallbackFormEmailModal
Array
(
    [name] => valentinellington@wwjmp.com
    [phone] => 83813229159
    [formname] => Обратная связь
)

------------------------
