
------------------------
16.08.2022 0:29:42
CallbackFormEmailModal
Array
(
    [name] => andreyvpetrov132435@gmail.com
    [phone] => 82343756714
    [formname] => Обратная связь
)

------------------------

------------------------
16.08.2022 0:59:53
CallbackFormEmailModal
Array
(
    [name] => denis-kozlov-1969@bk.ru
    [phone] => 87487216885
    [formname] => Обратная связь
)

------------------------

------------------------
16.08.2022 1:25:11
CallbackFormEmailModal
Array
(
    [name] => diana-vorobeva-1997@inbox.ru
    [phone] => 81136695637
    [formname] => Обратная связь
)

------------------------

------------------------
16.08.2022 2:32:13
CallbackFormEmailModal
Array
(
    [name] => boris.ignatev.1999@bk.ru
    [phone] => 84469718486
    [formname] => Обратная связь
)

------------------------

------------------------
16.08.2022 3:35:34
CallbackFormEmailModal
Array
(
    [name] => nikolay-kuzmin-1959@list.ru
    [phone] => 81685348623
    [formname] => Обратная связь
)

------------------------

------------------------
16.08.2022 3:53:40
CallbackFormEmailModal
Array
(
    [name] => orlov.daniil.74@mail.ru
    [phone] => 82699366735
    [formname] => Обратная связь
)

------------------------

------------------------
16.08.2022 4:01:58
CallbackFormEmailModal
Array
(
    [name] => zhora-danilov-1965@inbox.ru
    [phone] => 88573651139
    [formname] => Обратная связь
)

------------------------

------------------------
16.08.2022 4:03:59
CallbackFormEmailModal
Array
(
    [name] => oleg.olegromanov1991.romanov@inbox.ru
    [phone] => 81584645651
    [formname] => Обратная связь
)

------------------------

------------------------
16.08.2022 4:20:04
CallbackFormEmailModal
Array
(
    [name] => oksana.chernova.12@mail.ru
    [phone] => 87738792934
    [formname] => Обратная связь
)

------------------------

------------------------
16.08.2022 4:28:09
CallbackFormEmailModal
Array
(
    [name] => roksana.borisova.70@mail.ru
    [phone] => 81438637184
    [formname] => Обратная связь
)

------------------------

------------------------
16.08.2022 4:34:56
CallbackFormEmailModal
Array
(
    [name] => milena_kovalyova_1994@inbox.ru
    [phone] => 83855916543
    [formname] => Обратная связь
)

------------------------

------------------------
16.08.2022 5:18:02
CallbackFormEmailModal
Array
(
    [name] => kseniya_efimova_1988@inbox.ru
    [phone] => 89286267194
    [formname] => Обратная связь
)

------------------------

------------------------
16.08.2022 5:32:10
CallbackFormEmailModal
Array
(
    [name] => yarik.baranov.1960@list.ru
    [phone] => 83515418672
    [formname] => Обратная связь
)

------------------------

------------------------
16.08.2022 5:39:02
CallbackFormEmailModal
Array
(
    [name] => zhanna.filippova.1976@inbox.ru
    [phone] => 85846312191
    [formname] => Обратная связь
)

------------------------

------------------------
16.08.2022 5:42:22
CallbackFormEmailModal
Array
(
    [name] => svetlana-sukhanova-1975@list.ru
    [phone] => 86369593286
    [formname] => Обратная связь
)

------------------------

------------------------
16.08.2022 5:59:46
CallbackFormEmailModal
Array
(
    [name] => vasiliy.titov.99@list.ru
    [phone] => 85293836132
    [formname] => Обратная связь
)

------------------------

------------------------
16.08.2022 6:05:37
CallbackFormEmailModal
Array
(
    [name] => yaroslavzakharov1969@bk.ru
    [phone] => 89477276294
    [formname] => Обратная связь
)

------------------------

------------------------
16.08.2022 6:07:38
CallbackFormEmailModal
Array
(
    [name] => stepanov-yarik-stepanov-1978-ya@bk.ru
    [phone] => 89128496912
    [formname] => Обратная связь
)

------------------------

------------------------
16.08.2022 6:13:28
CallbackFormEmailModal
Array
(
    [name] => galya_davydova_1978@inbox.ru
    [phone] => 85354111597
    [formname] => Обратная связь
)

------------------------

------------------------
16.08.2022 7:06:49
CallbackFormEmailModal
Array
(
    [name] => viktoriya-sidorova-1973@bk.ru
    [phone] => 88515991553
    [formname] => Обратная связь
)

------------------------

------------------------
16.08.2022 7:26:05
CallbackFormEmailModal
Array
(
    [name] => denis-kozlov-1969@bk.ru
    [phone] => 87869713654
    [formname] => Обратная связь
)

------------------------

------------------------
16.08.2022 7:27:11
CallbackFormEmailModal
Array
(
    [name] => rustam.filippov.82@bk.ru
    [phone] => 89579876699
    [formname] => Обратная связь
)

------------------------

------------------------
16.08.2022 7:32:55
CallbackFormEmailModal
Array
(
    [name] => diana-vorobeva-1997@inbox.ru
    [phone] => 89716746859
    [formname] => Обратная связь
)

------------------------

------------------------
16.08.2022 8:05:59
CallbackFormEmailModal
Array
(
    [name] => andreyvpetrov132435@gmail.com
    [phone] => 83835882735
    [formname] => Обратная связь
)

------------------------

------------------------
16.08.2022 8:13:45
CallbackFormEmailModal
Array
(
    [name] => stas.martynov.1984@bk.ru
    [phone] => 82495567174
    [formname] => Обратная связь
)

------------------------

------------------------
16.08.2022 8:28:07
CallbackFormEmailModal
Array
(
    [name] => tomwelter@uk2.net
    [phone] => 89032952463
    [formname] => Обратная связь
)

------------------------

------------------------
16.08.2022 9:17:48
CallbackFormEmailModal
Array
(
    [name] => oksana.chernova.12@mail.ru
    [phone] => 88493832938
    [formname] => Обратная связь
)

------------------------

------------------------
16.08.2022 9:41:47
CallbackFormEmailModal
Array
(
    [name] => nikolay-kuzmin-1959@list.ru
    [phone] => 82424888422
    [formname] => Обратная связь
)

------------------------

------------------------
16.08.2022 11:14:50
CallbackFormEmailModal
Array
(
    [name] => nataliya.a.1994@mail.ru
    [phone] => 89857767831
    [formname] => Обратная связь
)

------------------------

------------------------
16.08.2022 11:19:14
CallbackFormEmailModal
Array
(
    [name] => zhanna.filippova.1976@inbox.ru
    [phone] => 89265521115
    [formname] => Обратная связь
)

------------------------

------------------------
16.08.2022 11:35:44
CallbackFormEmailModal
Array
(
    [name] => rostik.zakharov.1991@inbox.ru
    [phone] => 87921512889
    [formname] => Обратная связь
)

------------------------

------------------------
16.08.2022 12:04:47
CallbackFormEmailModal
Array
(
    [name] => boris.ignatev.1999@bk.ru
    [phone] => 87911931174
    [formname] => Обратная связь
)

------------------------

------------------------
16.08.2022 12:53:07
CallbackFormEmailModal
Array
(
    [name] => yarik.baranov.1960@list.ru
    [phone] => 84834277894
    [formname] => Обратная связь
)

------------------------

------------------------
16.08.2022 13:03:16
CallbackFormEmailModal
Array
(
    [name] => andreyvpetrov132435@gmail.com
    [phone] => 85855535655
    [formname] => Обратная связь
)

------------------------

------------------------
16.08.2022 13:18:48
CallbackFormEmailModal
Array
(
    [name] => dittohead00000@yahoo.com
    [phone] => 89031385274
    [formname] => Обратная связь
)

------------------------

------------------------
16.08.2022 13:30:34
CallbackFormEmailModal
Array
(
    [name] => viktoriya-sidorova-1973@bk.ru
    [phone] => 83675466468
    [formname] => Обратная связь
)

------------------------

------------------------
16.08.2022 13:56:16
CallbackFormEmailModal
Array
(
    [name] => kira_sergeeva_1959@bk.ru
    [phone] => 88494617555
    [formname] => Обратная связь
)

------------------------

------------------------
16.08.2022 14:34:25
CallbackFormEmailModal
Array
(
    [name] => milena_kovalyova_1994@inbox.ru
    [phone] => 89947112418
    [formname] => Обратная связь
)

------------------------

------------------------
16.08.2022 14:39:34
Order
Array
(
    [name] => Евгений Валерьевич Антышев
    [email] => a.e.v.43@mail.ru
    [phone] => +7-919-504-7602
    [comment] => Решетчатый настил P 33х11/30х2 Zn 1000х1200 мм, кол-во: 1, цена: 10800руб.
Способ доставки: Доставка автотранспортом поставщика
Выберите способ оплаты: Оплата на расчетный счет организации
Адрес доставки: г.Киров

Комментарий к заказу: 
Добрый день. Траспортной компанией отправить сможите?
    [formname] => Заказ из корзины
    [fields] => Array
        (
            [price] => 10800
        )

)

------------------------

------------------------
16.08.2022 14:55:31
CallbackFormEmailModal
Array
(
    [name] => lenya_baranov_1996@inbox.ru
    [phone] => 86782527972
    [formname] => Обратная связь
)

------------------------

------------------------
16.08.2022 14:57:47
CallbackFormEmailModal
Array
(
    [name] => a_frolova_1978@bk.ru
    [phone] => 89197468418
    [formname] => Обратная связь
)

------------------------

------------------------
16.08.2022 15:37:08
CallbackFormEmailModal
Array
(
    [name] => stas.martynov.1984@bk.ru
    [phone] => 85552894753
    [formname] => Обратная связь
)

------------------------

------------------------
16.08.2022 15:41:05
CallbackFormEmailModal
Array
(
    [name] => rde2run@gmail.com
    [phone] => 89038944425
    [formname] => Обратная связь
)

------------------------

------------------------
16.08.2022 15:42:39
CallbackFormEmailModal
Array
(
    [name] => evgeniy-vorobyov-1987@list.ru
    [phone] => 81416242861
    [formname] => Обратная связь
)

------------------------

------------------------
16.08.2022 15:50:41
CallbackFormEmailModal
Array
(
    [name] => vasiliy.titov.99@list.ru
    [phone] => 84373896649
    [formname] => Обратная связь
)

------------------------

------------------------
16.08.2022 16:32:04
CallbackFormEmailModal
Array
(
    [name] => ilina-anfiska@bk.ru
    [phone] => 85248344834
    [formname] => Обратная связь
)

------------------------

------------------------
16.08.2022 16:51:15
CallbackFormEmailModal
Array
(
    [name] => svetlana-sukhanova-1975@list.ru
    [phone] => 87655164825
    [formname] => Обратная связь
)

------------------------

------------------------
16.08.2022 17:18:06
CallbackFormEmailModal
Array
(
    [name] => yarik.baranov.1960@list.ru
    [phone] => 84235894895
    [formname] => Обратная связь
)

------------------------

------------------------
16.08.2022 17:19:22
CallbackFormEmailModal
Array
(
    [name] => lyuba_bolshakova_1977@mail.ru
    [phone] => 86748399938
    [formname] => Обратная связь
)

------------------------

------------------------
16.08.2022 17:42:44
CallbackFormEmailModal
Array
(
    [name] => smirnov-sergey-smirnov-1991-ser@bk.ru
    [phone] => 85353175635
    [formname] => Обратная связь
)

------------------------

------------------------
16.08.2022 17:50:25
CallbackFormEmailModal
Array
(
    [name] => boris.ignatev.1999@bk.ru
    [phone] => 86134975232
    [formname] => Обратная связь
)

------------------------

------------------------
16.08.2022 18:01:55
CallbackFormEmailModal
Array
(
    [name] => vitaelmoloko@gmail.com
    [phone] => 85381295317
    [formname] => Обратная связь
)

------------------------

------------------------
16.08.2022 18:04:17
CallbackFormEmailModal
Array
(
    [name] => tiaboglin@gmail.com
    [phone] => 89031355545
    [formname] => Обратная связь
)

------------------------

------------------------
16.08.2022 18:08:13
CallbackFormEmailModal
Array
(
    [name] => oksanka.fomina.1983@bk.ru
    [phone] => 89649671256
    [formname] => Обратная связь
)

------------------------

------------------------
16.08.2022 18:39:06
CallbackFormEmailModal
Array
(
    [name] => rustam.filippov.82@bk.ru
    [phone] => 86252296823
    [formname] => Обратная связь
)

------------------------

------------------------
16.08.2022 18:46:11
CallbackFormEmailModal
Array
(
    [name] => mixajlova_renata_mikhaylova_198@list.ru
    [phone] => 83132611412
    [formname] => Обратная связь
)

------------------------

------------------------
16.08.2022 19:25:09
CallbackFormEmailModal
Array
(
    [name] => ivan.bogdanov.1970@inbox.ru
    [phone] => 87934875644
    [formname] => Обратная связь
)

------------------------

------------------------
16.08.2022 19:48:05
CallbackFormEmailModal
Array
(
    [name] => lesha.pavlov.77@list.ru
    [phone] => 84327485599
    [formname] => Обратная связь
)

------------------------

------------------------
16.08.2022 20:02:45
CallbackFormEmailModal
Array
(
    [name] => misha.1979.sobolev@bk.ru
    [phone] => 84466779363
    [formname] => Обратная связь
)

------------------------

------------------------
16.08.2022 20:09:29
CallbackFormEmailModal
Array
(
    [name] => stas.martynov.1984@bk.ru
    [phone] => 81296175946
    [formname] => Обратная связь
)

------------------------

------------------------
16.08.2022 20:11:00
CallbackFormEmailModal
Array
(
    [name] => valeriyaazdy@inbox.ru
    [phone] => 82363474314
    [formname] => Обратная связь
)

------------------------

------------------------
16.08.2022 20:21:18
CallbackFormEmailModal
Array
(
    [name] => andreyvpetrov132435@gmail.com
    [phone] => 89766997235
    [formname] => Обратная связь
)

------------------------

------------------------
16.08.2022 20:27:02
CallbackFormEmailModal
Array
(
    [name] => mabel_fur@pinkinbox.org
    [phone] => 89039798722
    [formname] => Обратная связь
)

------------------------

------------------------
16.08.2022 20:34:39
CallbackFormEmailModal
Array
(
    [name] => milena_kovalyova_1994@inbox.ru
    [phone] => 89997746465
    [formname] => Обратная связь
)

------------------------

------------------------
16.08.2022 20:37:00
CallbackFormEmailModal
Array
(
    [name] => ksyusha.belova.2020@mail.ru
    [phone] => 81135154257
    [formname] => Обратная связь
)

------------------------

------------------------
16.08.2022 21:01:16
CallbackFormEmailModal
Array
(
    [name] => lidiya-belova-1978@list.ru
    [phone] => 89334254487
    [formname] => Обратная связь
)

------------------------

------------------------
16.08.2022 21:50:00
CallbackFormEmailModal
Array
(
    [name] => vasiliy.titov.99@list.ru
    [phone] => 84824932928
    [formname] => Обратная связь
)

------------------------

------------------------
16.08.2022 21:59:27
CallbackFormEmailModal
Array
(
    [name] => nataliya.a.1994@mail.ru
    [phone] => 87952585573
    [formname] => Обратная связь
)

------------------------

------------------------
16.08.2022 22:29:20
CallbackFormEmailModal
Array
(
    [name] => rustam.filippov.82@bk.ru
    [phone] => 82443436656
    [formname] => Обратная связь
)

------------------------

------------------------
16.08.2022 22:35:29
CallbackFormEmailModal
Array
(
    [name] => kira_sergeeva_1959@bk.ru
    [phone] => 82473282492
    [formname] => Обратная связь
)

------------------------

------------------------
16.08.2022 22:54:32
CallbackFormEmailModal
Array
(
    [name] => westphillydog@gmail.com
    [phone] => 89038921552
    [formname] => Обратная связь
)

------------------------

------------------------
16.08.2022 22:57:03
CallbackFormEmailModal
Array
(
    [name] => danya-abramov-1980@bk.ru
    [phone] => 87571119638
    [formname] => Обратная связь
)

------------------------

------------------------
16.08.2022 23:17:56
CallbackFormEmailModal
Array
(
    [name] => a_frolova_1978@bk.ru
    [phone] => 89744544311
    [formname] => Обратная связь
)

------------------------

------------------------
16.08.2022 23:45:03
CallbackFormEmailModal
Array
(
    [name] => svetlana-sukhanova-1975@list.ru
    [phone] => 88788871419
    [formname] => Обратная связь
)

------------------------
