
------------------------
30.09.2025 0:31:47
CallbackFormEmailModal
Array
(
    [name] => uysxouequ@teoskirleasipe.shop
    [phone] => 84492397558
    [formname] => Обратная связь
)

------------------------

------------------------
30.09.2025 4:02:38
CallbackFormEmailModal
Array
(
    [name] => 202xrumer26@farironalds.com
    [phone] => 87753483419
    [formname] => Обратная связь
)

------------------------

------------------------
30.09.2025 4:55:16
CallbackFormEmailModal
Array
(
    [name] => cefegah8.73@gmail.com
    [phone] => 89963466112
    [formname] => Обратная связь
)

------------------------

------------------------
30.09.2025 6:09:57
CallbackFormEmailModal
Array
(
    [name] => yourmail344@gmail.com
    [phone] => 86212525123
    [formname] => Обратная связь
)

------------------------

------------------------
30.09.2025 8:08:01
CallbackFormEmailModal
Array
(
    [name] => pavel.sitdikov.88@mail.ru
    [phone] => 89968121458
    [formname] => Обратная связь
)

------------------------

------------------------
30.09.2025 8:11:00
CallbackFormEmailModal
Array
(
    [name] => kskoxim@inbox.ru
    [phone] => 86656381732
    [formname] => Обратная связь
)

------------------------

------------------------
30.09.2025 8:37:25
CallbackFormEmailModal
Array
(
    [name] => vitya-kondratev-1969@inbox.ru
    [phone] => 83367156746
    [formname] => Обратная связь
)

------------------------

------------------------
30.09.2025 8:38:57
CallbackFormEmailModal
Array
(
    [name] => pestovafivr1985@mail.ru
    [phone] => 81538645424
    [formname] => Обратная связь
)

------------------------

------------------------
30.09.2025 8:42:31
CallbackFormEmailModal
Array
(
    [name] => svetlanakomissarova1987@mail.ru
    [phone] => 81767715411
    [formname] => Обратная связь
)

------------------------

------------------------
30.09.2025 8:50:35
CallbackFormEmailModal
Array
(
    [name] => vitya-kondratev-1969@inbox.ru
    [phone] => 88391298962
    [formname] => Обратная связь
)

------------------------

------------------------
30.09.2025 9:24:26
CallbackFormEmailModal
Array
(
    [name] => 137@kirisbyforum.fun
    [phone] => 88185388112
    [formname] => Обратная связь
)

------------------------

------------------------
30.09.2025 9:34:15
CallbackFormEmailModal
Array
(
    [name] => sergowor.kin.g.718@gmail.com
    [phone] => 83365445157
    [formname] => Обратная связь
)

------------------------

------------------------
30.09.2025 10:28:49
CallbackFormEmailModal
Array
(
    [name] => anna.shapiro.78@mail.ru
    [phone] => 81576252831
    [formname] => Обратная связь
)

------------------------

------------------------
30.09.2025 10:53:55
CallbackFormEmailModal
Array
(
    [name] => sinevhabibi664@bk.ru
    [phone] => 86914522922
    [formname] => Обратная связь
)

------------------------

------------------------
30.09.2025 11:09:08
CallbackFormEmailModal
Array
(
    [name] => blinovazinonna1983@mail.ru
    [phone] => 88322966995
    [formname] => Обратная связь
)

------------------------

------------------------
30.09.2025 11:17:11
CallbackFormEmailModal
Array
(
    [name] => mlonanlout1985@mail.ru
    [phone] => 86352915964
    [formname] => Обратная связь
)

------------------------

------------------------
30.09.2025 11:28:40
CallbackFormEmailModal
Array
(
    [name] => aleksandrhasuchu@mail.ru
    [phone] => 82248658254
    [formname] => Обратная связь
)

------------------------

------------------------
30.09.2025 11:45:38
CallbackFormEmailModal
Array
(
    [name] => amabil.6002@mail.ru
    [phone] => 81865619688
    [formname] => Обратная связь
)

------------------------

------------------------
30.09.2025 12:06:28
CallbackFormEmailModal
Array
(
    [name] => anya.genger@mail.ru
    [phone] => 89735558821
    [formname] => Обратная связь
)

------------------------

------------------------
30.09.2025 13:57:13
CallbackFormEmailModal
Array
(
    [name] => ewrgjhnnklewrg@gmail.com
    [phone] => 87279759754
    [formname] => Обратная связь
)

------------------------

------------------------
30.09.2025 15:50:57
CallbackFormEmailModal
Array
(
    [name] => karina_platonova_31068@mail.ru
    [phone] => 85419219229
    [formname] => Обратная связь
)

------------------------

------------------------
30.09.2025 15:54:53
CallbackFormEmailModal
Array
(
    [name] => dionisij.grigorev.92@mail.ru
    [phone] => 87827951371
    [formname] => Обратная связь
)

------------------------

------------------------
30.09.2025 21:10:42
CallbackFormEmailModal
Array
(
    [name] => sergowor.kin.g.71.8@gmail.com
    [phone] => 86629795965
    [formname] => Обратная связь
)

------------------------
