
------------------------
02.05.2022 2:39:23
CallbackFormEmailModal
Array
(
    [name] => pao.rod.78@gmail.com
    [phone] => 89035969022
    [formname] => Обратная связь
)

------------------------

------------------------
02.05.2022 7:24:43
CallbackFormEmailModal
Array
(
    [name] => urikbest321@gmail.com
    [phone] => 81119288733
    [formname] => Обратная связь
)

------------------------

------------------------
02.05.2022 9:02:07
CallbackFormEmailModal
Array
(
    [name] => Ebonyconq@aol.com
    [phone] => 89030416117
    [formname] => Обратная связь
)

------------------------

------------------------
02.05.2022 14:55:00
CallbackFormEmailModal
Array
(
    [name] => hockey_guy711@yahoo.com
    [phone] => 89036133290
    [formname] => Обратная связь
)

------------------------

------------------------
02.05.2022 20:37:30
CallbackFormEmailModal
Array
(
    [name] => turrizianimatteo00@gmail.com
    [phone] => 89030694147
    [formname] => Обратная связь
)

------------------------

------------------------
02.05.2022 23:37:56
CallbackFormEmailModal
Array
(
    [name] => pfaffgykil@hotmail.com
    [phone] => 89035863952
    [formname] => Обратная связь
)

------------------------
