
------------------------
25.03.2026 4:02:16
CallbackFormEmailModal
Array
(
    [name] => marcusqi.e.u@gmail.com
    [phone] => 81525375662
    [formname] => Обратная связь
)

------------------------

------------------------
25.03.2026 9:16:53
CallbackFormEmailModal
Array
(
    [name] => rlutjkdgxx@rambler.ru
    [phone] => 89488264952
    [formname] => Обратная связь
)

------------------------

------------------------
25.03.2026 11:38:46
CallbackFormEmailModal
Array
(
    [name] => xrumer23Kip@gmail.com
    [phone] => 87258348988
    [formname] => Обратная связь
)

------------------------

------------------------
25.03.2026 11:47:04
CallbackFormEmailModal
Array
(
    [name] => woo.dfordja.mes.on4.@gmail.com
    [phone] => 88423644714
    [formname] => Обратная связь
)

------------------------

------------------------
25.03.2026 16:49:21
CallbackFormEmailModal
Array
(
    [name] => natulya.fedosova.96@mail.ru
    [phone] => 89742169184
    [formname] => Обратная связь
)

------------------------

------------------------
25.03.2026 21:25:31
CallbackFormEmailModal
Array
(
    [name] => alximikkobra9@emailn.de
    [phone] => 83625267191
    [formname] => Обратная связь
)

------------------------
