
------------------------
31.08.2022 3:30:36
CallbackFormEmailModal
Array
(
    [name] => d.a.n.il.be.lo.vtop.dot.ar.ank.@gmail.com
    [phone] => 88742165523
    [formname] => Обратная связь
)

------------------------

------------------------
31.08.2022 7:23:04
Order
Array
(
    [name] => Солдатов Сергей Павлович
    [email] => s-soldatov@ya.ru
    [phone] => +7-926-730-1720
    [comment] => Промышленный ТРАП W200 с вертикальным отводом DN110, кол-во: 1, цена: 11650руб.
Способ доставки: Самовывоз со склада
Выберите способ оплаты: Оплата наличным

Комментарий к заказу: 

    [formname] => Заказ из корзины
    [fields] => Array
        (
            [price] => 11650
        )

)

------------------------

------------------------
31.08.2022 8:16:25
CallbackFormEmailModal
Array
(
    [name] => dirbaz288918488@bk.ru
    [phone] => 79255564375
    [formname] => Обратная связь
)

------------------------

------------------------
31.08.2022 9:25:14
CallbackFormEmailModal
Array
(
    [name] => endorport@newonlinemail.xyz
    [phone] => 87811976167
    [formname] => Обратная связь
)

------------------------
