
------------------------
21.10.2021 0:12:15
CallbackFormEmailModal
Array
(
    [name] => malinoleg91@mail.ru
    [phone] => 85448153146
    [formname] => Обратная связь
)

------------------------

------------------------
21.10.2021 18:40:46
CallbackFormEmailModal
Array
(
    [name] => svidinfo1980@gmail.com
    [phone] => 84775868485
    [formname] => Обратная связь
)

------------------------

------------------------
21.10.2021 23:25:15
CallbackFormEmailModal
Array
(
    [name] => lojuggrushitranoz@mail.com
    [phone] => 85813825815
    [formname] => Обратная связь
)

------------------------
