
------------------------
09.09.2023 0:56:14
CallbackFormEmailModal
Array
(
    [name] => akhilliy.konstantinov@bk.ru
    [phone] => 81697291749
    [formname] => Обратная связь
)

------------------------

------------------------
09.09.2023 1:26:48
CallbackFormEmailModal
Array
(
    [name] => lemlenubia1993@outlook.com
    [phone] => 85138622896
    [formname] => Обратная связь
)

------------------------

------------------------
09.09.2023 7:13:19
CallbackFormEmailModal
Array
(
    [name] => vqjhobrt@mail.ru
    [phone] => +791234567656
    [formname] => Обратная связь
)

------------------------

------------------------
09.09.2023 11:04:44
CallbackFormEmailModal
Array
(
    [name] => mikegikibe@gmail.com
    [phone] => 82997295379
    [formname] => Обратная связь
)

------------------------

------------------------
09.09.2023 11:59:51
CallbackFormEmailModal
Array
(
    [name] => 4zvxjv4zon0yftb@rambler.ru
    [phone] => 82347652932
    [formname] => Обратная связь
)

------------------------

------------------------
09.09.2023 13:48:32
CallbackFormEmailModal
Array
(
    [name] => pwqueovuzly5rn7@rambler.ru
    [phone] => 82664455946
    [formname] => Обратная связь
)

------------------------

------------------------
09.09.2023 16:48:02
CallbackFormEmailModal
Array
(
    [name] => renen5p@outlook.com
    [phone] => 85284543113
    [formname] => Обратная связь
)

------------------------
