
------------------------
18.01.2023 2:09:49
CallbackFormEmailModal
Array
(
    [name] => pattyaprild9f9@outlook.com
    [phone] => 82922736247
    [formname] => Обратная связь
)

------------------------

------------------------
18.01.2023 7:43:05
CallbackFormEmailModal
Array
(
    [name] => largyfadeev@yandex.kz
    [phone] => 89796575872
    [formname] => Обратная связь
)

------------------------

------------------------
18.01.2023 15:40:56
CallbackFormEmailModal
Array
(
    [name] => alexpopov716253@gmail.com
    [phone] => 89973654837
    [formname] => Обратная связь
)

------------------------

------------------------
18.01.2023 18:46:24
CallbackFormEmailModal
Array
(
    [name] => admin@48481.org
    [phone] => 89721149288
    [formname] => Обратная связь
)

------------------------

------------------------
18.01.2023 20:38:33
CallbackFormEmailModal
Array
(
    [name] => alexpopov716253@gmail.com
    [phone] => 82846482375
    [formname] => Обратная связь
)

------------------------
