
------------------------
27.04.2024 0:09:00
CallbackFormEmailModal
Array
(
    [name] => kopycentr-v-spb@hotmail.com
    [phone] => 84735433386
    [formname] => Обратная связь
)

------------------------

------------------------
27.04.2024 3:15:13
CallbackFormEmailModal
Array
(
    [name] => sioviadalo198820@rambler.ru
    [phone] => +71231234567
    [formname] => Обратная связь
)

------------------------

------------------------
27.04.2024 3:32:51
CallbackFormEmailModal
Array
(
    [name] => sborpise.m.a.l.l@gmail.com
    [phone] => 85186686722
    [formname] => Обратная связь
)

------------------------

------------------------
27.04.2024 3:50:00
CallbackFormEmailModal
Array
(
    [name] => wb8oz8881912@inbox.ru
    [phone] => 79666724953
    [formname] => Обратная связь
)

------------------------

------------------------
27.04.2024 4:13:25
CallbackFormEmailModal
Array
(
    [name] => maxpiotr83@gmail.com
    [phone] => 81974431771
    [formname] => Обратная связь
)

------------------------

------------------------
27.04.2024 4:28:09
CallbackFormEmailModal
Array
(
    [name] => joscelinekpodebari@hotmail.com
    [phone] => 88926493862
    [formname] => Обратная связь
)

------------------------

------------------------
27.04.2024 5:28:14
CallbackFormEmailModal
Array
(
    [name] => dblttiughrizhbaq@onet.pl
    [phone] => 86991338248
    [formname] => Обратная связь
)

------------------------

------------------------
27.04.2024 6:56:10
CallbackFormEmailModal
Array
(
    [name] => Depree2054gtd@comfort.celebrationapp.click
    [phone] => 84971553824
    [formname] => Обратная связь
)

------------------------

------------------------
27.04.2024 13:04:44
CallbackFormEmailModal
Array
(
    [name] => tlsghucaubyxmwxc@onet.pl
    [phone] => 86188365975
    [formname] => Обратная связь
)

------------------------

------------------------
27.04.2024 14:09:03
CallbackFormEmailModal
Array
(
    [name] => upkupali.n.ka7.7.7@gmail.com
    [phone] => 87531275366
    [formname] => Обратная связь
)

------------------------

------------------------
27.04.2024 14:31:02
CallbackFormEmailModal
Array
(
    [name] => torrswifun@mail3go.online

    [phone] => 81569146632
    [formname] => Обратная связь
)

------------------------

------------------------
27.04.2024 15:31:35
CallbackFormEmailModal
Array
(
    [name] => onxcjzwfrxitcipm@onet.pl
    [phone] => 88162366694
    [formname] => Обратная связь
)

------------------------

------------------------
27.04.2024 15:34:58
CallbackFormEmailModal
Array
(
    [name] => alexpopov716253@gmail.com
    [phone] => 82997772665
    [formname] => Обратная связь
)

------------------------

------------------------
27.04.2024 17:03:28
CallbackFormEmailModal
Array
(
    [name] => kaenquirynicholls@gmail.com
    [phone] => 83534528777
    [formname] => Обратная связь
)

------------------------

------------------------
27.04.2024 18:53:49
CallbackFormEmailModal
Array
(
    [name] => ptyprziehipbmafj@onet.pl
    [phone] => 85573955166
    [formname] => Обратная связь
)

------------------------

------------------------
27.04.2024 19:31:30
CallbackFormEmailModal
Array
(
    [name] => sertas@remsanteh-groupe.com.ua
    [phone] => 83937489613
    [formname] => Обратная связь
)

------------------------

------------------------
27.04.2024 21:24:13
CallbackFormEmailModal
Array
(
    [name] => a@skala495.ru
    [phone] => 82792574477
    [formname] => Обратная связь
)

------------------------

------------------------
27.04.2024 23:21:51
CallbackFormEmailModal
Array
(
    [name] => vova80918@mail.ru
    [phone] => 85855474388
    [formname] => Обратная связь
)

------------------------
