
------------------------
14.12.2022 2:41:47
CallbackFormEmailModal
Array
(
    [name] => ir.i.na.maslo.va.61.8.@gmail.com
    [phone] => 84438155996
    [formname] => Обратная связь
)

------------------------

------------------------
14.12.2022 2:41:49
CallbackFormEmailModal
Array
(
    [name] => mi.r.o.n.bitko.vi.n.@gmail.com
    [phone] => 82386694962
    [formname] => Обратная связь
)

------------------------

------------------------
14.12.2022 2:41:49
CallbackFormEmailModal
Array
(
    [name] => inga.m.939.@gmail.com
    [phone] => 86191815818
    [formname] => Обратная связь
)

------------------------

------------------------
14.12.2022 4:50:39
CallbackFormEmailModal
Array
(
    [name] => no-replysuinuts@gmail.com
    [phone] => 88324673246
    [formname] => Обратная связь
)

------------------------

------------------------
14.12.2022 7:56:17
CallbackFormEmailModal
Array
(
    [name] => Eric Jones
    [phone] => 555-555-1212
    [formname] => Обратная связь
)

------------------------

------------------------
14.12.2022 8:57:05
CallbackFormEmailModal
Array
(
    [name] => 4v4eh@course-fitness.com
    [phone] => 81149443625
    [formname] => Обратная связь
)

------------------------

------------------------
14.12.2022 9:03:30
CallbackFormEmailModal
Array
(
    [name] => Brooks Contorno
    [phone] => FritzGamotan@gmail.com
    [formname] => Обратная связь
)

------------------------

------------------------
14.12.2022 15:58:30
CallbackFormEmailModal
Array
(
    [name] => sypeerymn@onemailtop.xyz
    [phone] => 88655353541
    [formname] => Обратная связь
)

------------------------
