
------------------------
08.11.2022 1:41:29
CallbackFormEmailModal
Array
(
    [name] => hzmafb@outlook.com
    [phone] => 88931979238
    [formname] => Обратная связь
)

------------------------

------------------------
08.11.2022 6:26:35
CallbackFormEmailModal
Array
(
    [name] => iri.nam.as.l.o.vi.c.@gmail.com
    [phone] => 84345131331
    [formname] => Обратная связь
)

------------------------

------------------------
08.11.2022 9:31:06
CallbackFormEmailModal
Array
(
    [name] => sheltoncristian.89.8@gmail.com
    [phone] => 82992626771
    [formname] => Обратная связь
)

------------------------

------------------------
08.11.2022 9:45:36
CallbackFormEmailModal
Array
(
    [name] => spbetcas421@gmail.com
    [phone] => 83672555168
    [formname] => Обратная связь
)

------------------------

------------------------
08.11.2022 12:48:52
CallbackFormEmailModal
Array
(
    [name] => Copsheesk@topnewmail.xyz
    [phone] => 87916569472
    [formname] => Обратная связь
)

------------------------

------------------------
08.11.2022 19:16:20
CallbackFormEmailModal
Array
(
    [name] => provlaivitlink197942@rambler.ru
    [phone] => +71231234567
    [formname] => Обратная связь
)

------------------------

------------------------
08.11.2022 22:34:06
CallbackFormEmailModal
Array
(
    [name] => sypeerymn@onemailtop.xyz
    [phone] => 88946468886
    [formname] => Обратная связь
)

------------------------

------------------------
08.11.2022 22:48:51
CallbackFormEmailModal
Array
(
    [name] => em.a.m.o.n.ov.a56.2.@gmail.com
    [phone] => 88632636887
    [formname] => Обратная связь
)

------------------------
