
------------------------
07.08.2024 2:47:07
CallbackFormEmailModal
Array
(
    [name] => kristinapham@me.com
    [phone] => 89397342432
    [formname] => Обратная связь
)

------------------------

------------------------
07.08.2024 4:19:35
CallbackFormEmailModal
Array
(
    [name] => efisomer1970@op.pl
    [phone] => 85641315436
    [formname] => Обратная связь
)

------------------------

------------------------
07.08.2024 4:51:50
CallbackFormEmailModal
Array
(
    [name] => wx127lihe[exygyzotorygetit,2,5]@wxlihe169.com
    [phone] => 89223451414
    [formname] => Обратная связь
)

------------------------

------------------------
07.08.2024 7:47:30
CallbackFormEmailModal
Array
(
    [name] => sabaat321456@gmail.com
    [phone] => 86611567319
    [formname] => Обратная связь
)

------------------------

------------------------
07.08.2024 13:30:27
CallbackFormEmailModal
Array
(
    [name] => wanetawmlrmuna@hotmail.com
    [phone] => 87958319163
    [formname] => Обратная связь
)

------------------------

------------------------
07.08.2024 13:33:33
CallbackFormEmailModal
Array
(
    [name] => sabaat321456@gmail.com
    [phone] => 82342148649
    [formname] => Обратная связь
)

------------------------

------------------------
07.08.2024 13:48:18
CallbackFormEmailModal
Array
(
    [name] => hippopotamus1912@gmail.com
    [phone] => 85699666644
    [formname] => Обратная связь
)

------------------------

------------------------
07.08.2024 15:30:25
CallbackFormEmailModal
Array
(
    [name] => galoriya@eunews24x7.com
    [phone] => 81627911154
    [formname] => Обратная связь
)

------------------------

------------------------
07.08.2024 18:39:19
CallbackFormEmailModal
Array
(
    [name] => sabaat321456@gmail.com
    [phone] => 82372392846
    [formname] => Обратная связь
)

------------------------

------------------------
07.08.2024 21:52:45
CallbackFormEmailModal
Array
(
    [name] => sabaat321456@gmail.com
    [phone] => 81496552818
    [formname] => Обратная связь
)

------------------------

------------------------
07.08.2024 23:24:02
CallbackFormEmailModal
Array
(
    [name] => screwy19@icloud.com
    [phone] => 85529189462
    [formname] => Обратная связь
)

------------------------
