
------------------------
25.10.2025 0:03:11
CallbackFormEmailModal
Array
(
    [name] => karzhavinvenegard@mail.ru
    [phone] => 81328354271
    [formname] => Обратная связь
)

------------------------

------------------------
25.10.2025 0:05:59
CallbackFormEmailModal
Array
(
    [name] => profconbu_64@mail.ru
    [phone] => 85166461633
    [formname] => Обратная связь
)

------------------------

------------------------
25.10.2025 0:11:16
CallbackFormEmailModal
Array
(
    [name] => gendraducanprohbay@mail.ru
    [phone] => 85511421184
    [formname] => Обратная связь
)

------------------------

------------------------
25.10.2025 0:19:08
CallbackFormEmailModal
Array
(
    [name] => stasbogeli@mail.ru
    [phone] => 81858112879
    [formname] => Обратная связь
)

------------------------

------------------------
25.10.2025 0:35:58
CallbackFormEmailModal
Array
(
    [name] => edgorshchepetilnikov@mail.ru
    [phone] => 89329127352
    [formname] => Обратная связь
)

------------------------

------------------------
25.10.2025 0:47:29
CallbackFormEmailModal
Array
(
    [name] => laisumake186@mail.ru
    [phone] => 88398962183
    [formname] => Обратная связь
)

------------------------

------------------------
25.10.2025 0:47:30
CallbackFormEmailModal
Array
(
    [name] => valerakimuvo@mail.ru
    [phone] => 81651553884
    [formname] => Обратная связь
)

------------------------

------------------------
25.10.2025 1:03:30
CallbackFormEmailModal
Array
(
    [name] => pestovafivr1985@mail.ru
    [phone] => 83594654667
    [formname] => Обратная связь
)

------------------------

------------------------
25.10.2025 2:17:55
CallbackFormEmailModal
Array
(
    [name] => mlonanlout1985@mail.ru
    [phone] => 89733521582
    [formname] => Обратная связь
)

------------------------

------------------------
25.10.2025 4:20:45
CallbackFormEmailModal
Array
(
    [name] => jonsdfhh44jfggr@temz.net
    [phone] => 84534476355
    [formname] => Обратная связь
)

------------------------

------------------------
25.10.2025 9:24:54
CallbackFormEmailModal
Array
(
    [name] => tipanasotemthia@mail.ru
    [phone] => 85521887842
    [formname] => Обратная связь
)

------------------------

------------------------
25.10.2025 9:25:23
CallbackFormEmailModal
Array
(
    [name] => orlov.roman.1988.2.11@list.ru
    [phone] => 82769363552
    [formname] => Обратная связь
)

------------------------

------------------------
25.10.2025 9:57:59
CallbackFormEmailModal
Array
(
    [name] => kina3axjglime@bk.ru
    [phone] => 81247936781
    [formname] => Обратная связь
)

------------------------

------------------------
25.10.2025 11:41:15
CallbackFormEmailModal
Array
(
    [name] => anna.shapiro.78@mail.ru
    [phone] => 82617676723
    [formname] => Обратная связь
)

------------------------

------------------------
25.10.2025 11:50:31
CallbackFormEmailModal
Array
(
    [name] => waai8stccwnc@mail.ru
    [phone] => 89838718966
    [formname] => Обратная связь
)

------------------------

------------------------
25.10.2025 14:15:24
CallbackFormEmailModal
Array
(
    [name] => bokisuq541@gmail.com
    [phone] => 82693922694
    [formname] => Обратная связь
)

------------------------

------------------------
25.10.2025 14:19:15
CallbackFormEmailModal
Array
(
    [name] => rragffddssafffgpfdgfdgjidjharasxaxaxaxa@gmail.com
    [phone] => 88857492175
    [formname] => Обратная связь
)

------------------------

------------------------
25.10.2025 15:02:41
CallbackFormEmailModal
Array
(
    [name] => mr.markus.virtanen@gmail.com
    [phone] => 83941768823
    [formname] => Обратная связь
)

------------------------

------------------------
25.10.2025 15:03:57
CallbackFormEmailModal
Array
(
    [name] => sergowor.ki.ng7.1.8@gmail.com
    [phone] => 87598757449
    [formname] => Обратная связь
)

------------------------

------------------------
25.10.2025 15:10:13
CallbackFormEmailModal
Array
(
    [name] => serezhamobisa@mail.ru
    [phone] => 87141253815
    [formname] => Обратная связь
)

------------------------

------------------------
25.10.2025 15:35:26
CallbackFormEmailModal
Array
(
    [name] => vitya-kondratev-1969@inbox.ru
    [phone] => 81173269716
    [formname] => Обратная связь
)

------------------------

------------------------
25.10.2025 15:45:57
CallbackFormEmailModal
Array
(
    [name] => anya.genger@mail.ru
    [phone] => 87356644115
    [formname] => Обратная связь
)

------------------------

------------------------
25.10.2025 16:10:23
CallbackFormEmailModal
Array
(
    [name] => valentinamilusa@mail.ru
    [phone] => 87713287268
    [formname] => Обратная связь
)

------------------------

------------------------
25.10.2025 16:11:51
CallbackFormEmailModal
Array
(
    [name] => adoberin1988@mailopenz.com
    [phone] => 83758515931
    [formname] => Обратная связь
)

------------------------

------------------------
25.10.2025 17:48:27
CallbackFormEmailModal
Array
(
    [name] => yuliyadosuni@mail.ru
    [phone] => 86771546524
    [formname] => Обратная связь
)

------------------------

------------------------
25.10.2025 17:50:35
CallbackFormEmailModal
Array
(
    [name] => prosavmobi1981@mail.ru
    [phone] => 84228129612
    [formname] => Обратная связь
)

------------------------

------------------------
25.10.2025 17:56:53
CallbackFormEmailModal
Array
(
    [name] => olegzaluri@mail.ru
    [phone] => 82139946995
    [formname] => Обратная связь
)

------------------------

------------------------
25.10.2025 18:15:17
CallbackFormEmailModal
Array
(
    [name] => serezhamobisa@mail.ru
    [phone] => 87775532977
    [formname] => Обратная связь
)

------------------------

------------------------
25.10.2025 18:18:29
CallbackFormEmailModal
Array
(
    [name] => cratunsculit1988@mail.ru
    [phone] => 87268963822
    [formname] => Обратная связь
)

------------------------

------------------------
25.10.2025 18:19:56
CallbackFormEmailModal
Array
(
    [name] => antonwefulu@mail.ru
    [phone] => 81532497837
    [formname] => Обратная связь
)

------------------------

------------------------
25.10.2025 18:20:25
CallbackFormEmailModal
Array
(
    [name] => anya.genger@mail.ru
    [phone] => 87745262132
    [formname] => Обратная связь
)

------------------------

------------------------
25.10.2025 18:31:14
CallbackFormEmailModal
Array
(
    [name] => stasbogeli@mail.ru
    [phone] => 82215197323
    [formname] => Обратная связь
)

------------------------

------------------------
25.10.2025 18:36:42
CallbackFormEmailModal
Array
(
    [name] => kskoxim@inbox.ru
    [phone] => 87975738877
    [formname] => Обратная связь
)

------------------------

------------------------
25.10.2025 18:37:15
CallbackFormEmailModal
Array
(
    [name] => pomgmk9oheivabfooksm@list.ru
    [phone] => 86476963534
    [formname] => Обратная связь
)

------------------------

------------------------
25.10.2025 18:39:36
CallbackFormEmailModal
Array
(
    [name] => akindinkudryashov6842@mail.ru
    [phone] => 87655493659
    [formname] => Обратная связь
)

------------------------

------------------------
25.10.2025 19:31:32
CallbackFormEmailModal
Array
(
    [name] => zuyev-vadik@bk.ru
    [phone] => 88691779578
    [formname] => Обратная связь
)

------------------------

------------------------
25.10.2025 19:43:07
CallbackFormEmailModal
Array
(
    [name] => sergowor.ki.ng7.18@gmail.com
    [phone] => 86434199792
    [formname] => Обратная связь
)

------------------------

------------------------
25.10.2025 21:28:22
CallbackFormEmailModal
Array
(
    [name] => mickeycaf@bk.ru:50xa5mmm4
    [phone] => 85498828495
    [formname] => Обратная связь
)

------------------------

------------------------
25.10.2025 21:45:35
CallbackFormEmailModal
Array
(
    [name] => douglaswi@vtenigribov.site
    [phone] => 87217787179
    [formname] => Обратная связь
)

------------------------

------------------------
25.10.2025 23:13:11
CallbackFormEmailModal
Array
(
    [name] => dagtechservice.ru@gmail.com
    [phone] => 86999889159
    [formname] => Обратная связь
)

------------------------
