
------------------------
14.12.2024 0:40:45
CallbackFormEmailModal
Array
(
    [name] => arturgorz2o3@bk.ru
    [phone] => 84981365479
    [formname] => Обратная связь
)

------------------------

------------------------
14.12.2024 0:48:58
CallbackFormEmailModal
Array
(
    [name] => siobrowwoodje1976@mail.ru
    [phone] => 81956681251
    [formname] => Обратная связь
)

------------------------

------------------------
14.12.2024 0:50:49
CallbackFormEmailModal
Array
(
    [name] => pavel.sitdikov.88@mail.ru
    [phone] => 83748372237
    [formname] => Обратная связь
)

------------------------

------------------------
14.12.2024 0:57:53
CallbackFormEmailModal
Array
(
    [name] => laisumake186@mail.ru
    [phone] => 88126531936
    [formname] => Обратная связь
)

------------------------

------------------------
14.12.2024 6:46:15
CallbackFormEmailModal
Array
(
    [name] => vsykkwkljel@rudiplomust.com
    [phone] => 87988416425
    [formname] => Обратная связь
)

------------------------

------------------------
14.12.2024 6:53:02
CallbackFormEmailModal
Array
(
    [name] => yjtaygfrpel@rudiplomust.com
    [phone] => 89223297632
    [formname] => Обратная связь
)

------------------------

------------------------
14.12.2024 8:16:33
CallbackFormEmailModal
Array
(
    [name] => qgbccjgubEa@me-game.store
    [phone] => 89174787575
    [formname] => Обратная связь
)

------------------------

------------------------
14.12.2024 8:36:55
CallbackFormEmailModal
Array
(
    [name] => unatcopa1981@op.pl
    [phone] => 81968999374
    [formname] => Обратная связь
)

------------------------

------------------------
14.12.2024 10:29:56
CallbackFormEmailModal
Array
(
    [name] => buol1134xtk@marketing.caperapp.click
    [phone] => 89129597211
    [formname] => Обратная связь
)

------------------------

------------------------
14.12.2024 12:42:57
CallbackFormEmailModal
Array
(
    [name] => li.s.o.v.ev.g.e.n.ij196@gmail.com
    [phone] => 85666995364
    [formname] => Обратная связь
)

------------------------

------------------------
14.12.2024 14:18:53
CallbackFormEmailModal
Array
(
    [name] => ibucezevuda439@gmail.com
    [phone] => 86182415528
    [formname] => Обратная связь
)

------------------------

------------------------
14.12.2024 15:54:24
CallbackFormEmailModal
Array
(
    [name] => deacren@mail.ru
    [phone] => 89652526133
    [formname] => Обратная связь
)

------------------------

------------------------
14.12.2024 15:54:51
CallbackFormEmailModal
Array
(
    [name] => foncardda1988@mail.ru
    [phone] => 84334584476
    [formname] => Обратная связь
)

------------------------

------------------------
14.12.2024 16:01:06
CallbackFormEmailModal
Array
(
    [name] => jarerogusto@gmail.com
    [phone] => 87145781633
    [formname] => Обратная связь
)

------------------------

------------------------
14.12.2024 16:46:44
CallbackFormEmailModal
Array
(
    [name] => mikexxxx@gmail.com
    [phone] => 84313827714
    [formname] => Обратная связь
)

------------------------

------------------------
14.12.2024 17:34:05
CallbackFormEmailModal
Array
(
    [name] => jarerogusto@gmail.com
    [phone] => 83436121119
    [formname] => Обратная связь
)

------------------------

------------------------
14.12.2024 19:15:27
CallbackFormEmailModal
Array
(
    [name] => eprovbelwha@mail.ru
    [phone] => 84774846584
    [formname] => Обратная связь
)

------------------------

------------------------
14.12.2024 19:15:28
CallbackFormEmailModal
Array
(
    [name] => chofitensatomar@mail.ru
    [phone] => 83779749244
    [formname] => Обратная связь
)

------------------------

------------------------
14.12.2024 19:16:12
CallbackFormEmailModal
Array
(
    [name] => galya.usenko.63@mail.ru
    [phone] => 87669957414
    [formname] => Обратная связь
)

------------------------

------------------------
14.12.2024 19:18:40
CallbackFormEmailModal
Array
(
    [name] => pencucon_97@mail.ru
    [phone] => 87772581363
    [formname] => Обратная связь
)

------------------------

------------------------
14.12.2024 19:18:44
CallbackFormEmailModal
Array
(
    [name] => erangifest1980@mail.ru
    [phone] => 84387112379
    [formname] => Обратная связь
)

------------------------

------------------------
14.12.2024 21:19:42
CallbackFormEmailModal
Array
(
    [name] => nvbhzwhcwel@rudiplomust.com
    [phone] => 85355678397
    [formname] => Обратная связь
)

------------------------

------------------------
14.12.2024 22:17:04
CallbackFormEmailModal
Array
(
    [name] => jarerogusto@gmail.com
    [phone] => 86977829321
    [formname] => Обратная связь
)

------------------------

------------------------
14.12.2024 22:22:07
CallbackFormEmailModal
Array
(
    [name] => moqagides18@gmail.com
    [phone] => 87616339214
    [formname] => Обратная связь
)

------------------------

------------------------
14.12.2024 23:39:51
CallbackFormEmailModal
Array
(
    [name] => jarerogusto@gmail.com
    [phone] => 86115822339
    [formname] => Обратная связь
)

------------------------

------------------------
14.12.2024 23:40:18
CallbackFormEmailModal
Array
(
    [name] => gm1176374@gmail.com
    [phone] => 85452164241
    [formname] => Обратная связь
)

------------------------
