
------------------------
01.05.2022 0:09:29
CallbackFormEmailModal
Array
(
    [name] => danirish1986@hotmail.com
    [phone] => 89030152878
    [formname] => Обратная связь
)

------------------------

------------------------
01.05.2022 2:28:22
CallbackFormEmailModal
Array
(
    [name] => ministrech12@gmail.com
    [phone] => 89037885205
    [formname] => Обратная связь
)

------------------------

------------------------
01.05.2022 3:02:46
CallbackFormEmailModal
Array
(
    [name] => basiritob610@gmail.com
    [phone] => basiritob610@gmail.com
    [formname] => Обратная связь
)

------------------------

------------------------
01.05.2022 3:03:17
CallbackFormEmailModal
Array
(
    [name] => basiritob610@gmail.com
    [phone] => basiritob610@gmail.com
    [formname] => Обратная связь
)

------------------------

------------------------
01.05.2022 3:03:25
CallbackFormEmailModal
Array
(
    [name] => basiritob610@gmail.com
    [phone] => basiritob610@gmail.com
    [formname] => Обратная связь
)

------------------------

------------------------
01.05.2022 3:03:46
CallbackFormEmailModal
Array
(
    [name] => basiritob610@gmail.com
    [phone] => basiritob610@gmail.com
    [formname] => Обратная связь
)

------------------------

------------------------
01.05.2022 3:03:57
CallbackFormEmailModal
Array
(
    [name] => basiritob610@gmail.com
    [phone] => basiritob610@gmail.com
    [formname] => Обратная связь
)

------------------------

------------------------
01.05.2022 3:04:12
CallbackFormEmailModal
Array
(
    [name] => basiritob610@gmail.com
    [phone] => basiritob610@gmail.com
    [formname] => Обратная связь
)

------------------------

------------------------
01.05.2022 3:04:27
CallbackFormEmailModal
Array
(
    [name] => basiritob610@gmail.com
    [phone] => basiritob610@gmail.com
    [formname] => Обратная связь
)

------------------------

------------------------
01.05.2022 3:05:03
CallbackFormEmailModal
Array
(
    [name] => basiritob610@gmail.com
    [phone] => basiritob610@gmail.com
    [formname] => Обратная связь
)

------------------------

------------------------
01.05.2022 3:05:11
CallbackFormEmailModal
Array
(
    [name] => basiritob610@gmail.com
    [phone] => basiritob610@gmail.com
    [formname] => Обратная связь
)

------------------------

------------------------
01.05.2022 3:05:34
CallbackFormEmailModal
Array
(
    [name] => basiritob610@gmail.com
    [phone] => basiritob610@gmail.com
    [formname] => Обратная связь
)

------------------------

------------------------
01.05.2022 3:05:39
CallbackFormEmailModal
Array
(
    [name] => basiritob610@gmail.com
    [phone] => basiritob610@gmail.com
    [formname] => Обратная связь
)

------------------------

------------------------
01.05.2022 3:05:48
CallbackFormEmailModal
Array
(
    [name] => basiritob610@gmail.com
    [phone] => basiritob610@gmail.com
    [formname] => Обратная связь
)

------------------------

------------------------
01.05.2022 3:05:56
CallbackFormEmailModal
Array
(
    [name] => basiritob610@gmail.com
    [phone] => basiritob610@gmail.com
    [formname] => Обратная связь
)

------------------------

------------------------
01.05.2022 3:06:19
CallbackFormEmailModal
Array
(
    [name] => basiritob610@gmail.com
    [phone] => basiritob610@gmail.com
    [formname] => Обратная связь
)

------------------------

------------------------
01.05.2022 3:06:24
CallbackFormEmailModal
Array
(
    [name] => basiritob610@gmail.com
    [phone] => basiritob610@gmail.com
    [formname] => Обратная связь
)

------------------------

------------------------
01.05.2022 3:06:40
CallbackFormEmailModal
Array
(
    [name] => basiritob610@gmail.com
    [phone] => basiritob610@gmail.com
    [formname] => Обратная связь
)

------------------------

------------------------
01.05.2022 3:06:46
CallbackFormEmailModal
Array
(
    [name] => basiritob610@gmail.com
    [phone] => basiritob610@gmail.com
    [formname] => Обратная связь
)

------------------------

------------------------
01.05.2022 3:06:56
CallbackFormEmailModal
Array
(
    [name] => basiritob610@gmail.com
    [phone] => basiritob610@gmail.com
    [formname] => Обратная связь
)

------------------------

------------------------
01.05.2022 3:07:03
CallbackFormEmailModal
Array
(
    [name] => basiritob610@gmail.com
    [phone] => basiritob610@gmail.com
    [formname] => Обратная связь
)

------------------------

------------------------
01.05.2022 3:07:13
CallbackFormEmailModal
Array
(
    [name] => basiritob610@gmail.com
    [phone] => basiritob610@gmail.com
    [formname] => Обратная связь
)

------------------------

------------------------
01.05.2022 3:07:23
CallbackFormEmailModal
Array
(
    [name] => basiritob610@gmail.com
    [phone] => basiritob610@gmail.com
    [formname] => Обратная связь
)

------------------------

------------------------
01.05.2022 9:17:04
CallbackFormEmailModal
Array
(
    [name] => appliedengineering@vsnl.net
    [phone] => 89031913359
    [formname] => Обратная связь
)

------------------------

------------------------
01.05.2022 14:52:16
CallbackFormEmailModal
Array
(
    [name] => rhimint@hotmail.com
    [phone] => 89030792075
    [formname] => Обратная связь
)

------------------------

------------------------
01.05.2022 20:53:52
CallbackFormEmailModal
Array
(
    [name] => KU_MANMAN@HOTMAIL.COM
    [phone] => 89035398350
    [formname] => Обратная связь
)

------------------------

------------------------
01.05.2022 23:03:28
CallbackFormEmailModal
Array
(
    [name] => rumiantsev-mikhail_9641@mail.ru
    [phone] => +73211234567
    [formname] => Обратная связь
)

------------------------
