
------------------------
10.05.2024 4:02:38
CallbackFormEmailModal
Array
(
    [name] => kazinolain@gmail.com
    [phone] => 87142681664
    [formname] => Обратная связь
)

------------------------

------------------------
10.05.2024 4:23:46
CallbackFormEmailModal
Array
(
    [name] => lucido.leinteract@gmail.com
    [phone] => 89461645149
    [formname] => Обратная связь
)

------------------------

------------------------
10.05.2024 4:43:32
CallbackFormEmailModal
Array
(
    [name] => yzuj55k9@webfreemailz.com
    [phone] => 85619337913
    [formname] => Обратная связь
)

------------------------

------------------------
10.05.2024 13:51:28
CallbackFormEmailModal
Array
(
    [name] => autolife56@yandex.ru
    [phone] => 82275964871
    [formname] => Обратная связь
)

------------------------

------------------------
10.05.2024 14:21:19
CallbackFormEmailModal
Array
(
    [name] => mkatyk.at99.8@gmail.com
    [phone] => 84543289297
    [formname] => Обратная связь
)

------------------------

------------------------
10.05.2024 16:03:36
CallbackFormEmailModal
Array
(
    [name] => euej632r@yourmailz.com
    [phone] => 84949188596
    [formname] => Обратная связь
)

------------------------

------------------------
10.05.2024 21:15:14
CallbackFormEmailModal
Array
(
    [name] => ticsocarbedc1982@op.pl
    [phone] => 89776855561
    [formname] => Обратная связь
)

------------------------

------------------------
10.05.2024 22:44:07
CallbackFormEmailModal
Array
(
    [name] => belozerov_9un3p@rambler.ru
    [phone] => 83931348586
    [formname] => Обратная связь
)

------------------------
