
------------------------
17.07.2022 1:25:16
CallbackFormEmailModal
Array
(
    [name] => Finaz_88xins@yahoo.com
    [phone] => 89033718404
    [formname] => Обратная связь
)

------------------------

------------------------
17.07.2022 4:11:47
CallbackFormEmailModal
Array
(
    [name] => wildflower8779@yahoo.com
    [phone] => 89033803997
    [formname] => Обратная связь
)

------------------------

------------------------
17.07.2022 5:04:33
CallbackFormEmailModal
Array
(
    [name] => dashulia-rozhkova.19628@mail.ru
    [phone] => +71231234567
    [formname] => Обратная связь
)

------------------------

------------------------
17.07.2022 6:36:54
CallbackFormEmailModal
Array
(
    [name] => samantharedwood@googlemail.com
    [phone] => 89035433117
    [formname] => Обратная связь
)

------------------------

------------------------
17.07.2022 9:04:37
CallbackFormEmailModal
Array
(
    [name] => chrysacosta@yahoo.com
    [phone] => 89035474557
    [formname] => Обратная связь
)

------------------------

------------------------
17.07.2022 11:26:41
CallbackFormEmailModal
Array
(
    [name] => eocheita88@gmail.com
    [phone] => 89031922596
    [formname] => Обратная связь
)

------------------------

------------------------
17.07.2022 13:49:14
CallbackFormEmailModal
Array
(
    [name] => jmi6551@aol.com
    [phone] => 89032958454
    [formname] => Обратная связь
)

------------------------

------------------------
17.07.2022 16:11:37
CallbackFormEmailModal
Array
(
    [name] => trish5507@gmail.com
    [phone] => 89037597079
    [formname] => Обратная связь
)

------------------------

------------------------
17.07.2022 17:34:36
CallbackFormEmailModal
Array
(
    [name] => prsports@rambler.ru
    [phone] => 83268215698
    [formname] => Обратная связь
)

------------------------

------------------------
17.07.2022 18:31:52
CallbackFormEmailModal
Array
(
    [name] => valeriemule@greeninbox.org
    [phone] => 89038327359
    [formname] => Обратная связь
)

------------------------

------------------------
17.07.2022 20:56:39
CallbackFormEmailModal
Array
(
    [name] => jcruz@null.net
    [phone] => 89036822728
    [formname] => Обратная связь
)

------------------------

------------------------
17.07.2022 21:50:34
CallbackFormEmailModal
Array
(
    [name] => tallodia@pillsellr.com
    [phone] => 89038928509
    [formname] => Обратная связь
)

------------------------

------------------------
17.07.2022 22:30:39
CallbackFormEmailModal
Array
(
    [name] => danieljpapp@gmail.com
    [phone] => 89039734649
    [formname] => Обратная связь
)

------------------------
