
------------------------
08.09.2024 0:53:40
CallbackFormEmailModal
Array
(
    [name] => tina@articles.sedona-psychic.com
    [phone] => 84232216555
    [formname] => Обратная связь
)

------------------------

------------------------
08.09.2024 1:46:24
CallbackFormEmailModal
Array
(
    [name] => gpnnmb0x@wmailfree.com
    [phone] => 81773788564
    [formname] => Обратная связь
)

------------------------

------------------------
08.09.2024 5:59:37
CallbackFormEmailModal
Array
(
    [name] => erkjasonadams562@gmail.com
    [phone] => 84781225835
    [formname] => Обратная связь
)

------------------------

------------------------
08.09.2024 6:54:57
CallbackFormEmailModal
Array
(
    [name] => iunskiygipertonik@gmail.com
    [phone] => 83964123995
    [formname] => Обратная связь
)

------------------------

------------------------
08.09.2024 7:23:05
CallbackFormEmailModal
Array
(
    [name] => prachotihlie1984@op.pl
    [phone] => 89782211344
    [formname] => Обратная связь
)

------------------------

------------------------
08.09.2024 8:56:19
CallbackFormEmailModal
Array
(
    [name] => efisomer1970@op.pl
    [phone] => 83118932484
    [formname] => Обратная связь
)

------------------------

------------------------
08.09.2024 9:28:11
CallbackFormEmailModal
Array
(
    [name] => heroine@kypit-kokain-v-ukraine.space
    [phone] => 84522629424
    [formname] => Обратная связь
)

------------------------

------------------------
08.09.2024 10:18:44
CallbackFormEmailModal
Array
(
    [name] => evel2010@fvmaily.com
    [phone] => 89277457582
    [formname] => Обратная связь
)

------------------------

------------------------
08.09.2024 12:23:01
CallbackFormEmailModal
Array
(
    [name] => allan3@xrevelxr.com
    [phone] => 89854349332
    [formname] => Обратная связь
)

------------------------

------------------------
08.09.2024 12:47:44
CallbackFormEmailModal
Array
(
    [name] => qrwmranffel@rudiplomust.com
    [phone] => 87196217825
    [formname] => Обратная связь
)

------------------------

------------------------
08.09.2024 15:03:19
CallbackFormEmailModal
Array
(
    [name] => alexxrumer1@gmail.com

    [phone] => 89123523999
    [formname] => Обратная связь
)

------------------------

------------------------
08.09.2024 16:18:11
CallbackFormEmailModal
Array
(
    [name] => kacaxo5216@sablecc.com
    [phone] => 87293243965
    [formname] => Обратная связь
)

------------------------
