
------------------------
22.01.2024 0:41:00
CallbackFormEmailModal
Array
(
    [name] => froeach12@rezka.wtf
    [phone] => 84322889664
    [formname] => Обратная связь
)

------------------------

------------------------
22.01.2024 1:12:24
CallbackFormEmailModal
Array
(
    [name] => indomitowot@outlook.com
    [phone] => 85866381656
    [formname] => Обратная связь
)

------------------------

------------------------
22.01.2024 6:17:02
CallbackFormEmailModal
Array
(
    [name] => niyijohn_m@yahoo.com
    [phone] => 85525958443
    [formname] => Обратная связь
)

------------------------

------------------------
22.01.2024 7:04:33
CallbackFormEmailModal
Array
(
    [name] => l.u.k.in.ovi.c.h2.0.221355@gmail.com

    [phone] => 87498282925
    [formname] => Обратная связь
)

------------------------

------------------------
22.01.2024 12:24:20
CallbackFormEmailModal
Array
(
    [name] => peterAlburnern@gmail.com
    [phone] => 82825857936
    [formname] => Обратная связь
)

------------------------

------------------------
22.01.2024 13:31:23
CallbackFormEmailModal
Array
(
    [name] => 3325353@post.com
    [phone] => 89719453413
    [formname] => Обратная связь
)

------------------------

------------------------
22.01.2024 14:56:48
CallbackFormEmailModal
Array
(
    [name] => joseph25martin16as@rambler.ru
    [phone] => 81326925734
    [formname] => Обратная связь
)

------------------------

------------------------
22.01.2024 15:33:42
CallbackFormEmailModal
Array
(
    [name] => indomitowot@outlook.com
    [phone] => 84719642748
    [formname] => Обратная связь
)

------------------------

------------------------
22.01.2024 18:04:50
CallbackFormEmailModal
Array
(
    [name] => casinomaniya0@gmail.com
    [phone] => 83569822696
    [formname] => Обратная связь
)

------------------------

------------------------
22.01.2024 21:31:38
CallbackFormEmailModal
Array
(
    [name] => pashenka.vladimirovich.2023@mail.ru
    [phone] => 82318334382
    [formname] => Обратная связь
)

------------------------

------------------------
22.01.2024 21:55:44
CallbackFormEmailModal
Array
(
    [name] => jisankape@list.ru
    [phone] => 89633484255
    [formname] => Обратная связь
)

------------------------

------------------------
22.01.2024 22:11:15
CallbackFormEmailModal
Array
(
    [name] => invalopackman1863@mail.ru
    [phone] => 82589734618
    [formname] => Обратная связь
)

------------------------

------------------------
22.01.2024 22:14:25
CallbackFormEmailModal
Array
(
    [name] => foncardda1988@mail.ru
    [phone] => 81767398517
    [formname] => Обратная связь
)

------------------------

------------------------
22.01.2024 22:36:20
CallbackFormEmailModal
Array
(
    [name] => pavel.sitdikov.88@mail.ru
    [phone] => 87745991443
    [formname] => Обратная связь
)

------------------------

------------------------
22.01.2024 22:37:34
CallbackFormEmailModal
Array
(
    [name] => podaiclan_547@mail.ru
    [phone] => 89493635391
    [formname] => Обратная связь
)

------------------------

------------------------
22.01.2024 22:40:29
CallbackFormEmailModal
Array
(
    [name] => ovnterbefjuden6138@mail.ru
    [phone] => 81394315769
    [formname] => Обратная связь
)

------------------------

------------------------
22.01.2024 22:47:41
CallbackFormEmailModal
Array
(
    [name] => indomitowot@outlook.com
    [phone] => 83861483655
    [formname] => Обратная связь
)

------------------------

------------------------
22.01.2024 22:54:21
CallbackFormEmailModal
Array
(
    [name] => tiocrouchfikata2094@mail.ru
    [phone] => 85673849638
    [formname] => Обратная связь
)

------------------------

------------------------
22.01.2024 23:14:46
CallbackFormEmailModal
Array
(
    [name] => paraipastmi@list.ru
    [phone] => 85747521113
    [formname] => Обратная связь
)

------------------------

------------------------
22.01.2024 23:30:58
CallbackFormEmailModal
Array
(
    [name] => zuyev-vadik@bk.ru
    [phone] => 81377198253
    [formname] => Обратная связь
)

------------------------

------------------------
22.01.2024 23:33:13
CallbackFormEmailModal
Array
(
    [name] => shegukazsc@mail.ru
    [phone] => 85198532913
    [formname] => Обратная связь
)

------------------------

------------------------
22.01.2024 23:37:24
CallbackFormEmailModal
Array
(
    [name] => naelbarad@mail.ru
    [phone] => 84863863352
    [formname] => Обратная связь
)

------------------------

------------------------
22.01.2024 23:40:45
CallbackFormEmailModal
Array
(
    [name] => tiocicie.4769@mail.ru
    [phone] => 83268115666
    [formname] => Обратная связь
)

------------------------

------------------------
22.01.2024 23:55:17
CallbackFormEmailModal
Array
(
    [name] => deacren@mail.ru
    [phone] => 86594843385
    [formname] => Обратная связь
)

------------------------
