
------------------------
29.05.2024 0:16:49
CallbackFormEmailModal
Array
(
    [name] => nnmmkk0101@gmail.com
    [phone] => 85327564316
    [formname] => Обратная связь
)

------------------------

------------------------
29.05.2024 3:24:09
CallbackFormEmailModal
Array
(
    [name] => avtocentravrora@gmail.com
    [phone] => 84489865282
    [formname] => Обратная связь
)

------------------------

------------------------
29.05.2024 3:57:40
CallbackFormEmailModal
Array
(
    [name] => skol.bankruptcy@yandex.ru
    [phone] => +79055010531
    [formname] => Обратная связь
)

------------------------

------------------------
29.05.2024 9:13:17
CallbackFormEmailModal
Array
(
    [name] => 555mrdim@gmail.com
    [phone] => 88395685273
    [formname] => Обратная связь
)

------------------------

------------------------
29.05.2024 13:40:05
CallbackFormEmailModal
Array
(
    [name] => segif18200@shirulo.com
    [phone] => 86591538386
    [formname] => Обратная связь
)

------------------------

------------------------
29.05.2024 16:17:48
CallbackFormEmailModal
Array
(
    [name] => mikeKitGrishitty@gmail.com
    [phone] => 86627392776
    [formname] => Обратная связь
)

------------------------

------------------------
29.05.2024 19:15:50
CallbackFormEmailModal
Array
(
    [name] => Ro.d.r.igu.e.zL.inds.e.y5.0.4@gmail.com
    [phone] => 88854378916
    [formname] => Обратная связь
)

------------------------
