
------------------------
25.07.2025 2:31:11
CallbackFormEmailModal
Array
(
    [name] => raymondAlburnern@gmail.com
    [phone] => 86124993253
    [formname] => Обратная связь
)

------------------------

------------------------
25.07.2025 4:45:36
CallbackFormEmailModal
Array
(
    [name] => waffdftknkn@kupit-matras111.ru
    [phone] => 83672469129
    [formname] => Обратная связь
)

------------------------

------------------------
25.07.2025 5:15:51
CallbackFormEmailModal
Array
(
    [name] => admin@progonx.fun
    [phone] => 89269218681
    [formname] => Обратная связь
)

------------------------

------------------------
25.07.2025 6:06:20
CallbackFormEmailModal
Array
(
    [name] => yandexmarkets@anonmails.de
    [phone] => 81513823931
    [formname] => Обратная связь
)

------------------------

------------------------
25.07.2025 13:58:25
CallbackFormEmailModal
Array
(
    [name] => xcchuuljuj@rambler.ru
    [phone] => 74951234567
    [formname] => Обратная связь
)

------------------------

------------------------
25.07.2025 14:21:53
CallbackFormModal
Array
(
    [name] => Алексей
    [phone] => +7(916)324-75-99
    [formname] => Заказать звонок
)

------------------------

------------------------
25.07.2025 19:28:12
CallbackFormEmailModal
Array
(
    [name] => katerinejones1979@salpingomyu.ru
    [phone] => 87368181846
    [formname] => Обратная связь
)

------------------------

------------------------
25.07.2025 20:24:22
CallbackFormEmailModal
Array
(
    [name] => gjhgjkfk@gmail.com
    [phone] => 84213835288
    [formname] => Обратная связь
)

------------------------

------------------------
25.07.2025 21:42:52
CallbackFormEmailModal
Array
(
    [name] => al.zvantsev@yandex.ru
    [phone] => 85673535725
    [formname] => Обратная связь
)

------------------------
