
------------------------
20.10.2021 3:49:01
CallbackFormEmailModal
Array
(
    [name] => svidinfo1980@gmail.com
    [phone] => 81517724586
    [formname] => Обратная связь
)

------------------------

------------------------
20.10.2021 5:34:13
CallbackFormEmailModal
Array
(
    [name] => no-replysuinuts@gmail.com
    [phone] => 88262563118
    [formname] => Обратная связь
)

------------------------

------------------------
20.10.2021 21:33:23
CallbackFormEmailModal
Array
(
    [name] => Nicolette Janvier
    [phone] => RogerPaparello@hotmail.com
    [formname] => Обратная связь
)

------------------------
