
------------------------
18.01.2022 6:29:20
CallbackFormEmailModal
Array
(
    [name] => kfouh1gd@hotmail.com
    [phone] => 81394994742
    [formname] => Обратная связь
)

------------------------

------------------------
18.01.2022 13:40:17
CallbackEmailModal
Array
(
    [name] => fedor.kowal
    [phone] => +7(916)655-66-99
    [comment] => Название продуката: Прессованный  настил P 33х11/30х2 Zn 500х1000 мм
Комменатрий: Здравствуйте! С физическими лицами работаете?
    [formname] => Задать вопрос по товару
)

------------------------

------------------------
18.01.2022 15:46:25
CallbackFormEmailModal
Array
(
    [name] => klaus.rosenplaenter@web.de
    [phone] => 89485965914
    [formname] => Обратная связь
)

------------------------

------------------------
18.01.2022 18:55:21
CallbackFormEmailModal
Array
(
    [name] => no-replysuinuts@gmail.com
    [phone] => 86666834619
    [formname] => Обратная связь
)

------------------------
