
------------------------
29.05.2025 2:52:09
CallbackFormEmailModal
Array
(
    [name] => gm1176374@gmail.com
    [phone] => 85816938338
    [formname] => Обратная связь
)

------------------------

------------------------
29.05.2025 4:26:42
CallbackFormEmailModal
Array
(
    [name] => Deliems@mailsphere.xyz
    [phone] => 82519985587
    [formname] => Обратная связь
)

------------------------

------------------------
29.05.2025 4:59:20
CallbackFormEmailModal
Array
(
    [name] => vlgqpnmm@tubermail.com
    [phone] => 83892735432
    [formname] => Обратная связь
)

------------------------

------------------------
29.05.2025 9:23:22
CallbackFormEmailModal
Array
(
    [name] => steelersfan4ever@web.de
    [phone] => 81568427539
    [formname] => Обратная связь
)

------------------------

------------------------
29.05.2025 10:24:28
CallbackFormEmailModal
Array
(
    [name] => valentin.vinokurov.12.6.1968@mail.ru
    [phone] => 85672958192
    [formname] => Обратная связь
)

------------------------

------------------------
29.05.2025 10:31:20
CallbackFormEmailModal
Array
(
    [name] => xrumer23Kip@gmail.com
    [phone] => 89893482978
    [formname] => Обратная связь
)

------------------------

------------------------
29.05.2025 10:32:36
CallbackFormEmailModal
Array
(
    [name] => eprovbelwha@mail.ru
    [phone] => 84279949296
    [formname] => Обратная связь
)

------------------------

------------------------
29.05.2025 10:39:13
CallbackFormEmailModal
Array
(
    [name] => coezathurpu1983@mail.ru
    [phone] => 86139814346
    [formname] => Обратная связь
)

------------------------

------------------------
29.05.2025 10:41:05
CallbackFormEmailModal
Array
(
    [name] => dorofeyavinogradova199056@mail.ru
    [phone] => 89139429259
    [formname] => Обратная связь
)

------------------------

------------------------
29.05.2025 10:45:53
CallbackFormEmailModal
Array
(
    [name] => igor_trofimov_1979@mail.ru
    [phone] => 83322488975
    [formname] => Обратная связь
)

------------------------

------------------------
29.05.2025 10:59:50
CallbackFormEmailModal
Array
(
    [name] => chofitensatomar@mail.ru
    [phone] => 89332186831
    [formname] => Обратная связь
)

------------------------

------------------------
29.05.2025 10:59:53
CallbackFormEmailModal
Array
(
    [name] => deacren@mail.ru
    [phone] => 88982549892
    [formname] => Обратная связь
)

------------------------

------------------------
29.05.2025 11:01:06
CallbackFormEmailModal
Array
(
    [name] => erangifest1980@mail.ru
    [phone] => 85827614728
    [formname] => Обратная связь
)

------------------------

------------------------
29.05.2025 11:44:44
CallbackFormEmailModal
Array
(
    [name] => wclzp@melssa.com
    [phone] => 85418359184
    [formname] => Обратная связь
)

------------------------

------------------------
29.05.2025 11:46:10
CallbackFormEmailModal
Array
(
    [name] => mark.moshchenskiy.90@mail.ru
    [phone] => 84355953696
    [formname] => Обратная связь
)

------------------------

------------------------
29.05.2025 16:18:40
CallbackFormEmailModal
Array
(
    [name] => seoseaspace@gmail.com
    [phone] => 84238379218
    [formname] => Обратная связь
)

------------------------

------------------------
29.05.2025 20:20:17
CallbackFormEmailModal
Array
(
    [name] => yawiviseya67@gmail.com
    [phone] => 89483728764
    [formname] => Обратная связь
)

------------------------

------------------------
29.05.2025 20:36:24
CallbackFormEmailModal
Array
(
    [name] => yourmail@gmail.com
    [phone] => 84279172631
    [formname] => Обратная связь
)

------------------------

------------------------
29.05.2025 21:39:44
CallbackFormEmailModal
Array
(
    [name] => yandexmarket@anonmails.de
    [phone] => 87689284819
    [formname] => Обратная связь
)

------------------------
