
------------------------
29.09.2024 0:19:37
CallbackFormEmailModal
Array
(
    [name] => jlbewpxsjel@rudiplomust.com
    [phone] => 84489611287
    [formname] => Обратная связь
)

------------------------

------------------------
29.09.2024 0:34:38
CallbackFormEmailModal
Array
(
    [name] => zln7s1cm@wmailfree.com
    [phone] => 87913573216
    [formname] => Обратная связь
)

------------------------

------------------------
29.09.2024 2:08:59
CallbackFormEmailModal
Array
(
    [name] => imfqffziqel@rudiplomust.com
    [phone] => 85127779818
    [formname] => Обратная связь
)

------------------------

------------------------
29.09.2024 2:25:06
CallbackFormEmailModal
Array
(
    [name] => 4h4pxp8p@freewmail.com
    [phone] => 84359428628
    [formname] => Обратная связь
)

------------------------

------------------------
29.09.2024 9:28:52
CallbackFormEmailModal
Array
(
    [name] => wmyzzvwkvel@rudiplomust.com
    [phone] => 83421232485
    [formname] => Обратная связь
)

------------------------

------------------------
29.09.2024 11:37:23
CallbackFormEmailModal
Array
(
    [name] => bemrqarapel@rudiplomust.com
    [phone] => 89162989995
    [formname] => Обратная связь
)

------------------------

------------------------
29.09.2024 16:16:30
CallbackEmailModal
Array
(
    [name] => vibromash567@gmail.com
    [phone] => 87654113272
    [comment] => Название продуката: Решетчатый настил P 33х11/30х2 Zn 800х1000 мм
Комменатрий: Balancing equipment, high quality and low price, 
anyone can buy, even to provide paid services to balance any parts 
https://vibromera.eu/shop/854/ 
 
Equipos de equilibrado, de alta calidad y bajo precio, cualquiera puede comprarlos, 
incluso prestar servicios de pago para equilibrar cualquier pieza 
https://vibromera.eu/shop/854/
    [formname] => Задать вопрос по товару
)

------------------------

------------------------
29.09.2024 17:47:49
CallbackFormEmailModal
Array
(
    [name] => yulbpmhagel@rudiplomust.com
    [phone] => 89482197833
    [formname] => Обратная связь
)

------------------------

------------------------
29.09.2024 18:04:11
CallbackFormEmailModal
Array
(
    [name] => qgvcpbkqiel@rudiplomust.com
    [phone] => 83257411593
    [formname] => Обратная связь
)

------------------------

------------------------
29.09.2024 19:51:21
CallbackFormEmailModal
Array
(
    [name] => dafuttwjjel@rudiplomust.com
    [phone] => 84273964953
    [formname] => Обратная связь
)

------------------------

------------------------
29.09.2024 19:51:23
CallbackFormEmailModal
Array
(
    [name] => xuipxpjsjel@rudiplomust.com
    [phone] => 89793534265
    [formname] => Обратная связь
)

------------------------

------------------------
29.09.2024 19:58:15
CallbackFormEmailModal
Array
(
    [name] => jdkevgohpel@rudiplomust.com
    [phone] => 82575927894
    [formname] => Обратная связь
)

------------------------

------------------------
29.09.2024 19:58:15
CallbackFormEmailModal
Array
(
    [name] => fnvopjcjuel@rudiplomust.com
    [phone] => 83933513616
    [formname] => Обратная связь
)

------------------------

------------------------
29.09.2024 20:35:27
CallbackFormEmailModal
Array
(
    [name] => ufdbxgguf@hoopsor.online
    [phone] => 83932964313
    [formname] => Обратная связь
)

------------------------

------------------------
29.09.2024 21:35:05
CallbackFormEmailModal
Array
(
    [name] => ntalas1@xrevelxr.com
    [phone] => 84148245973
    [formname] => Обратная связь
)

------------------------
