
------------------------
01.10.2025 2:07:15
CallbackFormEmailModal
Array
(
    [name] => hyjxjjno@wildbmail.com
    [phone] => 82141391442
    [formname] => Обратная связь
)

------------------------

------------------------
01.10.2025 2:15:31
CallbackFormEmailModal
Array
(
    [name] => oeginrnp@tubermail.com
    [phone] => 82564557551
    [formname] => Обратная связь
)

------------------------

------------------------
01.10.2025 2:20:58
CallbackFormEmailModal
Array
(
    [name] => jack90@pubserv.email
    [phone] => 83249793579
    [formname] => Обратная связь
)

------------------------

------------------------
01.10.2025 4:29:41
CallbackFormEmailModal
Array
(
    [name] => Евгений
    [phone] => 79023643872
    [formname] => Обратная связь
)

------------------------

------------------------
01.10.2025 5:11:49
CallbackFormEmailModal
Array
(
    [name] => mullyamuhyp1970@mailopenz.com
    [phone] => 86987315523
    [formname] => Обратная связь
)

------------------------

------------------------
01.10.2025 6:45:59
CallbackFormEmailModal
Array
(
    [name] => dinanikolskaya99@gmail.com
    [phone] => 87429349755
    [formname] => Обратная связь
)

------------------------

------------------------
01.10.2025 8:53:48
CallbackFormEmailModal
Array
(
    [name] => xrfswmad@wildbmail.com
    [phone] => 81389512436
    [formname] => Обратная связь
)

------------------------

------------------------
01.10.2025 9:46:22
CallbackFormEmailModal
Array
(
    [name] => nymzyvks@tubermail.com
    [phone] => 85798924385
    [formname] => Обратная связь
)

------------------------

------------------------
01.10.2025 12:19:25
CallbackFormEmailModal
Array
(
    [name] => giampierimario@web.de
    [phone] => 84623465511
    [formname] => Обратная связь
)

------------------------

------------------------
01.10.2025 13:37:52
CallbackFormEmailModal
Array
(
    [name] => southparktwo@lumexmail.shop
    [phone] => 82986928682
    [formname] => Обратная связь
)

------------------------

------------------------
01.10.2025 16:58:00
CallbackFormEmailModal
Array
(
    [name] => ioplaxsr@tubermail.com
    [phone] => 89991333367
    [formname] => Обратная связь
)

------------------------

------------------------
01.10.2025 18:45:50
CallbackFormEmailModal
Array
(
    [name] => twvupwqn@tubermail.com
    [phone] => 89512327355
    [formname] => Обратная связь
)

------------------------

------------------------
01.10.2025 22:46:17
CallbackFormEmailModal
Array
(
    [name] => jolt-sublet-aliens@duck.com
    [phone] => 83492322397
    [formname] => Обратная связь
)

------------------------

------------------------
01.10.2025 23:44:54
CallbackFormEmailModal
Array
(
    [name] => icucareso90.2@gmail.com
    [phone] => 88798421959
    [formname] => Обратная связь
)

------------------------
