
------------------------
01.04.2026 5:54:55
CallbackFormEmailModal
Array
(
    [name] => alximikkobra9@emailn.de
    [phone] => 87577411838
    [formname] => Обратная связь
)

------------------------

------------------------
01.04.2026 7:16:47
CallbackFormEmailModal
Array
(
    [name] => olegzaluri@mail.ru
    [phone] => 85334879357
    [formname] => Обратная связь
)

------------------------

------------------------
01.04.2026 11:53:25
CallbackFormEmailModal
Array
(
    [name] => lyokhapolaso@mail.ru
    [phone] => 84967186863
    [formname] => Обратная связь
)

------------------------

------------------------
01.04.2026 12:41:22
CallbackFormEmailModal
Array
(
    [name] => dolnovam@mail.ru
    [phone] => 89419862842
    [formname] => Обратная связь
)

------------------------

------------------------
01.04.2026 13:00:52
CallbackFormEmailModal
Array
(
    [name] => olegzaluri@mail.ru
    [phone] => 81915798295
    [formname] => Обратная связь
)

------------------------

------------------------
01.04.2026 16:34:15
CallbackFormEmailModal
Array
(
    [name] => zekisuquc419@gmail.com
    [phone] => 85615274356
    [formname] => Обратная связь
)

------------------------

------------------------
01.04.2026 18:07:58
CallbackFormEmailModal
Array
(
    [name] => tacusol-6816@mail.ru
    [phone] => 87724297874
    [formname] => Обратная связь
)

------------------------

------------------------
01.04.2026 18:40:18
CallbackFormEmailModal
Array
(
    [name] => prosavmobi1981@mail.ru
    [phone] => 83483177843
    [formname] => Обратная связь
)

------------------------

------------------------
01.04.2026 19:47:19
CallbackFormEmailModal
Array
(
    [name] => prohor.zlobin.14.11.1987@mail.ru
    [phone] => 82283248256
    [formname] => Обратная связь
)

------------------------

------------------------
01.04.2026 21:19:24
CallbackFormEmailModal
Array
(
    [name] => mrfffthu@gmail.com
    [phone] => 86148311863
    [formname] => Обратная связь
)

------------------------

------------------------
01.04.2026 21:34:53
CallbackFormEmailModal
Array
(
    [name] => alximikkobra9@emailn.de
    [phone] => 82316269277
    [formname] => Обратная связь
)

------------------------
