
------------------------
19.12.2023 0:00:48
CallbackFormEmailModal
Array
(
    [name] => lucido.leinteract@gmail.com
    [phone] => 82793918686
    [formname] => Обратная связь
)

------------------------

------------------------
19.12.2023 5:46:59
CallbackFormEmailModal
Array
(
    [name] => cyzxptmds@georonbuzztal.online
    [phone] => 85475855484
    [formname] => Обратная связь
)

------------------------

------------------------
19.12.2023 7:50:30
CallbackFormEmailModal
Array
(
    [name] => 4546@gmail.com
    [phone] => 85777784956
    [formname] => Обратная связь
)

------------------------

------------------------
19.12.2023 7:55:32
CallbackFormEmailModal
Array
(
    [name] => 2454464@gmail.com
    [phone] => 86918944457
    [formname] => Обратная связь
)

------------------------

------------------------
19.12.2023 9:50:52
CallbackFormEmailModal
Array
(
    [name] => korhova-vs@yandex.ru
    [phone] => 86395959168
    [formname] => Обратная связь
)

------------------------

------------------------
19.12.2023 12:03:45
CallbackFormEmailModal
Array
(
    [name] => giulio.castriota@gmail.com
    [phone] => 81813359142
    [formname] => Обратная связь
)

------------------------

------------------------
19.12.2023 12:19:53
CallbackFormEmailModal
Array
(
    [name] => mamedov.edgar.1992.3.3@inbox.ru
    [phone] => 82911553697
    [formname] => Обратная связь
)

------------------------

------------------------
19.12.2023 12:22:53
CallbackFormEmailModal
Array
(
    [name] => osipova.liliia.1986.22.12@inbox.ru
    [phone] => 89771632362
    [formname] => Обратная связь
)

------------------------

------------------------
19.12.2023 12:53:13
CallbackFormEmailModal
Array
(
    [name] => woodbpurne1983@mail.ru
    [phone] => 86613789921
    [formname] => Обратная связь
)

------------------------

------------------------
19.12.2023 13:46:58
CallbackFormEmailModal
Array
(
    [name] => froeach12@rezka.wtf
    [phone] => 89442679914
    [formname] => Обратная связь
)

------------------------

------------------------
19.12.2023 15:31:49
CallbackFormEmailModal
Array
(
    [name] => arny@fastsell.me
    [phone] => 89595121188
    [formname] => Обратная связь
)

------------------------

------------------------
19.12.2023 17:44:55
CallbackFormEmailModal
Array
(
    [name] => andrw.mirf@mail.ru
    [phone] => 89359453853
    [formname] => Обратная связь
)

------------------------

------------------------
19.12.2023 18:19:10
CallbackFormEmailModal
Array
(
    [name] => tommy@pop67.site
    [phone] => 82649359641
    [formname] => Обратная связь
)

------------------------

------------------------
19.12.2023 23:09:15
CallbackFormEmailModal
Array
(
    [name] => spbetcas083@gmail.com
    [phone] => 89558428727
    [formname] => Обратная связь
)

------------------------
