
------------------------
03.10.2023 11:14:52
CallbackFormEmailModal
Array
(
    [name] => 4ox3ngv63tt2lll@rambler.ru
    [phone] => 89192616758
    [formname] => Обратная связь
)

------------------------

------------------------
03.10.2023 15:44:15
CallbackFormEmailModal
Array
(
    [name] => froeach12@rezka.wtf
    [phone] => 88786813634
    [formname] => Обратная связь
)

------------------------

------------------------
03.10.2023 16:26:48
CallbackFormEmailModal
Array
(
    [name] => mikeBraivami@gmail.com
    [phone] => 87884384361
    [formname] => Обратная связь
)

------------------------

------------------------
03.10.2023 17:33:56
CallbackFormEmailModal
Array
(
    [name] => allenrolando358@yahoo.com
    [phone] => allenrolando358@yahoo.com
    [formname] => Обратная связь
)

------------------------

------------------------
03.10.2023 17:34:10
CallbackFormEmailModal
Array
(
    [name] => allenrolando358@yahoo.com
    [phone] => allenrolando358@yahoo.com
    [formname] => Обратная связь
)

------------------------

------------------------
03.10.2023 17:35:17
CallbackFormEmailModal
Array
(
    [name] => allenrolando358@yahoo.com
    [phone] => allenrolando358@yahoo.com
    [formname] => Обратная связь
)

------------------------

------------------------
03.10.2023 17:35:23
CallbackFormEmailModal
Array
(
    [name] => allenrolando358@yahoo.com
    [phone] => allenrolando358@yahoo.com
    [formname] => Обратная связь
)

------------------------

------------------------
03.10.2023 17:36:41
CallbackFormEmailModal
Array
(
    [name] => allenrolando358@yahoo.com
    [phone] => allenrolando358@yahoo.com
    [formname] => Обратная связь
)

------------------------

------------------------
03.10.2023 17:36:48
CallbackFormEmailModal
Array
(
    [name] => allenrolando358@yahoo.com
    [phone] => allenrolando358@yahoo.com
    [formname] => Обратная связь
)

------------------------

------------------------
03.10.2023 17:39:00
CallbackFormEmailModal
Array
(
    [name] => allenrolando358@yahoo.com
    [phone] => allenrolando358@yahoo.com
    [formname] => Обратная связь
)

------------------------

------------------------
03.10.2023 17:39:06
CallbackFormEmailModal
Array
(
    [name] => allenrolando358@yahoo.com
    [phone] => allenrolando358@yahoo.com
    [formname] => Обратная связь
)

------------------------

------------------------
03.10.2023 17:40:03
CallbackFormEmailModal
Array
(
    [name] => allenrolando358@yahoo.com
    [phone] => allenrolando358@yahoo.com
    [formname] => Обратная связь
)

------------------------

------------------------
03.10.2023 17:40:09
CallbackFormEmailModal
Array
(
    [name] => allenrolando358@yahoo.com
    [phone] => allenrolando358@yahoo.com
    [formname] => Обратная связь
)

------------------------

------------------------
03.10.2023 17:41:09
CallbackFormEmailModal
Array
(
    [name] => allenrolando358@yahoo.com
    [phone] => allenrolando358@yahoo.com
    [formname] => Обратная связь
)

------------------------

------------------------
03.10.2023 17:41:21
CallbackFormEmailModal
Array
(
    [name] => allenrolando358@yahoo.com
    [phone] => allenrolando358@yahoo.com
    [formname] => Обратная связь
)

------------------------

------------------------
03.10.2023 17:42:35
CallbackFormEmailModal
Array
(
    [name] => allenrolando358@yahoo.com
    [phone] => allenrolando358@yahoo.com
    [formname] => Обратная связь
)

------------------------

------------------------
03.10.2023 17:42:51
CallbackFormEmailModal
Array
(
    [name] => allenrolando358@yahoo.com
    [phone] => allenrolando358@yahoo.com
    [formname] => Обратная связь
)

------------------------

------------------------
03.10.2023 18:33:18
CallbackFormEmailModal
Array
(
    [name] => callvisvetlana@list.ru
    [phone] => 87562718193
    [formname] => Обратная связь
)

------------------------

------------------------
03.10.2023 19:23:31
CallbackFormEmailModal
Array
(
    [name] => ausderde@knitt.pl
    [phone] => 86898483463
    [formname] => Обратная связь
)

------------------------

------------------------
03.10.2023 19:24:35
CallbackFormEmailModal
Array
(
    [name] => b57c121gvgiqmx9@rambler.ru
    [phone] => 84598542634
    [formname] => Обратная связь
)

------------------------

------------------------
03.10.2023 20:52:21
CallbackFormEmailModal
Array
(
    [name] => 7wj6tr3wvnijh75@rambler.ru
    [phone] => 89896367394
    [formname] => Обратная связь
)

------------------------
