
------------------------
03.05.2025 2:34:26
CallbackFormEmailModal
Array
(
    [name] => xiceruxuk02@gmail.com
    [phone] => 89625121327
    [formname] => Обратная связь
)

------------------------

------------------------
03.05.2025 3:13:36
CallbackFormEmailModal
Array
(
    [name] => rbysofiung@rambler.ru
    [phone] => +71231234567
    [formname] => Обратная связь
)

------------------------

------------------------
03.05.2025 3:23:06
CallbackFormEmailModal
Array
(
    [name] => test@gmail.com
    [phone] => 89938324257
    [formname] => Обратная связь
)

------------------------

------------------------
03.05.2025 3:56:23
CallbackFormEmailModal
Array
(
    [name] => ilia3naglebo7va@yandex.kz
    [phone] => 87134913265
    [formname] => Обратная связь
)

------------------------

------------------------
03.05.2025 9:25:15
CallbackFormEmailModal
Array
(
    [name] => hippopotamus1912@gmail.com
    [phone] => 84475661374
    [formname] => Обратная связь
)

------------------------

------------------------
03.05.2025 9:30:57
CallbackFormEmailModal
Array
(
    [name] => mdma-moscov@russia-cocaine.online
    [phone] => 89324412923
    [formname] => Обратная связь
)

------------------------

------------------------
03.05.2025 12:42:58
CallbackFormEmailModal
Array
(
    [name] => toypropadsandwesvi@mail.ru
    [phone] => 82689569568
    [formname] => Обратная связь
)

------------------------

------------------------
03.05.2025 13:35:10
CallbackFormEmailModal
Array
(
    [name] => sileterde1976@mail.ru
    [phone] => 81492991534
    [formname] => Обратная связь
)

------------------------

------------------------
03.05.2025 14:19:28
CallbackFormEmailModal
Array
(
    [name] => chofitensatomar@mail.ru
    [phone] => 83916423764
    [formname] => Обратная связь
)

------------------------

------------------------
03.05.2025 14:23:29
CallbackFormEmailModal
Array
(
    [name] => winsatall4ever@gmail.com
    [phone] => 87125972952
    [formname] => Обратная связь
)

------------------------

------------------------
03.05.2025 15:19:35
CallbackFormEmailModal
Array
(
    [name] => deacren@mail.ru
    [phone] => 87968333279
    [formname] => Обратная связь
)

------------------------

------------------------
03.05.2025 16:18:35
CallbackFormEmailModal
Array
(
    [name] => peraecredad1976@mail.ru
    [phone] => 89381445892
    [formname] => Обратная связь
)

------------------------

------------------------
03.05.2025 16:38:22
CallbackFormEmailModal
Array
(
    [name] => kharalampiimartyshkin@mail.ru
    [phone] => 85268576671
    [formname] => Обратная связь
)

------------------------

------------------------
03.05.2025 18:32:40
CallbackFormEmailModal
Array
(
    [name] => margarita.stolyarova.26.05.1995@mail.ru
    [phone] => 87494699781
    [formname] => Обратная связь
)

------------------------

------------------------
03.05.2025 19:17:30
CallbackFormEmailModal
Array
(
    [name] => mlonanlout1985@mail.ru
    [phone] => 83532262136
    [formname] => Обратная связь
)

------------------------

------------------------
03.05.2025 22:57:00
CallbackFormEmailModal
Array
(
    [name] => andrey.don.x@gmail.com
    [phone] => 88545384255
    [formname] => Обратная связь
)

------------------------
