
------------------------
29.03.2023 3:32:55
CallbackFormEmailModal
Array
(
    [name] => kit7denis@bk.ru
    [phone] => 89728297825
    [formname] => Обратная связь
)

------------------------

------------------------
29.03.2023 3:42:05
CallbackFormEmailModal
Array
(
    [name] => sigitszorin@yandex.ru
    [phone] => 85885887675
    [formname] => Обратная связь
)

------------------------

------------------------
29.03.2023 6:06:09
CallbackFormEmailModal
Array
(
    [name] => vqjhobrt@mail.ru
    [phone] => +791234567127
    [formname] => Обратная связь
)

------------------------

------------------------
29.03.2023 9:25:27
CallbackFormEmailModal
Array
(
    [name] => mailbangerx@gmx.com
    [phone] => 89352541655
    [formname] => Обратная связь
)

------------------------

------------------------
29.03.2023 16:11:46
CallbackFormEmailModal
Array
(
    [name] => garrykas@alexhost.site
    [phone] => 85226744194
    [formname] => Обратная связь
)

------------------------

------------------------
29.03.2023 16:31:31
CallbackFormEmailModal
Array
(
    [name] => ofabpakupromkr@gmx.com
    [phone] => 82771389466
    [formname] => Обратная связь
)

------------------------

------------------------
29.03.2023 19:05:01
CallbackFormEmailModal
Array
(
    [name] => iona991@rambler.ru
    [phone] => 83315726354
    [formname] => Обратная связь
)

------------------------

------------------------
29.03.2023 19:47:19
CallbackFormEmailModal
Array
(
    [name] => admin@48481.orgl8ewgdjhb
    [phone] => 88426159495
    [formname] => Обратная связь
)

------------------------

------------------------
29.03.2023 23:09:31
CallbackFormEmailModal
Array
(
    [name] => werso04240iu@rambler.ru
    [phone] => 87648894282
    [formname] => Обратная связь
)

------------------------
