
------------------------
30.08.2022 2:27:31
CallbackFormEmailModal
Array
(
    [name] => extishbes@beaumail.xyz
    [phone] => 85875776972
    [formname] => Обратная связь
)

------------------------

------------------------
30.08.2022 3:51:49
CallbackFormEmailModal
Array
(
    [name] => DionViody@benjaminmail.xyz
    [phone] => 81147523885
    [formname] => Обратная связь
)

------------------------

------------------------
30.08.2022 11:07:35
CallbackEmailModal
Array
(
    [name] => ulcella@barrymail.xyz
    [phone] => 86278288338
    [comment] => Название продуката: Трап Mini Wm 200 с горизонтальным отводом DN50
Комменатрий: Secure Bentyl With Free Shipping Us No Doctors Consult <a href=http://iverstromectol.com/>ivermectin for humans online</a> Que Es Cialis Cialis
    [formname] => Задать вопрос по товару
)

------------------------

------------------------
30.08.2022 14:20:37
Order
Array
(
    [name] => Федорова Ирина Анатольевна
    [email] => drsu-7@mail.ru
    [phone] => +7-910-522-2422
    [comment] => Прессованный  настил P 33х11/30х2 Zn 1000х500 мм, кол-во: 1, цена: 4220руб.
Способ доставки: Доставка автотранспортом поставщика
Выберите способ оплаты: Оплата наличным
Адрес доставки: г.Калуга, ул. Ленина, д. 46 кв. 60

Комментарий к заказу: 

    [formname] => Заказ из корзины
    [fields] => Array
        (
            [price] => 4220
        )

)

------------------------

------------------------
30.08.2022 17:43:38
Order
Array
(
    [name] => Лазаревич
    [email] => d.lazarevich@nwsys.ru
    [phone] => +7-916-260-2696
    [comment] => Сварной  настил SP 34х38/30х2 Zn 1000х1000 мм, кол-во: 1, цена: 3850руб.
Способ доставки: Доставка автотранспортом поставщика
Выберите способ оплаты: Оплата на расчетный счет организации
Адрес доставки: Подушкинское шоссе,13

Комментарий к заказу: 
ООО «НВ СИСТЕМС»
196066, г. Санкт-Петербург, пр-кт Московский, д. 212, литера А, пом. 1,2  офис 3053, вход 135Н
ОГРН 1207800051821
ИНН 7841088782
КПП 781001001
Р/с 40702810432340002465
В Филиал «САНКТ-ПЕТЕРБУРГСКИЙ» АО «АЛЬФА-БАНК», г. Санкт-Петербург
К/с 30101810600000000786
БИК 044030786
E-mail: info@nwsys.ru 

    [formname] => Заказ из корзины
    [fields] => Array
        (
            [price] => 30800
        )

)

------------------------

------------------------
30.08.2022 18:58:02
CallbackFormEmailModal
Array
(
    [name] => no-replysuinuts@gmail.com
    [phone] => 82343183723
    [formname] => Обратная связь
)

------------------------

------------------------
30.08.2022 23:50:15
CallbackFormEmailModal
Array
(
    [name] => endorport@newonlinemail.xyz
    [phone] => 88853863841
    [formname] => Обратная связь
)

------------------------
