
------------------------
08.09.2021 6:30:30
CallbackFormEmailModal
Array
(
    [name] => larionov-ivan76854@mail.ru
    [phone] => +71231234567
    [formname] => Обратная связь
)

------------------------

------------------------
08.09.2021 11:18:45
CallbackFormEmailModal
Array
(
    [name] => glukhina.1998@mail.ru
    [phone] => 88168838362
    [formname] => Обратная связь
)

------------------------

------------------------
08.09.2021 22:44:37
CallbackFormEmailModal
Array
(
    [name] => sclick8101@bk.ru
    [phone] => 79969787063
    [formname] => Обратная связь
)

------------------------
