
------------------------
08.06.2021 7:57:14
CallbackFormEmailModal
Array
(
    [name] => sveta_ushakova_972@mail.ru
    [phone] => 87597594399
    [formname] => Обратная связь
)

------------------------

------------------------
08.06.2021 12:07:14
CallbackFormEmailModal
Array
(
    [name] => ant_golovin@bky.ru
    [phone] => 71175560299
    [formname] => Обратная связь
)

------------------------

------------------------
08.06.2021 21:01:29
CallbackFormEmailModal
Array
(
    [name] => dljjxf@saldov.club
    [phone] => 84651776921
    [formname] => Обратная связь
)

------------------------
