
------------------------
11.04.2025 3:25:32
CallbackFormEmailModal
Array
(
    [name] => aferinohis056@gmail.com
    [phone] => 82424349736
    [formname] => Обратная связь
)

------------------------

------------------------
11.04.2025 3:56:42
CallbackFormEmailModal
Array
(
    [name] => kimvilson06@gmail.com
    [phone] => 87272599769
    [formname] => Обратная связь
)

------------------------

------------------------
11.04.2025 4:58:27
CallbackFormEmailModal
Array
(
    [name] => ve74105v@1mailcache.com
    [phone] => 89326118113
    [formname] => Обратная связь
)

------------------------

------------------------
11.04.2025 8:47:29
CallbackFormEmailModal
Array
(
    [name] => jadoo-carouthers@schuetz72.hexagonaldrawings.com 
    [phone] => 88661143646
    [formname] => Обратная связь
)

------------------------

------------------------
11.04.2025 9:30:52
CallbackFormEmailModal
Array
(
    [name] => swKip@gmail.com
    [phone] => 82176952885
    [formname] => Обратная связь
)

------------------------

------------------------
11.04.2025 9:32:47
CallbackFormEmailModal
Array
(
    [name] => zekisuquc419@gmail.com
    [phone] => 87661623693
    [formname] => Обратная связь
)

------------------------

------------------------
11.04.2025 9:45:46
CallbackFormEmailModal
Array
(
    [name] => zekisuquc419@gmail.com
    [phone] => 88623423245
    [formname] => Обратная связь
)

------------------------

------------------------
11.04.2025 13:56:19
CallbackFormEmailModal
Array
(
    [name] => willieLausa@mail.ru
    [phone] => 85118645347
    [formname] => Обратная связь
)

------------------------

------------------------
11.04.2025 14:46:17
CallbackFormEmailModal
Array
(
    [name] => 2000millenniumm@gmail.com
    [phone] => 82329226319
    [formname] => Обратная связь
)

------------------------

------------------------
11.04.2025 15:03:33
CallbackFormEmailModal
Array
(
    [name] => yerko.lyuda@mail.ru
    [phone] => 88965977298
    [formname] => Обратная связь
)

------------------------

------------------------
11.04.2025 15:04:32
CallbackFormEmailModal
Array
(
    [name] => rerkgeemong98@mail.ru
    [phone] => 81141575784
    [formname] => Обратная связь
)

------------------------

------------------------
11.04.2025 15:05:37
CallbackFormEmailModal
Array
(
    [name] => ponomaryov.borya.1983@bk.ru
    [phone] => 81841593822
    [formname] => Обратная связь
)

------------------------

------------------------
11.04.2025 15:05:37
CallbackFormEmailModal
Array
(
    [name] => kozlovvarlen19782037@mail.ru
    [phone] => 85816668498
    [formname] => Обратная связь
)

------------------------

------------------------
11.04.2025 15:05:41
CallbackFormEmailModal
Array
(
    [name] => vegaa@zelcafe.ru
    [phone] => 87781312627
    [formname] => Обратная связь
)

------------------------

------------------------
11.04.2025 18:21:50
CallbackFormEmailModal
Array
(
    [name] => wemofoomacfensta@mail.ru
    [phone] => 87889672135
    [formname] => Обратная связь
)

------------------------

------------------------
11.04.2025 19:03:41
CallbackFormEmailModal
Array
(
    [name] => dolnovam@mail.ru
    [phone] => 83274741135
    [formname] => Обратная связь
)

------------------------

------------------------
11.04.2025 19:33:35
CallbackFormEmailModal
Array
(
    [name] => dolnovam@mail.ru
    [phone] => 83244739376
    [formname] => Обратная связь
)

------------------------

------------------------
11.04.2025 20:08:08
CallbackFormEmailModal
Array
(
    [name] => eliseevfrank9041@list.ru
    [phone] => 86859521216
    [formname] => Обратная связь
)

------------------------

------------------------
11.04.2025 20:27:47
CallbackFormEmailModal
Array
(
    [name] => Envicebive@hotmail.com
    [phone] => 82354921918
    [formname] => Обратная связь
)

------------------------
