
------------------------
27.05.2021 3:25:35
CallbackFormEmailModal
Array
(
    [name] => see-email-in-message@monkeydigital.co
    [phone] => 83656775895
    [formname] => Обратная связь
)

------------------------

------------------------
27.05.2021 12:41:47
Order
Array
(
    [name] => Олег Владимирович Беляков
    [email] => boim98@yandex.ru
    [phone] => +7-903-664-5758
    [comment] => Лестничная ступень SР 34х38/30х2 Zn 600х240 мм, кол-во: 1, цена: 1100руб.
Способ доставки: Самовывоз со склада
Выберите способ оплаты: Оплата наличным

Комментарий к заказу: 

    [formname] => Заказ из корзины
    [fields] => Array
        (
            [price] => 6600
        )

)

------------------------

------------------------
27.05.2021 13:18:23
CallbackFormEmailModal
Array
(
    [name] => тест Ройстат
    [phone] => +7(963)789-44-56
    [formname] => Обратная связь
)

------------------------

------------------------
27.05.2021 15:00:19
CallbackFormEmailModal
Array
(
    [name] => тест рой
    [phone] => +7(963)123-45-68
    [formname] => Обратная связь
)

------------------------

------------------------
27.05.2021 15:07:30
Order
Array
(
    [name] => тест ройстат stromsteel
    [email] => test@w.ghj
    [phone] => +7-999-111-2233
    [comment] => Щелевой канал MAXI S70 2мм, кол-во: 1, цена: 6950руб.
Способ доставки: Самовывоз со склада
Выберите способ оплаты: Оплата наличным

Комментарий к заказу: 
тест
    [formname] => Заказ из корзины
    [fields] => Array
        (
            [price] => 6950
        )

)

------------------------

------------------------
27.05.2021 16:05:04
CallbackFormEmailModal
Array
(
    [name] => irina.epnatitic1976.1997@mail.ru
    [phone] => 83821747167
    [formname] => Обратная связь
)

------------------------

------------------------
27.05.2021 16:09:17
CallbackFormEmailModal
Array
(
    [name] => gromova_mariia-197344@mail.ru
    [phone] => +71231234567
    [formname] => Обратная связь
)

------------------------
