
------------------------
17.07.2025 4:52:36
CallbackFormEmailModal
Array
(
    [name] => info@strictlydigital.net
    [phone] => 82229462334
    [formname] => Обратная связь
)

------------------------

------------------------
17.07.2025 5:51:04
CallbackFormEmailModal
Array
(
    [name] => parmazanov@gmail.com
    [phone] => 86739481578
    [formname] => Обратная связь
)

------------------------

------------------------
17.07.2025 8:44:48
CallbackFormEmailModal
Array
(
    [name] => gunlekingovertcon@mail.ru
    [phone] => 84635814528
    [formname] => Обратная связь
)

------------------------

------------------------
17.07.2025 9:20:46
CallbackFormEmailModal
Array
(
    [name] => ffd089djkd@gmail.com
    [phone] => 82556259118
    [formname] => Обратная связь
)

------------------------

------------------------
17.07.2025 9:29:41
CallbackFormEmailModal
Array
(
    [name] => akindinkudryashov6842@mail.ru
    [phone] => 86652245327
    [formname] => Обратная связь
)

------------------------

------------------------
17.07.2025 10:07:51
CallbackFormEmailModal
Array
(
    [name] => karina_platonova_31068@mail.ru
    [phone] => 84168296133
    [formname] => Обратная связь
)

------------------------

------------------------
17.07.2025 10:43:39
CallbackFormEmailModal
Array
(
    [name] => irinademenkova86@gmail.com
    [phone] => 88535841538
    [formname] => Обратная связь
)

------------------------

------------------------
17.07.2025 10:56:59
CallbackFormEmailModal
Array
(
    [name] => mlonanlout1985@mail.ru
    [phone] => 81487437687
    [formname] => Обратная связь
)

------------------------

------------------------
17.07.2025 11:15:53
CallbackFormEmailModal
Array
(
    [name] => dfgejjrle@gmail.com
    [phone] => 81831852895
    [formname] => Обратная связь
)

------------------------

------------------------
17.07.2025 11:26:33
CallbackFormEmailModal
Array
(
    [name] => yourmail@gmail.com
    [phone] => 88849768865
    [formname] => Обратная связь
)

------------------------

------------------------
17.07.2025 12:12:41
CallbackFormEmailModal
Array
(
    [name] => dinanikolskaya99@gmail.com
    [phone] => 83628831398
    [formname] => Обратная связь
)

------------------------

------------------------
17.07.2025 14:04:21
CallbackFormEmailModal
Array
(
    [name] => marina.bespalova.01.11.1978@mail.ru
    [phone] => 82537132168
    [formname] => Обратная связь
)

------------------------

------------------------
17.07.2025 16:02:00
CallbackFormEmailModal
Array
(
    [name] => admin@progonx.fun
    [phone] => 84131873192
    [formname] => Обратная связь
)

------------------------

------------------------
17.07.2025 19:19:02
CallbackFormEmailModal
Array
(
    [name] => margarita.stolyarova.26.05.1995@mail.ru
    [phone] => 85383957165
    [formname] => Обратная связь
)

------------------------

------------------------
17.07.2025 19:30:59
CallbackFormEmailModal
Array
(
    [name] => combontsegal37@mail.ru
    [phone] => 89469861313
    [formname] => Обратная связь
)

------------------------

------------------------
17.07.2025 19:34:19
CallbackFormEmailModal
Array
(
    [name] => margarita.stolyarova.26.05.1995@mail.ru
    [phone] => 87678565279
    [formname] => Обратная связь
)

------------------------

------------------------
17.07.2025 19:36:22
CallbackFormEmailModal
Array
(
    [name] => yulya.onipchenko.88@mail.ru
    [phone] => 86925763877
    [formname] => Обратная связь
)

------------------------

------------------------
17.07.2025 20:11:24
CallbackFormEmailModal
Array
(
    [name] => subbotinalenara88@mail.ru
    [phone] => 82197322611
    [formname] => Обратная связь
)

------------------------

------------------------
17.07.2025 20:13:24
CallbackFormEmailModal
Array
(
    [name] => yulya.onipchenko.88@mail.ru
    [phone] => 86359347136
    [formname] => Обратная связь
)

------------------------

------------------------
17.07.2025 20:59:16
CallbackFormEmailModal
Array
(
    [name] => mikhail.kholudenev.93@mail.ru
    [phone] => 83923145184
    [formname] => Обратная связь
)

------------------------

------------------------
17.07.2025 21:52:45
CallbackFormEmailModal
Array
(
    [name] => laisumake186@mail.ru
    [phone] => 81937834187
    [formname] => Обратная связь
)

------------------------

------------------------
17.07.2025 22:10:07
CallbackFormEmailModal
Array
(
    [name] => gsdsdfasdasd@gmail.com
    [phone] => 89881395679
    [formname] => Обратная связь
)

------------------------

------------------------
17.07.2025 22:18:18
CallbackFormEmailModal
Array
(
    [name] => casffyvfy@gmail.com
    [phone] => 85975338462
    [formname] => Обратная связь
)

------------------------

------------------------
17.07.2025 22:18:41
CallbackFormEmailModal
Array
(
    [name] => grgterfyvfy@gmail.com
    [phone] => 83243361193
    [formname] => Обратная связь
)

------------------------
