
------------------------
03.09.2023 5:46:41
CallbackFormEmailModal
Array
(
    [name] => tomppatoivo@gmail.com
    [phone] => 87971132973
    [formname] => Обратная связь
)

------------------------

------------------------
03.09.2023 6:15:04
CallbackFormEmailModal
Array
(
    [name] => vqjhobrt@mail.ru
    [phone] => +791234567797
    [formname] => Обратная связь
)

------------------------

------------------------
03.09.2023 15:04:50
CallbackFormEmailModal
Array
(
    [name] => werso057000iu@rambler.ru
    [phone] => 83589567526
    [formname] => Обратная связь
)

------------------------

------------------------
03.09.2023 17:37:49
Order
Array
(
    [name] => Хачатрян Гайк Хачатури
    [email] => ayk75@mail.ru
    [phone] => +7-933-000-7770
    [comment] => Лестничная ступень SР 34х38/30х2 Zn 800х240 мм, кол-во: 1, цена: 1480руб.
Способ доставки: Доставка автотранспортом поставщика
Выберите способ оплаты: Оплата наличным
Адрес доставки: г Москва, поселение Первомайское, тер. ДНП Творчество уч 60

Комментарий к заказу: 
У нас нет квартира это Коттедж
    [formname] => Заказ из корзины
    [fields] => Array
        (
            [price] => 14800
        )

)

------------------------

------------------------
03.09.2023 19:34:20
CallbackFormEmailModal
Array
(
    [name] => info@hifinance.ru
    [phone] => +74951425663
    [formname] => Обратная связь
)

------------------------

------------------------
03.09.2023 23:16:07
CallbackFormEmailModal
Array
(
    [name] => 79932430371@bk.ru
    [phone] => 79932430371
    [formname] => Обратная связь
)

------------------------
