
------------------------
24.09.2024 0:39:13
CallbackFormEmailModal
Array
(
    [name] => carl87moorezht@hotmail.com
    [phone] => 82838444218
    [formname] => Обратная связь
)

------------------------

------------------------
24.09.2024 5:21:51
CallbackFormEmailModal
Array
(
    [name] => 5noks@melssa.com
    [phone] => 83336877659
    [formname] => Обратная связь
)

------------------------

------------------------
24.09.2024 6:01:00
CallbackFormEmailModal
Array
(
    [name] => kayleighbpsteamship@gmail.com
    [phone] => 84466616788
    [formname] => Обратная связь
)

------------------------

------------------------
24.09.2024 8:52:40
CallbackFormEmailModal
Array
(
    [name] => no-replyxxx@gmail.com
    [phone] => 86674688834
    [formname] => Обратная связь
)

------------------------

------------------------
24.09.2024 10:56:16
CallbackFormEmailModal
Array
(
    [name] => vljames8904@yandex.com
    [phone] => 81151991916
    [formname] => Обратная связь
)

------------------------

------------------------
24.09.2024 15:43:11
CallbackFormEmailModal
Array
(
    [name] => giolocerli1978@op.pl
    [phone] => 82659124217
    [formname] => Обратная связь
)

------------------------

------------------------
24.09.2024 17:42:44
CallbackFormEmailModal
Array
(
    [name] => doftaisembmic1988@op.pl
    [phone] => 89168837247
    [formname] => Обратная связь
)

------------------------

------------------------
24.09.2024 18:09:24
CallbackFormEmailModal
Array
(
    [name] => inthrobgammu1976@op.pl
    [phone] => 89463551535
    [formname] => Обратная связь
)

------------------------

------------------------
24.09.2024 19:00:34
CallbackFormEmailModal
Array
(
    [name] => bruce2@ie.ernsys.com
    [phone] => 89526381937
    [formname] => Обратная связь
)

------------------------

------------------------
24.09.2024 19:52:42
CallbackFormEmailModal
Array
(
    [name] => wzjhfwtknel@rudiplomust.com
    [phone] => 88596928167
    [formname] => Обратная связь
)

------------------------

------------------------
24.09.2024 20:05:23
CallbackFormEmailModal
Array
(
    [name] => 1q0nbg4km@mozmail.com
    [phone] => 85211814159
    [formname] => Обратная связь
)

------------------------

------------------------
24.09.2024 20:18:48
CallbackFormEmailModal
Array
(
    [name] => xfnddfgwqel@rudiplomust.com
    [phone] => 86169357376
    [formname] => Обратная связь
)

------------------------

------------------------
24.09.2024 20:47:41
CallbackFormEmailModal
Array
(
    [name] => werso067350iu@rambler.ru
    [phone] => 84933869229
    [formname] => Обратная связь
)

------------------------

------------------------
24.09.2024 21:09:47
CallbackFormEmailModal
Array
(
    [name] => outpywawolf1972@op.pl
    [phone] => 86621928899
    [formname] => Обратная связь
)

------------------------

------------------------
24.09.2024 22:05:44
CallbackFormEmailModal
Array
(
    [name] => misacdochar1973@op.pl
    [phone] => 84425519678
    [formname] => Обратная связь
)

------------------------

------------------------
24.09.2024 22:55:02
CallbackFormEmailModal
Array
(
    [name] => stoporcusjohn1971@op.pl
    [phone] => 81435795654
    [formname] => Обратная связь
)

------------------------

------------------------
24.09.2024 23:19:23
CallbackFormEmailModal
Array
(
    [name] => ageniphswal1979@outlook.com
    [phone] => 86145743828
    [formname] => Обратная связь
)

------------------------
