
------------------------
26.06.2023 2:43:11
CallbackFormEmailModal
Array
(
    [name] => Eric Jones
    [phone] => 555-555-1212
    [formname] => Обратная связь
)

------------------------

------------------------
26.06.2023 5:09:50
Order
Array
(
    [name] => Кузнецов Евгений Владимирович
    [email] => ek6151815@gmail.com
    [phone] => +7-910-345-4866
    [comment] => Лестничная ступень SР 34х38/30х2 Zn 600х240 мм, кол-во: 1, цена: 1100руб.
Способ доставки: Доставка автотранспортом поставщика
Выберите способ оплаты: Оплата наличным
Адрес доставки: С. Ольгинка Туапсинского р на. Ул Солнечная д 2

Комментарий к заказу: 

    [formname] => Заказ из корзины
    [fields] => Array
        (
            [price] => 4400
        )

)

------------------------

------------------------
26.06.2023 5:44:51
CallbackFormEmailModal
Array
(
    [name] => callvisvetlana@list.ru
    [phone] => 81525531376
    [formname] => Обратная связь
)

------------------------

------------------------
26.06.2023 6:05:06
CallbackFormEmailModal
Array
(
    [name] => fdsfhdsjkfhdjskfjdsfnjkerfjkdsbf34h5u435y43uiry87efcys@gmail.com
    [phone] => 85643114985
    [formname] => Обратная связь
)

------------------------

------------------------
26.06.2023 6:42:47
CallbackFormEmailModal
Array
(
    [name] => vqjhobrt@mail.ru
    [phone] => +791234567371
    [formname] => Обратная связь
)

------------------------

------------------------
26.06.2023 9:36:55
CallbackFormEmailModal
Array
(
    [name] => no-replysuinuts@gmail.com
    [phone] => 86991136532
    [formname] => Обратная связь
)

------------------------

------------------------
26.06.2023 16:59:09
CallbackFormEmailModal
Array
(
    [name] => info@pornodrom.ru
    [phone] => 89244113273
    [formname] => Обратная связь
)

------------------------

------------------------
26.06.2023 17:55:39
CallbackFormEmailModal
Array
(
    [name] => vhr1jp@course-fitness.com
    [phone] => 81829133933
    [formname] => Обратная связь
)

------------------------

------------------------
26.06.2023 17:55:41
CallbackFormEmailModal
Array
(
    [name] => dnwpt@course-fitness.com
    [phone] => 82665492522
    [formname] => Обратная связь
)

------------------------

------------------------
26.06.2023 21:36:29
CallbackFormEmailModal
Array
(
    [name] => support@egyvps.com
    [phone] => 88784285985
    [formname] => Обратная связь
)

------------------------
