
------------------------
02.11.2023 1:31:00
CallbackFormEmailModal
Array
(
    [name] => gugloff.444@gmail.com
    [phone] => 88196567411
    [formname] => Обратная связь
)

------------------------

------------------------
02.11.2023 3:32:08
CallbackFormEmailModal
Array
(
    [name] => barcelona@espana.gold
    [phone] => 86576981729
    [formname] => Обратная связь
)

------------------------

------------------------
02.11.2023 4:43:50
CallbackFormEmailModal
Array
(
    [name] => septon36giannixi@gmail.com
    [phone] => 83539116135
    [formname] => Обратная связь
)

------------------------

------------------------
02.11.2023 6:16:09
Order
Array
(
    [name] => Дмитрий
    [email] => Blod79@mail.ru
    [phone] => +7-905-784-2945
    [comment] => Сварной  настил SPСварной решетчатый настил SP 34х38/30х2 Zn 500х1000 мм, кол-во: 1, цена: 2650руб.
Способ доставки: Самовывоз со склада
Выберите способ оплаты: Оплата наличным

Комментарий к заказу: 

    [formname] => Заказ из корзины
    [fields] => Array
        (
            [price] => 2650
        )

)

------------------------

------------------------
02.11.2023 10:00:16
CallbackFormEmailModal
Array
(
    [name] => no.reply.KnutDupont@gmail.com
    [phone] => 84785833352
    [formname] => Обратная связь
)

------------------------

------------------------
02.11.2023 11:24:15
CallbackFormEmailModal
Array
(
    [name] => vhr1jp@course-fitness.com
    [phone] => 86923765217
    [formname] => Обратная связь
)

------------------------

------------------------
02.11.2023 11:34:22
Order
Array
(
    [name] => Николай
    [email] => tatasantexmontag@mail.ru
    [phone] => +7-965-626-9880
    [comment] => Промышленный ТРАП W300 с вертикальным отводом DN160, кол-во: 1, цена: 17000руб.
Ревизия/прочистка Rw300 с выпуском DN160, кол-во: 1, цена: 6650руб.
Промышленный ТРАП W400 с вертикальным отводом DN200, кол-во: 1, цена: 27000руб.
Ревизия/прочистка Rw500 с выпуском DN 300, кол-во: 1, цена: 21100руб.
Способ доставки: Доставка автотранспортом поставщика
Выберите способ оплаты: Оплата на расчетный счет организации
Адрес доставки: набережные челны Челны

Комментарий к заказу: 
Добрый день! Вышлите счет укажите срок поставки
    [formname] => Заказ из корзины
    [fields] => Array
        (
            [price] => 901150
        )

)

------------------------

------------------------
02.11.2023 16:32:02
CallbackFormEmailModal
Array
(
    [name] => barcelona@espana.gold
    [phone] => 89937566332
    [formname] => Обратная связь
)

------------------------

------------------------
02.11.2023 16:39:58
CallbackFormEmailModal
Array
(
    [name] => 1pageen@google.com
    [phone] => 87897152673
    [formname] => Обратная связь
)

------------------------

------------------------
02.11.2023 16:46:57
CallbackFormEmailModal
Array
(
    [name] => lenagazprom@gmail.com
    [phone] => 86326678142
    [formname] => Обратная связь
)

------------------------

------------------------
02.11.2023 20:17:22
CallbackFormEmailModal
Array
(
    [name] => lolerex241@ovout.com
    [phone] => 83125186245
    [formname] => Обратная связь
)

------------------------

------------------------
02.11.2023 21:58:01
CallbackFormEmailModal
Array
(
    [name] => mikeBraivami@gmail.com
    [phone] => 85676219937
    [formname] => Обратная связь
)

------------------------
