
------------------------
28.01.2025 0:15:13
CallbackFormEmailModal
Array
(
    [name] => gtvdtiuvyel@rudiplomust.com
    [phone] => 88622163135
    [formname] => Обратная связь
)

------------------------

------------------------
28.01.2025 0:33:16
CallbackFormEmailModal
Array
(
    [name] => qgzaqjrbvKt@rudiplomust.com
    [phone] => 86653544762
    [formname] => Обратная связь
)

------------------------

------------------------
28.01.2025 1:31:46
CallbackFormEmailModal
Array
(
    [name] => chdibvmflel@rudiplomust.com
    [phone] => 89337687869
    [formname] => Обратная связь
)

------------------------

------------------------
28.01.2025 3:37:23
CallbackFormEmailModal
Array
(
    [name] => osipova.liliia.1986.22.12@inbox.ru
    [phone] => 86784669391
    [formname] => Обратная связь
)

------------------------

------------------------
28.01.2025 5:00:26
CallbackFormEmailModal
Array
(
    [name] => debernardm@gmail.com
    [phone] => 86333259421
    [formname] => Обратная связь
)

------------------------

------------------------
28.01.2025 7:04:39
CallbackFormEmailModal
Array
(
    [name] => cdealwabmecon1981@op.pl
    [phone] => 89866394241
    [formname] => Обратная связь
)

------------------------

------------------------
28.01.2025 12:33:36
CallbackFormEmailModal
Array
(
    [name] => michaelLycle@mail.ru
    [phone] => 85476418916
    [formname] => Обратная связь
)

------------------------

------------------------
28.01.2025 13:31:17
CallbackFormEmailModal
Array
(
    [name] => wffwwrzbuel@rudiplomust.com
    [phone] => 83913897589
    [formname] => Обратная связь
)

------------------------

------------------------
28.01.2025 14:56:07
CallbackFormEmailModal
Array
(
    [name] => xgzbsuatiel@rudiplomust.com
    [phone] => 83835223529
    [formname] => Обратная связь
)

------------------------

------------------------
28.01.2025 15:01:14
CallbackFormEmailModal
Array
(
    [name] => yyiourmail@gmail.com
    [phone] => 86593791367
    [formname] => Обратная связь
)

------------------------

------------------------
28.01.2025 15:15:25
CallbackFormEmailModal
Array
(
    [name] => wdoenlyroel@rudiplomust.com
    [phone] => 86749743452
    [formname] => Обратная связь
)

------------------------

------------------------
28.01.2025 15:43:56
CallbackFormEmailModal
Array
(
    [name] => ukffghbkael@rudiplomust.com
    [phone] => 88639499344
    [formname] => Обратная связь
)

------------------------

------------------------
28.01.2025 15:53:51
CallbackFormEmailModal
Array
(
    [name] => jxkfay@goshop1888.shop
    [phone] => 84517126279
    [formname] => Обратная связь
)

------------------------

------------------------
28.01.2025 16:10:05
CallbackFormEmailModal
Array
(
    [name] => ivkgsjzytel@rudiplomust.com
    [phone] => 84199642444
    [formname] => Обратная связь
)

------------------------

------------------------
28.01.2025 17:42:46
CallbackFormEmailModal
Array
(
    [name] => biglion999999@gmail.com
    [phone] => 86838335128
    [formname] => Обратная связь
)

------------------------

------------------------
28.01.2025 20:32:26
CallbackFormEmailModal
Array
(
    [name] => xrumerfox@gmail.com
    [phone] => 81184422929
    [formname] => Обратная связь
)

------------------------

------------------------
28.01.2025 22:05:19
CallbackFormEmailModal
Array
(
    [name] => scendandpar@gismail.online

    [phone] => 85986942342
    [formname] => Обратная связь
)

------------------------

------------------------
28.01.2025 22:14:31
CallbackFormEmailModal
Array
(
    [name] => poskingkato1986@op.pl
    [phone] => 85131264279
    [formname] => Обратная связь
)

------------------------

------------------------
28.01.2025 22:33:54
CallbackFormEmailModal
Array
(
    [name] => markting@bbcworldnewstoday.com
    [phone] => 89765759848
    [formname] => Обратная связь
)

------------------------
