
------------------------
27.07.2025 0:02:41
CallbackFormEmailModal
Array
(
    [name] => fgrggfg@gmail.ru
    [phone] => 87368647812
    [formname] => Обратная связь
)

------------------------

------------------------
27.07.2025 1:49:04
CallbackFormEmailModal
Array
(
    [name] => ujvafyvfy@gmail.com
    [phone] => 82296792882
    [formname] => Обратная связь
)

------------------------

------------------------
27.07.2025 1:50:52
CallbackFormEmailModal
Array
(
    [name] => edscqweqwx@gmail.com
    [phone] => 82229277472
    [formname] => Обратная связь
)

------------------------

------------------------
27.07.2025 3:05:28
CallbackFormEmailModal
Array
(
    [name] => rio@coldwater.fun
    [phone] => 83112614496
    [formname] => Обратная связь
)

------------------------

------------------------
27.07.2025 3:13:33
CallbackFormEmailModal
Array
(
    [name] => pterapon@web.de
    [phone] => 87438945831
    [formname] => Обратная связь
)

------------------------

------------------------
27.07.2025 5:13:56
CallbackFormEmailModal
Array
(
    [name] => dorofeyavinogradova199056@mail.ru
    [phone] => 83588681937
    [formname] => Обратная связь
)

------------------------

------------------------
27.07.2025 5:14:06
CallbackFormEmailModal
Array
(
    [name] => eliseevfrank9041@list.ru
    [phone] => 88864927548
    [formname] => Обратная связь
)

------------------------

------------------------
27.07.2025 5:14:39
CallbackFormEmailModal
Array
(
    [name] => yaroslav.sevastyanov.1988@mail.ru
    [phone] => 85156685646
    [formname] => Обратная связь
)

------------------------

------------------------
27.07.2025 5:14:41
CallbackFormEmailModal
Array
(
    [name] => ogale89@mail.ru
    [phone] => 87929828224
    [formname] => Обратная связь
)

------------------------

------------------------
27.07.2025 5:20:12
CallbackFormEmailModal
Array
(
    [name] => zuyev-vadik@bk.ru
    [phone] => 83169592146
    [formname] => Обратная связь
)

------------------------

------------------------
27.07.2025 6:05:57
CallbackFormEmailModal
Array
(
    [name] => kina3axjglime@bk.ru
    [phone] => 81287737455
    [formname] => Обратная связь
)

------------------------

------------------------
27.07.2025 6:19:02
CallbackFormEmailModal
Array
(
    [name] => filatovlenian4023@mail.ru
    [phone] => 84854589962
    [formname] => Обратная связь
)

------------------------

------------------------
27.07.2025 6:31:31
CallbackFormEmailModal
Array
(
    [name] => al.zvantsev@yandex.ru
    [phone] => 86935419837
    [formname] => Обратная связь
)

------------------------

------------------------
27.07.2025 6:33:12
CallbackFormEmailModal
Array
(
    [name] => tipanasotemthia@mail.ru
    [phone] => 89615594275
    [formname] => Обратная связь
)

------------------------

------------------------
27.07.2025 6:36:28
CallbackFormEmailModal
Array
(
    [name] => dionisij.grigorev.92@mail.ru
    [phone] => 89652278878
    [formname] => Обратная связь
)

------------------------

------------------------
27.07.2025 6:53:16
CallbackFormEmailModal
Array
(
    [name] => halcheni1990@mail.ru
    [phone] => 84737761516
    [formname] => Обратная связь
)

------------------------

------------------------
27.07.2025 7:01:49
CallbackFormEmailModal
Array
(
    [name] => ovnterbefjuden6138@mail.ru
    [phone] => 88875929189
    [formname] => Обратная связь
)

------------------------

------------------------
27.07.2025 7:30:41
CallbackFormEmailModal
Array
(
    [name] => ponomaryov.borya.1983@bk.ru
    [phone] => 82315179646
    [formname] => Обратная связь
)

------------------------

------------------------
27.07.2025 7:31:59
CallbackFormEmailModal
Array
(
    [name] => tacusol-6816@mail.ru
    [phone] => 86296292633
    [formname] => Обратная связь
)

------------------------

------------------------
27.07.2025 7:43:22
CallbackFormEmailModal
Array
(
    [name] => gunlekingovertcon@mail.ru
    [phone] => 86643347882
    [formname] => Обратная связь
)

------------------------

------------------------
27.07.2025 7:46:56
CallbackFormEmailModal
Array
(
    [name] => dsagfgfretghrewg063@gmail.com
    [phone] => 86264241377
    [formname] => Обратная связь
)

------------------------

------------------------
27.07.2025 8:10:18
CallbackFormEmailModal
Array
(
    [name] => inna.kortneva.69@mail.ru
    [phone] => 86646676657
    [formname] => Обратная связь
)

------------------------

------------------------
27.07.2025 9:34:11
CallbackFormEmailModal
Array
(
    [name] => y.kuvayev@mail.ru
    [phone] => 86339722687
    [formname] => Обратная связь
)

------------------------

------------------------
27.07.2025 9:52:45
CallbackFormEmailModal
Array
(
    [name] => gfdhfgdjuyrkiuytk@gmail.com
    [phone] => 85437199745
    [formname] => Обратная связь
)

------------------------

------------------------
27.07.2025 9:54:13
CallbackFormEmailModal
Array
(
    [name] => rtewgretwhgtryejhytrej9@gmail.com
    [phone] => 84229621438
    [formname] => Обратная связь
)

------------------------

------------------------
27.07.2025 10:11:54
CallbackFormEmailModal
Array
(
    [name] => fdgsgrewgewregwerhewr@gmail.com
    [phone] => 82436241943
    [formname] => Обратная связь
)

------------------------

------------------------
27.07.2025 10:28:39
CallbackFormEmailModal
Array
(
    [name] => gfdsgreswgrewghwh@gmail.com
    [phone] => 81715714454
    [formname] => Обратная связь
)

------------------------

------------------------
27.07.2025 12:38:28
CallbackFormEmailModal
Array
(
    [name] => sinevhabibi664@bk.ru
    [phone] => 87621249382
    [formname] => Обратная связь
)

------------------------

------------------------
27.07.2025 12:47:46
CallbackFormEmailModal
Array
(
    [name] => polyakovdanila19908366@mail.ru
    [phone] => 88499666939
    [formname] => Обратная связь
)

------------------------

------------------------
27.07.2025 12:56:59
CallbackFormEmailModal
Array
(
    [name] => arturgorz2o3@bk.ru
    [phone] => 83112322296
    [formname] => Обратная связь
)

------------------------

------------------------
27.07.2025 13:03:14
CallbackFormEmailModal
Array
(
    [name] => kskoxim@inbox.ru
    [phone] => 88499447379
    [formname] => Обратная связь
)

------------------------

------------------------
27.07.2025 13:10:53
CallbackFormEmailModal
Array
(
    [name] => eprovbelwha@mail.ru
    [phone] => 81121984725
    [formname] => Обратная связь
)

------------------------

------------------------
27.07.2025 13:26:05
CallbackFormEmailModal
Array
(
    [name] => dionisij.grigorev.92@mail.ru
    [phone] => 86994691346
    [formname] => Обратная связь
)

------------------------

------------------------
27.07.2025 13:28:20
CallbackFormEmailModal
Array
(
    [name] => yaroslav.sevastyanov.1988@mail.ru
    [phone] => 86899794183
    [formname] => Обратная связь
)

------------------------

------------------------
27.07.2025 13:34:07
CallbackFormEmailModal
Array
(
    [name] => dorofeyavinogradova199056@mail.ru
    [phone] => 85391581774
    [formname] => Обратная связь
)

------------------------

------------------------
27.07.2025 13:50:36
CallbackFormEmailModal
Array
(
    [name] => yandexmarkets@anonmails.de
    [phone] => 87845171733
    [formname] => Обратная связь
)

------------------------

------------------------
27.07.2025 13:57:35
CallbackFormEmailModal
Array
(
    [name] => southpark@lumexmail.shop
    [phone] => 85786188853
    [formname] => Обратная связь
)

------------------------

------------------------
27.07.2025 13:59:54
CallbackFormEmailModal
Array
(
    [name] => osipova.liliia.1986.22.12@inbox.ru
    [phone] => 89723794476
    [formname] => Обратная связь
)

------------------------

------------------------
27.07.2025 17:36:59
CallbackFormEmailModal
Array
(
    [name] => dinanikolskaya99@gmail.com
    [phone] => 84869174256
    [formname] => Обратная связь
)

------------------------

------------------------
27.07.2025 18:41:48
CallbackFormEmailModal
Array
(
    [name] => edgorshchepetilnikov@mail.ru
    [phone] => 83826936335
    [formname] => Обратная связь
)

------------------------

------------------------
27.07.2025 18:56:06
CallbackFormEmailModal
Array
(
    [name] => karzhavinvenegard@mail.ru
    [phone] => 86467646131
    [formname] => Обратная связь
)

------------------------

------------------------
27.07.2025 19:01:10
CallbackFormEmailModal
Array
(
    [name] => amabil.6002@mail.ru
    [phone] => 85847471587
    [formname] => Обратная связь
)

------------------------

------------------------
27.07.2025 19:03:09
CallbackFormEmailModal
Array
(
    [name] => combontsegal37@mail.ru
    [phone] => 89373745141
    [formname] => Обратная связь
)

------------------------

------------------------
27.07.2025 19:43:39
CallbackFormEmailModal
Array
(
    [name] => filatovlenian4023@mail.ru
    [phone] => 87983339161
    [formname] => Обратная связь
)

------------------------
