
------------------------
22.08.2023 3:48:28
CallbackFormEmailModal
Array
(
    [name] => megaboommegaboom@yandex.com
    [phone] => 87537578169
    [formname] => Обратная связь
)

------------------------

------------------------
22.08.2023 6:14:09
CallbackFormEmailModal
Array
(
    [name] => h7xqm@course-fitness.com
    [phone] => 84981954588
    [formname] => Обратная связь
)

------------------------

------------------------
22.08.2023 9:13:17
CallbackFormEmailModal
Array
(
    [name] => 15000kzaim@mail.ru
    [phone] => 82599624298
    [formname] => Обратная связь
)

------------------------

------------------------
22.08.2023 10:18:36
CallbackFormEmailModal
Array
(
    [name] => 74kx69gw5jnwynw@rambler.ru
    [phone] => 86163412657
    [formname] => Обратная связь
)

------------------------

------------------------
22.08.2023 11:03:34
CallbackFormEmailModal
Array
(
    [name] => hnbmsvaudEa@bobbor.store
    [phone] => 89758582935
    [formname] => Обратная связь
)

------------------------

------------------------
22.08.2023 12:12:39
CallbackFormEmailModal
Array
(
    [name] => filina@gipro.ru
    [phone] => +7(903)216-42-25
    [formname] => Обратная связь
)

------------------------

------------------------
22.08.2023 16:34:58
CallbackFormEmailModal
Array
(
    [name] => f3pf58jy664v573@rambler.ru
    [phone] => 85849613822
    [formname] => Обратная связь
)

------------------------

------------------------
22.08.2023 18:01:26
CallbackFormEmailModal
Array
(
    [name] => projectdept@kanzalshamsprojectmgt.com
    [phone] => 87462163558
    [formname] => Обратная связь
)

------------------------

------------------------
22.08.2023 18:07:40
CallbackFormEmailModal
Array
(
    [name] => 2x4i66l9an3fo64@rambler.ru
    [phone] => 81239232857
    [formname] => Обратная связь
)

------------------------

------------------------
22.08.2023 20:55:31
CallbackFormEmailModal
Array
(
    [name] => jz552qujipav0qq@rambler.ru
    [phone] => 88464487972
    [formname] => Обратная связь
)

------------------------
