
------------------------
14.12.2021 0:39:15
CallbackFormEmailModal
Array
(
    [name] => nacy1s2@gmail.com
    [phone] => 86234124359
    [formname] => Обратная связь
)

------------------------

------------------------
14.12.2021 2:21:24
CallbackFormEmailModal
Array
(
    [name] => repk3@gmail.com
    [phone] => 84413632917
    [formname] => Обратная связь
)

------------------------

------------------------
14.12.2021 2:59:13
CallbackFormEmailModal
Array
(
    [name] => ladaalexeeva488@gmail.com
    [phone] => ladaalexeeva488@gmail.com
    [formname] => Обратная связь
)

------------------------

------------------------
14.12.2021 2:59:52
CallbackFormEmailModal
Array
(
    [name] => ladaalexeeva488@gmail.com
    [phone] => ladaalexeeva488@gmail.com
    [formname] => Обратная связь
)

------------------------

------------------------
14.12.2021 3:00:09
CallbackFormEmailModal
Array
(
    [name] => ladaalexeeva488@gmail.com
    [phone] => ladaalexeeva488@gmail.com
    [formname] => Обратная связь
)

------------------------

------------------------
14.12.2021 3:00:20
CallbackFormEmailModal
Array
(
    [name] => ladaalexeeva488@gmail.com
    [phone] => ladaalexeeva488@gmail.com
    [formname] => Обратная связь
)

------------------------

------------------------
14.12.2021 3:00:54
CallbackFormEmailModal
Array
(
    [name] => ladaalexeeva488@gmail.com
    [phone] => ladaalexeeva488@gmail.com
    [formname] => Обратная связь
)

------------------------

------------------------
14.12.2021 3:01:01
CallbackFormEmailModal
Array
(
    [name] => ladaalexeeva488@gmail.com
    [phone] => ladaalexeeva488@gmail.com
    [formname] => Обратная связь
)

------------------------

------------------------
14.12.2021 3:01:45
CallbackFormEmailModal
Array
(
    [name] => ladaalexeeva488@gmail.com
    [phone] => ladaalexeeva488@gmail.com
    [formname] => Обратная связь
)

------------------------

------------------------
14.12.2021 3:01:54
CallbackFormEmailModal
Array
(
    [name] => ladaalexeeva488@gmail.com
    [phone] => ladaalexeeva488@gmail.com
    [formname] => Обратная связь
)

------------------------

------------------------
14.12.2021 3:02:07
CallbackFormEmailModal
Array
(
    [name] => ladaalexeeva488@gmail.com
    [phone] => ladaalexeeva488@gmail.com
    [formname] => Обратная связь
)

------------------------

------------------------
14.12.2021 3:02:10
CallbackFormEmailModal
Array
(
    [name] => ladaalexeeva488@gmail.com
    [phone] => ladaalexeeva488@gmail.com
    [formname] => Обратная связь
)

------------------------

------------------------
14.12.2021 4:05:05
CallbackFormEmailModal
Array
(
    [name] => plpl21@gmail.com
    [phone] => 86272949421
    [formname] => Обратная связь
)

------------------------

------------------------
14.12.2021 5:48:28
CallbackFormEmailModal
Array
(
    [name] => sbaglios2@gmail.com
    [phone] => 81842368661
    [formname] => Обратная связь
)

------------------------

------------------------
14.12.2021 7:30:59
CallbackFormEmailModal
Array
(
    [name] => rocade3s@gmail.com
    [phone] => 89925213178
    [formname] => Обратная связь
)

------------------------

------------------------
14.12.2021 9:15:31
CallbackFormEmailModal
Array
(
    [name] => remi1.bisinotto3@gmail.com
    [phone] => 86154192635
    [formname] => Обратная связь
)

------------------------

------------------------
14.12.2021 10:04:26
CallbackFormEmailModal
Array
(
    [name] => louisfosterbranitzsch@gmail.com
    [phone] => 87423797459
    [formname] => Обратная связь
)

------------------------

------------------------
14.12.2021 11:03:57
CallbackFormEmailModal
Array
(
    [name] => leve.juli13@gmail.com
    [phone] => 89383959233
    [formname] => Обратная связь
)

------------------------

------------------------
14.12.2021 12:56:31
CallbackFormEmailModal
Array
(
    [name] => peskove50@gmail.com
    [phone] => 86285924668
    [formname] => Обратная связь
)

------------------------
