
------------------------
13.04.2024 1:54:14
CallbackFormEmailModal
Array
(
    [name] => tnskomsp@yandex.ru
    [phone] => 83353884578
    [formname] => Обратная связь
)

------------------------

------------------------
13.04.2024 4:43:01
CallbackFormEmailModal
Array
(
    [name] => yourmail@gmail.com
    [phone] => 87194148783
    [formname] => Обратная связь
)

------------------------

------------------------
13.04.2024 6:40:46
CallbackFormEmailModal
Array
(
    [name] => autolife56@yandex.by
    [phone] => 84238773396
    [formname] => Обратная связь
)

------------------------

------------------------
13.04.2024 12:27:44
CallbackFormEmailModal
Array
(
    [name] => xkzrtfqpl@hoopsor.online
    [phone] => 81713264855
    [formname] => Обратная связь
)

------------------------

------------------------
13.04.2024 12:57:56
CallbackFormEmailModal
Array
(
    [name] => xrumer23Kip@gmail.com
    [phone] => 87262194435
    [formname] => Обратная связь
)

------------------------

------------------------
13.04.2024 15:05:24
CallbackFormEmailModal
Array
(
    [name] => vinbon010@gmail.com
    [phone] => 83782169713
    [formname] => Обратная связь
)

------------------------

------------------------
13.04.2024 16:04:02
CallbackFormEmailModal
Array
(
    [name] => dftuhilaksnxkrit@onet.pl
    [phone] => 86631884527
    [formname] => Обратная связь
)

------------------------

------------------------
13.04.2024 22:49:15
CallbackFormEmailModal
Array
(
    [name] => bloodreelspime198261@rambler.ru
    [phone] => 82228915982
    [formname] => Обратная связь
)

------------------------
