
------------------------
01.08.2023 1:25:07
CallbackFormEmailModal
Array
(
    [name] => michaelward1978@gmx-mails.com
    [phone] => 83866811246
    [formname] => Обратная связь
)

------------------------

------------------------
01.08.2023 2:10:44
CallbackFormEmailModal
Array
(
    [name] => tnxbj@course-fitness.com
    [phone] => 82695318332
    [formname] => Обратная связь
)

------------------------

------------------------
01.08.2023 2:40:15
CallbackFormEmailModal
Array
(
    [name] => beauworlba@googleis.site

    [phone] => 82159531248
    [formname] => Обратная связь
)

------------------------

------------------------
01.08.2023 3:22:53
CallbackFormEmailModal
Array
(
    [name] => jurasick132@gmail.com
    [phone] => 85211958175
    [formname] => Обратная связь
)

------------------------

------------------------
01.08.2023 5:12:10
CallbackFormEmailModal
Array
(
    [name] => kar.n.e.e.v.ai71.@gmail.com
    [phone] => 87795117217
    [formname] => Обратная связь
)

------------------------

------------------------
01.08.2023 9:03:15
Order
Array
(
    [name] => Евгений Литваренко
    [email] => evgenyl4@mail.ru
    [phone] => +7-906-053-3219
    [comment] => Стандартный канал S170 2мм, кол-во: 1, цена: 4850руб.
Промышленный ТРАП W200 с вертикальным отводом DN110, кол-во: 1, цена: 15750руб.
Способ доставки: Доставка автотранспортом поставщика
Выберите способ оплаты: Оплата на расчетный счет организации
Адрес доставки: Московская область,Чеховский район,д.Люторецкое,владение 4,площадка ТЛК-2

Комментарий к заказу: 
Выставляйте счет и договор с доставкой
    [formname] => Заказ из корзины
    [fields] => Array
        (
            [price] => 356350
        )

)

------------------------

------------------------
01.08.2023 11:11:33
CallbackFormEmailModal
Array
(
    [name] => biaquiskir1983@mail.ru
    [phone] => 83986779948
    [formname] => Обратная связь
)

------------------------

------------------------
01.08.2023 12:23:30
CallbackFormEmailModal
Array
(
    [name] => shopmarketplus@gmail.com
    [phone] => 89294129992
    [formname] => Обратная связь
)

------------------------

------------------------
01.08.2023 14:35:42
CallbackFormEmailModal
Array
(
    [name] => tacusol-6816@mail.ru
    [phone] => 83473781667
    [formname] => Обратная связь
)

------------------------
