
------------------------
28.02.2025 0:41:53
CallbackFormEmailModal
Array
(
    [name] => wpddoufhlel@rudiplomust.com
    [phone] => 87232968896
    [formname] => Обратная связь
)

------------------------

------------------------
28.02.2025 1:27:00
CallbackFormEmailModal
Array
(
    [name] => yfjazeqelel@rudiplomust.com
    [phone] => 86115598421
    [formname] => Обратная связь
)

------------------------

------------------------
28.02.2025 1:44:52
CallbackFormEmailModal
Array
(
    [name] => ymwhmnfieel@rudiplomust.com
    [phone] => 86129855279
    [formname] => Обратная связь
)

------------------------

------------------------
28.02.2025 2:00:09
CallbackFormEmailModal
Array
(
    [name] => xrumer23Kip@gmail.com
    [phone] => 89215146314
    [formname] => Обратная связь
)

------------------------

------------------------
28.02.2025 2:42:24
CallbackFormEmailModal
Array
(
    [name] => xrumer23Kip@gmail.com
    [phone] => 85738365928
    [formname] => Обратная связь
)

------------------------

------------------------
28.02.2025 4:52:38
CallbackFormEmailModal
Array
(
    [name] => flblmnahmel@rudiplomust.com
    [phone] => 84191132577
    [formname] => Обратная связь
)

------------------------

------------------------
28.02.2025 7:30:58
CallbackFormEmailModal
Array
(
    [name] => toypropadsandwesvi@mail.ru
    [phone] => 81317717699
    [formname] => Обратная связь
)

------------------------

------------------------
28.02.2025 7:55:30
CallbackFormEmailModal
Array
(
    [name] => podaiclan_547@mail.ru
    [phone] => 84188159183
    [formname] => Обратная связь
)

------------------------

------------------------
28.02.2025 8:14:29
CallbackFormEmailModal
Array
(
    [name] => peraecredad1976@mail.ru
    [phone] => 83873486895
    [formname] => Обратная связь
)

------------------------

------------------------
28.02.2025 8:23:12
CallbackFormEmailModal
Array
(
    [name] => rerkgeemong98@mail.ru
    [phone] => 81474638418
    [formname] => Обратная связь
)

------------------------

------------------------
28.02.2025 8:49:43
CallbackFormEmailModal
Array
(
    [name] => lsmsmckbpel@rudiplomust.com
    [phone] => 87458943961
    [formname] => Обратная связь
)

------------------------

------------------------
28.02.2025 9:16:10
CallbackFormEmailModal
Array
(
    [name] => famusova291@spoko.pl
    [phone] => 85669218695
    [formname] => Обратная связь
)

------------------------

------------------------
28.02.2025 9:47:54
CallbackFormEmailModal
Array
(
    [name] => dfvwuaigbel@rudiplomust.com
    [phone] => 87726966677
    [formname] => Обратная связь
)

------------------------

------------------------
28.02.2025 9:57:02
CallbackFormEmailModal
Array
(
    [name] => doloresa.grishina@mail.ru
    [phone] => 83599982125
    [formname] => Обратная связь
)

------------------------

------------------------
28.02.2025 9:58:05
CallbackFormEmailModal
Array
(
    [name] => kyutalepya@web.de
    [phone] => 89633978646
    [formname] => Обратная связь
)

------------------------

------------------------
28.02.2025 10:08:02
CallbackFormEmailModal
Array
(
    [name] => eltepfhxrel@rudiplomust.com
    [phone] => 86978128883
    [formname] => Обратная связь
)

------------------------

------------------------
28.02.2025 10:38:34
CallbackFormEmailModal
Array
(
    [name] => gswdlzlvpel@rudiplomust.com
    [phone] => 83582234769
    [formname] => Обратная связь
)

------------------------

------------------------
28.02.2025 10:39:11
CallbackFormEmailModal
Array
(
    [name] => sergowork.ing7.1.8@gmail.com
    [phone] => 84322542822
    [formname] => Обратная связь
)

------------------------

------------------------
28.02.2025 10:53:01
CallbackFormEmailModal
Array
(
    [name] => xyvysema76@onet.pl
    [phone] => 89776598657
    [formname] => Обратная связь
)

------------------------

------------------------
28.02.2025 11:51:08
CallbackFormEmailModal
Array
(
    [name] => barbariska8912@gmail.com
    [phone] => 89818123244
    [formname] => Обратная связь
)

------------------------

------------------------
28.02.2025 13:16:13
CallbackFormEmailModal
Array
(
    [name] => karina_platonova_31068@mail.ru
    [phone] => 88125526332
    [formname] => Обратная связь
)

------------------------

------------------------
28.02.2025 15:51:04
CallbackFormEmailModal
Array
(
    [name] => piarfwkfrel@rudiplomust.com
    [phone] => 88917426239
    [formname] => Обратная связь
)

------------------------

------------------------
28.02.2025 21:41:16
CallbackFormEmailModal
Array
(
    [name] => barbariska8912@gmail.com
    [phone] => 87457782894
    [formname] => Обратная связь
)

------------------------

------------------------
28.02.2025 23:29:33
CallbackFormEmailModal
Array
(
    [name] => vqsmsdqfskmyotet@onet.pl
    [phone] => 88568394957
    [formname] => Обратная связь
)

------------------------
