
------------------------
20.11.2023 0:37:54
CallbackFormEmailModal
Array
(
    [name] => ExhibiA@kmaill.xyz
    [phone] => 84873694757
    [formname] => Обратная связь
)

------------------------

------------------------
20.11.2023 2:09:57
CallbackFormEmailModal
Array
(
    [name] => ywzpsodft@exzilla.ru
    [phone] => 85566165474
    [formname] => Обратная связь
)

------------------------

------------------------
20.11.2023 3:30:19
CallbackFormEmailModal
Array
(
    [name] => hixvufyxx@gordpizza.ru
    [phone] => 86372885646
    [formname] => Обратная связь
)

------------------------

------------------------
20.11.2023 5:29:13
CallbackFormEmailModal
Array
(
    [name] => imrcnpynv@totzilla.ru
    [phone] => 83739913355
    [formname] => Обратная связь
)

------------------------

------------------------
20.11.2023 5:51:48
CallbackFormEmailModal
Array
(
    [name] => aq45aqa@rambler.ru
    [phone] => 81478264397
    [formname] => Обратная связь
)

------------------------

------------------------
20.11.2023 6:25:02
CallbackFormEmailModal
Array
(
    [name] => jisankape@list.ru
    [phone] => 82839436828
    [formname] => Обратная связь
)

------------------------

------------------------
20.11.2023 6:28:26
CallbackFormEmailModal
Array
(
    [name] => nderbersme@bk.ru
    [phone] => 85114744762
    [formname] => Обратная связь
)

------------------------

------------------------
20.11.2023 7:02:32
CallbackFormEmailModal
Array
(
    [name] => pencucon_97@mail.ru
    [phone] => 89228447966
    [formname] => Обратная связь
)

------------------------

------------------------
20.11.2023 8:39:21
CallbackFormEmailModal
Array
(
    [name] => tealokaolk@yandex.kz
    [phone] => 89765985955
    [formname] => Обратная связь
)

------------------------

------------------------
20.11.2023 9:20:21
CallbackFormEmailModal
Array
(
    [name] => callvisvetlana@list.ru
    [phone] => 82819811135
    [formname] => Обратная связь
)

------------------------

------------------------
20.11.2023 12:37:35
CallbackFormEmailModal
Array
(
    [name] => brian44perez51as@rambler.ru
    [phone] => 84223746527
    [formname] => Обратная связь
)

------------------------
