
------------------------
14.01.2025 1:11:42
CallbackFormEmailModal
Array
(
    [name] => vncuknrgael@rudiplomust.com
    [phone] => 88367128967
    [formname] => Обратная связь
)

------------------------

------------------------
14.01.2025 2:54:26
CallbackFormEmailModal
Array
(
    [name] => zandhavone1973@op.pl
    [phone] => 84754371185
    [formname] => Обратная связь
)

------------------------

------------------------
14.01.2025 7:16:17
CallbackFormEmailModal
Array
(
    [name] => shvernik.s@mail.ru
    [phone] => 87737767568
    [formname] => Обратная связь
)

------------------------

------------------------
14.01.2025 7:17:00
CallbackFormEmailModal
Array
(
    [name] => rietraccabun1976@mail.ru
    [phone] => 86512823692
    [formname] => Обратная связь
)

------------------------

------------------------
14.01.2025 7:54:34
CallbackFormEmailModal
Array
(
    [name] => tremundeslay1981@mail.ru
    [phone] => 84134351192
    [formname] => Обратная связь
)

------------------------

------------------------
14.01.2025 9:29:27
CallbackFormEmailModal
Array
(
    [name] => yulya.onipchenko.88@mail.ru
    [phone] => 88313357636
    [formname] => Обратная связь
)

------------------------

------------------------
14.01.2025 9:34:18
CallbackFormEmailModal
Array
(
    [name] => hsbqwgadrSi@rudiplomust.com
    [phone] => 89278844684
    [formname] => Обратная связь
)

------------------------

------------------------
14.01.2025 9:41:17
CallbackFormEmailModal
Array
(
    [name] => tacusol-6816@mail.ru
    [phone] => 84535425437
    [formname] => Обратная связь
)

------------------------

------------------------
14.01.2025 9:42:01
CallbackFormEmailModal
Array
(
    [name] => y.kuvayev@mail.ru
    [phone] => 83879641139
    [formname] => Обратная связь
)

------------------------

------------------------
14.01.2025 9:43:09
CallbackFormEmailModal
Array
(
    [name] => combontsegal37@mail.ru
    [phone] => 84726952515
    [formname] => Обратная связь
)

------------------------

------------------------
14.01.2025 9:46:31
CallbackFormEmailModal
Array
(
    [name] => dolnovam@mail.ru
    [phone] => 83985929912
    [formname] => Обратная связь
)

------------------------

------------------------
14.01.2025 9:54:03
CallbackFormEmailModal
Array
(
    [name] => moiseevatoriya1993@bk.ru
    [phone] => 87229191822
    [formname] => Обратная связь
)

------------------------

------------------------
14.01.2025 9:56:13
CallbackFormEmailModal
Array
(
    [name] => economics@belarus-nau.org

    [phone] => Duhovnuy impotant
 >>> https://is.gd/bhdwf
 <<<
    [formname] => Обратная связь
)

------------------------

------------------------
14.01.2025 10:15:17
CallbackFormEmailModal
Array
(
    [name] => yulya.onipchenko.88@mail.ru
    [phone] => 82855812168
    [formname] => Обратная связь
)

------------------------

------------------------
14.01.2025 10:22:27
CallbackFormEmailModal
Array
(
    [name] => mikhan-zhuravlev-21610@mail.ru
    [phone] => 84453198474
    [formname] => Обратная связь
)

------------------------

------------------------
14.01.2025 10:49:10
CallbackFormEmailModal
Array
(
    [name] => siatimscompma1978@mail.ru
    [phone] => 83239784483
    [formname] => Обратная связь
)

------------------------

------------------------
14.01.2025 10:57:58
CallbackFormEmailModal
Array
(
    [name] => ramiraselezneva19908003@bk.ru
    [phone] => 84624941275
    [formname] => Обратная связь
)

------------------------

------------------------
14.01.2025 11:00:41
CallbackFormEmailModal
Array
(
    [name] => rhotenti-44@mail.ru
    [phone] => 86239862563
    [formname] => Обратная связь
)

------------------------

------------------------
14.01.2025 11:06:14
CallbackFormEmailModal
Array
(
    [name] => bigendrakoli4335@mail.ru
    [phone] => 83247282971
    [formname] => Обратная связь
)

------------------------

------------------------
14.01.2025 13:00:39
CallbackFormEmailModal
Array
(
    [name] => dccwouletel@rudiplomust.com
    [phone] => 89229675929
    [formname] => Обратная связь
)

------------------------

------------------------
14.01.2025 13:27:01
CallbackFormEmailModal
Array
(
    [name] => osipova.liliia.1986.22.12@inbox.ru
    [phone] => 82574391563
    [formname] => Обратная связь
)

------------------------

------------------------
14.01.2025 13:27:42
CallbackFormEmailModal
Array
(
    [name] => shushalev.yulian@mail.ru
    [phone] => 84488534342
    [formname] => Обратная связь
)

------------------------

------------------------
14.01.2025 15:59:41
CallbackFormEmailModal
Array
(
    [name] => ameliahl28meyer@gmx.com
    [phone] => 82576214287
    [formname] => Обратная связь
)

------------------------

------------------------
14.01.2025 16:20:32
CallbackFormEmailModal
Array
(
    [name] => askoffice@tsikhanouskaya.org

    [phone] => Ponarazhauyt urodov
 >>> https://u.to/ahodIQ
 <<<
    [formname] => Обратная связь
)

------------------------

------------------------
14.01.2025 17:51:14
CallbackFormEmailModal
Array
(
    [name] => vincenttaits@mail.ru
    [phone] => 88935513565
    [formname] => Обратная связь
)

------------------------

------------------------
14.01.2025 19:30:22
CallbackFormEmailModal
Array
(
    [name] => jnlwrckzeel@rudiplomust.com
    [phone] => 83121588221
    [formname] => Обратная связь
)

------------------------

------------------------
14.01.2025 20:42:13
CallbackFormEmailModal
Array
(
    [name] => gocxmuidoel@rudiplomust.com
    [phone] => 89657738747
    [formname] => Обратная связь
)

------------------------

------------------------
14.01.2025 20:42:13
CallbackFormEmailModal
Array
(
    [name] => beehbkeyuel@rudiplomust.com
    [phone] => 86517188925
    [formname] => Обратная связь
)

------------------------

------------------------
14.01.2025 21:02:41
CallbackFormEmailModal
Array
(
    [name] => mickeycaf@bk.ru:50xa5mmm4
    [phone] => 87649486712
    [formname] => Обратная связь
)

------------------------

------------------------
14.01.2025 21:25:45
CallbackFormEmailModal
Array
(
    [name] => rrohasplvel@rudiplomust.com
    [phone] => 83451399617
    [formname] => Обратная связь
)

------------------------

------------------------
14.01.2025 21:25:45
CallbackFormEmailModal
Array
(
    [name] => nwyhynjbzka@rudiplomust.com
    [phone] => 88654713535
    [formname] => Обратная связь
)

------------------------

------------------------
14.01.2025 21:26:26
CallbackFormEmailModal
Array
(
    [name] => eauqqwfpcel@rudiplomust.com
    [phone] => 81363712415
    [formname] => Обратная связь
)

------------------------

------------------------
14.01.2025 21:26:27
CallbackFormEmailModal
Array
(
    [name] => gakiwofbcKt@rudiplomust.com
    [phone] => 85477541774
    [formname] => Обратная связь
)

------------------------

------------------------
14.01.2025 21:49:24
CallbackFormEmailModal
Array
(
    [name] => eljbrkzfkel@rudiplomust.com
    [phone] => 83879645491
    [formname] => Обратная связь
)

------------------------
