
------------------------
20.03.2025 0:27:28
CallbackFormEmailModal
Array
(
    [name] => jokst0r69@web.de
    [phone] => 83956882853
    [formname] => Обратная связь
)

------------------------

------------------------
20.03.2025 0:42:37
CallbackFormEmailModal
Array
(
    [name] => bikon777@rambler.ru
    [phone] => 82499263668
    [formname] => Обратная связь
)

------------------------

------------------------
20.03.2025 9:08:49
CallbackFormEmailModal
Array
(
    [name] => 2000millenniumm@gmail.com
    [phone] => 81862517329
    [formname] => Обратная связь
)

------------------------

------------------------
20.03.2025 9:25:27
CallbackFormEmailModal
Array
(
    [name] => ap.erservicesinc@gmail.com
    [phone] => 86593686686
    [formname] => Обратная связь
)

------------------------

------------------------
20.03.2025 10:31:53
CallbackFormEmailModal
Array
(
    [name] => kozlovvarlen19782037@mail.ru
    [phone] => 82366721576
    [formname] => Обратная связь
)

------------------------

------------------------
20.03.2025 10:31:58
CallbackFormEmailModal
Array
(
    [name] => dolnovam@mail.ru
    [phone] => 81589637122
    [formname] => Обратная связь
)

------------------------

------------------------
20.03.2025 10:31:59
CallbackFormEmailModal
Array
(
    [name] => ponomaryov.borya.1983@bk.ru
    [phone] => 84213825813
    [formname] => Обратная связь
)

------------------------

------------------------
20.03.2025 10:35:12
CallbackFormEmailModal
Array
(
    [name] => arturgorz2o3@bk.ru
    [phone] => 83499332839
    [formname] => Обратная связь
)

------------------------

------------------------
20.03.2025 11:35:56
CallbackFormEmailModal
Array
(
    [name] => dqwqwdqwd@zelcafe.ru
    [phone] => 81356886832
    [formname] => Обратная связь
)

------------------------

------------------------
20.03.2025 13:15:43
CallbackFormEmailModal
Array
(
    [name] => mepinfenia@bk.ru
    [phone] => 89925647693
    [formname] => Обратная связь
)

------------------------

------------------------
20.03.2025 13:23:44
CallbackFormEmailModal
Array
(
    [name] => naphtloxua-5550@mail.ru
    [phone] => 85547868597
    [formname] => Обратная связь
)

------------------------

------------------------
20.03.2025 13:25:01
CallbackFormEmailModal
Array
(
    [name] => panova.elena.1992.23.11@bk.ru
    [phone] => 82633356877
    [formname] => Обратная связь
)

------------------------

------------------------
20.03.2025 14:19:49
CallbackFormEmailModal
Array
(
    [name] => saakian.vova.1985.13.9@list.ru
    [phone] => 85916298315
    [formname] => Обратная связь
)

------------------------

------------------------
20.03.2025 14:31:11
CallbackFormEmailModal
Array
(
    [name] => dfsdfsdfsdf@zelcafe.ru
    [phone] => 89737753683
    [formname] => Обратная связь
)

------------------------

------------------------
20.03.2025 15:32:01
CallbackFormEmailModal
Array
(
    [name] => 59keriryd@onet.pl
    [phone] => 89146881694
    [formname] => Обратная связь
)

------------------------

------------------------
20.03.2025 15:36:59
CallbackFormEmailModal
Array
(
    [name] => eugeneAcuseeugeneAcuse@mail.ru
    [phone] => 82261318463
    [formname] => Обратная связь
)

------------------------

------------------------
20.03.2025 15:54:33
CallbackFormEmailModal
Array
(
    [name] => t402ek7p@3way3.com
    [phone] => 82951431828
    [formname] => Обратная связь
)

------------------------

------------------------
20.03.2025 16:40:57
CallbackFormEmailModal
Array
(
    [name] => higbiosepo1986@mail.ru
    [phone] => 81899761559
    [formname] => Обратная связь
)

------------------------

------------------------
20.03.2025 18:23:23
CallbackFormEmailModal
Array
(
    [name] => tisandsala1970@onet.pl
    [phone] => 81591923742
    [formname] => Обратная связь
)

------------------------

------------------------
20.03.2025 19:28:59
CallbackFormEmailModal
Array
(
    [name] => test@gmail.com
    [phone] => 84866922731
    [formname] => Обратная связь
)

------------------------

------------------------
20.03.2025 19:35:22
CallbackFormEmailModal
Array
(
    [name] => zoya.patrusheva.65@mail.ru
    [phone] => 81675112286
    [formname] => Обратная связь
)

------------------------

------------------------
20.03.2025 19:35:30
CallbackFormEmailModal
Array
(
    [name] => dolnovam@mail.ru
    [phone] => 88363982135
    [formname] => Обратная связь
)

------------------------

------------------------
20.03.2025 19:35:56
CallbackFormEmailModal
Array
(
    [name] => osipova.liliia.1986.22.12@inbox.ru
    [phone] => 85456265275
    [formname] => Обратная связь
)

------------------------

------------------------
20.03.2025 19:36:35
CallbackFormEmailModal
Array
(
    [name] => kina3axjglime@bk.ru
    [phone] => 81777449963
    [formname] => Обратная связь
)

------------------------

------------------------
20.03.2025 19:40:31
CallbackFormEmailModal
Array
(
    [name] => inna.kortneva.69@mail.ru
    [phone] => 84242864437
    [formname] => Обратная связь
)

------------------------

------------------------
20.03.2025 19:43:02
CallbackFormEmailModal
Array
(
    [name] => puusamas@gazeta.pl
    [phone] => 87431154198
    [formname] => Обратная связь
)

------------------------

------------------------
20.03.2025 19:45:04
CallbackFormEmailModal
Array
(
    [name] => kharitonovaezi1987@mail.ru
    [phone] => 83391348929
    [formname] => Обратная связь
)

------------------------

------------------------
20.03.2025 19:51:11
CallbackFormEmailModal
Array
(
    [name] => ofeliyasemenova1993@list.ru
    [phone] => 83241395288
    [formname] => Обратная связь
)

------------------------

------------------------
20.03.2025 19:54:38
CallbackFormEmailModal
Array
(
    [name] => tacusol-6816@mail.ru
    [phone] => 82696849492
    [formname] => Обратная связь
)

------------------------

------------------------
20.03.2025 19:54:54
CallbackFormEmailModal
Array
(
    [name] => ovnterbefjuden6138@mail.ru
    [phone] => 83983925841
    [formname] => Обратная связь
)

------------------------

------------------------
20.03.2025 19:58:49
CallbackFormEmailModal
Array
(
    [name] => podaiclan_547@mail.ru
    [phone] => 84654929226
    [formname] => Обратная связь
)

------------------------

------------------------
20.03.2025 19:59:58
CallbackFormEmailModal
Array
(
    [name] => ziminbertold1990@bk.ru
    [phone] => 83916914789
    [formname] => Обратная связь
)

------------------------

------------------------
20.03.2025 21:00:37
CallbackFormEmailModal
Array
(
    [name] => egorbmxik@mail.ru
    [phone] => 85775786388
    [formname] => Обратная связь
)

------------------------

------------------------
20.03.2025 21:02:34
CallbackFormEmailModal
Array
(
    [name] => margarit_ternova1999@mail.ru
    [phone] => 82821352184
    [formname] => Обратная связь
)

------------------------

------------------------
20.03.2025 21:04:29
CallbackFormEmailModal
Array
(
    [name] => test@gmail.com
    [phone] => 84624391619
    [formname] => Обратная связь
)

------------------------

------------------------
20.03.2025 21:06:23
CallbackFormEmailModal
Array
(
    [name] => ela.kubets.94@mail.ru
    [phone] => 83387711581
    [formname] => Обратная связь
)

------------------------

------------------------
20.03.2025 21:06:23
CallbackFormEmailModal
Array
(
    [name] => sevastian.borisov.27.8.1978@mail.ru
    [phone] => 88953559357
    [formname] => Обратная связь
)

------------------------

------------------------
20.03.2025 21:37:41
CallbackFormEmailModal
Array
(
    [name] => laisumake186@mail.ru
    [phone] => 88253763543
    [formname] => Обратная связь
)

------------------------

------------------------
20.03.2025 21:39:11
CallbackFormEmailModal
Array
(
    [name] => mlonanlout1985@mail.ru
    [phone] => 83793617282
    [formname] => Обратная связь
)

------------------------

------------------------
20.03.2025 21:42:56
CallbackFormEmailModal
Array
(
    [name] => dzhavgorat-tashdemirov1981@mail.ru
    [phone] => 83941465286
    [formname] => Обратная связь
)

------------------------

------------------------
20.03.2025 21:44:00
CallbackFormEmailModal
Array
(
    [name] => terjetade1977@mail.ru
    [phone] => 88618542496
    [formname] => Обратная связь
)

------------------------

------------------------
20.03.2025 21:53:15
CallbackFormEmailModal
Array
(
    [name] => mark.moshchenskiy.90@mail.ru
    [phone] => 89242368523
    [formname] => Обратная связь
)

------------------------
