
------------------------
17.05.2023 1:20:32
CallbackFormEmailModal
Array
(
    [name] => k.e.i.t.h.y.2.a.r.t.e.r.b.erryrl@gmail.com
    [phone] => 87523997693
    [formname] => Обратная связь
)

------------------------

------------------------
17.05.2023 7:01:13
CallbackFormEmailModal
Array
(
    [name] => Eric Jones
    [phone] => 555-555-1212
    [formname] => Обратная связь
)

------------------------

------------------------
17.05.2023 12:06:55
CallbackFormEmailModal
Array
(
    [name] => Almeda Whyte
    [phone] => 0474 76 04 41
    [formname] => Обратная связь
)

------------------------

------------------------
17.05.2023 18:07:29
CallbackFormEmailModal
Array
(
    [name] => cpcpcpcpcp@gmail.com
    [phone] => 86266435929
    [formname] => Обратная связь
)

------------------------

------------------------
17.05.2023 21:58:29
CallbackFormEmailModal
Array
(
    [name] => zelatcol@gmail.com
    [phone] => 82449437636
    [formname] => Обратная связь
)

------------------------
