
------------------------
27.09.2023 3:06:31
CallbackFormEmailModal
Array
(
    [name] => 3xkefiuotbmuyoz@rambler.ru
    [phone] => 89438449145
    [formname] => Обратная связь
)

------------------------

------------------------
27.09.2023 3:14:42
CallbackFormEmailModal
Array
(
    [name] => 6ve9m1ero0567an@rambler.ru
    [phone] => 82573996959
    [formname] => Обратная связь
)

------------------------

------------------------
27.09.2023 4:00:58
CallbackFormEmailModal
Array
(
    [name] => wsfg7nrdg39jvqs@rambler.ru
    [phone] => 88738857996
    [formname] => Обратная связь
)

------------------------

------------------------
27.09.2023 8:20:49
CallbackFormEmailModal
Array
(
    [name] => werso057900iu@rambler.ru
    [phone] => 89844144798
    [formname] => Обратная связь
)

------------------------

------------------------
27.09.2023 10:00:50
CallbackFormEmailModal
Array
(
    [name] => werso078500iu@rambler.ru
    [phone] => 87976897398
    [formname] => Обратная связь
)

------------------------

------------------------
27.09.2023 12:11:44
CallbackFormEmailModal
Array
(
    [name] => 5qfrszsogf0va9q@rambler.ru
    [phone] => 84561464647
    [formname] => Обратная связь
)

------------------------

------------------------
27.09.2023 16:41:16
CallbackFormEmailModal
Array
(
    [name] => yourmail@gmail.com
    [phone] => 81315963785
    [formname] => Обратная связь
)

------------------------

------------------------
27.09.2023 20:03:22
CallbackFormEmailModal
Array
(
    [name] => yh7jz@course-fitness.com
    [phone] => 84886165975
    [formname] => Обратная связь
)

------------------------

------------------------
27.09.2023 22:45:58
CallbackFormEmailModal
Array
(
    [name] => werso057000iu@rambler.ru
    [phone] => 85861864927
    [formname] => Обратная связь
)

------------------------
