
------------------------
10.02.2026 2:56:01
CallbackFormEmailModal
Array
(
    [name] => w.ood.f.ordjam.e.so.n4.@gmail.com
    [phone] => 84718977988
    [formname] => Обратная связь
)

------------------------

------------------------
10.02.2026 4:08:25
CallbackFormEmailModal
Array
(
    [name] => iconofstass@yandex.com
    [phone] => 83613219235
    [formname] => Обратная связь
)

------------------------

------------------------
10.02.2026 5:40:48
CallbackFormEmailModal
Array
(
    [name] => dolnovam@mail.ru
    [phone] => 87116513326
    [formname] => Обратная связь
)

------------------------

------------------------
10.02.2026 6:00:35
CallbackFormEmailModal
Array
(
    [name] => dolnovam@mail.ru
    [phone] => 87656872967
    [formname] => Обратная связь
)

------------------------

------------------------
10.02.2026 14:31:06
CallbackFormEmailModal
Array
(
    [name] => werso074400iu@rambler.ru
    [phone] => 88592735654
    [formname] => Обратная связь
)

------------------------
