
------------------------
03.02.2026 3:40:03
CallbackFormEmailModal
Array
(
    [name] => Janet Julian
    [phone] => France
    [formname] => Обратная связь
)

------------------------

------------------------
03.02.2026 11:22:04
CallbackFormEmailModal
Array
(
    [name] => dolnovam@mail.ru
    [phone] => 86479654877
    [formname] => Обратная связь
)

------------------------

------------------------
03.02.2026 12:51:18
CallbackFormEmailModal
Array
(
    [name] => coyomvbs@fringmail.com
    [phone] => 86561143872
    [formname] => Обратная связь
)

------------------------

------------------------
03.02.2026 16:14:48
CallbackFormEmailModal
Array
(
    [name] => unhznbmt@fringmail.com
    [phone] => 88594623762
    [formname] => Обратная связь
)

------------------------
