
------------------------
08.02.2024 2:00:36
CallbackFormEmailModal
Array
(
    [name] => indomitowot@outlook.com
    [phone] => 81575923918
    [formname] => Обратная связь
)

------------------------

------------------------
08.02.2024 2:58:32
CallbackFormEmailModal
Array
(
    [name] => trisssssniti@gmail.com
    [phone] => 85549312515
    [formname] => Обратная связь
)

------------------------

------------------------
08.02.2024 7:06:04
CallbackFormEmailModal
Array
(
    [name] => tnnojhocnztdv1979@onet.pl
    [phone] => 89675495771
    [formname] => Обратная связь
)

------------------------

------------------------
08.02.2024 7:09:11
CallbackFormEmailModal
Array
(
    [name] => yourmail@gmail.com
    [phone] => 89211719686
    [formname] => Обратная связь
)

------------------------

------------------------
08.02.2024 7:20:57
CallbackFormEmailModal
Array
(
    [name] => lucido.leinteract@gmail.com
    [phone] => 89734634278
    [formname] => Обратная связь
)

------------------------

------------------------
08.02.2024 8:19:27
CallbackFormEmailModal
Array
(
    [name] => gbmddftefztvfw2001@onet.pl
    [phone] => 86584283678
    [formname] => Обратная связь
)

------------------------

------------------------
08.02.2024 9:24:54
CallbackFormEmailModal
Array
(
    [name] => inet4747@outlook.com
    [phone] => 85884746673
    [formname] => Обратная связь
)

------------------------

------------------------
08.02.2024 10:42:44
CallbackFormEmailModal
Array
(
    [name] => inet4747@outlook.com
    [phone] => 81278138859
    [formname] => Обратная связь
)

------------------------

------------------------
08.02.2024 10:57:00
CallbackFormEmailModal
Array
(
    [name] => melqonyan00203@gmail.com
    [phone] => 86772956764
    [formname] => Обратная связь
)

------------------------

------------------------
08.02.2024 13:24:56
CallbackFormEmailModal
Array
(
    [name] => alx13jgomes@outlook.com
    [phone] => 88818769691
    [formname] => Обратная связь
)

------------------------

------------------------
08.02.2024 18:45:41
CallbackFormEmailModal
Array
(
    [name] => aserboter@gmail.com
    [phone] => 86512198627
    [formname] => Обратная связь
)

------------------------

------------------------
08.02.2024 21:48:21
CallbackFormEmailModal
Array
(
    [name] => indomitowot@outlook.com
    [phone] => 84249843827
    [formname] => Обратная связь
)

------------------------
