
------------------------
31.10.2022 1:42:30
CallbackFormEmailModal
Array
(
    [name] => biznes0177@outlook.com
    [phone] => 86575768855
    [formname] => Обратная связь
)

------------------------

------------------------
31.10.2022 3:45:53
CallbackFormEmailModal
Array
(
    [name] => l.i.sove.vgenij.196@gmail.com
    [phone] => 82421857125
    [formname] => Обратная связь
)

------------------------

------------------------
31.10.2022 8:30:30
CallbackFormEmailModal
Array
(
    [name] => dibaz44884s@bk.ru
    [phone] => 79858854159
    [formname] => Обратная связь
)

------------------------

------------------------
31.10.2022 12:37:33
CallbackFormEmailModal
Array
(
    [name] => i.n.ga.m93.9@gmail.com
    [phone] => 88726436683
    [formname] => Обратная связь
)

------------------------

------------------------
31.10.2022 15:33:06
CallbackFormEmailModal
Array
(
    [name] => i.ri.n.a.ma.s.l.o.v.i.c.@gmail.com
    [phone] => 84825212925
    [formname] => Обратная связь
)

------------------------

------------------------
31.10.2022 18:55:53
CallbackFormEmailModal
Array
(
    [name] => Weibels@topmailnew.xyz
    [phone] => 84651317578
    [formname] => Обратная связь
)

------------------------

------------------------
31.10.2022 19:01:49
CallbackFormEmailModal
Array
(
    [name] => Stociom@barrymail.xyz
    [phone] => 88965778567
    [formname] => Обратная связь
)

------------------------

------------------------
31.10.2022 22:16:53
CallbackFormEmailModal
Array
(
    [name] => a.n.d.re.jhal.s.t.ov.1.6.@gmail.com
    [phone] => 84971845181
    [formname] => Обратная связь
)

------------------------

------------------------
31.10.2022 23:48:01
CallbackFormEmailModal
Array
(
    [name] => lyuba_agayeva@mail.ru
    [phone] => 86843444287
    [formname] => Обратная связь
)

------------------------
