
------------------------
10.07.2022 9:42:31
CallbackFormEmailModal
Array
(
    [name] => krokatua@hotmail.com
    [phone] => 89033034518
    [formname] => Обратная связь
)

------------------------

------------------------
10.07.2022 14:32:55
CallbackFormEmailModal
Array
(
    [name] => roksana.borisova.70@mail.ru
    [phone] => 82113795966
    [formname] => Обратная связь
)

------------------------

------------------------
10.07.2022 14:36:44
CallbackFormEmailModal
Array
(
    [name] => kseniya_efimova_1988@inbox.ru
    [phone] => 81883724729
    [formname] => Обратная связь
)

------------------------

------------------------
10.07.2022 14:47:40
CallbackFormEmailModal
Array
(
    [name] => markova.katya.2018@bk.ru
    [phone] => 81296614524
    [formname] => Обратная связь
)

------------------------

------------------------
10.07.2022 14:48:13
CallbackFormEmailModal
Array
(
    [name] => artur-abramov-1961@bk.ru
    [phone] => 82249226336
    [formname] => Обратная связь
)

------------------------

------------------------
10.07.2022 15:46:45
CallbackFormEmailModal
Array
(
    [name] => eva.egorova.74@bk.ru
    [phone] => 82657171482
    [formname] => Обратная связь
)

------------------------

------------------------
10.07.2022 16:10:48
CallbackFormEmailModal
Array
(
    [name] => zhora-danilov-1965@inbox.ru
    [phone] => 82744188512
    [formname] => Обратная связь
)

------------------------

------------------------
10.07.2022 16:12:18
CallbackFormEmailModal
Array
(
    [name] => k.smirnova.1966@list.ru
    [phone] => 84918484564
    [formname] => Обратная связь
)

------------------------

------------------------
10.07.2022 16:12:49
CallbackFormEmailModal
Array
(
    [name] => rita_kudryavtseva_1973@inbox.ru
    [phone] => 87687796249
    [formname] => Обратная связь
)

------------------------

------------------------
10.07.2022 16:23:14
CallbackFormEmailModal
Array
(
    [name] => roksana.borisova.70@mail.ru
    [phone] => 87593521283
    [formname] => Обратная связь
)

------------------------

------------------------
10.07.2022 16:23:38
CallbackFormEmailModal
Array
(
    [name] => nataliya.a.1994@mail.ru
    [phone] => 88534264296
    [formname] => Обратная связь
)

------------------------

------------------------
10.07.2022 16:25:31
CallbackFormEmailModal
Array
(
    [name] => ivan.ushakov.1977@bk.ru
    [phone] => 82916641717
    [formname] => Обратная связь
)

------------------------

------------------------
10.07.2022 16:29:14
CallbackFormEmailModal
Array
(
    [name] => kseniya_efimova_1988@inbox.ru
    [phone] => 81865948595
    [formname] => Обратная связь
)

------------------------

------------------------
10.07.2022 16:57:57
CallbackFormEmailModal
Array
(
    [name] => markova.katya.2018@bk.ru
    [phone] => 84742745326
    [formname] => Обратная связь
)

------------------------

------------------------
10.07.2022 17:00:41
CallbackFormEmailModal
Array
(
    [name] => artur-abramov-1961@bk.ru
    [phone] => 87683861387
    [formname] => Обратная связь
)

------------------------

------------------------
10.07.2022 17:45:57
CallbackFormEmailModal
Array
(
    [name] => ilina-anfiska@bk.ru
    [phone] => 85862884226
    [formname] => Обратная связь
)

------------------------

------------------------
10.07.2022 17:54:36
CallbackFormEmailModal
Array
(
    [name] => oksanka.fomina.1983@bk.ru
    [phone] => 84669363678
    [formname] => Обратная связь
)

------------------------

------------------------
10.07.2022 18:46:15
CallbackFormEmailModal
Array
(
    [name] => evgeniyavolkova1962@bk.ru
    [phone] => 82395161123
    [formname] => Обратная связь
)

------------------------

------------------------
10.07.2022 18:52:19
CallbackFormEmailModal
Array
(
    [name] => ksyusha.vorobeva.93@bk.ru
    [phone] => 82915739814
    [formname] => Обратная связь
)

------------------------

------------------------
10.07.2022 19:39:36
CallbackFormEmailModal
Array
(
    [name] => ilina-anfiska@bk.ru
    [phone] => 82296115264
    [formname] => Обратная связь
)

------------------------

------------------------
10.07.2022 19:48:07
CallbackFormEmailModal
Array
(
    [name] => oksanka.fomina.1983@bk.ru
    [phone] => 85896838484
    [formname] => Обратная связь
)

------------------------

------------------------
10.07.2022 20:00:20
CallbackFormEmailModal
Array
(
    [name] => tosha.sidorov.1994@bk.ru
    [phone] => 84849413211
    [formname] => Обратная связь
)

------------------------

------------------------
10.07.2022 20:44:10
CallbackFormEmailModal
Array
(
    [name] => anya.grigoreva.1993@inbox.ru
    [phone] => 82447446916
    [formname] => Обратная связь
)

------------------------

------------------------
10.07.2022 20:52:28
CallbackFormEmailModal
Array
(
    [name] => vasiliy-danilov-1989@list.ru
    [phone] => 84491274931
    [formname] => Обратная связь
)

------------------------

------------------------
10.07.2022 20:59:31
CallbackFormEmailModal
Array
(
    [name] => stepanov-yarik-stepanov-1978-ya@bk.ru
    [phone] => 83311442811
    [formname] => Обратная связь
)

------------------------

------------------------
10.07.2022 21:10:41
CallbackFormEmailModal
Array
(
    [name] => evgeniyavolkova1962@bk.ru
    [phone] => 85245834696
    [formname] => Обратная связь
)

------------------------

------------------------
10.07.2022 21:11:22
CallbackFormEmailModal
Array
(
    [name] => ksyusha.vorobeva.93@bk.ru
    [phone] => 83391816566
    [formname] => Обратная связь
)

------------------------

------------------------
10.07.2022 21:15:00
CallbackFormEmailModal
Array
(
    [name] => arkadiy_nikolaev_1988@inbox.ru
    [phone] => 88736567252
    [formname] => Обратная связь
)

------------------------

------------------------
10.07.2022 21:24:15
CallbackFormEmailModal
Array
(
    [name] => antosha-smirnov-83@inbox.ru
    [phone] => 82126719172
    [formname] => Обратная связь
)

------------------------

------------------------
10.07.2022 21:31:34
CallbackFormEmailModal
Array
(
    [name] => ksyusha.belova.2020@mail.ru
    [phone] => 86795418457
    [formname] => Обратная связь
)

------------------------

------------------------
10.07.2022 21:49:51
CallbackFormEmailModal
Array
(
    [name] => aecwgnjdm@satisfaction-2003.store
    [phone] => 88633446653
    [formname] => Обратная связь
)

------------------------

------------------------
10.07.2022 22:11:48
CallbackFormEmailModal
Array
(
    [name] => viktoriya-sidorova-1973@bk.ru
    [phone] => 87957618142
    [formname] => Обратная связь
)

------------------------

------------------------
10.07.2022 23:13:32
CallbackFormEmailModal
Array
(
    [name] => timurodk@inbox.ru
    [phone] => 87182174349
    [formname] => Обратная связь
)

------------------------

------------------------
10.07.2022 23:19:34
CallbackFormEmailModal
Array
(
    [name] => lena_kolesnikova_1998@inbox.ru
    [phone] => 88181657698
    [formname] => Обратная связь
)

------------------------

------------------------
10.07.2022 23:25:57
CallbackFormEmailModal
Array
(
    [name] => arkadiy_nikolaev_1988@inbox.ru
    [phone] => 89711867893
    [formname] => Обратная связь
)

------------------------

------------------------
10.07.2022 23:35:01
CallbackFormEmailModal
Array
(
    [name] => antosha-smirnov-83@inbox.ru
    [phone] => 85356182469
    [formname] => Обратная связь
)

------------------------
