
------------------------
12.10.2024 0:14:44
CallbackFormEmailModal
Array
(
    [name] => ixutikob077@gmail.com
    [phone] => 85348263648
    [formname] => Обратная связь
)

------------------------

------------------------
12.10.2024 1:04:12
CallbackFormEmailModal
Array
(
    [name] => cwllmkvruel@rudiplomust.com
    [phone] => 87578714516
    [formname] => Обратная связь
)

------------------------

------------------------
12.10.2024 2:26:32
CallbackFormEmailModal
Array
(
    [name] => no-replyAlburnern@gmail.com
    [phone] => 84858748466
    [formname] => Обратная связь
)

------------------------

------------------------
12.10.2024 2:54:35
CallbackFormEmailModal
Array
(
    [name] => rsffnmijrel@rudiplomust.com
    [phone] => 87499954846
    [formname] => Обратная связь
)

------------------------

------------------------
12.10.2024 4:00:30
CallbackFormEmailModal
Array
(
    [name] => egergira1970@op.pl
    [phone] => 81372989987
    [formname] => Обратная связь
)

------------------------

------------------------
12.10.2024 6:31:52
CallbackFormEmailModal
Array
(
    [name] => zrylaclsrel@rudiplomust.com
    [phone] => 87537394892
    [formname] => Обратная связь
)

------------------------

------------------------
12.10.2024 7:56:41
CallbackFormEmailModal
Array
(
    [name] => docenkoartem33@gmail.com
    [phone] => 89667826274
    [formname] => Обратная связь
)

------------------------

------------------------
12.10.2024 13:08:16
CallbackFormEmailModal
Array
(
    [name] => wuellrbbcel@rudiplomust.com
    [phone] => 86569758348
    [formname] => Обратная связь
)

------------------------

------------------------
12.10.2024 19:02:53
CallbackFormEmailModal
Array
(
    [name] => yuxufnujqel@rudiplomust.com
    [phone] => 86481614673
    [formname] => Обратная связь
)

------------------------

------------------------
12.10.2024 19:17:04
CallbackFormEmailModal
Array
(
    [name] => okyjpxdrcel@rudiplomust.com
    [phone] => 87196284763
    [formname] => Обратная связь
)

------------------------

------------------------
12.10.2024 20:32:59
CallbackFormEmailModal
Array
(
    [name] => aq29aqa@rambler.ru
    [phone] => 87839344642
    [formname] => Обратная связь
)

------------------------

------------------------
12.10.2024 22:34:53
CallbackFormEmailModal
Array
(
    [name] => ubzcnxbiv@hoopsor.online
    [phone] => 84746815456
    [formname] => Обратная связь
)

------------------------
