
------------------------
01.07.2023 5:49:35
CallbackFormEmailModal
Array
(
    [name] => anna.sokolova.pr@mail.ru
    [phone] => 71233211231
    [formname] => Обратная связь
)

------------------------

------------------------
01.07.2023 8:34:24
CallbackFormEmailModal
Array
(
    [name] => 2000kzaim@mail.ru
    [phone] => 88153758844
    [formname] => Обратная связь
)

------------------------

------------------------
01.07.2023 10:56:57
CallbackFormEmailModal
Array
(
    [name] => qyds4n9z7a3bx6o@rambler.ru
    [phone] => 82674159145
    [formname] => Обратная связь
)

------------------------

------------------------
01.07.2023 17:59:35
CallbackFormEmailModal
Array
(
    [name] => rxhhnddtbs91f3k@rambler.ru
    [phone] => 81967573918
    [formname] => Обратная связь
)

------------------------

------------------------
01.07.2023 22:03:22
CallbackFormEmailModal
Array
(
    [name] => rjuo5q79hpcrel9@rambler.ru
    [phone] => 84427784864
    [formname] => Обратная связь
)

------------------------
