
------------------------
03.12.2024 1:53:49
CallbackFormEmailModal
Array
(
    [name] => moplyzcwuel@rudiplomust.com
    [phone] => 86625788623
    [formname] => Обратная связь
)

------------------------

------------------------
03.12.2024 3:26:25
CallbackFormEmailModal
Array
(
    [name] => rectphilbcamcue1976@op.pl
    [phone] => 84657229768
    [formname] => Обратная связь
)

------------------------

------------------------
03.12.2024 3:34:24
CallbackFormEmailModal
Array
(
    [name] => jnwoinxccel@rudiplomust.com
    [phone] => 86255631195
    [formname] => Обратная связь
)

------------------------

------------------------
03.12.2024 5:05:07
CallbackFormEmailModal
Array
(
    [name] => jeccfkaipel@rudiplomust.com
    [phone] => 81821462343
    [formname] => Обратная связь
)

------------------------

------------------------
03.12.2024 5:20:43
CallbackFormEmailModal
Array
(
    [name] => mikexxxx@gmail.com
    [phone] => 83739693613
    [formname] => Обратная связь
)

------------------------

------------------------
03.12.2024 8:39:38
CallbackFormEmailModal
Array
(
    [name] => 777@zel.biz
    [phone] => 83697894518
    [formname] => Обратная связь
)

------------------------

------------------------
03.12.2024 8:52:25
CallbackFormEmailModal
Array
(
    [name] => benifitsar@cluster-net.ru
    [phone] => 85658271464
    [formname] => Обратная связь
)

------------------------

------------------------
03.12.2024 9:11:06
CallbackFormEmailModal
Array
(
    [name] => siobrowwoodje1976@mail.ru
    [phone] => 82692215865
    [formname] => Обратная связь
)

------------------------

------------------------
03.12.2024 9:16:38
CallbackFormEmailModal
Array
(
    [name] => progon@progon.fun
    [phone] => 84639436564
    [formname] => Обратная связь
)

------------------------

------------------------
03.12.2024 9:43:20
CallbackFormEmailModal
Array
(
    [name] => qrwwimaexel@rudiplomust.com
    [phone] => 85188464342
    [formname] => Обратная связь
)

------------------------

------------------------
03.12.2024 9:56:42
CallbackFormEmailModal
Array
(
    [name] => quejudcatan1981@mail.ru
    [phone] => 83253753377
    [formname] => Обратная связь
)

------------------------

------------------------
03.12.2024 9:57:37
CallbackFormEmailModal
Array
(
    [name] => higbiosepo1986@mail.ru
    [phone] => 89838453398
    [formname] => Обратная связь
)

------------------------

------------------------
03.12.2024 10:01:41
CallbackFormEmailModal
Array
(
    [name] => ilya.igoshin.85@mail.ru
    [phone] => 81349912658
    [formname] => Обратная связь
)

------------------------

------------------------
03.12.2024 10:04:01
CallbackFormEmailModal
Array
(
    [name] => tipanasotemthia@mail.ru
    [phone] => 86569474951
    [formname] => Обратная связь
)

------------------------

------------------------
03.12.2024 10:13:01
CallbackFormEmailModal
Array
(
    [name] => loginovkornilii953193@mail.ru
    [phone] => 85222475181
    [formname] => Обратная связь
)

------------------------

------------------------
03.12.2024 10:34:38
CallbackFormEmailModal
Array
(
    [name] => apcgbtekqel@rudiplomust.com
    [phone] => 85519448517
    [formname] => Обратная связь
)

------------------------

------------------------
03.12.2024 11:46:20
CallbackFormEmailModal
Array
(
    [name] => knvqtcwa@reevalmail.com
    [phone] => 83386735652
    [formname] => Обратная связь
)

------------------------

------------------------
03.12.2024 12:34:47
CallbackFormEmailModal
Array
(
    [name] => musaev.misha.1982.3.5@list.ru
    [phone] => 82619912683
    [formname] => Обратная связь
)

------------------------

------------------------
03.12.2024 12:45:51
CallbackFormEmailModal
Array
(
    [name] => anya.genger@mail.ru
    [phone] => 89597386155
    [formname] => Обратная связь
)

------------------------

------------------------
03.12.2024 12:45:51
CallbackFormEmailModal
Array
(
    [name] => payransripo1981@mail.ru
    [phone] => 85762489694
    [formname] => Обратная связь
)

------------------------

------------------------
03.12.2024 13:03:35
CallbackFormEmailModal
Array
(
    [name] => filimonov.ivan.1997.4.6@list.ru
    [phone] => 83172453429
    [formname] => Обратная связь
)

------------------------

------------------------
03.12.2024 13:41:08
CallbackFormEmailModal
Array
(
    [name] => enspacelen1972@op.pl
    [phone] => 89673551641
    [formname] => Обратная связь
)

------------------------

------------------------
03.12.2024 13:43:19
CallbackFormEmailModal
Array
(
    [name] => halcheni1990@mail.ru
    [phone] => 88475384567
    [formname] => Обратная связь
)

------------------------

------------------------
03.12.2024 13:46:14
CallbackFormEmailModal
Array
(
    [name] => margarit_ternova1999@mail.ru
    [phone] => 89595526389
    [formname] => Обратная связь
)

------------------------

------------------------
03.12.2024 14:01:08
CallbackFormEmailModal
Array
(
    [name] => mosoce-416@mail.ru
    [phone] => 84228756175
    [formname] => Обратная связь
)

------------------------

------------------------
03.12.2024 14:15:20
CallbackFormEmailModal
Array
(
    [name] => 777@zel.biz
    [phone] => 89423266786
    [formname] => Обратная связь
)

------------------------

------------------------
03.12.2024 14:32:07
CallbackFormEmailModal
Array
(
    [name] => 81@men291.online
    [phone] => 88161788596
    [formname] => Обратная связь
)

------------------------

------------------------
03.12.2024 15:39:22
CallbackFormEmailModal
Array
(
    [name] => acidkwhxnel@rudiplomust.com
    [phone] => 84246354569
    [formname] => Обратная связь
)

------------------------

------------------------
03.12.2024 16:42:39
CallbackFormEmailModal
Array
(
    [name] => raggamenstop@gmail.com
    [phone] => 81654327689
    [formname] => Обратная связь
)

------------------------

------------------------
03.12.2024 17:03:21
CallbackFormEmailModal
Array
(
    [name] => loginovkornilii953193@mail.ru
    [phone] => 81787361241
    [formname] => Обратная связь
)

------------------------

------------------------
03.12.2024 19:59:41
CallbackFormEmailModal
Array
(
    [name] => lisrebowra1989@mail.ru
    [phone] => 81829982866
    [formname] => Обратная связь
)

------------------------

------------------------
03.12.2024 20:01:44
CallbackFormEmailModal
Array
(
    [name] => bigendrakoli4335@mail.ru
    [phone] => 81982169271
    [formname] => Обратная связь
)

------------------------

------------------------
03.12.2024 20:08:55
CallbackFormEmailModal
Array
(
    [name] => myualyuels@mail.ru
    [phone] => 87472846774
    [formname] => Обратная связь
)

------------------------

------------------------
03.12.2024 20:13:42
CallbackFormEmailModal
Array
(
    [name] => saysalruanscilich@mail.ru
    [phone] => 87644933999
    [formname] => Обратная связь
)

------------------------

------------------------
03.12.2024 20:24:07
CallbackFormEmailModal
Array
(
    [name] => orlov.roman.1988.2.11@list.ru
    [phone] => 86496599288
    [formname] => Обратная связь
)

------------------------

------------------------
03.12.2024 20:31:45
CallbackFormEmailModal
Array
(
    [name] => karina_platonova_31068@mail.ru
    [phone] => 84522379296
    [formname] => Обратная связь
)

------------------------

------------------------
03.12.2024 20:36:47
CallbackFormEmailModal
Array
(
    [name] => doloresa.grishina@mail.ru
    [phone] => 82325972374
    [formname] => Обратная связь
)

------------------------

------------------------
03.12.2024 22:04:36
CallbackFormEmailModal
Array
(
    [name] => jisankape@list.ru
    [phone] => 81343452657
    [formname] => Обратная связь
)

------------------------

------------------------
03.12.2024 23:22:54
CallbackFormEmailModal
Array
(
    [name] => bajenseliverstov19883262@list.ru
    [phone] => 82882844293
    [formname] => Обратная связь
)

------------------------

------------------------
03.12.2024 23:32:07
CallbackFormEmailModal
Array
(
    [name] => xrumer23Kip@gmail.com
    [phone] => 86594433186
    [formname] => Обратная связь
)

------------------------
