
------------------------
10.03.2022 1:53:02
CallbackFormEmailModal
Array
(
    [name] => netwojnenet@yandex.ru
    [phone] => 82235176313
    [formname] => Обратная связь
)

------------------------

------------------------
10.03.2022 6:05:05
CallbackFormEmailModal
Array
(
    [name] => bakhrashkandaurov1988861gib+4526@inbox.ru
    [phone] => 88449981979
    [formname] => Обратная связь
)

------------------------

------------------------
10.03.2022 15:06:18
CallbackFormEmailModal
Array
(
    [name] => no-replysuinuts@gmail.com
    [phone] => 89882768526
    [formname] => Обратная связь
)

------------------------

------------------------
10.03.2022 23:28:06
Order
Array
(
    [name] => Сергей Анатольевич Журавлев
    [email] => sergej5@list.ru
    [phone] => +7-925-716-0765
    [comment] => Сварной  настил SP 34х38/30х2 Zn 1000х1000 мм, кол-во: 1, цена: 3850руб.
Способ доставки: Самовывоз со склада
Выберите способ оплаты: Оплата наличным

Комментарий к заказу: 

    [formname] => Заказ из корзины
    [fields] => Array
        (
            [price] => 15400
        )

)

------------------------
