
------------------------
02.05.2024 2:55:56
CallbackFormEmailModal
Array
(
    [name] => kolaga-anzaldua7@bradd97.lumbermilltricks.com 
    [phone] => 83387531969
    [formname] => Обратная связь
)

------------------------

------------------------
02.05.2024 3:53:41
CallbackFormEmailModal
Array
(
    [name] => young-sheldon-online@kino-fan.lol
    [phone] => 88664128124
    [formname] => Обратная связь
)

------------------------

------------------------
02.05.2024 4:32:17
CallbackFormEmailModal
Array
(
    [name] => xaiq6z79@yourmailz.com
    [phone] => 86825763169
    [formname] => Обратная связь
)

------------------------

------------------------
02.05.2024 4:51:41
CallbackFormEmailModal
Array
(
    [name] => kaenquirynicholls@gmail.com
    [phone] => 81696325567
    [formname] => Обратная связь
)

------------------------

------------------------
02.05.2024 9:00:10
CallbackFormEmailModal
Array
(
    [name] => werso033iu@rambler.ru
    [phone] => 86128988789
    [formname] => Обратная связь
)

------------------------

------------------------
02.05.2024 11:09:35
CallbackFormEmailModal
Array
(
    [name] => nonpgehythus198492@rambler.ru
    [phone] => +71231234567
    [formname] => Обратная связь
)

------------------------

------------------------
02.05.2024 13:44:24
CallbackFormEmailModal
Array
(
    [name] => erulcori198412@rambler.ru
    [phone] => +71234567123
    [formname] => Обратная связь
)

------------------------

------------------------
02.05.2024 14:21:19
CallbackFormEmailModal
Array
(
    [name] => 68134400@seo-ul.store
    [phone] => 83323232159
    [formname] => Обратная связь
)

------------------------

------------------------
02.05.2024 15:13:10
CallbackFormEmailModal
Array
(
    [name] => freeinsta@bahiscom.pro
    [phone] => 83118145713
    [formname] => Обратная связь
)

------------------------

------------------------
02.05.2024 15:19:03
CallbackFormEmailModal
Array
(
    [name] => autolife56@yandex.kz
    [phone] => 82742281786
    [formname] => Обратная связь
)

------------------------

------------------------
02.05.2024 15:35:10
CallbackFormEmailModal
Array
(
    [name] => Андрей
    [phone] => +7(615)647-42-40
    [formname] => Обратная связь
)

------------------------

------------------------
02.05.2024 19:58:42
CallbackFormEmailModal
Array
(
    [name] => kkottedzhi@mail.ru
    [phone] => 84149713435
    [formname] => Обратная связь
)

------------------------

------------------------
02.05.2024 20:36:24
CallbackFormEmailModal
Array
(
    [name] => werso03kiu@rambler.ru
    [phone] => 81646263457
    [formname] => Обратная связь
)

------------------------
