
------------------------
16.04.2025 7:27:23
CallbackFormEmailModal
Array
(
    [name] => deimisgreysi@gmail.com
    [phone] => 83651618559
    [formname] => Обратная связь
)

------------------------

------------------------
16.04.2025 8:25:15
CallbackFormEmailModal
Array
(
    [name] => dilbagsandhu333@web.de
    [phone] => 88472518775
    [formname] => Обратная связь
)

------------------------

------------------------
16.04.2025 8:32:46
CallbackFormEmailModal
Array
(
    [name] => placnacidown1989@mail.ru
    [phone] => 82152592814
    [formname] => Обратная связь
)

------------------------

------------------------
16.04.2025 8:35:08
CallbackFormEmailModal
Array
(
    [name] => saysalruanscilich@mail.ru
    [phone] => 84961976474
    [formname] => Обратная связь
)

------------------------

------------------------
16.04.2025 9:21:04
CallbackFormEmailModal
Array
(
    [name] => anya.genger@mail.ru
    [phone] => 83458199261
    [formname] => Обратная связь
)

------------------------

------------------------
16.04.2025 9:26:33
CallbackFormEmailModal
Array
(
    [name] => pavel.sitdikov.88@mail.ru
    [phone] => 83179114632
    [formname] => Обратная связь
)

------------------------

------------------------
16.04.2025 9:28:54
CallbackFormEmailModal
Array
(
    [name] => stapuntril1990@mail.ru
    [phone] => 86662112944
    [formname] => Обратная связь
)

------------------------

------------------------
16.04.2025 9:35:24
CallbackFormEmailModal
Array
(
    [name] => postaa2@rbrmarket.ru
    [phone] => 81217793895
    [formname] => Обратная связь
)

------------------------

------------------------
16.04.2025 9:36:47
CallbackFormEmailModal
Array
(
    [name] => tipanasotemthia@mail.ru
    [phone] => 84282753569
    [formname] => Обратная связь
)

------------------------

------------------------
16.04.2025 10:16:11
CallbackFormEmailModal
Array
(
    [name] => wemofoomacfensta@mail.ru
    [phone] => 87453677588
    [formname] => Обратная связь
)

------------------------

------------------------
16.04.2025 10:34:17
CallbackFormEmailModal
Array
(
    [name] => yulya.onipchenko.88@mail.ru
    [phone] => 81991328321
    [formname] => Обратная связь
)

------------------------

------------------------
16.04.2025 10:34:17
CallbackFormEmailModal
Array
(
    [name] => iqablala1980858@mail.ru
    [phone] => 87965178277
    [formname] => Обратная связь
)

------------------------

------------------------
16.04.2025 10:50:38
CallbackFormEmailModal
Array
(
    [name] => meljohnstone80@gmail.com
    [phone] => 87183423987
    [formname] => Обратная связь
)

------------------------

------------------------
16.04.2025 10:50:48
CallbackFormEmailModal
Array
(
    [name] => ofeliyasemenova1993@list.ru
    [phone] => 87959753573
    [formname] => Обратная связь
)

------------------------

------------------------
16.04.2025 10:59:34
CallbackFormEmailModal
Array
(
    [name] => nefedrogov985783@mail.ru
    [phone] => 82938338774
    [formname] => Обратная связь
)

------------------------

------------------------
16.04.2025 11:40:22
CallbackFormEmailModal
Array
(
    [name] => tacusol-6816@mail.ru
    [phone] => 88641346216
    [formname] => Обратная связь
)

------------------------

------------------------
16.04.2025 11:59:06
CallbackFormEmailModal
Array
(
    [name] => combontsegal37@mail.ru
    [phone] => 83978811982
    [formname] => Обратная связь
)

------------------------

------------------------
16.04.2025 12:15:35
CallbackFormEmailModal
Array
(
    [name] => secberconla1986@mail.ru
    [phone] => 86255245728
    [formname] => Обратная связь
)

------------------------

------------------------
16.04.2025 12:27:28
CallbackFormEmailModal
Array
(
    [name] => aleksejmatveev589@web.de
    [phone] => 81529625769
    [formname] => Обратная связь
)

------------------------

------------------------
16.04.2025 13:05:03
CallbackFormEmailModal
Array
(
    [name] => guerfupe@mail.ru
    [phone] => 85688348117
    [formname] => Обратная связь
)

------------------------

------------------------
16.04.2025 13:35:11
CallbackFormEmailModal
Array
(
    [name] => margarita.stolyarova.26.05.1995@mail.ru
    [phone] => 83814223853
    [formname] => Обратная связь
)

------------------------

------------------------
16.04.2025 13:56:36
CallbackFormEmailModal
Array
(
    [name] => polyakovdanila19908366@mail.ru
    [phone] => 89164721614
    [formname] => Обратная связь
)

------------------------

------------------------
16.04.2025 13:59:03
CallbackFormEmailModal
Array
(
    [name] => zuyev-vadik@bk.ru
    [phone] => 86338392179
    [formname] => Обратная связь
)

------------------------

------------------------
16.04.2025 14:02:06
CallbackFormEmailModal
Array
(
    [name] => juncpecni1980@mail.ru
    [phone] => 88625199919
    [formname] => Обратная связь
)

------------------------

------------------------
16.04.2025 14:06:11
CallbackFormEmailModal
Array
(
    [name] => woodbpurne1983@mail.ru
    [phone] => 85285468968
    [formname] => Обратная связь
)

------------------------

------------------------
16.04.2025 14:06:15
CallbackFormEmailModal
Array
(
    [name] => tacusol-6816@mail.ru
    [phone] => 89986263625
    [formname] => Обратная связь
)

------------------------

------------------------
16.04.2025 14:09:25
CallbackFormEmailModal
Array
(
    [name] => yaroslav.sevastyanov.1988@mail.ru
    [phone] => 86456816272
    [formname] => Обратная связь
)

------------------------

------------------------
16.04.2025 14:09:45
CallbackFormEmailModal
Array
(
    [name] => eliseevfrank9041@list.ru
    [phone] => 89757683324
    [formname] => Обратная связь
)

------------------------

------------------------
16.04.2025 14:12:23
CallbackFormEmailModal
Array
(
    [name] => panova.elena.1992.23.11@bk.ru
    [phone] => 88388218535
    [formname] => Обратная связь
)

------------------------

------------------------
16.04.2025 14:30:50
CallbackFormEmailModal
Array
(
    [name] => john-keus@web.de
    [phone] => 82645985184
    [formname] => Обратная связь
)

------------------------

------------------------
16.04.2025 16:14:21
CallbackFormEmailModal
Array
(
    [name] => danilovavita9@mail.ru
    [phone] => 83338915345
    [formname] => Обратная связь
)

------------------------

------------------------
16.04.2025 16:16:23
CallbackFormEmailModal
Array
(
    [name] => combontsegal37@mail.ru
    [phone] => 83537416742
    [formname] => Обратная связь
)

------------------------

------------------------
16.04.2025 16:17:52
CallbackFormEmailModal
Array
(
    [name] => avgustina.morozova@bk.ru
    [phone] => 88344161257
    [formname] => Обратная связь
)

------------------------

------------------------
16.04.2025 17:00:51
CallbackFormEmailModal
Array
(
    [name] => arinasution623@gmx.net
    [phone] => 83874196487
    [formname] => Обратная связь
)

------------------------

------------------------
16.04.2025 18:52:04
CallbackFormEmailModal
Array
(
    [name] => jisankape@list.ru
    [phone] => 85513251444
    [formname] => Обратная связь
)

------------------------

------------------------
16.04.2025 19:27:36
CallbackFormEmailModal
Array
(
    [name] => nifontmarkov1987@mail.ru
    [phone] => 85718233667
    [formname] => Обратная связь
)

------------------------

------------------------
16.04.2025 19:27:36
CallbackFormEmailModal
Array
(
    [name] => gunlekingovertcon@mail.ru
    [phone] => 87828489447
    [formname] => Обратная связь
)

------------------------

------------------------
16.04.2025 19:52:40
CallbackFormEmailModal
Array
(
    [name] => andrey.don.x@gmail.com
    [phone] => 85598743675
    [formname] => Обратная связь
)

------------------------

------------------------
16.04.2025 20:02:19
CallbackFormEmailModal
Array
(
    [name] => deacren@mail.ru
    [phone] => 85922552825
    [formname] => Обратная связь
)

------------------------

------------------------
16.04.2025 20:11:33
CallbackFormEmailModal
Array
(
    [name] => mosoce-416@mail.ru
    [phone] => 88415334796
    [formname] => Обратная связь
)

------------------------

------------------------
16.04.2025 20:12:49
CallbackFormEmailModal
Array
(
    [name] => balpunarti1976@mail.ru
    [phone] => 87956164681
    [formname] => Обратная связь
)

------------------------

------------------------
16.04.2025 20:26:08
CallbackFormEmailModal
Array
(
    [name] => ponomaryov.borya.1983@bk.ru
    [phone] => 84791437176
    [formname] => Обратная связь
)

------------------------

------------------------
16.04.2025 20:31:02
CallbackFormEmailModal
Array
(
    [name] => kxiliya@bk.ru
    [phone] => 86823465371
    [formname] => Обратная связь
)

------------------------

------------------------
16.04.2025 20:33:12
CallbackFormEmailModal
Array
(
    [name] => sashunya.sergeev.2022@list.ru
    [phone] => 84714667392
    [formname] => Обратная связь
)

------------------------

------------------------
16.04.2025 20:33:54
CallbackFormEmailModal
Array
(
    [name] => anna.shapiro.78@mail.ru
    [phone] => 86962842148
    [formname] => Обратная связь
)

------------------------

------------------------
16.04.2025 20:42:11
CallbackFormEmailModal
Array
(
    [name] => vaisligam@gazeta.pl
    [phone] => 81821236365
    [formname] => Обратная связь
)

------------------------

------------------------
16.04.2025 20:42:30
CallbackFormEmailModal
Array
(
    [name] => alex1.111222@yandex.ru
    [phone] => 88497451754
    [formname] => Обратная связь
)

------------------------

------------------------
16.04.2025 20:47:52
CallbackFormEmailModal
Array
(
    [name] => kozlovvarlen19782037@mail.ru
    [phone] => 84641433717
    [formname] => Обратная связь
)

------------------------

------------------------
16.04.2025 20:50:08
CallbackFormEmailModal
Array
(
    [name] => polyakovdanila19908366@mail.ru
    [phone] => 84236373625
    [formname] => Обратная связь
)

------------------------

------------------------
16.04.2025 21:00:57
CallbackFormEmailModal
Array
(
    [name] => sileterde1976@mail.ru
    [phone] => 83455782252
    [formname] => Обратная связь
)

------------------------

------------------------
16.04.2025 21:03:10
CallbackFormEmailModal
Array
(
    [name] => postsaddtaliretneu@mail.ru
    [phone] => 87452121542
    [formname] => Обратная связь
)

------------------------

------------------------
16.04.2025 21:22:58
CallbackFormEmailModal
Array
(
    [name] => karina_platonova_31068@mail.ru
    [phone] => 81233861738
    [formname] => Обратная связь
)

------------------------

------------------------
16.04.2025 21:24:41
CallbackFormEmailModal
Array
(
    [name] => pencucon_97@mail.ru
    [phone] => 86883922682
    [formname] => Обратная связь
)

------------------------

------------------------
16.04.2025 22:13:50
CallbackFormEmailModal
Array
(
    [name] => tacusol-6816@mail.ru
    [phone] => 88131349816
    [formname] => Обратная связь
)

------------------------

------------------------
16.04.2025 22:19:21
CallbackFormEmailModal
Array
(
    [name] => tacusol-6816@mail.ru
    [phone] => 87635673731
    [formname] => Обратная связь
)

------------------------
