
------------------------
11.03.2023 10:41:22
CallbackFormEmailModal
Array
(
    [name] => yourmail@gmail.com
    [phone] => 82283858643
    [formname] => Обратная связь
)

------------------------

------------------------
11.03.2023 11:58:22
CallbackFormEmailModal
Array
(
    [name] => werso085100iu@rambler.ru
    [phone] => 84997819872
    [formname] => Обратная связь
)

------------------------

------------------------
11.03.2023 12:49:11
CallbackFormEmailModal
Array
(
    [name] => okurtrolkonkurteu123@gmail.com
    [phone] => 82383393385
    [formname] => Обратная связь
)

------------------------

------------------------
11.03.2023 18:12:32
CallbackFormEmailModal
Array
(
    [name] => aswxhdsvtiv@mail.ru
    [phone] => +79123456129
    [formname] => Обратная связь
)

------------------------

------------------------
11.03.2023 20:18:24
CallbackFormEmailModal
Array
(
    [name] => finalgodengi@mail.ru
    [phone] => 86797916166
    [formname] => Обратная связь
)

------------------------
