
------------------------
03.08.2022 1:11:22
CallbackFormEmailModal
Array
(
    [name] => Teale426@netscape.com
    [phone] => 89033849786
    [formname] => Обратная связь
)

------------------------

------------------------
03.08.2022 2:16:01
CallbackFormEmailModal
Array
(
    [name] => unilok@webstor-globalyou.store
    [phone] => 88733634595
    [formname] => Обратная связь
)

------------------------

------------------------
03.08.2022 3:28:55
CallbackFormEmailModal
Array
(
    [name] => loc.nql@gmail.com
    [phone] => 89030487882
    [formname] => Обратная связь
)

------------------------

------------------------
03.08.2022 5:48:10
CallbackFormEmailModal
Array
(
    [name] => eokmmehv@qxbwzntv.com
    [phone] => 89033891718
    [formname] => Обратная связь
)

------------------------

------------------------
03.08.2022 7:12:45
CallbackFormEmailModal
Array
(
    [name] => 14@catbegemot.ru
    [phone] => 85124612997
    [formname] => Обратная связь
)

------------------------

------------------------
03.08.2022 8:06:44
CallbackFormEmailModal
Array
(
    [name] => dittohead00000@yahoo.com
    [phone] => 89038811586
    [formname] => Обратная связь
)

------------------------

------------------------
03.08.2022 10:24:18
CallbackFormEmailModal
Array
(
    [name] => thelastsurvivoray@gmail.com
    [phone] => 89031033626
    [formname] => Обратная связь
)

------------------------

------------------------
03.08.2022 12:43:04
CallbackFormEmailModal
Array
(
    [name] => tulin0010@163.com
    [phone] => 89030853637
    [formname] => Обратная связь
)

------------------------

------------------------
03.08.2022 15:01:54
CallbackFormEmailModal
Array
(
    [name] => cory0314@etcmail.com
    [phone] => 89032921432
    [formname] => Обратная связь
)

------------------------

------------------------
03.08.2022 17:20:00
CallbackFormEmailModal
Array
(
    [name] => Fire2999@yahoo.com
    [phone] => 89033653613
    [formname] => Обратная связь
)

------------------------

------------------------
03.08.2022 19:43:19
CallbackFormEmailModal
Array
(
    [name] => brpelletiersmaaladenlh@dew.com
    [phone] => 89032057335
    [formname] => Обратная связь
)

------------------------

------------------------
03.08.2022 22:04:58
CallbackFormEmailModal
Array
(
    [name] => villyb@me.com
    [phone] => 89039654595
    [formname] => Обратная связь
)

------------------------
