
------------------------
09.09.2024 1:10:44
CallbackFormEmailModal
Array
(
    [name] => werso067350iu@rambler.ru
    [phone] => 84598647447
    [formname] => Обратная связь
)

------------------------

------------------------
09.09.2024 1:44:07
CallbackFormEmailModal
Array
(
    [name] => kwbhhrjbwka@rudiplomust.com
    [phone] => 84683391829
    [formname] => Обратная связь
)

------------------------

------------------------
09.09.2024 5:49:13
CallbackFormEmailModal
Array
(
    [name] => unapolcon1981@op.pl
    [phone] => 82824977683
    [formname] => Обратная связь
)

------------------------

------------------------
09.09.2024 12:25:36
CallbackFormEmailModal
Array
(
    [name] => seo@donetsk365.ru
    [phone] => 83411931168
    [formname] => Обратная связь
)

------------------------

------------------------
09.09.2024 14:31:08
CallbackFormEmailModal
Array
(
    [name] => celafa7475@inpsur.com
    [phone] => 88449445394
    [formname] => Обратная связь
)

------------------------

------------------------
09.09.2024 16:14:17
CallbackFormEmailModal
Array
(
    [name] => bipkcuhluel@rudiplomust.com
    [phone] => 84463752183
    [formname] => Обратная связь
)

------------------------

------------------------
09.09.2024 16:30:13
CallbackFormEmailModal
Array
(
    [name] => charliepoul072@gmail.com
    [phone] => 89343374616
    [formname] => Обратная связь
)

------------------------

------------------------
09.09.2024 17:07:22
CallbackFormEmailModal
Array
(
    [name] => puwestbellpi1973@op.pl
    [phone] => 88494543915
    [formname] => Обратная связь
)

------------------------

------------------------
09.09.2024 17:17:41
CallbackFormEmailModal
Array
(
    [name] => lurkerden@yandex.com
    [phone] => 89357787818
    [formname] => Обратная связь
)

------------------------

------------------------
09.09.2024 17:54:38
CallbackFormEmailModal
Array
(
    [name] => artseverson1992@maillsk.com
    [phone] => 83289523669
    [formname] => Обратная связь
)

------------------------

------------------------
09.09.2024 18:04:13
CallbackFormEmailModal
Array
(
    [name] => pavain@gazeta.pl
    [phone] => 88826733389
    [formname] => Обратная связь
)

------------------------

------------------------
09.09.2024 18:28:29
CallbackFormEmailModal
Array
(
    [name] => jlbkyvtckoqf1967@onet.pl
    [phone] => 85435786742
    [formname] => Обратная связь
)

------------------------

------------------------
09.09.2024 19:16:11
CallbackFormEmailModal
Array
(
    [name] => yjdisantoyjdissemin@gmail.com
    [phone] => 84195596114
    [formname] => Обратная связь
)

------------------------

------------------------
09.09.2024 20:23:31
CallbackFormEmailModal
Array
(
    [name] => allan4@xrevelxr.com
    [phone] => 85656486127
    [formname] => Обратная связь
)

------------------------

------------------------
09.09.2024 20:54:38
CallbackFormEmailModal
Array
(
    [name] => alfredo1@xrevelxr.com
    [phone] => 81111682261
    [formname] => Обратная связь
)

------------------------

------------------------
09.09.2024 21:59:39
CallbackFormEmailModal
Array
(
    [name] => bermakenzerelibellas@gmail.com
    [phone] => 86316624325
    [formname] => Обратная связь
)

------------------------

------------------------
09.09.2024 23:12:34
CallbackFormEmailModal
Array
(
    [name] => zhedazrizn@gazeta.pl
    [phone] => 84891891432
    [formname] => Обратная связь
)

------------------------
