
------------------------
16.09.2023 4:00:11
CallbackFormEmailModal
Array
(
    [name] => werso079600iu@rambler.ru
    [phone] => 82858262559
    [formname] => Обратная связь
)

------------------------

------------------------
16.09.2023 4:01:08
CallbackFormEmailModal
Array
(
    [name] => renen5p@outlook.com
    [phone] => 86349171466
    [formname] => Обратная связь
)

------------------------

------------------------
16.09.2023 6:22:00
CallbackFormEmailModal
Array
(
    [name] => vqjhobrt@mail.ru
    [phone] => +791234567615
    [formname] => Обратная связь
)

------------------------

------------------------
16.09.2023 8:12:36
CallbackFormEmailModal
Array
(
    [name] => mikesuinuts@gmail.com
    [phone] => 86372663121
    [formname] => Обратная связь
)

------------------------

------------------------
16.09.2023 9:22:21
CallbackFormEmailModal
Array
(
    [name] => psescbcs3wfxx7w@rambler.ru
    [phone] => 82729533394
    [formname] => Обратная связь
)

------------------------

------------------------
16.09.2023 22:50:58
CallbackFormEmailModal
Array
(
    [name] => werso057900iu@rambler.ru
    [phone] => 88533151236
    [formname] => Обратная связь
)

------------------------
