
------------------------
03.12.2023 2:11:23
CallbackFormEmailModal
Array
(
    [name] => pporascron1991@mail.ru
    [phone] => 87236222657
    [formname] => Обратная связь
)

------------------------

------------------------
03.12.2023 2:11:27
CallbackFormEmailModal
Array
(
    [name] => osipova.liliia.1986.22.12@inbox.ru
    [phone] => 87666877144
    [formname] => Обратная связь
)

------------------------

------------------------
03.12.2023 2:13:49
CallbackFormEmailModal
Array
(
    [name] => gelibomenlo6420@mail.ru
    [phone] => 83395933138
    [formname] => Обратная связь
)

------------------------

------------------------
03.12.2023 2:19:54
CallbackFormEmailModal
Array
(
    [name] => mitubefhambcomp5336@mail.ru
    [phone] => 89382612574
    [formname] => Обратная связь
)

------------------------

------------------------
03.12.2023 2:20:57
CallbackFormEmailModal
Array
(
    [name] => geboxchestza@bk.ru
    [phone] => 81171714675
    [formname] => Обратная связь
)

------------------------

------------------------
03.12.2023 2:25:14
CallbackFormEmailModal
Array
(
    [name] => musaev.misha.1982.3.5@list.ru
    [phone] => 85299542428
    [formname] => Обратная связь
)

------------------------

------------------------
03.12.2023 2:26:57
CallbackFormEmailModal
Array
(
    [name] => naelbarad@mail.ru
    [phone] => 88637411252
    [formname] => Обратная связь
)

------------------------

------------------------
03.12.2023 2:32:45
CallbackFormEmailModal
Array
(
    [name] => garlina1990@mail.ru
    [phone] => 84438659125
    [formname] => Обратная связь
)

------------------------

------------------------
03.12.2023 2:39:47
CallbackFormEmailModal
Array
(
    [name] => eepovda@bk.ru
    [phone] => 83788933983
    [formname] => Обратная связь
)

------------------------

------------------------
03.12.2023 2:43:21
CallbackFormEmailModal
Array
(
    [name] => deacren@mail.ru
    [phone] => 84969318483
    [formname] => Обратная связь
)

------------------------

------------------------
03.12.2023 2:47:29
CallbackFormEmailModal
Array
(
    [name] => nisnyltwal1981@mail.ru
    [phone] => 86974487987
    [formname] => Обратная связь
)

------------------------

------------------------
03.12.2023 2:48:17
CallbackFormEmailModal
Array
(
    [name] => balashova.anna.1989.20.9@list.ru
    [phone] => 84742434545
    [formname] => Обратная связь
)

------------------------

------------------------
03.12.2023 2:56:08
CallbackFormEmailModal
Array
(
    [name] => juncpecni1980@mail.ru
    [phone] => 82997886877
    [formname] => Обратная связь
)

------------------------

------------------------
03.12.2023 2:58:12
CallbackFormEmailModal
Array
(
    [name] => pavel.sitdikov.88@mail.ru
    [phone] => 81172934188
    [formname] => Обратная связь
)

------------------------

------------------------
03.12.2023 3:21:24
CallbackFormEmailModal
Array
(
    [name] => wmltu2oo@catcasinostyle.ru
    [phone] => 88392168699
    [formname] => Обратная связь
)

------------------------

------------------------
03.12.2023 5:49:13
CallbackFormEmailModal
Array
(
    [name] => anatoliy.arkhipov1976@gmail.com
    [phone] => 83239759221
    [formname] => Обратная связь
)

------------------------

------------------------
03.12.2023 5:54:30
CallbackFormEmailModal
Array
(
    [name] => gjzxbvhpf@vbealth.online
    [phone] => 83964835186
    [formname] => Обратная связь
)

------------------------

------------------------
03.12.2023 13:32:52
CallbackFormEmailModal
Array
(
    [name] => alins3@alexhost.site
    [phone] => 83662511142
    [formname] => Обратная связь
)

------------------------

------------------------
03.12.2023 15:53:05
CallbackFormEmailModal
Array
(
    [name] => kaapkaksih@mail.ru
    [phone] => 87865371138
    [formname] => Обратная связь
)

------------------------

------------------------
03.12.2023 15:53:31
CallbackFormEmailModal
Array
(
    [name] => nisakascha@mail.ru
    [phone] => 85448618496
    [formname] => Обратная связь
)

------------------------

------------------------
03.12.2023 15:54:47
CallbackFormEmailModal
Array
(
    [name] => betcas453@gmail.com
    [phone] => 89613535126
    [formname] => Обратная связь
)

------------------------

------------------------
03.12.2023 16:23:53
CallbackFormEmailModal
Array
(
    [name] => pavlik.timofeev.2023@bk.ru
    [phone] => 82934762336
    [formname] => Обратная связь
)

------------------------

------------------------
03.12.2023 19:49:02
CallbackFormEmailModal
Array
(
    [name] => aleksij777@top1booster.ru
    [phone] => +79261234567
    [formname] => Обратная связь
)

------------------------

------------------------
03.12.2023 19:49:39
CallbackFormEmailModal
Array
(
    [name] => irara@pop37.site
    [phone] => 86193776721
    [formname] => Обратная связь
)

------------------------

------------------------
03.12.2023 20:04:41
CallbackFormEmailModal
Array
(
    [name] => igor.vavilovipv@yandex.ru
    [phone] => 88259419984
    [formname] => Обратная связь
)

------------------------

------------------------
03.12.2023 22:12:14
CallbackFormEmailModal
Array
(
    [name] => vikvericuj@outlook.com
    [phone] => vikvericuj@outlook.com
    [formname] => Обратная связь
)

------------------------

------------------------
03.12.2023 22:12:21
CallbackFormEmailModal
Array
(
    [name] => vikvericuj@outlook.com
    [phone] => vikvericuj@outlook.com
    [formname] => Обратная связь
)

------------------------

------------------------
03.12.2023 22:12:31
CallbackFormEmailModal
Array
(
    [name] => vikvericuj@outlook.com
    [phone] => vikvericuj@outlook.com
    [formname] => Обратная связь
)

------------------------

------------------------
03.12.2023 22:12:36
CallbackFormEmailModal
Array
(
    [name] => vikvericuj@outlook.com
    [phone] => vikvericuj@outlook.com
    [formname] => Обратная связь
)

------------------------

------------------------
03.12.2023 22:12:47
CallbackFormEmailModal
Array
(
    [name] => vikvericuj@outlook.com
    [phone] => vikvericuj@outlook.com
    [formname] => Обратная связь
)

------------------------

------------------------
03.12.2023 22:12:53
CallbackFormEmailModal
Array
(
    [name] => vikvericuj@outlook.com
    [phone] => vikvericuj@outlook.com
    [formname] => Обратная связь
)

------------------------

------------------------
03.12.2023 22:13:06
CallbackFormEmailModal
Array
(
    [name] => vikvericuj@outlook.com
    [phone] => vikvericuj@outlook.com
    [formname] => Обратная связь
)

------------------------

------------------------
03.12.2023 22:13:14
CallbackFormEmailModal
Array
(
    [name] => vikvericuj@outlook.com
    [phone] => vikvericuj@outlook.com
    [formname] => Обратная связь
)

------------------------

------------------------
03.12.2023 22:13:27
CallbackFormEmailModal
Array
(
    [name] => vikvericuj@outlook.com
    [phone] => vikvericuj@outlook.com
    [formname] => Обратная связь
)

------------------------

------------------------
03.12.2023 22:13:33
CallbackFormEmailModal
Array
(
    [name] => vikvericuj@outlook.com
    [phone] => vikvericuj@outlook.com
    [formname] => Обратная связь
)

------------------------

------------------------
03.12.2023 22:13:44
CallbackFormEmailModal
Array
(
    [name] => vikvericuj@outlook.com
    [phone] => vikvericuj@outlook.com
    [formname] => Обратная связь
)

------------------------

------------------------
03.12.2023 22:13:50
CallbackFormEmailModal
Array
(
    [name] => vikvericuj@outlook.com
    [phone] => vikvericuj@outlook.com
    [formname] => Обратная связь
)

------------------------

------------------------
03.12.2023 22:14:04
CallbackFormEmailModal
Array
(
    [name] => vikvericuj@outlook.com
    [phone] => vikvericuj@outlook.com
    [formname] => Обратная связь
)

------------------------

------------------------
03.12.2023 22:14:14
CallbackFormEmailModal
Array
(
    [name] => vikvericuj@outlook.com
    [phone] => vikvericuj@outlook.com
    [formname] => Обратная связь
)

------------------------

------------------------
03.12.2023 22:14:28
CallbackFormEmailModal
Array
(
    [name] => vikvericuj@outlook.com
    [phone] => vikvericuj@outlook.com
    [formname] => Обратная связь
)

------------------------

------------------------
03.12.2023 22:14:36
CallbackFormEmailModal
Array
(
    [name] => vikvericuj@outlook.com
    [phone] => vikvericuj@outlook.com
    [formname] => Обратная связь
)

------------------------

------------------------
03.12.2023 22:14:47
CallbackFormEmailModal
Array
(
    [name] => vikvericuj@outlook.com
    [phone] => vikvericuj@outlook.com
    [formname] => Обратная связь
)

------------------------

------------------------
03.12.2023 22:14:53
CallbackFormEmailModal
Array
(
    [name] => vikvericuj@outlook.com
    [phone] => vikvericuj@outlook.com
    [formname] => Обратная связь
)

------------------------

------------------------
03.12.2023 22:15:06
CallbackFormEmailModal
Array
(
    [name] => vikvericuj@outlook.com
    [phone] => vikvericuj@outlook.com
    [formname] => Обратная связь
)

------------------------

------------------------
03.12.2023 22:15:15
CallbackFormEmailModal
Array
(
    [name] => vikvericuj@outlook.com
    [phone] => vikvericuj@outlook.com
    [formname] => Обратная связь
)

------------------------

------------------------
03.12.2023 22:15:28
CallbackFormEmailModal
Array
(
    [name] => vikvericuj@outlook.com
    [phone] => vikvericuj@outlook.com
    [formname] => Обратная связь
)

------------------------

------------------------
03.12.2023 22:15:34
CallbackFormEmailModal
Array
(
    [name] => vikvericuj@outlook.com
    [phone] => vikvericuj@outlook.com
    [formname] => Обратная связь
)

------------------------

------------------------
03.12.2023 22:15:56
CallbackFormEmailModal
Array
(
    [name] => vikvericuj@outlook.com
    [phone] => vikvericuj@outlook.com
    [formname] => Обратная связь
)

------------------------

------------------------
03.12.2023 22:16:03
CallbackFormEmailModal
Array
(
    [name] => vikvericuj@outlook.com
    [phone] => vikvericuj@outlook.com
    [formname] => Обратная связь
)

------------------------

------------------------
03.12.2023 22:16:17
CallbackFormEmailModal
Array
(
    [name] => vikvericuj@outlook.com
    [phone] => vikvericuj@outlook.com
    [formname] => Обратная связь
)

------------------------

------------------------
03.12.2023 22:16:23
CallbackFormEmailModal
Array
(
    [name] => vikvericuj@outlook.com
    [phone] => vikvericuj@outlook.com
    [formname] => Обратная связь
)

------------------------

------------------------
03.12.2023 22:16:34
CallbackFormEmailModal
Array
(
    [name] => vikvericuj@outlook.com
    [phone] => vikvericuj@outlook.com
    [formname] => Обратная связь
)

------------------------

------------------------
03.12.2023 22:16:39
CallbackFormEmailModal
Array
(
    [name] => vikvericuj@outlook.com
    [phone] => vikvericuj@outlook.com
    [formname] => Обратная связь
)

------------------------

------------------------
03.12.2023 22:16:52
CallbackFormEmailModal
Array
(
    [name] => vikvericuj@outlook.com
    [phone] => vikvericuj@outlook.com
    [formname] => Обратная связь
)

------------------------

------------------------
03.12.2023 22:16:57
CallbackFormEmailModal
Array
(
    [name] => vikvericuj@outlook.com
    [phone] => vikvericuj@outlook.com
    [formname] => Обратная связь
)

------------------------

------------------------
03.12.2023 22:17:06
CallbackFormEmailModal
Array
(
    [name] => vikvericuj@outlook.com
    [phone] => vikvericuj@outlook.com
    [formname] => Обратная связь
)

------------------------

------------------------
03.12.2023 22:17:13
CallbackFormEmailModal
Array
(
    [name] => vikvericuj@outlook.com
    [phone] => vikvericuj@outlook.com
    [formname] => Обратная связь
)

------------------------

------------------------
03.12.2023 22:17:23
CallbackFormEmailModal
Array
(
    [name] => vikvericuj@outlook.com
    [phone] => vikvericuj@outlook.com
    [formname] => Обратная связь
)

------------------------

------------------------
03.12.2023 22:17:28
CallbackFormEmailModal
Array
(
    [name] => vikvericuj@outlook.com
    [phone] => vikvericuj@outlook.com
    [formname] => Обратная связь
)

------------------------

------------------------
03.12.2023 22:17:38
CallbackFormEmailModal
Array
(
    [name] => vikvericuj@outlook.com
    [phone] => vikvericuj@outlook.com
    [formname] => Обратная связь
)

------------------------

------------------------
03.12.2023 22:17:43
CallbackFormEmailModal
Array
(
    [name] => vikvericuj@outlook.com
    [phone] => vikvericuj@outlook.com
    [formname] => Обратная связь
)

------------------------

------------------------
03.12.2023 22:18:03
CallbackFormEmailModal
Array
(
    [name] => vikvericuj@outlook.com
    [phone] => vikvericuj@outlook.com
    [formname] => Обратная связь
)

------------------------

------------------------
03.12.2023 22:18:08
CallbackFormEmailModal
Array
(
    [name] => vikvericuj@outlook.com
    [phone] => vikvericuj@outlook.com
    [formname] => Обратная связь
)

------------------------

------------------------
03.12.2023 22:18:28
CallbackFormEmailModal
Array
(
    [name] => vikvericuj@outlook.com
    [phone] => vikvericuj@outlook.com
    [formname] => Обратная связь
)

------------------------

------------------------
03.12.2023 22:18:33
CallbackFormEmailModal
Array
(
    [name] => vikvericuj@outlook.com
    [phone] => vikvericuj@outlook.com
    [formname] => Обратная связь
)

------------------------

------------------------
03.12.2023 22:18:43
CallbackFormEmailModal
Array
(
    [name] => vikvericuj@outlook.com
    [phone] => vikvericuj@outlook.com
    [formname] => Обратная связь
)

------------------------

------------------------
03.12.2023 22:18:47
CallbackFormEmailModal
Array
(
    [name] => vikvericuj@outlook.com
    [phone] => vikvericuj@outlook.com
    [formname] => Обратная связь
)

------------------------

------------------------
03.12.2023 22:18:57
CallbackFormEmailModal
Array
(
    [name] => vikvericuj@outlook.com
    [phone] => vikvericuj@outlook.com
    [formname] => Обратная связь
)

------------------------

------------------------
03.12.2023 22:19:04
CallbackFormEmailModal
Array
(
    [name] => vikvericuj@outlook.com
    [phone] => vikvericuj@outlook.com
    [formname] => Обратная связь
)

------------------------
