
------------------------
18.12.2022 0:43:51
CallbackFormEmailModal
Array
(
    [name] => elizaveta675@mailbx.ru
    [phone] => 86437953713
    [formname] => Обратная связь
)

------------------------

------------------------
18.12.2022 13:40:37
CallbackFormEmailModal
Array
(
    [name] => iri.n.ama.slovic@gmail.com
    [phone] => 89743729994
    [formname] => Обратная связь
)

------------------------

------------------------
18.12.2022 16:44:54
CallbackFormEmailModal
Array
(
    [name] => etqnystzd5ce@mail.ru
    [phone] => 82384461638
    [formname] => Обратная связь
)

------------------------

------------------------
18.12.2022 20:02:17
CallbackFormEmailModal
Array
(
    [name] => laetitia_bartol71@rambler.ru
    [phone] => 87898517122
    [formname] => Обратная связь
)

------------------------

------------------------
18.12.2022 23:41:10
CallbackFormEmailModal
Array
(
    [name] => zhanna675@mailbx.ru
    [phone] => 85327164356
    [formname] => Обратная связь
)

------------------------
