
------------------------
26.07.2022 7:51:08
CallbackFormEmailModal
Array
(
    [name] => vcastillo@juno.com
    [phone] => 89031117566
    [formname] => Обратная связь
)

------------------------

------------------------
26.07.2022 11:59:21
CallbackFormEmailModal
Array
(
    [name] => frawgslurp@hotmail.com
    [phone] => 89035725023
    [formname] => Обратная связь
)

------------------------

------------------------
26.07.2022 16:09:08
CallbackFormEmailModal
Array
(
    [name] => M.MINDED.@HOTMAIL.COM
    [phone] => 89036615850
    [formname] => Обратная связь
)

------------------------

------------------------
26.07.2022 17:46:20
CallbackFormEmailModal
Array
(
    [name] => scarlett2w909t46815i@outlook.com
    [phone] => scarlett2w909t46815i@outlook.com
    [formname] => Обратная связь
)

------------------------

------------------------
26.07.2022 17:46:23
CallbackFormEmailModal
Array
(
    [name] => scarlett2w909t46815i@outlook.com
    [phone] => scarlett2w909t46815i@outlook.com
    [formname] => Обратная связь
)

------------------------

------------------------
26.07.2022 17:46:33
CallbackFormEmailModal
Array
(
    [name] => scarlett2w909t46815i@outlook.com
    [phone] => scarlett2w909t46815i@outlook.com
    [formname] => Обратная связь
)

------------------------

------------------------
26.07.2022 17:46:36
CallbackFormEmailModal
Array
(
    [name] => scarlett2w909t46815i@outlook.com
    [phone] => scarlett2w909t46815i@outlook.com
    [formname] => Обратная связь
)

------------------------

------------------------
26.07.2022 17:46:53
CallbackFormEmailModal
Array
(
    [name] => scarlett2w909t46815i@outlook.com
    [phone] => scarlett2w909t46815i@outlook.com
    [formname] => Обратная связь
)

------------------------

------------------------
26.07.2022 17:46:55
CallbackFormEmailModal
Array
(
    [name] => scarlett2w909t46815i@outlook.com
    [phone] => scarlett2w909t46815i@outlook.com
    [formname] => Обратная связь
)

------------------------

------------------------
26.07.2022 17:47:04
CallbackFormEmailModal
Array
(
    [name] => scarlett2w909t46815i@outlook.com
    [phone] => scarlett2w909t46815i@outlook.com
    [formname] => Обратная связь
)

------------------------

------------------------
26.07.2022 17:47:06
CallbackFormEmailModal
Array
(
    [name] => scarlett2w909t46815i@outlook.com
    [phone] => scarlett2w909t46815i@outlook.com
    [formname] => Обратная связь
)

------------------------

------------------------
26.07.2022 17:47:15
CallbackFormEmailModal
Array
(
    [name] => scarlett2w909t46815i@outlook.com
    [phone] => scarlett2w909t46815i@outlook.com
    [formname] => Обратная связь
)

------------------------

------------------------
26.07.2022 17:47:18
CallbackFormEmailModal
Array
(
    [name] => scarlett2w909t46815i@outlook.com
    [phone] => scarlett2w909t46815i@outlook.com
    [formname] => Обратная связь
)

------------------------

------------------------
26.07.2022 17:47:32
CallbackFormEmailModal
Array
(
    [name] => scarlett2w909t46815i@outlook.com
    [phone] => scarlett2w909t46815i@outlook.com
    [formname] => Обратная связь
)

------------------------

------------------------
26.07.2022 17:47:35
CallbackFormEmailModal
Array
(
    [name] => scarlett2w909t46815i@outlook.com
    [phone] => scarlett2w909t46815i@outlook.com
    [formname] => Обратная связь
)

------------------------

------------------------
26.07.2022 17:47:40
CallbackFormEmailModal
Array
(
    [name] => scarlett2w909t46815i@outlook.com
    [phone] => scarlett2w909t46815i@outlook.com
    [formname] => Обратная связь
)

------------------------

------------------------
26.07.2022 17:47:44
CallbackFormEmailModal
Array
(
    [name] => scarlett2w909t46815i@outlook.com
    [phone] => scarlett2w909t46815i@outlook.com
    [formname] => Обратная связь
)

------------------------

------------------------
26.07.2022 17:47:49
CallbackFormEmailModal
Array
(
    [name] => scarlett2w909t46815i@outlook.com
    [phone] => scarlett2w909t46815i@outlook.com
    [formname] => Обратная связь
)

------------------------

------------------------
26.07.2022 17:47:52
CallbackFormEmailModal
Array
(
    [name] => scarlett2w909t46815i@outlook.com
    [phone] => scarlett2w909t46815i@outlook.com
    [formname] => Обратная связь
)

------------------------

------------------------
26.07.2022 17:47:58
CallbackFormEmailModal
Array
(
    [name] => scarlett2w909t46815i@outlook.com
    [phone] => scarlett2w909t46815i@outlook.com
    [formname] => Обратная связь
)

------------------------

------------------------
26.07.2022 17:48:02
CallbackFormEmailModal
Array
(
    [name] => scarlett2w909t46815i@outlook.com
    [phone] => scarlett2w909t46815i@outlook.com
    [formname] => Обратная связь
)

------------------------

------------------------
26.07.2022 17:48:09
CallbackFormEmailModal
Array
(
    [name] => scarlett2w909t46815i@outlook.com
    [phone] => scarlett2w909t46815i@outlook.com
    [formname] => Обратная связь
)

------------------------

------------------------
26.07.2022 17:48:12
CallbackFormEmailModal
Array
(
    [name] => scarlett2w909t46815i@outlook.com
    [phone] => scarlett2w909t46815i@outlook.com
    [formname] => Обратная связь
)

------------------------

------------------------
26.07.2022 17:48:19
CallbackFormEmailModal
Array
(
    [name] => scarlett2w909t46815i@outlook.com
    [phone] => scarlett2w909t46815i@outlook.com
    [formname] => Обратная связь
)

------------------------

------------------------
26.07.2022 17:48:21
CallbackFormEmailModal
Array
(
    [name] => scarlett2w909t46815i@outlook.com
    [phone] => scarlett2w909t46815i@outlook.com
    [formname] => Обратная связь
)

------------------------

------------------------
26.07.2022 17:48:26
CallbackFormEmailModal
Array
(
    [name] => scarlett2w909t46815i@outlook.com
    [phone] => scarlett2w909t46815i@outlook.com
    [formname] => Обратная связь
)

------------------------

------------------------
26.07.2022 17:48:29
CallbackFormEmailModal
Array
(
    [name] => scarlett2w909t46815i@outlook.com
    [phone] => scarlett2w909t46815i@outlook.com
    [formname] => Обратная связь
)

------------------------

------------------------
26.07.2022 17:48:43
CallbackFormEmailModal
Array
(
    [name] => scarlett2w909t46815i@outlook.com
    [phone] => scarlett2w909t46815i@outlook.com
    [formname] => Обратная связь
)

------------------------

------------------------
26.07.2022 17:48:45
CallbackFormEmailModal
Array
(
    [name] => scarlett2w909t46815i@outlook.com
    [phone] => scarlett2w909t46815i@outlook.com
    [formname] => Обратная связь
)

------------------------

------------------------
26.07.2022 17:48:54
CallbackFormEmailModal
Array
(
    [name] => scarlett2w909t46815i@outlook.com
    [phone] => scarlett2w909t46815i@outlook.com
    [formname] => Обратная связь
)

------------------------

------------------------
26.07.2022 17:48:57
CallbackFormEmailModal
Array
(
    [name] => scarlett2w909t46815i@outlook.com
    [phone] => scarlett2w909t46815i@outlook.com
    [formname] => Обратная связь
)

------------------------

------------------------
26.07.2022 17:49:04
CallbackFormEmailModal
Array
(
    [name] => scarlett2w909t46815i@outlook.com
    [phone] => scarlett2w909t46815i@outlook.com
    [formname] => Обратная связь
)

------------------------

------------------------
26.07.2022 17:49:07
CallbackFormEmailModal
Array
(
    [name] => scarlett2w909t46815i@outlook.com
    [phone] => scarlett2w909t46815i@outlook.com
    [formname] => Обратная связь
)

------------------------

------------------------
26.07.2022 20:15:57
CallbackFormEmailModal
Array
(
    [name] => anthony680@btinternet.com
    [phone] => 89038459820
    [formname] => Обратная связь
)

------------------------
