
------------------------
17.01.2025 0:52:37
CallbackFormEmailModal
Array
(
    [name] => dqjdlbuhuel@rudiplomust.com
    [phone] => 82747861874
    [formname] => Обратная связь
)

------------------------

------------------------
17.01.2025 0:53:45
CallbackFormEmailModal
Array
(
    [name] => limaliti1978@op.pl
    [phone] => 86788197753
    [formname] => Обратная связь
)

------------------------

------------------------
17.01.2025 1:29:56
CallbackFormEmailModal
Array
(
    [name] => gmovummhhel@rudiplomust.com
    [phone] => 84849773472
    [formname] => Обратная связь
)

------------------------

------------------------
17.01.2025 1:29:57
CallbackFormEmailModal
Array
(
    [name] => yzothbhllel@rudiplomust.com
    [phone] => 89569288231
    [formname] => Обратная связь
)

------------------------

------------------------
17.01.2025 1:29:57
CallbackFormEmailModal
Array
(
    [name] => seacnmauiel@rudiplomust.com
    [phone] => 89451895236
    [formname] => Обратная связь
)

------------------------

------------------------
17.01.2025 1:29:58
CallbackFormEmailModal
Array
(
    [name] => jqvyhblnfel@rudiplomust.com
    [phone] => 82382958833
    [formname] => Обратная связь
)

------------------------

------------------------
17.01.2025 1:42:15
CallbackFormEmailModal
Array
(
    [name] => ghikroijrKn@rudiplomust.com
    [phone] => 85268747893
    [formname] => Обратная связь
)

------------------------

------------------------
17.01.2025 3:25:32
CallbackFormEmailModal
Array
(
    [name] => qxgcsorsrel@rudiplomust.com
    [phone] => 81172717627
    [formname] => Обратная связь
)

------------------------

------------------------
17.01.2025 5:43:53
CallbackFormEmailModal
Array
(
    [name] => bzmwrzebiSi@rudiplomust.com
    [phone] => 82944166632
    [formname] => Обратная связь
)

------------------------

------------------------
17.01.2025 7:34:09
CallbackFormEmailModal
Array
(
    [name] => halcheni1990@mail.ru
    [phone] => 85871225348
    [formname] => Обратная связь
)

------------------------

------------------------
17.01.2025 8:18:00
CallbackFormEmailModal
Array
(
    [name] => degisoltpou1986@op.pl
    [phone] => 82515751876
    [formname] => Обратная связь
)

------------------------

------------------------
17.01.2025 8:49:39
CallbackFormEmailModal
Array
(
    [name] => sheveleva-alisa@bk.ru
    [phone] => 88448586644
    [formname] => Обратная связь
)

------------------------

------------------------
17.01.2025 8:49:39
CallbackFormEmailModal
Array
(
    [name] => pavel.sitdikov.88@mail.ru
    [phone] => 89474426536
    [formname] => Обратная связь
)

------------------------

------------------------
17.01.2025 8:59:50
CallbackFormEmailModal
Array
(
    [name] => danilovavita9@mail.ru
    [phone] => 89358121866
    [formname] => Обратная связь
)

------------------------

------------------------
17.01.2025 9:10:01
CallbackFormEmailModal
Array
(
    [name] => filimonov.ivan.1997.4.6@list.ru
    [phone] => 87773688446
    [formname] => Обратная связь
)

------------------------

------------------------
17.01.2025 9:18:30
CallbackFormEmailModal
Array
(
    [name] => xrumerfox@gmail.com
    [phone] => 85477111368
    [formname] => Обратная связь
)

------------------------

------------------------
17.01.2025 9:30:05
CallbackFormEmailModal
Array
(
    [name] => rietraccabun1976@mail.ru
    [phone] => 88572139465
    [formname] => Обратная связь
)

------------------------

------------------------
17.01.2025 9:39:50
CallbackFormEmailModal
Array
(
    [name] => sashunya.sergeev.2022@list.ru
    [phone] => 86129161812
    [formname] => Обратная связь
)

------------------------

------------------------
17.01.2025 9:59:11
CallbackFormEmailModal
Array
(
    [name] => highvinonthyo1986@mail.ru
    [phone] => 87427451259
    [formname] => Обратная связь
)

------------------------

------------------------
17.01.2025 10:08:10
CallbackFormEmailModal
Array
(
    [name] => alexde_427@mail.ru
    [phone] => 82732536396
    [formname] => Обратная связь
)

------------------------

------------------------
17.01.2025 10:21:34
CallbackFormEmailModal
Array
(
    [name] => karpeciktibas19915@bk.ru
    [phone] => 85477424772
    [formname] => Обратная связь
)

------------------------

------------------------
17.01.2025 10:56:30
CallbackFormEmailModal
Array
(
    [name] => seimymavig1983@mail.ru
    [phone] => 85764692263
    [formname] => Обратная связь
)

------------------------

------------------------
17.01.2025 11:00:54
CallbackFormEmailModal
Array
(
    [name] => avgustina.morozova@bk.ru
    [phone] => 82712336217
    [formname] => Обратная связь
)

------------------------

------------------------
17.01.2025 11:02:39
CallbackFormEmailModal
Array
(
    [name] => mark.moshchenskiy.90@mail.ru
    [phone] => 86732586338
    [formname] => Обратная связь
)

------------------------

------------------------
17.01.2025 11:03:14
CallbackFormEmailModal
Array
(
    [name] => combontsegal37@mail.ru
    [phone] => 85231836835
    [formname] => Обратная связь
)

------------------------

------------------------
17.01.2025 11:25:31
CallbackFormEmailModal
Array
(
    [name] => naphtloxua-5550@mail.ru
    [phone] => 89138647954
    [formname] => Обратная связь
)

------------------------

------------------------
17.01.2025 11:25:37
CallbackFormEmailModal
Array
(
    [name] => nadacottuobesnie@mail.ru
    [phone] => 84649537683
    [formname] => Обратная связь
)

------------------------

------------------------
17.01.2025 11:25:56
CallbackFormEmailModal
Array
(
    [name] => mosoce-416@mail.ru
    [phone] => 85567564464
    [formname] => Обратная связь
)

------------------------

------------------------
17.01.2025 11:26:37
CallbackFormEmailModal
Array
(
    [name] => osipova.liliia.1986.22.12@inbox.ru
    [phone] => 84853641523
    [formname] => Обратная связь
)

------------------------

------------------------
17.01.2025 11:30:04
CallbackFormEmailModal
Array
(
    [name] => shvernik.s@mail.ru
    [phone] => 81664898784
    [formname] => Обратная связь
)

------------------------

------------------------
17.01.2025 11:33:13
CallbackFormEmailModal
Array
(
    [name] => gabrielakuzmina1989@list.ru
    [phone] => 85593628515
    [formname] => Обратная связь
)

------------------------

------------------------
17.01.2025 12:01:30
CallbackFormEmailModal
Array
(
    [name] => demianw.vladimirovtxt@mail.ru
    [phone] => 83745713283
    [formname] => Обратная связь
)

------------------------

------------------------
17.01.2025 13:00:20
CallbackFormEmailModal
Array
(
    [name] => dorofeyavinogradova199056@mail.ru
    [phone] => 81998497398
    [formname] => Обратная связь
)

------------------------

------------------------
17.01.2025 13:22:34
CallbackFormEmailModal
Array
(
    [name] => progon@progon.fun
    [phone] => 85669981435
    [formname] => Обратная связь
)

------------------------

------------------------
17.01.2025 13:41:53
CallbackFormEmailModal
Array
(
    [name] => qgseqmixbel@rudiplomust.com
    [phone] => 81665333397
    [formname] => Обратная связь
)

------------------------

------------------------
17.01.2025 13:48:10
CallbackFormEmailModal
Array
(
    [name] => wemofoomacfensta@mail.ru
    [phone] => 83824494741
    [formname] => Обратная связь
)

------------------------

------------------------
17.01.2025 13:48:54
CallbackFormEmailModal
Array
(
    [name] => galya.usenko.63@mail.ru
    [phone] => 85685863286
    [formname] => Обратная связь
)

------------------------

------------------------
17.01.2025 13:51:54
CallbackFormEmailModal
Array
(
    [name] => uvevdniflka@rudiplomust.com
    [phone] => 81931115158
    [formname] => Обратная связь
)

------------------------

------------------------
17.01.2025 13:52:16
CallbackFormEmailModal
Array
(
    [name] => juncpecni1980@mail.ru
    [phone] => 88322541332
    [formname] => Обратная связь
)

------------------------

------------------------
17.01.2025 14:15:31
CallbackFormEmailModal
Array
(
    [name] => zuyev-vadik@bk.ru
    [phone] => 88335887747
    [formname] => Обратная связь
)

------------------------

------------------------
17.01.2025 14:55:31
CallbackFormEmailModal
Array
(
    [name] => goldboy1931@gmail.com
    [phone] => 83553458588
    [formname] => Обратная связь
)

------------------------

------------------------
17.01.2025 15:49:58
CallbackFormEmailModal
Array
(
    [name] => barbariska8912@gmail.com
    [phone] => 82134646915
    [formname] => Обратная связь
)

------------------------

------------------------
17.01.2025 16:03:12
CallbackFormEmailModal
Array
(
    [name] => rdnrbsdozel@rudiplomust.com
    [phone] => 84787817121
    [formname] => Обратная связь
)

------------------------

------------------------
17.01.2025 16:42:01
CallbackFormEmailModal
Array
(
    [name] => wazmwvadfel@rudiplomust.com
    [phone] => 83415711395
    [formname] => Обратная связь
)

------------------------

------------------------
17.01.2025 16:42:02
CallbackFormEmailModal
Array
(
    [name] => uzpmjkcjlel@rudiplomust.com
    [phone] => 83917222457
    [formname] => Обратная связь
)

------------------------

------------------------
17.01.2025 17:36:59
CallbackFormEmailModal
Array
(
    [name] => saysalruanscilich@mail.ru
    [phone] => 82267853794
    [formname] => Обратная связь
)

------------------------

------------------------
17.01.2025 18:34:26
CallbackFormEmailModal
Array
(
    [name] => ilya.igoshin.85@mail.ru
    [phone] => 86684259816
    [formname] => Обратная связь
)

------------------------

------------------------
17.01.2025 18:46:45
CallbackFormEmailModal
Array
(
    [name] => ylyywagqjkt@
    [phone] => 85579329742
    [formname] => Обратная связь
)

------------------------

------------------------
17.01.2025 18:58:00
CallbackFormEmailModal
Array
(
    [name] => nmzhnudstel@rudiplomust.com
    [phone] => 85926638138
    [formname] => Обратная связь
)

------------------------

------------------------
17.01.2025 19:13:03
CallbackFormEmailModal
Array
(
    [name] => buffaloe1762myj@hello.tryperegrinate.click
    [phone] => 88132718212
    [formname] => Обратная связь
)

------------------------

------------------------
17.01.2025 19:13:14
CallbackFormEmailModal
Array
(
    [name] => placnacidown1989@mail.ru
    [phone] => 84793618869
    [formname] => Обратная связь
)

------------------------

------------------------
17.01.2025 19:13:14
CallbackFormEmailModal
Array
(
    [name] => jisankape@list.ru
    [phone] => 84162357676
    [formname] => Обратная связь
)

------------------------

------------------------
17.01.2025 19:18:30
CallbackFormEmailModal
Array
(
    [name] => saakian.vova.1985.13.9@list.ru
    [phone] => 83139668433
    [formname] => Обратная связь
)

------------------------

------------------------
17.01.2025 19:30:45
CallbackFormEmailModal
Array
(
    [name] => tipanasotemthia@mail.ru
    [phone] => 81173734876
    [formname] => Обратная связь
)

------------------------

------------------------
17.01.2025 19:34:13
CallbackFormEmailModal
Array
(
    [name] => moiseevatoriya1993@bk.ru
    [phone] => 81648761941
    [formname] => Обратная связь
)

------------------------

------------------------
17.01.2025 19:41:41
CallbackFormEmailModal
Array
(
    [name] => rodionoverik1735@mail.ru
    [phone] => 81739824472
    [formname] => Обратная связь
)

------------------------

------------------------
17.01.2025 20:33:37
CallbackFormEmailModal
Array
(
    [name] => chofitensatomar@mail.ru
    [phone] => 89657947876
    [formname] => Обратная связь
)

------------------------

------------------------
17.01.2025 20:36:13
CallbackFormEmailModal
Array
(
    [name] => ojhjqodwoel@rudiplomust.com
    [phone] => 86814486145
    [formname] => Обратная связь
)

------------------------

------------------------
17.01.2025 21:03:11
CallbackFormEmailModal
Array
(
    [name] => mamedov.edgar.1992.3.3@inbox.ru
    [phone] => 84482868487
    [formname] => Обратная связь
)

------------------------

------------------------
17.01.2025 22:02:43
CallbackFormEmailModal
Array
(
    [name] => pencucon_97@mail.ru
    [phone] => 87956958159
    [formname] => Обратная связь
)

------------------------

------------------------
17.01.2025 22:02:45
CallbackFormEmailModal
Array
(
    [name] => eprovbelwha@mail.ru
    [phone] => 83618431137
    [formname] => Обратная связь
)

------------------------

------------------------
17.01.2025 22:06:16
CallbackFormEmailModal
Array
(
    [name] => erangifest1980@mail.ru
    [phone] => 87262214637
    [formname] => Обратная связь
)

------------------------
