
------------------------
13.04.2022 0:15:08
CallbackFormEmailModal
Array
(
    [name] => rtoopp23@rambler.ru
    [phone] => 89254868173
    [formname] => Обратная связь
)

------------------------

------------------------
13.04.2022 2:13:28
CallbackFormEmailModal
Array
(
    [name] => replica.uhren@yandex.ru
    [phone] => 83263797725
    [formname] => Обратная связь
)

------------------------

------------------------
13.04.2022 3:01:20
CallbackFormEmailModal
Array
(
    [name] => beeonthetop.com@gmail.com
    [phone] => 86259726938
    [formname] => Обратная связь
)

------------------------

------------------------
13.04.2022 14:58:32
CallbackEmailModal
Array
(
    [name] => Станислав
    [phone] => +7(902)352-17-98
    [comment] => Название продуката: Лестничная ступень SР 34х38/40х3 Zn 1200х305 мм
Комменатрий: Стоимость Лестничная ступень SР 34х38/40х3 Zn 1200х305 мм
    [formname] => Задать вопрос по товару
)

------------------------
