
------------------------
07.01.2023 9:03:19
CallbackFormEmailModal
Array
(
    [name] => e.m.a.mon.ov.a5.6.2.@gmail.com
    [phone] => 87895215551
    [formname] => Обратная связь
)

------------------------

------------------------
07.01.2023 11:14:55
CallbackFormEmailModal
Array
(
    [name] => go.l.o.vin.a.ndr.ey1.9.17.@gmail.com
    [phone] => 81346998368
    [formname] => Обратная связь
)

------------------------

------------------------
07.01.2023 12:22:27
CallbackFormEmailModal
Array
(
    [name] => vxdmwkkol@gordpizza.ru
    [phone] => 87265678224
    [formname] => Обратная связь
)

------------------------

------------------------
07.01.2023 13:00:23
CallbackFormEmailModal
Array
(
    [name] => bzwjs@course-fitness.com
    [phone] => 83545755713
    [formname] => Обратная связь
)

------------------------

------------------------
07.01.2023 16:17:44
CallbackFormEmailModal
Array
(
    [name] => bofkl@course-fitness.com
    [phone] => 89327134353
    [formname] => Обратная связь
)

------------------------

------------------------
07.01.2023 17:06:36
CallbackFormEmailModal
Array
(
    [name] => m.i.ron.bit.k.o.v.in.@gmail.com
    [phone] => 84413425385
    [formname] => Обратная связь
)

------------------------

------------------------
07.01.2023 17:06:36
CallbackFormEmailModal
Array
(
    [name] => i.ngam9.3.9.@gmail.com
    [phone] => 84936851258
    [formname] => Обратная связь
)

------------------------

------------------------
07.01.2023 22:27:42
CallbackFormEmailModal
Array
(
    [name] => dianapone538@imails.site

    [phone] => 89362979549
    [formname] => Обратная связь
)

------------------------

------------------------
07.01.2023 23:44:47
CallbackFormEmailModal
Array
(
    [name] => bj9666newdcl@gmail.com
    [phone] => 85227269329
    [formname] => Обратная связь
)

------------------------
