
------------------------
03.04.2025 3:21:13
CallbackFormEmailModal
Array
(
    [name] => stevenKeymn@mail.ru
    [phone] => 83261357883
    [formname] => Обратная связь
)

------------------------

------------------------
03.04.2025 4:09:59
CallbackFormEmailModal
Array
(
    [name] => admin@progonx.fun
    [phone] => 84221233288
    [formname] => Обратная связь
)

------------------------

------------------------
03.04.2025 4:38:19
CallbackFormEmailModal
Array
(
    [name] => winsatall4ever@gmail.com
    [phone] => 86949348371
    [formname] => Обратная связь
)

------------------------

------------------------
03.04.2025 5:27:46
CallbackFormEmailModal
Array
(
    [name] => Eric Jones
    [phone] => US
    [formname] => Обратная связь
)

------------------------

------------------------
03.04.2025 6:05:13
CallbackFormEmailModal
Array
(
    [name] => yourmail@yandex.ru
    [phone] => 85451557958
    [formname] => Обратная связь
)

------------------------

------------------------
03.04.2025 7:54:02
CallbackFormEmailModal
Array
(
    [name] => astremovastramirello@gmail.com
    [phone] => 84436197227
    [formname] => Обратная связь
)

------------------------

------------------------
03.04.2025 7:58:06
CallbackFormEmailModal
Array
(
    [name] => pavel.sitdikov.88@mail.ru
    [phone] => 82397924838
    [formname] => Обратная связь
)

------------------------

------------------------
03.04.2025 8:18:55
CallbackFormEmailModal
Array
(
    [name] => sergowork.i.ng.71.8@gmail.com
    [phone] => 83546316567
    [formname] => Обратная связь
)

------------------------

------------------------
03.04.2025 9:19:29
CallbackFormEmailModal
Array
(
    [name] => aferinohis056@gmail.com
    [phone] => 87584656481
    [formname] => Обратная связь
)

------------------------

------------------------
03.04.2025 9:40:04
CallbackFormEmailModal
Array
(
    [name] => deacren@mail.ru
    [phone] => 85781464116
    [formname] => Обратная связь
)

------------------------

------------------------
03.04.2025 12:04:37
CallbackFormEmailModal
Array
(
    [name] => wemofoomacfensta@mail.ru
    [phone] => 86239585696
    [formname] => Обратная связь
)

------------------------

------------------------
03.04.2025 18:08:41
Order
Array
(
    [name] => Роман 
    [email] => romanes1994@yandex.ru
    [phone] => +7-987-538-7700
    [comment] => Прессованный  настил P 33х11/30х2 Zn 1000х500 мм, кол-во: 1, цена: 4220руб.
Способ доставки: Доставка автотранспортом поставщика
Выберите способ оплаты: Оплата наличным
Адрес доставки: Нижний Новгород Движенцев, 34

Комментарий к заказу: 

    [formname] => Заказ из корзины
    [fields] => Array
        (
            [price] => 135040
        )

)

------------------------

------------------------
03.04.2025 22:22:43
CallbackFormEmailModal
Array
(
    [name] => test@gmail.com
    [phone] => 81661418234
    [formname] => Обратная связь
)

------------------------

------------------------
03.04.2025 22:28:15
CallbackFormEmailModal
Array
(
    [name] => test@gmail.com
    [phone] => 82234775531
    [formname] => Обратная связь
)

------------------------

------------------------
03.04.2025 22:33:20
CallbackFormEmailModal
Array
(
    [name] => yerko.lyuda@mail.ru
    [phone] => 86711713896
    [formname] => Обратная связь
)

------------------------

------------------------
03.04.2025 23:25:58
CallbackFormEmailModal
Array
(
    [name] => ponomaryov.borya.1983@bk.ru
    [phone] => 82432776926
    [formname] => Обратная связь
)

------------------------
