
------------------------
13.03.2026 8:45:56
CallbackFormEmailModal
Array
(
    [name] => olegzaluri@mail.ru
    [phone] => 88229638243
    [formname] => Обратная связь
)

------------------------

------------------------
13.03.2026 9:28:01
CallbackFormEmailModal
Array
(
    [name] => tacusol-6816@mail.ru
    [phone] => 84343736963
    [formname] => Обратная связь
)

------------------------

------------------------
13.03.2026 9:42:00
CallbackFormEmailModal
Array
(
    [name] => prosavmobi1981@mail.ru
    [phone] => 82814719622
    [formname] => Обратная связь
)

------------------------

------------------------
13.03.2026 14:56:11
CallbackFormEmailModal
Array
(
    [name] => stapuntril1990@mail.ru
    [phone] => 85511495336
    [formname] => Обратная связь
)

------------------------

------------------------
13.03.2026 15:02:35
CallbackFormEmailModal
Array
(
    [name] => gulyabonimo@mail.ru
    [phone] => 88179237633
    [formname] => Обратная связь
)

------------------------

------------------------
13.03.2026 19:10:30
CallbackFormEmailModal
Array
(
    [name] => stevenKeymn@mail.ru
    [phone] => 83997868419
    [formname] => Обратная связь
)

------------------------

------------------------
13.03.2026 21:00:05
CallbackFormEmailModal
Array
(
    [name] => vitya-kondratev-1969@inbox.ru
    [phone] => 89144896934
    [formname] => Обратная связь
)

------------------------
