
------------------------
25.12.2022 5:50:08
CallbackFormEmailModal
Array
(
    [name] => sypeerymn@onemailtop.xyz
    [phone] => 83937658199
    [formname] => Обратная связь
)

------------------------

------------------------
25.12.2022 6:34:50
CallbackFormEmailModal
Array
(
    [name] => rcbqillyg@gordpizza.ru
    [phone] => 84915411497
    [formname] => Обратная связь
)

------------------------

------------------------
25.12.2022 8:51:22
CallbackFormEmailModal
Array
(
    [name] => e.mam.on.o.v.a.562@gmail.com
    [phone] => 84216585451
    [formname] => Обратная связь
)

------------------------

------------------------
25.12.2022 9:26:41
CallbackFormEmailModal
Array
(
    [name] => zelatcol@gmail.com
    [phone] => 81284267861
    [formname] => Обратная связь
)

------------------------

------------------------
25.12.2022 13:13:07
CallbackFormEmailModal
Array
(
    [name] => no.reply.icots@gmail.com
    [phone] => 82135644684
    [formname] => Обратная связь
)

------------------------

------------------------
25.12.2022 21:18:20
CallbackFormEmailModal
Array
(
    [name] => jc1315hkxbug@gmail.com
    [phone] => 85191643514
    [formname] => Обратная связь
)

------------------------

------------------------
25.12.2022 22:33:29
CallbackFormEmailModal
Array
(
    [name] => c.al.vinbe.s.tami.g.o.@gmail.com
    [phone] => 86345233734
    [formname] => Обратная связь
)

------------------------
