
------------------------
11.03.2025 0:32:56
CallbackFormEmailModal
Array
(
    [name] => xrumerfox@gmail.com
    [phone] => 83888831145
    [formname] => Обратная связь
)

------------------------

------------------------
11.03.2025 2:19:39
CallbackFormEmailModal
Array
(
    [name] => yourmail@gmail.com
    [phone] => 89796881537
    [formname] => Обратная связь
)

------------------------

------------------------
11.03.2025 3:05:38
CallbackFormEmailModal
Array
(
    [name] => yourmail@gmail.com
    [phone] => 83118935918
    [formname] => Обратная связь
)

------------------------

------------------------
11.03.2025 4:20:29
CallbackFormEmailModal
Array
(
    [name] => ocopesuq299@gmail.com
    [phone] => 88282657373
    [formname] => Обратная связь
)

------------------------

------------------------
11.03.2025 9:30:04
CallbackFormEmailModal
Array
(
    [name] => sergowork.in.g71.8@gmail.com
    [phone] => 88239199991
    [formname] => Обратная связь
)

------------------------

------------------------
11.03.2025 9:37:54
CallbackFormEmailModal
Array
(
    [name] => mailirr@soffter.ru
    [phone] => 82715873489
    [formname] => Обратная связь
)

------------------------

------------------------
11.03.2025 9:40:38
CallbackFormEmailModal
Array
(
    [name] => dolnovam@mail.ru
    [phone] => 82768932191
    [formname] => Обратная связь
)

------------------------

------------------------
11.03.2025 9:45:30
CallbackFormEmailModal
Array
(
    [name] => chofitensatomar@mail.ru
    [phone] => 82853945214
    [formname] => Обратная связь
)

------------------------

------------------------
11.03.2025 9:55:46
CallbackFormEmailModal
Array
(
    [name] => karina_platonova_31068@mail.ru
    [phone] => 82966367953
    [formname] => Обратная связь
)

------------------------

------------------------
11.03.2025 10:14:24
CallbackFormEmailModal
Array
(
    [name] => ramiraselezneva19908003@bk.ru
    [phone] => 85227275864
    [formname] => Обратная связь
)

------------------------

------------------------
11.03.2025 10:17:23
CallbackFormEmailModal
Array
(
    [name] => erangifest1980@mail.ru
    [phone] => 87397425786
    [formname] => Обратная связь
)

------------------------

------------------------
11.03.2025 10:38:10
CallbackFormEmailModal
Array
(
    [name] => balskaya_1984@onet.pl
    [phone] => 88486665968
    [formname] => Обратная связь
)

------------------------

------------------------
11.03.2025 10:50:51
CallbackFormEmailModal
Array
(
    [name] => combontsegal37@mail.ru
    [phone] => 84432447224
    [formname] => Обратная связь
)

------------------------

------------------------
11.03.2025 10:53:54
CallbackFormEmailModal
Array
(
    [name] => gendraducanprohbay@mail.ru
    [phone] => 89238446939
    [formname] => Обратная связь
)

------------------------

------------------------
11.03.2025 11:15:25
CallbackFormEmailModal
Array
(
    [name] => mark.moshchenskiy.90@mail.ru
    [phone] => 89426236938
    [formname] => Обратная связь
)

------------------------

------------------------
11.03.2025 11:34:16
CallbackFormEmailModal
Array
(
    [name] => naphtloxua-5550@mail.ru
    [phone] => 81414454835
    [formname] => Обратная связь
)

------------------------

------------------------
11.03.2025 12:06:59
CallbackFormEmailModal
Array
(
    [name] => jisankape@list.ru
    [phone] => 87936298664
    [formname] => Обратная связь
)

------------------------

------------------------
11.03.2025 12:49:19
CallbackFormEmailModal
Array
(
    [name] => barbariska8912@gmail.com
    [phone] => 82592755948
    [formname] => Обратная связь
)

------------------------

------------------------
11.03.2025 12:56:50
CallbackFormEmailModal
Array
(
    [name] => galya.usenko.63@mail.ru
    [phone] => 89783774699
    [formname] => Обратная связь
)

------------------------

------------------------
11.03.2025 13:20:35
CallbackFormEmailModal
Array
(
    [name] => picosol@gmail.com
    [phone] => 83881736849
    [formname] => Обратная связь
)

------------------------

------------------------
11.03.2025 15:27:25
CallbackFormEmailModal
Array
(
    [name] => hoag.mcnicholas91@madu58.funny3delements.com 
    [phone] => 83191322581
    [formname] => Обратная связь
)

------------------------

------------------------
11.03.2025 15:40:51
CallbackFormEmailModal
Array
(
    [name] => pencucon_97@mail.ru
    [phone] => 87595127346
    [formname] => Обратная связь
)

------------------------

------------------------
11.03.2025 16:39:55
CallbackFormEmailModal
Array
(
    [name] => jokst0r69@web.de
    [phone] => 85661255956
    [formname] => Обратная связь
)

------------------------

------------------------
11.03.2025 17:11:04
CallbackFormEmailModal
Array
(
    [name] => eprovbelwha@mail.ru
    [phone] => 86235327576
    [formname] => Обратная связь
)

------------------------

------------------------
11.03.2025 22:03:30
CallbackFormEmailModal
Array
(
    [name] => siatimscompma1978@mail.ru
    [phone] => 81622245366
    [formname] => Обратная связь
)

------------------------

------------------------
11.03.2025 22:17:09
CallbackFormEmailModal
Array
(
    [name] => duqotayowud23@gmail.com
    [phone] => 88741455734
    [formname] => Обратная связь
)

------------------------

------------------------
11.03.2025 22:43:35
CallbackFormEmailModal
Array
(
    [name] => lolol56@imap33.site
    [phone] => 89954399518
    [formname] => Обратная связь
)

------------------------

------------------------
11.03.2025 23:58:05
CallbackFormEmailModal
Array
(
    [name] => rose.1981@onet.pl
    [phone] => 85133674549
    [formname] => Обратная связь
)

------------------------
