
------------------------
11.10.2023 1:02:38
CallbackFormEmailModal
Array
(
    [name] => partner-debet@mail.ru
    [phone] => 88521471772
    [formname] => Обратная связь
)

------------------------

------------------------
11.10.2023 2:41:31
CallbackFormEmailModal
Array
(
    [name] => Expert SEO Specialist at SEO Spy
    [phone] => Great Britain
    [formname] => Обратная связь
)

------------------------

------------------------
11.10.2023 4:31:19
CallbackFormEmailModal
Array
(
    [name] => elenaCype@oxidelab.com
    [phone] => 86758912624
    [formname] => Обратная связь
)

------------------------

------------------------
11.10.2023 12:11:51
CallbackFormEmailModal
Array
(
    [name] => immuple@lmaill.xyz
    [phone] => 86764963362
    [formname] => Обратная связь
)

------------------------

------------------------
11.10.2023 18:43:24
CallbackFormEmailModal
Array
(
    [name] => mikegikibe@gmail.com
    [phone] => 84417395986
    [formname] => Обратная связь
)

------------------------

------------------------
11.10.2023 20:28:51
CallbackFormEmailModal
Array
(
    [name] => sale@websciai.com
    [phone] => 83977632215
    [formname] => Обратная связь
)

------------------------

------------------------
11.10.2023 23:22:02
CallbackFormEmailModal
Array
(
    [name] => 79257744468@bk.ru
    [phone] => 79257744468
    [formname] => Обратная связь
)

------------------------
