
------------------------
15.09.2022 5:17:15
Order
Array
(
    [name] => Михаил Юрьевич Данило
    [email] => mikhaildanilo@mail.ru
    [phone] => +7-961-171-1626
    [comment] => Лестничная ступень SР 34х38/30х2 Zn 600х240 мм, кол-во: 1, цена: 1100руб.
Способ доставки: Самовывоз со склада
Выберите способ оплаты: Оплата наличным

Комментарий к заказу: 

    [formname] => Заказ из корзины
    [fields] => Array
        (
            [price] => 8800
        )

)

------------------------

------------------------
15.09.2022 7:28:16
CallbackFormEmailModal
Array
(
    [name] => mgl.enen.ko.tp.a.nkswi.m.pu.l@gmail.com
    [phone] => 87925888943
    [formname] => Обратная связь
)

------------------------

------------------------
15.09.2022 7:28:22
CallbackFormEmailModal
Array
(
    [name] => spbetcas794@gmail.com
    [phone] => 89446181985
    [formname] => Обратная связь
)

------------------------

------------------------
15.09.2022 17:01:17
CallbackFormEmailModal
Array
(
    [name] => mglenen.k.o.tpa.nks.w.imp.ul@gmail.com
    [phone] => 84446353597
    [formname] => Обратная связь
)

------------------------

------------------------
15.09.2022 19:09:29
CallbackFormEmailModal
Array
(
    [name] => mg.l.e.n.e.nk.ot.pa.nks.wi.m.pu.l.@gmail.com
    [phone] => 84982821753
    [formname] => Обратная связь
)

------------------------

------------------------
15.09.2022 20:26:28
CallbackEmailModal
Array
(
    [name] => 1958olinad@gmail.com
    [phone] => +7(961)171-16-26
    [comment] => Название продуката: Лестничная ступень SР 34х38/30х2 Zn 600х240 мм
Комменатрий: до белгорода есть доставка
    [formname] => Задать вопрос по товару
)

------------------------
