
------------------------
13.10.2022 5:54:00
CallbackFormEmailModal
Array
(
    [name] => design8188@list.ru
    [phone] => 79771801247
    [formname] => Обратная связь
)

------------------------

------------------------
13.10.2022 9:00:54
CallbackFormEmailModal
Array
(
    [name] => elderie@bernardmail.xyz
    [phone] => 83938699532
    [formname] => Обратная связь
)

------------------------

------------------------
13.10.2022 10:40:38
CallbackFormEmailModal
Array
(
    [name] => mordkes@gmail.com
    [phone] => 86675788945
    [formname] => Обратная связь
)

------------------------

------------------------
13.10.2022 16:20:09
CallbackFormEmailModal
Array
(
    [name] => terqinorddels197852@rambler.ru
    [phone] => +71231234567
    [formname] => Обратная связь
)

------------------------

------------------------
13.10.2022 18:26:41
CallbackFormEmailModal
Array
(
    [name] => ldinovof1983@mail.ru
    [phone] => 84816685779
    [formname] => Обратная связь
)

------------------------
