
------------------------
25.12.2023 1:30:22
CallbackFormEmailModal
Array
(
    [name] => pause.inyusha@yandex.ru
    [phone] => 85648565285
    [formname] => Обратная связь
)

------------------------

------------------------
25.12.2023 5:12:16
CallbackFormEmailModal
Array
(
    [name] => vaoklavid@yandex.kz
    [phone] => 86915684543
    [formname] => Обратная связь
)

------------------------

------------------------
25.12.2023 6:21:46
CallbackFormEmailModal
Array
(
    [name] => cetka25@mail.ru
    [phone] => 85789433419
    [formname] => Обратная связь
)

------------------------

------------------------
25.12.2023 10:55:11
CallbackFormEmailModal
Array
(
    [name] => dina8@monkey0.site
    [phone] => 84987899596
    [formname] => Обратная связь
)

------------------------

------------------------
25.12.2023 11:52:33
CallbackFormEmailModal
Array
(
    [name] => mamedov.edgar.1992.3.3@inbox.ru
    [phone] => 89967236387
    [formname] => Обратная связь
)

------------------------

------------------------
25.12.2023 13:03:38
CallbackFormEmailModal
Array
(
    [name] => tafilsigo@inbox.ru
    [phone] => 88323147718
    [formname] => Обратная связь
)

------------------------

------------------------
25.12.2023 13:08:21
CallbackFormEmailModal
Array
(
    [name] => shiipscarso@mail.ru
    [phone] => 86536247662
    [formname] => Обратная связь
)

------------------------

------------------------
25.12.2023 13:23:07
CallbackFormEmailModal
Array
(
    [name] => alekseev_aleksandr_1982_30_11@bk.ru
    [phone] => 89737354682
    [formname] => Обратная связь
)

------------------------

------------------------
25.12.2023 13:32:27
CallbackFormEmailModal
Array
(
    [name] => nisakascha@mail.ru
    [phone] => 89538232838
    [formname] => Обратная связь
)

------------------------

------------------------
25.12.2023 13:34:26
CallbackFormEmailModal
Array
(
    [name] => gelibomenlo6420@mail.ru
    [phone] => 83812446138
    [formname] => Обратная связь
)

------------------------

------------------------
25.12.2023 13:52:59
CallbackFormEmailModal
Array
(
    [name] => saakian.vova.1985.13.9@list.ru
    [phone] => 81212582469
    [formname] => Обратная связь
)

------------------------

------------------------
25.12.2023 13:53:49
CallbackFormEmailModal
Array
(
    [name] => bobraklessa@list.ru
    [phone] => 82534565855
    [formname] => Обратная связь
)

------------------------

------------------------
25.12.2023 13:55:24
CallbackFormEmailModal
Array
(
    [name] => rokemneeck@mail.ru
    [phone] => 85738388329
    [formname] => Обратная связь
)

------------------------

------------------------
25.12.2023 13:57:42
CallbackFormEmailModal
Array
(
    [name] => privvenloo1993@mail.ru
    [phone] => 84371536794
    [formname] => Обратная связь
)

------------------------

------------------------
25.12.2023 14:01:28
CallbackFormEmailModal
Array
(
    [name] => siegavmut@mail.ru
    [phone] => 87511535318
    [formname] => Обратная связь
)

------------------------

------------------------
25.12.2023 14:08:03
CallbackFormEmailModal
Array
(
    [name] => musaev.misha.1982.3.5@list.ru
    [phone] => 88369982712
    [formname] => Обратная связь
)

------------------------

------------------------
25.12.2023 14:09:11
CallbackFormEmailModal
Array
(
    [name] => jisankape@list.ru
    [phone] => 89214725875
    [formname] => Обратная связь
)

------------------------

------------------------
25.12.2023 14:12:03
CallbackFormEmailModal
Array
(
    [name] => inenoushumo3218@mail.ru
    [phone] => 84653637232
    [formname] => Обратная связь
)

------------------------

------------------------
25.12.2023 14:13:15
CallbackFormEmailModal
Array
(
    [name] => eepovda@bk.ru
    [phone] => 83424357175
    [formname] => Обратная связь
)

------------------------

------------------------
25.12.2023 14:27:17
CallbackFormEmailModal
Array
(
    [name] => louttotibiggui7918@mail.ru
    [phone] => 84594847586
    [formname] => Обратная связь
)

------------------------

------------------------
25.12.2023 14:27:31
CallbackFormEmailModal
Array
(
    [name] => zumystosa@bk.ru
    [phone] => 88947661323
    [formname] => Обратная связь
)

------------------------

------------------------
25.12.2023 14:30:17
CallbackFormEmailModal
Array
(
    [name] => sirolmitoma6815@mail.ru
    [phone] => 82969512868
    [formname] => Обратная связь
)

------------------------

------------------------
25.12.2023 14:34:32
CallbackFormEmailModal
Array
(
    [name] => reapuzhesh@mail.ru
    [phone] => 81382928985
    [formname] => Обратная связь
)

------------------------

------------------------
25.12.2023 14:37:44
CallbackFormEmailModal
Array
(
    [name] => woodbpurne1983@mail.ru
    [phone] => 85941389846
    [formname] => Обратная связь
)

------------------------

------------------------
25.12.2023 17:39:52
CallbackFormEmailModal
Array
(
    [name] => mikeBraivami@gmail.com
    [phone] => 81424426437
    [formname] => Обратная связь
)

------------------------

------------------------
25.12.2023 21:53:43
CallbackFormEmailModal
Array
(
    [name] => yourmail@gmail.com
    [phone] => 87558815325
    [formname] => Обратная связь
)

------------------------
