
------------------------
18.03.2024 0:39:08
CallbackFormEmailModal
Array
(
    [name] => jacks.m.i.th.19a.z@gmail.com
    [phone] => 86926235351
    [formname] => Обратная связь
)

------------------------

------------------------
18.03.2024 1:07:24
CallbackFormEmailModal
Array
(
    [name] => golowinr@hotmail.com
    [phone] => 81436996179
    [formname] => Обратная связь
)

------------------------

------------------------
18.03.2024 4:50:24
CallbackFormEmailModal
Array
(
    [name] => rusya_nikolayev_84@mail.ru
    [phone] => 82289816198
    [formname] => Обратная связь
)

------------------------

------------------------
18.03.2024 5:07:03
CallbackFormEmailModal
Array
(
    [name] => kobchikova1991@mail.ru
    [phone] => 89837589599
    [formname] => Обратная связь
)

------------------------

------------------------
18.03.2024 5:43:05
CallbackFormEmailModal
Array
(
    [name] => evgenevna5qdk@gmail.com
    [phone] => 82846377236
    [formname] => Обратная связь
)

------------------------

------------------------
18.03.2024 6:07:02
CallbackFormEmailModal
Array
(
    [name] => a.v.i.so.7.6.36@gmail.com
    [phone] => 87159211553
    [formname] => Обратная связь
)

------------------------

------------------------
18.03.2024 6:08:29
CallbackFormEmailModal
Array
(
    [name] => inessa106potapova1983@mail.ru
    [phone] => 84181284724
    [formname] => Обратная связь
)

------------------------

------------------------
18.03.2024 6:32:40
CallbackFormEmailModal
Array
(
    [name] => ngrdberns@gmail.com
    [phone] => 83356916776
    [formname] => Обратная связь
)

------------------------

------------------------
18.03.2024 8:10:02
CallbackFormEmailModal
Array
(
    [name] => lionellagulyaeva19986022@mail.ru
    [phone] => 85465955365
    [formname] => Обратная связь
)

------------------------

------------------------
18.03.2024 8:48:21
CallbackFormEmailModal
Array
(
    [name] => georgeg@dig.oueue.com
    [phone] => 88793665485
    [formname] => Обратная связь
)

------------------------

------------------------
18.03.2024 12:47:34
CallbackFormEmailModal
Array
(
    [name] => shatarraa7p6iv1734@outlook.com
    [phone] => 84187238487
    [formname] => Обратная связь
)

------------------------

------------------------
18.03.2024 13:00:02
CallbackFormEmailModal
Array
(
    [name] => nessgexriesea@mailcos.site

    [phone] => 82894111447
    [formname] => Обратная связь
)

------------------------

------------------------
18.03.2024 15:01:10
CallbackFormEmailModal
Array
(
    [name] => vbbvfdsf35434@mops777.fun
    [phone] => 86145975675
    [formname] => Обратная связь
)

------------------------

------------------------
18.03.2024 16:22:35
CallbackFormEmailModal
Array
(
    [name] => zcwdrzdwfwshdbie@onet.pl
    [phone] => 84711527393
    [formname] => Обратная связь
)

------------------------

------------------------
18.03.2024 18:04:36
CallbackFormEmailModal
Array
(
    [name] => segif18200@shirulo.com
    [phone] => 86345974478
    [formname] => Обратная связь
)

------------------------

------------------------
18.03.2024 23:34:29
CallbackFormEmailModal
Array
(
    [name] => mikeBraivami@gmail.com
    [phone] => 83127218869
    [formname] => Обратная связь
)

------------------------
