
------------------------
22.08.2024 0:15:48
CallbackFormEmailModal
Array
(
    [name] => Emily Johnson
    [phone] => United Kingdom
    [formname] => Обратная связь
)

------------------------

------------------------
22.08.2024 2:23:05
CallbackFormEmailModal
Array
(
    [name] => donnie55_tidwelluj@hotmail.com
    [phone] => 85199479189
    [formname] => Обратная связь
)

------------------------

------------------------
22.08.2024 3:47:10
CallbackFormEmailModal
Array
(
    [name] => fatualireg@mailcos.site

    [phone] => 83344891698
    [formname] => Обратная связь
)

------------------------

------------------------
22.08.2024 7:19:38
CallbackFormEmailModal
Array
(
    [name] => mikeAlburnern@gmail.com
    [phone] => 83316164712
    [formname] => Обратная связь
)

------------------------

------------------------
22.08.2024 10:15:13
CallbackEmailModal
Array
(
    [name] => Дмитрий 
    [phone] => +7(903)664-47-51
    [comment] => Название продуката: Прессованный  настил нестандартных размеров на заказ
Комменатрий: Здравствуйте. Интересует прессованный настил для ступеней размер 1200×300 ячейка 30х11 высота не более 30,нужно 10 штук
    [formname] => Задать вопрос по товару
)

------------------------

------------------------
22.08.2024 11:26:55
CallbackFormEmailModal
Array
(
    [name] => kenley1@xrevelxr.com
    [phone] => 82732337558
    [formname] => Обратная связь
)

------------------------

------------------------
22.08.2024 13:44:52
CallbackFormEmailModal
Array
(
    [name] => xrumer23Kip@gmail.com
    [phone] => 84859542844
    [formname] => Обратная связь
)

------------------------

------------------------
22.08.2024 15:28:08
CallbackFormEmailModal
Array
(
    [name] => shaddka77@outlook.com
    [phone] => 82497682298
    [formname] => Обратная связь
)

------------------------

------------------------
22.08.2024 16:14:12
CallbackFormModal
Array
(
    [name] => Дмитрий 
    [phone] => +7(903)664-47-51
    [formname] => Заказать звонок
)

------------------------

------------------------
22.08.2024 16:58:07
CallbackFormEmailModal
Array
(
    [name] => titingdero19794@gmail.com
    [phone] => 89769821573
    [formname] => Обратная связь
)

------------------------

------------------------
22.08.2024 20:43:54
CallbackFormEmailModal
Array
(
    [name] => bruce2@ie.ernsys.com
    [phone] => 87464183629
    [formname] => Обратная связь
)

------------------------

------------------------
22.08.2024 20:44:45
CallbackFormEmailModal
Array
(
    [name] => kayleighbpsteamship@gmail.com
    [phone] => 85712139181
    [formname] => Обратная связь
)

------------------------

------------------------
22.08.2024 23:16:47
CallbackFormEmailModal
Array
(
    [name] => yourmail@gmail.com
    [phone] => 85851964244
    [formname] => Обратная связь
)

------------------------
