
------------------------
16.05.2025 0:02:49
CallbackFormEmailModal
Array
(
    [name] => mosoce-416@mail.ru
    [phone] => 88466467148
    [formname] => Обратная связь
)

------------------------

------------------------
16.05.2025 2:22:54
CallbackFormEmailModal
Array
(
    [name] => deacren@mail.ru
    [phone] => 81456144531
    [formname] => Обратная связь
)

------------------------

------------------------
16.05.2025 2:27:04
CallbackFormEmailModal
Array
(
    [name] => kozlovvarlen19782037@mail.ru
    [phone] => 83555631192
    [formname] => Обратная связь
)

------------------------

------------------------
16.05.2025 2:34:01
CallbackFormEmailModal
Array
(
    [name] => ramiraselezneva19908003@bk.ru
    [phone] => 81272327735
    [formname] => Обратная связь
)

------------------------

------------------------
16.05.2025 8:21:39
CallbackFormEmailModal
Array
(
    [name] => jisankape@list.ru
    [phone] => 83225228937
    [formname] => Обратная связь
)

------------------------

------------------------
16.05.2025 8:21:39
CallbackFormEmailModal
Array
(
    [name] => saysalruanscilich@mail.ru
    [phone] => 81766761267
    [formname] => Обратная связь
)

------------------------

------------------------
16.05.2025 8:25:38
CallbackFormEmailModal
Array
(
    [name] => profconbu_64@mail.ru
    [phone] => 84316772393
    [formname] => Обратная связь
)

------------------------

------------------------
16.05.2025 8:26:45
CallbackFormEmailModal
Array
(
    [name] => mark.moshchenskiy.90@mail.ru
    [phone] => 81612842843
    [formname] => Обратная связь
)

------------------------

------------------------
16.05.2025 8:26:46
CallbackFormEmailModal
Array
(
    [name] => yulya.onipchenko.88@mail.ru
    [phone] => 81226523358
    [formname] => Обратная связь
)

------------------------

------------------------
16.05.2025 8:28:11
CallbackFormEmailModal
Array
(
    [name] => peraecredad1976@mail.ru
    [phone] => 84487158112
    [formname] => Обратная связь
)

------------------------

------------------------
16.05.2025 8:28:59
CallbackFormEmailModal
Array
(
    [name] => ignatevipatii19908014@mail.ru
    [phone] => 87276632552
    [formname] => Обратная связь
)

------------------------

------------------------
16.05.2025 8:29:02
CallbackFormEmailModal
Array
(
    [name] => mepinfenia@bk.ru
    [phone] => 82466383355
    [formname] => Обратная связь
)

------------------------

------------------------
16.05.2025 8:31:29
CallbackFormEmailModal
Array
(
    [name] => ljusdukeeca1971@mail.ru
    [phone] => 83272937417
    [formname] => Обратная связь
)

------------------------

------------------------
16.05.2025 8:39:21
CallbackFormEmailModal
Array
(
    [name] => combontsegal37@mail.ru
    [phone] => 87592487285
    [formname] => Обратная связь
)

------------------------

------------------------
16.05.2025 8:43:29
CallbackFormEmailModal
Array
(
    [name] => margarita.stolyarova.26.05.1995@mail.ru
    [phone] => 84146688949
    [formname] => Обратная связь
)

------------------------

------------------------
16.05.2025 8:43:33
CallbackFormEmailModal
Array
(
    [name] => tipanasotemthia@mail.ru
    [phone] => 82571687888
    [formname] => Обратная связь
)

------------------------

------------------------
16.05.2025 8:47:11
CallbackFormEmailModal
Array
(
    [name] => arturgorz2o3@bk.ru
    [phone] => 85155112951
    [formname] => Обратная связь
)

------------------------

------------------------
16.05.2025 8:48:34
CallbackFormEmailModal
Array
(
    [name] => karina_platonova_31068@mail.ru
    [phone] => 83564423998
    [formname] => Обратная связь
)

------------------------

------------------------
16.05.2025 11:24:16
CallbackFormEmailModal
Array
(
    [name] => ilnanmode1973@mail.ru
    [phone] => 84881119614
    [formname] => Обратная связь
)

------------------------

------------------------
16.05.2025 11:24:51
CallbackFormEmailModal
Array
(
    [name] => placnacidown1989@mail.ru
    [phone] => 83288771596
    [formname] => Обратная связь
)

------------------------

------------------------
16.05.2025 11:33:47
CallbackFormEmailModal
Array
(
    [name] => higbiosepo1986@mail.ru
    [phone] => 87431659779
    [formname] => Обратная связь
)

------------------------

------------------------
16.05.2025 11:35:46
CallbackFormEmailModal
Array
(
    [name] => noemasharapova19843520@bk.ru
    [phone] => 87258569325
    [formname] => Обратная связь
)

------------------------

------------------------
16.05.2025 11:39:50
CallbackFormEmailModal
Array
(
    [name] => yulya.onipchenko.88@mail.ru
    [phone] => 87744472742
    [formname] => Обратная связь
)

------------------------

------------------------
16.05.2025 11:41:27
CallbackFormEmailModal
Array
(
    [name] => kostinarogneda97@list.ru
    [phone] => 83989165372
    [formname] => Обратная связь
)

------------------------

------------------------
16.05.2025 11:43:01
CallbackFormEmailModal
Array
(
    [name] => prohor.zlobin.14.11.1987@mail.ru
    [phone] => 84649343144
    [formname] => Обратная связь
)

------------------------

------------------------
16.05.2025 14:18:30
CallbackFormEmailModal
Array
(
    [name] => arturgorz2o3@bk.ru
    [phone] => 86583929798
    [formname] => Обратная связь
)

------------------------

------------------------
16.05.2025 14:20:54
CallbackFormEmailModal
Array
(
    [name] => kozlovvarlen19782037@mail.ru
    [phone] => 88215832238
    [formname] => Обратная связь
)

------------------------

------------------------
16.05.2025 14:21:58
CallbackFormEmailModal
Array
(
    [name] => ponomaryov.borya.1983@bk.ru
    [phone] => 82219415593
    [formname] => Обратная связь
)

------------------------

------------------------
16.05.2025 14:22:56
CallbackFormEmailModal
Array
(
    [name] => terjetade1977@mail.ru
    [phone] => 88814582314
    [formname] => Обратная связь
)

------------------------

------------------------
16.05.2025 14:27:18
CallbackFormEmailModal
Array
(
    [name] => qzgbxgcw@fumesmail.com
    [phone] => 82539126216
    [formname] => Обратная связь
)

------------------------

------------------------
16.05.2025 14:29:40
CallbackFormEmailModal
Array
(
    [name] => guerracatherine@list.ru
    [phone] => 86512232479
    [formname] => Обратная связь
)

------------------------

------------------------
16.05.2025 15:18:36
CallbackFormEmailModal
Array
(
    [name] => revers711@1ti.ru
    [phone] => 85916298564
    [formname] => Обратная связь
)

------------------------

------------------------
16.05.2025 16:04:20
CallbackFormEmailModal
Array
(
    [name] => iqablala1980858@mail.ru
    [phone] => 86189896145
    [formname] => Обратная связь
)

------------------------

------------------------
16.05.2025 16:11:03
CallbackFormEmailModal
Array
(
    [name] => arturgorz2o3@bk.ru
    [phone] => 87971914886
    [formname] => Обратная связь
)

------------------------

------------------------
16.05.2025 16:18:39
CallbackFormEmailModal
Array
(
    [name] => rais.shchigelskaya2002@mail.ru
    [phone] => 83828773497
    [formname] => Обратная связь
)

------------------------

------------------------
16.05.2025 17:03:25
CallbackFormEmailModal
Array
(
    [name] => mickeycaf@bk.ru:50xa5mmm4
    [phone] => 85711611454
    [formname] => Обратная связь
)

------------------------

------------------------
16.05.2025 17:16:08
CallbackFormEmailModal
Array
(
    [name] => vcmlyhzz@tubermail.com
    [phone] => 81592977472
    [formname] => Обратная связь
)

------------------------

------------------------
16.05.2025 18:19:51
CallbackFormEmailModal
Array
(
    [name] => yourmail@gmail.com
    [phone] => 83277733337
    [formname] => Обратная связь
)

------------------------

------------------------
16.05.2025 20:03:16
CallbackFormEmailModal
Array
(
    [name] => mike@monkeydigital.co
    [phone] => 87796756368
    [formname] => Обратная связь
)

------------------------

------------------------
16.05.2025 22:19:28
CallbackFormEmailModal
Array
(
    [name] => yourmail@gmail.com
    [phone] => 83314537347
    [formname] => Обратная связь
)

------------------------

------------------------
16.05.2025 22:21:34
CallbackFormEmailModal
Array
(
    [name] => andrey.don.x@gmail.com
    [phone] => 82773322476
    [formname] => Обратная связь
)

------------------------
