
------------------------
29.04.2025 8:02:29
CallbackFormEmailModal
Array
(
    [name] => prohor.zlobin.14.11.1987@mail.ru
    [phone] => 86336947238
    [formname] => Обратная связь
)

------------------------

------------------------
29.04.2025 8:28:16
CallbackFormEmailModal
Array
(
    [name] => kharitonovaezi1987@mail.ru
    [phone] => 82412539847
    [formname] => Обратная связь
)

------------------------

------------------------
29.04.2025 9:57:27
CallbackFormEmailModal
Array
(
    [name] => kostinarogneda97@list.ru
    [phone] => 82975121236
    [formname] => Обратная связь
)

------------------------

------------------------
29.04.2025 10:00:49
CallbackFormEmailModal
Array
(
    [name] => osipova.liliia.1986.22.12@inbox.ru
    [phone] => 88494128878
    [formname] => Обратная связь
)

------------------------

------------------------
29.04.2025 10:01:34
CallbackFormEmailModal
Array
(
    [name] => naphtloxua-5550@mail.ru
    [phone] => 89962115336
    [formname] => Обратная связь
)

------------------------

------------------------
29.04.2025 10:02:11
CallbackFormEmailModal
Array
(
    [name] => eepovda@bk.ru
    [phone] => 83345364292
    [formname] => Обратная связь
)

------------------------

------------------------
29.04.2025 10:07:22
CallbackFormEmailModal
Array
(
    [name] => dolnovam@mail.ru
    [phone] => 86123832483
    [formname] => Обратная связь
)

------------------------

------------------------
29.04.2025 10:08:08
CallbackFormEmailModal
Array
(
    [name] => olesya.zhukova.1994@bk.ru
    [phone] => 88652289562
    [formname] => Обратная связь
)

------------------------

------------------------
29.04.2025 10:13:09
CallbackFormEmailModal
Array
(
    [name] => ofeliyasemenova1993@list.ru
    [phone] => 88976724517
    [formname] => Обратная связь
)

------------------------

------------------------
29.04.2025 10:37:02
CallbackFormEmailModal
Array
(
    [name] => jdjwmvuwpi@rambler.ru
    [phone] => 81494117138
    [formname] => Обратная связь
)

------------------------

------------------------
29.04.2025 10:43:34
CallbackFormEmailModal
Array
(
    [name] => taelivihohtoca@mail.ru
    [phone] => 88372459382
    [formname] => Обратная связь
)

------------------------

------------------------
29.04.2025 12:51:17
CallbackFormEmailModal
Array
(
    [name] => profconbu_64@mail.ru
    [phone] => 83556776275
    [formname] => Обратная связь
)

------------------------

------------------------
29.04.2025 13:02:49
CallbackFormEmailModal
Array
(
    [name] => k.smith@best-domain.site
    [phone] => 88658792836
    [formname] => Обратная связь
)

------------------------

------------------------
29.04.2025 13:16:54
CallbackFormEmailModal
Array
(
    [name] => 4lar444@gmail.com
    [phone] => 89474532917
    [formname] => Обратная связь
)

------------------------

------------------------
29.04.2025 13:57:38
CallbackFormEmailModal
Array
(
    [name] => jackbenson2025@gmail.com
    [phone] => 88857899492
    [formname] => Обратная связь
)

------------------------

------------------------
29.04.2025 16:10:06
CallbackFormEmailModal
Array
(
    [name] => egorbmxik@mail.ru
    [phone] => 87576654889
    [formname] => Обратная связь
)

------------------------

------------------------
29.04.2025 16:10:07
CallbackFormEmailModal
Array
(
    [name] => ljusdukeeca1971@mail.ru
    [phone] => 83399245398
    [formname] => Обратная связь
)

------------------------

------------------------
29.04.2025 16:13:18
CallbackFormEmailModal
Array
(
    [name] => sevastian.borisov.27.8.1978@mail.ru
    [phone] => 86875314765
    [formname] => Обратная связь
)

------------------------

------------------------
29.04.2025 16:16:31
CallbackFormEmailModal
Array
(
    [name] => meacumdes-2597@mail.ru
    [phone] => 82853247484
    [formname] => Обратная связь
)

------------------------

------------------------
29.04.2025 18:11:44
CallbackFormEmailModal
Array
(
    [name] => zcdyuui7@3way3.com
    [phone] => 88472163182
    [formname] => Обратная связь
)

------------------------

------------------------
29.04.2025 18:33:21
CallbackFormEmailModal
Array
(
    [name] => tacusol-6816@mail.ru
    [phone] => 84529453144
    [formname] => Обратная связь
)

------------------------

------------------------
29.04.2025 21:04:37
CallbackFormEmailModal
Array
(
    [name] => Envicebive@yahoo.com
    [phone] => 89692113438
    [formname] => Обратная связь
)

------------------------
