
------------------------
05.07.2025 0:19:39
CallbackFormEmailModal
Array
(
    [name] => revers711@1ti.ru
    [phone] => 86483174142
    [formname] => Обратная связь
)

------------------------

------------------------
05.07.2025 7:22:24
CallbackFormEmailModal
Array
(
    [name] => egorbmxik@mail.ru
    [phone] => 83821834623
    [formname] => Обратная связь
)

------------------------

------------------------
05.07.2025 8:00:42
CallbackFormEmailModal
Array
(
    [name] => karzhavinvenegard@mail.ru
    [phone] => 87236658718
    [formname] => Обратная связь
)

------------------------

------------------------
05.07.2025 8:00:50
CallbackFormEmailModal
Array
(
    [name] => amabil.6002@mail.ru
    [phone] => 88746324719
    [formname] => Обратная связь
)

------------------------

------------------------
05.07.2025 8:10:36
CallbackFormEmailModal
Array
(
    [name] => ogale89@mail.ru
    [phone] => 88833271953
    [formname] => Обратная связь
)

------------------------

------------------------
05.07.2025 8:16:22
CallbackFormEmailModal
Array
(
    [name] => yulya.onipchenko.88@mail.ru
    [phone] => 85512376163
    [formname] => Обратная связь
)

------------------------

------------------------
05.07.2025 8:16:22
CallbackFormEmailModal
Array
(
    [name] => martakalinina84@mail.ru
    [phone] => 85761557996
    [formname] => Обратная связь
)

------------------------
