
------------------------
01.11.2024 1:02:08
CallbackFormEmailModal
Array
(
    [name] => candcondholdi1971@op.pl
    [phone] => 82954541912
    [formname] => Обратная связь
)

------------------------

------------------------
01.11.2024 2:24:12
CallbackFormEmailModal
Array
(
    [name] => donaldrl_whitetq@hotmail.com
    [phone] => 87483845343
    [formname] => Обратная связь
)

------------------------

------------------------
01.11.2024 3:33:44
CallbackFormEmailModal
Array
(
    [name] => laloznolonni@yandex.kz
    [phone] => 82341543334
    [formname] => Обратная связь
)

------------------------

------------------------
01.11.2024 8:14:09
CallbackFormEmailModal
Array
(
    [name] => yyourmail@gmail.com
    [phone] => 89747588624
    [formname] => Обратная связь
)

------------------------

------------------------
01.11.2024 8:26:28
CallbackFormEmailModal
Array
(
    [name] => blogoceaxos1984@op.pl
    [phone] => 83494813679
    [formname] => Обратная связь
)

------------------------

------------------------
01.11.2024 9:08:50
CallbackFormEmailModal
Array
(
    [name] => zuyev-vadik@bk.ru
    [phone] => 81332663252
    [formname] => Обратная связь
)

------------------------

------------------------
01.11.2024 9:10:21
CallbackFormEmailModal
Array
(
    [name] => hervacu.781@mail.ru
    [phone] => 87417935749
    [formname] => Обратная связь
)

------------------------

------------------------
01.11.2024 9:28:34
CallbackFormEmailModal
Array
(
    [name] => footballcountcom@gmail.com
    [phone] => 89887997792
    [formname] => Обратная связь
)

------------------------

------------------------
01.11.2024 9:51:40
CallbackFormEmailModal
Array
(
    [name] => mamedov.edgar.1992.3.3@inbox.ru
    [phone] => 83132281597
    [formname] => Обратная связь
)

------------------------

------------------------
01.11.2024 9:55:27
CallbackFormEmailModal
Array
(
    [name] => jisankape@list.ru
    [phone] => 84954132656
    [formname] => Обратная связь
)

------------------------

------------------------
01.11.2024 10:00:14
CallbackFormEmailModal
Array
(
    [name] => rietraccabun1976@mail.ru
    [phone] => 86715877669
    [formname] => Обратная связь
)

------------------------

------------------------
01.11.2024 10:02:06
CallbackFormEmailModal
Array
(
    [name] => olesya.zhukova.1994@bk.ru
    [phone] => 87473175496
    [formname] => Обратная связь
)

------------------------

------------------------
01.11.2024 10:08:33
CallbackFormEmailModal
Array
(
    [name] => myualyuels@mail.ru
    [phone] => 88863672684
    [formname] => Обратная связь
)

------------------------

------------------------
01.11.2024 10:26:32
CallbackFormEmailModal
Array
(
    [name] => mark.moshchenskiy.90@mail.ru
    [phone] => 86372717797
    [formname] => Обратная связь
)

------------------------

------------------------
01.11.2024 10:28:13
CallbackFormEmailModal
Array
(
    [name] => bigendrakoli4335@mail.ru
    [phone] => 88592542949
    [formname] => Обратная связь
)

------------------------

------------------------
01.11.2024 10:39:22
CallbackFormEmailModal
Array
(
    [name] => 3l1c7@midgame.ru
    [phone] => 85586243428
    [formname] => Обратная связь
)

------------------------

------------------------
01.11.2024 10:42:38
CallbackFormEmailModal
Array
(
    [name] => mitubefhambcomp5336@mail.ru
    [phone] => 89713486723
    [formname] => Обратная связь
)

------------------------

------------------------
01.11.2024 10:44:09
CallbackFormEmailModal
Array
(
    [name] => lisrebowra1989@mail.ru
    [phone] => 83117347991
    [formname] => Обратная связь
)

------------------------

------------------------
01.11.2024 10:46:03
CallbackFormEmailModal
Array
(
    [name] => eprovbelwha@mail.ru
    [phone] => 85451888323
    [formname] => Обратная связь
)

------------------------

------------------------
01.11.2024 10:46:56
CallbackFormEmailModal
Array
(
    [name] => doloresa.grishina@mail.ru
    [phone] => 85879211495
    [formname] => Обратная связь
)

------------------------

------------------------
01.11.2024 10:48:25
CallbackFormEmailModal
Array
(
    [name] => ovnterbefjuden6138@mail.ru
    [phone] => 82267117114
    [formname] => Обратная связь
)

------------------------

------------------------
01.11.2024 10:53:18
CallbackFormEmailModal
Array
(
    [name] => inna.kortneva.69@mail.ru
    [phone] => 85637534758
    [formname] => Обратная связь
)

------------------------

------------------------
01.11.2024 10:55:39
CallbackFormEmailModal
Array
(
    [name] => rerkgeemong98@mail.ru
    [phone] => 88947694666
    [formname] => Обратная связь
)

------------------------

------------------------
01.11.2024 10:57:36
CallbackFormEmailModal
Array
(
    [name] => wemofoomacfensta@mail.ru
    [phone] => 81524426934
    [formname] => Обратная связь
)

------------------------

------------------------
01.11.2024 10:59:52
CallbackFormEmailModal
Array
(
    [name] => kurnevichy@mail.ru
    [phone] => 83997276786
    [formname] => Обратная связь
)

------------------------

------------------------
01.11.2024 11:03:01
CallbackFormEmailModal
Array
(
    [name] => halcheni1990@mail.ru
    [phone] => 83952531578
    [formname] => Обратная связь
)

------------------------

------------------------
01.11.2024 11:03:32
CallbackFormEmailModal
Array
(
    [name] => dispnecer.50@mail.ru
    [phone] => 82447511356
    [formname] => Обратная связь
)

------------------------

------------------------
01.11.2024 11:09:21
CallbackFormEmailModal
Array
(
    [name] => nadacottuobesnie@mail.ru
    [phone] => 83263887942
    [formname] => Обратная связь
)

------------------------

------------------------
01.11.2024 11:10:29
CallbackFormEmailModal
Array
(
    [name] => sevastyan.siyantsev@mail.ru
    [phone] => 88323548981
    [formname] => Обратная связь
)

------------------------

------------------------
01.11.2024 11:10:34
CallbackFormEmailModal
Array
(
    [name] => seimymavig1983@mail.ru
    [phone] => 88538599722
    [formname] => Обратная связь
)

------------------------

------------------------
01.11.2024 11:17:41
CallbackFormEmailModal
Array
(
    [name] => terjetade1977@mail.ru
    [phone] => 87724229239
    [formname] => Обратная связь
)

------------------------

------------------------
01.11.2024 11:27:27
CallbackFormEmailModal
Array
(
    [name] => vanephsaipremelca@mail.ru
    [phone] => 87318199159
    [formname] => Обратная связь
)

------------------------

------------------------
01.11.2024 11:27:28
CallbackFormEmailModal
Array
(
    [name] => tacusol-6816@mail.ru
    [phone] => 88764732918
    [formname] => Обратная связь
)

------------------------

------------------------
01.11.2024 11:28:02
CallbackFormEmailModal
Array
(
    [name] => tacusol-6816@mail.ru
    [phone] => 88545486422
    [formname] => Обратная связь
)

------------------------

------------------------
01.11.2024 11:54:31
CallbackFormEmailModal
Array
(
    [name] => anna.shapiro.78@mail.ru
    [phone] => 84542936693
    [formname] => Обратная связь
)

------------------------

------------------------
01.11.2024 11:54:40
CallbackFormEmailModal
Array
(
    [name] => inna.kortneva.69@mail.ru
    [phone] => 86491653128
    [formname] => Обратная связь
)

------------------------

------------------------
01.11.2024 11:56:27
CallbackFormEmailModal
Array
(
    [name] => pencucon_97@mail.ru
    [phone] => 84342978277
    [formname] => Обратная связь
)

------------------------

------------------------
01.11.2024 12:21:28
CallbackFormEmailModal
Array
(
    [name] => zabirova_lena_1988_15_3@inbox.ru
    [phone] => 84439623793
    [formname] => Обратная связь
)

------------------------

------------------------
01.11.2024 12:41:41
CallbackFormEmailModal
Array
(
    [name] => evgenevna5qdk@gmail.com
    [phone] => 89551167338
    [formname] => Обратная связь
)

------------------------

------------------------
01.11.2024 13:15:09
CallbackFormEmailModal
Array
(
    [name] => 1q0nbg4km@mozmail.com
    [phone] => 82966974357
    [formname] => Обратная связь
)

------------------------

------------------------
01.11.2024 14:53:01
CallbackFormEmailModal
Array
(
    [name] => combontsegal37@mail.ru
    [phone] => 81547177184
    [formname] => Обратная связь
)

------------------------

------------------------
01.11.2024 15:19:40
CallbackFormEmailModal
Array
(
    [name] => sashunya.sergeev.2022@list.ru
    [phone] => 85281291276
    [formname] => Обратная связь
)

------------------------

------------------------
01.11.2024 15:20:16
CallbackFormEmailModal
Array
(
    [name] => saysalruanscilich@mail.ru
    [phone] => 89849578617
    [formname] => Обратная связь
)

------------------------

------------------------
01.11.2024 15:21:32
CallbackFormEmailModal
Array
(
    [name] => higbiosepo1986@mail.ru
    [phone] => 87981966886
    [formname] => Обратная связь
)

------------------------

------------------------
01.11.2024 15:42:51
CallbackFormEmailModal
Array
(
    [name] => iintabre@mail.ru
    [phone] => 84575519186
    [formname] => Обратная связь
)

------------------------

------------------------
01.11.2024 15:47:01
CallbackFormEmailModal
Array
(
    [name] => musaev.misha.1982.3.5@list.ru
    [phone] => 89759221782
    [formname] => Обратная связь
)

------------------------

------------------------
01.11.2024 15:49:20
CallbackFormEmailModal
Array
(
    [name] => olprofemcous1970@mail.ru
    [phone] => 81386553572
    [formname] => Обратная связь
)

------------------------

------------------------
01.11.2024 15:55:24
CallbackFormEmailModal
Array
(
    [name] => taelivihohtoca@mail.ru
    [phone] => 88279178654
    [formname] => Обратная связь
)

------------------------

------------------------
01.11.2024 16:18:05
CallbackFormEmailModal
Array
(
    [name] => mlonanlout1985@mail.ru
    [phone] => 82464292177
    [formname] => Обратная связь
)

------------------------

------------------------
01.11.2024 16:28:41
CallbackFormEmailModal
Array
(
    [name] => dzhavgorat-tashdemirov1981@mail.ru
    [phone] => 86541523114
    [formname] => Обратная связь
)

------------------------

------------------------
01.11.2024 18:42:58
CallbackFormEmailModal
Array
(
    [name] => halcheni1990@mail.ru
    [phone] => 83491719118
    [formname] => Обратная связь
)

------------------------

------------------------
01.11.2024 18:43:30
CallbackFormEmailModal
Array
(
    [name] => tremundeslay1981@mail.ru
    [phone] => 84654473197
    [formname] => Обратная связь
)

------------------------

------------------------
01.11.2024 18:45:50
CallbackFormEmailModal
Array
(
    [name] => alexde_427@mail.ru
    [phone] => 87564659846
    [formname] => Обратная связь
)

------------------------

------------------------
01.11.2024 18:45:54
CallbackFormEmailModal
Array
(
    [name] => placnacidown1989@mail.ru
    [phone] => 87896972283
    [formname] => Обратная связь
)

------------------------

------------------------
01.11.2024 18:46:00
CallbackFormEmailModal
Array
(
    [name] => rabliabar1992@mail.ru
    [phone] => 82864229499
    [formname] => Обратная связь
)

------------------------

------------------------
01.11.2024 18:48:24
CallbackFormEmailModal
Array
(
    [name] => tipanasotemthia@mail.ru
    [phone] => 83836563186
    [formname] => Обратная связь
)

------------------------

------------------------
01.11.2024 18:51:27
CallbackFormEmailModal
Array
(
    [name] => shushalev.yulian@mail.ru
    [phone] => 84476226941
    [formname] => Обратная связь
)

------------------------

------------------------
01.11.2024 18:57:02
CallbackFormEmailModal
Array
(
    [name] => plasrismevan483@mail.ru
    [phone] => 86599157847
    [formname] => Обратная связь
)

------------------------

------------------------
01.11.2024 19:00:38
CallbackFormEmailModal
Array
(
    [name] => pracranohers1989@mail.ru
    [phone] => 82895819477
    [formname] => Обратная связь
)

------------------------

------------------------
01.11.2024 19:01:00
CallbackFormEmailModal
Array
(
    [name] => svildamwellros1984@mail.ru
    [phone] => 87178297684
    [formname] => Обратная связь
)

------------------------

------------------------
01.11.2024 19:01:25
CallbackFormEmailModal
Array
(
    [name] => psincurousenlepen@mail.ru
    [phone] => 88579722133
    [formname] => Обратная связь
)

------------------------

------------------------
01.11.2024 19:04:25
CallbackFormEmailModal
Array
(
    [name] => cernanajel1973@mail.ru
    [phone] => 84377343348
    [formname] => Обратная связь
)

------------------------

------------------------
01.11.2024 19:04:25
CallbackFormEmailModal
Array
(
    [name] => karina_platonova_31068@mail.ru
    [phone] => 83882247671
    [formname] => Обратная связь
)

------------------------

------------------------
01.11.2024 19:05:39
CallbackFormEmailModal
Array
(
    [name] => woodbpurne1983@mail.ru
    [phone] => 84211823375
    [formname] => Обратная связь
)

------------------------

------------------------
01.11.2024 19:06:08
CallbackFormEmailModal
Array
(
    [name] => mikhan-zhuravlev-21610@mail.ru
    [phone] => 86878932461
    [formname] => Обратная связь
)

------------------------

------------------------
01.11.2024 19:06:40
CallbackFormEmailModal
Array
(
    [name] => sionidalsubg1979@mail.ru
    [phone] => 84647486353
    [formname] => Обратная связь
)

------------------------

------------------------
01.11.2024 19:07:05
CallbackFormEmailModal
Array
(
    [name] => nadya.milyukova.69@mail.ru
    [phone] => 84528378135
    [formname] => Обратная связь
)

------------------------

------------------------
01.11.2024 19:07:28
CallbackFormEmailModal
Array
(
    [name] => vanephsaipremelca@mail.ru
    [phone] => 86685456372
    [formname] => Обратная связь
)

------------------------

------------------------
01.11.2024 19:07:36
CallbackFormEmailModal
Array
(
    [name] => osipova.liliia.1986.22.12@inbox.ru
    [phone] => 83663269386
    [formname] => Обратная связь
)

------------------------

------------------------
01.11.2024 19:07:43
CallbackFormEmailModal
Array
(
    [name] => saakian.vova.1985.13.9@list.ru
    [phone] => 88563771912
    [formname] => Обратная связь
)

------------------------

------------------------
01.11.2024 19:09:53
CallbackFormEmailModal
Array
(
    [name] => naphtloxua-5550@mail.ru
    [phone] => 85715863953
    [formname] => Обратная связь
)

------------------------

------------------------
01.11.2024 19:13:32
CallbackFormEmailModal
Array
(
    [name] => gunlekingovertcon@mail.ru
    [phone] => 81316612878
    [formname] => Обратная связь
)

------------------------

------------------------
01.11.2024 19:14:36
CallbackFormEmailModal
Array
(
    [name] => abbyas-venikov1984@mail.ru
    [phone] => 85816238887
    [formname] => Обратная связь
)

------------------------

------------------------
01.11.2024 19:16:57
CallbackFormEmailModal
Array
(
    [name] => fokin.ruslan.1989.6.7@mail.ru
    [phone] => 85248847636
    [formname] => Обратная связь
)

------------------------

------------------------
01.11.2024 19:17:44
CallbackFormEmailModal
Array
(
    [name] => tacusol-6816@mail.ru
    [phone] => 85717629856
    [formname] => Обратная связь
)

------------------------

------------------------
01.11.2024 19:17:46
CallbackFormEmailModal
Array
(
    [name] => smorarabte539@mail.ru
    [phone] => 83244925624
    [formname] => Обратная связь
)

------------------------

------------------------
01.11.2024 19:19:46
CallbackFormEmailModal
Array
(
    [name] => y.kuvayev@mail.ru
    [phone] => 85398356592
    [formname] => Обратная связь
)

------------------------

------------------------
01.11.2024 19:20:00
CallbackFormEmailModal
Array
(
    [name] => kristina_kravtsova_18014@mail.ru
    [phone] => 84671171678
    [formname] => Обратная связь
)

------------------------

------------------------
01.11.2024 19:22:16
CallbackFormEmailModal
Array
(
    [name] => kevbhucaguar1970@mail.ru
    [phone] => 84614431788
    [formname] => Обратная связь
)

------------------------

------------------------
01.11.2024 19:23:22
CallbackFormEmailModal
Array
(
    [name] => sheveleva-alisa@bk.ru
    [phone] => 81612582223
    [formname] => Обратная связь
)

------------------------

------------------------
01.11.2024 19:24:07
CallbackFormEmailModal
Array
(
    [name] => postsaddtaliretneu@mail.ru
    [phone] => 87277725483
    [formname] => Обратная связь
)

------------------------

------------------------
01.11.2024 19:26:04
CallbackFormEmailModal
Array
(
    [name] => siatimscompma1978@mail.ru
    [phone] => 87329477963
    [formname] => Обратная связь
)

------------------------

------------------------
01.11.2024 19:28:10
CallbackFormEmailModal
Array
(
    [name] => zulay.morshnev1994@mail.ru
    [phone] => 83743293289
    [formname] => Обратная связь
)

------------------------

------------------------
01.11.2024 19:28:13
CallbackFormEmailModal
Array
(
    [name] => ilya.igoshin.85@mail.ru
    [phone] => 82741666929
    [formname] => Обратная связь
)

------------------------

------------------------
01.11.2024 19:30:32
CallbackFormEmailModal
Array
(
    [name] => suzdaltsevtazi@mail.ru
    [phone] => 85222489142
    [formname] => Обратная связь
)

------------------------

------------------------
01.11.2024 19:30:54
CallbackFormEmailModal
Array
(
    [name] => trigriastel4@mail.ru
    [phone] => 81618986711
    [formname] => Обратная связь
)

------------------------

------------------------
01.11.2024 19:35:52
CallbackFormEmailModal
Array
(
    [name] => ovnterbefjuden6138@mail.ru
    [phone] => 81558623257
    [formname] => Обратная связь
)

------------------------

------------------------
01.11.2024 19:36:10
CallbackFormEmailModal
Array
(
    [name] => podaiclan_547@mail.ru
    [phone] => 88571213879
    [formname] => Обратная связь
)

------------------------

------------------------
01.11.2024 19:38:05
CallbackFormEmailModal
Array
(
    [name] => shvernik.s@mail.ru
    [phone] => 88669651191
    [formname] => Обратная связь
)

------------------------

------------------------
01.11.2024 19:39:22
CallbackFormEmailModal
Array
(
    [name] => payransripo1981@mail.ru
    [phone] => 86459468126
    [formname] => Обратная связь
)

------------------------

------------------------
01.11.2024 19:42:56
CallbackFormEmailModal
Array
(
    [name] => laisumake186@mail.ru
    [phone] => 87856786241
    [formname] => Обратная связь
)

------------------------

------------------------
01.11.2024 19:46:04
CallbackFormEmailModal
Array
(
    [name] => galya.usenko.63@mail.ru
    [phone] => 89119253869
    [formname] => Обратная связь
)

------------------------

------------------------
01.11.2024 19:46:58
CallbackFormEmailModal
Array
(
    [name] => orlov.roman.1988.2.11@list.ru
    [phone] => 89942588281
    [formname] => Обратная связь
)

------------------------

------------------------
01.11.2024 19:48:39
CallbackFormEmailModal
Array
(
    [name] => erangifest1980@mail.ru
    [phone] => 88191319132
    [formname] => Обратная связь
)

------------------------

------------------------
01.11.2024 19:48:39
CallbackFormEmailModal
Array
(
    [name] => eprovbelwha@mail.ru
    [phone] => 88263295466
    [formname] => Обратная связь
)

------------------------

------------------------
01.11.2024 19:49:40
CallbackFormEmailModal
Array
(
    [name] => pavel.sitdikov.88@mail.ru
    [phone] => 88472688713
    [formname] => Обратная связь
)

------------------------

------------------------
01.11.2024 19:51:31
CallbackFormEmailModal
Array
(
    [name] => illina.medvedko1977@mail.ru
    [phone] => 89449911696
    [formname] => Обратная связь
)

------------------------

------------------------
01.11.2024 19:51:33
CallbackFormEmailModal
Array
(
    [name] => lyads92@mail.ru
    [phone] => 89615393783
    [formname] => Обратная связь
)

------------------------

------------------------
01.11.2024 19:52:00
CallbackFormEmailModal
Array
(
    [name] => gendraducanprohbay@mail.ru
    [phone] => 89127377265
    [formname] => Обратная связь
)

------------------------

------------------------
01.11.2024 19:53:42
CallbackFormEmailModal
Array
(
    [name] => margarit_ternova1999@mail.ru
    [phone] => 87443137629
    [formname] => Обратная связь
)

------------------------

------------------------
01.11.2024 19:53:46
CallbackFormEmailModal
Array
(
    [name] => chofitensatomar@mail.ru
    [phone] => 82118941863
    [formname] => Обратная связь
)

------------------------

------------------------
01.11.2024 19:56:52
CallbackFormEmailModal
Array
(
    [name] => fe1kxu94l@list.ru
    [phone] => 89382663656
    [formname] => Обратная связь
)

------------------------

------------------------
01.11.2024 19:57:11
CallbackFormEmailModal
Array
(
    [name] => ljusdukeeca1971@mail.ru
    [phone] => 84825738616
    [formname] => Обратная связь
)

------------------------

------------------------
01.11.2024 19:57:49
CallbackFormEmailModal
Array
(
    [name] => toypropadsandwesvi@mail.ru
    [phone] => 86691219574
    [formname] => Обратная связь
)

------------------------

------------------------
01.11.2024 20:05:19
CallbackFormEmailModal
Array
(
    [name] => ksanfiizaicev1975637@mail.ru
    [phone] => 82542731135
    [formname] => Обратная связь
)

------------------------

------------------------
01.11.2024 20:06:54
CallbackFormEmailModal
Array
(
    [name] => filimonov.ivan.1997.4.6@list.ru
    [phone] => 88397675935
    [formname] => Обратная связь
)

------------------------

------------------------
01.11.2024 20:14:15
CallbackFormEmailModal
Array
(
    [name] => gulaza-khlyupko2000@mail.ru
    [phone] => 87518378977
    [formname] => Обратная связь
)

------------------------

------------------------
01.11.2024 20:15:18
CallbackFormEmailModal
Array
(
    [name] => ranmicasde1982@mail.ru
    [phone] => 87979715245
    [formname] => Обратная связь
)

------------------------

------------------------
01.11.2024 21:06:35
CallbackFormEmailModal
Array
(
    [name] => Alfonzo Larios
    [phone] => Canada
    [formname] => Обратная связь
)

------------------------

------------------------
01.11.2024 22:20:06
CallbackFormEmailModal
Array
(
    [name] => chebakulinakarasevna@gmail.com
    [phone] => 83457254826
    [formname] => Обратная связь
)

------------------------
