
------------------------
24.08.2024 1:02:22
CallbackFormEmailModal
Array
(
    [name] => svilojbrakec1974@op.pl
    [phone] => 89732868275
    [formname] => Обратная связь
)

------------------------

------------------------
24.08.2024 7:08:54
CallbackFormEmailModal
Array
(
    [name] => stiminrenbi1971@op.pl
    [phone] => 88354377826
    [formname] => Обратная связь
)

------------------------

------------------------
24.08.2024 9:03:41
CallbackFormEmailModal
Array
(
    [name] => shandrel.ricks@yahoo.com
    [phone] => 82775282527
    [formname] => Обратная связь
)

------------------------

------------------------
24.08.2024 9:22:40
CallbackFormEmailModal
Array
(
    [name] => enrerivi@gismail.online

    [phone] => 85125261226
    [formname] => Обратная связь
)

------------------------

------------------------
24.08.2024 16:29:54
CallbackFormEmailModal
Array
(
    [name] => persotadi1976@op.pl
    [phone] => 84556496513
    [formname] => Обратная связь
)

------------------------

------------------------
24.08.2024 18:44:58
CallbackFormEmailModal
Array
(
    [name] => shaddka77@outlook.com
    [phone] => 86895369443
    [formname] => Обратная связь
)

------------------------

------------------------
24.08.2024 23:01:31
CallbackFormEmailModal
Array
(
    [name] => winsatall4ever@gmail.com
    [phone] => 85995382498
    [formname] => Обратная связь
)

------------------------
