
------------------------
16.07.2021 5:31:33
CallbackFormEmailModal
Array
(
    [name] => yandex.top@mail.ru
    [phone] => 83828681296
    [formname] => Обратная связь
)

------------------------

------------------------
16.07.2021 18:11:33
CallbackFormEmailModal
Array
(
    [name] => ymud598@gmail.com
    [phone] => 85776535263
    [formname] => Обратная связь
)

------------------------

------------------------
16.07.2021 23:47:08
CallbackFormEmailModal
Array
(
    [name] => info@prodinfo.ru
    [phone] => 85358838649
    [formname] => Обратная связь
)

------------------------
