
------------------------
23.06.2022 1:45:31
CallbackFormEmailModal
Array
(
    [name] => tkayne5y50i54ty@outlook.com
    [phone] => tkayne5y50i54ty@outlook.com
    [formname] => Обратная связь
)

------------------------

------------------------
23.06.2022 1:45:34
CallbackFormEmailModal
Array
(
    [name] => tkayne5y50i54ty@outlook.com
    [phone] => tkayne5y50i54ty@outlook.com
    [formname] => Обратная связь
)

------------------------

------------------------
23.06.2022 1:45:54
CallbackFormEmailModal
Array
(
    [name] => tkayne5y50i54ty@outlook.com
    [phone] => tkayne5y50i54ty@outlook.com
    [formname] => Обратная связь
)

------------------------

------------------------
23.06.2022 1:45:58
CallbackFormEmailModal
Array
(
    [name] => tkayne5y50i54ty@outlook.com
    [phone] => tkayne5y50i54ty@outlook.com
    [formname] => Обратная связь
)

------------------------

------------------------
23.06.2022 1:46:13
CallbackFormEmailModal
Array
(
    [name] => tkayne5y50i54ty@outlook.com
    [phone] => tkayne5y50i54ty@outlook.com
    [formname] => Обратная связь
)

------------------------

------------------------
23.06.2022 1:46:16
CallbackFormEmailModal
Array
(
    [name] => tkayne5y50i54ty@outlook.com
    [phone] => tkayne5y50i54ty@outlook.com
    [formname] => Обратная связь
)

------------------------

------------------------
23.06.2022 1:46:31
CallbackFormEmailModal
Array
(
    [name] => tkayne5y50i54ty@outlook.com
    [phone] => tkayne5y50i54ty@outlook.com
    [formname] => Обратная связь
)

------------------------

------------------------
23.06.2022 1:46:34
CallbackFormEmailModal
Array
(
    [name] => tkayne5y50i54ty@outlook.com
    [phone] => tkayne5y50i54ty@outlook.com
    [formname] => Обратная связь
)

------------------------

------------------------
23.06.2022 1:46:42
CallbackFormEmailModal
Array
(
    [name] => tkayne5y50i54ty@outlook.com
    [phone] => tkayne5y50i54ty@outlook.com
    [formname] => Обратная связь
)

------------------------

------------------------
23.06.2022 1:46:48
CallbackFormEmailModal
Array
(
    [name] => tkayne5y50i54ty@outlook.com
    [phone] => tkayne5y50i54ty@outlook.com
    [formname] => Обратная связь
)

------------------------

------------------------
23.06.2022 1:47:29
CallbackFormEmailModal
Array
(
    [name] => tkayne5y50i54ty@outlook.com
    [phone] => tkayne5y50i54ty@outlook.com
    [formname] => Обратная связь
)

------------------------

------------------------
23.06.2022 1:47:33
CallbackFormEmailModal
Array
(
    [name] => tkayne5y50i54ty@outlook.com
    [phone] => tkayne5y50i54ty@outlook.com
    [formname] => Обратная связь
)

------------------------

------------------------
23.06.2022 1:47:45
CallbackFormEmailModal
Array
(
    [name] => tkayne5y50i54ty@outlook.com
    [phone] => tkayne5y50i54ty@outlook.com
    [formname] => Обратная связь
)

------------------------

------------------------
23.06.2022 1:47:49
CallbackFormEmailModal
Array
(
    [name] => tkayne5y50i54ty@outlook.com
    [phone] => tkayne5y50i54ty@outlook.com
    [formname] => Обратная связь
)

------------------------

------------------------
23.06.2022 1:48:03
CallbackFormEmailModal
Array
(
    [name] => tkayne5y50i54ty@outlook.com
    [phone] => tkayne5y50i54ty@outlook.com
    [formname] => Обратная связь
)

------------------------

------------------------
23.06.2022 1:48:07
CallbackFormEmailModal
Array
(
    [name] => tkayne5y50i54ty@outlook.com
    [phone] => tkayne5y50i54ty@outlook.com
    [formname] => Обратная связь
)

------------------------

------------------------
23.06.2022 1:48:21
CallbackFormEmailModal
Array
(
    [name] => tkayne5y50i54ty@outlook.com
    [phone] => tkayne5y50i54ty@outlook.com
    [formname] => Обратная связь
)

------------------------

------------------------
23.06.2022 3:16:25
CallbackFormEmailModal
Array
(
    [name] => letgomehmet@yandex.com
    [phone] => 89034392012
    [formname] => Обратная связь
)

------------------------

------------------------
23.06.2022 6:29:04
CallbackFormEmailModal
Array
(
    [name] => dangkieukhanh91489@gmail.com
    [phone] => 89033060781
    [formname] => Обратная связь
)

------------------------

------------------------
23.06.2022 9:30:45
CallbackEmailModal
Array
(
    [name] => osteosy@topmailnew.xyz
    [phone] => 81651888917
    [comment] => Название продуката: Решетчатый настил P 33х11/30х2 Zn 700х1000 мм
Комменатрий: This sterilization procedure making an individual incapable of reproduction is performed using laparoscopy or through a hysteroscope inserted via the cervical os opening. Njyojd https://newfasttadalafil.com/ - buy cialis online united states Gxlxru Cialis Dependance <a href=https://newfasttadalafil.com/>5 mg cialis generic india</a> Zjmdda Viagra Cialis Levitra Wirkung https://newfasttadalafil.com/ - Cialis Qyevmn Buy Cipro 500mg
    [formname] => Задать вопрос по товару
)

------------------------

------------------------
23.06.2022 9:39:22
CallbackFormEmailModal
Array
(
    [name] => xingmeng781280@163.com
    [phone] => 89031104094
    [formname] => Обратная связь
)

------------------------

------------------------
23.06.2022 12:55:06
CallbackFormEmailModal
Array
(
    [name] => luupham301091@gmail.com
    [phone] => 89030505307
    [formname] => Обратная связь
)

------------------------

------------------------
23.06.2022 16:13:52
CallbackFormEmailModal
Array
(
    [name] => katherineeshom@coremail.ru
    [phone] => 89032256420
    [formname] => Обратная связь
)

------------------------

------------------------
23.06.2022 16:36:34
CallbackFormEmailModal
Array
(
    [name] => goormitte@adann.xyz
    [phone] => 85127766446
    [formname] => Обратная связь
)

------------------------

------------------------
23.06.2022 17:50:32
Order
Array
(
    [name] => Владимиир
    [email] => vavasilkov74@gmail.com
    [phone] => +7-985-991-2680
    [comment] => Решетчатый настил P 33х11/30х2 Zn 600х1000 мм, кол-во: 1, цена: 5250руб.
Прессованный  настил P 33х11/30х2 Zn 500х1000 мм, кол-во: 1, цена: 4060руб.
Способ доставки: Самовывоз со склада
Выберите способ оплаты: Оплата наличным

Комментарий к заказу: 

    [formname] => Заказ из корзины
    [fields] => Array
        (
            [price] => 9310
        )

)

------------------------

------------------------
23.06.2022 18:31:34
CallbackFormEmailModal
Array
(
    [name] => ite.r.-.d.e.s.i.gn-.co.m.-.555@gmail.com

    [phone] => 86699239382
    [formname] => Обратная связь
)

------------------------

------------------------
23.06.2022 19:36:04
CallbackFormEmailModal
Array
(
    [name] => josephineskubis@coremail.ru
    [phone] => 89038005967
    [formname] => Обратная связь
)

------------------------

------------------------
23.06.2022 22:53:14
CallbackFormEmailModal
Array
(
    [name] => cryptoto23@gmail.com
    [phone] => 89033732352
    [formname] => Обратная связь
)

------------------------
