
------------------------
26.01.2022 7:28:30
CallbackFormEmailModal
Array
(
    [name] => sindrom@mail.ru
    [phone] => 88003334455
    [formname] => Обратная связь
)

------------------------

------------------------
26.01.2022 10:14:56
CallbackFormEmailModal
Array
(
    [name] => jh.u.i.aa.d.ff.@gmail.com
    [phone] => 87876245245
    [formname] => Обратная связь
)

------------------------

------------------------
26.01.2022 20:38:47
CallbackFormEmailModal
Array
(
    [name] => seogarsvip@yandex.ru
    [phone] => 85552715675
    [formname] => Обратная связь
)

------------------------
