
------------------------
08.07.2025 0:38:50
CallbackFormEmailModal
Array
(
    [name] => yandexmarkets@anonmails.de
    [phone] => 88716779446
    [formname] => Обратная связь
)

------------------------

------------------------
08.07.2025 3:38:29
CallbackFormEmailModal
Array
(
    [name] => bmpkdksxm@15h.ru
    [phone] => 88877825413
    [formname] => Обратная связь
)

------------------------

------------------------
08.07.2025 7:36:07
CallbackFormEmailModal
Array
(
    [name] => mevimuren1970374@mail.ru
    [phone] => 84331682845
    [formname] => Обратная связь
)

------------------------

------------------------
08.07.2025 9:14:36
CallbackFormEmailModal
Array
(
    [name] => yandex_markets@anonmails.de
    [phone] => 85866687434
    [formname] => Обратная связь
)

------------------------

------------------------
08.07.2025 12:19:03
CallbackFormEmailModal
Array
(
    [name] => karina_platonova_31068@mail.ru
    [phone] => 86445211968
    [formname] => Обратная связь
)

------------------------

------------------------
08.07.2025 19:18:32
CallbackFormEmailModal
Array
(
    [name] => yulya.onipchenko.88@mail.ru
    [phone] => 88517776417
    [formname] => Обратная связь
)

------------------------

------------------------
08.07.2025 19:36:04
CallbackFormEmailModal
Array
(
    [name] => margarita.stolyarova.26.05.1995@mail.ru
    [phone] => 84767311131
    [formname] => Обратная связь
)

------------------------

------------------------
08.07.2025 20:03:35
CallbackFormEmailModal
Array
(
    [name] => we634fghhfttdgb@gmail.com
    [phone] => 87888669568
    [formname] => Обратная связь
)

------------------------

------------------------
08.07.2025 21:21:25
CallbackFormEmailModal
Array
(
    [name] => velislavjichastov1986@mail.ru
    [phone] => 85912187885
    [formname] => Обратная связь
)

------------------------
