
------------------------
20.07.2023 0:52:28
CallbackFormEmailModal
Array
(
    [name] => yourmail@gmail.com
    [phone] => 87677965946
    [formname] => Обратная связь
)

------------------------

------------------------
20.07.2023 3:43:21
CallbackFormEmailModal
Array
(
    [name] => infos@nugamedical.pl
    [phone] => 82115561178
    [formname] => Обратная связь
)

------------------------

------------------------
20.07.2023 8:30:43
CallbackFormEmailModal
Array
(
    [name] => jack@free-private-mail.com
    [phone] => 88789855543
    [formname] => Обратная связь
)

------------------------

------------------------
20.07.2023 9:42:07
Order
Array
(
    [name] => Александр Григорьевич Моргачев
    [email] => morgachev.aleksandr@bk.ru
    [phone] => +7-988-770-5044
    [comment] => Лестничная ступень SР 34х38/30х2 Zn 800х240 мм, кол-во: 1, цена: 1480руб.
Способ доставки: Доставка автотранспортом поставщика
Выберите способ оплаты: Оплата наличным
Адрес доставки: 353997 г.Новороссийск, с.Южная Озереевка, ул.Аральская, д.13

Комментарий к заказу: 

    [formname] => Заказ из корзины
    [fields] => Array
        (
            [price] => 7400
        )

)

------------------------

------------------------
20.07.2023 16:23:31
CallbackFormEmailModal
Array
(
    [name] => crainbs24news@gmail.com
    [phone] => 82731973596
    [formname] => Обратная связь
)

------------------------

------------------------
20.07.2023 16:40:13
CallbackFormEmailModal
Array
(
    [name] => keithy2ar.t.e.r.b.e.r.r.y.r.l.@gmail.com
    [phone] => 84164131533
    [formname] => Обратная связь
)

------------------------

------------------------
20.07.2023 21:17:12
CallbackFormEmailModal
Array
(
    [name] => mosoce-416@mail.ru
    [phone] => 87559486445
    [formname] => Обратная связь
)

------------------------

------------------------
20.07.2023 22:28:28
CallbackFormEmailModal
Array
(
    [name] => sachimzhio@mail.ru
    [phone] => 86973894564
    [formname] => Обратная связь
)

------------------------
