
------------------------
31.01.2024 0:37:57
CallbackFormEmailModal
Array
(
    [name] => robert09lopez72as@rambler.ru
    [phone] => 82861339924
    [formname] => Обратная связь
)

------------------------

------------------------
31.01.2024 1:47:23
CallbackFormEmailModal
Array
(
    [name] => anna56@mailth.site
    [phone] => 86927582626
    [formname] => Обратная связь
)

------------------------

------------------------
31.01.2024 2:16:20
CallbackFormEmailModal
Array
(
    [name] => anthony95taylor03as@rambler.ru
    [phone] => 85175884561
    [formname] => Обратная связь
)

------------------------

------------------------
31.01.2024 2:41:04
CallbackFormEmailModal
Array
(
    [name] => indomitowot@outlook.com
    [phone] => 82922568519
    [formname] => Обратная связь
)

------------------------

------------------------
31.01.2024 4:40:50
CallbackFormEmailModal
Array
(
    [name] => melancheel@mail.ru

    [phone] => 347816756
    [formname] => Обратная связь
)

------------------------

------------------------
31.01.2024 4:55:25
CallbackFormEmailModal
Array
(
    [name] => collin49@posti8.site
    [phone] => 87328553585
    [formname] => Обратная связь
)

------------------------

------------------------
31.01.2024 5:54:38
CallbackFormEmailModal
Array
(
    [name] => aq93aqa@rambler.ru
    [phone] => 85215139584
    [formname] => Обратная связь
)

------------------------

------------------------
31.01.2024 6:27:22
CallbackFormEmailModal
Array
(
    [name] => timothygen34564321@gmail.com
    [phone] => 84713681516
    [formname] => Обратная связь
)

------------------------

------------------------
31.01.2024 7:16:14
CallbackFormEmailModal
Array
(
    [name] => ghfdghdtre@gmail.com
    [phone] => 84783284764
    [formname] => Обратная связь
)

------------------------

------------------------
31.01.2024 7:30:59
CallbackFormEmailModal
Array
(
    [name] => ijevanman777@hotmail.com
    [phone] => 83989828122
    [formname] => Обратная связь
)

------------------------

------------------------
31.01.2024 8:16:53
CallbackFormEmailModal
Array
(
    [name] => indomitowot@outlook.com
    [phone] => 87828232749
    [formname] => Обратная связь
)

------------------------

------------------------
31.01.2024 10:49:28
CallbackFormEmailModal
Array
(
    [name] => iaroslav.pankovzxn@yandex.ru
    [phone] => 88983337976
    [formname] => Обратная связь
)

------------------------

------------------------
31.01.2024 11:59:24
CallbackFormEmailModal
Array
(
    [name] => go..........go.t.y..n.@gmail.com
    [phone] => 81453979285
    [formname] => Обратная связь
)

------------------------

------------------------
31.01.2024 12:42:00
CallbackFormEmailModal
Array
(
    [name] => indomitowot@outlook.com
    [phone] => 83446457926
    [formname] => Обратная связь
)

------------------------

------------------------
31.01.2024 12:51:12
CallbackFormEmailModal
Array
(
    [name] => john05scott98as@rambler.ru
    [phone] => 89941223911
    [formname] => Обратная связь
)

------------------------

------------------------
31.01.2024 14:26:40
CallbackFormEmailModal
Array
(
    [name] => christopher54walker31as@rambler.ru
    [phone] => 88269813346
    [formname] => Обратная связь
)

------------------------

------------------------
31.01.2024 14:54:41
CallbackFormEmailModal
Array
(
    [name] => vishnyakovxse1997@mail.ru
    [phone] => 81595853481
    [formname] => Обратная связь
)

------------------------

------------------------
31.01.2024 15:30:52
CallbackFormEmailModal
Array
(
    [name] => moscow@meteo.gold
    [phone] => 82243849278
    [formname] => Обратная связь
)

------------------------

------------------------
31.01.2024 16:18:30
CallbackFormEmailModal
Array
(
    [name] => mikegikibe@gmail.com
    [phone] => 83176281399
    [formname] => Обратная связь
)

------------------------

------------------------
31.01.2024 17:14:51
CallbackFormEmailModal
Array
(
    [name] => yourmail@gmail.com
    [phone] => 82514452413
    [formname] => Обратная связь
)

------------------------

------------------------
31.01.2024 20:21:28
CallbackFormEmailModal
Array
(
    [name] => aq93aqa@rambler.ru
    [phone] => 84278192628
    [formname] => Обратная связь
)

------------------------

------------------------
31.01.2024 21:31:34
CallbackFormEmailModal
Array
(
    [name] => indomitowot@outlook.com
    [phone] => 82683776948
    [formname] => Обратная связь
)

------------------------

------------------------
31.01.2024 22:05:50
CallbackFormEmailModal
Array
(
    [name] => atabdifmo197120@rambler.ru
    [phone] => +71231234567
    [formname] => Обратная связь
)

------------------------

------------------------
31.01.2024 22:41:17
CallbackFormEmailModal
Array
(
    [name] => lucido.leinteract@gmail.com
    [phone] => 84231822819
    [formname] => Обратная связь
)

------------------------
