
------------------------
12.06.2022 1:18:34
CallbackFormEmailModal
Array
(
    [name] => angel-of-darkness@forum.dk
    [phone] => 89034834108
    [formname] => Обратная связь
)

------------------------

------------------------
12.06.2022 2:44:22
CallbackFormEmailModal
Array
(
    [name] => SpipseWit@barrettmail.xyz
    [phone] => 83768596149
    [formname] => Обратная связь
)

------------------------

------------------------
12.06.2022 4:32:31
CallbackFormEmailModal
Array
(
    [name] => zacharysharp0192@mailme.dk
    [phone] => 89035747859
    [formname] => Обратная связь
)

------------------------

------------------------
12.06.2022 7:42:52
CallbackFormEmailModal
Array
(
    [name] => 36mazzaka36@mail-online.dk
    [phone] => 89039198221
    [formname] => Обратная связь
)

------------------------

------------------------
12.06.2022 10:55:50
CallbackFormEmailModal
Array
(
    [name] => ire-lav@mailme.dk
    [phone] => 89030190246
    [formname] => Обратная связь
)

------------------------

------------------------
12.06.2022 13:59:55
CallbackFormEmailModal
Array
(
    [name] => f_m@forum.dk
    [phone] => 89036194015
    [formname] => Обратная связь
)

------------------------

------------------------
12.06.2022 15:34:47
CallbackFormEmailModal
Array
(
    [name] => info.meiwa@via.tokyo.jp
    [phone] => 81888929962
    [formname] => Обратная связь
)

------------------------

------------------------
12.06.2022 17:21:16
CallbackFormEmailModal
Array
(
    [name] => min_egen_babe@forum.dk
    [phone] => 89032686232
    [formname] => Обратная связь
)

------------------------

------------------------
12.06.2022 18:56:23
CallbackFormEmailModal
Array
(
    [name] => charlottegabriel@stayhome.li
    [phone] => 84486974695
    [formname] => Обратная связь
)

------------------------

------------------------
12.06.2022 20:39:50
CallbackFormEmailModal
Array
(
    [name] => erywoke@bernardmail.xyz
    [phone] => 85421285114
    [formname] => Обратная связь
)

------------------------

------------------------
12.06.2022 20:42:29
CallbackFormEmailModal
Array
(
    [name] => susanne-petersen@forum.dk
    [phone] => 89035610179
    [formname] => Обратная связь
)

------------------------
