
------------------------
07.11.2023 3:29:04
CallbackFormEmailModal
Array
(
    [name] => serggor2023@yandex.ru
    [phone] => 83856662232
    [formname] => Обратная связь
)

------------------------

------------------------
07.11.2023 4:35:34
CallbackFormEmailModal
Array
(
    [name] => mysekyy@rambler.ru
    [phone] => 87781232862
    [formname] => Обратная связь
)

------------------------

------------------------
07.11.2023 7:42:50
CallbackFormEmailModal
Array
(
    [name] => vqjhobrt@mail.ru
    [phone] => +791234567588
    [formname] => Обратная связь
)

------------------------

------------------------
07.11.2023 7:45:40
CallbackFormEmailModal
Array
(
    [name] => 42xltzh7gj4fz9k@rambler.ru
    [phone] => 84567668479
    [formname] => Обратная связь
)

------------------------

------------------------
07.11.2023 11:29:48
CallbackFormEmailModal
Array
(
    [name] => haylisaca198930@rambler.ru
    [phone] => +7123456789123
    [formname] => Обратная связь
)

------------------------

------------------------
07.11.2023 11:37:32
CallbackFormEmailModal
Array
(
    [name] => help@gwmetabitt.com
    [phone] => 84123266786
    [formname] => Обратная связь
)

------------------------

------------------------
07.11.2023 14:18:17
CallbackFormEmailModal
Array
(
    [name] => vasiliypup34@yandex.ru
    [phone] => 83759447973
    [formname] => Обратная связь
)

------------------------

------------------------
07.11.2023 15:51:38
CallbackFormEmailModal
Array
(
    [name] => v0xvu7qqgpzwx1u@rambler.ru
    [phone] => 87872323699
    [formname] => Обратная связь
)

------------------------

------------------------
07.11.2023 15:53:04
CallbackFormEmailModal
Array
(
    [name] => 9.01hekj89ertpr82gmbqjnzd6hp@mail5u.xyz
    [phone] => 9.01hekj89ertpr82gmbqjnzd6hp@mail5u.xyz
    [formname] => Обратная связь
)

------------------------

------------------------
07.11.2023 16:34:39
CallbackFormEmailModal
Array
(
    [name] => fd9nq4j965ffmqx@rambler.ru
    [phone] => 88339427392
    [formname] => Обратная связь
)

------------------------

------------------------
07.11.2023 19:06:44
CallbackFormEmailModal
Array
(
    [name] => 5mryspijbncie9g@rambler.ru
    [phone] => 88576955991
    [formname] => Обратная связь
)

------------------------

------------------------
07.11.2023 20:36:29
CallbackFormEmailModal
Array
(
    [name] => nkrocfzuqg@rambler.ru
    [phone] => 86279984926
    [formname] => Обратная связь
)

------------------------

------------------------
07.11.2023 21:21:45
CallbackFormEmailModal
Array
(
    [name] => 89257744468@bk.ru
    [phone] => 79257744468
    [formname] => Обратная связь
)

------------------------

------------------------
07.11.2023 22:49:50
CallbackFormEmailModal
Array
(
    [name] => malinoleg91@mail.ru
    [phone] => 83634958194
    [formname] => Обратная связь
)

------------------------
