
------------------------
29.11.2022 0:21:59
CallbackFormEmailModal
Array
(
    [name] => alexzhortexsnab@mail.ru
    [phone] => 81863814789
    [formname] => Обратная связь
)

------------------------

------------------------
29.11.2022 2:00:50
CallbackFormEmailModal
Array
(
    [name] => wmvhl2229@gowithsee.com
    [phone] => 81619365429
    [formname] => Обратная связь
)

------------------------

------------------------
29.11.2022 4:12:25
CallbackFormEmailModal
Array
(
    [name] => madhunterr141@outlook.com
    [phone] => 87465152645
    [formname] => Обратная связь
)

------------------------

------------------------
29.11.2022 5:21:04
CallbackFormEmailModal
Array
(
    [name] => luki.n.o.vi.c.h.2.022.1355@gmail.com

    [phone] => 86438189328
    [formname] => Обратная связь
)

------------------------

------------------------
29.11.2022 6:53:05
CallbackFormEmailModal
Array
(
    [name] => tfpye6852@gowithsee.com
    [phone] => 85941322873
    [formname] => Обратная связь
)

------------------------

------------------------
29.11.2022 8:34:34
Order
Array
(
    [name] => тимохин олег дмитриевич
    [email] => od.246@ya.ru
    [phone] => +7-962-862-9546
    [comment] => Лестничная ступень SР 34х38/40х3 Zn 1200х305 мм, кол-во: 1, цена: 3150руб.
Способ доставки: Самовывоз со склада
Выберите способ оплаты: Оплата на расчетный счет организации

Комментарий к заказу: 

    [formname] => Заказ из корзины
    [fields] => Array
        (
            [price] => 132300
        )

)

------------------------

------------------------
29.11.2022 10:24:00
CallbackFormEmailModal
Array
(
    [name] => kkash.h.urrley@gmail.com
    [phone] => 84646258268
    [formname] => Обратная связь
)

------------------------

------------------------
29.11.2022 11:03:07
CallbackFormEmailModal
Array
(
    [name] => admin@bbbcrafts.com
    [phone] => 85497221383
    [formname] => Обратная связь
)

------------------------

------------------------
29.11.2022 11:44:36
CallbackFormEmailModal
Array
(
    [name] => baxzv9523@studwork.su
    [phone] => 86515258634
    [formname] => Обратная связь
)

------------------------

------------------------
29.11.2022 12:14:00
CallbackFormEmailModal
Array
(
    [name] => info@outbacknevada.us
    [phone] => 84929529826
    [formname] => Обратная связь
)

------------------------

------------------------
29.11.2022 12:24:56
CallbackFormEmailModal
Array
(
    [name] => choksad@gmail.com
    [phone] => 88635728361
    [formname] => Обратная связь
)

------------------------

------------------------
29.11.2022 12:44:08
CallbackFormEmailModal
Array
(
    [name] => e.m.a.m.ono.va5.6.2.@gmail.com
    [phone] => 84741586712
    [formname] => Обратная связь
)

------------------------

------------------------
29.11.2022 12:47:47
CallbackFormEmailModal
Array
(
    [name] => infos@mypromocode.us
    [phone] => 81886159187
    [formname] => Обратная связь
)

------------------------

------------------------
29.11.2022 13:30:33
CallbackFormEmailModal
Array
(
    [name] => nikitac.shmelevhco@mail.ru
    [phone] => 84552654717
    [formname] => Обратная связь
)

------------------------

------------------------
29.11.2022 13:50:16
CallbackFormEmailModal
Array
(
    [name] => dog.onki.n.av.34.@gmail.com
    [phone] => 85678987739
    [formname] => Обратная связь
)

------------------------

------------------------
29.11.2022 13:50:17
CallbackFormEmailModal
Array
(
    [name] => ir.i.n.ama.slo.v.a61.8@gmail.com
    [phone] => 82646364539
    [formname] => Обратная связь
)

------------------------

------------------------
29.11.2022 13:50:18
CallbackFormEmailModal
Array
(
    [name] => i.n.ga.m.93.9.@gmail.com
    [phone] => 86285833224
    [formname] => Обратная связь
)

------------------------

------------------------
29.11.2022 13:50:28
Order
Array
(
    [name] => Костюнин Константин
    [email] => kks2007@yandex.ru
    [phone] => +7-937-275-1625
    [comment] => Ревизия/прочистка Rw150 с выпуском DN110, кол-во: 1, цена: 4350руб.
Способ доставки: Доставка автотранспортом поставщика
Выберите способ оплаты: Оплата на расчетный счет организации
Адрес доставки: г. Ульяновск

Комментарий к заказу: 
Добрый день, выставьте счет и пропишите срок изготовления.
ООО "СТРОЙПРОЕКТ"	
ИНН:	7327062946
КПП:	732801001

    [formname] => Заказ из корзины
    [fields] => Array
        (
            [price] => 30450
        )

)

------------------------

------------------------
29.11.2022 15:51:47
CallbackFormEmailModal
Array
(
    [name] => i_sergeev_77@bk.ru
    [phone] => 661293314361
    [formname] => Обратная связь
)

------------------------

------------------------
29.11.2022 22:56:53
CallbackFormEmailModal
Array
(
    [name] => a.n.drejhalst.o.v1.6@gmail.com
    [phone] => 89978223592
    [formname] => Обратная связь
)

------------------------

------------------------
29.11.2022 23:19:08
CallbackFormEmailModal
Array
(
    [name] => zvzbfc@outlook.com
    [phone] => 89499774214
    [formname] => Обратная связь
)

------------------------
