
------------------------
23.04.2023 0:02:43
CallbackFormEmailModal
Array
(
    [name] => retfioyt@rambler.ua
    [phone] => 86235623841
    [formname] => Обратная связь
)

------------------------

------------------------
23.04.2023 0:17:52
CallbackFormEmailModal
Array
(
    [name] => werso080000iu@rambler.ru
    [phone] => 81885132637
    [formname] => Обратная связь
)

------------------------

------------------------
23.04.2023 2:34:36
CallbackFormEmailModal
Array
(
    [name] => datafastpx@gmail.com
    [phone] => 83656344247
    [formname] => Обратная связь
)

------------------------

------------------------
23.04.2023 3:18:42
CallbackFormEmailModal
Array
(
    [name] => 313121@seo-vk.fun
    [phone] => 83715837727
    [formname] => Обратная связь
)

------------------------

------------------------
23.04.2023 6:19:39
CallbackFormEmailModal
Array
(
    [name] => nikiderom@gmail.com
    [phone] => 89426815949
    [formname] => Обратная связь
)

------------------------

------------------------
23.04.2023 7:38:54
CallbackFormEmailModal
Array
(
    [name] => werso062000iu@rambler.ru
    [phone] => 82452992338
    [formname] => Обратная связь
)

------------------------

------------------------
23.04.2023 8:11:44
CallbackFormEmailModal
Array
(
    [name] => werso081700iu@rambler.ru
    [phone] => 84115815381
    [formname] => Обратная связь
)

------------------------
