
------------------------
13.07.2021 3:52:51
CallbackFormEmailModal
Array
(
    [name] => Nicholas Griesbaum
    [phone] => GarlandSchwanke@yahoo.com
    [formname] => Обратная связь
)

------------------------

------------------------
13.07.2021 7:01:58
CallbackFormEmailModal
Array
(
    [name] => antonbitrix2020@gmail.com
    [phone] => 86162551151
    [formname] => Обратная связь
)

------------------------

------------------------
13.07.2021 10:47:12
CallbackFormEmailModal
Array
(
    [name] => beradiata1987@mail.ru
    [phone] => 85381827534
    [formname] => Обратная связь
)

------------------------
