
------------------------
06.01.2026 0:10:42
CallbackFormEmailModal
Array
(
    [name] => elisebnnet@gmail.com
    [phone] => 85972737928
    [formname] => Обратная связь
)

------------------------

------------------------
06.01.2026 2:20:56
CallbackFormEmailModal
Array
(
    [name] => qsuxanke@tubermail.com
    [phone] => 87692695215
    [formname] => Обратная связь
)

------------------------

------------------------
06.01.2026 15:02:05
CallbackFormEmailModal
Array
(
    [name] => dolnovam@mail.ru
    [phone] => 85752718824
    [formname] => Обратная связь
)

------------------------

------------------------
06.01.2026 15:39:56
CallbackFormEmailModal
Array
(
    [name] => dolnovam@mail.ru
    [phone] => 86763232584
    [formname] => Обратная связь
)

------------------------
