
------------------------
29.01.2023 5:03:06
CallbackFormEmailModal
Array
(
    [name] => no-replysuinuts@gmail.com
    [phone] => 88287557954
    [formname] => Обратная связь
)

------------------------

------------------------
29.01.2023 7:22:29
CallbackFormEmailModal
Array
(
    [name] => hintportextser299@imails.site

    [phone] => 84858721864
    [formname] => Обратная связь
)

------------------------

------------------------
29.01.2023 8:09:42
CallbackFormEmailModal
Array
(
    [name] => linnejaantonova@yandex.kz
    [phone] => 82189769648
    [formname] => Обратная связь
)

------------------------

------------------------
29.01.2023 21:47:02
CallbackFormEmailModal
Array
(
    [name] => alissagrumb@outlook.com
    [phone] => 88325879284
    [formname] => Обратная связь
)

------------------------

------------------------
29.01.2023 22:25:17
CallbackFormEmailModal
Array
(
    [name] => comrocho712@imails.site

    [phone] => 83311871663
    [formname] => Обратная связь
)

------------------------
