
------------------------
30.01.2025 3:25:16
CallbackFormEmailModal
Array
(
    [name] => nj133ux9@2mailcache.com
    [phone] => 89179683483
    [formname] => Обратная связь
)

------------------------

------------------------
30.01.2025 3:26:54
CallbackFormEmailModal
Array
(
    [name] => 41gvois3@1mailcache.com
    [phone] => 86782985872
    [formname] => Обратная связь
)

------------------------

------------------------
30.01.2025 4:00:26
CallbackFormEmailModal
Array
(
    [name] => itykwarhfel@rudiplomust.com
    [phone] => 88563722182
    [formname] => Обратная связь
)

------------------------

------------------------
30.01.2025 4:17:37
CallbackFormEmailModal
Array
(
    [name] => cpjbqbcazel@rudiplomust.com
    [phone] => 89535989566
    [formname] => Обратная связь
)

------------------------

------------------------
30.01.2025 7:16:15
CallbackFormEmailModal
Array
(
    [name] => l.is.ove.vge.ni.j1.9.6@gmail.com
    [phone] => 85492179389
    [formname] => Обратная связь
)

------------------------

------------------------
30.01.2025 8:47:14
CallbackFormEmailModal
Array
(
    [name] => xpsgxoegxel@rudiplomust.com
    [phone] => 84598271975
    [formname] => Обратная связь
)

------------------------

------------------------
30.01.2025 9:58:46
CallbackFormEmailModal
Array
(
    [name] => werso08kiu@rambler.ru
    [phone] => 85369444469
    [formname] => Обратная связь
)

------------------------

------------------------
30.01.2025 10:24:26
CallbackFormEmailModal
Array
(
    [name] => arturgorz2o3@bk.ru
    [phone] => 86925263617
    [formname] => Обратная связь
)

------------------------

------------------------
30.01.2025 10:46:24
CallbackFormEmailModal
Array
(
    [name] => meequqqeiel@rudiplomust.com
    [phone] => 86222782769
    [formname] => Обратная связь
)

------------------------

------------------------
30.01.2025 11:24:44
CallbackFormEmailModal
Array
(
    [name] => csdtebbznel@rudiplomust.com
    [phone] => 82236113651
    [formname] => Обратная связь
)

------------------------

------------------------
30.01.2025 11:57:00
CallbackFormEmailModal
Array
(
    [name] => charleskable@mail.ru
    [phone] => 84747853461
    [formname] => Обратная связь
)

------------------------

------------------------
30.01.2025 12:19:07
CallbackFormEmailModal
Array
(
    [name] => gabrielakuzmina1989@list.ru
    [phone] => 82418924915
    [formname] => Обратная связь
)

------------------------

------------------------
30.01.2025 12:40:50
CallbackFormEmailModal
Array
(
    [name] => kozlovvarlen19782037@mail.ru
    [phone] => 83647367113
    [formname] => Обратная связь
)

------------------------

------------------------
30.01.2025 13:12:59
CallbackFormEmailModal
Array
(
    [name] => ovnterbefjuden6138@mail.ru
    [phone] => 82687925964
    [formname] => Обратная связь
)

------------------------

------------------------
30.01.2025 14:59:28
CallbackFormEmailModal
Array
(
    [name] => sergoworki.n.g718@gmail.com
    [phone] => 81552874299
    [formname] => Обратная связь
)

------------------------

------------------------
30.01.2025 15:13:44
CallbackFormEmailModal
Array
(
    [name] => ebojajuje04@gmail.com
    [phone] => 84249246549
    [formname] => Обратная связь
)

------------------------

------------------------
30.01.2025 18:21:42
CallbackFormEmailModal
Array
(
    [name] => siatimscompma1978@mail.ru
    [phone] => 87516889331
    [formname] => Обратная связь
)

------------------------

------------------------
30.01.2025 18:44:59
CallbackFormEmailModal
Array
(
    [name] => semendimon1998@gmail.com
    [phone] => 83423974933
    [formname] => Обратная связь
)

------------------------

------------------------
30.01.2025 20:56:09
CallbackFormEmailModal
Array
(
    [name] => 1q0nbg4km@mozmail.com
    [phone] => 87394419863
    [formname] => Обратная связь
)

------------------------

------------------------
30.01.2025 21:39:22
CallbackFormEmailModal
Array
(
    [name] => vincenttaits@mail.ru
    [phone] => 81646192539
    [formname] => Обратная связь
)

------------------------

------------------------
30.01.2025 22:32:38
CallbackFormEmailModal
Array
(
    [name] => nsankqpzmel@rudiplomust.com
    [phone] => 84485934264
    [formname] => Обратная связь
)

------------------------

------------------------
30.01.2025 23:50:36
CallbackFormEmailModal
Array
(
    [name] => fjechwodnjescg1985@onet.pl
    [phone] => 83392343696
    [formname] => Обратная связь
)

------------------------
