
------------------------
13.11.2023 0:39:28
CallbackFormEmailModal
Array
(
    [name] => froeach12@rezka.wtf
    [phone] => 85718431625
    [formname] => Обратная связь
)

------------------------

------------------------
13.11.2023 3:19:19
CallbackFormEmailModal
Array
(
    [name] => nakadatemon@mail3go.online

    [phone] => 87889171123
    [formname] => Обратная связь
)

------------------------

------------------------
13.11.2023 6:36:45
CallbackFormEmailModal
Array
(
    [name] => lenagazprom@gmail.com
    [phone] => 86324845869
    [formname] => Обратная связь
)

------------------------

------------------------
13.11.2023 7:18:37
CallbackFormEmailModal
Array
(
    [name] => vqjhobrt@mail.ru
    [phone] => +791234567120
    [formname] => Обратная связь
)

------------------------

------------------------
13.11.2023 10:43:15
CallbackFormEmailModal
Array
(
    [name] => ar1jf1.u.9n.sj4f1.4n.s.r.5j.f1.4.j9f4@pamyatnic.su
    [phone] => 81234182132
    [formname] => Обратная связь
)

------------------------

------------------------
13.11.2023 11:41:18
CallbackFormEmailModal
Array
(
    [name] => aleksandrovgennadii.alex4ndrov@yandex.ru
    [phone] => 88939221933
    [formname] => Обратная связь
)

------------------------

------------------------
13.11.2023 13:03:31
CallbackFormEmailModal
Array
(
    [name] => noimentcleancons@mail3go.online

    [phone] => 87198735779
    [formname] => Обратная связь
)

------------------------

------------------------
13.11.2023 13:20:03
CallbackFormEmailModal
Array
(
    [name] => knicics@fmaill.xyz
    [phone] => 89452295996
    [formname] => Обратная связь
)

------------------------

------------------------
13.11.2023 14:14:32
CallbackFormEmailModal
Array
(
    [name] => barcelona@espana.gold
    [phone] => 86544415858
    [formname] => Обратная связь
)

------------------------

------------------------
13.11.2023 23:56:14
CallbackFormEmailModal
Array
(
    [name] => vishnyakovilya1997@yandex.ru
    [phone] => 86239454291
    [formname] => Обратная связь
)

------------------------
