
------------------------
18.07.2022 0:53:41
CallbackFormEmailModal
Array
(
    [name] => s.misolongin@hotmail.com
    [phone] => 89034522008
    [formname] => Обратная связь
)

------------------------

------------------------
18.07.2022 3:17:16
CallbackFormEmailModal
Array
(
    [name] => tammyneal33@yahoo.com
    [phone] => 89033061778
    [formname] => Обратная связь
)

------------------------

------------------------
18.07.2022 4:05:45
CallbackFormEmailModal
Array
(
    [name] => prsports@rambler.ru
    [phone] => 81352631566
    [formname] => Обратная связь
)

------------------------

------------------------
18.07.2022 5:14:23
CallbackFormEmailModal
Array
(
    [name] => gilbert@my-mail.site
    [phone] => 87594573728
    [formname] => Обратная связь
)

------------------------

------------------------
18.07.2022 5:41:23
CallbackFormEmailModal
Array
(
    [name] => goodiegoodie44@hotmail.com
    [phone] => 89030257967
    [formname] => Обратная связь
)

------------------------

------------------------
18.07.2022 5:52:35
CallbackFormEmailModal
Array
(
    [name] => dirbaz28888871@list.ru
    [phone] => 79819443991
    [formname] => Обратная связь
)

------------------------

------------------------
18.07.2022 8:05:45
CallbackFormEmailModal
Array
(
    [name] => Dopee.boy246@gmail.com
    [phone] => 89032975451
    [formname] => Обратная связь
)

------------------------

------------------------
18.07.2022 10:28:33
CallbackFormEmailModal
Array
(
    [name] => eocheita88@gmail.com
    [phone] => 89031750997
    [formname] => Обратная связь
)

------------------------

------------------------
18.07.2022 12:46:26
CallbackFormEmailModal
Array
(
    [name] => gilbert@my-mail.site
    [phone] => 84329699981
    [formname] => Обратная связь
)

------------------------

------------------------
18.07.2022 12:52:57
CallbackFormEmailModal
Array
(
    [name] => Joemoney3248@yahoo.com
    [phone] => 89036119285
    [formname] => Обратная связь
)

------------------------

------------------------
18.07.2022 14:54:04
CallbackFormEmailModal
Array
(
    [name] => александр
    [phone] => +7(918)964-97-92
    [formname] => Обратная связь
)

------------------------

------------------------
18.07.2022 14:54:08
CallbackFormEmailModal
Array
(
    [name] => александр
    [phone] => +7(918)964-97-92
    [formname] => Обратная связь
)

------------------------

------------------------
18.07.2022 15:15:13
CallbackFormEmailModal
Array
(
    [name] => danigyrl@mac.com
    [phone] => 89031635085
    [formname] => Обратная связь
)

------------------------

------------------------
18.07.2022 16:46:42
CallbackFormEmailModal
Array
(
    [name] => prsports@rambler.ru
    [phone] => 81242346729
    [formname] => Обратная связь
)

------------------------

------------------------
18.07.2022 17:40:25
CallbackFormEmailModal
Array
(
    [name] => voodoossj@yahoo.com
    [phone] => 89031347821
    [formname] => Обратная связь
)

------------------------

------------------------
18.07.2022 18:54:11
CallbackFormEmailModal
Array
(
    [name] => gilbert@my-mail.site
    [phone] => 87877489792
    [formname] => Обратная связь
)

------------------------

------------------------
18.07.2022 20:05:15
CallbackFormEmailModal
Array
(
    [name] => rell3045@yahoo.com
    [phone] => 89035940469
    [formname] => Обратная связь
)

------------------------

------------------------
18.07.2022 22:29:35
CallbackFormEmailModal
Array
(
    [name] => qqycx1995@163.com
    [phone] => 89031356477
    [formname] => Обратная связь
)

------------------------
