
------------------------
16.01.2023 1:41:08
CallbackFormEmailModal
Array
(
    [name] => taisiya.alximowa@mail.ru
    [phone] => 81136197493
    [formname] => Обратная связь
)

------------------------

------------------------
16.01.2023 1:57:05
CallbackFormEmailModal
Array
(
    [name] => bbaz24888a@bk.ru
    [phone] => 79998527968
    [formname] => Обратная связь
)

------------------------

------------------------
16.01.2023 6:57:29
CallbackFormEmailModal
Array
(
    [name] => yourmail@gmail.com
    [phone] => 85662361481
    [formname] => Обратная связь
)

------------------------

------------------------
16.01.2023 10:39:54
CallbackFormEmailModal
Array
(
    [name] => ga.l.lant.atta.ck.e.r.@gmail.com
    [phone] => 88477812879
    [formname] => Обратная связь
)

------------------------

------------------------
16.01.2023 16:09:09
CallbackFormEmailModal
Array
(
    [name] => taisiya.alximowa@mail.ru
    [phone] => 88715925755
    [formname] => Обратная связь
)

------------------------

------------------------
16.01.2023 17:20:46
CallbackFormEmailModal
Array
(
    [name] => m.iro.nb.i.tk.o.vin.@gmail.com
    [phone] => 89251938893
    [formname] => Обратная связь
)

------------------------

------------------------
16.01.2023 17:22:05
CallbackFormEmailModal
Array
(
    [name] => iri.n.a.mas.lov.a6.18.@gmail.com
    [phone] => 88597446926
    [formname] => Обратная связь
)

------------------------

------------------------
16.01.2023 17:30:01
CallbackFormEmailModal
Array
(
    [name] => k.kashh.urrley@gmail.com
    [phone] => 81784789823
    [formname] => Обратная связь
)

------------------------

------------------------
16.01.2023 17:35:28
CallbackFormEmailModal
Array
(
    [name] => no-replysuinuts@gmail.com
    [phone] => 88617558915
    [formname] => Обратная связь
)

------------------------

------------------------
16.01.2023 22:30:17
CallbackFormEmailModal
Array
(
    [name] => Malka@pochtaserver.ru
    [phone] => 82774847518
    [formname] => Обратная связь
)

------------------------
