
------------------------
22.12.2022 2:14:10
CallbackFormEmailModal
Array
(
    [name] => ahmarlapin@yandex.ru
    [phone] => 85847376692
    [formname] => Обратная связь
)

------------------------

------------------------
22.12.2022 3:30:36
CallbackFormEmailModal
Array
(
    [name] => marcin.zekodolski@interia.pl
    [phone] => 82775158565
    [formname] => Обратная связь
)

------------------------

------------------------
22.12.2022 15:09:32
CallbackFormEmailModal
Array
(
    [name] => maximmad222@yandex.ru
    [phone] => 83281746485
    [formname] => Обратная связь
)

------------------------

------------------------
22.12.2022 15:20:02
CallbackFormEmailModal
Array
(
    [name] => zelatcol@gmail.com
    [phone] => 83196368882
    [formname] => Обратная связь
)

------------------------

------------------------
22.12.2022 15:39:53
CallbackFormEmailModal
Array
(
    [name] => Eric Jones
    [phone] => 555-555-1212
    [formname] => Обратная связь
)

------------------------

------------------------
22.12.2022 16:27:51
CallbackFormEmailModal
Array
(
    [name] => em.a.m.on.o.v.a5.62@gmail.com
    [phone] => 87646585694
    [formname] => Обратная связь
)

------------------------

------------------------
22.12.2022 23:06:32
CallbackFormEmailModal
Array
(
    [name] => m.i.ronbit.ko.vi.n@gmail.com
    [phone] => 84428776282
    [formname] => Обратная связь
)

------------------------

------------------------
22.12.2022 23:06:33
CallbackFormEmailModal
Array
(
    [name] => i.rin.am.a.slova.6.1.8@gmail.com
    [phone] => 83845645743
    [formname] => Обратная связь
)

------------------------

------------------------
22.12.2022 23:06:34
CallbackFormEmailModal
Array
(
    [name] => ingam.939.@gmail.com
    [phone] => 89186447352
    [formname] => Обратная связь
)

------------------------
