
------------------------
27.05.2022 1:48:00
CallbackFormEmailModal
Array
(
    [name] => richard_noau@yahoo.com
    [phone] => 89037395631
    [formname] => Обратная связь
)

------------------------

------------------------
27.05.2022 2:25:26
CallbackFormEmailModal
Array
(
    [name] => campbell426@msn.com
    [phone] => 89037815474
    [formname] => Обратная связь
)

------------------------

------------------------
27.05.2022 4:20:39
CallbackFormEmailModal
Array
(
    [name] => sefplua3gebes@hermesbirkin0.com
    [phone] => 89033929760
    [formname] => Обратная связь
)

------------------------

------------------------
27.05.2022 6:45:29
CallbackFormEmailModal
Array
(
    [name] => forgione@bellsouth.net
    [phone] => 89038959720
    [formname] => Обратная связь
)

------------------------

------------------------
27.05.2022 8:19:09
CallbackFormEmailModal
Array
(
    [name] => elva.roets@yahoo.com
    [phone] => 89031013146
    [formname] => Обратная связь
)

------------------------

------------------------
27.05.2022 9:07:26
CallbackFormEmailModal
Array
(
    [name] => Carlton Rozar
    [phone] => PercyCordonnier79835@gmail.com
    [formname] => Обратная связь
)

------------------------

------------------------
27.05.2022 9:41:45
CallbackFormEmailModal
Array
(
    [name] => christopher@locatell.com
    [phone] => 89031896774
    [formname] => Обратная связь
)

------------------------

------------------------
27.05.2022 10:29:37
CallbackFormEmailModal
Array
(
    [name] => ILoVeJoSh1805@aol.com
    [phone] => 89031967414
    [formname] => Обратная связь
)

------------------------

------------------------
27.05.2022 11:56:28
CallbackFormEmailModal
Array
(
    [name] => photosbyned@gmail.com
    [phone] => 89031702493
    [formname] => Обратная связь
)

------------------------

------------------------
27.05.2022 15:42:34
CallbackFormEmailModal
Array
(
    [name] => nrvgusgqf@msn.com
    [phone] => 89031265796
    [formname] => Обратная связь
)

------------------------

------------------------
27.05.2022 16:30:17
CallbackFormEmailModal
Array
(
    [name] => Tsaunders23@yahoo.com
    [phone] => 89033713736
    [formname] => Обратная связь
)

------------------------

------------------------
27.05.2022 17:09:35
CallbackFormEmailModal
Array
(
    [name] => williamderoy01@yahoo.com
    [phone] => 89035514294
    [formname] => Обратная связь
)

------------------------

------------------------
27.05.2022 22:03:35
CallbackFormEmailModal
Array
(
    [name] => dwschall54@gmail.com
    [phone] => 89038438368
    [formname] => Обратная связь
)

------------------------

------------------------
27.05.2022 22:31:13
CallbackFormEmailModal
Array
(
    [name] => amanda.k32@gmail.com
    [phone] => 89037512759
    [formname] => Обратная связь
)

------------------------

------------------------
27.05.2022 22:39:23
CallbackFormEmailModal
Array
(
    [name] => charlesdory@dolphinmail.org
    [phone] => 89036988260
    [formname] => Обратная связь
)

------------------------
