
------------------------
15.09.2024 1:14:29
CallbackFormEmailModal
Array
(
    [name] => shiski_hash@kypit-kokain-v-ukraine.space
    [phone] => 89913532171
    [formname] => Обратная связь
)

------------------------

------------------------
15.09.2024 4:00:08
CallbackFormEmailModal
Array
(
    [name] => akula-netankist@rambler.ru
    [phone] => 85188134353
    [formname] => Обратная связь
)

------------------------

------------------------
15.09.2024 6:09:53
CallbackFormEmailModal
Array
(
    [name] => vhxviqairel@rudiplomust.com
    [phone] => 82898441668
    [formname] => Обратная связь
)

------------------------

------------------------
15.09.2024 7:01:57
CallbackFormEmailModal
Array
(
    [name] => mikeAlburnern@gmail.com
    [phone] => 83728517638
    [formname] => Обратная связь
)

------------------------

------------------------
15.09.2024 7:17:58
CallbackFormEmailModal
Array
(
    [name] => rndnwhowdel@rudiplomust.com
    [phone] => 88176621869
    [formname] => Обратная связь
)

------------------------

------------------------
15.09.2024 7:27:37
CallbackFormEmailModal
Array
(
    [name] => extazi_mdma@kypit-kokain-v-ukraine.space
    [phone] => 82827157953
    [formname] => Обратная связь
)

------------------------

------------------------
15.09.2024 8:09:06
CallbackFormEmailModal
Array
(
    [name] => tiotrigdydes1984@op.pl
    [phone] => 84843695994
    [formname] => Обратная связь
)

------------------------

------------------------
15.09.2024 9:27:08
CallbackFormEmailModal
Array
(
    [name] => wqeqgzuhsel@rudiplomust.com
    [phone] => 82519763326
    [formname] => Обратная связь
)

------------------------

------------------------
15.09.2024 11:31:53
CallbackFormEmailModal
Array
(
    [name] => ukesjmcasel@rudiplomust.com
    [phone] => 85817385439
    [formname] => Обратная связь
)

------------------------

------------------------
15.09.2024 12:52:25
CallbackFormEmailModal
Array
(
    [name] => mr7zq@melssa.com
    [phone] => 83568112184
    [formname] => Обратная связь
)

------------------------

------------------------
15.09.2024 14:49:01
CallbackFormEmailModal
Array
(
    [name] => aq64aqa@rambler.ru
    [phone] => 87169321983
    [formname] => Обратная связь
)

------------------------

------------------------
15.09.2024 14:54:48
CallbackFormEmailModal
Array
(
    [name] => tysptirannei1972@op.pl
    [phone] => 85214983937
    [formname] => Обратная связь
)

------------------------

------------------------
15.09.2024 15:31:13
CallbackFormEmailModal
Array
(
    [name] => phartisibl@gismail.online

    [phone] => 88977873755
    [formname] => Обратная связь
)

------------------------

------------------------
15.09.2024 17:11:28
CallbackFormEmailModal
Array
(
    [name] => kayleighbpsteamship@gmail.com
    [phone] => 83476494413
    [formname] => Обратная связь
)

------------------------

------------------------
15.09.2024 18:52:02
CallbackFormEmailModal
Array
(
    [name] => mafz94@prostaya-uborka1.ru
    [phone] => 83145379986
    [formname] => Обратная связь
)

------------------------

------------------------
15.09.2024 18:53:41
CallbackFormEmailModal
Array
(
    [name] => 818icvgdkwwdk5s@tempmail.us.com
    [phone] => 83436351172
    [formname] => Обратная связь
)

------------------------

------------------------
15.09.2024 19:36:16
CallbackFormEmailModal
Array
(
    [name] => mxg7fo0e@freewmail.com
    [phone] => 83193282983
    [formname] => Обратная связь
)

------------------------

------------------------
15.09.2024 19:53:29
CallbackFormEmailModal
Array
(
    [name] => ascourempham1980@op.pl
    [phone] => 81156765394
    [formname] => Обратная связь
)

------------------------

------------------------
15.09.2024 19:55:08
CallbackFormEmailModal
Array
(
    [name] => tkneizdoksa@xruma.store
    [phone] => 83661793528
    [formname] => Обратная связь
)

------------------------

------------------------
15.09.2024 22:02:27
CallbackFormEmailModal
Array
(
    [name] => arthrum85@gmail.com
    [phone] => 83935941361
    [formname] => Обратная связь
)

------------------------
