
------------------------
25.02.2025 1:59:48
CallbackFormEmailModal
Array
(
    [name] => lfletbyrfel@rudiplomust.com
    [phone] => 87598558577
    [formname] => Обратная связь
)

------------------------

------------------------
25.02.2025 2:54:07
CallbackFormEmailModal
Array
(
    [name] => pamelastrong2013@dfirstmail.com
    [phone] => 82414291799
    [formname] => Обратная связь
)

------------------------

------------------------
25.02.2025 3:41:36
CallbackFormEmailModal
Array
(
    [name] => rqdtjuqttel@rudiplomust.com
    [phone] => 88884839611
    [formname] => Обратная связь
)

------------------------

------------------------
25.02.2025 6:13:19
CallbackFormEmailModal
Array
(
    [name] => vtekiacslka@rudiplomust.com
    [phone] => 89543983773
    [formname] => Обратная связь
)

------------------------

------------------------
25.02.2025 6:43:30
CallbackFormEmailModal
Array
(
    [name] => dobyfinancial@sendnow.win
    [phone] => 81285175289
    [formname] => Обратная связь
)

------------------------

------------------------
25.02.2025 8:56:04
CallbackFormEmailModal
Array
(
    [name] => zqwfgruuoel@rudiplomust.com
    [phone] => 88591698616
    [formname] => Обратная связь
)

------------------------

------------------------
25.02.2025 8:56:04
CallbackFormEmailModal
Array
(
    [name] => flsmlkkzpel@rudiplomust.com
    [phone] => 84454186892
    [formname] => Обратная связь
)

------------------------

------------------------
25.02.2025 9:06:16
CallbackFormEmailModal
Array
(
    [name] => musaev.misha.1982.3.5@list.ru
    [phone] => 83374334327
    [formname] => Обратная связь
)

------------------------

------------------------
25.02.2025 9:30:30
CallbackFormEmailModal
Array
(
    [name] => stapuntril1990@mail.ru
    [phone] => 89361147483
    [formname] => Обратная связь
)

------------------------

------------------------
25.02.2025 10:38:29
CallbackFormEmailModal
Array
(
    [name] => karpeciktibas19915@bk.ru
    [phone] => 89356313115
    [formname] => Обратная связь
)

------------------------

------------------------
25.02.2025 10:44:56
CallbackFormEmailModal
Array
(
    [name] => tacusol-6816@mail.ru
    [phone] => 88122716561
    [formname] => Обратная связь
)

------------------------

------------------------
25.02.2025 10:58:58
CallbackFormEmailModal
Array
(
    [name] => quejudcatan1981@mail.ru
    [phone] => 84785933996
    [formname] => Обратная связь
)

------------------------

------------------------
25.02.2025 11:26:44
CallbackFormEmailModal
Array
(
    [name] => seimymavig1983@mail.ru
    [phone] => 81335834331
    [formname] => Обратная связь
)

------------------------

------------------------
25.02.2025 11:30:19
CallbackFormEmailModal
Array
(
    [name] => akwupxtzfel@rudiplomust.com
    [phone] => 87998289433
    [formname] => Обратная связь
)

------------------------

------------------------
25.02.2025 11:57:16
CallbackFormEmailModal
Array
(
    [name] => juniortub@mail.ru
    [phone] => 85687221228
    [formname] => Обратная связь
)

------------------------

------------------------
25.02.2025 13:28:35
CallbackFormEmailModal
Array
(
    [name] => ocopesuq299@gmail.com
    [phone] => 85415559641
    [formname] => Обратная связь
)

------------------------

------------------------
25.02.2025 13:49:38
CallbackFormEmailModal
Array
(
    [name] => tipuffpkvel@rudiplomust.com
    [phone] => 85552772547
    [formname] => Обратная связь
)

------------------------

------------------------
25.02.2025 14:30:19
CallbackFormEmailModal
Array
(
    [name] => divqijgjeel@rudiplomust.com
    [phone] => 84414117596
    [formname] => Обратная связь
)

------------------------

------------------------
25.02.2025 18:45:49
CallbackFormEmailModal
Array
(
    [name] => blackseodoorway@vk.com
    [phone] => 87479184848
    [formname] => Обратная связь
)

------------------------

------------------------
25.02.2025 18:53:05
CallbackFormEmailModal
Array
(
    [name] => gabrielehancock1956@vp.pl
    [phone] => 83146993891
    [formname] => Обратная связь
)

------------------------

------------------------
25.02.2025 19:57:37
CallbackFormEmailModal
Array
(
    [name] => marinadestakenet@gmail.com
    [phone] => 82997828733
    [formname] => Обратная связь
)

------------------------

------------------------
25.02.2025 21:11:01
CallbackFormEmailModal
Array
(
    [name] => ztesauxrmSi@rudiplomust.com
    [phone] => 81388998537
    [formname] => Обратная связь
)

------------------------

------------------------
25.02.2025 21:42:47
CallbackFormEmailModal
Array
(
    [name] => tigiqa71@onet.pl
    [phone] => 85842341126
    [formname] => Обратная связь
)

------------------------

------------------------
25.02.2025 23:43:28
CallbackFormEmailModal
Array
(
    [name] => mxgfeendsel@rudiplomust.com
    [phone] => 89512113658
    [formname] => Обратная связь
)

------------------------
