
------------------------
18.12.2023 2:18:00
CallbackFormEmailModal
Array
(
    [name] => millicent_robertsjd23@outlook.com
    [phone] => 83163194523
    [formname] => Обратная связь
)

------------------------

------------------------
18.12.2023 7:46:17
CallbackFormEmailModal
Array
(
    [name] => sviloguzov83@mail.ru
    [phone] => 86733653549
    [formname] => Обратная связь
)

------------------------

------------------------
18.12.2023 8:18:43
CallbackFormEmailModal
Array
(
    [name] => chestnayreklama@hotmail.com
    [phone] => 88437834994
    [formname] => Обратная связь
)

------------------------

------------------------
18.12.2023 11:10:47
CallbackFormEmailModal
Array
(
    [name] => woodbpurne1983@mail.ru
    [phone] => 89482149229
    [formname] => Обратная связь
)

------------------------

------------------------
18.12.2023 13:08:37
CallbackFormEmailModal
Array
(
    [name] => iintabre@mail.ru
    [phone] => 82686286458
    [formname] => Обратная связь
)

------------------------

------------------------
18.12.2023 13:43:59
Order
Array
(
    [name] => Николай Юрьевич Жемчугов
    [email] => 108@santl.ru
    [phone] => +7-922-619-5566
    [comment] => Ревизия/прочистка Rw150 с выпуском DN110, кол-во: 1, цена: 4350руб.
Способ доставки: Самовывоз со склада
Выберите способ оплаты: Оплата на расчетный счет организации

Комментарий к заказу: 

    [formname] => Заказ из корзины
    [fields] => Array
        (
            [price] => 147900
        )

)

------------------------

------------------------
18.12.2023 17:31:02
CallbackFormEmailModal
Array
(
    [name] => zakaz@dom-vradost.ru
    [phone] => 89043334455
    [formname] => Обратная связь
)

------------------------

------------------------
18.12.2023 17:49:11
CallbackFormEmailModal
Array
(
    [name] => temptest378683962@gmail.com
    [phone] => 88937724844
    [formname] => Обратная связь
)

------------------------

------------------------
18.12.2023 19:01:05
CallbackFormEmailModal
Array
(
    [name] => osipova.liliia.1986.22.12@inbox.ru
    [phone] => 85698973297
    [formname] => Обратная связь
)

------------------------

------------------------
18.12.2023 19:04:25
CallbackFormEmailModal
Array
(
    [name] => mamedov.edgar.1992.3.3@inbox.ru
    [phone] => 88332184824
    [formname] => Обратная связь
)

------------------------

------------------------
18.12.2023 19:09:25
CallbackFormEmailModal
Array
(
    [name] => temptest220576548@gmail.com
    [phone] => 83677352176
    [formname] => Обратная связь
)

------------------------

------------------------
18.12.2023 19:12:40
CallbackFormEmailModal
Array
(
    [name] => nbncxqehi@haigrubevel.online
    [phone] => 84677591921
    [formname] => Обратная связь
)

------------------------

------------------------
18.12.2023 19:14:39
CallbackFormEmailModal
Array
(
    [name] => blableatara@mail3go.online

    [phone] => 86289118658
    [formname] => Обратная связь
)

------------------------

------------------------
18.12.2023 19:23:12
CallbackFormEmailModal
Array
(
    [name] => woodbpurne1983@mail.ru
    [phone] => 82556842433
    [formname] => Обратная связь
)

------------------------

------------------------
18.12.2023 21:09:07
CallbackFormEmailModal
Array
(
    [name] => jtfsyq@course-fitness.com
    [phone] => 83277711434
    [formname] => Обратная связь
)

------------------------

------------------------
18.12.2023 21:38:09
CallbackFormEmailModal
Array
(
    [name] => mazunyzhcn@mail.ru
    [phone] => 85795858582
    [formname] => Обратная связь
)

------------------------

------------------------
18.12.2023 21:40:05
CallbackFormEmailModal
Array
(
    [name] => woodbpurne1983@mail.ru
    [phone] => 83541527296
    [formname] => Обратная связь
)

------------------------

------------------------
18.12.2023 21:41:30
CallbackFormEmailModal
Array
(
    [name] => kaapkaksih@mail.ru
    [phone] => 81985643517
    [formname] => Обратная связь
)

------------------------

------------------------
18.12.2023 21:45:09
CallbackFormEmailModal
Array
(
    [name] => filimonov.ivan.1997.4.6@list.ru
    [phone] => 84991143611
    [formname] => Обратная связь
)

------------------------

------------------------
18.12.2023 21:49:17
CallbackFormEmailModal
Array
(
    [name] => saakian.vova.1985.13.9@list.ru
    [phone] => 85435631162
    [formname] => Обратная связь
)

------------------------

------------------------
18.12.2023 21:50:14
CallbackFormEmailModal
Array
(
    [name] => bobraklessa@list.ru
    [phone] => 85344614679
    [formname] => Обратная связь
)

------------------------

------------------------
18.12.2023 21:52:37
CallbackFormEmailModal
Array
(
    [name] => nisakascha@mail.ru
    [phone] => 88769962462
    [formname] => Обратная связь
)

------------------------

------------------------
18.12.2023 21:54:12
CallbackFormEmailModal
Array
(
    [name] => olesya.zhukova.1994@bk.ru
    [phone] => 88389173448
    [formname] => Обратная связь
)

------------------------

------------------------
18.12.2023 21:55:50
CallbackFormEmailModal
Array
(
    [name] => luashaeshk@mail.ru
    [phone] => 82131352519
    [formname] => Обратная связь
)

------------------------

------------------------
18.12.2023 22:00:29
CallbackFormEmailModal
Array
(
    [name] => iintabre@mail.ru
    [phone] => 88391711337
    [formname] => Обратная связь
)

------------------------

------------------------
18.12.2023 22:03:14
CallbackFormEmailModal
Array
(
    [name] => balashova.anna.1989.20.9@list.ru
    [phone] => 89887438741
    [formname] => Обратная связь
)

------------------------

------------------------
18.12.2023 22:04:39
CallbackFormEmailModal
Array
(
    [name] => pashenka.vladimirovich.2023@mail.ru
    [phone] => 86378243417
    [formname] => Обратная связь
)

------------------------

------------------------
18.12.2023 22:09:05
CallbackFormEmailModal
Array
(
    [name] => crabkilldist1986@mail.ru
    [phone] => 81982431492
    [formname] => Обратная связь
)

------------------------

------------------------
18.12.2023 22:12:24
CallbackFormEmailModal
Array
(
    [name] => paraipastmi@list.ru
    [phone] => 81482824294
    [formname] => Обратная связь
)

------------------------

------------------------
18.12.2023 22:13:30
CallbackFormEmailModal
Array
(
    [name] => blazkilself1984@mail.ru
    [phone] => 82888888841
    [formname] => Обратная связь
)

------------------------

------------------------
18.12.2023 22:18:27
CallbackFormEmailModal
Array
(
    [name] => garifullina_1982_21_3@list.ru
    [phone] => 83615577643
    [formname] => Обратная связь
)

------------------------

------------------------
18.12.2023 22:22:05
CallbackFormEmailModal
Array
(
    [name] => crabkilldist1986@mail.ru
    [phone] => 87693111472
    [formname] => Обратная связь
)

------------------------
