
------------------------
29.09.2023 1:47:04
CallbackFormEmailModal
Array
(
    [name] => avreboporn88@gmail.com
    [phone] => 87667141343
    [formname] => Обратная связь
)

------------------------

------------------------
29.09.2023 2:03:51
CallbackFormEmailModal
Array
(
    [name] => draikkimr976@gmail.com
    [phone] => 81749996219
    [formname] => Обратная связь
)

------------------------

------------------------
29.09.2023 8:58:46
CallbackFormEmailModal
Array
(
    [name] => info@eladro.ru
    [phone] => 86819125917
    [formname] => Обратная связь
)

------------------------

------------------------
29.09.2023 9:58:08
CallbackFormEmailModal
Array
(
    [name] => wtfzgknqg@essytop.site
    [phone] => 87882744545
    [formname] => Обратная связь
)

------------------------

------------------------
29.09.2023 11:18:48
CallbackFormEmailModal
Array
(
    [name] => senya@posti8.site
    [phone] => 82174712255
    [formname] => Обратная связь
)

------------------------

------------------------
29.09.2023 11:22:39
CallbackFormEmailModal
Array
(
    [name] => mf2@incy59.excitemail.fun
    [phone] => 86758258717
    [formname] => Обратная связь
)

------------------------

------------------------
29.09.2023 14:31:58
CallbackFormEmailModal
Array
(
    [name] => help@gwmetabitt.com
    [phone] => 89734892784
    [formname] => Обратная связь
)

------------------------

------------------------
29.09.2023 21:06:48
CallbackFormEmailModal
Array
(
    [name] => everestinvest@bk.ru
    [phone] => +74954766662
    [formname] => Обратная связь
)

------------------------

------------------------
29.09.2023 21:22:53
CallbackFormModal
Array
(
    [name] => Сергей 
    [phone] => +7(903)292-88-77
    [formname] => Заказать звонок
)

------------------------
