
------------------------
05.04.2024 1:39:13
CallbackFormEmailModal
Array
(
    [name] => guzman.44@yandex.kz
    [phone] => 81474722735
    [formname] => Обратная связь
)

------------------------

------------------------
05.04.2024 4:27:48
CallbackFormEmailModal
Array
(
    [name] => a.nn.a.ba.tt.2.3@gmail.com
    [phone] => 87562617312
    [formname] => Обратная связь
)

------------------------

------------------------
05.04.2024 11:47:40
CallbackFormEmailModal
Array
(
    [name] => phorofcasperanem@mail.ru
    [phone] => 86832438591
    [formname] => Обратная связь
)

------------------------

------------------------
05.04.2024 11:51:21
CallbackFormEmailModal
Array
(
    [name] => astana_animators@outlook.com
    [phone] => 87311967292
    [formname] => Обратная связь
)

------------------------

------------------------
05.04.2024 12:42:22
Order
Array
(
    [name] => Федоров Николай Алексеевич
    [email] => n.fedorov@kbm-group.ru
    [phone] => +7-962-260-6460
    [comment] => Лестничная ступень SР 34х38/40х3 Zn 1200х305 мм, кол-во: 1, цена: 3150руб.
Способ доставки: Доставка автотранспортом поставщика
Выберите способ оплаты: Оплата на расчетный счет организации
Адрес доставки: 236010, г Калининград, пр-кт Победы, 157А

Комментарий к заказу: 
Можно у вас заказать еще решетчатый настил на площадки?  900х1250 --3 ш и 825х975 - 4 шт  Какая стоимость?
    [formname] => Заказ из корзины
    [fields] => Array
        (
            [price] => 66150
        )

)

------------------------

------------------------
05.04.2024 14:29:46
CallbackFormEmailModal
Array
(
    [name] => eserlecrumictrak@mail.ru
    [phone] => 85182917474
    [formname] => Обратная связь
)

------------------------

------------------------
05.04.2024 17:58:35
CallbackFormEmailModal
Array
(
    [name] => evreinova.fe@yandex.ru
    [phone] => 83579551171
    [formname] => Обратная связь
)

------------------------

------------------------
05.04.2024 18:01:08
CallbackFormEmailModal
Array
(
    [name] => iunskiygipertonik@gmail.com
    [phone] => 85826756942
    [formname] => Обратная связь
)

------------------------

------------------------
05.04.2024 19:07:17
CallbackFormEmailModal
Array
(
    [name] => farbstat@cleanerkat.pl
    [phone] => 88294998918
    [formname] => Обратная связь
)

------------------------

------------------------
05.04.2024 20:51:53
CallbackFormEmailModal
Array
(
    [name] => control_braslet@outlook.com
    [phone] => 85822979471
    [formname] => Обратная связь
)

------------------------

------------------------
05.04.2024 21:10:32
CallbackFormEmailModal
Array
(
    [name] => marveelouz.j.ames.0192@gmail.com
    [phone] => 89862413817
    [formname] => Обратная связь
)

------------------------
