
------------------------
28.07.2023 2:23:46
CallbackFormEmailModal
Array
(
    [name] => bdfpfa5xe0f3r97@rambler.ru
    [phone] => 86773818675
    [formname] => Обратная связь
)

------------------------

------------------------
28.07.2023 7:38:54
CallbackFormEmailModal
Array
(
    [name] => vqjhobrt@mail.ru
    [phone] => +791234567961
    [formname] => Обратная связь
)

------------------------

------------------------
28.07.2023 9:13:28
CallbackFormEmailModal
Array
(
    [name] => a-store-shop@yandex.ru
    [phone] => 85543322931
    [formname] => Обратная связь
)

------------------------

------------------------
28.07.2023 11:31:44
CallbackFormEmailModal
Array
(
    [name] => titova.polina.1981.15.12@list.ru
    [phone] => 87186879847
    [formname] => Обратная связь
)

------------------------

------------------------
28.07.2023 20:28:14
CallbackFormEmailModal
Array
(
    [name] => jeukq8qjls89maa@rambler.ru
    [phone] => 86869951358
    [formname] => Обратная связь
)

------------------------

------------------------
28.07.2023 23:11:46
CallbackFormEmailModal
Array
(
    [name] => aaaalipaa@rambler.ru
    [phone] => 86146165988
    [formname] => Обратная связь
)

------------------------
