
------------------------
03.03.2023 4:39:00
CallbackFormEmailModal
Array
(
    [name] => kurtrolkonkurteu123@gmail.com
    [phone] => 81446961673
    [formname] => Обратная связь
)

------------------------

------------------------
03.03.2023 5:20:34
CallbackFormEmailModal
Array
(
    [name] => m13qhsocjw6jpz6@rambler.ru
    [phone] => 86252711653
    [formname] => Обратная связь
)

------------------------

------------------------
03.03.2023 6:19:11
CallbackFormEmailModal
Array
(
    [name] => 4v4eh@course-fitness.com
    [phone] => 83954362968
    [formname] => Обратная связь
)

------------------------

------------------------
03.03.2023 13:51:50
CallbackFormEmailModal
Array
(
    [name] => r2dv9043kzh66hs@rambler.ru
    [phone] => 82658551378
    [formname] => Обратная связь
)

------------------------

------------------------
03.03.2023 14:46:44
CallbackFormEmailModal
Array
(
    [name] => midaribba@rambler.ru
    [phone] => 87752112381
    [formname] => Обратная связь
)

------------------------

------------------------
03.03.2023 22:30:24
CallbackFormEmailModal
Array
(
    [name] => Eric Jones
    [phone] => 555-555-1212
    [formname] => Обратная связь
)

------------------------

------------------------
03.03.2023 23:17:23
CallbackFormEmailModal
Array
(
    [name] => edf6dsf0uh3k4b6@rambler.ru
    [phone] => 82757655279
    [formname] => Обратная связь
)

------------------------
