
------------------------
27.11.2024 0:40:29
CallbackFormEmailModal
Array
(
    [name] => alex01@24red.ru
    [phone] => 88583762771
    [formname] => Обратная связь
)

------------------------

------------------------
27.11.2024 1:51:59
CallbackFormEmailModal
Array
(
    [name] => ibucezevuda439@gmail.com
    [phone] => 85914462346
    [formname] => Обратная связь
)

------------------------

------------------------
27.11.2024 5:12:25
CallbackFormEmailModal
Array
(
    [name] => nadya.milyukova.69@mail.ru
    [phone] => 84114577591
    [formname] => Обратная связь
)

------------------------

------------------------
27.11.2024 7:13:43
CallbackFormEmailModal
Array
(
    [name] => evdpexxefsr@tb-kupitb-biletb-na-samolet1.ru
    [phone] => 85972224962
    [formname] => Обратная связь
)

------------------------

------------------------
27.11.2024 8:56:21
CallbackFormEmailModal
Array
(
    [name] => taelivihohtoca@mail.ru
    [phone] => 83465367579
    [formname] => Обратная связь
)

------------------------

------------------------
27.11.2024 13:35:12
CallbackFormEmailModal
Array
(
    [name] => laisumake186@mail.ru
    [phone] => 87371919173
    [formname] => Обратная связь
)

------------------------

------------------------
27.11.2024 13:46:31
CallbackFormEmailModal
Array
(
    [name] => piemenmo.65@mail.ru
    [phone] => 86513248692
    [formname] => Обратная связь
)

------------------------

------------------------
27.11.2024 14:46:22
CallbackFormEmailModal
Array
(
    [name] => mamedov.edgar.1992.3.3@inbox.ru
    [phone] => 82157293495
    [formname] => Обратная связь
)

------------------------

------------------------
27.11.2024 14:58:13
CallbackFormEmailModal
Array
(
    [name] => pw3b11@yandex.by
    [phone] => 82871198433
    [formname] => Обратная связь
)

------------------------

------------------------
27.11.2024 15:21:22
CallbackFormEmailModal
Array
(
    [name] => pavel.sitdikov.88@mail.ru
    [phone] => 87843952289
    [formname] => Обратная связь
)

------------------------

------------------------
27.11.2024 16:09:35
CallbackFormEmailModal
Array
(
    [name] => nadacottuobesnie@mail.ru
    [phone] => 85815981561
    [formname] => Обратная связь
)

------------------------

------------------------
27.11.2024 16:40:23
CallbackFormEmailModal
Array
(
    [name] => egorbmxik@mail.ru
    [phone] => 88193841255
    [formname] => Обратная связь
)

------------------------

------------------------
27.11.2024 16:49:10
CallbackFormEmailModal
Array
(
    [name] => seimymavig1983@mail.ru
    [phone] => 87911253758
    [formname] => Обратная связь
)

------------------------

------------------------
27.11.2024 17:45:09
CallbackFormEmailModal
Array
(
    [name] => ela.kubets.94@mail.ru
    [phone] => 85565235654
    [formname] => Обратная связь
)

------------------------

------------------------
27.11.2024 17:46:28
CallbackFormEmailModal
Array
(
    [name] => ljusdukeeca1971@mail.ru
    [phone] => 81214226629
    [formname] => Обратная связь
)

------------------------

------------------------
27.11.2024 18:42:51
CallbackFormEmailModal
Array
(
    [name] => palamedastafjev@yandex.ru
    [phone] => 85653451894
    [formname] => Обратная связь
)

------------------------

------------------------
27.11.2024 19:17:17
CallbackFormEmailModal
Array
(
    [name] => d456fg566@gazeta.pl
    [phone] => 88179234418
    [formname] => Обратная связь
)

------------------------

------------------------
27.11.2024 21:36:45
CallbackFormEmailModal
Array
(
    [name] => vcebchibcjencovi@gmail.com
    [phone] => 86381531151
    [formname] => Обратная связь
)

------------------------

------------------------
27.11.2024 22:37:07
CallbackFormEmailModal
Array
(
    [name] => dwheelmontcade1989@op.pl
    [phone] => 88637124724
    [formname] => Обратная связь
)

------------------------
