
------------------------
08.11.2021 1:03:51
CallbackFormEmailModal
Array
(
    [name] => transbass20245@inbox.ru
    [phone] => 79812345063
    [formname] => Обратная связь
)

------------------------

------------------------
08.11.2021 6:16:05
CallbackFormEmailModal
Array
(
    [name] => shekerlokxid1988@rambler.ru
    [phone] => 89150804233
    [formname] => Обратная связь
)

------------------------

------------------------
08.11.2021 12:48:58
CallbackFormEmailModal
Array
(
    [name] => andrewsshauna132@gmail.com
    [phone] => andrewsshauna132@gmail.com
    [formname] => Обратная связь
)

------------------------

------------------------
08.11.2021 12:49:03
CallbackFormEmailModal
Array
(
    [name] => andrewsshauna132@gmail.com
    [phone] => andrewsshauna132@gmail.com
    [formname] => Обратная связь
)

------------------------

------------------------
08.11.2021 12:49:14
CallbackFormEmailModal
Array
(
    [name] => andrewsshauna132@gmail.com
    [phone] => andrewsshauna132@gmail.com
    [formname] => Обратная связь
)

------------------------

------------------------
08.11.2021 12:49:17
CallbackFormEmailModal
Array
(
    [name] => andrewsshauna132@gmail.com
    [phone] => andrewsshauna132@gmail.com
    [formname] => Обратная связь
)

------------------------

------------------------
08.11.2021 12:49:23
CallbackFormEmailModal
Array
(
    [name] => andrewsshauna132@gmail.com
    [phone] => andrewsshauna132@gmail.com
    [formname] => Обратная связь
)

------------------------

------------------------
08.11.2021 12:49:30
CallbackFormEmailModal
Array
(
    [name] => andrewsshauna132@gmail.com
    [phone] => andrewsshauna132@gmail.com
    [formname] => Обратная связь
)

------------------------

------------------------
08.11.2021 12:49:39
CallbackFormEmailModal
Array
(
    [name] => andrewsshauna132@gmail.com
    [phone] => andrewsshauna132@gmail.com
    [formname] => Обратная связь
)

------------------------

------------------------
08.11.2021 12:49:42
CallbackFormEmailModal
Array
(
    [name] => andrewsshauna132@gmail.com
    [phone] => andrewsshauna132@gmail.com
    [formname] => Обратная связь
)

------------------------

------------------------
08.11.2021 12:49:47
CallbackFormEmailModal
Array
(
    [name] => andrewsshauna132@gmail.com
    [phone] => andrewsshauna132@gmail.com
    [formname] => Обратная связь
)

------------------------

------------------------
08.11.2021 12:49:51
CallbackFormEmailModal
Array
(
    [name] => andrewsshauna132@gmail.com
    [phone] => andrewsshauna132@gmail.com
    [formname] => Обратная связь
)

------------------------

------------------------
08.11.2021 12:50:12
CallbackFormEmailModal
Array
(
    [name] => andrewsshauna132@gmail.com
    [phone] => andrewsshauna132@gmail.com
    [formname] => Обратная связь
)

------------------------

------------------------
08.11.2021 12:50:16
CallbackFormEmailModal
Array
(
    [name] => andrewsshauna132@gmail.com
    [phone] => andrewsshauna132@gmail.com
    [formname] => Обратная связь
)

------------------------

------------------------
08.11.2021 12:50:24
CallbackFormEmailModal
Array
(
    [name] => andrewsshauna132@gmail.com
    [phone] => andrewsshauna132@gmail.com
    [formname] => Обратная связь
)

------------------------

------------------------
08.11.2021 12:50:27
CallbackFormEmailModal
Array
(
    [name] => andrewsshauna132@gmail.com
    [phone] => andrewsshauna132@gmail.com
    [formname] => Обратная связь
)

------------------------

------------------------
08.11.2021 12:50:38
CallbackFormEmailModal
Array
(
    [name] => andrewsshauna132@gmail.com
    [phone] => andrewsshauna132@gmail.com
    [formname] => Обратная связь
)

------------------------

------------------------
08.11.2021 12:50:41
CallbackFormEmailModal
Array
(
    [name] => andrewsshauna132@gmail.com
    [phone] => andrewsshauna132@gmail.com
    [formname] => Обратная связь
)

------------------------

------------------------
08.11.2021 12:50:50
CallbackFormEmailModal
Array
(
    [name] => andrewsshauna132@gmail.com
    [phone] => andrewsshauna132@gmail.com
    [formname] => Обратная связь
)

------------------------

------------------------
08.11.2021 12:50:53
CallbackFormEmailModal
Array
(
    [name] => andrewsshauna132@gmail.com
    [phone] => andrewsshauna132@gmail.com
    [formname] => Обратная связь
)

------------------------

------------------------
08.11.2021 12:50:59
CallbackFormEmailModal
Array
(
    [name] => andrewsshauna132@gmail.com
    [phone] => andrewsshauna132@gmail.com
    [formname] => Обратная связь
)

------------------------

------------------------
08.11.2021 12:51:03
CallbackFormEmailModal
Array
(
    [name] => andrewsshauna132@gmail.com
    [phone] => andrewsshauna132@gmail.com
    [formname] => Обратная связь
)

------------------------

------------------------
08.11.2021 12:51:32
CallbackFormEmailModal
Array
(
    [name] => andrewsshauna132@gmail.com
    [phone] => andrewsshauna132@gmail.com
    [formname] => Обратная связь
)

------------------------

------------------------
08.11.2021 12:51:36
CallbackFormEmailModal
Array
(
    [name] => andrewsshauna132@gmail.com
    [phone] => andrewsshauna132@gmail.com
    [formname] => Обратная связь
)

------------------------
