
------------------------
13.01.2022 0:34:02
CallbackFormEmailModal
Array
(
    [name] => wbbase20220111@inbox.ru
    [phone] => 79672213526
    [formname] => Обратная связь
)

------------------------

------------------------
13.01.2022 2:10:05
CallbackFormEmailModal
Array
(
    [name] => Eric Jones
    [phone] => 555-555-1212
    [formname] => Обратная связь
)

------------------------

------------------------
13.01.2022 23:07:45
CallbackFormEmailModal
Array
(
    [name] => seologic77@gmail.com
    [phone] => +74991234567
    [formname] => Обратная связь
)

------------------------
