
------------------------
28.04.2025 2:45:52
CallbackFormEmailModal
Array
(
    [name] => janknaler@web.de
    [phone] => 83429214411
    [formname] => Обратная связь
)

------------------------

------------------------
28.04.2025 2:53:13
CallbackFormEmailModal
Array
(
    [name] => jesus.alfonso2402@web.de
    [phone] => 87645594989
    [formname] => Обратная связь
)

------------------------

------------------------
28.04.2025 5:43:21
CallbackFormEmailModal
Array
(
    [name] => semuldons@int.pl
    [phone] => 81441694156
    [formname] => Обратная связь
)

------------------------

------------------------
28.04.2025 6:30:40
CallbackFormEmailModal
Array
(
    [name] => 4lar444@gmail.com
    [phone] => 82399525413
    [formname] => Обратная связь
)

------------------------

------------------------
28.04.2025 6:45:53
CallbackFormEmailModal
Array
(
    [name] => inemjen@gismail.online

    [phone] => 84777546949
    [formname] => Обратная связь
)

------------------------

------------------------
28.04.2025 8:45:43
CallbackFormEmailModal
Array
(
    [name] => 1q0nbg4km@mozmail.com
    [phone] => 87195132664
    [formname] => Обратная связь
)

------------------------

------------------------
28.04.2025 8:56:48
CallbackFormEmailModal
Array
(
    [name] => veronika.goryunova.06.09.2001@mail.ru
    [phone] => 81196372374
    [formname] => Обратная связь
)

------------------------

------------------------
28.04.2025 8:56:49
CallbackFormEmailModal
Array
(
    [name] => kozlovvarlen19782037@mail.ru
    [phone] => 86978924276
    [formname] => Обратная связь
)

------------------------

------------------------
28.04.2025 8:58:41
CallbackFormEmailModal
Array
(
    [name] => arturgorz2o3@bk.ru
    [phone] => 81646489471
    [formname] => Обратная связь
)

------------------------

------------------------
28.04.2025 9:13:43
CallbackFormEmailModal
Array
(
    [name] => ziminbertold1990@bk.ru
    [phone] => 86483761954
    [formname] => Обратная связь
)

------------------------

------------------------
28.04.2025 9:14:44
CallbackFormEmailModal
Array
(
    [name] => guerracatherine@list.ru
    [phone] => 83151738274
    [formname] => Обратная связь
)

------------------------

------------------------
28.04.2025 11:58:46
CallbackFormEmailModal
Array
(
    [name] => stapuntril1990@mail.ru
    [phone] => 82145491693
    [formname] => Обратная связь
)

------------------------

------------------------
28.04.2025 11:59:10
CallbackFormEmailModal
Array
(
    [name] => musaev.misha.1982.3.5@list.ru
    [phone] => 86311898656
    [formname] => Обратная связь
)

------------------------

------------------------
28.04.2025 11:59:12
CallbackFormEmailModal
Array
(
    [name] => subbotinalenara88@mail.ru
    [phone] => 88478236822
    [formname] => Обратная связь
)

------------------------

------------------------
28.04.2025 12:39:47
CallbackFormEmailModal
Array
(
    [name] => gwgopdkudv@rambler.ru
    [phone] => 82952451122
    [formname] => Обратная связь
)

------------------------

------------------------
28.04.2025 13:00:20
CallbackFormEmailModal
Array
(
    [name] => aleksandr.belkov1973@web.de
    [phone] => 85643768282
    [formname] => Обратная связь
)

------------------------

------------------------
28.04.2025 13:56:32
CallbackFormEmailModal
Array
(
    [name] => quejudcatan1981@mail.ru
    [phone] => 84668624195
    [formname] => Обратная связь
)

------------------------

------------------------
28.04.2025 13:57:15
CallbackFormEmailModal
Array
(
    [name] => rhotenti-44@mail.ru
    [phone] => 88446519718
    [formname] => Обратная связь
)

------------------------

------------------------
28.04.2025 13:57:45
CallbackFormEmailModal
Array
(
    [name] => ilnanmode1973@mail.ru
    [phone] => 85328456358
    [formname] => Обратная связь
)

------------------------

------------------------
28.04.2025 14:07:44
CallbackFormEmailModal
Array
(
    [name] => ramiraselezneva19908003@bk.ru
    [phone] => 81922886889
    [formname] => Обратная связь
)

------------------------

------------------------
28.04.2025 14:50:17
CallbackFormEmailModal
Array
(
    [name] => postsaddtaliretneu@mail.ru
    [phone] => 81487167189
    [formname] => Обратная связь
)

------------------------

------------------------
28.04.2025 16:25:51
CallbackFormEmailModal
Array
(
    [name] => panova.elena.1992.23.11@bk.ru
    [phone] => 83144976778
    [formname] => Обратная связь
)

------------------------

------------------------
28.04.2025 16:33:54
CallbackFormEmailModal
Array
(
    [name] => yourmail@gmail.com
    [phone] => 81391539541
    [formname] => Обратная связь
)

------------------------

------------------------
28.04.2025 17:03:19
CallbackFormEmailModal
Array
(
    [name] => dolnovam@mail.ru
    [phone] => 87272173475
    [formname] => Обратная связь
)

------------------------

------------------------
28.04.2025 17:39:29
CallbackFormEmailModal
Array
(
    [name] => test@gmail.com
    [phone] => 82733672548
    [formname] => Обратная связь
)

------------------------

------------------------
28.04.2025 18:41:35
Order
Array
(
    [name] => Коновалов Игорь
    [email] => konovalovin@uk1.ru
    [phone] => +7-915-400-9514
    [comment] => Промышленный ТРАП W200 с вертикальным отводом DN110, кол-во: 1, цена: 11650руб.
Способ доставки: Доставка автотранспортом поставщика
Выберите способ оплаты: Оплата на расчетный счет организации
Адрес доставки: Пресненская наб. д.10 с.2

Комментарий к заказу: 
ООО "ИНЭК-СЕРВИС" ИНН 7707395814
    [formname] => Заказ из корзины
    [fields] => Array
        (
            [price] => 34950
        )

)

------------------------

------------------------
28.04.2025 18:47:48
CallbackFormEmailModal
Array
(
    [name] => mefedron-mephedrone@russia-cocaine.online
    [phone] => 85689921865
    [formname] => Обратная связь
)

------------------------

------------------------
28.04.2025 19:37:53
CallbackFormEmailModal
Array
(
    [name] => kokain-cocaine@russia-cocaine.online
    [phone] => 87515262731
    [formname] => Обратная связь
)

------------------------

------------------------
28.04.2025 21:20:25
CallbackFormEmailModal
Array
(
    [name] => marketingadvert@mail.ru
    [phone] => 87927825412
    [formname] => Обратная связь
)

------------------------

------------------------
28.04.2025 21:54:50
CallbackFormEmailModal
Array
(
    [name] => davidmib@mail.ru
    [phone] => 86392181495
    [formname] => Обратная связь
)

------------------------

------------------------
28.04.2025 22:58:23
CallbackFormEmailModal
Array
(
    [name] => raisa.grebenyuk@gmx.net
    [phone] => 82395774535
    [formname] => Обратная связь
)

------------------------
