
------------------------
30.11.2023 0:14:57
CallbackFormEmailModal
Array
(
    [name] => noname@noname.ru
    [phone] => 88122243811
    [formname] => Обратная связь
)

------------------------

------------------------
30.11.2023 0:41:40
CallbackFormEmailModal
Array
(
    [name] => reactoonz@fun.nl
    [phone] => 82912955655
    [formname] => Обратная связь
)

------------------------

------------------------
30.11.2023 2:53:11
CallbackFormEmailModal
Array
(
    [name] => noname@noname.com
    [phone] => 82563458752
    [formname] => Обратная связь
)

------------------------

------------------------
30.11.2023 4:31:11
CallbackFormEmailModal
Array
(
    [name] => aq25aqa@rambler.ru
    [phone] => 83244845267
    [formname] => Обратная связь
)

------------------------

------------------------
30.11.2023 7:24:40
CallbackFormEmailModal
Array
(
    [name] => kaapkaksih@mail.ru
    [phone] => 86958535188
    [formname] => Обратная связь
)

------------------------

------------------------
30.11.2023 7:25:30
CallbackFormEmailModal
Array
(
    [name] => nisakascha@mail.ru
    [phone] => 85957772689
    [formname] => Обратная связь
)

------------------------

------------------------
30.11.2023 8:17:06
CallbackFormEmailModal
Array
(
    [name] => pavlik.timofeev.2023@bk.ru
    [phone] => 85593917353
    [formname] => Обратная связь
)

------------------------

------------------------
30.11.2023 8:40:08
CallbackFormEmailModal
Array
(
    [name] => bilo@pop34.site
    [phone] => 82165721195
    [formname] => Обратная связь
)

------------------------

------------------------
30.11.2023 8:55:58
CallbackFormEmailModal
Array
(
    [name] => asdf.s.dfq.w.er.wqe.r.w.q.e.r@gmail.com
    [phone] => 83347295587
    [formname] => Обратная связь
)

------------------------

------------------------
30.11.2023 9:52:09
CallbackFormEmailModal
Array
(
    [name] => lucido.leinteract@gmail.com
    [phone] => 82217635715
    [formname] => Обратная связь
)

------------------------

------------------------
30.11.2023 12:27:48
CallbackFormEmailModal
Array
(
    [name] => couphamanttu198494@rambler.ru
    [phone] => +71231234567
    [formname] => Обратная связь
)

------------------------

------------------------
30.11.2023 12:29:08
CallbackFormEmailModal
Array
(
    [name] => pavel.sitdikov.88@mail.ru
    [phone] => 89466462856
    [formname] => Обратная связь
)

------------------------

------------------------
30.11.2023 13:27:03
CallbackFormEmailModal
Array
(
    [name] => wconqoiog@rambbarlumbsi.online
    [phone] => 88994138913
    [formname] => Обратная связь
)

------------------------

------------------------
30.11.2023 18:16:38
CallbackFormEmailModal
Array
(
    [name] => nisakascha@mail.ru
    [phone] => 89931175277
    [formname] => Обратная связь
)

------------------------

------------------------
30.11.2023 18:29:20
CallbackFormEmailModal
Array
(
    [name] => kaapkaksih@mail.ru
    [phone] => 81628937769
    [formname] => Обратная связь
)

------------------------

------------------------
30.11.2023 19:16:16
CallbackFormEmailModal
Array
(
    [name] => pavlik.timofeev.2023@bk.ru
    [phone] => 86522763868
    [formname] => Обратная связь
)

------------------------

------------------------
30.11.2023 20:50:57
CallbackFormEmailModal
Array
(
    [name] => naelbarad@mail.ru
    [phone] => 89483916238
    [formname] => Обратная связь
)

------------------------

------------------------
30.11.2023 20:53:11
CallbackFormEmailModal
Array
(
    [name] => mitubefhambcomp5336@mail.ru
    [phone] => 83637237823
    [formname] => Обратная связь
)

------------------------

------------------------
30.11.2023 21:40:41
CallbackFormEmailModal
Array
(
    [name] => pavel.sitdikov.88@mail.ru
    [phone] => 83699189754
    [formname] => Обратная связь
)

------------------------

------------------------
30.11.2023 21:49:25
CallbackFormEmailModal
Array
(
    [name] => eepovda@bk.ru
    [phone] => 84883583123
    [formname] => Обратная связь
)

------------------------

------------------------
30.11.2023 22:03:31
CallbackFormEmailModal
Array
(
    [name] => nisnyltwal1981@mail.ru
    [phone] => 84151319252
    [formname] => Обратная связь
)

------------------------

------------------------
30.11.2023 22:56:35
CallbackFormEmailModal
Array
(
    [name] => osipova.liliia.1986.22.12@inbox.ru
    [phone] => 82143915255
    [formname] => Обратная связь
)

------------------------

------------------------
30.11.2023 23:02:08
CallbackFormEmailModal
Array
(
    [name] => geboxchestza@bk.ru
    [phone] => 89465653322
    [formname] => Обратная связь
)

------------------------

------------------------
30.11.2023 23:04:36
CallbackFormEmailModal
Array
(
    [name] => gelibomenlo6420@mail.ru
    [phone] => 87964216745
    [formname] => Обратная связь
)

------------------------

------------------------
30.11.2023 23:07:22
CallbackFormEmailModal
Array
(
    [name] => pporascron1991@mail.ru
    [phone] => 85672938873
    [formname] => Обратная связь
)

------------------------

------------------------
30.11.2023 23:09:26
CallbackFormEmailModal
Array
(
    [name] => garlina1990@mail.ru
    [phone] => 85338442632
    [formname] => Обратная связь
)

------------------------

------------------------
30.11.2023 23:24:11
CallbackFormEmailModal
Array
(
    [name] => juncpecni1980@mail.ru
    [phone] => 89243284294
    [formname] => Обратная связь
)

------------------------

------------------------
30.11.2023 23:24:45
CallbackFormEmailModal
Array
(
    [name] => woodbpurne1983@mail.ru
    [phone] => 86792916992
    [formname] => Обратная связь
)

------------------------

------------------------
30.11.2023 23:26:11
CallbackFormEmailModal
Array
(
    [name] => deacren@mail.ru
    [phone] => 87723655489
    [formname] => Обратная связь
)

------------------------

------------------------
30.11.2023 23:30:34
CallbackFormEmailModal
Array
(
    [name] => crabkilldist1986@mail.ru
    [phone] => 81576393654
    [formname] => Обратная связь
)

------------------------

------------------------
30.11.2023 23:39:00
CallbackFormEmailModal
Array
(
    [name] => balashova.anna.1989.20.9@list.ru
    [phone] => 83716514557
    [formname] => Обратная связь
)

------------------------

------------------------
30.11.2023 23:40:59
CallbackFormEmailModal
Array
(
    [name] => musaev.misha.1982.3.5@list.ru
    [phone] => 89236623533
    [formname] => Обратная связь
)

------------------------

------------------------
30.11.2023 23:44:42
CallbackFormEmailModal
Array
(
    [name] => luomor@mail.ru
    [phone] => 89321784139
    [formname] => Обратная связь
)

------------------------
