
------------------------
09.09.2025 0:03:56
CallbackFormEmailModal
Array
(
    [name] => bikon777@rambler.ru
    [phone] => 89152533632
    [formname] => Обратная связь
)

------------------------

------------------------
09.09.2025 0:22:01
CallbackFormEmailModal
Array
(
    [name] => dansbydruscillaoyu@gmail.com
    [phone] => 89484922966
    [formname] => Обратная связь
)

------------------------

------------------------
09.09.2025 4:14:36
CallbackFormEmailModal
Array
(
    [name] => w.o.o.d.f.or.dj.am.e.so.n.4.@gmail.com
    [phone] => 84156649178
    [formname] => Обратная связь
)

------------------------

------------------------
09.09.2025 4:35:17
CallbackFormEmailModal
Array
(
    [name] => bikon777@rambler.ru
    [phone] => 89947486843
    [formname] => Обратная связь
)

------------------------

------------------------
09.09.2025 6:09:59
CallbackFormEmailModal
Array
(
    [name] => parmazanov@gmail.com
    [phone] => 81441868157
    [formname] => Обратная связь
)

------------------------

------------------------
09.09.2025 6:29:20
CallbackFormEmailModal
Array
(
    [name] => sergowor.kin.g7.18@gmail.com
    [phone] => 84145996392
    [formname] => Обратная связь
)

------------------------

------------------------
09.09.2025 7:21:48
CallbackFormEmailModal
Array
(
    [name] => wsdfvbgtre@gmail.com
    [phone] => 89956433751
    [formname] => Обратная связь
)

------------------------

------------------------
09.09.2025 8:19:52
CallbackFormEmailModal
Array
(
    [name] => aleksandrrapeka@mail.ru
    [phone] => 85429997463
    [formname] => Обратная связь
)

------------------------

------------------------
09.09.2025 8:32:21
CallbackFormEmailModal
Array
(
    [name] => stapuntril1990@mail.ru
    [phone] => 89138875614
    [formname] => Обратная связь
)

------------------------

------------------------
09.09.2025 8:45:54
CallbackFormEmailModal
Array
(
    [name] => musaev.misha.1982.3.5@list.ru
    [phone] => 84871464238
    [formname] => Обратная связь
)

------------------------

------------------------
09.09.2025 8:56:41
CallbackFormEmailModal
Array
(
    [name] => cratunsculit1988@mail.ru
    [phone] => 89176734289
    [formname] => Обратная связь
)

------------------------

------------------------
09.09.2025 8:57:57
CallbackFormEmailModal
Array
(
    [name] => pavel.sitdikov.88@mail.ru
    [phone] => 88235526966
    [formname] => Обратная связь
)

------------------------

------------------------
09.09.2025 9:12:58
CallbackFormEmailModal
Array
(
    [name] => egorbmxik@mail.ru
    [phone] => 89522964936
    [formname] => Обратная связь
)

------------------------

------------------------
09.09.2025 9:35:39
CallbackFormEmailModal
Array
(
    [name] => anya.genger@mail.ru
    [phone] => 88157597494
    [formname] => Обратная связь
)

------------------------

------------------------
09.09.2025 10:24:21
CallbackFormEmailModal
Array
(
    [name] => karzhavinvenegard@mail.ru
    [phone] => 84841831487
    [formname] => Обратная связь
)

------------------------

------------------------
09.09.2025 10:30:34
CallbackFormEmailModal
Array
(
    [name] => dionisij.grigorev.92@mail.ru
    [phone] => 83551138197
    [formname] => Обратная связь
)

------------------------

------------------------
09.09.2025 10:41:28
CallbackFormEmailModal
Array
(
    [name] => mikhail.kholudenev.93@mail.ru
    [phone] => 82238381838
    [formname] => Обратная связь
)

------------------------

------------------------
09.09.2025 10:51:52
CallbackFormEmailModal
Array
(
    [name] => kskoxim@inbox.ru
    [phone] => 87817858273
    [formname] => Обратная связь
)

------------------------

------------------------
09.09.2025 15:35:40
CallbackFormEmailModal
Array
(
    [name] => davidmib@mail.ru
    [phone] => 88184323775
    [formname] => Обратная связь
)

------------------------

------------------------
09.09.2025 19:41:13
CallbackFormEmailModal
Array
(
    [name] => ppqwuciz@eblanomail.com
    [phone] => 89643133342
    [formname] => Обратная связь
)

------------------------

------------------------
09.09.2025 19:59:58
CallbackFormEmailModal
Array
(
    [name] => xxopipvz@eblanomail.com
    [phone] => 81315441776
    [formname] => Обратная связь
)

------------------------
