
------------------------
16.07.2024 1:54:02
CallbackFormEmailModal
Array
(
    [name] => u.i.r.j.h.fg.e.e.l.d.d.d.j.h@mail.ru
    [phone] => 82834713426
    [formname] => Обратная связь
)

------------------------

------------------------
16.07.2024 2:55:16
CallbackFormEmailModal
Array
(
    [name] => solqekblvel@rudiplomust.com
    [phone] => 81334146519
    [formname] => Обратная связь
)

------------------------

------------------------
16.07.2024 7:30:59
CallbackFormEmailModal
Array
(
    [name] => jesusabavah@onet.pl
    [phone] => 87956831448
    [formname] => Обратная связь
)

------------------------

------------------------
16.07.2024 7:35:22
CallbackFormEmailModal
Array
(
    [name] => stswhyzseel@rudiplomust.com
    [phone] => 84598463311
    [formname] => Обратная связь
)

------------------------

------------------------
16.07.2024 8:01:30
CallbackFormEmailModal
Array
(
    [name] => 1q0nbg4km@mozmail.com
    [phone] => 83224355399
    [formname] => Обратная связь
)

------------------------

------------------------
16.07.2024 9:22:41
CallbackFormEmailModal
Array
(
    [name] => ctwosmbuzgkgapnj@onet.pl
    [phone] => 83974942132
    [formname] => Обратная связь
)

------------------------

------------------------
16.07.2024 10:27:59
CallbackFormEmailModal
Array
(
    [name] => support@top100vote.com
    [phone] => 89682478623
    [formname] => Обратная связь
)

------------------------

------------------------
16.07.2024 10:37:35
CallbackFormEmailModal
Array
(
    [name] => barbariska8912@gmail.com
    [phone] => 88995146278
    [formname] => Обратная связь
)

------------------------

------------------------
16.07.2024 11:19:22
CallbackFormEmailModal
Array
(
    [name] => admin@bohemia-tor-market.com
    [phone] => 83274495898
    [formname] => Обратная связь
)

------------------------

------------------------
16.07.2024 13:39:19
CallbackFormEmailModal
Array
(
    [name] => averina-iuliia-46018@mail.ru
    [phone] => 89848216226
    [formname] => Обратная связь
)

------------------------

------------------------
16.07.2024 14:32:02
Order
Array
(
    [name] => Таскина Галина Юрьевна
    [email] => Galinataskina@yandex.ru
    [phone] => +7-962-935-3757
    [comment] => Лестничная ступень Р 33х33/30х3 Zn 800х240 мм, кол-во: 1, цена: 2050руб.
Способ доставки: Самовывоз со склада
Выберите способ оплаты: Оплата наличным

Комментарий к заказу: 

    [formname] => Заказ из корзины
    [fields] => Array
        (
            [price] => 16400
        )

)

------------------------

------------------------
16.07.2024 18:34:53
CallbackFormEmailModal
Array
(
    [name] => nasa@meteo.gold
    [phone] => 88149231788
    [formname] => Обратная связь
)

------------------------

------------------------
16.07.2024 21:23:17
CallbackFormEmailModal
Array
(
    [name] => brudermanni2024@gmail.com
    [phone] => 87158879571
    [formname] => Обратная связь
)

------------------------

------------------------
16.07.2024 22:48:37
CallbackFormEmailModal
Array
(
    [name] => efisomer1970@op.pl
    [phone] => 87891169735
    [formname] => Обратная связь
)

------------------------

------------------------
16.07.2024 23:55:51
CallbackFormEmailModal
Array
(
    [name] => lolerex241@ovout.com
    [phone] => 82575715346
    [formname] => Обратная связь
)

------------------------
