
------------------------
10.09.2022 0:10:14
CallbackFormEmailModal
Array
(
    [name] => yuliana.davydova.94@list.ru
    [phone] => 88723635435
    [formname] => Обратная связь
)

------------------------

------------------------
10.09.2022 0:18:08
CallbackFormEmailModal
Array
(
    [name] => vasya-k-71@list.ru
    [phone] => 86929641437
    [formname] => Обратная связь
)

------------------------

------------------------
10.09.2022 0:18:33
CallbackFormEmailModal
Array
(
    [name] => yakovlev_zhorik@bk.ru
    [phone] => 87958631762
    [formname] => Обратная связь
)

------------------------

------------------------
10.09.2022 0:24:19
CallbackFormEmailModal
Array
(
    [name] => ilina-anfiska@bk.ru
    [phone] => 86187111728
    [formname] => Обратная связь
)

------------------------

------------------------
10.09.2022 0:30:49
CallbackFormEmailModal
Array
(
    [name] => margaritaSal4169@gmail.com
    [phone] => 88168548683
    [formname] => Обратная связь
)

------------------------

------------------------
10.09.2022 0:32:19
CallbackFormEmailModal
Array
(
    [name] => stanislav_davydov_1961@bk.ru
    [phone] => 88255225696
    [formname] => Обратная связь
)

------------------------

------------------------
10.09.2022 0:37:05
CallbackFormEmailModal
Array
(
    [name] => eduard-vasilev-1968@list.ru
    [phone] => 84596422478
    [formname] => Обратная связь
)

------------------------

------------------------
10.09.2022 0:37:06
CallbackFormEmailModal
Array
(
    [name] => kseniya_efimova_1988@inbox.ru
    [phone] => 86669158292
    [formname] => Обратная связь
)

------------------------

------------------------
10.09.2022 0:43:16
CallbackFormEmailModal
Array
(
    [name] => stepan_petrov_1999@list.ru
    [phone] => 88563137447
    [formname] => Обратная связь
)

------------------------

------------------------
10.09.2022 0:50:57
CallbackFormEmailModal
Array
(
    [name] => lyuba_bolshakova_1977@mail.ru
    [phone] => 81249613417
    [formname] => Обратная связь
)

------------------------

------------------------
10.09.2022 0:52:53
CallbackFormEmailModal
Array
(
    [name] => zhora-danilov-1965@inbox.ru
    [phone] => 87924868167
    [formname] => Обратная связь
)

------------------------

------------------------
10.09.2022 0:53:20
CallbackFormEmailModal
Array
(
    [name] => lenya_baranov_1996@inbox.ru
    [phone] => 81311343215
    [formname] => Обратная связь
)

------------------------

------------------------
10.09.2022 0:53:40
CallbackFormEmailModal
Array
(
    [name] => masha_fomina_71@list.ru
    [phone] => 83378913831
    [formname] => Обратная связь
)

------------------------

------------------------
10.09.2022 0:58:17
CallbackFormEmailModal
Array
(
    [name] => anya.grigoreva.1993@inbox.ru
    [phone] => 88882537765
    [formname] => Обратная связь
)

------------------------

------------------------
10.09.2022 1:01:31
CallbackFormEmailModal
Array
(
    [name] => kirill_abramov_1974@list.ru
    [phone] => 82957783715
    [formname] => Обратная связь
)

------------------------

------------------------
10.09.2022 1:01:35
CallbackFormEmailModal
Array
(
    [name] => a-medvedeva-88@mail.ru
    [phone] => 84832634763
    [formname] => Обратная связь
)

------------------------

------------------------
10.09.2022 1:03:35
CallbackFormEmailModal
Array
(
    [name] => kira_sergeeva_1959@bk.ru
    [phone] => 85953985774
    [formname] => Обратная связь
)

------------------------

------------------------
10.09.2022 1:19:20
CallbackFormEmailModal
Array
(
    [name] => olya.blinova.1999@inbox.ru
    [phone] => 88583847398
    [formname] => Обратная связь
)

------------------------

------------------------
10.09.2022 1:31:22
CallbackFormEmailModal
Array
(
    [name] => pyotr.mikhaylov.1989@inbox.ru
    [phone] => 83917975743
    [formname] => Обратная связь
)

------------------------

------------------------
10.09.2022 1:36:01
CallbackFormEmailModal
Array
(
    [name] => tosha.prokofev.96@bk.ru
    [phone] => 81696593412
    [formname] => Обратная связь
)

------------------------

------------------------
10.09.2022 1:38:07
CallbackFormEmailModal
Array
(
    [name] => milena_kovalyova_1994@inbox.ru
    [phone] => 85345611471
    [formname] => Обратная связь
)

------------------------

------------------------
10.09.2022 1:40:04
CallbackFormEmailModal
Array
(
    [name] => misha.1979.sobolev@bk.ru
    [phone] => 82769713811
    [formname] => Обратная связь
)

------------------------

------------------------
10.09.2022 1:47:36
CallbackFormEmailModal
Array
(
    [name] => makarovaelektra90@inbox.ru
    [phone] => 89549427311
    [formname] => Обратная связь
)

------------------------

------------------------
10.09.2022 1:51:13
CallbackFormEmailModal
Array
(
    [name] => sokolov_denis_sokolov_1978_deni@list.ru
    [phone] => 89624869995
    [formname] => Обратная связь
)

------------------------

------------------------
10.09.2022 1:53:19
CallbackFormEmailModal
Array
(
    [name] => valeriyfedotov1962@inbox.ru
    [phone] => 81359134858
    [formname] => Обратная связь
)

------------------------

------------------------
10.09.2022 2:02:16
CallbackFormEmailModal
Array
(
    [name] => veselova.evelina.2018@bk.ru
    [phone] => 83922786351
    [formname] => Обратная связь
)

------------------------

------------------------
10.09.2022 2:04:39
CallbackFormEmailModal
Array
(
    [name] => gleb-dmitriev-1969@list.ru
    [phone] => 83127468482
    [formname] => Обратная связь
)

------------------------

------------------------
10.09.2022 2:05:39
CallbackFormEmailModal
Array
(
    [name] => kristina-bogdanova-1963@inbox.ru
    [phone] => 84474486238
    [formname] => Обратная связь
)

------------------------

------------------------
10.09.2022 2:14:28
CallbackFormEmailModal
Array
(
    [name] => evgeniy-vorobyov-1987@list.ru
    [phone] => 84124358948
    [formname] => Обратная связь
)

------------------------

------------------------
10.09.2022 2:17:04
CallbackFormEmailModal
Array
(
    [name] => d-zaytseva-1980@inbox.ru
    [phone] => 81559135144
    [formname] => Обратная связь
)

------------------------

------------------------
10.09.2022 2:17:48
CallbackFormEmailModal
Array
(
    [name] => nataliya-belousova-1980@mail.ru
    [phone] => 89447459729
    [formname] => Обратная связь
)

------------------------

------------------------
10.09.2022 2:22:31
CallbackFormEmailModal
Array
(
    [name] => lidiya_efimova_1979@list.ru
    [phone] => 85858491448
    [formname] => Обратная связь
)

------------------------

------------------------
10.09.2022 2:23:56
CallbackFormEmailModal
Array
(
    [name] => a_frolova_1978@bk.ru
    [phone] => 81441531169
    [formname] => Обратная связь
)

------------------------

------------------------
10.09.2022 2:39:06
CallbackFormEmailModal
Array
(
    [name] => gleb-egorov-1960@bk.ru
    [phone] => 85627538427
    [formname] => Обратная связь
)

------------------------

------------------------
10.09.2022 3:10:22
CallbackFormEmailModal
Array
(
    [name] => viktor_lvov_1983@list.ru
    [phone] => 88436753857
    [formname] => Обратная связь
)

------------------------

------------------------
10.09.2022 3:29:15
CallbackFormEmailModal
Array
(
    [name] => ivan.bogdanov.1970@inbox.ru
    [phone] => 88832225835
    [formname] => Обратная связь
)

------------------------

------------------------
10.09.2022 3:36:21
CallbackFormEmailModal
Array
(
    [name] => margarita-vinogradova-1994@inbox.ru
    [phone] => 81919632214
    [formname] => Обратная связь
)

------------------------

------------------------
10.09.2022 3:54:17
CallbackFormEmailModal
Array
(
    [name] => danya-abramov-1980@bk.ru
    [phone] => 88187436859
    [formname] => Обратная связь
)

------------------------

------------------------
10.09.2022 4:03:19
CallbackFormEmailModal
Array
(
    [name] => vasya-k-71@list.ru
    [phone] => 86445689289
    [formname] => Обратная связь
)

------------------------

------------------------
10.09.2022 4:06:15
CallbackFormEmailModal
Array
(
    [name] => yuliana.davydova.94@list.ru
    [phone] => 86729732866
    [formname] => Обратная связь
)

------------------------

------------------------
10.09.2022 4:07:57
CallbackFormEmailModal
Array
(
    [name] => eduard_bykov_98@bk.ru
    [phone] => 87774318474
    [formname] => Обратная связь
)

------------------------

------------------------
10.09.2022 4:15:47
CallbackFormEmailModal
Array
(
    [name] => boris.ignatev.1999@bk.ru
    [phone] => 85313791339
    [formname] => Обратная связь
)

------------------------

------------------------
10.09.2022 4:16:26
CallbackFormEmailModal
Array
(
    [name] => stanislav_davydov_1961@bk.ru
    [phone] => 87182569464
    [formname] => Обратная связь
)

------------------------

------------------------
10.09.2022 4:21:42
CallbackFormEmailModal
Array
(
    [name] => tyoma.kiselyov.72@inbox.ru
    [phone] => 82895921887
    [formname] => Обратная связь
)

------------------------

------------------------
10.09.2022 4:26:30
CallbackFormEmailModal
Array
(
    [name] => antosha-smirnov-83@inbox.ru
    [phone] => 85419345141
    [formname] => Обратная связь
)

------------------------

------------------------
10.09.2022 4:31:30
CallbackFormEmailModal
Array
(
    [name] => a-medvedeva-88@mail.ru
    [phone] => 85674537323
    [formname] => Обратная связь
)

------------------------

------------------------
10.09.2022 4:34:16
CallbackFormEmailModal
Array
(
    [name] => lyuba_bolshakova_1977@mail.ru
    [phone] => 89439113359
    [formname] => Обратная связь
)

------------------------

------------------------
10.09.2022 4:36:58
CallbackFormEmailModal
Array
(
    [name] => aleksandra.1968.ershova@list.ru
    [phone] => 89357661141
    [formname] => Обратная связь
)

------------------------

------------------------
10.09.2022 4:40:59
CallbackFormEmailModal
Array
(
    [name] => lenya_baranov_1996@inbox.ru
    [phone] => 89218677573
    [formname] => Обратная связь
)

------------------------

------------------------
10.09.2022 4:44:22
CallbackFormEmailModal
Array
(
    [name] => kira_sergeeva_1959@bk.ru
    [phone] => 83564819454
    [formname] => Обратная связь
)

------------------------

------------------------
10.09.2022 4:46:29
CallbackFormEmailModal
Array
(
    [name] => ilina-anfiska@bk.ru
    [phone] => 84451778981
    [formname] => Обратная связь
)

------------------------

------------------------
10.09.2022 5:00:35
CallbackFormEmailModal
Array
(
    [name] => rusakova.tatiya@bk.ru
    [phone] => 89218188314
    [formname] => Обратная связь
)

------------------------

------------------------
10.09.2022 5:10:18
CallbackFormEmailModal
Array
(
    [name] => milena_kovalyova_1994@inbox.ru
    [phone] => 81864951456
    [formname] => Обратная связь
)

------------------------

------------------------
10.09.2022 5:14:51
CallbackFormEmailModal
Array
(
    [name] => eduard-vasilev-1968@list.ru
    [phone] => 85655277821
    [formname] => Обратная связь
)

------------------------

------------------------
10.09.2022 5:15:15
CallbackFormEmailModal
Array
(
    [name] => kseniya_efimova_1988@inbox.ru
    [phone] => 81271774277
    [formname] => Обратная связь
)

------------------------

------------------------
10.09.2022 5:38:24
CallbackFormEmailModal
Array
(
    [name] => masha_fomina_71@list.ru
    [phone] => 85274593474
    [formname] => Обратная связь
)

------------------------

------------------------
10.09.2022 5:39:41
CallbackFormEmailModal
Array
(
    [name] => d-zaytseva-1980@inbox.ru
    [phone] => 89482423695
    [formname] => Обратная связь
)

------------------------

------------------------
10.09.2022 5:40:20
CallbackFormEmailModal
Array
(
    [name] => zhora-danilov-1965@inbox.ru
    [phone] => 88144937862
    [formname] => Обратная связь
)

------------------------

------------------------
10.09.2022 5:49:54
CallbackFormEmailModal
Array
(
    [name] => gleb-dmitriev-1969@list.ru
    [phone] => 87695375434
    [formname] => Обратная связь
)

------------------------

------------------------
10.09.2022 5:51:15
CallbackFormEmailModal
Array
(
    [name] => yaroslavzakharov1969@bk.ru
    [phone] => 88966865138
    [formname] => Обратная связь
)

------------------------

------------------------
10.09.2022 5:53:35
CallbackFormEmailModal
Array
(
    [name] => anya.grigoreva.1993@inbox.ru
    [phone] => 86761954552
    [formname] => Обратная связь
)

------------------------

------------------------
10.09.2022 5:56:15
CallbackFormEmailModal
Array
(
    [name] => yakovlev_zhorik@bk.ru
    [phone] => 87859783791
    [formname] => Обратная связь
)

------------------------

------------------------
10.09.2022 5:58:51
CallbackFormEmailModal
Array
(
    [name] => vasya-k-71@list.ru
    [phone] => 82297353233
    [formname] => Обратная связь
)

------------------------

------------------------
10.09.2022 6:06:12
CallbackFormEmailModal
Array
(
    [name] => yuliana.davydova.94@list.ru
    [phone] => 84473363283
    [formname] => Обратная связь
)

------------------------

------------------------
10.09.2022 6:10:27
CallbackFormEmailModal
Array
(
    [name] => stanislav_davydov_1961@bk.ru
    [phone] => 83417216497
    [formname] => Обратная связь
)

------------------------

------------------------
10.09.2022 6:13:03
CallbackFormEmailModal
Array
(
    [name] => makarovaelektra90@inbox.ru
    [phone] => 87624169773
    [formname] => Обратная связь
)

------------------------

------------------------
10.09.2022 6:25:51
CallbackFormEmailModal
Array
(
    [name] => stepan_petrov_1999@list.ru
    [phone] => 87115327244
    [formname] => Обратная связь
)

------------------------

------------------------
10.09.2022 6:28:53
CallbackFormEmailModal
Array
(
    [name] => tosha.prokofev.96@bk.ru
    [phone] => 88668494383
    [formname] => Обратная связь
)

------------------------

------------------------
10.09.2022 6:31:39
CallbackFormEmailModal
Array
(
    [name] => misha.1979.sobolev@bk.ru
    [phone] => 83173499458
    [formname] => Обратная связь
)

------------------------

------------------------
10.09.2022 6:33:42
CallbackFormEmailModal
Array
(
    [name] => lyuba_bolshakova_1977@mail.ru
    [phone] => 83279512824
    [formname] => Обратная связь
)

------------------------

------------------------
10.09.2022 6:34:27
CallbackFormEmailModal
Array
(
    [name] => a-medvedeva-88@mail.ru
    [phone] => 83779195164
    [formname] => Обратная связь
)

------------------------

------------------------
10.09.2022 6:40:59
CallbackFormEmailModal
Array
(
    [name] => a_frolova_1978@bk.ru
    [phone] => 81694468661
    [formname] => Обратная связь
)

------------------------

------------------------
10.09.2022 6:44:12
CallbackFormEmailModal
Array
(
    [name] => lenya_baranov_1996@inbox.ru
    [phone] => 83415234794
    [formname] => Обратная связь
)

------------------------

------------------------
10.09.2022 6:50:19
CallbackFormEmailModal
Array
(
    [name] => kira_sergeeva_1959@bk.ru
    [phone] => 84441167939
    [formname] => Обратная связь
)

------------------------

------------------------
10.09.2022 6:51:55
CallbackFormEmailModal
Array
(
    [name] => sokolov_denis_sokolov_1978_deni@list.ru
    [phone] => 87758724665
    [formname] => Обратная связь
)

------------------------

------------------------
10.09.2022 6:55:19
CallbackFormEmailModal
Array
(
    [name] => valeriyfedotov1962@inbox.ru
    [phone] => 82696729788
    [formname] => Обратная связь
)

------------------------

------------------------
10.09.2022 6:55:59
CallbackFormEmailModal
Array
(
    [name] => pyotr.mikhaylov.1989@inbox.ru
    [phone] => 88284235835
    [formname] => Обратная связь
)

------------------------

------------------------
10.09.2022 7:11:49
CallbackFormEmailModal
Array
(
    [name] => antosha-smirnov-83@inbox.ru
    [phone] => 86122917317
    [formname] => Обратная связь
)

------------------------

------------------------
10.09.2022 7:14:48
CallbackFormEmailModal
Array
(
    [name] => milena_kovalyova_1994@inbox.ru
    [phone] => 88522921914
    [formname] => Обратная связь
)

------------------------

------------------------
10.09.2022 7:18:12
CallbackFormEmailModal
Array
(
    [name] => evafomina1967@list.ru
    [phone] => 83496834258
    [formname] => Обратная связь
)

------------------------

------------------------
10.09.2022 7:22:14
CallbackFormEmailModal
Array
(
    [name] => d-zaytseva-1980@inbox.ru
    [phone] => 82843837958
    [formname] => Обратная связь
)

------------------------

------------------------
10.09.2022 7:24:57
CallbackFormEmailModal
Array
(
    [name] => aleksandra.1968.ershova@list.ru
    [phone] => 82441648772
    [formname] => Обратная связь
)

------------------------

------------------------
10.09.2022 7:29:58
CallbackFormEmailModal
Array
(
    [name] => lidiya_efimova_1979@list.ru
    [phone] => 88712557734
    [formname] => Обратная связь
)

------------------------

------------------------
10.09.2022 7:41:55
CallbackFormEmailModal
Array
(
    [name] => gleb-dmitriev-1969@list.ru
    [phone] => 86834781876
    [formname] => Обратная связь
)

------------------------

------------------------
10.09.2022 7:46:09
CallbackFormEmailModal
Array
(
    [name] => makarovaelektra90@inbox.ru
    [phone] => 87396864892
    [formname] => Обратная связь
)

------------------------

------------------------
10.09.2022 7:53:49
CallbackFormEmailModal
Array
(
    [name] => gleb-egorov-1960@bk.ru
    [phone] => 86472239171
    [formname] => Обратная связь
)

------------------------

------------------------
10.09.2022 8:01:51
CallbackFormEmailModal
Array
(
    [name] => nataliya-belousova-1980@mail.ru
    [phone] => 83126316666
    [formname] => Обратная связь
)

------------------------

------------------------
10.09.2022 8:02:45
CallbackFormEmailModal
Array
(
    [name] => olya.blinova.1999@inbox.ru
    [phone] => 85334797218
    [formname] => Обратная связь
)

------------------------

------------------------
10.09.2022 8:16:29
CallbackFormEmailModal
Array
(
    [name] => a_frolova_1978@bk.ru
    [phone] => 86614468571
    [formname] => Обратная связь
)

------------------------

------------------------
10.09.2022 8:18:06
CallbackFormEmailModal
Array
(
    [name] => masha_fomina_71@list.ru
    [phone] => 88652232834
    [formname] => Обратная связь
)

------------------------

------------------------
10.09.2022 8:22:14
CallbackFormEmailModal
Array
(
    [name] => kristina-bogdanova-1963@inbox.ru
    [phone] => 87973998612
    [formname] => Обратная связь
)

------------------------

------------------------
10.09.2022 8:29:06
CallbackFormEmailModal
Array
(
    [name] => evgeniy-vorobyov-1987@list.ru
    [phone] => 87168968137
    [formname] => Обратная связь
)

------------------------

------------------------
10.09.2022 8:50:26
CallbackFormEmailModal
Array
(
    [name] => anya.grigoreva.1993@inbox.ru
    [phone] => 82897477767
    [formname] => Обратная связь
)

------------------------

------------------------
10.09.2022 9:07:49
CallbackFormEmailModal
Array
(
    [name] => margarita-vinogradova-1994@inbox.ru
    [phone] => 83319166775
    [formname] => Обратная связь
)

------------------------

------------------------
10.09.2022 9:12:01
CallbackFormEmailModal
Array
(
    [name] => aleksandra.1968.ershova@list.ru
    [phone] => 88771236299
    [formname] => Обратная связь
)

------------------------

------------------------
10.09.2022 9:13:09
CallbackFormEmailModal
Array
(
    [name] => misha.1979.sobolev@bk.ru
    [phone] => 89764967869
    [formname] => Обратная связь
)

------------------------

------------------------
10.09.2022 9:13:59
CallbackFormEmailModal
Array
(
    [name] => danya-abramov-1980@bk.ru
    [phone] => 89793675615
    [formname] => Обратная связь
)

------------------------

------------------------
10.09.2022 9:15:26
CallbackFormEmailModal
Array
(
    [name] => tosha.prokofev.96@bk.ru
    [phone] => 86561162515
    [formname] => Обратная связь
)

------------------------

------------------------
10.09.2022 9:41:16
CallbackFormEmailModal
Array
(
    [name] => sokolov_denis_sokolov_1978_deni@list.ru
    [phone] => 88157348789
    [formname] => Обратная связь
)

------------------------

------------------------
10.09.2022 10:02:23
CallbackFormEmailModal
Array
(
    [name] => eduard_bykov_98@bk.ru
    [phone] => 85247634673
    [formname] => Обратная связь
)

------------------------

------------------------
10.09.2022 10:04:26
CallbackFormEmailModal
Array
(
    [name] => elena_markova_74@bk.ru
    [phone] => 82293161899
    [formname] => Обратная связь
)

------------------------

------------------------
10.09.2022 11:03:43
CallbackFormEmailModal
Array
(
    [name] => viktor_lvov_1983@list.ru
    [phone] => 86799627146
    [formname] => Обратная связь
)

------------------------

------------------------
10.09.2022 12:39:17
CallbackFormEmailModal
Array
(
    [name] => tyoma.kiselyov.72@inbox.ru
    [phone] => 85995327424
    [formname] => Обратная связь
)

------------------------

------------------------
10.09.2022 12:49:12
CallbackFormEmailModal
Array
(
    [name] => margaritaSal0583@gmail.com
    [phone] => 89469589812
    [formname] => Обратная связь
)

------------------------

------------------------
10.09.2022 13:21:46
CallbackFormEmailModal
Array
(
    [name] => evafomina1967@list.ru
    [phone] => 83439857897
    [formname] => Обратная связь
)

------------------------

------------------------
10.09.2022 15:09:14
CallbackFormEmailModal
Array
(
    [name] => rebooster.ra@yandex.ru
    [phone] => +71231234567
    [formname] => Обратная связь
)

------------------------

------------------------
10.09.2022 21:53:26
CallbackFormEmailModal
Array
(
    [name] => iltechgatop19885@rambler.ru
    [phone] => +71231234567
    [formname] => Обратная связь
)

------------------------
