
------------------------
15.07.2024 0:52:35
CallbackFormEmailModal
Array
(
    [name] => loixnqgofel@rudiplomust.com
    [phone] => 87637928472
    [formname] => Обратная связь
)

------------------------

------------------------
15.07.2024 2:54:26
CallbackFormEmailModal
Array
(
    [name] => grabowsky2441tcp@contact.flipapp.click
    [phone] => 87897586233
    [formname] => Обратная связь
)

------------------------

------------------------
15.07.2024 4:03:54
CallbackFormEmailModal
Array
(
    [name] => stream789@8letter.site
    [phone] => 82545895391
    [formname] => Обратная связь
)

------------------------

------------------------
15.07.2024 8:55:42
CallbackFormEmailModal
Array
(
    [name] => gjhruke2@outlook.com
    [phone] => 86165794117
    [formname] => Обратная связь
)

------------------------

------------------------
15.07.2024 9:20:32
CallbackFormEmailModal
Array
(
    [name] => penneyneasa@onet.pl
    [phone] => 84478242895
    [formname] => Обратная связь
)

------------------------

------------------------
15.07.2024 11:41:43
CallbackFormEmailModal
Array
(
    [name] => 12gyyaqwdst55r@gmail.com
    [phone] => 87229523242
    [formname] => Обратная связь
)

------------------------

------------------------
15.07.2024 12:17:29
CallbackFormEmailModal
Array
(
    [name] => krywezrkuel@rudiplomust.com
    [phone] => 84351842335
    [formname] => Обратная связь
)

------------------------

------------------------
15.07.2024 19:00:43
CallbackFormEmailModal
Array
(
    [name] => alexpopov716253@gmail.com
    [phone] => 89386228689
    [formname] => Обратная связь
)

------------------------

------------------------
15.07.2024 19:41:49
CallbackFormEmailModal
Array
(
    [name] => alexpopov716253@gmail.com
    [phone] => 89355962153
    [formname] => Обратная связь
)

------------------------

------------------------
15.07.2024 22:07:45
CallbackFormEmailModal
Array
(
    [name] => mikesice@gmail.com
    [phone] => 82178497436
    [formname] => Обратная связь
)

------------------------

------------------------
15.07.2024 23:13:39
CallbackFormEmailModal
Array
(
    [name] => rokavxyonel@rudiplomust.com
    [phone] => 85674286468
    [formname] => Обратная связь
)

------------------------

------------------------
15.07.2024 23:15:22
CallbackFormEmailModal
Array
(
    [name] => pinkz@3mtintchicago.com
    [phone] => 83524514141
    [formname] => Обратная связь
)

------------------------

------------------------
15.07.2024 23:51:59
CallbackFormEmailModal
Array
(
    [name] => alexpopov3453@gmail.com
    [phone] => 84696227624
    [formname] => Обратная связь
)

------------------------
