
------------------------
23.01.2025 1:36:43
CallbackFormEmailModal
Array
(
    [name] => paulaslostad2002@aceomail.com
    [phone] => 88847824468
    [formname] => Обратная связь
)

------------------------

------------------------
23.01.2025 1:59:29
CallbackFormEmailModal
Array
(
    [name] => manfromanotherstation@gmail.com
    [phone] => 85863194311
    [formname] => Обратная связь
)

------------------------

------------------------
23.01.2025 3:02:38
CallbackFormEmailModal
Array
(
    [name] => winsatall4ever@gmail.com
    [phone] => 88183589382
    [formname] => Обратная связь
)

------------------------

------------------------
23.01.2025 3:28:45
CallbackFormEmailModal
Array
(
    [name] => greg73joker3@bk.ru
    [phone] => 79781873684
    [formname] => Обратная связь
)

------------------------

------------------------
23.01.2025 3:38:27
CallbackFormEmailModal
Array
(
    [name] => uxfroycbsel@rudiplomust.com
    [phone] => 83444314675
    [formname] => Обратная связь
)

------------------------

------------------------
23.01.2025 8:03:48
CallbackFormEmailModal
Array
(
    [name] => hfcfqsbsiKt@rudiplomust.com
    [phone] => 81743654558
    [formname] => Обратная связь
)

------------------------

------------------------
23.01.2025 10:24:08
CallbackFormEmailModal
Array
(
    [name] => megaboommegaboom@yandex.com
    [phone] => 84367322763
    [formname] => Обратная связь
)

------------------------

------------------------
23.01.2025 11:40:33
CallbackFormEmailModal
Array
(
    [name] => nadacottuobesnie@mail.ru
    [phone] => 88169987837
    [formname] => Обратная связь
)

------------------------

------------------------
23.01.2025 12:26:17
CallbackFormEmailModal
Array
(
    [name] => mosoce-416@mail.ru
    [phone] => 83533522111
    [formname] => Обратная связь
)

------------------------

------------------------
23.01.2025 14:29:51
CallbackFormEmailModal
Array
(
    [name] => tvcdairy@yahoo.com
    [phone] => 82227173326
    [formname] => Обратная связь
)

------------------------

------------------------
23.01.2025 14:57:33
CallbackFormEmailModal
Array
(
    [name] => ihndjntjsel@rudiplomust.com
    [phone] => 84383242832
    [formname] => Обратная связь
)

------------------------

------------------------
23.01.2025 14:57:33
CallbackFormEmailModal
Array
(
    [name] => zdeezpxwdel@rudiplomust.com
    [phone] => 84519897134
    [formname] => Обратная связь
)

------------------------

------------------------
23.01.2025 16:37:36
CallbackFormEmailModal
Array
(
    [name] => ela.kubets.94@mail.ru
    [phone] => 88184977116
    [formname] => Обратная связь
)

------------------------

------------------------
23.01.2025 16:37:36
CallbackFormEmailModal
Array
(
    [name] => combontsegal37@mail.ru
    [phone] => 89198878834
    [formname] => Обратная связь
)

------------------------

------------------------
23.01.2025 16:40:48
CallbackFormEmailModal
Array
(
    [name] => seimymavig1983@mail.ru
    [phone] => 89613637688
    [formname] => Обратная связь
)

------------------------

------------------------
23.01.2025 16:41:08
CallbackFormEmailModal
Array
(
    [name] => gendraducanprohbay@mail.ru
    [phone] => 89871121267
    [formname] => Обратная связь
)

------------------------

------------------------
23.01.2025 16:50:01
CallbackFormEmailModal
Array
(
    [name] => ljusdukeeca1971@mail.ru
    [phone] => 84591979491
    [formname] => Обратная связь
)

------------------------

------------------------
23.01.2025 16:54:07
CallbackFormEmailModal
Array
(
    [name] => marketingadvert@mail.ru
    [phone] => 81565689342
    [formname] => Обратная связь
)

------------------------

------------------------
23.01.2025 16:57:46
CallbackFormEmailModal
Array
(
    [name] => panova.elena.1992.23.11@bk.ru
    [phone] => 87513417622
    [formname] => Обратная связь
)

------------------------

------------------------
23.01.2025 16:57:50
CallbackFormEmailModal
Array
(
    [name] => shvernik.s@mail.ru
    [phone] => 83128217782
    [formname] => Обратная связь
)

------------------------

------------------------
23.01.2025 17:20:30
CallbackFormEmailModal
Array
(
    [name] => rmiicmeqcel@rudiplomust.com
    [phone] => 88648922415
    [formname] => Обратная связь
)

------------------------

------------------------
23.01.2025 17:43:15
CallbackFormEmailModal
Array
(
    [name] => yxaeoiodnel@rudiplomust.com
    [phone] => 84493834447
    [formname] => Обратная связь
)

------------------------

------------------------
23.01.2025 17:56:29
CallbackFormEmailModal
Array
(
    [name] => zqbugrrjgel@rudiplomust.com
    [phone] => 89764299671
    [formname] => Обратная связь
)

------------------------

------------------------
23.01.2025 18:00:28
CallbackFormEmailModal
Array
(
    [name] => zanlkdoxgka@rudiplomust.com
    [phone] => 89426365867
    [formname] => Обратная связь
)

------------------------

------------------------
23.01.2025 18:23:57
CallbackFormEmailModal
Array
(
    [name] => mickeycaf@bk.ru:50xa5mmm4
    [phone] => 88876884147
    [formname] => Обратная связь
)

------------------------

------------------------
23.01.2025 18:31:09
CallbackFormEmailModal
Array
(
    [name] => slvbdiaoqel@rudiplomust.com
    [phone] => 89241153762
    [formname] => Обратная связь
)

------------------------

------------------------
23.01.2025 18:52:31
CallbackFormEmailModal
Array
(
    [name] => naphtloxua-5550@mail.ru
    [phone] => 86819917256
    [formname] => Обратная связь
)

------------------------

------------------------
23.01.2025 18:57:55
CallbackFormEmailModal
Array
(
    [name] => moiseevatoriya1993@bk.ru
    [phone] => 86196745535
    [formname] => Обратная связь
)

------------------------

------------------------
23.01.2025 19:14:30
CallbackFormEmailModal
Array
(
    [name] => karpeciktibas19915@bk.ru
    [phone] => 81916672314
    [formname] => Обратная связь
)

------------------------

------------------------
23.01.2025 19:15:30
CallbackFormEmailModal
Array
(
    [name] => sheveleva-alisa@bk.ru
    [phone] => 87652315119
    [formname] => Обратная связь
)

------------------------

------------------------
23.01.2025 19:16:04
CallbackFormEmailModal
Array
(
    [name] => pavel.sitdikov.88@mail.ru
    [phone] => 86455767521
    [formname] => Обратная связь
)

------------------------

------------------------
23.01.2025 19:17:47
CallbackFormEmailModal
Array
(
    [name] => quejudcatan1981@mail.ru
    [phone] => 85928427938
    [formname] => Обратная связь
)

------------------------

------------------------
23.01.2025 19:28:01
CallbackFormEmailModal
Array
(
    [name] => danilovavita9@mail.ru
    [phone] => 86623316778
    [formname] => Обратная связь
)

------------------------

------------------------
23.01.2025 19:49:30
CallbackFormEmailModal
Array
(
    [name] => galya.usenko.63@mail.ru
    [phone] => 81462794181
    [formname] => Обратная связь
)

------------------------

------------------------
23.01.2025 19:58:08
CallbackFormEmailModal
Array
(
    [name] => eprovbelwha@mail.ru
    [phone] => 88772662643
    [formname] => Обратная связь
)

------------------------

------------------------
23.01.2025 19:59:37
CallbackFormEmailModal
Array
(
    [name] => zuyev-vadik@bk.ru
    [phone] => 83781938586
    [formname] => Обратная связь
)

------------------------

------------------------
23.01.2025 20:05:14
CallbackFormEmailModal
Array
(
    [name] => dorofeyavinogradova199056@mail.ru
    [phone] => 84557643945
    [formname] => Обратная связь
)

------------------------

------------------------
23.01.2025 20:07:43
CallbackFormEmailModal
Array
(
    [name] => mamedov.edgar.1992.3.3@inbox.ru
    [phone] => 87925978714
    [formname] => Обратная связь
)

------------------------

------------------------
23.01.2025 21:18:00
CallbackFormEmailModal
Array
(
    [name] => cocaine@cocaine-v-toshkente.shop
    [phone] => 81662526912
    [formname] => Обратная связь
)

------------------------

------------------------
23.01.2025 21:31:51
CallbackFormEmailModal
Array
(
    [name] => aclcvajqaKn@rudiplomust.com
    [phone] => 82999196788
    [formname] => Обратная связь
)

------------------------

------------------------
23.01.2025 22:18:26
CallbackFormEmailModal
Array
(
    [name] => phhsvnoxwel@rudiplomust.com
    [phone] => 89199649995
    [formname] => Обратная связь
)

------------------------

------------------------
23.01.2025 22:35:36
CallbackFormEmailModal
Array
(
    [name] => howyyncxy@bk.ru
    [phone] => 85529448742
    [formname] => Обратная связь
)

------------------------

------------------------
23.01.2025 22:46:56
CallbackFormEmailModal
Array
(
    [name] => anna.shapiro.78@mail.ru
    [phone] => 89449715142
    [formname] => Обратная связь
)

------------------------

------------------------
23.01.2025 22:52:30
CallbackFormEmailModal
Array
(
    [name] => shushalev.yulian@mail.ru
    [phone] => 81441629287
    [formname] => Обратная связь
)

------------------------

------------------------
23.01.2025 23:01:29
CallbackFormEmailModal
Array
(
    [name] => arturgorz2o3@bk.ru
    [phone] => 87251836474
    [formname] => Обратная связь
)

------------------------

------------------------
23.01.2025 23:02:09
CallbackFormEmailModal
Array
(
    [name] => diana.fedorova.85@inbox.ru
    [phone] => 86845582795
    [formname] => Обратная связь
)

------------------------

------------------------
23.01.2025 23:14:35
CallbackFormEmailModal
Array
(
    [name] => sashunya.sergeev.2022@list.ru
    [phone] => 86425376656
    [formname] => Обратная связь
)

------------------------

------------------------
23.01.2025 23:23:17
CallbackFormEmailModal
Array
(
    [name] => ignatevipatii19908014@mail.ru
    [phone] => 89654582456
    [formname] => Обратная связь
)

------------------------

------------------------
23.01.2025 23:26:14
CallbackFormEmailModal
Array
(
    [name] => rodionoverik1735@mail.ru
    [phone] => 86372193312
    [formname] => Обратная связь
)

------------------------
