
------------------------
25.05.2024 14:26:27
CallbackFormEmailModal
Array
(
    [name] => hotsnacarea198697@rambler.ru
    [phone] => +71231234567
    [formname] => Обратная связь
)

------------------------

------------------------
25.05.2024 18:32:09
CallbackFormEmailModal
Array
(
    [name] => mikesuinuts@gmail.com
    [phone] => 85973814225
    [formname] => Обратная связь
)

------------------------

------------------------
25.05.2024 21:27:14
CallbackFormEmailModal
Array
(
    [name] => mikegikibe@gmail.com
    [phone] => 81954684616
    [formname] => Обратная связь
)

------------------------

------------------------
25.05.2024 22:11:57
CallbackFormEmailModal
Array
(
    [name] => enderigto197017@rambler.ru
    [phone] => +71231234567
    [formname] => Обратная связь
)

------------------------
