
------------------------
02.03.2026 6:22:16
CallbackFormEmailModal
Array
(
    [name] => prohor.zlobin.14.11.1987@mail.ru
    [phone] => 83171137652
    [formname] => Обратная связь
)

------------------------

------------------------
02.03.2026 6:24:28
CallbackFormEmailModal
Array
(
    [name] => yaroslav.sevastyanov.1988@mail.ru
    [phone] => 85423871765
    [formname] => Обратная связь
)

------------------------

------------------------
02.03.2026 6:39:06
CallbackFormEmailModal
Array
(
    [name] => margarita.stolyarova.26.05.1995@mail.ru
    [phone] => 88398988665
    [formname] => Обратная связь
)

------------------------

------------------------
02.03.2026 9:31:18
CallbackFormEmailModal
Array
(
    [name] => ponomaryov.borya.1983@bk.ru
    [phone] => 81295894157
    [formname] => Обратная связь
)

------------------------

------------------------
02.03.2026 17:40:40
Order
Array
(
    [name] => Караев Артур Эльбрусович
    [email] => karaevartur@gmail.com
    [phone] => +7-925-080-2485
    [comment] => Резина + Щетка + Скребок, кол-во: 1, цена: 15300руб.
Способ доставки: Самовывоз со склада
Выберите способ оплаты: Оплата на расчетный счет организации

Комментарий к заказу: 

    [formname] => Заказ из корзины
    [fields] => Array
        (
            [price] => 15300
        )

)

------------------------
