
------------------------
03.04.2024 1:35:57
CallbackFormEmailModal
Array
(
    [name] => ernestina_sweetin49@rambler.ru
    [phone] => 84976634592
    [formname] => Обратная связь
)

------------------------

------------------------
03.04.2024 2:59:41
CallbackFormEmailModal
Array
(
    [name] => mitrets1@gmail.com
    [phone] => 82328198498
    [formname] => Обратная связь
)

------------------------

------------------------
03.04.2024 3:00:39
CallbackFormEmailModal
Array
(
    [name] => kaenquirynicholls@gmail.com
    [phone] => 83537353645
    [formname] => Обратная связь
)

------------------------

------------------------
03.04.2024 3:11:13
CallbackFormEmailModal
Array
(
    [name] => ib6.5.0.3495@gmail.com
    [phone] => 85332522162
    [formname] => Обратная связь
)

------------------------

------------------------
03.04.2024 7:16:35
CallbackFormEmailModal
Array
(
    [name] => borisgendelman22@outlook.com
    [phone] => 89296656128
    [formname] => Обратная связь
)

------------------------

------------------------
03.04.2024 9:55:40
CallbackFormEmailModal
Array
(
    [name] => cl.ay.du.f.fy.5.1@gmail.com
    [phone] => 87652722794
    [formname] => Обратная связь
)

------------------------

------------------------
03.04.2024 9:59:36
CallbackFormEmailModal
Array
(
    [name] => fdrte53454@atrimoney.site
    [phone] => 88345544841
    [formname] => Обратная связь
)

------------------------

------------------------
03.04.2024 10:06:09
CallbackFormEmailModal
Array
(
    [name] => houstonbestlocksmith@outlook.com
    [phone] => 86212982576
    [formname] => Обратная связь
)

------------------------

------------------------
03.04.2024 11:02:24
CallbackFormEmailModal
Array
(
    [name] => tiowatighboot198028@rambler.ru
    [phone] => +78945612332
    [formname] => Обратная связь
)

------------------------

------------------------
03.04.2024 11:15:55
CallbackFormEmailModal
Array
(
    [name] => a.n.nabatt.23@gmail.com
    [phone] => 81633955884
    [formname] => Обратная связь
)

------------------------

------------------------
03.04.2024 11:51:28
CallbackFormEmailModal
Array
(
    [name] => farbstat@cleanerkat.pl
    [phone] => 82736348711
    [formname] => Обратная связь
)

------------------------

------------------------
03.04.2024 15:17:56
CallbackFormEmailModal
Array
(
    [name] => ty.p.h.us.1.985@gmail.com
    [phone] => 85928869255
    [formname] => Обратная связь
)

------------------------

------------------------
03.04.2024 17:02:02
CallbackFormEmailModal
Array
(
    [name] => lucido.leinteract@gmail.com
    [phone] => 87631615342
    [formname] => Обратная связь
)

------------------------

------------------------
03.04.2024 17:37:34
CallbackFormEmailModal
Array
(
    [name] => astana_animators@outlook.com
    [phone] => 87721326179
    [formname] => Обратная связь
)

------------------------

------------------------
03.04.2024 17:52:49
CallbackFormEmailModal
Array
(
    [name] => mr1@25koles.ru
    [phone] => 84237278352
    [formname] => Обратная связь
)

------------------------

------------------------
03.04.2024 19:18:17
CallbackFormEmailModal
Array
(
    [name] => control_braslet@outlook.com
    [phone] => 86897131431
    [formname] => Обратная связь
)

------------------------
