
------------------------
21.10.2022 2:46:13
CallbackFormEmailModal
Array
(
    [name] => lyuba_agayeva@mail.ru
    [phone] => 86761572759
    [formname] => Обратная связь
)

------------------------

------------------------
21.10.2022 8:10:08
CallbackFormEmailModal
Array
(
    [name] => ldinovof1983@mail.ru
    [phone] => 86729337134
    [formname] => Обратная связь
)

------------------------

------------------------
21.10.2022 16:04:52
CallbackFormEmailModal
Array
(
    [name] => TubsintiT@topmailonline.xyz
    [phone] => 84748254677
    [formname] => Обратная связь
)

------------------------

------------------------
21.10.2022 19:09:58
CallbackFormEmailModal
Array
(
    [name] => romanbca8kn@outlook.com
    [phone] => romanbca8kn@outlook.com
    [formname] => Обратная связь
)

------------------------

------------------------
21.10.2022 19:10:05
CallbackFormEmailModal
Array
(
    [name] => romanbca8kn@outlook.com
    [phone] => romanbca8kn@outlook.com
    [formname] => Обратная связь
)

------------------------

------------------------
21.10.2022 19:10:17
CallbackFormEmailModal
Array
(
    [name] => romanbca8kn@outlook.com
    [phone] => romanbca8kn@outlook.com
    [formname] => Обратная связь
)

------------------------

------------------------
21.10.2022 19:10:23
CallbackFormEmailModal
Array
(
    [name] => romanbca8kn@outlook.com
    [phone] => romanbca8kn@outlook.com
    [formname] => Обратная связь
)

------------------------

------------------------
21.10.2022 19:10:55
CallbackFormEmailModal
Array
(
    [name] => romanbca8kn@outlook.com
    [phone] => romanbca8kn@outlook.com
    [formname] => Обратная связь
)

------------------------

------------------------
21.10.2022 19:11:01
CallbackFormEmailModal
Array
(
    [name] => romanbca8kn@outlook.com
    [phone] => romanbca8kn@outlook.com
    [formname] => Обратная связь
)

------------------------

------------------------
21.10.2022 19:11:21
CallbackFormEmailModal
Array
(
    [name] => romanbca8kn@outlook.com
    [phone] => romanbca8kn@outlook.com
    [formname] => Обратная связь
)

------------------------

------------------------
21.10.2022 19:11:27
CallbackFormEmailModal
Array
(
    [name] => romanbca8kn@outlook.com
    [phone] => romanbca8kn@outlook.com
    [formname] => Обратная связь
)

------------------------

------------------------
21.10.2022 19:53:37
CallbackFormEmailModal
Array
(
    [name] => ldinovof1983@mail.ru
    [phone] => 83517799468
    [formname] => Обратная связь
)

------------------------
