
------------------------
12.07.2025 5:08:52
CallbackFormEmailModal
Array
(
    [name] => thtxgauls@hoopsori.shop
    [phone] => 88786345965
    [formname] => Обратная связь
)

------------------------

------------------------
12.07.2025 8:20:52
CallbackFormEmailModal
Array
(
    [name] => kostinarogneda97@list.ru
    [phone] => 82539858136
    [formname] => Обратная связь
)

------------------------

------------------------
12.07.2025 9:01:38
CallbackFormEmailModal
Array
(
    [name] => laisumake186@mail.ru
    [phone] => 85516591159
    [formname] => Обратная связь
)

------------------------

------------------------
12.07.2025 9:11:07
CallbackFormEmailModal
Array
(
    [name] => vir-chat@inbox.lv
    [phone] => 84669989245
    [formname] => Обратная связь
)

------------------------

------------------------
12.07.2025 9:18:09
CallbackFormEmailModal
Array
(
    [name] => tacusol-6816@mail.ru
    [phone] => 81221795718
    [formname] => Обратная связь
)

------------------------

------------------------
12.07.2025 9:42:07
CallbackFormEmailModal
Array
(
    [name] => igor_trofimov_1979@mail.ru
    [phone] => 87132294676
    [formname] => Обратная связь
)

------------------------

------------------------
12.07.2025 9:56:20
CallbackFormEmailModal
Array
(
    [name] => margarita.stolyarova.26.05.1995@mail.ru
    [phone] => 81252611214
    [formname] => Обратная связь
)

------------------------

------------------------
12.07.2025 10:43:02
CallbackFormEmailModal
Array
(
    [name] => sileterde1976@mail.ru
    [phone] => 84111523396
    [formname] => Обратная связь
)

------------------------

------------------------
12.07.2025 12:35:07
CallbackFormEmailModal
Array
(
    [name] => tairbox@web.de
    [phone] => 82817398751
    [formname] => Обратная связь
)

------------------------

------------------------
12.07.2025 13:02:28
CallbackFormEmailModal
Array
(
    [name] => qweqweqeqweqwe12@gmail.com
    [phone] => 83675343919
    [formname] => Обратная связь
)

------------------------

------------------------
12.07.2025 13:15:46
CallbackFormEmailModal
Array
(
    [name] => admin@progonx.fun
    [phone] => 84561651724
    [formname] => Обратная связь
)

------------------------

------------------------
12.07.2025 13:43:05
CallbackFormEmailModal
Array
(
    [name] => 7lg@xcuec.ru
    [phone] => 83855293649
    [formname] => Обратная связь
)

------------------------

------------------------
12.07.2025 13:47:58
CallbackFormEmailModal
Array
(
    [name] => osipova.liliia.1986.22.12@inbox.ru
    [phone] => 81578544534
    [formname] => Обратная связь
)

------------------------

------------------------
12.07.2025 13:59:18
CallbackFormEmailModal
Array
(
    [name] => kskoxim@inbox.ru
    [phone] => 82879193362
    [formname] => Обратная связь
)

------------------------

------------------------
12.07.2025 14:25:47
CallbackFormEmailModal
Array
(
    [name] => panova.elena.1992.23.11@bk.ru
    [phone] => 83561917677
    [formname] => Обратная связь
)

------------------------

------------------------
12.07.2025 14:48:43
CallbackFormEmailModal
Array
(
    [name] => akindinkudryashov6842@mail.ru
    [phone] => 82987623214
    [formname] => Обратная связь
)

------------------------

------------------------
12.07.2025 15:37:50
CallbackFormEmailModal
Array
(
    [name] => dzhavgorat-tashdemirov1981@mail.ru
    [phone] => 84529941546
    [formname] => Обратная связь
)

------------------------

------------------------
12.07.2025 15:56:08
CallbackFormEmailModal
Array
(
    [name] => velislavjichastov1986@mail.ru
    [phone] => 88462521111
    [formname] => Обратная связь
)

------------------------

------------------------
12.07.2025 16:53:10
CallbackFormEmailModal
Array
(
    [name] => bikon777@rambler.ru
    [phone] => 88486615848
    [formname] => Обратная связь
)

------------------------

------------------------
12.07.2025 17:46:23
CallbackFormEmailModal
Array
(
    [name] => halcheni1990@mail.ru
    [phone] => 88481996814
    [formname] => Обратная связь
)

------------------------

------------------------
12.07.2025 17:47:39
CallbackFormEmailModal
Array
(
    [name] => lastoenevcwaogtdsaog@gmail.com
    [phone] => 82255383942
    [formname] => Обратная связь
)

------------------------

------------------------
12.07.2025 17:48:04
CallbackFormEmailModal
Array
(
    [name] => anna.shapiro.78@mail.ru
    [phone] => 81532274352
    [formname] => Обратная связь
)

------------------------

------------------------
12.07.2025 17:48:45
CallbackFormEmailModal
Array
(
    [name] => sashunya.sergeev.2022@list.ru
    [phone] => 85871788879
    [formname] => Обратная связь
)

------------------------

------------------------
12.07.2025 17:49:53
CallbackFormEmailModal
Array
(
    [name] => nbicewogoewnciew@gmail.com
    [phone] => 81239486722
    [formname] => Обратная связь
)

------------------------

------------------------
12.07.2025 18:03:44
CallbackFormEmailModal
Array
(
    [name] => karina_platonova_31068@mail.ru
    [phone] => 83612795233
    [formname] => Обратная связь
)

------------------------

------------------------
12.07.2025 18:12:57
CallbackFormEmailModal
Array
(
    [name] => subbotinalenara88@mail.ru
    [phone] => 87244315556
    [formname] => Обратная связь
)

------------------------

------------------------
12.07.2025 18:27:51
CallbackFormEmailModal
Array
(
    [name] => beneslipenhumesten692+jason@gmail.com
    [phone] => 83637328773
    [formname] => Обратная связь
)

------------------------

------------------------
12.07.2025 18:39:26
CallbackFormEmailModal
Array
(
    [name] => marina.bespalova.01.11.1978@mail.ru
    [phone] => 86787358865
    [formname] => Обратная связь
)

------------------------

------------------------
12.07.2025 18:45:54
CallbackFormEmailModal
Array
(
    [name] => yourmail@gmail.com
    [phone] => 88687419428
    [formname] => Обратная связь
)

------------------------

------------------------
12.07.2025 19:13:45
CallbackFormEmailModal
Array
(
    [name] => chofitensatomar@mail.ru
    [phone] => 88529496912
    [formname] => Обратная связь
)

------------------------
