
------------------------
25.04.2024 0:14:00
CallbackFormEmailModal
Array
(
    [name] => lucido.leinteract@gmail.com
    [phone] => 85372876926
    [formname] => Обратная связь
)

------------------------

------------------------
25.04.2024 0:32:28
CallbackFormEmailModal
Array
(
    [name] => rout@kino-fan.lol
    [phone] => 81657148751
    [formname] => Обратная связь
)

------------------------

------------------------
25.04.2024 1:29:32
CallbackFormEmailModal
Array
(
    [name] => dmgxgccjubswjmve@onet.pl
    [phone] => 81387425412
    [formname] => Обратная связь
)

------------------------

------------------------
25.04.2024 3:53:45
CallbackFormEmailModal
Array
(
    [name] => pordepydabb@mail3go.online

    [phone] => 85328655319
    [formname] => Обратная связь
)

------------------------

------------------------
25.04.2024 7:18:45
CallbackFormEmailModal
Array
(
    [name] => vova80918@mail.ru
    [phone] => 81111817854
    [formname] => Обратная связь
)

------------------------

------------------------
25.04.2024 9:30:13
CallbackFormEmailModal
Array
(
    [name] => borisgendelman22@outlook.com
    [phone] => 84556551756
    [formname] => Обратная связь
)

------------------------

------------------------
25.04.2024 13:22:41
CallbackFormEmailModal
Array
(
    [name] => 38248712@seo-ul.store
    [phone] => 81338381884
    [formname] => Обратная связь
)

------------------------

------------------------
25.04.2024 15:53:32
CallbackFormEmailModal
Array
(
    [name] => wyamsler6666@hotmail.com
    [phone] => 85341226992
    [formname] => Обратная связь
)

------------------------

------------------------
25.04.2024 15:56:50
CallbackFormEmailModal
Array
(
    [name] => upku.pa.li.n.ka.777@gmail.com
    [phone] => 84675796859
    [formname] => Обратная связь
)

------------------------

------------------------
25.04.2024 20:25:07
CallbackFormEmailModal
Array
(
    [name] => iunskiygipertonik@gmail.com
    [phone] => 87672284439
    [formname] => Обратная связь
)

------------------------

------------------------
25.04.2024 22:18:54
CallbackFormEmailModal
Array
(
    [name] => artibraosteoke218@list.ru
    [phone] => 82716573851
    [formname] => Обратная связь
)

------------------------

------------------------
25.04.2024 23:56:03
CallbackFormEmailModal
Array
(
    [name] => andrw.mirf@mail.ru
    [phone] => 83586226783
    [formname] => Обратная связь
)

------------------------
