
------------------------
29.09.2022 0:15:59
CallbackFormEmailModal
Array
(
    [name] => amir_nuori@yahoo.com
    [phone] => 84635534397
    [formname] => Обратная связь
)

------------------------

------------------------
29.09.2022 1:47:12
CallbackFormEmailModal
Array
(
    [name] => vasili.kuzmin93@gmail.com
    [phone] => 87752914721
    [formname] => Обратная связь
)

------------------------

------------------------
29.09.2022 2:19:22
CallbackFormEmailModal
Array
(
    [name] => spbetcas612@gmail.com
    [phone] => 85644447927
    [formname] => Обратная связь
)

------------------------

------------------------
29.09.2022 5:52:37
CallbackFormEmailModal
Array
(
    [name] => frendlys@outlook.com
    [phone] => 88651755345
    [formname] => Обратная связь
)

------------------------

------------------------
29.09.2022 7:07:14
CallbackFormEmailModal
Array
(
    [name] => ksyusha.belova.2020@mail.ru
    [phone] => 88396732627
    [formname] => Обратная связь
)

------------------------

------------------------
29.09.2022 7:09:13
CallbackFormEmailModal
Array
(
    [name] => tosha.sidorov.1994@bk.ru
    [phone] => 89558658847
    [formname] => Обратная связь
)

------------------------

------------------------
29.09.2022 7:10:41
CallbackFormEmailModal
Array
(
    [name] => romanovdionis1984@list.ru
    [phone] => 85129918914
    [formname] => Обратная связь
)

------------------------

------------------------
29.09.2022 7:11:08
CallbackFormEmailModal
Array
(
    [name] => masha_fomina_71@list.ru
    [phone] => 87536349324
    [formname] => Обратная связь
)

------------------------

------------------------
29.09.2022 7:22:29
CallbackFormEmailModal
Array
(
    [name] => evgeniyog6bir@mail.ru
    [phone] => 88417732245
    [formname] => Обратная связь
)

------------------------

------------------------
29.09.2022 7:22:39
CallbackFormEmailModal
Array
(
    [name] => evafomina1967@list.ru
    [phone] => 87418477849
    [formname] => Обратная связь
)

------------------------

------------------------
29.09.2022 7:24:11
CallbackFormEmailModal
Array
(
    [name] => anya.grigoreva.1993@inbox.ru
    [phone] => 83526639115
    [formname] => Обратная связь
)

------------------------

------------------------
29.09.2022 7:34:11
CallbackFormEmailModal
Array
(
    [name] => lebedevbajen94@bk.ru
    [phone] => 81293522978
    [formname] => Обратная связь
)

------------------------

------------------------
29.09.2022 7:37:30
CallbackFormEmailModal
Array
(
    [name] => semyon_orlov_1973@inbox.ru
    [phone] => 88274881239
    [formname] => Обратная связь
)

------------------------

------------------------
29.09.2022 10:40:14
CallbackFormEmailModal
Array
(
    [name] => viktoriya-sidorova-1973@bk.ru
    [phone] => 83469295524
    [formname] => Обратная связь
)

------------------------

------------------------
29.09.2022 10:59:16
CallbackFormEmailModal
Array
(
    [name] => antosha-smirnov-83@inbox.ru
    [phone] => 89842264974
    [formname] => Обратная связь
)

------------------------

------------------------
29.09.2022 11:02:24
CallbackFormEmailModal
Array
(
    [name] => oksanka.fomina.1983@bk.ru
    [phone] => 85533231634
    [formname] => Обратная связь
)

------------------------

------------------------
29.09.2022 11:10:32
CallbackFormEmailModal
Array
(
    [name] => ilina-anfiska@bk.ru
    [phone] => 88617148766
    [formname] => Обратная связь
)

------------------------

------------------------
29.09.2022 11:13:35
CallbackFormEmailModal
Array
(
    [name] => roksana.borisova.70@mail.ru
    [phone] => 82893692128
    [formname] => Обратная связь
)

------------------------

------------------------
29.09.2022 11:44:00
CallbackFormEmailModal
Array
(
    [name] => kseniya_efimova_1988@inbox.ru
    [phone] => 85574929536
    [formname] => Обратная связь
)

------------------------

------------------------
29.09.2022 13:27:51
CallbackFormEmailModal
Array
(
    [name] => vasili.kuzmin93@gmail.com
    [phone] => 81487665765
    [formname] => Обратная связь
)

------------------------

------------------------
29.09.2022 13:34:05
CallbackFormEmailModal
Array
(
    [name] => smirnov-sergey-smirnov-1991-ser@bk.ru
    [phone] => 81635915835
    [formname] => Обратная связь
)

------------------------

------------------------
29.09.2022 13:34:55
CallbackFormEmailModal
Array
(
    [name] => stepanov-yarik-stepanov-1978-ya@bk.ru
    [phone] => 86337693841
    [formname] => Обратная связь
)

------------------------

------------------------
29.09.2022 13:47:46
CallbackFormEmailModal
Array
(
    [name] => eduard-vasilev-1968@list.ru
    [phone] => 87573824873
    [formname] => Обратная связь
)

------------------------

------------------------
29.09.2022 13:47:55
CallbackFormEmailModal
Array
(
    [name] => tosha.prokofev.96@bk.ru
    [phone] => 83217458316
    [formname] => Обратная связь
)

------------------------

------------------------
29.09.2022 13:48:48
CallbackFormEmailModal
Array
(
    [name] => lena_kolesnikova_1998@inbox.ru
    [phone] => 85263337582
    [formname] => Обратная связь
)

------------------------

------------------------
29.09.2022 13:53:41
CallbackFormEmailModal
Array
(
    [name] => misha.1979.sobolev@bk.ru
    [phone] => 81661556943
    [formname] => Обратная связь
)

------------------------

------------------------
29.09.2022 13:59:13
CallbackFormEmailModal
Array
(
    [name] => vlasova.tania.1981.28.9@mail.ru
    [phone] => 83762867535
    [formname] => Обратная связь
)

------------------------

------------------------
29.09.2022 14:02:17
CallbackFormEmailModal
Array
(
    [name] => arkadiy_nikolaev_1988@inbox.ru
    [phone] => 86691693289
    [formname] => Обратная связь
)

------------------------

------------------------
29.09.2022 14:33:15
CallbackFormEmailModal
Array
(
    [name] => zhora-danilov-1965@inbox.ru
    [phone] => 87464298581
    [formname] => Обратная связь
)

------------------------

------------------------
29.09.2022 14:36:44
CallbackFormEmailModal
Array
(
    [name] => valechka.kiseleva.05@mail.ru
    [phone] => 81581971277
    [formname] => Обратная связь
)

------------------------

------------------------
29.09.2022 14:37:15
CallbackFormEmailModal
Array
(
    [name] => vasili.kuzmin93@gmail.com
    [phone] => 87817477794
    [formname] => Обратная связь
)

------------------------

------------------------
29.09.2022 15:48:02
CallbackFormEmailModal
Array
(
    [name] => svetlana-sukhanova-1975@list.ru
    [phone] => 85815642212
    [formname] => Обратная связь
)

------------------------

------------------------
29.09.2022 16:40:07
CallbackFormEmailModal
Array
(
    [name] => rostik.zakharov.1991@inbox.ru
    [phone] => 83627686443
    [formname] => Обратная связь
)

------------------------

------------------------
29.09.2022 16:45:50
CallbackFormEmailModal
Array
(
    [name] => svetlana.m.96@list.ru
    [phone] => 81213876848
    [formname] => Обратная связь
)

------------------------

------------------------
29.09.2022 16:49:58
CallbackFormEmailModal
Array
(
    [name] => liza_popova_1970@inbox.ru
    [phone] => 83384921892
    [formname] => Обратная связь
)

------------------------

------------------------
29.09.2022 16:50:48
CallbackFormEmailModal
Array
(
    [name] => kirill_abramov_1974@list.ru
    [phone] => 84633591131
    [formname] => Обратная связь
)

------------------------

------------------------
29.09.2022 16:53:22
CallbackFormEmailModal
Array
(
    [name] => ivan.bogdanov.1970@inbox.ru
    [phone] => 81518697981
    [formname] => Обратная связь
)

------------------------

------------------------
29.09.2022 16:58:06
CallbackFormEmailModal
Array
(
    [name] => l_borisova_1970@list.ru
    [phone] => 85558655819
    [formname] => Обратная связь
)

------------------------

------------------------
29.09.2022 17:01:01
CallbackFormEmailModal
Array
(
    [name] => nataliya-belousova-1980@mail.ru
    [phone] => 84652236966
    [formname] => Обратная связь
)

------------------------

------------------------
29.09.2022 17:34:38
CallbackFormEmailModal
Array
(
    [name] => renata.nikiforova.1972@inbox.ru
    [phone] => 84185833342
    [formname] => Обратная связь
)

------------------------

------------------------
29.09.2022 17:53:41
CallbackFormEmailModal
Array
(
    [name] => frendlys@outlook.com
    [phone] => 86371764254
    [formname] => Обратная связь
)

------------------------

------------------------
29.09.2022 18:17:46
CallbackFormEmailModal
Array
(
    [name] => rusakova.tatiya@bk.ru
    [phone] => 81396171998
    [formname] => Обратная связь
)

------------------------

------------------------
29.09.2022 22:11:08
CallbackFormEmailModal
Array
(
    [name] => dennis_gerstendorf@web.de
    [phone] => 81835763531
    [formname] => Обратная связь
)

------------------------

------------------------
29.09.2022 22:59:50
CallbackFormEmailModal
Array
(
    [name] => Алексей Алексей
    [phone] => +79296941006
    [formname] => Обратная связь
)

------------------------
