
------------------------
02.07.2024 2:38:50
CallbackFormEmailModal
Array
(
    [name] => inet4747@outlook.com
    [phone] => 85151296831
    [formname] => Обратная связь
)

------------------------

------------------------
02.07.2024 5:07:49
CallbackFormEmailModal
Array
(
    [name] => Hunterfem1987@xru.goaglie.com
    [phone] => 85348268861
    [formname] => Обратная связь
)

------------------------

------------------------
02.07.2024 6:34:24
CallbackFormEmailModal
Array
(
    [name] => yourmail@gmail.com
    [phone] => 83137957419
    [formname] => Обратная связь
)

------------------------

------------------------
02.07.2024 9:24:01
CallbackFormEmailModal
Array
(
    [name] => michaelklemens@mail.ru
    [phone] => 83946212516
    [formname] => Обратная связь
)

------------------------

------------------------
02.07.2024 10:13:28
CallbackFormEmailModal
Array
(
    [name] => v_ch@mail.ru
    [phone] => 82958466422
    [formname] => Обратная связь
)

------------------------

------------------------
02.07.2024 13:59:49
CallbackFormEmailModal
Array
(
    [name] => maxpiotr83@gmail.com
    [phone] => 86241973225
    [formname] => Обратная связь
)

------------------------

------------------------
02.07.2024 18:03:07
CallbackFormEmailModal
Array
(
    [name] => lolerex241@ovout.com
    [phone] => 82552871883
    [formname] => Обратная связь
)

------------------------

------------------------
02.07.2024 18:28:03
CallbackFormEmailModal
Array
(
    [name] => elmira_duriga93@rambler.ru
    [phone] => 88137617976
    [formname] => Обратная связь
)

------------------------

------------------------
02.07.2024 18:30:06
CallbackFormEmailModal
Array
(
    [name] => SebastianMiz1967@xru.goaglie.com
    [phone] => 85453754628
    [formname] => Обратная связь
)

------------------------

------------------------
02.07.2024 20:14:05
CallbackFormEmailModal
Array
(
    [name] => hytlatkcael@rudiplomust.com
    [phone] => 87927471145
    [formname] => Обратная связь
)

------------------------

------------------------
02.07.2024 20:16:38
CallbackFormEmailModal
Array
(
    [name] => edovledxtel@rudiplomust.com
    [phone] => 83598971211
    [formname] => Обратная связь
)

------------------------

------------------------
02.07.2024 23:01:00
CallbackFormEmailModal
Array
(
    [name] => wolfgame@wolfspins-game.com
    [phone] => 83765263584
    [formname] => Обратная связь
)

------------------------
