
------------------------
29.12.2024 0:01:29
CallbackFormEmailModal
Array
(
    [name] => robertJealt@mail.ru
    [phone] => 81815325656
    [formname] => Обратная связь
)

------------------------

------------------------
29.12.2024 2:37:21
CallbackFormEmailModal
Array
(
    [name] => 202xrumer9@farironalds.com
    [phone] => 83276852855
    [formname] => Обратная связь
)

------------------------

------------------------
29.12.2024 2:42:25
CallbackFormEmailModal
Array
(
    [name] => barbariska8912@gmail.com
    [phone] => 83635951588
    [formname] => Обратная связь
)

------------------------

------------------------
29.12.2024 2:43:09
CallbackFormEmailModal
Array
(
    [name] => Eric Jones
    [phone] => US
    [formname] => Обратная связь
)

------------------------

------------------------
29.12.2024 2:59:16
CallbackFormEmailModal
Array
(
    [name] => vchdkkberKn@rudiplomust.com
    [phone] => 86313712398
    [formname] => Обратная связь
)

------------------------

------------------------
29.12.2024 3:01:50
CallbackFormEmailModal
Array
(
    [name] => goldboy1931@gmail.com
    [phone] => 84366251258
    [formname] => Обратная связь
)

------------------------

------------------------
29.12.2024 3:52:34
CallbackFormEmailModal
Array
(
    [name] => service@prostpro.fun
    [phone] => 81449337438
    [formname] => Обратная связь
)

------------------------

------------------------
29.12.2024 3:52:39
CallbackFormEmailModal
Array
(
    [name] => service@prostpro.fun
    [phone] => 89152795413
    [formname] => Обратная связь
)

------------------------

------------------------
29.12.2024 5:29:28
CallbackFormEmailModal
Array
(
    [name] => 8880#r7andom[a..z]muripsxukjxddprtm@armashoping.ru
    [phone] => 87972698639
    [formname] => Обратная связь
)

------------------------

------------------------
29.12.2024 6:17:32
CallbackFormEmailModal
Array
(
    [name] => pdcqawje@maillv.com
    [phone] => 85893433426
    [formname] => Обратная связь
)

------------------------

------------------------
29.12.2024 7:19:57
CallbackFormEmailModal
Array
(
    [name] => siobrowwoodje1976@mail.ru
    [phone] => 83297449754
    [formname] => Обратная связь
)

------------------------

------------------------
29.12.2024 7:20:59
CallbackFormEmailModal
Array
(
    [name] => help@gwmetabitt.com
    [phone] => 88594372432
    [formname] => Обратная связь
)

------------------------

------------------------
29.12.2024 7:51:34
CallbackFormEmailModal
Array
(
    [name] => zwiccsoivel@rudiplomust.com
    [phone] => 84388881358
    [formname] => Обратная связь
)

------------------------

------------------------
29.12.2024 8:55:49
CallbackFormEmailModal
Array
(
    [name] => artembolotov949@gmail.com
    [phone] => 82681814537
    [formname] => Обратная связь
)

------------------------

------------------------
29.12.2024 10:02:04
CallbackFormEmailModal
Array
(
    [name] => agafiyabolshakova19936907@bk.ru
    [phone] => 88642245148
    [formname] => Обратная связь
)

------------------------

------------------------
29.12.2024 11:44:32
CallbackFormEmailModal
Array
(
    [name] => shushalev.yulian@mail.ru
    [phone] => 85355588631
    [formname] => Обратная связь
)

------------------------

------------------------
29.12.2024 12:26:19
CallbackFormEmailModal
Array
(
    [name] => chofitensatomar@mail.ru
    [phone] => 87652329485
    [formname] => Обратная связь
)

------------------------

------------------------
29.12.2024 13:33:56
CallbackFormEmailModal
Array
(
    [name] => ooorefin@gmail.com
    [phone] => +74956643022
    [formname] => Обратная связь
)

------------------------

------------------------
29.12.2024 13:36:38
CallbackFormEmailModal
Array
(
    [name] => info@hifinance.ru
    [phone] => 7 (495) 142-56-63
    [formname] => Обратная связь
)

------------------------

------------------------
29.12.2024 15:21:07
CallbackFormEmailModal
Array
(
    [name] => astr8118@gmail.com
    [phone] => 83437424121
    [formname] => Обратная связь
)

------------------------

------------------------
29.12.2024 15:24:14
CallbackFormEmailModal
Array
(
    [name] => mikexxxx@gmail.com
    [phone] => 85162659886
    [formname] => Обратная связь
)

------------------------

------------------------
29.12.2024 21:01:18
CallbackFormEmailModal
Array
(
    [name] => michaelLycle@mail.ru
    [phone] => 88583533636
    [formname] => Обратная связь
)

------------------------

------------------------
29.12.2024 22:16:47
CallbackFormEmailModal
Array
(
    [name] => service@prostpro.fun
    [phone] => 85558814766
    [formname] => Обратная связь
)

------------------------

------------------------
29.12.2024 22:16:52
CallbackFormEmailModal
Array
(
    [name] => service@prostpro.fun
    [phone] => 86872511644
    [formname] => Обратная связь
)

------------------------

------------------------
29.12.2024 23:27:55
CallbackFormEmailModal
Array
(
    [name] => goldboy1931@gmail.com
    [phone] => 84289161845
    [formname] => Обратная связь
)

------------------------
