
------------------------
16.03.2023 2:48:05
CallbackFormEmailModal
Array
(
    [name] => MpestoYsanie@pochtaserver.com
    [phone] => 81672589638
    [formname] => Обратная связь
)

------------------------

------------------------
16.03.2023 3:18:56
CallbackFormEmailModal
Array
(
    [name] => RadliaArount@pochtaserver.com
    [phone] => 86924161649
    [formname] => Обратная связь
)

------------------------

------------------------
16.03.2023 7:15:40
CallbackFormEmailModal
Array
(
    [name] => jana56@pop33.site
    [phone] => 82967993958
    [formname] => Обратная связь
)

------------------------

------------------------
16.03.2023 12:55:47
CallbackFormEmailModal
Array
(
    [name] => masha23@alexhost.site
    [phone] => 88664362315
    [formname] => Обратная связь
)

------------------------

------------------------
16.03.2023 13:46:46
CallbackFormEmailModal
Array
(
    [name] => bonusionline@gmail.com
    [phone] => 83525785741
    [formname] => Обратная связь
)

------------------------

------------------------
16.03.2023 22:34:38
CallbackFormEmailModal
Array
(
    [name] => maks.chistyakov.71@list.ru
    [phone] => 84842427984
    [formname] => Обратная связь
)

------------------------
