
------------------------
29.07.2024 3:59:21
CallbackFormEmailModal
Array
(
    [name] => may196@3mtintchicago.com
    [phone] => 88935247844
    [formname] => Обратная связь
)

------------------------

------------------------
29.07.2024 4:55:02
CallbackFormEmailModal
Array
(
    [name] => tgiul@3mtintchicago.com
    [phone] => 83186412446
    [formname] => Обратная связь
)

------------------------

------------------------
29.07.2024 7:18:35
CallbackFormEmailModal
Array
(
    [name] => may211@3mtintchicago.com
    [phone] => 83857563675
    [formname] => Обратная связь
)

------------------------

------------------------
29.07.2024 9:47:31
CallbackFormEmailModal
Array
(
    [name] => may553@3mtintchicago.com
    [phone] => 88358682549
    [formname] => Обратная связь
)

------------------------

------------------------
29.07.2024 10:58:02
CallbackFormEmailModal
Array
(
    [name] => Bokyfaday@mailport.lat
    [phone] => 89947997128
    [formname] => Обратная связь
)

------------------------

------------------------
29.07.2024 13:10:06
CallbackFormEmailModal
Array
(
    [name] => info@confidence-finance.ru
    [phone] => +7 (985) 059-26-23
    [formname] => Обратная связь
)

------------------------

------------------------
29.07.2024 13:11:38
CallbackFormEmailModal
Array
(
    [name] => 1@www-marketing.ru
    [phone] => 82638621238
    [formname] => Обратная связь
)

------------------------

------------------------
29.07.2024 14:38:38
CallbackFormEmailModal
Array
(
    [name] => rabochie-sp23b@gmail.com
    [phone] => 87246932641
    [formname] => Обратная связь
)

------------------------
