
------------------------
27.03.2024 0:54:45
CallbackFormEmailModal
Array
(
    [name] => mitrets3@gmail.com
    [phone] => 83132967886
    [formname] => Обратная связь
)

------------------------

------------------------
27.03.2024 0:59:15
CallbackFormEmailModal
Array
(
    [name] => Sangren9211pkk@corrective.fiestahq.click
    [phone] => 89146757973
    [formname] => Обратная связь
)

------------------------

------------------------
27.03.2024 2:10:31
CallbackFormEmailModal
Array
(
    [name] => l.est.er.ki.r.k3.dff.b.@gmail.com
    [phone] => 86643561238
    [formname] => Обратная связь
)

------------------------

------------------------
27.03.2024 2:59:47
CallbackFormEmailModal
Array
(
    [name] => murdenerimalsenders@gmail.com
    [phone] => 89383996358
    [formname] => Обратная связь
)

------------------------

------------------------
27.03.2024 4:06:56
CallbackFormEmailModal
Array
(
    [name] => igoe.valerie@hotmail.com
    [phone] => 82963184488
    [formname] => Обратная связь
)

------------------------

------------------------
27.03.2024 4:33:55
CallbackFormEmailModal
Array
(
    [name] => yourmail@gmail.com
    [phone] => 82874729839
    [formname] => Обратная связь
)

------------------------

------------------------
27.03.2024 4:33:58
CallbackFormEmailModal
Array
(
    [name] => yourmail@gmail.com
    [phone] => 82325498893
    [formname] => Обратная связь
)

------------------------

------------------------
27.03.2024 4:46:20
CallbackFormEmailModal
Array
(
    [name] => c.l.aydu.ffy5.1@gmail.com
    [phone] => 87189579463
    [formname] => Обратная связь
)

------------------------

------------------------
27.03.2024 6:47:41
CallbackFormEmailModal
Array
(
    [name] => curtcomgahoo@mailcos.site

    [phone] => 86196137963
    [formname] => Обратная связь
)

------------------------

------------------------
27.03.2024 8:16:25
CallbackFormEmailModal
Array
(
    [name] => xvoibcglwqnsrjyl@onet.pl
    [phone] => 85185941437
    [formname] => Обратная связь
)

------------------------

------------------------
27.03.2024 8:38:12
CallbackFormEmailModal
Array
(
    [name] => farbstat@cleanerkat.pl
    [phone] => 84974486658
    [formname] => Обратная связь
)

------------------------

------------------------
27.03.2024 9:09:21
CallbackFormEmailModal
Array
(
    [name] => exconca@mail3go.ru

    [phone] => 81295514715
    [formname] => Обратная связь
)

------------------------

------------------------
27.03.2024 9:09:45
CallbackFormEmailModal
Array
(
    [name] => le.ste.rk.i.r.k.3dffb.@gmail.com
    [phone] => 89136938979
    [formname] => Обратная связь
)

------------------------

------------------------
27.03.2024 11:07:00
CallbackFormEmailModal
Array
(
    [name] => borisgendelman22@outlook.com
    [phone] => 86398269334
    [formname] => Обратная связь
)

------------------------

------------------------
27.03.2024 11:56:13
Order
Array
(
    [name] => Дмитрий
    [email] => d.karelin@energoform.com
    [phone] => +7-911-840-7391
    [comment] => Промышленный ТРАП W300 с вертикальным отводом DN160, кол-во: 1, цена: 17000руб.
Промышленный ТРАП W300 с горизонтальным отводом DN 160, кол-во: 1, цена: 18900руб.
Способ доставки: Доставка автотранспортом поставщика
Выберите способ оплаты: Оплата на расчетный счет организации
Адрес доставки: г. Санкт-Петербург,  Рощинская 5В.

Комментарий к заказу: 
Адрес доставки:
г. Санкт-Петербург,  Рощинская 5В. (Но заезд на машине с Варшавской ул.!!!)
Время работы склада: с 9-00 до 16-00 по будням. Обед с 12-00 до 13-00.
К. тел. принимающего лица : +7-911-840-74-15 Анна Юрьевна Воронина - нач. склада.

Стоимость доставки прошу добавить в стоимость товара!!!!

Реквизиты компании скину в ответном письме.
    [formname] => Заказ из корзины
    [fields] => Array
        (
            [price] => 35900
        )

)

------------------------

------------------------
27.03.2024 15:00:48
CallbackFormEmailModal
Array
(
    [name] => goldboy1931@gmail.com
    [phone] => 83833861123
    [formname] => Обратная связь
)

------------------------

------------------------
27.03.2024 15:05:27
CallbackFormEmailModal
Array
(
    [name] => zfqpjjfgbeylbwkm@onet.pl
    [phone] => 84253319653
    [formname] => Обратная связь
)

------------------------

------------------------
27.03.2024 17:20:54
CallbackFormEmailModal
Array
(
    [name] => lsfvbegmckjavftp@onet.pl
    [phone] => 88335426763
    [formname] => Обратная связь
)

------------------------

------------------------
27.03.2024 18:37:52
CallbackFormEmailModal
Array
(
    [name] => uuccvhnuwschlnyf@onet.pl
    [phone] => 88947855198
    [formname] => Обратная связь
)

------------------------

------------------------
27.03.2024 19:16:01
CallbackFormEmailModal
Array
(
    [name] => mikesuinuts@gmail.com
    [phone] => 86363555913
    [formname] => Обратная связь
)

------------------------

------------------------
27.03.2024 21:06:09
CallbackFormEmailModal
Array
(
    [name] => lazy4@pop37.site
    [phone] => 84327853327
    [formname] => Обратная связь
)

------------------------

------------------------
27.03.2024 21:38:20
CallbackFormEmailModal
Array
(
    [name] => jorgus_tqaj14904@instructure.store
    [phone] => 83184675417
    [formname] => Обратная связь
)

------------------------

------------------------
27.03.2024 23:06:54
CallbackFormEmailModal
Array
(
    [name] => segif18200@shirulo.com
    [phone] => 81311484959
    [formname] => Обратная связь
)

------------------------

------------------------
27.03.2024 23:29:37
CallbackFormEmailModal
Array
(
    [name] => alexxander.n.essl.on3@gmail.com
    [phone] => 84547899232
    [formname] => Обратная связь
)

------------------------
