
------------------------
29.03.2025 1:08:51
CallbackFormEmailModal
Array
(
    [name] => jenniferkittle@hotmail.com
    [phone] => 87536682218
    [formname] => Обратная связь
)

------------------------

------------------------
29.03.2025 2:32:40
CallbackFormEmailModal
Array
(
    [name] => vincenttaits@mail.ru
    [phone] => 82337387832
    [formname] => Обратная связь
)

------------------------

------------------------
29.03.2025 10:52:57
CallbackFormEmailModal
Array
(
    [name] => castilloj80@gmail.com
    [phone] => 85965574655
    [formname] => Обратная связь
)

------------------------

------------------------
29.03.2025 13:43:14
CallbackFormEmailModal
Array
(
    [name] => a.u.8834386@gmail.com
    [phone] => 84294727366
    [formname] => Обратная связь
)

------------------------

------------------------
29.03.2025 14:19:02
CallbackFormEmailModal
Array
(
    [name] => xiceruxuk02@gmail.com
    [phone] => 88396322949
    [formname] => Обратная связь
)

------------------------

------------------------
29.03.2025 20:56:15
CallbackFormEmailModal
Array
(
    [name] => caerbl@vomoto.com
    [phone] => 87967898593
    [formname] => Обратная связь
)

------------------------

------------------------
29.03.2025 22:22:55
CallbackFormEmailModal
Array
(
    [name] => Envicebive@hotmail.com
    [phone] => 89958448511
    [formname] => Обратная связь
)

------------------------
