
------------------------
08.10.2022 10:46:55
CallbackFormEmailModal
Array
(
    [name] => memodouglaseagles@gmail.com
    [phone] => 87252835565
    [formname] => Обратная связь
)

------------------------

------------------------
08.10.2022 14:03:35
CallbackFormEmailModal
Array
(
    [name] => sherrytilley@esdnl.ca
    [phone] => 88594989125
    [formname] => Обратная связь
)

------------------------

------------------------
08.10.2022 16:44:01
CallbackFormEmailModal
Array
(
    [name] => robertalle.n455667@gmail.com
    [phone] => 87775711399
    [formname] => Обратная связь
)

------------------------

------------------------
08.10.2022 17:47:16
CallbackFormEmailModal
Array
(
    [name] => courtenay.leighton@student.curtin.edu.au
    [phone] => 82286563562
    [formname] => Обратная связь
)

------------------------
