
------------------------
13.01.2024 0:29:37
CallbackFormEmailModal
Array
(
    [name] => r...abotausov....@gmail.com
    [phone] => 84332793245
    [formname] => Обратная связь
)

------------------------

------------------------
13.01.2024 1:37:31
CallbackFormEmailModal
Array
(
    [name] => sespiso@mailcos.site

    [phone] => 83916191152
    [formname] => Обратная связь
)

------------------------

------------------------
13.01.2024 3:22:36
CallbackFormEmailModal
Array
(
    [name] => arlaetchison76@hotmail.com
    [phone] => 84648397565
    [formname] => Обратная связь
)

------------------------

------------------------
13.01.2024 3:43:00
CallbackFormEmailModal
Array
(
    [name] => di.re.ct.-re.l.k.a.ma@mail.ru
    [phone] => 88932178381
    [formname] => Обратная связь
)

------------------------

------------------------
13.01.2024 6:11:49
CallbackFormEmailModal
Array
(
    [name] => alexpopov716253@gmail.com
    [phone] => 85369487484
    [formname] => Обратная связь
)

------------------------

------------------------
13.01.2024 9:55:04
CallbackFormEmailModal
Array
(
    [name] => ebxzktmcd@rambbarlumbsi.online
    [phone] => 88137264523
    [formname] => Обратная связь
)

------------------------

------------------------
13.01.2024 10:30:25
CallbackFormEmailModal
Array
(
    [name] => tiocrouchfikata2094@mail.ru
    [phone] => 82378216717
    [formname] => Обратная связь
)

------------------------

------------------------
13.01.2024 10:30:26
CallbackFormEmailModal
Array
(
    [name] => keovakoig@mail.ru
    [phone] => 83918124638
    [formname] => Обратная связь
)

------------------------

------------------------
13.01.2024 10:31:04
CallbackFormEmailModal
Array
(
    [name] => truvthamoconttab2426@mail.ru
    [phone] => 88377344338
    [formname] => Обратная связь
)

------------------------

------------------------
13.01.2024 10:33:21
CallbackFormEmailModal
Array
(
    [name] => luomor@mail.ru
    [phone] => 82549453867
    [formname] => Обратная связь
)

------------------------

------------------------
13.01.2024 10:35:27
CallbackFormEmailModal
Array
(
    [name] => bobraklessa@list.ru
    [phone] => 86468513555
    [formname] => Обратная связь
)

------------------------

------------------------
13.01.2024 10:36:27
CallbackFormEmailModal
Array
(
    [name] => osipova.liliia.1986.22.12@inbox.ru
    [phone] => 84474894668
    [formname] => Обратная связь
)

------------------------

------------------------
13.01.2024 10:37:15
CallbackFormEmailModal
Array
(
    [name] => gelibomenlo6420@mail.ru
    [phone] => 86122855295
    [formname] => Обратная связь
)

------------------------

------------------------
13.01.2024 10:42:11
CallbackFormEmailModal
Array
(
    [name] => saakian.vova.1985.13.9@list.ru
    [phone] => 84416423922
    [formname] => Обратная связь
)

------------------------

------------------------
13.01.2024 10:44:19
CallbackFormEmailModal
Array
(
    [name] => siegavmut@mail.ru
    [phone] => 81711133336
    [formname] => Обратная связь
)

------------------------

------------------------
13.01.2024 10:48:45
CallbackFormEmailModal
Array
(
    [name] => louttotibiggui7918@mail.ru
    [phone] => 89695826597
    [formname] => Обратная связь
)

------------------------

------------------------
13.01.2024 10:51:40
CallbackFormEmailModal
Array
(
    [name] => shegukazsc@mail.ru
    [phone] => 82917475381
    [formname] => Обратная связь
)

------------------------

------------------------
13.01.2024 10:54:25
CallbackFormEmailModal
Array
(
    [name] => reapuzhesh@mail.ru
    [phone] => 85768547293
    [formname] => Обратная связь
)

------------------------

------------------------
13.01.2024 10:54:46
CallbackFormEmailModal
Array
(
    [name] => prokat445@gmail.com
    [phone] => 81892858974
    [formname] => Обратная связь
)

------------------------

------------------------
13.01.2024 10:57:35
CallbackFormEmailModal
Array
(
    [name] => musaev.misha.1982.3.5@list.ru
    [phone] => 89236147386
    [formname] => Обратная связь
)

------------------------

------------------------
13.01.2024 10:57:46
CallbackFormEmailModal
Array
(
    [name] => khachaturian_vania_1981_5_6@bk.ru
    [phone] => 85478216314
    [formname] => Обратная связь
)

------------------------

------------------------
13.01.2024 11:10:08
CallbackFormEmailModal
Array
(
    [name] => tosya.petrenko.02@mail.ru
    [phone] => 81877936116
    [formname] => Обратная связь
)

------------------------

------------------------
13.01.2024 11:10:46
CallbackFormEmailModal
Array
(
    [name] => sirolmitoma6815@mail.ru
    [phone] => 81413541971
    [formname] => Обратная связь
)

------------------------

------------------------
13.01.2024 11:15:15
CallbackFormEmailModal
Array
(
    [name] => woodbpurne1983@mail.ru
    [phone] => 89331172272
    [formname] => Обратная связь
)

------------------------

------------------------
13.01.2024 11:29:45
CallbackFormEmailModal
Array
(
    [name] => sheveleva-alisa@bk.ru
    [phone] => 83764344577
    [formname] => Обратная связь
)

------------------------

------------------------
13.01.2024 11:31:07
CallbackFormEmailModal
Array
(
    [name] => gubetride@inbox.ru
    [phone] => 87714931433
    [formname] => Обратная связь
)

------------------------

------------------------
13.01.2024 11:31:30
CallbackFormEmailModal
Array
(
    [name] => geboxchestza@bk.ru
    [phone] => 85823715539
    [formname] => Обратная связь
)

------------------------

------------------------
13.01.2024 13:57:57
CallbackFormEmailModal
Array
(
    [name] => pinup717@mail.ru
    [phone] => 86954328287
    [formname] => Обратная связь
)

------------------------

------------------------
13.01.2024 15:05:32
CallbackFormEmailModal
Array
(
    [name] => rebooster.ra@yandex.ru
    [phone] => +71231234567
    [formname] => Обратная связь
)

------------------------

------------------------
13.01.2024 17:15:11
CallbackFormEmailModal
Array
(
    [name] => nalogtorg@internet.ru
    [phone] => +7(999)999-99-99
    [formname] => Обратная связь
)

------------------------

------------------------
13.01.2024 19:45:21
CallbackFormEmailModal
Array
(
    [name] => n4nce.bridgette@yandex.kz
    [phone] => 84776421784
    [formname] => Обратная связь
)

------------------------

------------------------
13.01.2024 19:50:09
CallbackFormEmailModal
Array
(
    [name] => indomitowot@outlook.com
    [phone] => 85263772786
    [formname] => Обратная связь
)

------------------------

------------------------
13.01.2024 20:13:18
CallbackFormEmailModal
Array
(
    [name] => werso067860iu@rambler.ru
    [phone] => 88439885118
    [formname] => Обратная связь
)

------------------------

------------------------
13.01.2024 22:38:30
CallbackFormEmailModal
Array
(
    [name] => allison_youngtuqm@outlook.com
    [phone] => 81517924363
    [formname] => Обратная связь
)

------------------------

------------------------
13.01.2024 22:43:56
CallbackFormEmailModal
Array
(
    [name] => alina4@mail798.site
    [phone] => 82816829666
    [formname] => Обратная связь
)

------------------------
