
------------------------
26.07.2025 1:11:06
CallbackFormEmailModal
Array
(
    [name] => yandexmarkets@anonmails.de
    [phone] => 84544414222
    [formname] => Обратная связь
)

------------------------

------------------------
26.07.2025 3:59:20
CallbackFormEmailModal
Array
(
    [name] => giampierimario@web.de
    [phone] => 87826214169
    [formname] => Обратная связь
)

------------------------

------------------------
26.07.2025 4:27:32
CallbackFormEmailModal
Array
(
    [name] => santehnikagro.dnovip@gmail.com
    [phone] => 89722149214
    [formname] => Обратная связь
)

------------------------

------------------------
26.07.2025 8:38:55
CallbackFormEmailModal
Array
(
    [name] => kevinrifini@onet.pl
    [phone] => 84237532626
    [formname] => Обратная связь
)

------------------------

------------------------
26.07.2025 9:10:12
CallbackFormEmailModal
Array
(
    [name] => andreyphoenix79@gmail.com
    [phone] => 86818757233
    [formname] => Обратная связь
)

------------------------

------------------------
26.07.2025 13:32:31
CallbackEmailModal
Array
(
    [name] => Сергей
    [phone] => +7(915)338-65-78
    [comment] => Название продуката: Прессованный  настил P 33х11/30х2 Zn 1000х1000 мм
Комменатрий: Здравствуйте! Подскажите пожалуйста актуальную цену на настил 1000х1000 
    [formname] => Задать вопрос по товару
)

------------------------

------------------------
26.07.2025 16:06:51
CallbackFormEmailModal
Array
(
    [name] => vpn@fastsell.me
    [phone] => 85923816723
    [formname] => Обратная связь
)

------------------------

------------------------
26.07.2025 17:13:26
CallbackFormEmailModal
Array
(
    [name] => admin@progonx.fun
    [phone] => 85512653399
    [formname] => Обратная связь
)

------------------------

------------------------
26.07.2025 17:19:46
CallbackFormEmailModal
Array
(
    [name] => revers711@1ti.ru
    [phone] => 89826618945
    [formname] => Обратная связь
)

------------------------

------------------------
26.07.2025 17:41:49
CallbackFormEmailModal
Array
(
    [name] => yourmail@gmail.com
    [phone] => 88497241725
    [formname] => Обратная связь
)

------------------------

------------------------
26.07.2025 18:20:14
CallbackFormEmailModal
Array
(
    [name] => if901dw257@gmx.com
    [phone] => 87243413877
    [formname] => Обратная связь
)

------------------------

------------------------
26.07.2025 19:33:34
CallbackFormEmailModal
Array
(
    [name] => yandexmarkets@anonmails.de
    [phone] => 81689139985
    [formname] => Обратная связь
)

------------------------

------------------------
26.07.2025 21:17:11
CallbackFormEmailModal
Array
(
    [name] => rfpxmudh@bonsoirmail.com
    [phone] => 83543826553
    [formname] => Обратная связь
)

------------------------

------------------------
26.07.2025 22:37:07
CallbackFormEmailModal
Array
(
    [name] => yandex_markets@anonmails.de
    [phone] => 81812111515
    [formname] => Обратная связь
)

------------------------

------------------------
26.07.2025 23:22:16
CallbackFormEmailModal
Array
(
    [name] => info@speed-seo.net
    [phone] => 83723461971
    [formname] => Обратная связь
)

------------------------

------------------------
26.07.2025 23:34:31
CallbackFormEmailModal
Array
(
    [name] => demys613@gmail.com
    [phone] => 83455989838
    [formname] => Обратная связь
)

------------------------
