
------------------------
10.12.2025 15:04:04
CallbackFormEmailModal
Array
(
    [name] => pomgmk9oheivabfooksm@list.ru
    [phone] => 84958484382
    [formname] => Обратная связь
)

------------------------

------------------------
10.12.2025 21:00:23
Order
Array
(
    [name] => Елена
    [email] => 79124911760@yandex.ru
    [phone] => +7-912-491-1760
    [comment] => Промышленный ТРАП W400 с вертикальным отводом DN200, кол-во: 1, цена: 27000руб.
Способ доставки: Самовывоз со склада
Выберите способ оплаты: Оплата на расчетный счет организации

Комментарий к заказу: 
Добрый день, просим подготовить счет на оплату
ООО «ТЭСКИП»

Юридический адрес: 140009, Московская обл., Люберецкий р-н, г.Люберцы ул. Красная, д.1, 8 этаж, помещение 1 

Фактический адрес: 140009, Московская обл., Люберецкий р-н, г.Люберцы ул. Красная, д.1, 8 этаж, помещение 1

ИНН 5027175423, 
КПП 502701001,
ОГРН 1115027008172, 
ОКПО 92663895

Банковские реквизиты: р/с 40702810040240005550, к/с 30101810400000000225 в ПАО Сбербанк России, БИК 044525225.

    [formname] => Заказ из корзины
    [fields] => Array
        (
            [price] => 27000
        )

)

------------------------
