
------------------------
13.07.2023 2:38:34
CallbackFormEmailModal
Array
(
    [name] => 2000kzaim@mail.ru
    [phone] => 84392535483
    [formname] => Обратная связь
)

------------------------

------------------------
13.07.2023 2:59:21
CallbackFormEmailModal
Array
(
    [name] => 5e28cayr8b8lkly@rambler.ru
    [phone] => 81738382245
    [formname] => Обратная связь
)

------------------------

------------------------
13.07.2023 6:36:54
CallbackFormEmailModal
Array
(
    [name] => rgb07vf0g1ibdug@rambler.ru
    [phone] => 88294477696
    [formname] => Обратная связь
)

------------------------

------------------------
13.07.2023 8:14:42
CallbackFormEmailModal
Array
(
    [name] => sninqabwl@exzilla.ru
    [phone] => 85351779364
    [formname] => Обратная связь
)

------------------------

------------------------
13.07.2023 12:00:47
CallbackFormEmailModal
Array
(
    [name] => werso075700iu@rambler.ru
    [phone] => 86665158844
    [formname] => Обратная связь
)

------------------------

------------------------
13.07.2023 13:02:03
Order
Array
(
    [name] => Александр Сергеевич Баклыков
    [email] => bas1@gkers.ru
    [phone] => +7-902-500-8598
    [comment] => Промышленный ТРАП W300 с вертикальным отводом DN160, кол-во: 1, цена: 17000руб.
Способ доставки: Доставка автотранспортом поставщика
Выберите способ оплаты: Оплата на расчетный счет организации
Адрес доставки: Екатеринбург

Комментарий к заказу: 

    [formname] => Заказ из корзины
    [fields] => Array
        (
            [price] => 17000
        )

)

------------------------

------------------------
13.07.2023 16:27:10
CallbackFormEmailModal
Array
(
    [name] => l82dmqq3lnnu181@rambler.ru
    [phone] => 87346552987
    [formname] => Обратная связь
)

------------------------

------------------------
13.07.2023 21:08:42
CallbackFormEmailModal
Array
(
    [name] => pj7ha3yrjdk5yv6@rambler.ru
    [phone] => 87855389971
    [formname] => Обратная связь
)

------------------------

------------------------
13.07.2023 22:54:56
CallbackFormEmailModal
Array
(
    [name] => bvickery2015@gmail.com
    [phone] => 81712691461
    [formname] => Обратная связь
)

------------------------

------------------------
13.07.2023 23:36:49
CallbackFormEmailModal
Array
(
    [name] => ExhibiA@kmaill.xyz
    [phone] => 89177992534
    [formname] => Обратная связь
)

------------------------
