
------------------------
30.06.2025 0:20:39
CallbackFormEmailModal
Array
(
    [name] => f71598558@gmail.com
    [phone] => 89676567246
    [formname] => Обратная связь
)

------------------------

------------------------
30.06.2025 4:02:57
CallbackFormEmailModal
Array
(
    [name] => gti8ggp2783@gmx.com
    [phone] => 88662312744
    [formname] => Обратная связь
)

------------------------

------------------------
30.06.2025 4:02:58
CallbackFormEmailModal
Array
(
    [name] => maciej.sha@gmx.com
    [phone] => 84158425297
    [formname] => Обратная связь
)

------------------------

------------------------
30.06.2025 8:22:45
CallbackFormEmailModal
Array
(
    [name] => bikon777@rambler.ru
    [phone] => 83498948943
    [formname] => Обратная связь
)

------------------------

------------------------
30.06.2025 19:50:56
CallbackFormEmailModal
Array
(
    [name] => bikon777@rambler.ru
    [phone] => 83481334565
    [formname] => Обратная связь
)

------------------------
