
------------------------
09.11.2025 2:10:12
CallbackFormEmailModal
Array
(
    [name] => zekisuquc419@gmail.com
    [phone] => 87575573167
    [formname] => Обратная связь
)

------------------------

------------------------
09.11.2025 2:11:19
CallbackFormEmailModal
Array
(
    [name] => elisebnnet@gmail.com
    [phone] => 84916578787
    [formname] => Обратная связь
)

------------------------

------------------------
09.11.2025 2:33:47
CallbackFormEmailModal
Array
(
    [name] => mike@monkeydigital.co
    [phone] => 84376443154
    [formname] => Обратная связь
)

------------------------

------------------------
09.11.2025 2:36:03
CallbackFormEmailModal
Array
(
    [name] => wu5416370@gmail.com
    [phone] => 85321827294
    [formname] => Обратная связь
)

------------------------

------------------------
09.11.2025 3:16:51
CallbackFormEmailModal
Array
(
    [name] => vrtlbore@bonjourfmail.com
    [phone] => 88473652971
    [formname] => Обратная связь
)

------------------------

------------------------
09.11.2025 6:15:30
CallbackFormEmailModal
Array
(
    [name] => dinanikolskaya99@gmail.com
    [phone] => 87929638141
    [formname] => Обратная связь
)

------------------------

------------------------
09.11.2025 6:54:33
CallbackFormEmailModal
Array
(
    [name] => ponomaryov.borya.1983@bk.ru
    [phone] => 84382567793
    [formname] => Обратная связь
)

------------------------

------------------------
09.11.2025 7:11:36
CallbackFormEmailModal
Array
(
    [name] => w.o.o.df.or.d.j.a.m.eso.n.4@gmail.com
    [phone] => 85741433124
    [formname] => Обратная связь
)

------------------------

------------------------
09.11.2025 8:20:40
CallbackFormEmailModal
Array
(
    [name] => sergowor.ki.ng.71.8@gmail.com
    [phone] => 85894788853
    [formname] => Обратная связь
)

------------------------

------------------------
09.11.2025 8:54:38
CallbackFormEmailModal
Array
(
    [name] => ojlvhlnw@tubermail.com
    [phone] => 81794699284
    [formname] => Обратная связь
)

------------------------

------------------------
09.11.2025 9:02:17
CallbackFormEmailModal
Array
(
    [name] => karina_platonova_31068@mail.ru
    [phone] => 81475315733
    [formname] => Обратная связь
)

------------------------

------------------------
09.11.2025 13:48:47
CallbackFormEmailModal
Array
(
    [name] => olegzaluri@mail.ru
    [phone] => 87952391865
    [formname] => Обратная связь
)

------------------------

------------------------
09.11.2025 13:52:23
CallbackFormEmailModal
Array
(
    [name] => profconbu_64@mail.ru
    [phone] => 82266932868
    [formname] => Обратная связь
)

------------------------

------------------------
09.11.2025 14:12:13
CallbackFormEmailModal
Array
(
    [name] => amipkhel@wildbmail.com
    [phone] => 87679541992
    [formname] => Обратная связь
)

------------------------

------------------------
09.11.2025 15:28:27
CallbackFormEmailModal
Array
(
    [name] => ccfwccpd@eblanomail.com
    [phone] => 82635291581
    [formname] => Обратная связь
)

------------------------

------------------------
09.11.2025 15:46:27
CallbackFormEmailModal
Array
(
    [name] => dinanikolskaya99@gmail.com
    [phone] => 82181212894
    [formname] => Обратная связь
)

------------------------

------------------------
09.11.2025 16:14:03
CallbackFormEmailModal
Array
(
    [name] => tr.o.fimsergg@gmail.com
    [phone] => 86399391878
    [formname] => Обратная связь
)

------------------------

------------------------
09.11.2025 16:49:43
CallbackFormEmailModal
Array
(
    [name] => sergowor.ki.ng.718@gmail.com
    [phone] => 88439144573
    [formname] => Обратная связь
)

------------------------

------------------------
09.11.2025 17:50:08
CallbackFormEmailModal
Array
(
    [name] => herzogbqzmstefan@gmx.com
    [phone] => 81995919739
    [formname] => Обратная связь
)

------------------------

------------------------
09.11.2025 19:58:06
CallbackFormEmailModal
Array
(
    [name] => pomgmk9oheivabfooksm@list.ru
    [phone] => 86199885588
    [formname] => Обратная связь
)

------------------------

------------------------
09.11.2025 20:03:31
CallbackFormEmailModal
Array
(
    [name] => postsaddtaliretneu@mail.ru
    [phone] => 89755461719
    [formname] => Обратная связь
)

------------------------

------------------------
09.11.2025 20:15:02
CallbackFormEmailModal
Array
(
    [name] => margarita.stolyarova.26.05.1995@mail.ru
    [phone] => 85545168852
    [formname] => Обратная связь
)

------------------------

------------------------
09.11.2025 20:45:57
CallbackFormEmailModal
Array
(
    [name] => elisebnnet@gmail.com
    [phone] => 81411942153
    [formname] => Обратная связь
)

------------------------

------------------------
09.11.2025 22:23:57
CallbackFormEmailModal
Array
(
    [name] => miubendwsSa@ugaritopari.site
    [phone] => 86317955213
    [formname] => Обратная связь
)

------------------------
