
------------------------
06.09.2025 3:58:37
CallbackFormEmailModal
Array
(
    [name] => sergowor.kin.g7.18@gmail.com
    [phone] => 88912333728
    [formname] => Обратная связь
)

------------------------

------------------------
06.09.2025 4:39:02
CallbackFormEmailModal
Array
(
    [name] => cofiasv@gmail.com
    [phone] => 87485463481
    [formname] => Обратная связь
)

------------------------

------------------------
06.09.2025 5:01:34
CallbackFormEmailModal
Array
(
    [name] => dagtechservice.ru@gmail.com
    [phone] => 83791995474
    [formname] => Обратная связь
)

------------------------

------------------------
06.09.2025 5:33:00
CallbackFormEmailModal
Array
(
    [name] => dinanikolskaya99@gmail.com
    [phone] => 84224432879
    [formname] => Обратная связь
)

------------------------

------------------------
06.09.2025 6:41:09
CallbackFormEmailModal
Array
(
    [name] => iyponfdw@ronaldofmail.com
    [phone] => 81177275845
    [formname] => Обратная связь
)

------------------------

------------------------
06.09.2025 7:27:03
CallbackFormEmailModal
Array
(
    [name] => parmazanov@gmail.com
    [phone] => 83718598387
    [formname] => Обратная связь
)

------------------------

------------------------
06.09.2025 8:31:43
CallbackFormEmailModal
Array
(
    [name] => placnacidown1989@mail.ru
    [phone] => 87672923517
    [formname] => Обратная связь
)

------------------------

------------------------
06.09.2025 8:36:32
CallbackFormEmailModal
Array
(
    [name] => nefedrogov985783@mail.ru
    [phone] => 82864144927
    [formname] => Обратная связь
)

------------------------

------------------------
06.09.2025 8:37:34
CallbackFormEmailModal
Array
(
    [name] => halcheni1990@mail.ru
    [phone] => 84889261424
    [formname] => Обратная связь
)

------------------------

------------------------
06.09.2025 9:16:56
CallbackFormEmailModal
Array
(
    [name] => varvara.nikolaeva.23.8.1964@mail.ru
    [phone] => 84286858731
    [formname] => Обратная связь
)

------------------------

------------------------
06.09.2025 9:18:07
CallbackFormEmailModal
Array
(
    [name] => rerkgeemong98@mail.ru
    [phone] => 84397954475
    [formname] => Обратная связь
)

------------------------

------------------------
06.09.2025 9:29:44
CallbackFormEmailModal
Array
(
    [name] => pomgmk9oheivabfooksm@list.ru
    [phone] => 89488516398
    [formname] => Обратная связь
)

------------------------

------------------------
06.09.2025 9:39:52
CallbackFormEmailModal
Array
(
    [name] => valentin.vinokurov.12.6.1968@mail.ru
    [phone] => 84359669129
    [formname] => Обратная связь
)

------------------------

------------------------
06.09.2025 9:40:40
CallbackFormEmailModal
Array
(
    [name] => akindinkudryashov6842@mail.ru
    [phone] => 88272531696
    [formname] => Обратная связь
)

------------------------

------------------------
06.09.2025 9:58:28
CallbackFormEmailModal
Array
(
    [name] => profconbu_64@mail.ru
    [phone] => 84479617231
    [formname] => Обратная связь
)

------------------------

------------------------
06.09.2025 10:12:07
CallbackFormEmailModal
Array
(
    [name] => vitya-kondratev-1969@inbox.ru
    [phone] => 87845459811
    [formname] => Обратная связь
)

------------------------

------------------------
06.09.2025 10:51:50
CallbackFormEmailModal
Array
(
    [name] => tipanasotemthia@mail.ru
    [phone] => 87513141767
    [formname] => Обратная связь
)

------------------------

------------------------
06.09.2025 10:52:20
CallbackFormEmailModal
Array
(
    [name] => anna.shapiro.78@mail.ru
    [phone] => 86775596215
    [formname] => Обратная связь
)

------------------------

------------------------
06.09.2025 11:01:41
CallbackFormEmailModal
Array
(
    [name] => panova.elena.1992.23.11@bk.ru
    [phone] => 88267923128
    [formname] => Обратная связь
)

------------------------

------------------------
06.09.2025 11:07:29
CallbackFormEmailModal
Array
(
    [name] => karina_platonova_31068@mail.ru
    [phone] => 87847853934
    [formname] => Обратная связь
)

------------------------

------------------------
06.09.2025 11:13:13
CallbackFormEmailModal
Array
(
    [name] => gunlekingovertcon@mail.ru
    [phone] => 85984586337
    [formname] => Обратная связь
)

------------------------

------------------------
06.09.2025 11:15:10
CallbackFormEmailModal
Array
(
    [name] => annachusuha@mail.ru
    [phone] => 82835143145
    [formname] => Обратная связь
)

------------------------

------------------------
06.09.2025 11:17:34
CallbackFormEmailModal
Array
(
    [name] => martakalinina84@mail.ru
    [phone] => 82518741244
    [formname] => Обратная связь
)

------------------------

------------------------
06.09.2025 11:21:22
CallbackFormEmailModal
Array
(
    [name] => tacusol-6816@mail.ru
    [phone] => 83625767128
    [formname] => Обратная связь
)

------------------------

------------------------
06.09.2025 11:28:54
CallbackFormEmailModal
Array
(
    [name] => toktobayeva.nata@mail.ru
    [phone] => 86119113981
    [formname] => Обратная связь
)

------------------------

------------------------
06.09.2025 11:30:50
CallbackFormEmailModal
Array
(
    [name] => podaiclan_547@mail.ru
    [phone] => 83564599716
    [formname] => Обратная связь
)

------------------------

------------------------
06.09.2025 11:32:15
CallbackFormEmailModal
Array
(
    [name] => veronika.goryunova.06.09.2001@mail.ru
    [phone] => 85376646912
    [formname] => Обратная связь
)

------------------------

------------------------
06.09.2025 11:53:04
CallbackFormEmailModal
Array
(
    [name] => inna.kortneva.69@mail.ru
    [phone] => 82597965927
    [formname] => Обратная связь
)

------------------------

------------------------
06.09.2025 11:56:05
CallbackFormEmailModal
Array
(
    [name] => polyakovdanila19908366@mail.ru
    [phone] => 87939524998
    [formname] => Обратная связь
)

------------------------

------------------------
06.09.2025 12:02:12
CallbackFormEmailModal
Array
(
    [name] => nifontmarkov1987@mail.ru
    [phone] => 84632316395
    [formname] => Обратная связь
)

------------------------

------------------------
06.09.2025 12:13:10
CallbackFormEmailModal
Array
(
    [name] => natulya.fedosova.96@mail.ru
    [phone] => 86693616276
    [formname] => Обратная связь
)

------------------------

------------------------
06.09.2025 12:19:51
CallbackFormEmailModal
Array
(
    [name] => y.kuvayev@mail.ru
    [phone] => 88897139728
    [formname] => Обратная связь
)

------------------------

------------------------
06.09.2025 12:24:40
CallbackFormEmailModal
Array
(
    [name] => tatyanka-semenova-2022@mail.ru
    [phone] => 84461847737
    [formname] => Обратная связь
)

------------------------

------------------------
06.09.2025 12:29:59
CallbackFormEmailModal
Array
(
    [name] => rais.shchigelskaya2002@mail.ru
    [phone] => 82591614898
    [formname] => Обратная связь
)

------------------------

------------------------
06.09.2025 12:32:59
CallbackFormEmailModal
Array
(
    [name] => y.kuvayev@mail.ru
    [phone] => 89771111227
    [formname] => Обратная связь
)

------------------------

------------------------
06.09.2025 22:35:37
CallbackFormEmailModal
Array
(
    [name] => e.le.fteriafernand.e.s@gmail.com
    [phone] => 81249786988
    [formname] => Обратная связь
)

------------------------

------------------------
06.09.2025 23:24:32
CallbackFormEmailModal
Array
(
    [name] => dr.bets@betsyglaser.com
    [phone] => 86225936312
    [formname] => Обратная связь
)

------------------------

------------------------
06.09.2025 23:59:08
CallbackFormEmailModal
Array
(
    [name] => sergowor.kin.g71.8@gmail.com
    [phone] => 88854879392
    [formname] => Обратная связь
)

------------------------
