
------------------------
28.07.2024 1:06:37
CallbackFormEmailModal
Array
(
    [name] => may740@3mtintchicago.com
    [phone] => 89251752168
    [formname] => Обратная связь
)

------------------------

------------------------
28.07.2024 1:11:26
CallbackFormEmailModal
Array
(
    [name] => ad.anga.t.e.s.4@gmail.com
    [phone] => 83776637653
    [formname] => Обратная связь
)

------------------------

------------------------
28.07.2024 1:19:24
CallbackFormEmailModal
Array
(
    [name] => chebakulinakarasevna@gmail.com
    [phone] => 87697958953
    [formname] => Обратная связь
)

------------------------

------------------------
28.07.2024 2:39:45
CallbackFormEmailModal
Array
(
    [name] => may206@3mtintchicago.com
    [phone] => 88653884896
    [formname] => Обратная связь
)

------------------------

------------------------
28.07.2024 2:42:40
CallbackFormEmailModal
Array
(
    [name] => ernautdatheand6c0+lb3llvg2hi@gmail.com
    [phone] => ernautdatheand6c0+lb3llvg2hi@gmail.com
    [formname] => Обратная связь
)

------------------------

------------------------
28.07.2024 2:42:43
CallbackFormEmailModal
Array
(
    [name] => ernautdatheand6c0+lb3llvg2hi@gmail.com
    [phone] => ernautdatheand6c0+lb3llvg2hi@gmail.com
    [formname] => Обратная связь
)

------------------------

------------------------
28.07.2024 4:11:03
CallbackFormEmailModal
Array
(
    [name] => may191@3mtintchicago.com
    [phone] => 85629227967
    [formname] => Обратная связь
)

------------------------

------------------------
28.07.2024 4:20:46
CallbackFormEmailModal
Array
(
    [name] => 2qahotj7bapa5mc@tempmail.us.com
    [phone] => 85873491496
    [formname] => Обратная связь
)

------------------------

------------------------
28.07.2024 5:17:38
CallbackFormEmailModal
Array
(
    [name] => geniabellinger4028@hotmail.com
    [phone] => 84898165656
    [formname] => Обратная связь
)

------------------------

------------------------
28.07.2024 7:20:45
CallbackFormEmailModal
Array
(
    [name] => may238@3mtintchicago.com
    [phone] => 85598261816
    [formname] => Обратная связь
)

------------------------

------------------------
28.07.2024 8:25:36
CallbackFormEmailModal
Array
(
    [name] => may450@3mtintchicago.com
    [phone] => 82143348824
    [formname] => Обратная связь
)

------------------------

------------------------
28.07.2024 8:41:21
CallbackFormEmailModal
Array
(
    [name] => kirliman@fvmaily.com
    [phone] => 83219459599
    [formname] => Обратная связь
)

------------------------

------------------------
28.07.2024 9:26:07
CallbackFormEmailModal
Array
(
    [name] => may759@3mtintchicago.com
    [phone] => 83644252327
    [formname] => Обратная связь
)

------------------------

------------------------
28.07.2024 9:33:34
CallbackFormEmailModal
Array
(
    [name] => levremnsdmeoasoieoiea@gmail.com
    [phone] => 85217655525
    [formname] => Обратная связь
)

------------------------

------------------------
28.07.2024 9:52:25
CallbackFormEmailModal
Array
(
    [name] => may722@3mtintchicago.com
    [phone] => 82965598179
    [formname] => Обратная связь
)

------------------------

------------------------
28.07.2024 11:53:01
CallbackFormEmailModal
Array
(
    [name] => may200@3mtintchicago.com
    [phone] => 83199373387
    [formname] => Обратная связь
)

------------------------

------------------------
28.07.2024 12:21:27
CallbackFormEmailModal
Array
(
    [name] => 20xrumer3@farironalds.com
    [phone] => 89999664969
    [formname] => Обратная связь
)

------------------------

------------------------
28.07.2024 12:34:04
CallbackFormEmailModal
Array
(
    [name] => buobrutberphy1984@op.pl
    [phone] => 86857622641
    [formname] => Обратная связь
)

------------------------

------------------------
28.07.2024 12:41:57
CallbackFormEmailModal
Array
(
    [name] => nenraaadgPi@rudiplomust.com
    [phone] => 88638844191
    [formname] => Обратная связь
)

------------------------

------------------------
28.07.2024 17:14:08
CallbackFormEmailModal
Array
(
    [name] => siopartkindly1974@op.pl
    [phone] => 89165273663
    [formname] => Обратная связь
)

------------------------

------------------------
28.07.2024 17:14:45
CallbackFormEmailModal
Array
(
    [name] => lolipop@loliporn.su
    [phone] => 87346227874
    [formname] => Обратная связь
)

------------------------

------------------------
28.07.2024 17:37:13
CallbackFormEmailModal
Array
(
    [name] => Apettypub@envelopelink.xyz
    [phone] => 85297414952
    [formname] => Обратная связь
)

------------------------

------------------------
28.07.2024 19:15:45
CallbackFormEmailModal
Array
(
    [name] => may407@3mtintchicago.com
    [phone] => 83149916845
    [formname] => Обратная связь
)

------------------------

------------------------
28.07.2024 20:42:53
CallbackFormEmailModal
Array
(
    [name] => yourmail@gmail.com
    [phone] => 83223329866
    [formname] => Обратная связь
)

------------------------

------------------------
28.07.2024 21:41:27
CallbackFormEmailModal
Array
(
    [name] => BenjaminPaw1999@xru.goaglie.com
    [phone] => 81239546834
    [formname] => Обратная связь
)

------------------------

------------------------
28.07.2024 22:08:44
CallbackFormEmailModal
Array
(
    [name] => may189@3mtintchicago.com
    [phone] => 81333438922
    [formname] => Обратная связь
)

------------------------
