
------------------------
01.05.2025 1:19:14
CallbackFormEmailModal
Array
(
    [name] => vincenttaits@mail.ru
    [phone] => 81775772327
    [formname] => Обратная связь
)

------------------------

------------------------
01.05.2025 2:29:23
CallbackFormEmailModal
Array
(
    [name] => Eric Jones
    [phone] => US
    [formname] => Обратная связь
)

------------------------

------------------------
01.05.2025 7:08:13
CallbackFormEmailModal
Array
(
    [name] => vaisligam@gazeta.pl
    [phone] => 86228112227
    [formname] => Обратная связь
)

------------------------

------------------------
01.05.2025 7:58:40
CallbackFormEmailModal
Array
(
    [name] => pencucon_97@mail.ru
    [phone] => 83717821781
    [formname] => Обратная связь
)

------------------------

------------------------
01.05.2025 8:03:56
CallbackFormEmailModal
Array
(
    [name] => pavel.sitdikov.88@mail.ru
    [phone] => 89548389883
    [formname] => Обратная связь
)

------------------------

------------------------
01.05.2025 8:52:33
CallbackFormEmailModal
Array
(
    [name] => amabil.6002@mail.ru
    [phone] => 84179243598
    [formname] => Обратная связь
)

------------------------

------------------------
01.05.2025 9:53:13
CallbackFormEmailModal
Array
(
    [name] => jisankape@list.ru
    [phone] => 87988614145
    [formname] => Обратная связь
)

------------------------

------------------------
01.05.2025 10:01:11
CallbackFormEmailModal
Array
(
    [name] => ovnterbefjuden6138@mail.ru
    [phone] => 85224934995
    [formname] => Обратная связь
)

------------------------

------------------------
01.05.2025 10:05:13
CallbackFormEmailModal
Array
(
    [name] => tacusol-6816@mail.ru
    [phone] => 83116921591
    [formname] => Обратная связь
)

------------------------

------------------------
01.05.2025 10:32:15
CallbackFormEmailModal
Array
(
    [name] => xrumer23Kip@gmail.com
    [phone] => 85693215833
    [formname] => Обратная связь
)

------------------------

------------------------
01.05.2025 10:33:47
CallbackFormEmailModal
Array
(
    [name] => yaroslav.sevastyanov.1988@mail.ru
    [phone] => 85931468374
    [formname] => Обратная связь
)

------------------------

------------------------
01.05.2025 10:47:23
CallbackFormEmailModal
Array
(
    [name] => edgorshchepetilnikov@mail.ru
    [phone] => 81252984542
    [formname] => Обратная связь
)

------------------------

------------------------
01.05.2025 10:50:48
CallbackFormEmailModal
Array
(
    [name] => higbiosepo1986@mail.ru
    [phone] => 83471938229
    [formname] => Обратная связь
)

------------------------

------------------------
01.05.2025 10:53:47
CallbackFormEmailModal
Array
(
    [name] => iqablala1980858@mail.ru
    [phone] => 86959623162
    [formname] => Обратная связь
)

------------------------

------------------------
01.05.2025 10:56:38
CallbackFormEmailModal
Array
(
    [name] => agafiyabolshakova19936907@bk.ru
    [phone] => 84647294331
    [formname] => Обратная связь
)

------------------------

------------------------
01.05.2025 11:31:19
CallbackFormEmailModal
Array
(
    [name] => svetlanakomissarova1987@mail.ru
    [phone] => 87842418928
    [formname] => Обратная связь
)

------------------------

------------------------
01.05.2025 11:50:46
CallbackFormEmailModal
Array
(
    [name] => bykovputislav7343@bk.ru
    [phone] => 85127496251
    [formname] => Обратная связь
)

------------------------

------------------------
01.05.2025 13:06:00
CallbackFormEmailModal
Array
(
    [name] => anya.genger@mail.ru
    [phone] => 86755951384
    [formname] => Обратная связь
)

------------------------

------------------------
01.05.2025 13:47:15
CallbackFormEmailModal
Array
(
    [name] => yulya.onipchenko.88@mail.ru
    [phone] => 87616951345
    [formname] => Обратная связь
)

------------------------

------------------------
01.05.2025 14:01:52
CallbackFormEmailModal
Array
(
    [name] => polyakovdanila19908366@mail.ru
    [phone] => 82285396666
    [formname] => Обратная связь
)

------------------------

------------------------
01.05.2025 14:12:49
CallbackFormEmailModal
Array
(
    [name] => quejudcatan1981@mail.ru
    [phone] => 86649958662
    [formname] => Обратная связь
)

------------------------

------------------------
01.05.2025 14:15:23
CallbackFormEmailModal
Array
(
    [name] => rerkgeemong98@mail.ru
    [phone] => 87491257881
    [formname] => Обратная связь
)

------------------------

------------------------
01.05.2025 14:15:24
CallbackFormEmailModal
Array
(
    [name] => nifontmarkov1987@mail.ru
    [phone] => 83512647585
    [formname] => Обратная связь
)

------------------------

------------------------
01.05.2025 14:17:14
CallbackFormEmailModal
Array
(
    [name] => postsaddtaliretneu@mail.ru
    [phone] => 84699331842
    [formname] => Обратная связь
)

------------------------

------------------------
01.05.2025 14:18:31
CallbackFormEmailModal
Array
(
    [name] => rhotenti-44@mail.ru
    [phone] => 86357677785
    [formname] => Обратная связь
)

------------------------

------------------------
01.05.2025 14:20:21
CallbackFormEmailModal
Array
(
    [name] => ramiraselezneva19908003@bk.ru
    [phone] => 85218417652
    [formname] => Обратная связь
)

------------------------

------------------------
01.05.2025 14:27:52
CallbackFormEmailModal
Array
(
    [name] => yerko.lyuda@mail.ru
    [phone] => 84929942881
    [formname] => Обратная связь
)

------------------------

------------------------
01.05.2025 14:33:36
CallbackFormEmailModal
Array
(
    [name] => nefedrogov985783@mail.ru
    [phone] => 83496676151
    [formname] => Обратная связь
)

------------------------

------------------------
01.05.2025 14:33:36
CallbackFormEmailModal
Array
(
    [name] => ignatevipatii19908014@mail.ru
    [phone] => 82355352395
    [formname] => Обратная связь
)

------------------------

------------------------
01.05.2025 14:37:20
CallbackFormEmailModal
Array
(
    [name] => ilnanmode1973@mail.ru
    [phone] => 83924681859
    [formname] => Обратная связь
)

------------------------

------------------------
01.05.2025 14:59:10
CallbackFormEmailModal
Array
(
    [name] => zoya.patrusheva.65@mail.ru
    [phone] => 87445218378
    [formname] => Обратная связь
)

------------------------

------------------------
01.05.2025 15:05:57
CallbackFormEmailModal
Array
(
    [name] => anna.shapiro.78@mail.ru
    [phone] => 82488745275
    [formname] => Обратная связь
)

------------------------

------------------------
01.05.2025 15:05:57
CallbackFormEmailModal
Array
(
    [name] => aflispedic1975@mail.ru
    [phone] => 86275742793
    [formname] => Обратная связь
)

------------------------

------------------------
01.05.2025 15:16:44
CallbackFormEmailModal
Array
(
    [name] => kina3axjglime@bk.ru
    [phone] => 89812221611
    [formname] => Обратная связь
)

------------------------

------------------------
01.05.2025 15:28:01
CallbackFormEmailModal
Array
(
    [name] => sashunya.sergeev.2022@list.ru
    [phone] => 81846991245
    [formname] => Обратная связь
)

------------------------

------------------------
01.05.2025 15:28:01
CallbackFormEmailModal
Array
(
    [name] => martakalinina84@mail.ru
    [phone] => 86135836925
    [formname] => Обратная связь
)

------------------------

------------------------
01.05.2025 15:33:10
CallbackFormEmailModal
Array
(
    [name] => sinevhabibi664@bk.ru
    [phone] => 81516697549
    [formname] => Обратная связь
)

------------------------

------------------------
01.05.2025 15:36:09
CallbackFormEmailModal
Array
(
    [name] => woodbpurne1983@mail.ru
    [phone] => 83381423492
    [formname] => Обратная связь
)

------------------------

------------------------
01.05.2025 15:39:39
CallbackFormEmailModal
Array
(
    [name] => inna.kortneva.69@mail.ru
    [phone] => 83982198457
    [formname] => Обратная связь
)

------------------------

------------------------
01.05.2025 15:45:19
CallbackFormEmailModal
Array
(
    [name] => saysalruanscilich@mail.ru
    [phone] => 81457699368
    [formname] => Обратная связь
)

------------------------

------------------------
01.05.2025 15:52:55
CallbackFormEmailModal
Array
(
    [name] => kskoxim@inbox.ru
    [phone] => 84675975157
    [formname] => Обратная связь
)

------------------------

------------------------
01.05.2025 15:54:33
CallbackFormEmailModal
Array
(
    [name] => y.heider@ledvance.com
    [phone] => 89967669272
    [formname] => Обратная связь
)

------------------------

------------------------
01.05.2025 16:11:29
CallbackFormEmailModal
Array
(
    [name] => halcheni1990@mail.ru
    [phone] => 85562264581
    [formname] => Обратная связь
)

------------------------

------------------------
01.05.2025 16:30:35
CallbackFormEmailModal
Array
(
    [name] => noemasharapova19843520@bk.ru
    [phone] => 89679685742
    [formname] => Обратная связь
)

------------------------

------------------------
01.05.2025 17:16:54
CallbackFormEmailModal
Array
(
    [name] => juniortub@mail.ru
    [phone] => 84955469148
    [formname] => Обратная связь
)

------------------------

------------------------
01.05.2025 18:33:33
CallbackFormEmailModal
Array
(
    [name] => denovnamakaroshka@gmail.com
    [phone] => 81176876459
    [formname] => Обратная связь
)

------------------------

------------------------
01.05.2025 20:22:30
CallbackFormEmailModal
Array
(
    [name] => abramovandrejcl0117@rambler.ru
    [phone] => 81356169922
    [formname] => Обратная связь
)

------------------------
