
------------------------
20.07.2022 10:15:42
CallbackFormEmailModal
Array
(
    [name] => Давид
    [phone] => +7(982)550-22-77
    [formname] => Обратная связь
)

------------------------

------------------------
20.07.2022 16:20:20
CallbackFormEmailModal
Array
(
    [name] => falljanuary@gmail.com
    [phone] => 89030702105
    [formname] => Обратная связь
)

------------------------

------------------------
20.07.2022 18:46:52
CallbackFormEmailModal
Array
(
    [name] => falljanuary@gmail.com
    [phone] => 89039232724
    [formname] => Обратная связь
)

------------------------

------------------------
20.07.2022 18:54:53
CallbackFormEmailModal
Array
(
    [name] => somatoshop@gmail.com
    [phone] => 83541382966
    [formname] => Обратная связь
)

------------------------

------------------------
20.07.2022 21:09:18
CallbackFormEmailModal
Array
(
    [name] => centsall54@aim.com
    [phone] => 89032018770
    [formname] => Обратная связь
)

------------------------

------------------------
20.07.2022 23:31:15
CallbackFormEmailModal
Array
(
    [name] => henrymanzanares47@yahoo.com
    [phone] => 89035234075
    [formname] => Обратная связь
)

------------------------
