
------------------------
20.08.2024 2:07:30
CallbackFormEmailModal
Array
(
    [name] => efisomer1970@op.pl
    [phone] => 81912994391
    [formname] => Обратная связь
)

------------------------

------------------------
20.08.2024 4:58:19
CallbackFormEmailModal
Array
(
    [name] => geoffreygnascbeemy7@gmail.com
    [phone] => 86297537648
    [formname] => Обратная связь
)

------------------------

------------------------
20.08.2024 4:59:07
CallbackFormEmailModal
Array
(
    [name] => evlogy.fedosov@yandex.com
    [phone] => 83928158429
    [formname] => Обратная связь
)

------------------------

------------------------
20.08.2024 6:34:00
CallbackFormEmailModal
Array
(
    [name] => scalsicaf@mail3go.online

    [phone] => 86985546979
    [formname] => Обратная связь
)

------------------------

------------------------
20.08.2024 7:40:30
CallbackFormEmailModal
Array
(
    [name] => outrammacon1980@op.pl
    [phone] => 84716712265
    [formname] => Обратная связь
)

------------------------

------------------------
20.08.2024 10:10:10
CallbackFormEmailModal
Array
(
    [name] => adsagalo1977@op.pl
    [phone] => 88236816173
    [formname] => Обратная связь
)

------------------------

------------------------
20.08.2024 10:52:48
CallbackFormEmailModal
Array
(
    [name] => tagsperli@mail3go.online

    [phone] => 89468661693
    [formname] => Обратная связь
)

------------------------

------------------------
20.08.2024 11:36:12
CallbackFormEmailModal
Array
(
    [name] => chiodicyrrless1972@op.pl
    [phone] => 86798347658
    [formname] => Обратная связь
)

------------------------

------------------------
20.08.2024 13:20:01
CallbackFormEmailModal
Array
(
    [name] => winsatall4ever@gmail.com
    [phone] => 89967868429
    [formname] => Обратная связь
)

------------------------

------------------------
20.08.2024 13:51:19
CallbackFormEmailModal
Array
(
    [name] => wx12lihe[exygyzotorygetit,2,5]@wxlihe1393.com
    [phone] => 81377585558
    [formname] => Обратная связь
)

------------------------

------------------------
20.08.2024 15:13:37
CallbackFormEmailModal
Array
(
    [name] => trivammelmo1974@op.pl
    [phone] => 82258569114
    [formname] => Обратная связь
)

------------------------

------------------------
20.08.2024 16:14:38
CallbackFormEmailModal
Array
(
    [name] => gantstalealan1976@op.pl
    [phone] => 84481125645
    [formname] => Обратная связь
)

------------------------

------------------------
20.08.2024 18:15:33
CallbackFormEmailModal
Array
(
    [name] => resmaberlimantelende@gmail.com
    [phone] => 81863716936
    [formname] => Обратная связь
)

------------------------

------------------------
20.08.2024 19:52:23
Order
Array
(
    [name] => Дубинский Александр Юрьевич
    [email] => Duvanka77@yandex.ru
    [phone] => +7-905-761-6201
    [comment] => Сварной  настил SP 34х38/30х3 Zn 600х1000 мм, кол-во: 1, цена: 3200руб.
Способ доставки: Доставка автотранспортом поставщика
Выберите способ оплаты: Оплата наличным
Адрес доставки: Подольск. Мкр Кузнечики, ул. Академика Доллежаля 6 кв. 126

Комментарий к заказу: 

    [formname] => Заказ из корзины
    [fields] => Array
        (
            [price] => 3200
        )

)

------------------------

------------------------
20.08.2024 20:44:50
CallbackFormEmailModal
Array
(
    [name] => cenlocuwing@mailcos.site

    [phone] => 88244612451
    [formname] => Обратная связь
)

------------------------

------------------------
20.08.2024 22:58:23
CallbackFormEmailModal
Array
(
    [name] => alexpopov3453@gmail.com
    [phone] => 83579235359
    [formname] => Обратная связь
)

------------------------
