
------------------------
01.08.2022 2:06:18
CallbackFormEmailModal
Array
(
    [name] => rjfrank7557@att.net
    [phone] => 89035567283
    [formname] => Обратная связь
)

------------------------

------------------------
01.08.2022 4:29:19
CallbackFormEmailModal
Array
(
    [name] => memorypligger445@servicegulino.com
    [phone] => 89035679310
    [formname] => Обратная связь
)

------------------------

------------------------
01.08.2022 5:58:13
CallbackFormEmailModal
Array
(
    [name] => dirbaz2887188@bk.ru
    [phone] => 79997189423
    [formname] => Обратная связь
)

------------------------

------------------------
01.08.2022 6:53:20
CallbackFormEmailModal
Array
(
    [name] => otisboatus@hotmail.com
    [phone] => 89037455196
    [formname] => Обратная связь
)

------------------------

------------------------
01.08.2022 9:16:32
CallbackFormEmailModal
Array
(
    [name] => rosalvalujano@yahoo.com
    [phone] => 89038078384
    [formname] => Обратная связь
)

------------------------

------------------------
01.08.2022 11:39:28
CallbackFormEmailModal
Array
(
    [name] => thebusbe4u@yahoo.com
    [phone] => 89031391904
    [formname] => Обратная связь
)

------------------------

------------------------
01.08.2022 14:00:49
CallbackFormEmailModal
Array
(
    [name] => abidin886@yahoo.com
    [phone] => 89031004284
    [formname] => Обратная связь
)

------------------------

------------------------
01.08.2022 16:21:25
CallbackFormEmailModal
Array
(
    [name] => veronicavelasco60@yahoo.com
    [phone] => 89037276024
    [formname] => Обратная связь
)

------------------------

------------------------
01.08.2022 18:13:38
Order
Array
(
    [name] => Дмитрий 
    [email] => 89522657973d@gmail.com
    [phone] => +7-911-126-6236
    [comment] => Прессованный  настил P 33х11/30х2 Zn 1000х1000 мм, кол-во: 1, цена: 6820руб.
Способ доставки: Доставка автотранспортом поставщика
Выберите способ оплаты: Оплата на расчетный счет организации
Адрес доставки: Санкт-Петербург, дер. Новосаратовка, Покровская дорога 34 

Комментарий к заказу: 

    [formname] => Заказ из корзины
    [fields] => Array
        (
            [price] => 54560
        )

)

------------------------

------------------------
01.08.2022 18:43:33
CallbackFormEmailModal
Array
(
    [name] => thelastsurvivoray@gmail.com
    [phone] => 89036466318
    [formname] => Обратная связь
)

------------------------

------------------------
01.08.2022 21:04:59
CallbackFormEmailModal
Array
(
    [name] => cabracing@ymail.com
    [phone] => 89032921747
    [formname] => Обратная связь
)

------------------------

------------------------
01.08.2022 23:24:20
CallbackFormEmailModal
Array
(
    [name] => susannah_wells@hotmail.com
    [phone] => 89031743783
    [formname] => Обратная связь
)

------------------------
