
------------------------
10.02.2024 0:05:06
CallbackFormEmailModal
Array
(
    [name] => frank@luck.jsafes.com
    [phone] => 83514676166
    [formname] => Обратная связь
)

------------------------

------------------------
10.02.2024 1:11:10
CallbackFormEmailModal
Array
(
    [name] => auto@kiev-therm.com.ua
    [phone] => 85531311481
    [formname] => Обратная связь
)

------------------------

------------------------
10.02.2024 1:21:53
CallbackFormEmailModal
Array
(
    [name] => indomitowot@outlook.com
    [phone] => 81985817993
    [formname] => Обратная связь
)

------------------------

------------------------
10.02.2024 1:39:08
CallbackFormEmailModal
Array
(
    [name] => lucido.leinteract@gmail.com
    [phone] => 83111645732
    [formname] => Обратная связь
)

------------------------

------------------------
10.02.2024 2:14:22
CallbackFormEmailModal
Array
(
    [name] => yjykxydhvckyi1991@onet.pl
    [phone] => 82681381424
    [formname] => Обратная связь
)

------------------------

------------------------
10.02.2024 2:15:31
CallbackFormEmailModal
Array
(
    [name] => zqyqknonsshctz1994@onet.pl
    [phone] => 87358646913
    [formname] => Обратная связь
)

------------------------

------------------------
10.02.2024 2:38:39
CallbackFormEmailModal
Array
(
    [name] => liliananikonova52@mail.ru
    [phone] => 87584545718
    [formname] => Обратная связь
)

------------------------

------------------------
10.02.2024 2:48:32
CallbackFormEmailModal
Array
(
    [name] => yourmail@gmail.com
    [phone] => 85792758645
    [formname] => Обратная связь
)

------------------------

------------------------
10.02.2024 2:58:45
CallbackFormEmailModal
Array
(
    [name] => ecayucoho@c.youemailrety.com
    [phone] => 88753714218
    [formname] => Обратная связь
)

------------------------

------------------------
10.02.2024 4:50:00
CallbackFormEmailModal
Array
(
    [name] => zpuamybnmflqjw1981@onet.pl
    [phone] => 81766475584
    [formname] => Обратная связь
)

------------------------

------------------------
10.02.2024 6:03:47
CallbackFormEmailModal
Array
(
    [name] => pressrelease@cnnworldtoday.com
    [phone] => 84534661365
    [formname] => Обратная связь
)

------------------------

------------------------
10.02.2024 6:07:25
CallbackFormEmailModal
Array
(
    [name] => pressrelease@washingtontimesnewstoday.com
    [phone] => 89117931679
    [formname] => Обратная связь
)

------------------------

------------------------
10.02.2024 6:38:26
CallbackFormEmailModal
Array
(
    [name] => belikova.regina1992@mail.ru
    [phone] => 81747284985
    [formname] => Обратная связь
)

------------------------

------------------------
10.02.2024 8:36:18
CallbackFormEmailModal
Array
(
    [name] => neurero1981@mail.ru
    [phone] => 82372867757
    [formname] => Обратная связь
)

------------------------

------------------------
10.02.2024 9:17:17
CallbackFormEmailModal
Array
(
    [name] => greteholck@gmail.com
    [phone] => 88528377941
    [formname] => Обратная связь
)

------------------------

------------------------
10.02.2024 10:39:39
CallbackFormEmailModal
Array
(
    [name] => alexpopov716253@gmail.com
    [phone] => 84581435876
    [formname] => Обратная связь
)

------------------------

------------------------
10.02.2024 12:07:06
CallbackFormEmailModal
Array
(
    [name] => tflytnjiwjpv1986@onet.pl
    [phone] => 86979629835
    [formname] => Обратная связь
)

------------------------

------------------------
10.02.2024 12:23:07
CallbackFormEmailModal
Array
(
    [name] => yxvpcumzbbnwwv1985@onet.pl
    [phone] => 88616984242
    [formname] => Обратная связь
)

------------------------

------------------------
10.02.2024 12:57:22
CallbackFormEmailModal
Array
(
    [name] => newstoday@bloombergnewstoday.com
    [phone] => 87116561111
    [formname] => Обратная связь
)

------------------------

------------------------
10.02.2024 14:53:09
CallbackFormEmailModal
Array
(
    [name] => rfaksik@yandex.com
    [phone] => 82351935887
    [formname] => Обратная связь
)

------------------------

------------------------
10.02.2024 15:26:55
CallbackFormEmailModal
Array
(
    [name] => j22.416236@gmail.com
    [phone] => 88938513468
    [formname] => Обратная связь
)

------------------------

------------------------
10.02.2024 16:10:44
CallbackFormEmailModal
Array
(
    [name] => minayeva.emma@mail.ru
    [phone] => 89737874525
    [formname] => Обратная связь
)

------------------------

------------------------
10.02.2024 16:53:27
CallbackFormEmailModal
Array
(
    [name] => rebecca_davisj2sp@hotmail.com
    [phone] => 84212244158
    [formname] => Обратная связь
)

------------------------

------------------------
10.02.2024 18:22:32
CallbackFormEmailModal
Array
(
    [name] => indomitowot@outlook.com
    [phone] => 82791775455
    [formname] => Обратная связь
)

------------------------

------------------------
10.02.2024 19:09:36
CallbackFormEmailModal
Array
(
    [name] => enovosibirsk@rambler.ru
    [phone] => 88738613219
    [formname] => Обратная связь
)

------------------------

------------------------
10.02.2024 21:43:12
CallbackFormEmailModal
Array
(
    [name] => mikeKitGrishitty@gmail.com
    [phone] => 87268646427
    [formname] => Обратная связь
)

------------------------

------------------------
10.02.2024 22:33:59
CallbackFormEmailModal
Array
(
    [name] => usybsnsapknqtm2001@onet.pl
    [phone] => 84975519152
    [formname] => Обратная связь
)

------------------------

------------------------
10.02.2024 23:01:48
CallbackFormEmailModal
Array
(
    [name] => pressrelease@turkeynewstoday.com
    [phone] => 86734877482
    [formname] => Обратная связь
)

------------------------
