
------------------------
26.10.2022 6:02:23
CallbackFormEmailModal
Array
(
    [name] => Stociom@barrymail.xyz
    [phone] => 81655454747
    [formname] => Обратная связь
)

------------------------

------------------------
26.10.2022 7:30:41
CallbackFormEmailModal
Array
(
    [name] => bazzi2023@bk.ru
    [phone] => 79774960665
    [formname] => Обратная связь
)

------------------------

------------------------
26.10.2022 16:38:42
CallbackEmailModal
Array
(
    [name] => Шамиль
    [phone] => +7(495)902-63-16
    [comment] => Название продуката: Промышленный ТРАП W200 с вертикальным отводом DN110
Комменатрий: Интересует Промышленный ТРАП W200 с вертикальным отводом DN110. Наличие и актуальность цены?
    [formname] => Задать вопрос по товару
)

------------------------

------------------------
26.10.2022 19:13:43
CallbackFormEmailModal
Array
(
    [name] => alexpopov716253@gmail.com
    [phone] => 85958447247
    [formname] => Обратная связь
)

------------------------
