
------------------------
17.10.2023 7:40:41
CallbackFormEmailModal
Array
(
    [name] => you1rmai5l@gmail.com
    [phone] => 89287867152
    [formname] => Обратная связь
)

------------------------

------------------------
17.10.2023 11:21:03
CallbackFormModal
Array
(
    [name] => Андрей 
    [phone] => +7(951)645-16-61
    [formname] => Заказать звонок
)

------------------------

------------------------
17.10.2023 14:25:48
CallbackFormEmailModal
Array
(
    [name] => dina@pop34.site
    [phone] => 82517845928
    [formname] => Обратная связь
)

------------------------
