
------------------------
06.08.2022 0:25:18
CallbackFormEmailModal
Array
(
    [name] => rubenramos6@hotmail.com
    [phone] => 89031634653
    [formname] => Обратная связь
)

------------------------

------------------------
06.08.2022 2:44:46
CallbackFormEmailModal
Array
(
    [name] => kadbar3783@nrms.org
    [phone] => 89036988752
    [formname] => Обратная связь
)

------------------------

------------------------
06.08.2022 5:03:48
CallbackFormEmailModal
Array
(
    [name] => rjfrank7557@att.net
    [phone] => 89032137994
    [formname] => Обратная связь
)

------------------------

------------------------
06.08.2022 7:24:00
CallbackFormEmailModal
Array
(
    [name] => ligalas@ukr.net
    [phone] => 89036780517
    [formname] => Обратная связь
)

------------------------

------------------------
06.08.2022 9:45:11
CallbackFormEmailModal
Array
(
    [name] => 544@embarqmail.com
    [phone] => 89038607076
    [formname] => Обратная связь
)

------------------------

------------------------
06.08.2022 12:05:48
CallbackFormEmailModal
Array
(
    [name] => laurent.tantot@gmail.com
    [phone] => 89032172064
    [formname] => Обратная связь
)

------------------------

------------------------
06.08.2022 16:26:53
CallbackFormEmailModal
Array
(
    [name] => sdlk_brn@yahoo.com
    [phone] => 89036634158
    [formname] => Обратная связь
)

------------------------

------------------------
06.08.2022 18:47:41
CallbackFormEmailModal
Array
(
    [name] => devilofdrkness09@hotmail.com
    [phone] => 89039029361
    [formname] => Обратная связь
)

------------------------

------------------------
06.08.2022 21:07:34
CallbackFormEmailModal
Array
(
    [name] => lizbadx3@yahoo.com
    [phone] => 89038481042
    [formname] => Обратная связь
)

------------------------

------------------------
06.08.2022 21:34:58
CallbackFormEmailModal
Array
(
    [name] => umarti8iaua381j5ye@outlook.com
    [phone] => umarti8iaua381j5ye@outlook.com
    [formname] => Обратная связь
)

------------------------

------------------------
06.08.2022 21:35:04
CallbackFormEmailModal
Array
(
    [name] => umarti8iaua381j5ye@outlook.com
    [phone] => umarti8iaua381j5ye@outlook.com
    [formname] => Обратная связь
)

------------------------

------------------------
06.08.2022 21:35:13
CallbackFormEmailModal
Array
(
    [name] => umarti8iaua381j5ye@outlook.com
    [phone] => umarti8iaua381j5ye@outlook.com
    [formname] => Обратная связь
)

------------------------

------------------------
06.08.2022 21:35:17
CallbackFormEmailModal
Array
(
    [name] => umarti8iaua381j5ye@outlook.com
    [phone] => umarti8iaua381j5ye@outlook.com
    [formname] => Обратная связь
)

------------------------

------------------------
06.08.2022 21:35:30
CallbackFormEmailModal
Array
(
    [name] => umarti8iaua381j5ye@outlook.com
    [phone] => umarti8iaua381j5ye@outlook.com
    [formname] => Обратная связь
)

------------------------

------------------------
06.08.2022 23:33:07
CallbackFormEmailModal
Array
(
    [name] => comalitos123@hotmail.com
    [phone] => 89033527645
    [formname] => Обратная связь
)

------------------------
