
------------------------
20.10.2023 8:06:36
CallbackFormEmailModal
Array
(
    [name] => salonki.mordeka@interia.pl
    [phone] => 88138436972
    [formname] => Обратная связь
)

------------------------

------------------------
20.10.2023 10:53:55
CallbackFormEmailModal
Array
(
    [name] => avtokat76ru@yandex.com
    [phone] => 81321111492
    [formname] => Обратная связь
)

------------------------

------------------------
20.10.2023 12:35:36
Order
Array
(
    [name] => Гаврилюк Александр Сергевич
    [email] => dfedor53@mail.ru
    [phone] => +7-908-250-8769
    [comment] => Лестничная ступень SР 34х38/30х2 Zn 800х240 мм, кол-во: 1, цена: 1480руб.
Способ доставки: Доставка автотранспортом поставщика
Выберите способ оплаты: Оплата наличным
Адрес доставки: Пермь Декабристов 23-196

Комментарий к заказу: 

    [formname] => Заказ из корзины
    [fields] => Array
        (
            [price] => 13320
        )

)

------------------------

------------------------
20.10.2023 14:26:32
CallbackFormEmailModal
Array
(
    [name] => gfgfverififg2323@atrimoney.site
    [phone] => 81676421754
    [formname] => Обратная связь
)

------------------------

------------------------
20.10.2023 15:09:15
CallbackFormEmailModal
Array
(
    [name] => monktayvdffd246@atrimoney.site
    [phone] => 86139547167
    [formname] => Обратная связь
)

------------------------

------------------------
20.10.2023 17:39:31
CallbackFormEmailModal
Array
(
    [name] => masha12@alexhost.site
    [phone] => 82552541253
    [formname] => Обратная связь
)

------------------------

------------------------
20.10.2023 18:42:42
CallbackFormEmailModal
Array
(
    [name] => tzghljpvtst@poochta.ru
    [phone] => 82923878136
    [formname] => Обратная связь
)

------------------------

------------------------
20.10.2023 19:26:16
CallbackFormEmailModal
Array
(
    [name] => lyonsspencer4@gmail.com
    [phone] => 89288581961
    [formname] => Обратная связь
)

------------------------

------------------------
20.10.2023 23:19:05
CallbackFormEmailModal
Array
(
    [name] => raftklcofpi@poochta.ru
    [phone] => 87438334783
    [formname] => Обратная связь
)

------------------------
