
------------------------
11.06.2023 1:44:30
CallbackFormEmailModal
Array
(
    [name] => lion.pirogoff@yandex.ru
    [phone] => 89166856711
    [formname] => Обратная связь
)

------------------------

------------------------
11.06.2023 3:05:42
CallbackFormEmailModal
Array
(
    [name] => h7xqm@course-fitness.com
    [phone] => 86585121186
    [formname] => Обратная связь
)

------------------------

------------------------
11.06.2023 3:57:14
CallbackFormEmailModal
Array
(
    [name] => dnwpt@course-fitness.com
    [phone] => 88493132176
    [formname] => Обратная связь
)

------------------------

------------------------
11.06.2023 7:54:13
CallbackFormEmailModal
Array
(
    [name] => platatermeba@gmx.com
    [phone] => 82577114936
    [formname] => Обратная связь
)

------------------------

------------------------
11.06.2023 13:19:58
Order
Array
(
    [name] => Сагоян Абет Северникович
    [email] => merisagoyan@gmail.com
    [phone] => +7-912-637-7399
    [comment] => Сварной  настил SP 34х38/30х3 Zn 1200х1000 мм, кол-во: 1, цена: 6300руб.
Способ доставки: Доставка автотранспортом поставщика
Выберите способ оплаты: Оплата на расчетный счет организации
Адрес доставки: Нижний Тагил Бобкова 10 40

Комментарий к заказу: 

    [formname] => Заказ из корзины
    [fields] => Array
        (
            [price] => 12600
        )

)

------------------------

------------------------
11.06.2023 15:42:12
CallbackFormEmailModal
Array
(
    [name] => skupka@avio.pochtas.ru
    [phone] => 87824477821
    [formname] => Обратная связь
)

------------------------

------------------------
11.06.2023 17:42:05
CallbackFormEmailModal
Array
(
    [name] => af431532@gmail.com
    [phone] => 89762687274
    [formname] => Обратная связь
)

------------------------

------------------------
11.06.2023 19:21:50
CallbackFormEmailModal
Array
(
    [name] => chigininkawa@imails.site

    [phone] => 81597443186
    [formname] => Обратная связь
)

------------------------
