
------------------------
27.12.2022 3:37:16
CallbackFormEmailModal
Array
(
    [name] => Cineheiny@topmailonline.xyz
    [phone] => 82245939275
    [formname] => Обратная связь
)

------------------------

------------------------
27.12.2022 6:41:37
CallbackFormEmailModal
Array
(
    [name] => c.alv.i.n.b.es.tamig.o@gmail.com
    [phone] => 86386179693
    [formname] => Обратная связь
)

------------------------

------------------------
27.12.2022 7:35:31
CallbackFormEmailModal
Array
(
    [name] => demianw.vladimirovtxt@mail.ru
    [phone] => 87594915828
    [formname] => Обратная связь
)

------------------------

------------------------
27.12.2022 15:52:51
CallbackFormEmailModal
Array
(
    [name] => ir.inamaslovi.c@gmail.com
    [phone] => 83328416418
    [formname] => Обратная связь
)

------------------------

------------------------
27.12.2022 23:00:09
CallbackFormEmailModal
Array
(
    [name] => gosavto005@gmail.com
    [phone] => 83245353342
    [formname] => Обратная связь
)

------------------------
