
------------------------
26.10.2023 1:44:36
CallbackFormEmailModal
Array
(
    [name] => evgenevna5qdk@gmail.com
    [phone] => 86772259117
    [formname] => Обратная связь
)

------------------------

------------------------
26.10.2023 2:24:47
CallbackFormEmailModal
Array
(
    [name] => froeach12@rezka.wtf
    [phone] => 83373156772
    [formname] => Обратная связь
)

------------------------

------------------------
26.10.2023 2:35:42
CallbackFormEmailModal
Array
(
    [name] => alfredegov@gmail.com
    [phone] => 83626382611
    [formname] => Обратная связь
)

------------------------

------------------------
26.10.2023 6:21:41
CallbackFormEmailModal
Array
(
    [name] => kazinolain@gmail.com
    [phone] => 82978575158
    [formname] => Обратная связь
)

------------------------

------------------------
26.10.2023 6:59:39
CallbackFormEmailModal
Array
(
    [name] => mikeKitGrishitty@gmail.com
    [phone] => 81613952471
    [formname] => Обратная связь
)

------------------------

------------------------
26.10.2023 11:53:11
CallbackFormEmailModal
Array
(
    [name] => lenagazprom@gmail.com
    [phone] => 81286539289
    [formname] => Обратная связь
)

------------------------

------------------------
26.10.2023 16:15:59
CallbackFormEmailModal
Array
(
    [name] => kiara_rorabaugh70@rambler.ru
    [phone] => 85155973662
    [formname] => Обратная связь
)

------------------------

------------------------
26.10.2023 16:19:26
CallbackFormEmailModal
Array
(
    [name] => khtnnntftOa@poochta.ru
    [phone] => 88362545884
    [formname] => Обратная связь
)

------------------------

------------------------
26.10.2023 17:46:57
CallbackFormEmailModal
Array
(
    [name] => qglixxkqeEa@bobbor.store
    [phone] => 87767419165
    [formname] => Обратная связь
)

------------------------

------------------------
26.10.2023 17:51:55
CallbackFormEmailModal
Array
(
    [name] => jqnuoksrjEa@bobbor.store
    [phone] => 81548431127
    [formname] => Обратная связь
)

------------------------

------------------------
26.10.2023 23:02:42
CallbackFormEmailModal
Array
(
    [name] => ahqynzghtEa@bobbor.store
    [phone] => 89576381635
    [formname] => Обратная связь
)

------------------------
