
------------------------
08.06.2023 2:08:45
CallbackFormEmailModal
Array
(
    [name] => info@coachkorey.ru
    [phone] => 82229275392
    [formname] => Обратная связь
)

------------------------

------------------------
08.06.2023 9:18:48
CallbackFormEmailModal
Array
(
    [name] => serg.e.y0.31.24.2@gmail.com
    [phone] => 89866439756
    [formname] => Обратная связь
)

------------------------

------------------------
08.06.2023 14:04:54
CallbackFormEmailModal
Array
(
    [name] => lion.pirogoff@yandex.ru
    [phone] => 81211417855
    [formname] => Обратная связь
)

------------------------

------------------------
08.06.2023 16:55:47
CallbackFormEmailModal
Array
(
    [name] => zelatcol@gmail.com
    [phone] => 81294622319
    [formname] => Обратная связь
)

------------------------

------------------------
08.06.2023 18:19:33
CallbackFormEmailModal
Array
(
    [name] => dyukdyyem@tupop.online
    [phone] => 83584693243
    [formname] => Обратная связь
)

------------------------
