
------------------------
17.09.2025 1:26:11
CallbackFormEmailModal
Array
(
    [name] => woo.d.f.ordj.am.eso.n.4@gmail.com
    [phone] => 85348911126
    [formname] => Обратная связь
)

------------------------

------------------------
17.09.2025 5:05:32
CallbackFormEmailModal
Array
(
    [name] => oenylnxq@ronaldofmail.com
    [phone] => 89963334519
    [formname] => Обратная связь
)

------------------------

------------------------
17.09.2025 5:08:10
CallbackFormEmailModal
Array
(
    [name] => info@speed-seo.net
    [phone] => 88756876359
    [formname] => Обратная связь
)

------------------------

------------------------
17.09.2025 5:38:36
CallbackFormEmailModal
Array
(
    [name] => 1dansbydruscillaoyu@gmail.com
    [phone] => 89863965843
    [formname] => Обратная связь
)

------------------------

------------------------
17.09.2025 5:56:42
CallbackFormEmailModal
Array
(
    [name] => haredkolpma@gmail.com
    [phone] => 82516818769
    [formname] => Обратная связь
)

------------------------

------------------------
17.09.2025 7:46:15
CallbackFormEmailModal
Array
(
    [name] => gytmyiwyep@rambler.ru
    [phone] => 82553413899
    [formname] => Обратная связь
)

------------------------

------------------------
17.09.2025 8:54:49
CallbackFormEmailModal
Array
(
    [name] => p.er.sai.to.v20@gmail.com:pop.gmail.com
    [phone] => 86243647892
    [formname] => Обратная связь
)

------------------------

------------------------
17.09.2025 10:06:26
CallbackFormEmailModal
Array
(
    [name] => pxeeaujn@tubermail.com
    [phone] => 87694899742
    [formname] => Обратная связь
)

------------------------

------------------------
17.09.2025 11:10:32
CallbackFormEmailModal
Array
(
    [name] => tonystouchproduction@gmail.com
    [phone] => 89572479448
    [formname] => Обратная связь
)

------------------------

------------------------
17.09.2025 11:11:29
CallbackFormEmailModal
Array
(
    [name] => sergowor.kin.g7.1.8@gmail.com
    [phone] => 83849877956
    [formname] => Обратная связь
)

------------------------

------------------------
17.09.2025 11:36:36
CallbackFormEmailModal
Array
(
    [name] => andrey.don.x@gmail.com
    [phone] => 83928739388
    [formname] => Обратная связь
)

------------------------

------------------------
17.09.2025 12:22:24
CallbackFormEmailModal
Array
(
    [name] => exOca@outlook.com
    [phone] => 89824225443
    [formname] => Обратная связь
)

------------------------

------------------------
17.09.2025 13:06:34
CallbackFormEmailModal
Array
(
    [name] => ufayqlse@streetwormail.com
    [phone] => 88548722937
    [formname] => Обратная связь
)

------------------------

------------------------
17.09.2025 16:13:41
CallbackFormEmailModal
Array
(
    [name] => bokisuq541@gmail.com
    [phone] => 87684116338
    [formname] => Обратная связь
)

------------------------

------------------------
17.09.2025 23:52:23
CallbackFormEmailModal
Array
(
    [name] => dansbydruscillaoyu@gmail.com
    [phone] => 84263198629
    [formname] => Обратная связь
)

------------------------
