
------------------------
18.02.2024 2:05:53
CallbackFormEmailModal
Array
(
    [name] => earnestGer@gmail.com
    [phone] => 86492957954
    [formname] => Обратная связь
)

------------------------

------------------------
18.02.2024 3:47:43
CallbackFormEmailModal
Array
(
    [name] => callvisvetlana@list.ru
    [phone] => 87531135469
    [formname] => Обратная связь
)

------------------------

------------------------
18.02.2024 6:07:31
CallbackFormEmailModal
Array
(
    [name] => aabhyjw@gmail.com
    [phone] => 82375742212
    [formname] => Обратная связь
)

------------------------

------------------------
18.02.2024 7:21:05
CallbackFormEmailModal
Array
(
    [name] => pressrelease@nytimesnewstoday.com
    [phone] => 83816868475
    [formname] => Обратная связь
)

------------------------

------------------------
18.02.2024 15:09:57
CallbackFormEmailModal
Array
(
    [name] => indomitowot@outlook.com
    [phone] => 89457685799
    [formname] => Обратная связь
)

------------------------

------------------------
18.02.2024 15:54:37
CallbackFormEmailModal
Array
(
    [name] => anna4@hostfrost.site
    [phone] => 86533234799
    [formname] => Обратная связь
)

------------------------

------------------------
18.02.2024 16:14:05
CallbackFormEmailModal
Array
(
    [name] => norman.finkelshteyn.57@mail.ru
    [phone] => 86262421255
    [formname] => Обратная связь
)

------------------------

------------------------
18.02.2024 19:02:15
CallbackFormEmailModal
Array
(
    [name] => mskfirst@rambler.ru
    [phone] => 85436392987
    [formname] => Обратная связь
)

------------------------

------------------------
18.02.2024 23:20:39
CallbackFormEmailModal
Array
(
    [name] => indomitowot@outlook.com
    [phone] => 86869244497
    [formname] => Обратная связь
)

------------------------
