
------------------------
21.06.2022 1:50:14
CallbackFormEmailModal
Array
(
    [name] => cmpl@mail-online.dk
    [phone] => 89031448857
    [formname] => Обратная связь
)

------------------------

------------------------
21.06.2022 5:06:48
CallbackFormEmailModal
Array
(
    [name] => iii-u2@mailme.dk
    [phone] => 89038638993
    [formname] => Обратная связь
)

------------------------

------------------------
21.06.2022 8:21:03
CallbackFormEmailModal
Array
(
    [name] => emilogvilly@forum.dk
    [phone] => 89037161907
    [formname] => Обратная связь
)

------------------------

------------------------
21.06.2022 10:13:10
CallbackFormEmailModal
Array
(
    [name] => de.w.it.tw.dom.i.ng.le.at.ha.y.@gmail.com
    [phone] => 88478977421
    [formname] => Обратная связь
)

------------------------

------------------------
21.06.2022 11:33:05
CallbackFormEmailModal
Array
(
    [name] => www.godzone@forum.dk
    [phone] => 89034285135
    [formname] => Обратная связь
)

------------------------

------------------------
21.06.2022 14:53:42
CallbackFormEmailModal
Array
(
    [name] => steenmetz@forum.dk
    [phone] => 89034554590
    [formname] => Обратная связь
)

------------------------

------------------------
21.06.2022 15:23:41
CallbackEmailModal
Array
(
    [name] => Cheaddy@maill1.xyz
    [phone] => 86649261123
    [comment] => Название продуката: Стандартный канал S370 1.5мм
Комменатрий: Tahrvp https://newfasttadalafil.com/ - Cialis Intolerance to physiologic stress is a feared complication. Xekldh <a href=https://newfasttadalafil.com/>Cialis</a> Amoxicillin Dose For Strep B Nnsmjg https://newfasttadalafil.com/ - Cialis cialis femme Biwoeo
    [formname] => Задать вопрос по товару
)

------------------------

------------------------
21.06.2022 15:59:56
CallbackFormEmailModal
Array
(
    [name] => no-replysuinuts@gmail.com
    [phone] => 84421913723
    [formname] => Обратная связь
)

------------------------

------------------------
21.06.2022 17:38:39
CallbackFormEmailModal
Array
(
    [name] => d.ewit.t.w.dom.i.ng.lea.t.hay.@gmail.com
    [phone] => 83721488145
    [formname] => Обратная связь
)

------------------------

------------------------
21.06.2022 18:07:24
CallbackFormEmailModal
Array
(
    [name] => mipmie@forum.dk
    [phone] => 89033359462
    [formname] => Обратная связь
)

------------------------

------------------------
21.06.2022 21:18:42
CallbackFormEmailModal
Array
(
    [name] => grobmad@coremail.ru
    [phone] => 89038368280
    [formname] => Обратная связь
)

------------------------
