
------------------------
08.01.2025 0:30:24
CallbackFormEmailModal
Array
(
    [name] => lolerex241@ovout.com
    [phone] => 89288613664
    [formname] => Обратная связь
)

------------------------

------------------------
08.01.2025 2:30:01
CallbackFormEmailModal
Array
(
    [name] => eepovda@bk.ru
    [phone] => 81967959722
    [formname] => Обратная связь
)

------------------------

------------------------
08.01.2025 2:32:46
CallbackFormEmailModal
Array
(
    [name] => toypropadsandwesvi@mail.ru
    [phone] => 86858718733
    [formname] => Обратная связь
)

------------------------

------------------------
08.01.2025 7:03:49
CallbackFormEmailModal
Array
(
    [name] => within@prostpro.fun
    [phone] => 84244167517
    [formname] => Обратная связь
)

------------------------

------------------------
08.01.2025 7:25:59
CallbackFormEmailModal
Array
(
    [name] => barbariska8912@gmail.com
    [phone] => 86134521521
    [formname] => Обратная связь
)

------------------------

------------------------
08.01.2025 7:40:43
CallbackFormEmailModal
Array
(
    [name] => highvinonthyo1986@mail.ru
    [phone] => 84792714183
    [formname] => Обратная связь
)

------------------------

------------------------
08.01.2025 8:16:19
CallbackFormEmailModal
Array
(
    [name] => 202xrumer9@farironalds.com
    [phone] => 87699369795
    [formname] => Обратная связь
)

------------------------

------------------------
08.01.2025 8:26:09
CallbackFormEmailModal
Array
(
    [name] => foncardda1988@mail.ru
    [phone] => 82994427666
    [formname] => Обратная связь
)

------------------------

------------------------
08.01.2025 8:32:32
CallbackFormEmailModal
Array
(
    [name] => diana.fedorova.85@inbox.ru
    [phone] => 87667551629
    [formname] => Обратная связь
)

------------------------

------------------------
08.01.2025 8:35:08
CallbackFormEmailModal
Array
(
    [name] => taelivihohtoca@mail.ru
    [phone] => 89429392863
    [formname] => Обратная связь
)

------------------------

------------------------
08.01.2025 8:41:29
CallbackFormEmailModal
Array
(
    [name] => woodbpurne1983@mail.ru
    [phone] => 87229828759
    [formname] => Обратная связь
)

------------------------

------------------------
08.01.2025 8:49:42
CallbackFormEmailModal
Array
(
    [name] => quejudcatan1981@mail.ru
    [phone] => 83936656192
    [formname] => Обратная связь
)

------------------------

------------------------
08.01.2025 8:49:42
CallbackFormEmailModal
Array
(
    [name] => nadacottuobesnie@mail.ru
    [phone] => 84512557118
    [formname] => Обратная связь
)

------------------------

------------------------
08.01.2025 10:09:16
CallbackFormEmailModal
Array
(
    [name] => mosoce-416@mail.ru
    [phone] => 81312623769
    [formname] => Обратная связь
)

------------------------

------------------------
08.01.2025 10:15:40
CallbackFormEmailModal
Array
(
    [name] => barbariska8912@gmail.com
    [phone] => 89191194721
    [formname] => Обратная связь
)

------------------------

------------------------
08.01.2025 10:29:35
CallbackFormEmailModal
Array
(
    [name] => psincurousenlepen@mail.ru
    [phone] => 83357386129
    [formname] => Обратная связь
)

------------------------

------------------------
08.01.2025 10:33:57
CallbackFormEmailModal
Array
(
    [name] => mikhan-zhuravlev-21610@mail.ru
    [phone] => 82679634972
    [formname] => Обратная связь
)

------------------------

------------------------
08.01.2025 10:36:12
CallbackFormEmailModal
Array
(
    [name] => abbyas-venikov1984@mail.ru
    [phone] => 81514577963
    [formname] => Обратная связь
)

------------------------

------------------------
08.01.2025 10:40:59
CallbackFormEmailModal
Array
(
    [name] => gunlekingovertcon@mail.ru
    [phone] => 88495468534
    [formname] => Обратная связь
)

------------------------

------------------------
08.01.2025 11:00:32
CallbackFormEmailModal
Array
(
    [name] => shushalev.yulian@mail.ru
    [phone] => 81458116193
    [formname] => Обратная связь
)

------------------------

------------------------
08.01.2025 14:06:52
CallbackFormEmailModal
Array
(
    [name] => rietraccabun1976@mail.ru
    [phone] => 87619746142
    [formname] => Обратная связь
)

------------------------

------------------------
08.01.2025 15:26:15
CallbackFormEmailModal
Array
(
    [name] => placnacidown1989@mail.ru
    [phone] => 85732158441
    [formname] => Обратная связь
)

------------------------

------------------------
08.01.2025 15:38:12
CallbackFormEmailModal
Array
(
    [name] => hkfmvwgqqel@rudiplomust.com
    [phone] => 84999793615
    [formname] => Обратная связь
)

------------------------

------------------------
08.01.2025 15:39:44
CallbackFormEmailModal
Array
(
    [name] => moiseevatoriya1993@bk.ru
    [phone] => 86258147852
    [formname] => Обратная связь
)

------------------------

------------------------
08.01.2025 15:40:13
CallbackFormEmailModal
Array
(
    [name] => postsaddtaliretneu@mail.ru
    [phone] => 88659333561
    [formname] => Обратная связь
)

------------------------

------------------------
08.01.2025 16:48:00
CallbackFormEmailModal
Array
(
    [name] => pabetsyaneil@yandex.ru
    [phone] => 87561668574
    [formname] => Обратная связь
)

------------------------

------------------------
08.01.2025 17:14:11
CallbackFormEmailModal
Array
(
    [name] => rerkgeemong98@mail.ru
    [phone] => 83435368787
    [formname] => Обратная связь
)

------------------------

------------------------
08.01.2025 17:14:15
CallbackFormEmailModal
Array
(
    [name] => arturgorz2o3@bk.ru
    [phone] => 82939919284
    [formname] => Обратная связь
)

------------------------

------------------------
08.01.2025 18:26:15
CallbackFormEmailModal
Array
(
    [name] => naamismevk@gazeta.pl
    [phone] => 83146333189
    [formname] => Обратная связь
)

------------------------

------------------------
08.01.2025 19:24:31
CallbackFormEmailModal
Array
(
    [name] => jsjidhirrel@rudiplomust.com
    [phone] => 83734251611
    [formname] => Обратная связь
)

------------------------

------------------------
08.01.2025 20:05:30
CallbackFormEmailModal
Array
(
    [name] => progon@progon.fun
    [phone] => 88876462397
    [formname] => Обратная связь
)

------------------------

------------------------
08.01.2025 20:07:34
CallbackFormEmailModal
Array
(
    [name] => balpunarti1976@mail.ru
    [phone] => 81333433599
    [formname] => Обратная связь
)

------------------------

------------------------
08.01.2025 20:07:35
CallbackFormEmailModal
Array
(
    [name] => saakian.vova.1985.13.9@list.ru
    [phone] => 85459321213
    [formname] => Обратная связь
)

------------------------

------------------------
08.01.2025 20:07:35
CallbackFormEmailModal
Array
(
    [name] => tacusol-6816@mail.ru
    [phone] => 83548182836
    [formname] => Обратная связь
)

------------------------

------------------------
08.01.2025 23:15:18
CallbackFormEmailModal
Array
(
    [name] => combontsegal37@mail.ru
    [phone] => 83731688923
    [formname] => Обратная связь
)

------------------------

------------------------
08.01.2025 23:19:26
CallbackFormEmailModal
Array
(
    [name] => y.kuvayev@mail.ru
    [phone] => 89299518686
    [formname] => Обратная связь
)

------------------------

------------------------
08.01.2025 23:22:27
CallbackFormEmailModal
Array
(
    [name] => tacusol-6816@mail.ru
    [phone] => 83853855729
    [formname] => Обратная связь
)

------------------------

------------------------
08.01.2025 23:22:29
CallbackFormEmailModal
Array
(
    [name] => yulya.onipchenko.88@mail.ru
    [phone] => 84952161111
    [formname] => Обратная связь
)

------------------------

------------------------
08.01.2025 23:26:51
CallbackFormEmailModal
Array
(
    [name] => dolnovam@mail.ru
    [phone] => 87276325271
    [formname] => Обратная связь
)

------------------------

------------------------
08.01.2025 23:44:27
CallbackFormEmailModal
Array
(
    [name] => barbariska8912@gmail.com
    [phone] => 81238149328
    [formname] => Обратная связь
)

------------------------
