
------------------------
19.12.2024 0:20:17
CallbackFormEmailModal
Array
(
    [name] => jarerogusto@gmail.com
    [phone] => 84634732434
    [formname] => Обратная связь
)

------------------------

------------------------
19.12.2024 1:04:21
CallbackFormEmailModal
Array
(
    [name] => jarerogusto@gmail.com
    [phone] => 86884133739
    [formname] => Обратная связь
)

------------------------

------------------------
19.12.2024 2:51:12
CallbackFormEmailModal
Array
(
    [name] => gringo.rab@yandex.com
    [phone] => 85119928725
    [formname] => Обратная связь
)

------------------------

------------------------
19.12.2024 3:45:06
CallbackFormEmailModal
Array
(
    [name] => evgenevna5qdk@gmail.com
    [phone] => 83378728255
    [formname] => Обратная связь
)

------------------------

------------------------
19.12.2024 4:48:51
CallbackFormEmailModal
Array
(
    [name] => able@prostpro.fun
    [phone] => 84564547181
    [formname] => Обратная связь
)

------------------------

------------------------
19.12.2024 8:00:03
CallbackFormEmailModal
Array
(
    [name] => balpunarti1976@mail.ru
    [phone] => 89578859828
    [formname] => Обратная связь
)

------------------------

------------------------
19.12.2024 9:00:22
CallbackFormEmailModal
Array
(
    [name] => muhinvilii1986@list.ru
    [phone] => 88246963768
    [formname] => Обратная связь
)

------------------------

------------------------
19.12.2024 9:17:39
CallbackFormEmailModal
Array
(
    [name] => jarerogusto@gmail.com
    [phone] => 85553354673
    [formname] => Обратная связь
)

------------------------

------------------------
19.12.2024 9:22:06
CallbackFormEmailModal
Array
(
    [name] => ovnterbefjuden6138@mail.ru
    [phone] => 85986834133
    [formname] => Обратная связь
)

------------------------

------------------------
19.12.2024 10:16:30
CallbackFormEmailModal
Array
(
    [name] => saakian.vova.1985.13.9@list.ru
    [phone] => 89716291786
    [formname] => Обратная связь
)

------------------------

------------------------
19.12.2024 10:45:00
CallbackFormEmailModal
Array
(
    [name] => sevastyan.siyantsev@mail.ru
    [phone] => 85336942539
    [formname] => Обратная связь
)

------------------------

------------------------
19.12.2024 12:50:42
CallbackFormEmailModal
Array
(
    [name] => goldboy1931@gmail.com
    [phone] => 87532969589
    [formname] => Обратная связь
)

------------------------

------------------------
19.12.2024 13:06:26
CallbackFormEmailModal
Array
(
    [name] => spalstisee@inbox.ru
    [phone] => 88344366724
    [formname] => Обратная связь
)

------------------------

------------------------
19.12.2024 14:02:50
CallbackFormEmailModal
Array
(
    [name] => melvin1@xrevelxr.com
    [phone] => 88276453387
    [formname] => Обратная связь
)

------------------------

------------------------
19.12.2024 15:06:04
CallbackFormEmailModal
Array
(
    [name] => 34384@seo-ul.store
    [phone] => 87125432419
    [formname] => Обратная связь
)

------------------------

------------------------
19.12.2024 16:03:15
CallbackFormEmailModal
Array
(
    [name] => combontsegal37@mail.ru
    [phone] => 89197182593
    [formname] => Обратная связь
)

------------------------

------------------------
19.12.2024 18:08:32
CallbackFormEmailModal
Array
(
    [name] => jarerogusto@gmail.com
    [phone] => 81619552186
    [formname] => Обратная связь
)

------------------------

------------------------
19.12.2024 18:43:20
CallbackFormEmailModal
Array
(
    [name] => info@professionalseocleanup.com
    [phone] => 82872158954
    [formname] => Обратная связь
)

------------------------

------------------------
19.12.2024 18:46:18
CallbackFormEmailModal
Array
(
    [name] => jarerogusto@gmail.com
    [phone] => 87355664429
    [formname] => Обратная связь
)

------------------------

------------------------
19.12.2024 18:47:21
CallbackFormEmailModal
Array
(
    [name] => ropolkingta@mail.ru
    [phone] => 84413564973
    [formname] => Обратная связь
)

------------------------

------------------------
19.12.2024 18:48:33
CallbackFormEmailModal
Array
(
    [name] => smorarabte539@mail.ru
    [phone] => 88973981732
    [formname] => Обратная связь
)

------------------------

------------------------
19.12.2024 18:48:34
CallbackFormEmailModal
Array
(
    [name] => vanephsaipremelca@mail.ru
    [phone] => 81846427576
    [formname] => Обратная связь
)

------------------------

------------------------
19.12.2024 18:49:43
CallbackFormEmailModal
Array
(
    [name] => karina_platonova_31068@mail.ru
    [phone] => 81855479399
    [formname] => Обратная связь
)

------------------------

------------------------
19.12.2024 19:00:02
CallbackFormEmailModal
Array
(
    [name] => podaiclan_547@mail.ru
    [phone] => 85321619793
    [formname] => Обратная связь
)

------------------------

------------------------
19.12.2024 19:20:10
CallbackFormEmailModal
Array
(
    [name] => wiywgmiywel@rudiplomust.com
    [phone] => 85796263428
    [formname] => Обратная связь
)

------------------------

------------------------
19.12.2024 19:22:42
CallbackFormEmailModal
Array
(
    [name] => jarerogusto@gmail.com
    [phone] => 88612373789
    [formname] => Обратная связь
)

------------------------

------------------------
19.12.2024 19:28:06
CallbackFormEmailModal
Array
(
    [name] => armor.zmi@mail.ru
    [phone] => 84275961642
    [formname] => Обратная связь
)

------------------------

------------------------
19.12.2024 20:04:12
CallbackFormEmailModal
Array
(
    [name] => gabrielakuzmina1989@list.ru
    [phone] => 81745198487
    [formname] => Обратная связь
)

------------------------

------------------------
19.12.2024 20:45:42
CallbackFormEmailModal
Array
(
    [name] => dzhavgorat-tashdemirov1981@mail.ru
    [phone] => 82642757477
    [formname] => Обратная связь
)

------------------------

------------------------
19.12.2024 20:45:42
CallbackFormEmailModal
Array
(
    [name] => laisumake186@mail.ru
    [phone] => 82587577634
    [formname] => Обратная связь
)

------------------------

------------------------
19.12.2024 20:48:04
CallbackFormEmailModal
Array
(
    [name] => mark.moshchenskiy.90@mail.ru
    [phone] => 89675215692
    [formname] => Обратная связь
)

------------------------

------------------------
19.12.2024 20:52:27
CallbackFormEmailModal
Array
(
    [name] => zenchikova.anna@mail.ru
    [phone] => 88611244863
    [formname] => Обратная связь
)

------------------------

------------------------
19.12.2024 20:52:28
CallbackFormEmailModal
Array
(
    [name] => gulaza-khlyupko2000@mail.ru
    [phone] => 89528581723
    [formname] => Обратная связь
)

------------------------

------------------------
19.12.2024 21:01:09
CallbackFormEmailModal
Array
(
    [name] => terjetade1977@mail.ru
    [phone] => 84594477697
    [formname] => Обратная связь
)

------------------------

------------------------
19.12.2024 21:20:00
CallbackFormEmailModal
Array
(
    [name] => panova.elena.1992.23.11@bk.ru
    [phone] => 83979189367
    [formname] => Обратная связь
)

------------------------

------------------------
19.12.2024 22:06:29
CallbackFormEmailModal
Array
(
    [name] => remodemu1973@mail.ru
    [phone] => 86219241142
    [formname] => Обратная связь
)

------------------------

------------------------
19.12.2024 22:07:22
CallbackFormEmailModal
Array
(
    [name] => osipova.liliia.1986.22.12@inbox.ru
    [phone] => 89751943399
    [formname] => Обратная связь
)

------------------------

------------------------
19.12.2024 22:19:30
CallbackFormEmailModal
Array
(
    [name] => naphtloxua-5550@mail.ru
    [phone] => 85168442987
    [formname] => Обратная связь
)

------------------------

------------------------
19.12.2024 22:30:34
CallbackFormEmailModal
Array
(
    [name] => shvernik.s@mail.ru
    [phone] => 81724777278
    [formname] => Обратная связь
)

------------------------

------------------------
19.12.2024 23:58:47
CallbackFormEmailModal
Array
(
    [name] => gunlekingovertcon@mail.ru
    [phone] => 81675348493
    [formname] => Обратная связь
)

------------------------
