
------------------------
14.06.2022 2:18:12
CallbackFormEmailModal
Array
(
    [name] => mico123@forum.dk
    [phone] => 89038185549
    [formname] => Обратная связь
)

------------------------

------------------------
14.06.2022 5:27:11
CallbackFormEmailModal
Array
(
    [name] => hansschmidt@forum.dk
    [phone] => 89036159838
    [formname] => Обратная связь
)

------------------------

------------------------
14.06.2022 8:40:48
CallbackFormEmailModal
Array
(
    [name] => marathon45@forum.dk
    [phone] => 89036192197
    [formname] => Обратная связь
)

------------------------

------------------------
14.06.2022 8:41:24
CallbackFormEmailModal
Array
(
    [name] => greytownfl@gmail.com
    [phone] => 87541833389
    [formname] => Обратная связь
)

------------------------

------------------------
14.06.2022 9:16:38
CallbackFormEmailModal
Array
(
    [name] => Eric Jones
    [phone] => 555-555-1212
    [formname] => Обратная связь
)

------------------------

------------------------
14.06.2022 11:47:21
CallbackFormEmailModal
Array
(
    [name] => honeys@forum.dk
    [phone] => 89035677917
    [formname] => Обратная связь
)

------------------------

------------------------
14.06.2022 15:06:07
CallbackFormEmailModal
Array
(
    [name] => hackaq@forum.dk
    [phone] => 89037101065
    [formname] => Обратная связь
)

------------------------

------------------------
14.06.2022 15:12:17
CallbackFormEmailModal
Array
(
    [name] => no-replysuinuts@gmail.com
    [phone] => 86677123422
    [formname] => Обратная связь
)

------------------------

------------------------
14.06.2022 18:27:12
CallbackFormEmailModal
Array
(
    [name] => off_svetlana@mailme.dk
    [phone] => 89031006460
    [formname] => Обратная связь
)

------------------------

------------------------
14.06.2022 21:40:39
CallbackFormEmailModal
Array
(
    [name] => www.greenman@forum.dk
    [phone] => 89036543082
    [formname] => Обратная связь
)

------------------------
