
------------------------
04.09.2021 2:55:17
CallbackFormEmailModal
Array
(
    [name] => sseogame@mail.ru
    [phone] => 89443483619
    [formname] => Обратная связь
)

------------------------

------------------------
04.09.2021 14:51:12
CallbackFormEmailModal
Array
(
    [name] => alenchik-markina-74573@mail.ru
    [phone] => +71231234567
    [formname] => Обратная связь
)

------------------------

------------------------
04.09.2021 16:35:31
CallbackFormEmailModal
Array
(
    [name] => sseogame@mail.ru
    [phone] => 83165763878
    [formname] => Обратная связь
)

------------------------
