
------------------------
03.10.2025 0:30:42
CallbackFormEmailModal
Array
(
    [name] => bobbyFar@mail.ru
    [phone] => 85544642687
    [formname] => Обратная связь
)

------------------------

------------------------
03.10.2025 8:52:52
CallbackFormEmailModal
Array
(
    [name] => irinaxokalo@mail.ru
    [phone] => 84429476235
    [formname] => Обратная связь
)

------------------------

------------------------
03.10.2025 8:58:10
CallbackFormEmailModal
Array
(
    [name] => qqyqbuci@ronaldofmail.com
    [phone] => 87855823191
    [formname] => Обратная связь
)

------------------------

------------------------
03.10.2025 9:24:31
CallbackFormEmailModal
Array
(
    [name] => vitya-kondratev-1969@inbox.ru
    [phone] => 83496462286
    [formname] => Обратная связь
)

------------------------

------------------------
03.10.2025 9:29:24
CallbackFormEmailModal
Array
(
    [name] => kseniyanechusa@mail.ru
    [phone] => 87848614432
    [formname] => Обратная связь
)

------------------------

------------------------
03.10.2025 10:13:41
CallbackFormEmailModal
Array
(
    [name] => natulya.fedosova.96@mail.ru
    [phone] => 88778421996
    [formname] => Обратная связь
)

------------------------

------------------------
03.10.2025 10:14:24
CallbackFormEmailModal
Array
(
    [name] => wu5416370@gmail.com
    [phone] => 81599325314
    [formname] => Обратная связь
)

------------------------

------------------------
03.10.2025 10:20:32
CallbackFormEmailModal
Array
(
    [name] => dionisij.grigorev.92@mail.ru
    [phone] => 87971746497
    [formname] => Обратная связь
)

------------------------

------------------------
03.10.2025 12:04:14
CallbackFormEmailModal
Array
(
    [name] => margarita.stolyarova.26.05.1995@mail.ru
    [phone] => 87854528295
    [formname] => Обратная связь
)

------------------------

------------------------
03.10.2025 12:12:30
CallbackFormEmailModal
Array
(
    [name] => valentin.vinokurov.12.6.1968@mail.ru
    [phone] => 88729581586
    [formname] => Обратная связь
)

------------------------

------------------------
03.10.2025 12:51:01
CallbackFormEmailModal
Array
(
    [name] => dinanikolskaya99@gmail.com
    [phone] => 85158687721
    [formname] => Обратная связь
)

------------------------

------------------------
03.10.2025 13:01:19
CallbackFormEmailModal
Array
(
    [name] => yulya.onipchenko.88@mail.ru
    [phone] => 85278898998
    [formname] => Обратная связь
)

------------------------

------------------------
03.10.2025 13:07:44
CallbackFormEmailModal
Array
(
    [name] => karzhavinvenegard@mail.ru
    [phone] => 86746761671
    [formname] => Обратная связь
)

------------------------

------------------------
03.10.2025 17:57:45
CallbackFormEmailModal
Array
(
    [name] => zayejaf.uno609@gmail.com
    [phone] => 89529976679
    [formname] => Обратная связь
)

------------------------

------------------------
03.10.2025 20:17:54
CallbackFormEmailModal
Array
(
    [name] => lev26971@gmail.com
    [phone] => 85223667612
    [formname] => Обратная связь
)

------------------------

------------------------
03.10.2025 20:48:19
CallbackFormEmailModal
Array
(
    [name] => yyooourmail@gmail.com
    [phone] => 83529549718
    [formname] => Обратная связь
)

------------------------

------------------------
03.10.2025 21:53:21
CallbackFormEmailModal
Array
(
    [name] => kowziqnjp@horaredrina.shop
    [phone] => 85366545117
    [formname] => Обратная связь
)

------------------------
