
------------------------
07.10.2022 11:48:15
CallbackFormEmailModal
Array
(
    [name] => pochtov23e4@outlook.com
    [phone] => 84231526247
    [formname] => Обратная связь
)

------------------------

------------------------
07.10.2022 13:21:40
CallbackFormEmailModal
Array
(
    [name] => no-replysuinuts@gmail.com
    [phone] => 88857472533
    [formname] => Обратная связь
)

------------------------

------------------------
07.10.2022 13:47:08
CallbackFormEmailModal
Array
(
    [name] => progmikhail85@gmail.com
    [phone] => 82389135753
    [formname] => Обратная связь
)

------------------------
