
------------------------
09.02.2022 4:41:39
CallbackFormEmailModal
Array
(
    [name] => johnniehttenneyi6@gmail.com
    [phone] => johnniehttenneyi6@gmail.com
    [formname] => Обратная связь
)

------------------------

------------------------
09.02.2022 4:41:45
CallbackFormEmailModal
Array
(
    [name] => johnniehttenneyi6@gmail.com
    [phone] => johnniehttenneyi6@gmail.com
    [formname] => Обратная связь
)

------------------------

------------------------
09.02.2022 4:41:53
CallbackFormEmailModal
Array
(
    [name] => johnniehttenneyi6@gmail.com
    [phone] => johnniehttenneyi6@gmail.com
    [formname] => Обратная связь
)

------------------------

------------------------
09.02.2022 4:41:57
CallbackFormEmailModal
Array
(
    [name] => johnniehttenneyi6@gmail.com
    [phone] => johnniehttenneyi6@gmail.com
    [formname] => Обратная связь
)

------------------------

------------------------
09.02.2022 4:42:04
CallbackFormEmailModal
Array
(
    [name] => johnniehttenneyi6@gmail.com
    [phone] => johnniehttenneyi6@gmail.com
    [formname] => Обратная связь
)

------------------------

------------------------
09.02.2022 4:42:09
CallbackFormEmailModal
Array
(
    [name] => johnniehttenneyi6@gmail.com
    [phone] => johnniehttenneyi6@gmail.com
    [formname] => Обратная связь
)

------------------------

------------------------
09.02.2022 4:42:30
CallbackFormEmailModal
Array
(
    [name] => johnniehttenneyi6@gmail.com
    [phone] => johnniehttenneyi6@gmail.com
    [formname] => Обратная связь
)

------------------------

------------------------
09.02.2022 4:42:37
CallbackFormEmailModal
Array
(
    [name] => johnniehttenneyi6@gmail.com
    [phone] => johnniehttenneyi6@gmail.com
    [formname] => Обратная связь
)

------------------------

------------------------
09.02.2022 4:42:44
CallbackFormEmailModal
Array
(
    [name] => johnniehttenneyi6@gmail.com
    [phone] => johnniehttenneyi6@gmail.com
    [formname] => Обратная связь
)

------------------------

------------------------
09.02.2022 4:42:49
CallbackFormEmailModal
Array
(
    [name] => johnniehttenneyi6@gmail.com
    [phone] => johnniehttenneyi6@gmail.com
    [formname] => Обратная связь
)

------------------------

------------------------
09.02.2022 23:48:13
CallbackFormEmailModal
Array
(
    [name] => corinthfe@yahoo.com.au
    [phone] => 87447814979
    [formname] => Обратная связь
)

------------------------
