
------------------------
02.04.2025 0:53:34
CallbackFormEmailModal
Array
(
    [name] => robertJealt@mail.ru
    [phone] => 87367743432
    [formname] => Обратная связь
)

------------------------

------------------------
02.04.2025 2:35:17
CallbackFormEmailModal
Array
(
    [name] => leeebeee@web.de
    [phone] => 82391491739
    [formname] => Обратная связь
)

------------------------

------------------------
02.04.2025 2:44:38
CallbackFormEmailModal
Array
(
    [name] => juniortub@mail.ru
    [phone] => 86899213841
    [formname] => Обратная связь
)

------------------------

------------------------
02.04.2025 3:38:06
CallbackFormEmailModal
Array
(
    [name] => iryim888@web.de
    [phone] => 89612994759
    [formname] => Обратная связь
)

------------------------

------------------------
02.04.2025 4:08:01
CallbackFormEmailModal
Array
(
    [name] => bawer@getnada.com
    [phone] => 82579471292
    [formname] => Обратная связь
)

------------------------

------------------------
02.04.2025 4:58:31
CallbackFormEmailModal
Array
(
    [name] => hlpbax@web.de
    [phone] => 89338622749
    [formname] => Обратная связь
)

------------------------

------------------------
02.04.2025 6:55:47
CallbackFormEmailModal
Array
(
    [name] => a.u.8834386@gmail.com
    [phone] => 89839764673
    [formname] => Обратная связь
)

------------------------

------------------------
02.04.2025 7:07:57
CallbackFormEmailModal
Array
(
    [name] => vaisligam@gazeta.pl
    [phone] => 88451753629
    [formname] => Обратная связь
)

------------------------

------------------------
02.04.2025 7:30:06
CallbackFormEmailModal
Array
(
    [name] => kostinarogneda97@list.ru
    [phone] => 86434926395
    [formname] => Обратная связь
)

------------------------

------------------------
02.04.2025 7:30:06
CallbackFormEmailModal
Array
(
    [name] => prohor.zlobin.14.11.1987@mail.ru
    [phone] => 84448149626
    [formname] => Обратная связь
)

------------------------

------------------------
02.04.2025 7:52:06
CallbackFormEmailModal
Array
(
    [name] => kina3axjglime@bk.ru
    [phone] => 83189928197
    [formname] => Обратная связь
)

------------------------

------------------------
02.04.2025 8:03:12
CallbackFormEmailModal
Array
(
    [name] => dolnovam@mail.ru
    [phone] => 85126583911
    [formname] => Обратная связь
)

------------------------

------------------------
02.04.2025 8:20:22
CallbackFormEmailModal
Array
(
    [name] => winsatall4ever@gmail.com
    [phone] => 88165377771
    [formname] => Обратная связь
)

------------------------

------------------------
02.04.2025 8:52:50
CallbackFormEmailModal
Array
(
    [name] => ramiraselezneva19908003@bk.ru
    [phone] => 81997338554
    [formname] => Обратная связь
)

------------------------

------------------------
02.04.2025 8:56:06
CallbackFormEmailModal
Array
(
    [name] => Eric Jones
    [phone] => US
    [formname] => Обратная связь
)

------------------------

------------------------
02.04.2025 9:05:50
CallbackFormEmailModal
Array
(
    [name] => rodionoverik1735@mail.ru
    [phone] => 89822345249
    [formname] => Обратная связь
)

------------------------

------------------------
02.04.2025 9:05:50
CallbackFormEmailModal
Array
(
    [name] => saakian.vova.1985.13.9@list.ru
    [phone] => 88115743735
    [formname] => Обратная связь
)

------------------------

------------------------
02.04.2025 9:41:08
CallbackFormEmailModal
Array
(
    [name] => rhotenti-44@mail.ru
    [phone] => 82745332341
    [formname] => Обратная связь
)

------------------------

------------------------
02.04.2025 9:49:31
CallbackFormEmailModal
Array
(
    [name] => iqablala1980858@mail.ru
    [phone] => 82972646397
    [formname] => Обратная связь
)

------------------------

------------------------
02.04.2025 10:54:28
CallbackFormEmailModal
Array
(
    [name] => andrey.don.x@gmail.com
    [phone] => 88755853771
    [formname] => Обратная связь
)

------------------------

------------------------
02.04.2025 11:28:39
CallbackFormEmailModal
Array
(
    [name] => barbara.wigger68@web.de
    [phone] => 87694448723
    [formname] => Обратная связь
)

------------------------

------------------------
02.04.2025 12:27:14
CallbackFormEmailModal
Array
(
    [name] => Eric Jones
    [phone] => US
    [formname] => Обратная связь
)

------------------------

------------------------
02.04.2025 13:45:38
CallbackFormEmailModal
Array
(
    [name] => subbotinalenara88@mail.ru
    [phone] => 85544838628
    [formname] => Обратная связь
)

------------------------

------------------------
02.04.2025 13:47:15
CallbackFormEmailModal
Array
(
    [name] => danilovavita9@mail.ru
    [phone] => 89895877678
    [formname] => Обратная связь
)

------------------------

------------------------
02.04.2025 13:51:55
CallbackFormEmailModal
Array
(
    [name] => tacusol-6816@mail.ru
    [phone] => 85326129584
    [formname] => Обратная связь
)

------------------------

------------------------
02.04.2025 14:02:27
CallbackFormEmailModal
Array
(
    [name] => swKip@gmail.com
    [phone] => 83591215927
    [formname] => Обратная связь
)

------------------------

------------------------
02.04.2025 14:12:53
CallbackFormEmailModal
Array
(
    [name] => filimonov.ivan.1997.4.6@list.ru
    [phone] => 83244572629
    [formname] => Обратная связь
)

------------------------

------------------------
02.04.2025 14:19:12
CallbackFormEmailModal
Array
(
    [name] => siatimscompma1978@mail.ru
    [phone] => 86979879465
    [formname] => Обратная связь
)

------------------------

------------------------
02.04.2025 14:41:17
CallbackFormEmailModal
Array
(
    [name] => tacusol-6816@mail.ru
    [phone] => 88862623196
    [formname] => Обратная связь
)

------------------------

------------------------
02.04.2025 17:40:25
CallbackFormEmailModal
Array
(
    [name] => lombardlandi@web.de
    [phone] => 86387724338
    [formname] => Обратная связь
)

------------------------

------------------------
02.04.2025 19:15:16
CallbackFormEmailModal
Array
(
    [name] => ramiraselezneva19908003@bk.ru
    [phone] => 82846646512
    [formname] => Обратная связь
)

------------------------

------------------------
02.04.2025 20:06:29
CallbackFormEmailModal
Array
(
    [name] => mepinfenia@bk.ru
    [phone] => 88243947371
    [formname] => Обратная связь
)

------------------------

------------------------
02.04.2025 20:36:13
CallbackFormEmailModal
Array
(
    [name] => gashish-i-shishki@kypit-v-ukraine.online
    [phone] => 89551643155
    [formname] => Обратная связь
)

------------------------

------------------------
02.04.2025 21:04:21
CallbackFormEmailModal
Array
(
    [name] => mitubefhambcomp5336@mail.ru
    [phone] => 85569573323
    [formname] => Обратная связь
)

------------------------

------------------------
02.04.2025 21:47:31
CallbackFormEmailModal
Array
(
    [name] => secberconla1986@mail.ru
    [phone] => 89579631534
    [formname] => Обратная связь
)

------------------------

------------------------
02.04.2025 21:54:38
CallbackFormEmailModal
Array
(
    [name] => siatimscompma1978@mail.ru
    [phone] => 86778354542
    [formname] => Обратная связь
)

------------------------

------------------------
02.04.2025 23:31:01
CallbackFormEmailModal
Array
(
    [name] => tacusol-6816@mail.ru
    [phone] => 86832567921
    [formname] => Обратная связь
)

------------------------

------------------------
02.04.2025 23:55:42
CallbackFormEmailModal
Array
(
    [name] => tacusol-6816@mail.ru
    [phone] => 82121672771
    [formname] => Обратная связь
)

------------------------
