
------------------------
25.01.2022 7:16:27
CallbackFormEmailModal
Array
(
    [name] => randaallsweeet@gmail.com
    [phone] => 86428932218
    [formname] => Обратная связь
)

------------------------

------------------------
25.01.2022 8:02:35
CallbackFormEmailModal
Array
(
    [name] => Людмила
    [phone] => 79202722754
    [formname] => Обратная связь
)

------------------------

------------------------
25.01.2022 11:29:00
CallbackFormEmailModal
Array
(
    [name] => itserglapin@gmail.com
    [phone] => 88866541986
    [formname] => Обратная связь
)

------------------------

------------------------
25.01.2022 13:46:42
CallbackFormEmailModal
Array
(
    [name] => itserglapin@gmail.com
    [phone] => 82147189971
    [formname] => Обратная связь
)

------------------------

------------------------
25.01.2022 15:21:58
CallbackFormEmailModal
Array
(
    [name] => tyrkestanskiidanysja1988@rambler.ru
    [phone] => 123456789
    [formname] => Обратная связь
)

------------------------
