
------------------------
30.07.2025 4:32:46
CallbackFormEmailModal
Array
(
    [name] => tipanasotemthia@mail.ru
    [phone] => 85169237557
    [formname] => Обратная связь
)

------------------------

------------------------
30.07.2025 4:53:14
CallbackFormEmailModal
Array
(
    [name] => sashunya.sergeev.2022@list.ru
    [phone] => 85667521153
    [formname] => Обратная связь
)

------------------------

------------------------
30.07.2025 5:00:31
CallbackFormEmailModal
Array
(
    [name] => mevimuren1970374@mail.ru
    [phone] => 89617776987
    [formname] => Обратная связь
)

------------------------

------------------------
30.07.2025 5:00:46
CallbackFormEmailModal
Array
(
    [name] => halcheni1990@mail.ru
    [phone] => 85969987286
    [formname] => Обратная связь
)

------------------------

------------------------
30.07.2025 6:11:37
CallbackFormEmailModal
Array
(
    [name] => eprovbelwha@mail.ru
    [phone] => 89567772291
    [formname] => Обратная связь
)

------------------------

------------------------
30.07.2025 6:22:29
CallbackFormEmailModal
Array
(
    [name] => mamedov.edgar.1992.3.3@inbox.ru
    [phone] => 88127129959
    [formname] => Обратная связь
)

------------------------

------------------------
30.07.2025 6:30:02
CallbackFormEmailModal
Array
(
    [name] => eepovda@bk.ru
    [phone] => 89732984225
    [formname] => Обратная связь
)

------------------------

------------------------
30.07.2025 7:09:56
CallbackFormEmailModal
Array
(
    [name] => karzhavinvenegard@mail.ru
    [phone] => 89368227241
    [formname] => Обратная связь
)

------------------------

------------------------
30.07.2025 7:19:35
CallbackFormEmailModal
Array
(
    [name] => pencucon_97@mail.ru
    [phone] => 82588585232
    [formname] => Обратная связь
)

------------------------

------------------------
30.07.2025 8:17:30
CallbackFormEmailModal
Array
(
    [name] => arturgorz2o3@bk.ru
    [phone] => 86229864225
    [formname] => Обратная связь
)

------------------------

------------------------
30.07.2025 10:05:15
CallbackFormEmailModal
Array
(
    [name] => parmazanov@gmail.com
    [phone] => 87758319938
    [formname] => Обратная связь
)

------------------------

------------------------
30.07.2025 10:08:41
CallbackFormEmailModal
Array
(
    [name] => rubbyroyd24@gmail.com
    [phone] => 86567584457
    [formname] => Обратная связь
)

------------------------

------------------------
30.07.2025 11:18:20
CallbackFormEmailModal
Array
(
    [name] => lashawndaqkpuc@mail.ru
    [phone] => 86412976754
    [formname] => Обратная связь
)

------------------------

------------------------
30.07.2025 11:29:52
CallbackFormEmailModal
Array
(
    [name] => pestovafivr1985@mail.ru
    [phone] => 86512933679
    [formname] => Обратная связь
)

------------------------

------------------------
30.07.2025 12:32:53
CallbackFormEmailModal
Array
(
    [name] => karpeciktibas19915@bk.ru
    [phone] => 88981158228
    [formname] => Обратная связь
)

------------------------

------------------------
30.07.2025 16:04:43
CallbackFormEmailModal
Array
(
    [name] => yandexmarkets@anonmails.de
    [phone] => 85447373147
    [formname] => Обратная связь
)

------------------------

------------------------
30.07.2025 17:21:31
CallbackFormEmailModal
Array
(
    [name] => velislavjichastov1986@mail.ru
    [phone] => 81385517419
    [formname] => Обратная связь
)

------------------------

------------------------
30.07.2025 17:21:35
CallbackFormEmailModal
Array
(
    [name] => chofitensatomar@mail.ru
    [phone] => 85493592624
    [formname] => Обратная связь
)

------------------------

------------------------
30.07.2025 18:09:05
CallbackFormEmailModal
Array
(
    [name] => eprovbelwha@mail.ru
    [phone] => 81688945319
    [formname] => Обратная связь
)

------------------------
