
------------------------
01.11.2022 3:53:43
CallbackFormEmailModal
Array
(
    [name] => Eric Jones
    [phone] => 555-555-1212
    [formname] => Обратная связь
)

------------------------

------------------------
01.11.2022 5:48:35
CallbackFormEmailModal
Array
(
    [name] => l.u.k.i.no.v.ic.h20.2.21.35.5@gmail.com

    [phone] => 86654273691
    [formname] => Обратная связь
)

------------------------

------------------------
01.11.2022 8:09:20
CallbackFormEmailModal
Array
(
    [name] => e.m.amon.ova5.62@gmail.com
    [phone] => 88223248946
    [formname] => Обратная связь
)

------------------------

------------------------
01.11.2022 10:35:56
Order
Array
(
    [name] => Рупицев Иван
    [email] => rip1979@list.ru
    [phone] => +7-939-705-2717
    [comment] => Лестничная ступень Р 33х33/30х3 Zn 1000х270 мм, кол-во: 1, цена: 2950руб.
Способ доставки: Доставка автотранспортом поставщика
Выберите способ оплаты: Оплата на расчетный счет организации
Адрес доставки: г. Подольск ул. Кирова д. 21

Комментарий к заказу: 

    [formname] => Заказ из корзины
    [fields] => Array
        (
            [price] => 135700
        )

)

------------------------

------------------------
01.11.2022 11:18:06
Order
Array
(
    [name] => Егоров Василий Юрьевич
    [email] => egorow.vasilij@yandex.ru
    [phone] => +7-915-702-7459
    [comment] => Лестничная ступень SР 34х38/40х3 Zn 1200х305 мм, кол-во: 1, цена: 3150руб.
Способ доставки: Доставка автотранспортом поставщика
Выберите способ оплаты: Оплата наличным
Адрес доставки: Выбран пункт выдачи заказа СДЭК DBN5

Комментарий к заказу: 

    [formname] => Заказ из корзины
    [fields] => Array
        (
            [price] => 3150
        )

)

------------------------

------------------------
01.11.2022 21:24:31
CallbackFormEmailModal
Array
(
    [name] => do.gon.k.i.n.a.v34.@gmail.com
    [phone] => 89773242899
    [formname] => Обратная связь
)

------------------------
