
------------------------
21.05.2022 3:20:18
CallbackFormEmailModal
Array
(
    [name] => griffica92@yahoo.com
    [phone] => 89037285705
    [formname] => Обратная связь
)

------------------------

------------------------
21.05.2022 9:40:07
CallbackFormEmailModal
Array
(
    [name] => wes.heidenreich@gmail.com
    [phone] => 89035737536
    [formname] => Обратная связь
)

------------------------

------------------------
21.05.2022 12:53:31
CallbackFormEmailModal
Array
(
    [name] => czejtlina.agata@inbox.ru
    [phone] => 85416881779
    [formname] => Обратная связь
)

------------------------

------------------------
21.05.2022 15:01:10
CallbackFormEmailModal
Array
(
    [name] => sclub7_girl2001@yahoo.com
    [phone] => 89035239932
    [formname] => Обратная связь
)

------------------------

------------------------
21.05.2022 17:20:09
CallbackFormEmailModal
Array
(
    [name] => erick.gracia@hotmail.com
    [phone] => 89034069060
    [formname] => Обратная связь
)

------------------------

------------------------
21.05.2022 21:23:32
CallbackFormEmailModal
Array
(
    [name] => Agemard@newonlinemail.xyz
    [phone] => 87451926251
    [formname] => Обратная связь
)

------------------------

------------------------
21.05.2022 23:02:10
CallbackFormEmailModal
Array
(
    [name] => xyfunction@yahoo.com
    [phone] => 89030738594
    [formname] => Обратная связь
)

------------------------
