
------------------------
06.02.2023 1:04:17
CallbackFormEmailModal
Array
(
    [name] => bbaz24888acb@bk.ru
    [phone] => 79268489520
    [formname] => Обратная связь
)

------------------------

------------------------
06.02.2023 4:41:54
CallbackFormEmailModal
Array
(
    [name] => elfridabolshakova901892@mail.ru
    [phone] => 84667817983
    [formname] => Обратная связь
)

------------------------

------------------------
06.02.2023 5:19:30
CallbackFormEmailModal
Array
(
    [name] => Krystin Brisley
    [phone] => ShandiRufo@gmail.com
    [formname] => Обратная связь
)

------------------------

------------------------
06.02.2023 9:19:45
CallbackFormEmailModal
Array
(
    [name] => raznitsadraznitsa@mail.ru
    [phone] => 85158819191
    [formname] => Обратная связь
)

------------------------

------------------------
06.02.2023 12:06:45
Order
Array
(
    [name] => Алексей Шевченко
    [email] => a.shevchenko@sarmf.ru
    [phone] => +7-906-307-1862
    [comment] => ПромышленныйТРАП W300 с горизонтальным отводом DN 110, кол-во: 1, цена: 12800руб.
Способ доставки: Самовывоз со склада
Выберите способ оплаты: Оплата наличным

Комментарий к заказу: 

    [formname] => Заказ из корзины
    [fields] => Array
        (
            [price] => 38400
        )

)

------------------------

------------------------
06.02.2023 16:46:55
CallbackFormEmailModal
Array
(
    [name] => Eric Jones
    [phone] => 555-555-1212
    [formname] => Обратная связь
)

------------------------

------------------------
06.02.2023 19:35:12
CallbackFormEmailModal
Array
(
    [name] => l7e9y@course-fitness.com
    [phone] => 84633136638
    [formname] => Обратная связь
)

------------------------

------------------------
06.02.2023 20:21:24
CallbackFormEmailModal
Array
(
    [name] => BrodNdrean@pochtaserver.ru
    [phone] => 83691713752
    [formname] => Обратная связь
)

------------------------

------------------------
06.02.2023 21:43:30
CallbackFormEmailModal
Array
(
    [name] => egori.nosovpjs@mail.ru
    [phone] => 83169337947
    [formname] => Обратная связь
)

------------------------

------------------------
06.02.2023 23:33:04
CallbackFormEmailModal
Array
(
    [name] => s4itryn@yandex.ru
    [phone] => 84358596166
    [formname] => Обратная связь
)

------------------------
