
------------------------
26.10.2025 1:57:30
CallbackFormEmailModal
Array
(
    [name] => info@professionalseocleanup.com
    [phone] => 88198112835
    [formname] => Обратная связь
)

------------------------

------------------------
26.10.2025 2:40:47
CallbackFormEmailModal
Array
(
    [name] => Sheri Buford
    [phone] => Sweden
    [formname] => Обратная связь
)

------------------------

------------------------
26.10.2025 4:11:56
CallbackFormEmailModal
Array
(
    [name] => kskoxim@inbox.ru
    [phone] => 88972497939
    [formname] => Обратная связь
)

------------------------

------------------------
26.10.2025 4:15:10
CallbackFormEmailModal
Array
(
    [name] => pavelpapebi@mail.ru
    [phone] => 87555784989
    [formname] => Обратная связь
)

------------------------

------------------------
26.10.2025 4:23:32
CallbackFormEmailModal
Array
(
    [name] => yulyagabipo@mail.ru
    [phone] => 87473414158
    [formname] => Обратная связь
)

------------------------

------------------------
26.10.2025 4:46:57
CallbackFormEmailModal
Array
(
    [name] => nadezhda_smirnova_26801@mail.ru
    [phone] => 82828288941
    [formname] => Обратная связь
)

------------------------

------------------------
26.10.2025 4:48:40
CallbackFormEmailModal
Array
(
    [name] => aleksandrhasuchu@mail.ru
    [phone] => 85757581767
    [formname] => Обратная связь
)

------------------------

------------------------
26.10.2025 4:50:42
CallbackFormEmailModal
Array
(
    [name] => lashawndaqkpuc@mail.ru
    [phone] => 82693863895
    [formname] => Обратная связь
)

------------------------

------------------------
26.10.2025 5:34:28
CallbackFormEmailModal
Array
(
    [name] => pencucon_97@mail.ru
    [phone] => 89723592999
    [formname] => Обратная связь
)

------------------------

------------------------
26.10.2025 5:34:29
CallbackFormEmailModal
Array
(
    [name] => eprovbelwha@mail.ru
    [phone] => 88138436357
    [formname] => Обратная связь
)

------------------------

------------------------
26.10.2025 5:38:37
CallbackFormEmailModal
Array
(
    [name] => dionisij.grigorev.92@mail.ru
    [phone] => 86145131274
    [formname] => Обратная связь
)

------------------------

------------------------
26.10.2025 6:21:35
CallbackFormEmailModal
Array
(
    [name] => profconbu_64@mail.ru
    [phone] => 85812692627
    [formname] => Обратная связь
)

------------------------

------------------------
26.10.2025 6:21:49
CallbackFormEmailModal
Array
(
    [name] => karzhavinvenegard@mail.ru
    [phone] => 87837943387
    [formname] => Обратная связь
)

------------------------

------------------------
26.10.2025 6:39:20
CallbackFormEmailModal
Array
(
    [name] => tacusol-6816@mail.ru
    [phone] => 82237875183
    [formname] => Обратная связь
)

------------------------

------------------------
26.10.2025 7:04:33
CallbackFormEmailModal
Array
(
    [name] => wqpndprj@tubermail.com
    [phone] => 86181496179
    [formname] => Обратная связь
)

------------------------

------------------------
26.10.2025 7:10:29
CallbackFormEmailModal
Array
(
    [name] => yaroslav.sevastyanov.1988@mail.ru
    [phone] => 82857534667
    [formname] => Обратная связь
)

------------------------

------------------------
26.10.2025 8:43:04
CallbackFormEmailModal
Array
(
    [name] => mamedov.edgar.1992.3.3@inbox.ru
    [phone] => 84282389478
    [formname] => Обратная связь
)

------------------------

------------------------
26.10.2025 9:08:27
CallbackFormEmailModal
Array
(
    [name] => martakalinina84@mail.ru
    [phone] => 82439635274
    [formname] => Обратная связь
)

------------------------

------------------------
26.10.2025 9:09:16
CallbackFormEmailModal
Array
(
    [name] => erangifest1980@mail.ru
    [phone] => 89956132545
    [formname] => Обратная связь
)

------------------------

------------------------
26.10.2025 9:38:58
CallbackFormEmailModal
Array
(
    [name] => margarita.stolyarova.26.05.1995@mail.ru
    [phone] => 81173264439
    [formname] => Обратная связь
)

------------------------

------------------------
26.10.2025 9:40:01
CallbackFormEmailModal
Array
(
    [name] => ponomaryov.borya.1983@bk.ru
    [phone] => 86684613985
    [formname] => Обратная связь
)

------------------------

------------------------
26.10.2025 9:42:36
CallbackFormEmailModal
Array
(
    [name] => sinevhabibi664@bk.ru
    [phone] => 87768318879
    [formname] => Обратная связь
)

------------------------

------------------------
26.10.2025 10:06:57
CallbackFormEmailModal
Array
(
    [name] => sinevhabibi664@bk.ru
    [phone] => 85322431724
    [formname] => Обратная связь
)

------------------------

------------------------
26.10.2025 11:38:25
CallbackFormEmailModal
Array
(
    [name] => galyazafuna@mail.ru
    [phone] => 85788192787
    [formname] => Обратная связь
)

------------------------

------------------------
26.10.2025 11:46:15
CallbackFormEmailModal
Array
(
    [name] => yulyagabipo@mail.ru
    [phone] => 88368218179
    [formname] => Обратная связь
)

------------------------

------------------------
26.10.2025 11:46:30
CallbackFormEmailModal
Array
(
    [name] => deacren@mail.ru
    [phone] => 81551517198
    [formname] => Обратная связь
)

------------------------

------------------------
26.10.2025 11:57:00
CallbackFormEmailModal
Array
(
    [name] => gunlekingovertcon@mail.ru
    [phone] => 86633195241
    [formname] => Обратная связь
)

------------------------

------------------------
26.10.2025 13:01:08
Order
Array
(
    [name] => Санферова Анна Сергеевна
    [email] => annasanferova@gmail.com
    [phone] => +7-925-500-7488
    [comment] => Решетчатый настил P 33х11/30х2 Zn 900х1000 мм, кол-во: 1, цена: 7930руб.
Способ доставки: Доставка автотранспортом поставщика
Выберите способ оплаты: Оплата наличным
Адрес доставки: Москва , Милашенкова дом 16 офис 4

Комментарий к заказу: 

    [formname] => Заказ из корзины
    [fields] => Array
        (
            [price] => 7930
        )

)

------------------------

------------------------
26.10.2025 15:44:46
CallbackFormEmailModal
Array
(
    [name] => maksimgromov@warmmap.ru
    [phone] => 81469594649
    [formname] => Обратная связь
)

------------------------

------------------------
26.10.2025 15:52:44
CallbackFormEmailModal
Array
(
    [name] => annachusuha@mail.ru
    [phone] => 87983385259
    [formname] => Обратная связь
)

------------------------

------------------------
26.10.2025 19:21:18
CallbackFormEmailModal
Array
(
    [name] => toktobayeva.nata@mail.ru
    [phone] => 85384583969
    [formname] => Обратная связь
)

------------------------

------------------------
26.10.2025 20:15:43
CallbackFormEmailModal
Array
(
    [name] => hrabrgulyaev1996673@mail.ru
    [phone] => 87322986167
    [formname] => Обратная связь
)

------------------------

------------------------
26.10.2025 20:17:16
CallbackFormEmailModal
Array
(
    [name] => podaiclan_547@mail.ru
    [phone] => 81233748128
    [formname] => Обратная связь
)

------------------------

------------------------
26.10.2025 20:21:19
CallbackFormEmailModal
Array
(
    [name] => prohor.zlobin.14.11.1987@mail.ru
    [phone] => 89556164614
    [formname] => Обратная связь
)

------------------------

------------------------
26.10.2025 21:04:08
CallbackFormEmailModal
Array
(
    [name] => veronika.goryunova.06.09.2001@mail.ru
    [phone] => 88597592877
    [formname] => Обратная связь
)

------------------------

------------------------
26.10.2025 23:01:42
CallbackFormEmailModal
Array
(
    [name] => mr.markus.virtanen@gmail.com
    [phone] => 89779397125
    [formname] => Обратная связь
)

------------------------

------------------------
26.10.2025 23:36:10
CallbackFormEmailModal
Array
(
    [name] => sergowor.ki.ng7.1.8@gmail.com
    [phone] => 85552329515
    [formname] => Обратная связь
)

------------------------
