
------------------------
16.11.2025 2:32:58
CallbackFormEmailModal
Array
(
    [name] => no-reply0764@gmail.com
    [phone] => 82248365853
    [formname] => Обратная связь
)

------------------------

------------------------
16.11.2025 4:21:45
CallbackFormEmailModal
Array
(
    [name] => pi443@melssa.com
    [phone] => 88796767918
    [formname] => Обратная связь
)

------------------------

------------------------
16.11.2025 5:53:12
CallbackFormEmailModal
Array
(
    [name] => anna.shapiro.78@mail.ru
    [phone] => 81885499151
    [formname] => Обратная связь
)

------------------------

------------------------
16.11.2025 6:17:44
CallbackFormEmailModal
Array
(
    [name] => gunlekingovertcon@mail.ru
    [phone] => 89853841291
    [formname] => Обратная связь
)

------------------------

------------------------
16.11.2025 6:20:53
CallbackFormEmailModal
Array
(
    [name] => martakalinina84@mail.ru
    [phone] => 85529496698
    [formname] => Обратная связь
)

------------------------

------------------------
16.11.2025 6:26:48
CallbackFormEmailModal
Array
(
    [name] => deacren@mail.ru
    [phone] => 83176169798
    [formname] => Обратная связь
)

------------------------

------------------------
16.11.2025 6:44:26
CallbackFormEmailModal
Array
(
    [name] => varvara.nikolaeva.23.8.1964@mail.ru
    [phone] => 88638569574
    [formname] => Обратная связь
)

------------------------

------------------------
16.11.2025 6:48:51
CallbackFormEmailModal
Array
(
    [name] => konstantinrovini@mail.ru
    [phone] => 82896538263
    [formname] => Обратная связь
)

------------------------

------------------------
16.11.2025 6:55:41
CallbackFormEmailModal
Array
(
    [name] => vasyukov.mityusha@list.ru
    [phone] => 84718836899
    [formname] => Обратная связь
)

------------------------

------------------------
16.11.2025 8:15:42
CallbackFormEmailModal
Array
(
    [name] => isabelladaM86955@hotmail.com
    [phone] => 87192177678
    [formname] => Обратная связь
)

------------------------

------------------------
16.11.2025 11:25:58
CallbackFormEmailModal
Array
(
    [name] => vasyukov.mityusha@list.ru
    [phone] => 87127844841
    [formname] => Обратная связь
)

------------------------

------------------------
16.11.2025 11:53:04
CallbackFormEmailModal
Array
(
    [name] => ilnanmode1973@mail.ru
    [phone] => 81519255354
    [formname] => Обратная связь
)

------------------------

------------------------
16.11.2025 16:08:32
CallbackFormEmailModal
Array
(
    [name] => inna.kortneva.69@mail.ru
    [phone] => 88273615522
    [formname] => Обратная связь
)

------------------------

------------------------
16.11.2025 16:56:21
CallbackFormEmailModal
Array
(
    [name] => akindinkudryashov6842@mail.ru
    [phone] => 84626792341
    [formname] => Обратная связь
)

------------------------

------------------------
16.11.2025 17:09:44
CallbackFormEmailModal
Array
(
    [name] => amabil.6002@mail.ru
    [phone] => 83629445145
    [formname] => Обратная связь
)

------------------------

------------------------
16.11.2025 18:54:33
CallbackFormEmailModal
Array
(
    [name] => antonwefulu@mail.ru
    [phone] => 89251522422
    [formname] => Обратная связь
)

------------------------

------------------------
16.11.2025 18:54:48
CallbackFormEmailModal
Array
(
    [name] => stasbogeli@mail.ru
    [phone] => 87912165422
    [formname] => Обратная связь
)

------------------------

------------------------
16.11.2025 19:09:53
CallbackFormEmailModal
Array
(
    [name] => kisteedward@gmail.com
    [phone] => 81613468668
    [formname] => Обратная связь
)

------------------------

------------------------
16.11.2025 19:46:22
CallbackFormEmailModal
Array
(
    [name] => profconbu_64@mail.ru
    [phone] => 87775399716
    [formname] => Обратная связь
)

------------------------
