
------------------------
22.07.2024 2:00:40
CallbackFormEmailModal
Array
(
    [name] => ad.a.ng.a.t.es4@gmail.com
    [phone] => 89245669962
    [formname] => Обратная связь
)

------------------------

------------------------
22.07.2024 3:03:45
CallbackFormEmailModal
Array
(
    [name] => rabochie-sp23b@gmail.com
    [phone] => 84763352779
    [formname] => Обратная связь
)

------------------------

------------------------
22.07.2024 4:38:39
CallbackFormEmailModal
Array
(
    [name] => brudermanni2024@gmail.com
    [phone] => 87252744193
    [formname] => Обратная связь
)

------------------------

------------------------
22.07.2024 7:38:15
CallbackFormEmailModal
Array
(
    [name] => nasa@meteo.gold
    [phone] => 85624933381
    [formname] => Обратная связь
)

------------------------

------------------------
22.07.2024 8:42:26
CallbackFormEmailModal
Array
(
    [name] => wx12lihe[exygyzotorygetit,2,5]@wxlihe169.com
    [phone] => 84718791997
    [formname] => Обратная связь
)

------------------------

------------------------
22.07.2024 9:51:47
CallbackFormEmailModal
Array
(
    [name] => mdsa3il2@gmail.com
    [phone] => 81458985916
    [formname] => Обратная связь
)

------------------------

------------------------
22.07.2024 13:41:50
CallbackFormEmailModal
Array
(
    [name] => barbariska8912@gmail.com
    [phone] => 88176955261
    [formname] => Обратная связь
)

------------------------

------------------------
22.07.2024 14:05:29
CallbackFormEmailModal
Array
(
    [name] => kacaxo5216@sablecc.com
    [phone] => 88845999225
    [formname] => Обратная связь
)

------------------------

------------------------
22.07.2024 18:22:05
CallbackFormEmailModal
Array
(
    [name] => ekopzebta@yandex.ru
    [phone] => 82546462929
    [formname] => Обратная связь
)

------------------------

------------------------
22.07.2024 19:03:57
CallbackFormEmailModal
Array
(
    [name] => margitmaace@onet.pl
    [phone] => 82487832237
    [formname] => Обратная связь
)

------------------------

------------------------
22.07.2024 20:06:48
CallbackFormEmailModal
Array
(
    [name] => provefgyidi@mailcos.site

    [phone] => 81973687793
    [formname] => Обратная связь
)

------------------------

------------------------
22.07.2024 22:58:42
CallbackFormEmailModal
Array
(
    [name] => mdsa3il2@gmail.com
    [phone] => 85562721263
    [formname] => Обратная связь
)

------------------------
