
------------------------
01.04.2024 3:01:47
CallbackFormEmailModal
Array
(
    [name] => lucido.leinteract@gmail.com
    [phone] => 88281729526
    [formname] => Обратная связь
)

------------------------

------------------------
01.04.2024 7:27:10
CallbackFormEmailModal
Array
(
    [name] => sssbbbddd777@gmail.com
    [phone] => 89772151327
    [formname] => Обратная связь
)

------------------------

------------------------
01.04.2024 10:08:34
CallbackFormEmailModal
Array
(
    [name] => clayd.uf.f.y51@gmail.com
    [phone] => 87862317772
    [formname] => Обратная связь
)

------------------------

------------------------
01.04.2024 10:15:19
CallbackFormEmailModal
Array
(
    [name] => mitrets2@gmail.com
    [phone] => 82566343511
    [formname] => Обратная связь
)

------------------------

------------------------
01.04.2024 15:02:20
CallbackFormEmailModal
Array
(
    [name] => sochidaily@rambler.ru
    [phone] => 81857512165
    [formname] => Обратная связь
)

------------------------

------------------------
01.04.2024 20:43:59
CallbackFormEmailModal
Array
(
    [name] => xrumerbb02@gmail.com
    [phone] => 81898922416
    [formname] => Обратная связь
)

------------------------

------------------------
01.04.2024 22:21:21
CallbackFormEmailModal
Array
(
    [name] => sturrockqoc70@gmail.com
    [phone] => 83244567529
    [formname] => Обратная связь
)

------------------------
