
------------------------
27.09.2024 1:06:30
CallbackFormEmailModal
Array
(
    [name] => 1q0nbg4km@mozmail.com
    [phone] => 87788469335
    [formname] => Обратная связь
)

------------------------

------------------------
27.09.2024 3:52:09
CallbackFormEmailModal
Array
(
    [name] => bhtcryifysa@xruma.store
    [phone] => 89588719512
    [formname] => Обратная связь
)

------------------------

------------------------
27.09.2024 4:11:42
CallbackFormEmailModal
Array
(
    [name] => Eric Jones
    [phone] => US
    [formname] => Обратная связь
)

------------------------

------------------------
27.09.2024 12:41:54
CallbackFormEmailModal
Array
(
    [name] => harrietmiah004@gmail.com
    [phone] => 89317857899
    [formname] => Обратная связь
)

------------------------

------------------------
27.09.2024 18:11:17
CallbackFormEmailModal
Array
(
    [name] => yjdisantoyjdissemin@gmail.com
    [phone] => 85183427322
    [formname] => Обратная связь
)

------------------------

------------------------
27.09.2024 18:11:53
CallbackFormEmailModal
Array
(
    [name] => youuumrmail@gmail.com
    [phone] => 88118932944
    [formname] => Обратная связь
)

------------------------

------------------------
27.09.2024 19:46:16
CallbackFormEmailModal
Array
(
    [name] => junesenicke@gmail.com
    [phone] => 89231824857
    [formname] => Обратная связь
)

------------------------

------------------------
27.09.2024 21:10:48
CallbackFormEmailModal
Array
(
    [name] => sondbwmjyel@rudiplomust.com
    [phone] => 82747346898
    [formname] => Обратная связь
)

------------------------

------------------------
27.09.2024 22:14:46
CallbackFormEmailModal
Array
(
    [name] => ntalas2@xrevelxr.com
    [phone] => 86677344463
    [formname] => Обратная связь
)

------------------------

------------------------
27.09.2024 23:02:44
CallbackFormEmailModal
Array
(
    [name] => patricia59lopez9yd@outlook.com
    [phone] => 87777695648
    [formname] => Обратная связь
)

------------------------
