
------------------------
14.02.2023 3:36:27
CallbackFormEmailModal
Array
(
    [name] => ismabaevbell@rambler.ru
    [phone] => 85321556752
    [formname] => Обратная связь
)

------------------------

------------------------
14.02.2023 4:03:24
CallbackFormEmailModal
Array
(
    [name] => da9955xfhfhx@gmail.com
    [phone] => 89786167531
    [formname] => Обратная связь
)

------------------------

------------------------
14.02.2023 11:09:56
CallbackFormEmailModal
Array
(
    [name] => l.uk.in.o.vic.h.2022.13.5.5@gmail.com

    [phone] => 88261293982
    [formname] => Обратная связь
)

------------------------

------------------------
14.02.2023 17:54:04
CallbackFormEmailModal
Array
(
    [name] => kentonpaige@smilietoys.com
    [phone] => 88856576586
    [formname] => Обратная связь
)

------------------------

------------------------
14.02.2023 22:52:07
CallbackFormEmailModal
Array
(
    [name] => dariusz.wolerski@interia.pl
    [phone] => 84131424863
    [formname] => Обратная связь
)

------------------------

------------------------
14.02.2023 23:05:19
CallbackFormEmailModal
Array
(
    [name] => jajyisalas@outlook.com
    [phone] => jajyisalas@outlook.com
    [formname] => Обратная связь
)

------------------------

------------------------
14.02.2023 23:05:22
CallbackFormEmailModal
Array
(
    [name] => jajyisalas@outlook.com
    [phone] => jajyisalas@outlook.com
    [formname] => Обратная связь
)

------------------------

------------------------
14.02.2023 23:06:44
CallbackFormEmailModal
Array
(
    [name] => jajyisalas@outlook.com
    [phone] => jajyisalas@outlook.com
    [formname] => Обратная связь
)

------------------------

------------------------
14.02.2023 23:06:47
CallbackFormEmailModal
Array
(
    [name] => jajyisalas@outlook.com
    [phone] => jajyisalas@outlook.com
    [formname] => Обратная связь
)

------------------------

------------------------
14.02.2023 23:08:18
CallbackFormEmailModal
Array
(
    [name] => jajyisalas@outlook.com
    [phone] => jajyisalas@outlook.com
    [formname] => Обратная связь
)

------------------------

------------------------
14.02.2023 23:08:21
CallbackFormEmailModal
Array
(
    [name] => jajyisalas@outlook.com
    [phone] => jajyisalas@outlook.com
    [formname] => Обратная связь
)

------------------------

------------------------
14.02.2023 23:10:30
CallbackFormEmailModal
Array
(
    [name] => jajyisalas@outlook.com
    [phone] => jajyisalas@outlook.com
    [formname] => Обратная связь
)

------------------------

------------------------
14.02.2023 23:10:34
CallbackFormEmailModal
Array
(
    [name] => jajyisalas@outlook.com
    [phone] => jajyisalas@outlook.com
    [formname] => Обратная связь
)

------------------------

------------------------
14.02.2023 23:11:39
CallbackFormEmailModal
Array
(
    [name] => jajyisalas@outlook.com
    [phone] => jajyisalas@outlook.com
    [formname] => Обратная связь
)

------------------------

------------------------
14.02.2023 23:11:42
CallbackFormEmailModal
Array
(
    [name] => jajyisalas@outlook.com
    [phone] => jajyisalas@outlook.com
    [formname] => Обратная связь
)

------------------------

------------------------
14.02.2023 23:12:40
CallbackFormEmailModal
Array
(
    [name] => jajyisalas@outlook.com
    [phone] => jajyisalas@outlook.com
    [formname] => Обратная связь
)

------------------------

------------------------
14.02.2023 23:12:43
CallbackFormEmailModal
Array
(
    [name] => jajyisalas@outlook.com
    [phone] => jajyisalas@outlook.com
    [formname] => Обратная связь
)

------------------------

------------------------
14.02.2023 23:13:55
CallbackFormEmailModal
Array
(
    [name] => jajyisalas@outlook.com
    [phone] => jajyisalas@outlook.com
    [formname] => Обратная связь
)

------------------------

------------------------
14.02.2023 23:13:59
CallbackFormEmailModal
Array
(
    [name] => jajyisalas@outlook.com
    [phone] => jajyisalas@outlook.com
    [formname] => Обратная связь
)

------------------------
