
------------------------
27.10.2023 1:40:06
CallbackFormEmailModal
Array
(
    [name] => gflemcihwki@poochta.ru
    [phone] => 85346868847
    [formname] => Обратная связь
)

------------------------

------------------------
27.10.2023 2:37:33
CallbackFormEmailModal
Array
(
    [name] => dd2@flt8210.gm17.mailvista.site
    [phone] => 82226452341
    [formname] => Обратная связь
)

------------------------

------------------------
27.10.2023 5:37:24
CallbackFormEmailModal
Array
(
    [name] => vqjhobrt@mail.ru
    [phone] => +791234567733
    [formname] => Обратная связь
)

------------------------

------------------------
27.10.2023 7:19:11
CallbackFormEmailModal
Array
(
    [name] => lyonsspencer4@gmail.com
    [phone] => 85787247658
    [formname] => Обратная связь
)

------------------------

------------------------
27.10.2023 9:18:44
CallbackFormEmailModal
Array
(
    [name] => goldieyv69@yoshito5810.akio40.drkoop.site
    [phone] => 86666878584
    [formname] => Обратная связь
)

------------------------

------------------------
27.10.2023 14:58:56
Order
Array
(
    [name] => Переслегин Николай Владимирович
    [email] => a.safroshkin@kleinewelt.ru
    [phone] => +7-926-707-7216
    [comment] => Решетчатый настил P 33х11/30х2 Zn 900х1000 мм, кол-во: 1, цена: 7930руб.
Способ доставки: Доставка автотранспортом поставщика
Выберите способ оплаты: Оплата на расчетный счет организации
Адрес доставки: Тверская область, Конаковский муниципальный округ, деревня Весна, Сиреневая улица, дом 17

Комментарий к заказу: 

    [formname] => Заказ из корзины
    [fields] => Array
        (
            [price] => 166530
        )

)

------------------------

------------------------
27.10.2023 15:37:25
CallbackFormEmailModal
Array
(
    [name] => wubiyrbeyEa@bobbor.store
    [phone] => 84238195656
    [formname] => Обратная связь
)

------------------------

------------------------
27.10.2023 15:44:49
CallbackFormEmailModal
Array
(
    [name] => iplqfxupqEa@bobbor.store
    [phone] => 84879953926
    [formname] => Обратная связь
)

------------------------

------------------------
27.10.2023 17:09:55
CallbackFormEmailModal
Array
(
    [name] => ljdxunzrzEa@bobbor.store
    [phone] => 88939962377
    [formname] => Обратная связь
)

------------------------

------------------------
27.10.2023 17:35:17
CallbackFormEmailModal
Array
(
    [name] => lenagazprom@gmail.com
    [phone] => 88858886784
    [formname] => Обратная связь
)

------------------------

------------------------
27.10.2023 17:58:24
CallbackFormEmailModal
Array
(
    [name] => gugloff.444@gmail.com
    [phone] => 81542889292
    [formname] => Обратная связь
)

------------------------

------------------------
27.10.2023 23:40:59
CallbackFormEmailModal
Array
(
    [name] => igorek4@pop33.site
    [phone] => 89482469228
    [formname] => Обратная связь
)

------------------------
