
------------------------
04.03.2024 1:26:49
CallbackFormEmailModal
Array
(
    [name] => kliskeyeue71825@hotmail.com
    [phone] => 86759463782
    [formname] => Обратная связь
)

------------------------

------------------------
04.03.2024 1:38:00
CallbackFormEmailModal
Array
(
    [name] => aq40aqa@rambler.ru
    [phone] => 83474727473
    [formname] => Обратная связь
)

------------------------

------------------------
04.03.2024 2:32:30
CallbackFormEmailModal
Array
(
    [name] => zaphastivolvo@rambler.ru
    [phone] => 88982559195
    [formname] => Обратная связь
)

------------------------

------------------------
04.03.2024 6:04:41
CallbackFormEmailModal
Array
(
    [name] => ahmedri.ya.n..b.rb.r@gmail.com
    [phone] => 81251896695
    [formname] => Обратная связь
)

------------------------

------------------------
04.03.2024 6:42:08
CallbackFormEmailModal
Array
(
    [name] => theymeli@mailcos.site

    [phone] => 82558274227
    [formname] => Обратная связь
)

------------------------

------------------------
04.03.2024 8:48:00
CallbackFormEmailModal
Array
(
    [name] => nonoeurorp+5358@mail.ru
    [phone] => Okeygorandom https://www.google.com/
    [formname] => Обратная связь
)

------------------------

------------------------
04.03.2024 10:37:24
CallbackFormEmailModal
Array
(
    [name] => shiww.ow.q.pqk@gmail.com
    [phone] => 89351592132
    [formname] => Обратная связь
)

------------------------

------------------------
04.03.2024 13:34:18
CallbackFormEmailModal
Array
(
    [name] => aq74aqa@rambler.ru
    [phone] => 87577539688
    [formname] => Обратная связь
)

------------------------

------------------------
04.03.2024 18:10:56
CallbackFormEmailModal
Array
(
    [name] => 56nbnnfbd32323@atrimoney.site
    [phone] => 85161619828
    [formname] => Обратная связь
)

------------------------

------------------------
04.03.2024 21:36:32
CallbackFormEmailModal
Array
(
    [name] => pmfcvctsv@guyclearsecso.online
    [phone] => 87862491724
    [formname] => Обратная связь
)

------------------------

------------------------
04.03.2024 22:39:54
CallbackFormEmailModal
Array
(
    [name] => fyqtnotmyzzpdprl@onet.pl
    [phone] => 84461546855
    [formname] => Обратная связь
)

------------------------
