
------------------------
11.04.2023 0:47:18
CallbackFormEmailModal
Array
(
    [name] => fbyagd@course-fitness.com
    [phone] => 82587758233
    [formname] => Обратная связь
)

------------------------

------------------------
11.04.2023 2:16:28
CallbackFormEmailModal
Array
(
    [name] => pattyaprild9f9@outlook.com
    [phone] => 88888918461
    [formname] => Обратная связь
)

------------------------

------------------------
11.04.2023 2:32:44
CallbackFormEmailModal
Array
(
    [name] => indomitowot@outlook.com
    [phone] => 83429712494
    [formname] => Обратная связь
)

------------------------

------------------------
11.04.2023 6:30:19
CallbackFormEmailModal
Array
(
    [name] => hertaer@rambler.ua
    [phone] => 87648315967
    [formname] => Обратная связь
)

------------------------

------------------------
11.04.2023 8:10:34
CallbackFormEmailModal
Array
(
    [name] => pivnvkgq@mail.ru
    [phone] => +79123456725
    [formname] => Обратная связь
)

------------------------

------------------------
11.04.2023 12:11:07
CallbackFormEmailModal
Array
(
    [name] => indomitowot@outlook.com
    [phone] => 83356312799
    [formname] => Обратная связь
)

------------------------

------------------------
11.04.2023 12:44:39
CallbackFormEmailModal
Array
(
    [name] => taisiya.alximowa@mail.ru
    [phone] => 84457161429
    [formname] => Обратная связь
)

------------------------

------------------------
11.04.2023 20:03:35
CallbackFormEmailModal
Array
(
    [name] => aq98aqa@rambler.ru
    [phone] => 88177791648
    [formname] => Обратная связь
)

------------------------

------------------------
11.04.2023 20:10:15
CallbackFormEmailModal
Array
(
    [name] => CiusepDalencel@pochtaserver.com
    [phone] => 88585976143
    [formname] => Обратная связь
)

------------------------
