
------------------------
17.02.2024 1:47:44
CallbackFormEmailModal
Array
(
    [name] => dav1schristoph@yandex.kz
    [phone] => 81874218447
    [formname] => Обратная связь
)

------------------------

------------------------
17.02.2024 3:22:23
CallbackFormEmailModal
Array
(
    [name] => kaenquirynicholls@gmail.com
    [phone] => 84915724679
    [formname] => Обратная связь
)

------------------------

------------------------
17.02.2024 6:10:31
CallbackFormEmailModal
Array
(
    [name] => jane6@posti8.site
    [phone] => 87467591967
    [formname] => Обратная связь
)

------------------------

------------------------
17.02.2024 7:21:42
CallbackFormEmailModal
Array
(
    [name] => barrycacher@gmail.com
    [phone] => 88663961114
    [formname] => Обратная связь
)

------------------------

------------------------
17.02.2024 7:28:46
CallbackFormEmailModal
Array
(
    [name] => wdufgwhsbjut@onet.pl
    [phone] => 82745491641
    [formname] => Обратная связь
)

------------------------

------------------------
17.02.2024 8:32:16
CallbackFormEmailModal
Array
(
    [name] => masss999_9@proton.me
    [phone] => 81672984937
    [formname] => Обратная связь
)

------------------------

------------------------
17.02.2024 10:12:24
CallbackFormEmailModal
Array
(
    [name] => 13772@kwix.site
    [phone] => 86244641326
    [formname] => Обратная связь
)

------------------------

------------------------
17.02.2024 10:55:51
CallbackFormEmailModal
Array
(
    [name] => zima33221100@mail.ru
    [phone] => 87429546552
    [formname] => Обратная связь
)

------------------------

------------------------
17.02.2024 11:29:51
CallbackFormEmailModal
Array
(
    [name] => ben13081982@outlook.com
    [phone] => 83221316848
    [formname] => Обратная связь
)

------------------------

------------------------
17.02.2024 15:12:16
CallbackFormEmailModal
Array
(
    [name] => igorstartovich@gmail.com
    [phone] => 85753755629
    [formname] => Обратная связь
)

------------------------

------------------------
17.02.2024 17:49:52
CallbackFormEmailModal
Array
(
    [name] => hhgukkldw@guyclearsecso.online
    [phone] => 84872777342
    [formname] => Обратная связь
)

------------------------

------------------------
17.02.2024 20:49:34
CallbackFormEmailModal
Array
(
    [name] => fanovmitro@yandex.com
    [phone] => 86841432738
    [formname] => Обратная связь
)

------------------------

------------------------
17.02.2024 22:04:20
CallbackFormEmailModal
Array
(
    [name] => appliance.serv24@gmail.com
    [phone] => 87432858415
    [formname] => Обратная связь
)

------------------------

------------------------
17.02.2024 22:17:30
CallbackFormEmailModal
Array
(
    [name] => bb0583823@gmail.com
    [phone] => 86215257288
    [formname] => Обратная связь
)

------------------------

------------------------
17.02.2024 22:45:35
CallbackFormEmailModal
Array
(
    [name] => foxnews20247@outlook.com
    [phone] => 87364427533
    [formname] => Обратная связь
)

------------------------

------------------------
17.02.2024 23:02:44
CallbackFormEmailModal
Array
(
    [name] => indomitowot@outlook.com
    [phone] => 81844329541
    [formname] => Обратная связь
)

------------------------
