
------------------------
09.08.2025 5:04:19
CallbackFormEmailModal
Array
(
    [name] => ugsy9036y@mozmail.com
    [phone] => 82483514625
    [formname] => Обратная связь
)

------------------------

------------------------
09.08.2025 9:02:22
CallbackFormEmailModal
Array
(
    [name] => dinanikolskaya99@gmail.com
    [phone] => 83888849598
    [formname] => Обратная связь
)

------------------------

------------------------
09.08.2025 12:11:07
CallbackFormEmailModal
Array
(
    [name] => pestovafivr1985@mail.ru
    [phone] => 81171948713
    [formname] => Обратная связь
)

------------------------

------------------------
09.08.2025 12:11:41
CallbackFormEmailModal
Array
(
    [name] => secberconla1986@mail.ru
    [phone] => 84727544754
    [formname] => Обратная связь
)

------------------------

------------------------
09.08.2025 12:11:55
CallbackFormEmailModal
Array
(
    [name] => karzhavinvenegard@mail.ru
    [phone] => 83696953228
    [formname] => Обратная связь
)

------------------------

------------------------
09.08.2025 12:13:27
CallbackFormEmailModal
Array
(
    [name] => seimymavig1983@mail.ru
    [phone] => 84888318622
    [formname] => Обратная связь
)

------------------------

------------------------
09.08.2025 12:16:40
CallbackFormEmailModal
Array
(
    [name] => egorbmxik@mail.ru
    [phone] => 87668986693
    [formname] => Обратная связь
)

------------------------

------------------------
09.08.2025 13:01:16
CallbackFormEmailModal
Array
(
    [name] => dzhavgorat-tashdemirov1981@mail.ru
    [phone] => 88538845915
    [formname] => Обратная связь
)

------------------------

------------------------
09.08.2025 13:05:49
CallbackFormEmailModal
Array
(
    [name] => guerfupe@mail.ru
    [phone] => 84937525262
    [formname] => Обратная связь
)

------------------------

------------------------
09.08.2025 13:06:30
CallbackFormEmailModal
Array
(
    [name] => mlonanlout1985@mail.ru
    [phone] => 87678159737
    [formname] => Обратная связь
)

------------------------

------------------------
09.08.2025 13:11:23
CallbackFormEmailModal
Array
(
    [name] => ogbmrekr@streetwormail.com
    [phone] => 83726555825
    [formname] => Обратная связь
)

------------------------

------------------------
09.08.2025 13:11:32
CallbackFormEmailModal
Array
(
    [name] => nadezhda_smirnova_26801@mail.ru
    [phone] => 83658898543
    [formname] => Обратная связь
)

------------------------

------------------------
09.08.2025 13:12:43
CallbackFormEmailModal
Array
(
    [name] => eliseevfrank9041@list.ru
    [phone] => 87986513796
    [formname] => Обратная связь
)

------------------------

------------------------
09.08.2025 13:38:33
CallbackFormEmailModal
Array
(
    [name] => sergowor.king7.18@gmail.com
    [phone] => 84276442946
    [formname] => Обратная связь
)

------------------------

------------------------
09.08.2025 13:51:51
CallbackFormEmailModal
Array
(
    [name] => eprovbelwha@mail.ru
    [phone] => 89933167812
    [formname] => Обратная связь
)

------------------------

------------------------
09.08.2025 13:54:14
CallbackFormEmailModal
Array
(
    [name] => dinanikolskaya99@gmail.com
    [phone] => 88317228389
    [formname] => Обратная связь
)

------------------------

------------------------
09.08.2025 14:25:32
CallbackFormEmailModal
Array
(
    [name] => 553@gmail.com
    [phone] => 89951473472
    [formname] => Обратная связь
)

------------------------

------------------------
09.08.2025 14:31:03
CallbackFormEmailModal
Array
(
    [name] => pencucon_97@mail.ru
    [phone] => 87179496897
    [formname] => Обратная связь
)

------------------------

------------------------
09.08.2025 15:49:01
CallbackFormEmailModal
Array
(
    [name] => ogbmrekr@streetwormail.com
    [phone] => 84866194934
    [formname] => Обратная связь
)

------------------------

------------------------
09.08.2025 16:49:24
CallbackFormEmailModal
Array
(
    [name] => eugeneAcuseeugeneAcuse@mail.ru
    [phone] => 81918184692
    [formname] => Обратная связь
)

------------------------

------------------------
09.08.2025 19:22:32
CallbackFormEmailModal
Array
(
    [name] => dionisij.grigorev.92@mail.ru
    [phone] => 82724932529
    [formname] => Обратная связь
)

------------------------

------------------------
09.08.2025 19:24:38
CallbackFormEmailModal
Array
(
    [name] => mamedov.edgar.1992.3.3@inbox.ru
    [phone] => 84322957353
    [formname] => Обратная связь
)

------------------------

------------------------
09.08.2025 19:30:57
CallbackFormEmailModal
Array
(
    [name] => chofitensatomar@mail.ru
    [phone] => 86882919268
    [formname] => Обратная связь
)

------------------------

------------------------
09.08.2025 20:30:09
CallbackFormEmailModal
Array
(
    [name] => dorofeyavinogradova199056@mail.ru
    [phone] => 84421297873
    [formname] => Обратная связь
)

------------------------

------------------------
09.08.2025 20:34:01
CallbackFormEmailModal
Array
(
    [name] => eprovbelwha@mail.ru
    [phone] => 88138182921
    [formname] => Обратная связь
)

------------------------

------------------------
09.08.2025 20:35:44
CallbackFormEmailModal
Array
(
    [name] => combontsegal37@mail.ru
    [phone] => 84374267478
    [formname] => Обратная связь
)

------------------------

------------------------
09.08.2025 20:37:38
CallbackFormEmailModal
Array
(
    [name] => vitya-kondratev-1969@inbox.ru
    [phone] => 83514663896
    [formname] => Обратная связь
)

------------------------

------------------------
09.08.2025 20:41:21
CallbackFormEmailModal
Array
(
    [name] => yulya.onipchenko.88@mail.ru
    [phone] => 86564453381
    [formname] => Обратная связь
)

------------------------
