
------------------------
13.10.2025 0:02:18
CallbackFormEmailModal
Array
(
    [name] => isabellalapse862@hotmail.com
    [phone] => 88325313254
    [formname] => Обратная связь
)

------------------------

------------------------
13.10.2025 0:09:16
CallbackFormEmailModal
Array
(
    [name] => info@strictlydigital.net
    [phone] => 85555753653
    [formname] => Обратная связь
)

------------------------

------------------------
13.10.2025 2:40:05
CallbackFormEmailModal
Array
(
    [name] => per.sa.ito.v.20@gmail.com:pop.gmail.com
    [phone] => 85876212454
    [formname] => Обратная связь
)

------------------------

------------------------
13.10.2025 6:49:36
CallbackFormEmailModal
Array
(
    [name] => kseniyanechusa@mail.ru
    [phone] => 82989636855
    [formname] => Обратная связь
)

------------------------

------------------------
13.10.2025 7:28:19
CallbackFormEmailModal
Array
(
    [name] => pomgmk9oheivabfooksm@list.ru
    [phone] => 87588323493
    [formname] => Обратная связь
)

------------------------

------------------------
13.10.2025 7:46:50
CallbackFormEmailModal
Array
(
    [name] => martakalinina84@mail.ru
    [phone] => 89175855237
    [formname] => Обратная связь
)

------------------------

------------------------
13.10.2025 8:25:03
CallbackFormEmailModal
Array
(
    [name] => kharalampiimartyshkin@mail.ru
    [phone] => 89672195418
    [formname] => Обратная связь
)

------------------------

------------------------
13.10.2025 8:29:10
CallbackFormEmailModal
Array
(
    [name] => natulya.fedosova.96@mail.ru
    [phone] => 84856873233
    [formname] => Обратная связь
)

------------------------

------------------------
13.10.2025 8:48:12
CallbackFormEmailModal
Array
(
    [name] => waai8stccwnc@mail.ru
    [phone] => 83326794364
    [formname] => Обратная связь
)

------------------------

------------------------
13.10.2025 9:27:13
CallbackFormEmailModal
Array
(
    [name] => amabil.6002@mail.ru
    [phone] => 83141753673
    [formname] => Обратная связь
)

------------------------

------------------------
13.10.2025 10:57:49
CallbackFormEmailModal
Array
(
    [name] => konstantinrovini@mail.ru
    [phone] => 82283947862
    [formname] => Обратная связь
)

------------------------

------------------------
13.10.2025 12:31:07
CallbackFormEmailModal
Array
(
    [name] => 1dansbydruscillaoyu@gmail.com
    [phone] => 89564325641
    [formname] => Обратная связь
)

------------------------

------------------------
13.10.2025 12:41:05
CallbackFormEmailModal
Array
(
    [name] => maksdaloli@mail.ru
    [phone] => 84537375277
    [formname] => Обратная связь
)

------------------------

------------------------
13.10.2025 12:47:45
CallbackFormEmailModal
Array
(
    [name] => anya.genger@mail.ru
    [phone] => 82596685572
    [formname] => Обратная связь
)

------------------------

------------------------
13.10.2025 13:17:01
CallbackFormEmailModal
Array
(
    [name] => tipanasotemthia@mail.ru
    [phone] => 87474836414
    [formname] => Обратная связь
)

------------------------

------------------------
13.10.2025 13:21:25
CallbackFormEmailModal
Array
(
    [name] => karzhavinvenegard@mail.ru
    [phone] => 85925383762
    [formname] => Обратная связь
)

------------------------

------------------------
13.10.2025 13:24:20
CallbackFormEmailModal
Array
(
    [name] => prosavmobi1981@mail.ru
    [phone] => 88922882767
    [formname] => Обратная связь
)

------------------------

------------------------
13.10.2025 13:34:18
CallbackFormEmailModal
Array
(
    [name] => eepovda@bk.ru
    [phone] => 81599489864
    [formname] => Обратная связь
)

------------------------

------------------------
13.10.2025 13:38:24
CallbackFormEmailModal
Array
(
    [name] => cratunsculit1988@mail.ru
    [phone] => 84659972242
    [formname] => Обратная связь
)

------------------------

------------------------
13.10.2025 13:44:17
CallbackFormEmailModal
Array
(
    [name] => serezhamobisa@mail.ru
    [phone] => 84513743952
    [formname] => Обратная связь
)

------------------------

------------------------
13.10.2025 13:58:38
CallbackFormEmailModal
Array
(
    [name] => inna.kortneva.69@mail.ru
    [phone] => 81177793267
    [formname] => Обратная связь
)

------------------------

------------------------
13.10.2025 14:22:45
CallbackFormEmailModal
Array
(
    [name] => botx9@123bv1.it.com
    [phone] => 84238471139
    [formname] => Обратная связь
)

------------------------

------------------------
13.10.2025 14:43:38
CallbackFormEmailModal
Array
(
    [name] => pavelpapebi@mail.ru
    [phone] => 87128687497
    [formname] => Обратная связь
)

------------------------

------------------------
13.10.2025 15:33:00
CallbackFormEmailModal
Array
(
    [name] => contact45@123bv1.it.com
    [phone] => 84182646998
    [formname] => Обратная связь
)

------------------------

------------------------
13.10.2025 15:40:40
CallbackFormEmailModal
Array
(
    [name] => info01@123bv1.it.com
    [phone] => 88657756895
    [formname] => Обратная связь
)

------------------------

------------------------
13.10.2025 16:33:55
CallbackFormEmailModal
Array
(
    [name] => mailer303@123bv1.it.com
    [phone] => 88742817287
    [formname] => Обратная связь
)

------------------------

------------------------
13.10.2025 17:24:32
CallbackFormEmailModal
Array
(
    [name] => yourmail@gmail.com
    [phone] => 88734749569
    [formname] => Обратная связь
)

------------------------

------------------------
13.10.2025 18:12:13
CallbackFormEmailModal
Array
(
    [name] => naphtloxua-5550@mail.ru
    [phone] => 81277243249
    [formname] => Обратная связь
)

------------------------

------------------------
13.10.2025 18:33:33
CallbackFormEmailModal
Array
(
    [name] => halcheni1990@mail.ru
    [phone] => 87479169126
    [formname] => Обратная связь
)

------------------------

------------------------
13.10.2025 18:53:59
CallbackFormEmailModal
Array
(
    [name] => tacusol-6816@mail.ru
    [phone] => 83519217958
    [formname] => Обратная связь
)

------------------------

------------------------
13.10.2025 18:56:41
CallbackFormEmailModal
Array
(
    [name] => osipova.liliia.1986.22.12@inbox.ru
    [phone] => 83549949428
    [formname] => Обратная связь
)

------------------------

------------------------
13.10.2025 19:02:12
CallbackFormEmailModal
Array
(
    [name] => erangifest1980@mail.ru
    [phone] => 89826634856
    [formname] => Обратная связь
)

------------------------

------------------------
13.10.2025 19:03:25
CallbackFormEmailModal
Array
(
    [name] => kskoxim@inbox.ru
    [phone] => 85751844481
    [formname] => Обратная связь
)

------------------------

------------------------
13.10.2025 19:09:38
CallbackFormEmailModal
Array
(
    [name] => margarita.stolyarova.26.05.1995@mail.ru
    [phone] => 86443326916
    [formname] => Обратная связь
)

------------------------

------------------------
13.10.2025 19:13:00
CallbackFormEmailModal
Array
(
    [name] => svetlanakomissarova1987@mail.ru
    [phone] => 85959924371
    [formname] => Обратная связь
)

------------------------

------------------------
13.10.2025 19:27:35
CallbackFormEmailModal
Array
(
    [name] => kina3axjglime@bk.ru
    [phone] => 87366733355
    [formname] => Обратная связь
)

------------------------

------------------------
13.10.2025 19:36:51
CallbackFormEmailModal
Array
(
    [name] => stapuntril1990@mail.ru
    [phone] => 84467496144
    [formname] => Обратная связь
)

------------------------

------------------------
13.10.2025 19:51:28
CallbackFormEmailModal
Array
(
    [name] => eprovbelwha@mail.ru
    [phone] => 81874221889
    [formname] => Обратная связь
)

------------------------

------------------------
13.10.2025 19:51:29
CallbackFormEmailModal
Array
(
    [name] => 152fzrknbot202501@gmail.com
    [phone] => 87723193636
    [formname] => Обратная связь
)

------------------------

------------------------
13.10.2025 19:54:03
CallbackFormEmailModal
Array
(
    [name] => aleksandrhasuchu@mail.ru
    [phone] => 86677229423
    [formname] => Обратная связь
)

------------------------

------------------------
13.10.2025 20:29:30
CallbackFormEmailModal
Array
(
    [name] => laisumake186@mail.ru
    [phone] => 87625171699
    [formname] => Обратная связь
)

------------------------

------------------------
13.10.2025 20:35:48
CallbackFormEmailModal
Array
(
    [name] => sergowor.kin.g.7.1.8@gmail.com
    [phone] => 88783734661
    [formname] => Обратная связь
)

------------------------
