
------------------------
30.08.2023 6:38:58
CallbackFormEmailModal
Array
(
    [name] => nnf0frgyowfwfc0@rambler.ru
    [phone] => 84688442733
    [formname] => Обратная связь
)

------------------------

------------------------
30.08.2023 9:56:23
CallbackFormEmailModal
Array
(
    [name] => 2bisckecmjbyq79@rambler.ru
    [phone] => 89746736998
    [formname] => Обратная связь
)

------------------------

------------------------
30.08.2023 12:55:13
CallbackFormEmailModal
Array
(
    [name] => mikeKitGrishitty@gmail.com
    [phone] => 86441783317
    [formname] => Обратная связь
)

------------------------

------------------------
30.08.2023 13:06:30
CallbackFormEmailModal
Array
(
    [name] => l.uk.in.ovi.c.h.202.2.13.55@gmail.com

    [phone] => 87479634485
    [formname] => Обратная связь
)

------------------------

------------------------
30.08.2023 13:54:38
CallbackFormEmailModal
Array
(
    [name] => h9bx06fbxdrmnxh@rambler.ru
    [phone] => 87566679341
    [formname] => Обратная связь
)

------------------------

------------------------
30.08.2023 19:45:38
CallbackFormEmailModal
Array
(
    [name] => toxk8bp8n2xno7n@rambler.ru
    [phone] => 85727685983
    [formname] => Обратная связь
)

------------------------

------------------------
30.08.2023 19:55:51
CallbackFormEmailModal
Array
(
    [name] => xa1rjdoi20rr1kr@rambler.ru
    [phone] => 89433142546
    [formname] => Обратная связь
)

------------------------

------------------------
30.08.2023 20:21:49
CallbackFormEmailModal
Array
(
    [name] => 3uayl4c2smqrpy6@rambler.ru
    [phone] => 83711398137
    [formname] => Обратная связь
)

------------------------

------------------------
30.08.2023 22:47:25
CallbackFormEmailModal
Array
(
    [name] => 3efjeuqef7r6pap@rambler.ru
    [phone] => 85539322477
    [formname] => Обратная связь
)

------------------------

------------------------
30.08.2023 23:31:09
CallbackFormEmailModal
Array
(
    [name] => 0o871zy8earwcp1@rambler.ru
    [phone] => 85756851928
    [formname] => Обратная связь
)

------------------------
