
------------------------
19.10.2021 1:31:24
CallbackFormEmailModal
Array
(
    [name] => bazs2021kes@inbox.ru
    [phone] => 79854783253
    [formname] => Обратная связь
)

------------------------

------------------------
19.10.2021 9:50:45
CallbackFormEmailModal
Array
(
    [name] => kingdowndensandvt@mail.com
    [phone] => 85383596636
    [formname] => Обратная связь
)

------------------------

------------------------
19.10.2021 19:16:22
CallbackFormEmailModal
Array
(
    [name] => chapliga88@rambler.ru
    [phone] => 88113687399
    [formname] => Обратная связь
)

------------------------

------------------------
19.10.2021 21:11:51
CallbackFormEmailModal
Array
(
    [name] => mallissa9ap8d50@gmail.com
    [phone] => mallissa9ap8d50@gmail.com
    [formname] => Обратная связь
)

------------------------

------------------------
19.10.2021 21:11:54
CallbackFormEmailModal
Array
(
    [name] => mallissa9ap8d50@gmail.com
    [phone] => mallissa9ap8d50@gmail.com
    [formname] => Обратная связь
)

------------------------

------------------------
19.10.2021 21:12:07
CallbackFormEmailModal
Array
(
    [name] => mallissa9ap8d50@gmail.com
    [phone] => mallissa9ap8d50@gmail.com
    [formname] => Обратная связь
)

------------------------

------------------------
19.10.2021 21:12:10
CallbackFormEmailModal
Array
(
    [name] => mallissa9ap8d50@gmail.com
    [phone] => mallissa9ap8d50@gmail.com
    [formname] => Обратная связь
)

------------------------

------------------------
19.10.2021 21:12:18
CallbackFormEmailModal
Array
(
    [name] => mallissa9ap8d50@gmail.com
    [phone] => mallissa9ap8d50@gmail.com
    [formname] => Обратная связь
)

------------------------

------------------------
19.10.2021 21:12:21
CallbackFormEmailModal
Array
(
    [name] => mallissa9ap8d50@gmail.com
    [phone] => mallissa9ap8d50@gmail.com
    [formname] => Обратная связь
)

------------------------

------------------------
19.10.2021 21:12:29
CallbackFormEmailModal
Array
(
    [name] => mallissa9ap8d50@gmail.com
    [phone] => mallissa9ap8d50@gmail.com
    [formname] => Обратная связь
)

------------------------

------------------------
19.10.2021 21:12:33
CallbackFormEmailModal
Array
(
    [name] => mallissa9ap8d50@gmail.com
    [phone] => mallissa9ap8d50@gmail.com
    [formname] => Обратная связь
)

------------------------

------------------------
19.10.2021 21:12:46
CallbackFormEmailModal
Array
(
    [name] => mallissa9ap8d50@gmail.com
    [phone] => mallissa9ap8d50@gmail.com
    [formname] => Обратная связь
)

------------------------

------------------------
19.10.2021 21:12:49
CallbackFormEmailModal
Array
(
    [name] => mallissa9ap8d50@gmail.com
    [phone] => mallissa9ap8d50@gmail.com
    [formname] => Обратная связь
)

------------------------

------------------------
19.10.2021 21:13:15
CallbackFormEmailModal
Array
(
    [name] => mallissa9ap8d50@gmail.com
    [phone] => mallissa9ap8d50@gmail.com
    [formname] => Обратная связь
)

------------------------

------------------------
19.10.2021 21:13:19
CallbackFormEmailModal
Array
(
    [name] => mallissa9ap8d50@gmail.com
    [phone] => mallissa9ap8d50@gmail.com
    [formname] => Обратная связь
)

------------------------

------------------------
19.10.2021 21:13:24
CallbackFormEmailModal
Array
(
    [name] => mallissa9ap8d50@gmail.com
    [phone] => mallissa9ap8d50@gmail.com
    [formname] => Обратная связь
)

------------------------

------------------------
19.10.2021 21:13:27
CallbackFormEmailModal
Array
(
    [name] => mallissa9ap8d50@gmail.com
    [phone] => mallissa9ap8d50@gmail.com
    [formname] => Обратная связь
)

------------------------

------------------------
19.10.2021 21:13:34
CallbackFormEmailModal
Array
(
    [name] => mallissa9ap8d50@gmail.com
    [phone] => mallissa9ap8d50@gmail.com
    [formname] => Обратная связь
)

------------------------

------------------------
19.10.2021 21:13:37
CallbackFormEmailModal
Array
(
    [name] => mallissa9ap8d50@gmail.com
    [phone] => mallissa9ap8d50@gmail.com
    [formname] => Обратная связь
)

------------------------

------------------------
19.10.2021 21:13:48
CallbackFormEmailModal
Array
(
    [name] => mallissa9ap8d50@gmail.com
    [phone] => mallissa9ap8d50@gmail.com
    [formname] => Обратная связь
)

------------------------

------------------------
19.10.2021 21:13:51
CallbackFormEmailModal
Array
(
    [name] => mallissa9ap8d50@gmail.com
    [phone] => mallissa9ap8d50@gmail.com
    [formname] => Обратная связь
)

------------------------

------------------------
19.10.2021 21:14:28
CallbackFormEmailModal
Array
(
    [name] => mallissa9ap8d50@gmail.com
    [phone] => mallissa9ap8d50@gmail.com
    [formname] => Обратная связь
)

------------------------

------------------------
19.10.2021 21:14:36
CallbackFormEmailModal
Array
(
    [name] => mallissa9ap8d50@gmail.com
    [phone] => mallissa9ap8d50@gmail.com
    [formname] => Обратная связь
)

------------------------

------------------------
19.10.2021 21:15:50
CallbackFormEmailModal
Array
(
    [name] => mallissa9ap8d50@gmail.com
    [phone] => mallissa9ap8d50@gmail.com
    [formname] => Обратная связь
)

------------------------

------------------------
19.10.2021 21:15:57
CallbackFormEmailModal
Array
(
    [name] => mallissa9ap8d50@gmail.com
    [phone] => mallissa9ap8d50@gmail.com
    [formname] => Обратная связь
)

------------------------
