
------------------------
17.03.2023 3:04:16
CallbackFormEmailModal
Array
(
    [name] => zpqesgxyngr@mail.ru
    [phone] => +791234567880
    [formname] => Обратная связь
)

------------------------

------------------------
17.03.2023 5:57:04
CallbackFormEmailModal
Array
(
    [name] => iona991@rambler.ru
    [phone] => 85129636134
    [formname] => Обратная связь
)

------------------------

------------------------
17.03.2023 8:28:14
CallbackFormEmailModal
Array
(
    [name] => pocasmi1604@imails.site

    [phone] => 81914867295
    [formname] => Обратная связь
)

------------------------

------------------------
17.03.2023 15:35:57
CallbackFormEmailModal
Array
(
    [name] => pivnvkgq@mail.ru
    [phone] => +79123456432
    [formname] => Обратная связь
)

------------------------

------------------------
17.03.2023 19:40:13
CallbackFormEmailModal
Array
(
    [name] => surelar1029@imails.site

    [phone] => 89777626252
    [formname] => Обратная связь
)

------------------------
