
------------------------
21.08.2022 0:05:45
CallbackFormEmailModal
Array
(
    [name] => lindy369seat@gmail.com
    [phone] => 89036980041
    [formname] => Обратная связь
)

------------------------

------------------------
21.08.2022 2:28:22
CallbackFormEmailModal
Array
(
    [name] => mzclauz@yahoo.com
    [phone] => 89034570834
    [formname] => Обратная связь
)

------------------------

------------------------
21.08.2022 3:47:28
CallbackFormEmailModal
Array
(
    [name] => andreyvpetrov132435@gmail.com
    [phone] => 82829878693
    [formname] => Обратная связь
)

------------------------

------------------------
21.08.2022 4:51:58
CallbackFormEmailModal
Array
(
    [name] => sammydada67@gmail.com
    [phone] => 89031053644
    [formname] => Обратная связь
)

------------------------

------------------------
21.08.2022 7:16:09
CallbackFormEmailModal
Array
(
    [name] => scoophot73@yahoo.com
    [phone] => 89031657582
    [formname] => Обратная связь
)

------------------------

------------------------
21.08.2022 7:35:56
CallbackFormEmailModal
Array
(
    [name] => andreyvpetrov132435@gmail.com
    [phone] => 81995524834
    [formname] => Обратная связь
)

------------------------

------------------------
21.08.2022 9:42:34
CallbackFormEmailModal
Array
(
    [name] => tee_cam03@yahoo.com
    [phone] => 89030055920
    [formname] => Обратная связь
)

------------------------

------------------------
21.08.2022 12:06:45
CallbackFormEmailModal
Array
(
    [name] => debrakatz@optonline.net
    [phone] => 89032729897
    [formname] => Обратная связь
)

------------------------

------------------------
21.08.2022 14:32:09
CallbackFormEmailModal
Array
(
    [name] => eelkenny@hotmail.com
    [phone] => 89030766212
    [formname] => Обратная связь
)

------------------------

------------------------
21.08.2022 16:59:12
CallbackFormEmailModal
Array
(
    [name] => devilofdrkness09@hotmail.com
    [phone] => 89030073491
    [formname] => Обратная связь
)

------------------------

------------------------
21.08.2022 18:29:44
CallbackFormEmailModal
Array
(
    [name] => andreyvpetrov132435@gmail.com
    [phone] => 81149245626
    [formname] => Обратная связь
)

------------------------

------------------------
21.08.2022 19:25:36
CallbackFormEmailModal
Array
(
    [name] => Dopee.boy246@gmail.com
    [phone] => 89035971377
    [formname] => Обратная связь
)

------------------------

------------------------
21.08.2022 21:53:30
CallbackFormEmailModal
Array
(
    [name] => nancykarunya@gmail.com
    [phone] => 89034362148
    [formname] => Обратная связь
)

------------------------
