
------------------------
14.10.2023 0:13:21
CallbackFormEmailModal
Array
(
    [name] => Eric Jones
    [phone] => 555-555-1212
    [formname] => Обратная связь
)

------------------------

------------------------
14.10.2023 0:44:39
CallbackFormEmailModal
Array
(
    [name] => froeach12@rezka.wtf
    [phone] => 82415661925
    [formname] => Обратная связь
)

------------------------

------------------------
14.10.2023 2:21:30
CallbackFormEmailModal
Array
(
    [name] => info@vifoods.ru
    [phone] => 89516269726
    [formname] => Обратная связь
)

------------------------

------------------------
14.10.2023 3:38:05
CallbackFormEmailModal
Array
(
    [name] => mikesuinuts@gmail.com
    [phone] => 84371586635
    [formname] => Обратная связь
)

------------------------

------------------------
14.10.2023 3:58:25
CallbackFormEmailModal
Array
(
    [name] => 87zmky4d252c6xu@rambler.ru
    [phone] => 82432744268
    [formname] => Обратная связь
)

------------------------

------------------------
14.10.2023 22:20:29
CallbackFormEmailModal
Array
(
    [name] => wb8oz8888992@inbox.ru
    [phone] => 79915745248
    [formname] => Обратная связь
)

------------------------
