
------------------------
06.02.2024 1:40:07
CallbackFormEmailModal
Array
(
    [name] => indomitowot@outlook.com
    [phone] => 86352845177
    [formname] => Обратная связь
)

------------------------

------------------------
06.02.2024 2:28:46
CallbackFormEmailModal
Array
(
    [name] => l.uk.i.n.ov.ic.h.2.022.135.5@gmail.com

    [phone] => 83628377361
    [formname] => Обратная связь
)

------------------------

------------------------
06.02.2024 3:40:24
CallbackFormEmailModal
Array
(
    [name] => publictreerobber@rambler.ru
    [phone] => 86796887313
    [formname] => Обратная связь
)

------------------------

------------------------
06.02.2024 9:43:25
CallbackFormEmailModal
Array
(
    [name] => larakhoolgdn1984@onet.pl
    [phone] => 81788881176
    [formname] => Обратная связь
)

------------------------

------------------------
06.02.2024 10:57:25
CallbackFormEmailModal
Array
(
    [name] => alexavormon@gmail.com
    [phone] => 82356937151
    [formname] => Обратная связь
)

------------------------

------------------------
06.02.2024 13:07:33
CallbackFormEmailModal
Array
(
    [name] => khyogudfciubl1975@onet.pl
    [phone] => 89871289481
    [formname] => Обратная связь
)

------------------------

------------------------
06.02.2024 15:14:12
CallbackFormEmailModal
Array
(
    [name] => indomitowot@outlook.com
    [phone] => 84664371726
    [formname] => Обратная связь
)

------------------------

------------------------
06.02.2024 18:45:34
CallbackFormEmailModal
Array
(
    [name] => help@gwmetabitt.com
    [phone] => 89762715519
    [formname] => Обратная связь
)

------------------------

------------------------
06.02.2024 19:09:58
CallbackFormEmailModal
Array
(
    [name] => tg_dohappy24@yandex.ru
    [phone] => 88896653261
    [formname] => Обратная связь
)

------------------------

------------------------
06.02.2024 21:09:18
CallbackFormEmailModal
Array
(
    [name] => dinahe5diane@outlook.com
    [phone] => 89137758969
    [formname] => Обратная связь
)

------------------------

------------------------
06.02.2024 21:16:27
CallbackFormEmailModal
Array
(
    [name] => segif18200@shirulo.com
    [phone] => 82925548414
    [formname] => Обратная связь
)

------------------------

------------------------
06.02.2024 22:13:55
CallbackFormEmailModal
Array
(
    [name] => b.ori.s.@gmail.com
    [phone] => 85567818466
    [formname] => Обратная связь
)

------------------------
