
------------------------
29.12.2023 3:07:31
CallbackFormEmailModal
Array
(
    [name] => azpapdoarOr@lu17.ru
    [phone] => 88344581848
    [formname] => Обратная связь
)

------------------------

------------------------
29.12.2023 6:44:20
CallbackFormEmailModal
Array
(
    [name] => dfdffddfd@gmail.com
    [phone] => 84815554825
    [formname] => Обратная связь
)

------------------------

------------------------
29.12.2023 7:23:31
CallbackFormEmailModal
Array
(
    [name] => sir.maxbo@yandex.ru
    [phone] => 82479629917
    [formname] => Обратная связь
)

------------------------

------------------------
29.12.2023 9:40:25
CallbackFormEmailModal
Array
(
    [name] => service1ru@rambler.ru
    [phone] => 82511917782
    [formname] => Обратная связь
)

------------------------

------------------------
29.12.2023 13:55:22
CallbackFormEmailModal
Array
(
    [name] => crtombusroa@poochta.ru
    [phone] => 83117132155
    [formname] => Обратная связь
)

------------------------

------------------------
29.12.2023 15:11:39
CallbackFormEmailModal
Array
(
    [name] => yqfjnwykfEa@bobbor.store
    [phone] => 83558131227
    [formname] => Обратная связь
)

------------------------

------------------------
29.12.2023 16:21:57
CallbackFormEmailModal
Array
(
    [name] => ogvienow1990@mail.ru
    [phone] => 85376225755
    [formname] => Обратная связь
)

------------------------

------------------------
29.12.2023 16:28:39
CallbackFormEmailModal
Array
(
    [name] => juncpecni1980@mail.ru
    [phone] => 86911136355
    [formname] => Обратная связь
)

------------------------

------------------------
29.12.2023 16:31:16
CallbackFormEmailModal
Array
(
    [name] => gelibomenlo6420@mail.ru
    [phone] => 86488937592
    [formname] => Обратная связь
)

------------------------

------------------------
29.12.2023 16:35:09
CallbackFormEmailModal
Array
(
    [name] => somalkeriz@mail.ru
    [phone] => 81769726588
    [formname] => Обратная связь
)

------------------------

------------------------
29.12.2023 16:38:29
CallbackFormEmailModal
Array
(
    [name] => paraipastmi@list.ru
    [phone] => 85344426413
    [formname] => Обратная связь
)

------------------------

------------------------
29.12.2023 16:44:20
CallbackFormEmailModal
Array
(
    [name] => press-release@cnnworldtoday.com
    [phone] => 89968193427
    [formname] => Обратная связь
)

------------------------

------------------------
29.12.2023 16:44:49
CallbackFormEmailModal
Array
(
    [name] => bigendrakoli4335@mail.ru
    [phone] => 84857717931
    [formname] => Обратная связь
)

------------------------

------------------------
29.12.2023 16:45:04
CallbackFormEmailModal
Array
(
    [name] => mazunyzhcn@mail.ru
    [phone] => 82115828355
    [formname] => Обратная связь
)

------------------------

------------------------
29.12.2023 16:48:54
CallbackFormEmailModal
Array
(
    [name] => kaapkaksih@mail.ru
    [phone] => 83518359981
    [formname] => Обратная связь
)

------------------------

------------------------
29.12.2023 16:58:38
CallbackFormEmailModal
Array
(
    [name] => kaobkammid@mail.ru
    [phone] => 84386319753
    [formname] => Обратная связь
)

------------------------

------------------------
29.12.2023 17:03:47
CallbackFormEmailModal
Array
(
    [name] => sirolmitoma6815@mail.ru
    [phone] => 84395348728
    [formname] => Обратная связь
)

------------------------

------------------------
29.12.2023 17:19:06
CallbackFormEmailModal
Array
(
    [name] => dzurecrapo@inbox.ru
    [phone] => 89896378234
    [formname] => Обратная связь
)

------------------------

------------------------
29.12.2023 17:21:49
CallbackFormEmailModal
Array
(
    [name] => titova.polina.1981.15.12@list.ru
    [phone] => 84791573687
    [formname] => Обратная связь
)

------------------------

------------------------
29.12.2023 17:25:25
CallbackFormEmailModal
Array
(
    [name] => naelbarad@mail.ru
    [phone] => 86825531949
    [formname] => Обратная связь
)

------------------------

------------------------
29.12.2023 17:26:37
CallbackFormEmailModal
Array
(
    [name] => privvenloo1993@mail.ru
    [phone] => 88735957912
    [formname] => Обратная связь
)

------------------------

------------------------
29.12.2023 17:26:49
CallbackFormEmailModal
Array
(
    [name] => saakian.vova.1985.13.9@list.ru
    [phone] => 82916569726
    [formname] => Обратная связь
)

------------------------

------------------------
29.12.2023 17:49:23
CallbackFormEmailModal
Array
(
    [name] => woodbpurne1983@mail.ru
    [phone] => 87956957894
    [formname] => Обратная связь
)

------------------------

------------------------
29.12.2023 17:51:51
CallbackFormEmailModal
Array
(
    [name] => tpaglapeapunctals6269@mail.ru
    [phone] => 83198575637
    [formname] => Обратная связь
)

------------------------

------------------------
29.12.2023 17:52:15
CallbackFormEmailModal
Array
(
    [name] => gubetride@inbox.ru
    [phone] => 82494699539
    [formname] => Обратная связь
)

------------------------

------------------------
29.12.2023 17:55:24
CallbackFormEmailModal
Array
(
    [name] => paraipastmi@list.ru
    [phone] => 88431922672
    [formname] => Обратная связь
)

------------------------

------------------------
29.12.2023 18:02:32
CallbackFormEmailModal
Array
(
    [name] => titova.polina.1981.15.12@list.ru
    [phone] => 83247582476
    [formname] => Обратная связь
)

------------------------

------------------------
29.12.2023 20:03:14
CallbackFormEmailModal
Array
(
    [name] => lolerex241@ovout.com
    [phone] => 84389716258
    [formname] => Обратная связь
)

------------------------

------------------------
29.12.2023 20:43:09
CallbackFormEmailModal
Array
(
    [name] => vejlfevehEa@bobbor.store
    [phone] => 87243564897
    [formname] => Обратная связь
)

------------------------

------------------------
29.12.2023 21:33:34
CallbackFormEmailModal
Array
(
    [name] => sviloguzov83@mail.ru
    [phone] => 85483266259
    [formname] => Обратная связь
)

------------------------

------------------------
29.12.2023 23:44:50
CallbackFormEmailModal
Array
(
    [name] => stacey@rokuro8510.satoshi92.webvan.site
    [phone] => 85392987254
    [formname] => Обратная связь
)

------------------------
