
------------------------
25.04.2023 0:27:36
CallbackFormEmailModal
Array
(
    [name] => toni56@pop33.site
    [phone] => 86216265656
    [formname] => Обратная связь
)

------------------------

------------------------
25.04.2023 2:51:50
CallbackFormEmailModal
Array
(
    [name] => garry11@alexhost.site
    [phone] => 84846283197
    [formname] => Обратная связь
)

------------------------

------------------------
25.04.2023 9:08:45
CallbackFormEmailModal
Array
(
    [name] => mailman@free-private-mail.com
    [phone] => 87341337631
    [formname] => Обратная связь
)

------------------------

------------------------
25.04.2023 17:06:28
CallbackFormEmailModal
Array
(
    [name] => moverdeporest@gmx.com
    [phone] => 83225175521
    [formname] => Обратная связь
)

------------------------

------------------------
25.04.2023 17:20:26
CallbackFormEmailModal
Array
(
    [name] => dnnfdfjgq@outlook.com
    [phone] => 83742128454
    [formname] => Обратная связь
)

------------------------

------------------------
25.04.2023 20:37:51
CallbackFormEmailModal
Array
(
    [name] => kuznetsov_vlad_1995_18_12@inbox.ru
    [phone] => 89226427755
    [formname] => Обратная связь
)

------------------------

------------------------
25.04.2023 22:54:02
CallbackFormEmailModal
Array
(
    [name] => musaev.misha.1982.3.5@list.ru
    [phone] => 86382249951
    [formname] => Обратная связь
)

------------------------
