
------------------------
05.02.2024 0:40:46
CallbackFormEmailModal
Array
(
    [name] => indomitowot@outlook.com
    [phone] => 88332622835
    [formname] => Обратная связь
)

------------------------

------------------------
05.02.2024 4:54:26
CallbackFormEmailModal
Array
(
    [name] => ferrioformdi@mailcos.site

    [phone] => 86398948946
    [formname] => Обратная связь
)

------------------------

------------------------
05.02.2024 5:18:55
CallbackFormEmailModal
Array
(
    [name] => e.ntero.f.f.i.c.e.220720.223@gmail.com

    [phone] => 82895499477
    [formname] => Обратная связь
)

------------------------

------------------------
05.02.2024 8:06:09
CallbackFormEmailModal
Array
(
    [name] => auto@kiev-therm.com.ua
    [phone] => 86411491892
    [formname] => Обратная связь
)

------------------------

------------------------
05.02.2024 8:18:02
CallbackFormEmailModal
Array
(
    [name] => indomitowot@outlook.com
    [phone] => 88954662533
    [formname] => Обратная связь
)

------------------------

------------------------
05.02.2024 8:43:26
CallbackFormEmailModal
Array
(
    [name] => lucido.leinteract@gmail.com
    [phone] => 89255355831
    [formname] => Обратная связь
)

------------------------

------------------------
05.02.2024 10:25:08
CallbackFormEmailModal
Array
(
    [name] => menhos7@rambler.ru
    [phone] => 87681826442
    [formname] => Обратная связь
)

------------------------

------------------------
05.02.2024 10:26:34
CallbackFormEmailModal
Array
(
    [name] => taisiya.yermolayeva.1987@mail.ru
    [phone] => +79164893503
    [formname] => Обратная связь
)

------------------------

------------------------
05.02.2024 14:21:54
CallbackFormEmailModal
Array
(
    [name] => charly89@33pop.site
    [phone] => 86133425671
    [formname] => Обратная связь
)

------------------------

------------------------
05.02.2024 16:00:50
CallbackFormEmailModal
Array
(
    [name] => iunskiygipertonik@gmail.com
    [phone] => 82215912171
    [formname] => Обратная связь
)

------------------------

------------------------
05.02.2024 16:58:08
CallbackFormEmailModal
Array
(
    [name] => meeols@mail.ru
    [phone] => 82727898833
    [formname] => Обратная связь
)

------------------------

------------------------
05.02.2024 17:09:53
CallbackFormEmailModal
Array
(
    [name] => we.j.u.g.wyef.@gmail.com
    [phone] => 83298441846
    [formname] => Обратная связь
)

------------------------

------------------------
05.02.2024 17:56:44
CallbackFormEmailModal
Array
(
    [name] => sdfhgjfh465y@internet.ru
    [phone] => 86524637446
    [formname] => Обратная связь
)

------------------------

------------------------
05.02.2024 19:00:44
CallbackFormEmailModal
Array
(
    [name] => rebeccaeaton78950@outlook.com
    [phone] => 88429615126
    [formname] => Обратная связь
)

------------------------

------------------------
05.02.2024 20:50:20
CallbackFormEmailModal
Array
(
    [name] => sugarwork78@gmail.com
    [phone] => 81911527691
    [formname] => Обратная связь
)

------------------------

------------------------
05.02.2024 21:17:58
CallbackFormEmailModal
Array
(
    [name] => 9h92enyq@yourmailz.com
    [phone] => 87391836538
    [formname] => Обратная связь
)

------------------------

------------------------
05.02.2024 21:25:49
CallbackFormEmailModal
Array
(
    [name] => yourmail@gmail.com
    [phone] => 87763616742
    [formname] => Обратная связь
)

------------------------

------------------------
05.02.2024 21:52:40
CallbackFormEmailModal
Array
(
    [name] => ural.199201@mail.ru
    [phone] => 89762139791
    [formname] => Обратная связь
)

------------------------

------------------------
05.02.2024 22:01:09
CallbackFormEmailModal
Array
(
    [name] => indomitowot@outlook.com
    [phone] => 84972541985
    [formname] => Обратная связь
)

------------------------

------------------------
05.02.2024 22:16:25
CallbackFormEmailModal
Array
(
    [name] => sorearththe@mailcos.site

    [phone] => 89254479332
    [formname] => Обратная связь
)

------------------------

------------------------
05.02.2024 22:43:02
CallbackFormEmailModal
Array
(
    [name] => anet5@vk45.site
    [phone] => 82795645174
    [formname] => Обратная связь
)

------------------------
