
------------------------
26.04.2025 2:03:29
CallbackFormEmailModal
Array
(
    [name] => nur_ayat@web.de
    [phone] => 89829318162
    [formname] => Обратная связь
)

------------------------

------------------------
26.04.2025 2:19:17
CallbackFormEmailModal
Array
(
    [name] => 69javelinamc@gmail.com
    [phone] => 86375883598
    [formname] => Обратная связь
)

------------------------

------------------------
26.04.2025 5:51:04
CallbackFormEmailModal
Array
(
    [name] => williambl4k3@web.de
    [phone] => 84356272945
    [formname] => Обратная связь
)

------------------------

------------------------
26.04.2025 6:31:12
CallbackFormEmailModal
Array
(
    [name] => ebnmty75@gmail.com
    [phone] => 86294191446
    [formname] => Обратная связь
)

------------------------

------------------------
26.04.2025 7:11:31
CallbackFormEmailModal
Array
(
    [name] => danilovavita9@mail.ru
    [phone] => 88938119519
    [formname] => Обратная связь
)

------------------------

------------------------
26.04.2025 7:30:06
CallbackFormEmailModal
Array
(
    [name] => bykovputislav7343@bk.ru
    [phone] => 83136722626
    [formname] => Обратная связь
)

------------------------

------------------------
26.04.2025 8:05:03
CallbackFormEmailModal
Array
(
    [name] => veronika.goryunova.06.09.2001@mail.ru
    [phone] => 81721631164
    [formname] => Обратная связь
)

------------------------

------------------------
26.04.2025 8:52:50
CallbackFormEmailModal
Array
(
    [name] => ponomaryov.borya.1983@bk.ru
    [phone] => 85954838543
    [formname] => Обратная связь
)

------------------------

------------------------
26.04.2025 9:03:26
CallbackFormEmailModal
Array
(
    [name] => kharitonovaezi1987@mail.ru
    [phone] => 82687236858
    [formname] => Обратная связь
)

------------------------

------------------------
26.04.2025 9:16:20
CallbackFormEmailModal
Array
(
    [name] => dolnovam@mail.ru
    [phone] => 83194127376
    [formname] => Обратная связь
)

------------------------

------------------------
26.04.2025 9:58:00
CallbackFormEmailModal
Array
(
    [name] => jisankape@list.ru
    [phone] => 86757864556
    [formname] => Обратная связь
)

------------------------

------------------------
26.04.2025 10:34:20
CallbackFormEmailModal
Array
(
    [name] => sevastian.borisov.27.8.1978@mail.ru
    [phone] => 88314727926
    [formname] => Обратная связь
)

------------------------

------------------------
26.04.2025 10:49:50
CallbackFormEmailModal
Array
(
    [name] => karpeciktibas19915@bk.ru
    [phone] => 84199521363
    [formname] => Обратная связь
)

------------------------

------------------------
26.04.2025 10:49:50
CallbackFormEmailModal
Array
(
    [name] => subbotinalenara88@mail.ru
    [phone] => 83426594175
    [formname] => Обратная связь
)

------------------------

------------------------
26.04.2025 11:41:39
CallbackFormEmailModal
Array
(
    [name] => pe.rs.ai.t.ov2.0@gmail.com:pop.gmail.com
    [phone] => 86414346241
    [formname] => Обратная связь
)

------------------------

------------------------
26.04.2025 13:31:02
CallbackFormEmailModal
Array
(
    [name] => tacusol-6816@mail.ru
    [phone] => 88672278756
    [formname] => Обратная связь
)

------------------------

------------------------
26.04.2025 14:00:51
CallbackFormEmailModal
Array
(
    [name] => revers711@1ti.ru
    [phone] => 85787637132
    [formname] => Обратная связь
)

------------------------

------------------------
26.04.2025 14:30:24
CallbackFormEmailModal
Array
(
    [name] => biggaiskim@gismail.online

    [phone] => 85845887987
    [formname] => Обратная связь
)

------------------------

------------------------
26.04.2025 15:51:40
CallbackFormEmailModal
Array
(
    [name] => ju5u4f3c@2mailcache.com
    [phone] => 87887536355
    [formname] => Обратная связь
)

------------------------

------------------------
26.04.2025 17:53:38
CallbackFormEmailModal
Array
(
    [name] => wxroxyxa@gmail.com
    [phone] => 82884968863
    [formname] => Обратная связь
)

------------------------

------------------------
26.04.2025 19:03:06
CallbackFormEmailModal
Array
(
    [name] => kimvilson06@gmail.com
    [phone] => 83752971949
    [formname] => Обратная связь
)

------------------------
