
------------------------
24.05.2023 0:23:22
CallbackFormEmailModal
Array
(
    [name] => gymacyczo@gmail.com
    [phone] => 83939528484
    [formname] => Обратная связь
)

------------------------

------------------------
24.05.2023 0:55:07
CallbackFormEmailModal
Array
(
    [name] => kilooosss1123jjj@outlook.com
    [phone] => 89475739575
    [formname] => Обратная связь
)

------------------------

------------------------
24.05.2023 3:00:21
CallbackFormEmailModal
Array
(
    [name] => cqurys@outlook.com
    [phone] => 87853467342
    [formname] => Обратная связь
)

------------------------

------------------------
24.05.2023 4:01:01
CallbackFormEmailModal
Array
(
    [name] => megaboommegaboom@yandex.com
    [phone] => 85375642989
    [formname] => Обратная связь
)

------------------------

------------------------
24.05.2023 4:10:50
CallbackFormEmailModal
Array
(
    [name] => vqjhobrt@mail.ru
    [phone] => +791234567982
    [formname] => Обратная связь
)

------------------------

------------------------
24.05.2023 13:07:08
CallbackFormEmailModal
Array
(
    [name] => agnessavolkova@seobomba.com
    [phone] => 83494284341
    [formname] => Обратная связь
)

------------------------

------------------------
24.05.2023 19:09:20
CallbackEmailModal
Array
(
    [name] => Василий
    [phone] => +7(981)778-57-28
    [comment] => Название продуката: Лестничная ступень SР 34х38/30х2 Zn 800х240 мм
Комменатрий: Добрый день, планируем использовать Лестничную ступень SР 34х38/30х2 Zn 800х240 мм в нашей конструкции, есть ли у вас готовая 3D-модель (STEP).
Почта для обратной связи: vaspi1996@yandex.ru
    [formname] => Задать вопрос по товару
)

------------------------
