
------------------------
19.01.2026 11:29:20
CallbackFormEmailModal
Array
(
    [name] => isabelladaM361421@gmail.com
    [phone] => 89414411655
    [formname] => Обратная связь
)

------------------------

------------------------
19.01.2026 13:30:54
CallbackFormEmailModal
Array
(
    [name] => uzmcswyn@tubermail.com
    [phone] => 84169158113
    [formname] => Обратная связь
)

------------------------

------------------------
19.01.2026 20:59:53
CallbackFormEmailModal
Array
(
    [name] => coyomvbs@fringmail.com
    [phone] => 88229667893
    [formname] => Обратная связь
)

------------------------
