
------------------------
20.06.2022 3:12:31
CallbackFormEmailModal
Array
(
    [name] => herlighingst@mailme.dk
    [phone] => 89035497317
    [formname] => Обратная связь
)

------------------------

------------------------
20.06.2022 5:33:35
CallbackFormEmailModal
Array
(
    [name] => SpipseWit@barrettmail.xyz
    [phone] => 89389154493
    [formname] => Обратная связь
)

------------------------

------------------------
20.06.2022 6:26:05
CallbackFormEmailModal
Array
(
    [name] => lexwill754@mailme.dk
    [phone] => 89036137621
    [formname] => Обратная связь
)

------------------------

------------------------
20.06.2022 7:25:35
CallbackFormEmailModal
Array
(
    [name] => wb2oz83188@list.ru
    [phone] => 79990029565
    [formname] => Обратная связь
)

------------------------

------------------------
20.06.2022 9:44:52
CallbackFormEmailModal
Array
(
    [name] => pasgus@bk.ru
    [phone] => 89034165457
    [formname] => Обратная связь
)

------------------------

------------------------
20.06.2022 13:01:09
CallbackFormEmailModal
Array
(
    [name] => nino01@forum.dk
    [phone] => 89035421167
    [formname] => Обратная связь
)

------------------------

------------------------
20.06.2022 14:03:41
Order
Array
(
    [name] => Алямовский Антон Викторович 
    [email] => director@smart-mail.su
    [phone] => +7-925-320-7700
    [comment] => Промышленный ТРАП W300 однокорпусный с вертикальным отводом DN110, кол-во: 1, цена: 11500руб.
Способ доставки: Самовывоз со склада
Выберите способ оплаты: Оплата на расчетный счет организации

Комментарий к заказу: 

    [formname] => Заказ из корзины
    [fields] => Array
        (
            [price] => 11500
        )

)

------------------------

------------------------
20.06.2022 16:16:21
CallbackFormEmailModal
Array
(
    [name] => janni2507@forum.dk
    [phone] => 89039055279
    [formname] => Обратная связь
)

------------------------

------------------------
20.06.2022 19:25:33
CallbackFormEmailModal
Array
(
    [name] => Eric Jones
    [phone] => 555-555-1212
    [formname] => Обратная связь
)

------------------------

------------------------
20.06.2022 19:30:12
CallbackFormEmailModal
Array
(
    [name] => githap@forum.dk
    [phone] => 89036211625
    [formname] => Обратная связь
)

------------------------

------------------------
20.06.2022 19:33:42
CallbackFormEmailModal
Array
(
    [name] => Eric Jones
    [phone] => 555-555-1212
    [formname] => Обратная связь
)

------------------------

------------------------
20.06.2022 22:42:05
CallbackFormEmailModal
Array
(
    [name] => eva90@forum.dk
    [phone] => 89036356788
    [formname] => Обратная связь
)

------------------------
