
------------------------
17.02.2025 1:03:14
CallbackFormEmailModal
Array
(
    [name] => nfroqszivel@rudiplomust.com
    [phone] => 89257438642
    [formname] => Обратная связь
)

------------------------

------------------------
17.02.2025 1:08:45
CallbackFormEmailModal
Array
(
    [name] => wuuqinezpel@rudiplomust.com
    [phone] => 81723163374
    [formname] => Обратная связь
)

------------------------

------------------------
17.02.2025 2:00:06
CallbackFormEmailModal
Array
(
    [name] => mickeycaf@bk.ru:50xa5mmm4
    [phone] => 86248181568
    [formname] => Обратная связь
)

------------------------

------------------------
17.02.2025 3:17:09
CallbackFormEmailModal
Array
(
    [name] => npcwntpbpel@rudiplomust.com
    [phone] => 81258847728
    [formname] => Обратная связь
)

------------------------

------------------------
17.02.2025 3:59:48
CallbackFormEmailModal
Array
(
    [name] => eijluxcwzKt@rudiplomust.com
    [phone] => 83754739669
    [formname] => Обратная связь
)

------------------------

------------------------
17.02.2025 4:22:18
CallbackFormEmailModal
Array
(
    [name] => moligarga1980@op.pl
    [phone] => 88184977553
    [formname] => Обратная связь
)

------------------------

------------------------
17.02.2025 4:34:57
CallbackFormEmailModal
Array
(
    [name] => usupwtnqwel@rudiplomust.com
    [phone] => 85243342224
    [formname] => Обратная связь
)

------------------------

------------------------
17.02.2025 5:02:56
CallbackFormEmailModal
Array
(
    [name] => btqmbaydkei@rudiplomust.com
    [phone] => 88789991878
    [formname] => Обратная связь
)

------------------------

------------------------
17.02.2025 5:21:21
CallbackFormEmailModal
Array
(
    [name] => yllzwcvzsel@rudiplomust.com
    [phone] => 86231994931
    [formname] => Обратная связь
)

------------------------

------------------------
17.02.2025 5:58:55
CallbackFormEmailModal
Array
(
    [name] => qpkaujrpnel@rudiplomust.com
    [phone] => 84754513862
    [formname] => Обратная связь
)

------------------------

------------------------
17.02.2025 8:05:19
CallbackFormEmailModal
Array
(
    [name] => mosoce-416@mail.ru
    [phone] => 86932788535
    [formname] => Обратная связь
)

------------------------

------------------------
17.02.2025 8:19:13
CallbackFormEmailModal
Array
(
    [name] => vitalik.denisov.2019@list.ru
    [phone] => 83519574834
    [formname] => Обратная связь
)

------------------------

------------------------
17.02.2025 8:34:40
CallbackFormEmailModal
Array
(
    [name] => rodionoverik1735@mail.ru
    [phone] => 87233593253
    [formname] => Обратная связь
)

------------------------

------------------------
17.02.2025 8:35:55
CallbackFormEmailModal
Array
(
    [name] => stenlyKip@gmail.com
    [phone] => 81483247271
    [formname] => Обратная связь
)

------------------------

------------------------
17.02.2025 9:25:44
CallbackFormEmailModal
Array
(
    [name] => fidzvkvjyel@rudiplomust.com
    [phone] => 87989835673
    [formname] => Обратная связь
)

------------------------

------------------------
17.02.2025 10:03:59
CallbackFormEmailModal
Array
(
    [name] => immhsrqerKn@rudiplomust.com
    [phone] => 83167221813
    [formname] => Обратная связь
)

------------------------

------------------------
17.02.2025 10:07:29
CallbackFormEmailModal
Array
(
    [name] => ilya.igoshin.85@mail.ru
    [phone] => 82681267591
    [formname] => Обратная связь
)

------------------------

------------------------
17.02.2025 10:15:04
CallbackFormEmailModal
Array
(
    [name] => sheveleva-alisa@bk.ru
    [phone] => 82444626346
    [formname] => Обратная связь
)

------------------------

------------------------
17.02.2025 10:54:20
CallbackFormEmailModal
Array
(
    [name] => zxtugajmcel@rudiplomust.com
    [phone] => 86149416696
    [formname] => Обратная связь
)

------------------------

------------------------
17.02.2025 12:19:17
CallbackFormEmailModal
Array
(
    [name] => ela.kubets.94@mail.ru
    [phone] => 84985461765
    [formname] => Обратная связь
)

------------------------

------------------------
17.02.2025 12:50:32
CallbackFormEmailModal
Array
(
    [name] => avgustina.morozova@bk.ru
    [phone] => 84348458342
    [formname] => Обратная связь
)

------------------------

------------------------
17.02.2025 12:54:58
CallbackFormEmailModal
Array
(
    [name] => ignatevipatii19908014@mail.ru
    [phone] => 83559654346
    [formname] => Обратная связь
)

------------------------

------------------------
17.02.2025 12:59:22
CallbackFormEmailModal
Array
(
    [name] => remodemu1973@mail.ru
    [phone] => 81163219875
    [formname] => Обратная связь
)

------------------------

------------------------
17.02.2025 13:01:08
CallbackFormEmailModal
Array
(
    [name] => btgrucnhaEt@rudiplomust.com
    [phone] => 85572476512
    [formname] => Обратная связь
)

------------------------

------------------------
17.02.2025 14:14:50
CallbackFormEmailModal
Array
(
    [name] => nadacottuobesnie@mail.ru
    [phone] => 83845378589
    [formname] => Обратная связь
)

------------------------

------------------------
17.02.2025 14:28:02
CallbackFormModal
Array
(
    [name] => Ирина Владимировна ООО Интул 
    [phone] => +7(920)258-19-58
    [formname] => Заказать звонок
)

------------------------

------------------------
17.02.2025 14:59:03
CallbackFormEmailModal
Array
(
    [name] => danilovavita9@mail.ru
    [phone] => 82974294295
    [formname] => Обратная связь
)

------------------------

------------------------
17.02.2025 15:23:11
CallbackFormEmailModal
Array
(
    [name] => c.h.m.e.l.o.l.e.k.s.a.n.dra@gmail.com
    [phone] => 81147961664
    [formname] => Обратная связь
)

------------------------

------------------------
17.02.2025 15:32:36
CallbackFormEmailModal
Array
(
    [name] => pavel.sitdikov.88@mail.ru
    [phone] => 86859471455
    [formname] => Обратная связь
)

------------------------

------------------------
17.02.2025 18:06:27
CallbackFormEmailModal
Array
(
    [name] => megaboommegaboom@yandex.com
    [phone] => 88578419386
    [formname] => Обратная связь
)

------------------------

------------------------
17.02.2025 18:15:21
CallbackFormEmailModal
Array
(
    [name] => www@don-rem.ru
    [phone] => 88689877773
    [formname] => Обратная связь
)

------------------------

------------------------
17.02.2025 18:59:03
CallbackFormEmailModal
Array
(
    [name] => ljusdukeeca1971@mail.ru
    [phone] => 86526742411
    [formname] => Обратная связь
)

------------------------

------------------------
17.02.2025 19:05:14
CallbackFormEmailModal
Array
(
    [name] => tuhkxrozwka@rudiplomust.com
    [phone] => 89163237165
    [formname] => Обратная связь
)

------------------------

------------------------
17.02.2025 19:46:13
CallbackFormEmailModal
Array
(
    [name] => dolnovam@mail.ru
    [phone] => 85113528573
    [formname] => Обратная связь
)

------------------------

------------------------
17.02.2025 20:19:55
CallbackFormEmailModal
Array
(
    [name] => margarit_ternova1999@mail.ru
    [phone] => 83773574781
    [formname] => Обратная связь
)

------------------------

------------------------
17.02.2025 20:58:10
CallbackFormEmailModal
Array
(
    [name] => osipova.liliia.1986.22.12@inbox.ru
    [phone] => 82154422677
    [formname] => Обратная связь
)

------------------------

------------------------
17.02.2025 21:07:01
CallbackFormEmailModal
Array
(
    [name] => yulya.onipchenko.88@mail.ru
    [phone] => 86547148647
    [formname] => Обратная связь
)

------------------------

------------------------
17.02.2025 23:09:06
CallbackFormEmailModal
Array
(
    [name] => ericwango@yahoo.com
    [phone] => 85331741772
    [formname] => Обратная связь
)

------------------------
