
------------------------
14.04.2026 15:40:21
CallbackEmailModal
Array
(
    [name] => Сергей
    [phone] => +7(863)927-74-00
    [comment] => Название продуката: Сварной  настил нестандартных размеров под заказ
Комменатрий: Здравствуйте, 
Прошу прислать предложение о возможности поставки решетчатого настила сварного оцинкованного
Размер 725х900 мм (+/-5мм) высота 25 мм, толщина несущей полосы 2 мм, размер ячейки приблизительно 22х33, требуется 8 шт
    [formname] => Задать вопрос по товару
)

------------------------

------------------------
14.04.2026 18:39:52
CallbackFormEmailModal
Array
(
    [name] => zoya.patrusheva.65@mail.ru
    [phone] => 87694253669
    [formname] => Обратная связь
)

------------------------

------------------------
14.04.2026 21:56:49
CallbackFormEmailModal
Array
(
    [name] => lyokhapolaso@mail.ru
    [phone] => 81816787592
    [formname] => Обратная связь
)

------------------------

------------------------
14.04.2026 22:42:24
CallbackFormEmailModal
Array
(
    [name] => konstantinrovini@mail.ru
    [phone] => 86968341351
    [formname] => Обратная связь
)

------------------------

------------------------
14.04.2026 23:42:53
CallbackFormEmailModal
Array
(
    [name] => toktobayeva.nata@mail.ru
    [phone] => 88838566745
    [formname] => Обратная связь
)

------------------------
