
------------------------
24.10.2025 0:09:37
CallbackFormEmailModal
Array
(
    [name] => ofqhmyio@eblanomail.com
    [phone] => 86945445514
    [formname] => Обратная связь
)

------------------------

------------------------
24.10.2025 1:53:12
CallbackFormEmailModal
Array
(
    [name] => xrumer23Kip@gmail.com
    [phone] => 81914142295
    [formname] => Обратная связь
)

------------------------

------------------------
24.10.2025 2:15:04
CallbackFormEmailModal
Array
(
    [name] => aleksandrhasuchu@mail.ru
    [phone] => 89787586445
    [formname] => Обратная связь
)

------------------------

------------------------
24.10.2025 2:16:38
CallbackFormEmailModal
Array
(
    [name] => yaroslav.sevastyanov.1988@mail.ru
    [phone] => 83157977526
    [formname] => Обратная связь
)

------------------------

------------------------
24.10.2025 2:17:10
CallbackFormEmailModal
Array
(
    [name] => lashawndaqkpuc@mail.ru
    [phone] => 81133731716
    [formname] => Обратная связь
)

------------------------

------------------------
24.10.2025 2:37:09
CallbackFormEmailModal
Array
(
    [name] => dionisij.grigorev.92@mail.ru
    [phone] => 84123376658
    [formname] => Обратная связь
)

------------------------

------------------------
24.10.2025 2:39:29
CallbackFormEmailModal
Array
(
    [name] => pencucon_97@mail.ru
    [phone] => 89728734853
    [formname] => Обратная связь
)

------------------------

------------------------
24.10.2025 2:40:48
CallbackFormEmailModal
Array
(
    [name] => eprovbelwha@mail.ru
    [phone] => 89785199875
    [formname] => Обратная связь
)

------------------------

------------------------
24.10.2025 2:44:59
CallbackFormEmailModal
Array
(
    [name] => erangifest1980@mail.ru
    [phone] => 87127219274
    [formname] => Обратная связь
)

------------------------

------------------------
24.10.2025 2:53:31
CallbackFormEmailModal
Array
(
    [name] => mamedov.edgar.1992.3.3@inbox.ru
    [phone] => 82641866141
    [formname] => Обратная связь
)

------------------------

------------------------
24.10.2025 3:33:05
CallbackFormEmailModal
Array
(
    [name] => akindinkudryashov6842@mail.ru
    [phone] => 83577982169
    [formname] => Обратная связь
)

------------------------

------------------------
24.10.2025 3:35:29
CallbackFormEmailModal
Array
(
    [name] => prosavmobi1981@mail.ru
    [phone] => 88385722248
    [formname] => Обратная связь
)

------------------------

------------------------
24.10.2025 3:38:00
CallbackFormEmailModal
Array
(
    [name] => pomgmk9oheivabfooksm@list.ru
    [phone] => 85248761586
    [formname] => Обратная связь
)

------------------------

------------------------
24.10.2025 3:47:25
CallbackFormEmailModal
Array
(
    [name] => stasbogeli@mail.ru
    [phone] => 81639993791
    [formname] => Обратная связь
)

------------------------

------------------------
24.10.2025 3:50:11
CallbackFormEmailModal
Array
(
    [name] => ponomaryov.borya.1983@bk.ru
    [phone] => 86611182774
    [formname] => Обратная связь
)

------------------------

------------------------
24.10.2025 3:56:56
CallbackFormEmailModal
Array
(
    [name] => sinevhabibi664@bk.ru
    [phone] => 82474365131
    [formname] => Обратная связь
)

------------------------

------------------------
24.10.2025 4:01:14
CallbackFormEmailModal
Array
(
    [name] => cargo888cn@gmail.com
    [phone] => 81249413392
    [formname] => Обратная связь
)

------------------------

------------------------
24.10.2025 4:03:29
CallbackFormEmailModal
Array
(
    [name] => tacusol-6816@mail.ru
    [phone] => 83119984269
    [formname] => Обратная связь
)

------------------------

------------------------
24.10.2025 4:04:19
CallbackFormEmailModal
Array
(
    [name] => yulyagabipo@mail.ru
    [phone] => 84384583957
    [formname] => Обратная связь
)

------------------------

------------------------
24.10.2025 8:35:31
CallbackFormEmailModal
Array
(
    [name] => mr.markus.virtanen@gmail.com
    [phone] => 82533725554
    [formname] => Обратная связь
)

------------------------

------------------------
24.10.2025 8:37:08
CallbackFormEmailModal
Array
(
    [name] => xroomer1st@gmail.com
    [phone] => 85392842651
    [formname] => Обратная связь
)

------------------------

------------------------
24.10.2025 8:51:53
CallbackFormEmailModal
Array
(
    [name] => kskoxim@inbox.ru
    [phone] => 84287879911
    [formname] => Обратная связь
)

------------------------

------------------------
24.10.2025 8:53:51
CallbackFormEmailModal
Array
(
    [name] => pavelpapebi@mail.ru
    [phone] => 88662517649
    [formname] => Обратная связь
)

------------------------

------------------------
24.10.2025 9:29:36
CallbackFormEmailModal
Array
(
    [name] => serezhamobisa@mail.ru
    [phone] => 86649636986
    [formname] => Обратная связь
)

------------------------

------------------------
24.10.2025 9:32:53
CallbackFormEmailModal
Array
(
    [name] => antonwefulu@mail.ru
    [phone] => 83169913819
    [formname] => Обратная связь
)

------------------------

------------------------
24.10.2025 9:37:16
CallbackFormEmailModal
Array
(
    [name] => cratunsculit1988@mail.ru
    [phone] => 83439788739
    [formname] => Обратная связь
)

------------------------

------------------------
24.10.2025 9:37:18
CallbackFormEmailModal
Array
(
    [name] => kskoxim@inbox.ru
    [phone] => 82914767913
    [formname] => Обратная связь
)

------------------------

------------------------
24.10.2025 9:48:36
CallbackFormEmailModal
Array
(
    [name] => anya.genger@mail.ru
    [phone] => 88198715395
    [formname] => Обратная связь
)

------------------------

------------------------
24.10.2025 9:52:48
CallbackFormEmailModal
Array
(
    [name] => margarita.stolyarova.26.05.1995@mail.ru
    [phone] => 81293343563
    [formname] => Обратная связь
)

------------------------

------------------------
24.10.2025 9:53:19
CallbackFormEmailModal
Array
(
    [name] => haredkolpma@gmail.com
    [phone] => 89548764786
    [formname] => Обратная связь
)

------------------------

------------------------
24.10.2025 13:12:45
CallbackFormEmailModal
Array
(
    [name] => maksdaloli@mail.ru
    [phone] => 85815917286
    [formname] => Обратная связь
)

------------------------

------------------------
24.10.2025 13:13:17
CallbackFormEmailModal
Array
(
    [name] => ivanpoluma@mail.ru
    [phone] => 85144927179
    [formname] => Обратная связь
)

------------------------

------------------------
24.10.2025 13:22:16
CallbackFormEmailModal
Array
(
    [name] => jisankape@list.ru
    [phone] => 87188392182
    [formname] => Обратная связь
)

------------------------

------------------------
24.10.2025 13:25:20
CallbackFormEmailModal
Array
(
    [name] => placnacidown1989@mail.ru
    [phone] => 89486449347
    [formname] => Обратная связь
)

------------------------

------------------------
24.10.2025 13:33:56
CallbackFormEmailModal
Array
(
    [name] => varvara.nikolaeva.23.8.1964@mail.ru
    [phone] => 89884384936
    [formname] => Обратная связь
)

------------------------

------------------------
24.10.2025 13:41:03
CallbackFormEmailModal
Array
(
    [name] => ObliceDopcroririt@freespainmail.com
    [phone] => 87432783674
    [formname] => Обратная связь
)

------------------------

------------------------
24.10.2025 13:42:38
CallbackFormEmailModal
Array
(
    [name] => prohor.zlobin.14.11.1987@mail.ru
    [phone] => 83953128162
    [formname] => Обратная связь
)

------------------------

------------------------
24.10.2025 13:58:45
CallbackFormEmailModal
Array
(
    [name] => yaroslav.sevastyanov.1988@mail.ru
    [phone] => 86227661195
    [formname] => Обратная связь
)

------------------------

------------------------
24.10.2025 14:06:24
CallbackFormEmailModal
Array
(
    [name] => eprovbelwha@mail.ru
    [phone] => 81252989743
    [formname] => Обратная связь
)

------------------------

------------------------
24.10.2025 14:35:03
CallbackFormEmailModal
Array
(
    [name] => gulyabonimo@mail.ru
    [phone] => 82121981388
    [formname] => Обратная связь
)

------------------------

------------------------
24.10.2025 15:20:11
CallbackFormEmailModal
Array
(
    [name] => blinovazinonna1983@mail.ru
    [phone] => 82713893721
    [formname] => Обратная связь
)

------------------------

------------------------
24.10.2025 15:20:16
CallbackFormEmailModal
Array
(
    [name] => olesya.zhukova.1994@bk.ru
    [phone] => 86899985374
    [formname] => Обратная связь
)

------------------------

------------------------
24.10.2025 15:21:14
CallbackFormEmailModal
Array
(
    [name] => podaiclan_547@mail.ru
    [phone] => 83554961783
    [formname] => Обратная связь
)

------------------------

------------------------
24.10.2025 15:21:19
CallbackFormEmailModal
Array
(
    [name] => martakalinina84@mail.ru
    [phone] => 85674372917
    [formname] => Обратная связь
)

------------------------

------------------------
24.10.2025 15:22:50
CallbackFormEmailModal
Array
(
    [name] => hrabrgulyaev1996673@mail.ru
    [phone] => 88895181272
    [formname] => Обратная связь
)

------------------------

------------------------
24.10.2025 15:22:50
CallbackFormEmailModal
Array
(
    [name] => kharalampiimartyshkin@mail.ru
    [phone] => 84766984899
    [formname] => Обратная связь
)

------------------------

------------------------
24.10.2025 15:27:07
CallbackFormEmailModal
Array
(
    [name] => tacusol-6816@mail.ru
    [phone] => 86364964683
    [formname] => Обратная связь
)

------------------------

------------------------
24.10.2025 15:28:17
CallbackFormEmailModal
Array
(
    [name] => irinaxokalo@mail.ru
    [phone] => 83514543938
    [formname] => Обратная связь
)

------------------------

------------------------
24.10.2025 15:28:19
CallbackFormEmailModal
Array
(
    [name] => galyazafuna@mail.ru
    [phone] => 81817153498
    [formname] => Обратная связь
)

------------------------

------------------------
24.10.2025 15:28:22
CallbackFormEmailModal
Array
(
    [name] => yulyagabipo@mail.ru
    [phone] => 81177489184
    [formname] => Обратная связь
)

------------------------

------------------------
24.10.2025 15:33:10
CallbackFormEmailModal
Array
(
    [name] => sinevhabibi664@bk.ru
    [phone] => 81417612699
    [formname] => Обратная связь
)

------------------------

------------------------
24.10.2025 15:35:52
CallbackFormEmailModal
Array
(
    [name] => konstantinrovini@mail.ru
    [phone] => 88455498552
    [formname] => Обратная связь
)

------------------------

------------------------
24.10.2025 15:36:46
CallbackFormEmailModal
Array
(
    [name] => toktobayeva.nata@mail.ru
    [phone] => 83634941524
    [formname] => Обратная связь
)

------------------------

------------------------
24.10.2025 15:38:37
CallbackFormEmailModal
Array
(
    [name] => gunlekingovertcon@mail.ru
    [phone] => 83555873851
    [formname] => Обратная связь
)

------------------------

------------------------
24.10.2025 15:41:05
CallbackFormEmailModal
Array
(
    [name] => ziminbertold1990@bk.ru
    [phone] => 83779368129
    [formname] => Обратная связь
)

------------------------

------------------------
24.10.2025 15:59:58
CallbackFormEmailModal
Array
(
    [name] => polyakovdanila19908366@mail.ru
    [phone] => 81866331518
    [formname] => Обратная связь
)

------------------------

------------------------
24.10.2025 16:00:44
CallbackFormEmailModal
Array
(
    [name] => nifontmarkov1987@mail.ru
    [phone] => 84821138716
    [formname] => Обратная связь
)

------------------------

------------------------
24.10.2025 16:01:20
CallbackFormEmailModal
Array
(
    [name] => annachusuha@mail.ru
    [phone] => 89788479637
    [formname] => Обратная связь
)

------------------------

------------------------
24.10.2025 16:07:13
CallbackFormEmailModal
Array
(
    [name] => elenaroludo@mail.ru
    [phone] => 82488158195
    [formname] => Обратная связь
)

------------------------

------------------------
24.10.2025 16:13:19
CallbackFormEmailModal
Array
(
    [name] => rerkgeemong98@mail.ru
    [phone] => 89828919667
    [formname] => Обратная связь
)

------------------------

------------------------
24.10.2025 16:34:42
CallbackFormEmailModal
Array
(
    [name] => veronika.goryunova.06.09.2001@mail.ru
    [phone] => 81447961864
    [formname] => Обратная связь
)

------------------------

------------------------
24.10.2025 16:43:54
CallbackFormEmailModal
Array
(
    [name] => deacren@mail.ru
    [phone] => 89717693945
    [formname] => Обратная связь
)

------------------------

------------------------
24.10.2025 21:34:27
CallbackFormEmailModal
Array
(
    [name] => anna.shapiro.78@mail.ru
    [phone] => 87937687447
    [formname] => Обратная связь
)

------------------------

------------------------
24.10.2025 21:47:54
CallbackFormEmailModal
Array
(
    [name] => kseniyanechusa@mail.ru
    [phone] => 86224559894
    [formname] => Обратная связь
)

------------------------

------------------------
24.10.2025 21:48:22
CallbackFormEmailModal
Array
(
    [name] => musaev.misha.1982.3.5@list.ru
    [phone] => 85733455167
    [formname] => Обратная связь
)

------------------------

------------------------
24.10.2025 21:51:48
CallbackFormEmailModal
Array
(
    [name] => eepovda@bk.ru
    [phone] => 88773264538
    [formname] => Обратная связь
)

------------------------

------------------------
24.10.2025 22:02:44
CallbackFormEmailModal
Array
(
    [name] => anastasiyajonala@mail.ru
    [phone] => 81425992714
    [formname] => Обратная связь
)

------------------------

------------------------
24.10.2025 22:03:33
CallbackFormEmailModal
Array
(
    [name] => aleksandrrapeka@mail.ru
    [phone] => 86687649381
    [formname] => Обратная связь
)

------------------------

------------------------
24.10.2025 22:04:57
CallbackFormEmailModal
Array
(
    [name] => pomgmk9oheivabfooksm@list.ru
    [phone] => 88456249622
    [formname] => Обратная связь
)

------------------------

------------------------
24.10.2025 22:18:17
CallbackFormEmailModal
Array
(
    [name] => ivanfuvuso@mail.ru
    [phone] => 89877438867
    [formname] => Обратная связь
)

------------------------

------------------------
24.10.2025 22:38:02
CallbackFormEmailModal
Array
(
    [name] => nikoylaura@web.de
    [phone] => 86115641484
    [formname] => Обратная связь
)

------------------------

------------------------
24.10.2025 22:39:28
CallbackFormEmailModal
Array
(
    [name] => ponomaryov.borya.1983@bk.ru
    [phone] => 88314156441
    [formname] => Обратная связь
)

------------------------

------------------------
24.10.2025 22:48:14
CallbackFormEmailModal
Array
(
    [name] => pavel.sitdikov.88@mail.ru
    [phone] => 88547268637
    [formname] => Обратная связь
)

------------------------

------------------------
24.10.2025 22:59:09
CallbackFormEmailModal
Array
(
    [name] => akindinkudryashov6842@mail.ru
    [phone] => 88888783256
    [formname] => Обратная связь
)

------------------------

------------------------
24.10.2025 22:59:10
CallbackFormEmailModal
Array
(
    [name] => prosavmobi1981@mail.ru
    [phone] => 88556685283
    [formname] => Обратная связь
)

------------------------

------------------------
24.10.2025 23:10:06
CallbackFormEmailModal
Array
(
    [name] => laisumake186@mail.ru
    [phone] => 84224537492
    [formname] => Обратная связь
)

------------------------

------------------------
24.10.2025 23:41:21
CallbackFormEmailModal
Array
(
    [name] => valentinamilusa@mail.ru
    [phone] => 89458322838
    [formname] => Обратная связь
)

------------------------

------------------------
24.10.2025 23:45:06
CallbackFormEmailModal
Array
(
    [name] => zekisuquc419@gmail.com
    [phone] => 81333991699
    [formname] => Обратная связь
)

------------------------

------------------------
24.10.2025 23:47:15
CallbackFormEmailModal
Array
(
    [name] => margarita.stolyarova.26.05.1995@mail.ru
    [phone] => 83421978529
    [formname] => Обратная связь
)

------------------------

------------------------
24.10.2025 23:50:49
CallbackFormEmailModal
Array
(
    [name] => postsaddtaliretneu@mail.ru
    [phone] => 89221972957
    [formname] => Обратная связь
)

------------------------

------------------------
24.10.2025 23:52:04
CallbackFormEmailModal
Array
(
    [name] => naphtloxua-5550@mail.ru
    [phone] => 88431224159
    [formname] => Обратная связь
)

------------------------

------------------------
24.10.2025 23:55:55
CallbackFormEmailModal
Array
(
    [name] => vitya-kondratev-1969@inbox.ru
    [phone] => 86861433259
    [formname] => Обратная связь
)

------------------------

------------------------
24.10.2025 23:56:25
CallbackFormEmailModal
Array
(
    [name] => quejudcatan1981@mail.ru
    [phone] => 85143625111
    [formname] => Обратная связь
)

------------------------

------------------------
24.10.2025 23:56:43
CallbackFormEmailModal
Array
(
    [name] => higbiosepo1986@mail.ru
    [phone] => 81128338315
    [formname] => Обратная связь
)

------------------------

------------------------
24.10.2025 23:56:53
CallbackFormEmailModal
Array
(
    [name] => amabil.6002@mail.ru
    [phone] => 86395213143
    [formname] => Обратная связь
)

------------------------

------------------------
24.10.2025 23:57:31
CallbackFormEmailModal
Array
(
    [name] => olegzaluri@mail.ru
    [phone] => 88581158811
    [formname] => Обратная связь
)

------------------------

------------------------
24.10.2025 23:57:34
CallbackFormEmailModal
Array
(
    [name] => osipova.liliia.1986.22.12@inbox.ru
    [phone] => 87181918781
    [formname] => Обратная связь
)

------------------------

------------------------
24.10.2025 23:57:35
CallbackFormEmailModal
Array
(
    [name] => dolnovam@mail.ru
    [phone] => 82975148391
    [formname] => Обратная связь
)

------------------------
