
------------------------
05.08.2021 2:37:59
CallbackFormEmailModal
Array
(
    [name] => stroyww@gmail.com
    [phone] => 83228971315
    [formname] => Обратная связь
)

------------------------

------------------------
05.08.2021 4:32:55
CallbackFormEmailModal
Array
(
    [name] => lawerencemartineau7162@gmail.com

    [phone] => 89963784573
    [formname] => Обратная связь
)

------------------------

------------------------
05.08.2021 18:48:35
CallbackFormEmailModal
Array
(
    [name] => Eugenio Elwick
    [phone] => RodrickSolon@gmail.com
    [formname] => Обратная связь
)

------------------------
