
------------------------
28.09.2025 0:07:02
CallbackFormEmailModal
Array
(
    [name] => Kelvin Ashe
    [phone] => Germany
    [formname] => Обратная связь
)

------------------------

------------------------
28.09.2025 1:28:33
CallbackFormEmailModal
Array
(
    [name] => serafimarinetarikov@gmail.com
    [phone] => 83336345891
    [formname] => Обратная связь
)

------------------------

------------------------
28.09.2025 5:13:08
CallbackFormEmailModal
Array
(
    [name] => c88i2@c88i.art
    [phone] => 81723469399
    [formname] => Обратная связь
)

------------------------

------------------------
28.09.2025 7:44:41
CallbackFormEmailModal
Array
(
    [name] => naphtloxua-5550@mail.ru
    [phone] => 81684636996
    [formname] => Обратная связь
)

------------------------

------------------------
28.09.2025 7:57:44
CallbackFormEmailModal
Array
(
    [name] => margarita.stolyarova.26.05.1995@mail.ru
    [phone] => 82949623842
    [formname] => Обратная связь
)

------------------------

------------------------
28.09.2025 8:38:25
CallbackFormEmailModal
Array
(
    [name] => profconbu_64@mail.ru
    [phone] => 82923557216
    [formname] => Обратная связь
)

------------------------

------------------------
28.09.2025 9:24:14
CallbackFormEmailModal
Array
(
    [name] => tacusol-6816@mail.ru
    [phone] => 84469795627
    [formname] => Обратная связь
)

------------------------

------------------------
28.09.2025 10:59:28
CallbackFormEmailModal
Array
(
    [name] => ha.luongkim95@gmail.com
    [phone] => 86462699772
    [formname] => Обратная связь
)

------------------------

------------------------
28.09.2025 12:17:07
CallbackFormEmailModal
Array
(
    [name] => erangifest1980@mail.ru
    [phone] => 88659584447
    [formname] => Обратная связь
)

------------------------

------------------------
28.09.2025 12:22:04
CallbackFormEmailModal
Array
(
    [name] => eepovda@bk.ru
    [phone] => 87598279523
    [formname] => Обратная связь
)

------------------------

------------------------
28.09.2025 12:23:46
CallbackFormEmailModal
Array
(
    [name] => yulya.onipchenko.88@mail.ru
    [phone] => 87145466479
    [formname] => Обратная связь
)

------------------------

------------------------
28.09.2025 13:39:36
CallbackFormEmailModal
Array
(
    [name] => stapuntril1990@mail.ru
    [phone] => 88435597276
    [formname] => Обратная связь
)

------------------------

------------------------
28.09.2025 14:40:07
CallbackFormEmailModal
Array
(
    [name] => m88i2@m88i.click
    [phone] => 88652847354
    [formname] => Обратная связь
)

------------------------

------------------------
28.09.2025 16:03:27
CallbackFormEmailModal
Array
(
    [name] => Vivavalia@abv.bg
    [phone] => 85521295656
    [formname] => Обратная связь
)

------------------------

------------------------
28.09.2025 16:09:13
CallbackFormEmailModal
Array
(
    [name] => diljjpac@streetwormail.com
    [phone] => 87482597417
    [formname] => Обратная связь
)

------------------------

------------------------
28.09.2025 16:17:27
CallbackFormEmailModal
Array
(
    [name] => yourmail@gmail.com
    [phone] => 89736146253
    [formname] => Обратная связь
)

------------------------

------------------------
28.09.2025 16:17:29
CallbackFormEmailModal
Array
(
    [name] => yourmail@gmail.com
    [phone] => 85785376432
    [formname] => Обратная связь
)

------------------------

------------------------
28.09.2025 16:43:30
CallbackFormEmailModal
Array
(
    [name] => nqzrkzuo@tubermail.com
    [phone] => 83125167376
    [formname] => Обратная связь
)

------------------------

------------------------
28.09.2025 16:49:32
CallbackFormEmailModal
Array
(
    [name] => runauexd@ronaldofmail.com
    [phone] => 87677457427
    [formname] => Обратная связь
)

------------------------

------------------------
28.09.2025 17:43:09
CallbackFormEmailModal
Array
(
    [name] => n88i2@n88i.space
    [phone] => 89327117336
    [formname] => Обратная связь
)

------------------------

------------------------
28.09.2025 18:28:29
CallbackFormEmailModal
Array
(
    [name] => zffrqtsz@ronaldofmail.com
    [phone] => 82282553119
    [formname] => Обратная связь
)

------------------------

------------------------
28.09.2025 18:53:21
CallbackFormEmailModal
Array
(
    [name] => l88i2@l88i.live
    [phone] => 85728843663
    [formname] => Обратная связь
)

------------------------

------------------------
28.09.2025 19:11:30
CallbackFormEmailModal
Array
(
    [name] => ObliceDopcroririt@freespainmail.com
    [phone] => 87452998775
    [formname] => Обратная связь
)

------------------------

------------------------
28.09.2025 20:38:44
CallbackFormEmailModal
Array
(
    [name] => 84xrumer16@farironalds.com
    [phone] => 85483478689
    [formname] => Обратная связь
)

------------------------

------------------------
28.09.2025 21:13:39
CallbackFormEmailModal
Array
(
    [name] => sergowor.kin.g7.18@gmail.com
    [phone] => 85523993254
    [formname] => Обратная связь
)

------------------------

------------------------
28.09.2025 21:34:57
CallbackFormEmailModal
Array
(
    [name] => a88i2@a88i.fit
    [phone] => 89269448229
    [formname] => Обратная связь
)

------------------------

------------------------
28.09.2025 21:43:23
CallbackFormEmailModal
Array
(
    [name] => eprovbelwha@mail.ru
    [phone] => 85783144938
    [formname] => Обратная связь
)

------------------------

------------------------
28.09.2025 21:46:54
CallbackFormEmailModal
Array
(
    [name] => 20xrumer27@farironalds.com
    [phone] => 81593278459
    [formname] => Обратная связь
)

------------------------

------------------------
28.09.2025 21:52:18
CallbackFormEmailModal
Array
(
    [name] => pomgmk9oheivabfooksm@list.ru
    [phone] => 86751559273
    [formname] => Обратная связь
)

------------------------

------------------------
28.09.2025 21:54:59
CallbackFormEmailModal
Array
(
    [name] => pencucon_97@mail.ru
    [phone] => 89647399217
    [formname] => Обратная связь
)

------------------------
