
------------------------
08.10.2025 1:47:45
CallbackFormEmailModal
Array
(
    [name] => hafcuibuew@rambler.ru
    [phone] => 89664111197
    [formname] => Обратная связь
)

------------------------

------------------------
08.10.2025 3:06:57
CallbackFormEmailModal
Array
(
    [name] => loshara999991@gmail.com
    [phone] => 87172317412
    [formname] => Обратная связь
)

------------------------

------------------------
08.10.2025 4:32:29
CallbackFormEmailModal
Array
(
    [name] => dfsagtrweghtrehtryh806@gmail.com
    [phone] => 82187399423
    [formname] => Обратная связь
)

------------------------

------------------------
08.10.2025 8:32:17
CallbackFormEmailModal
Array
(
    [name] => sergowor.kin.g.718@gmail.com
    [phone] => 82323735632
    [formname] => Обратная связь
)

------------------------

------------------------
08.10.2025 9:31:09
CallbackFormEmailModal
Array
(
    [name] => yrzcehzf@streetwormail.com
    [phone] => 86245578938
    [formname] => Обратная связь
)

------------------------

------------------------
08.10.2025 13:11:05
CallbackFormEmailModal
Array
(
    [name] => daneal.hon@web.de
    [phone] => 89288566115
    [formname] => Обратная связь
)

------------------------

------------------------
08.10.2025 16:03:12
CallbackFormEmailModal
Array
(
    [name] => infosos@lksis.ru
    [phone] => 84633449851
    [formname] => Обратная связь
)

------------------------

------------------------
08.10.2025 18:54:04
CallbackFormEmailModal
Array
(
    [name] => blog@news-crpyot-24.blog
    [phone] => 83899372189
    [formname] => Обратная связь
)

------------------------

------------------------
08.10.2025 22:55:17
CallbackFormEmailModal
Array
(
    [name] => sergowor.kin.g.71.8@gmail.com
    [phone] => 89623927584
    [formname] => Обратная связь
)

------------------------

------------------------
08.10.2025 23:09:46
CallbackFormEmailModal
Array
(
    [name] => davidmib@mail.ru
    [phone] => 84438346124
    [formname] => Обратная связь
)

------------------------
