
------------------------
12.01.2023 1:40:47
CallbackEmailModal
Array
(
    [name] => ippudransom1997@gmx-mails.com
    [phone] => 88951645767
    [comment] => Название продуката: Прессованный  настил P 33х33/30х3 Zn 1000х1000 мм
Комменатрий: Какие слова... супер, отличная фраза
 у <a href=https://kapelki-firefit.ru/>kapelki-firefit.ru</a> пролонгированный воздействие, видимо!
    [formname] => Задать вопрос по товару
)

------------------------

------------------------
12.01.2023 2:53:42
CallbackFormEmailModal
Array
(
    [name] => veronikapikos@yandex.ru
    [phone] => 88284461226
    [formname] => Обратная связь
)

------------------------

------------------------
12.01.2023 3:34:26
CallbackFormEmailModal
Array
(
    [name] => nikolayvezdyk@mail.ru
    [phone] => https://Okeygorandom.com/?poisk
 <<< HIMS.: ** THE PASSIVEEARNINGS IT'S 899EU A DAY LET'S DO IT -

    [formname] => Обратная связь
)

------------------------

------------------------
12.01.2023 14:28:32
CallbackFormEmailModal
Array
(
    [name] => choksawn@gmail.com
    [phone] => 82523128663
    [formname] => Обратная связь
)

------------------------

------------------------
12.01.2023 16:08:52
CallbackFormEmailModal
Array
(
    [name] => brainia@newtopmail.xyz
    [phone] => 88198836351
    [formname] => Обратная связь
)

------------------------

------------------------
12.01.2023 20:55:31
CallbackFormEmailModal
Array
(
    [name] => roberts@mailside.site
    [phone] => 83711176743
    [formname] => Обратная связь
)

------------------------

------------------------
12.01.2023 21:34:11
CallbackFormEmailModal
Array
(
    [name] => alexpopov716253@gmail.com
    [phone] => 89358656471
    [formname] => Обратная связь
)

------------------------
