
------------------------
07.02.2022 2:18:20
CallbackFormEmailModal
Array
(
    [name] => akb.rusl@yandex.ru
    [phone] => 86742239456
    [formname] => Обратная связь
)

------------------------

------------------------
07.02.2022 3:14:21
CallbackFormEmailModal
Array
(
    [name] => dirbaz21888@list.ru
    [phone] => 79015243098
    [formname] => Обратная связь
)

------------------------

------------------------
07.02.2022 15:16:27
CallbackEmailModal
Array
(
    [name] => Филипп
    [phone] => +7(903)579-94-80
    [comment] => Название продуката: Лестничная ступень Р 33х33/30х3 Zn 1000х270 мм
Комменатрий: Здравствуйте,
интересует Лестничная ступень Р 33х33/30х3 Zn 1000х270 мм в количестве 6 штук. Доставка до Сергиево Посадский городской округ, д. Воронино, СНТ Отдых, 10-я улица, дом 584.

С уважением, Филипп. 
    [formname] => Задать вопрос по товару
)

------------------------

------------------------
07.02.2022 17:51:44
CallbackFormEmailModal
Array
(
    [name] => vtope@internet.ru
    [phone] => 89936841237
    [formname] => Обратная связь
)

------------------------
