
------------------------
16.10.2024 4:15:35
CallbackFormEmailModal
Array
(
    [name] => dznrwxsigel@rudiplomust.com
    [phone] => 84791626628
    [formname] => Обратная связь
)

------------------------

------------------------
16.10.2024 4:58:11
CallbackFormEmailModal
Array
(
    [name] => slurexni@gismail.online

    [phone] => 88221773296
    [formname] => Обратная связь
)

------------------------

------------------------
16.10.2024 5:24:30
CallbackFormEmailModal
Array
(
    [name] => eotjemzucel@rudiplomust.com
    [phone] => 85819997146
    [formname] => Обратная связь
)

------------------------

------------------------
16.10.2024 7:06:08
CallbackFormEmailModal
Array
(
    [name] => sabrinaablezova35@gmail.com
    [phone] => 84557558173
    [formname] => Обратная связь
)

------------------------

------------------------
16.10.2024 8:27:14
CallbackFormEmailModal
Array
(
    [name] => uulmyussvel@rudiplomust.com
    [phone] => 87115886614
    [formname] => Обратная связь
)

------------------------

------------------------
16.10.2024 12:39:36
CallbackFormEmailModal
Array
(
    [name] => mefmgvctcel@rudiplomust.com
    [phone] => 87373181682
    [formname] => Обратная связь
)

------------------------

------------------------
16.10.2024 13:03:28
CallbackFormEmailModal
Array
(
    [name] => iktfdlmqlel@rudiplomust.com
    [phone] => 89495119446
    [formname] => Обратная связь
)

------------------------

------------------------
16.10.2024 17:31:23
CallbackFormEmailModal
Array
(
    [name] => anna.siverova@mail.ru
    [phone] => 87328993795
    [formname] => Обратная связь
)

------------------------

------------------------
16.10.2024 19:36:45
CallbackFormEmailModal
Array
(
    [name] => xrumer23Kip@gmail.com
    [phone] => 88955473666
    [formname] => Обратная связь
)

------------------------

------------------------
16.10.2024 20:19:31
CallbackFormEmailModal
Array
(
    [name] => cqmwqexltel@rudiplomust.com
    [phone] => 86784333126
    [formname] => Обратная связь
)

------------------------

------------------------
16.10.2024 23:20:27
CallbackFormEmailModal
Array
(
    [name] => langclumnatanb1984@mailopenz.com
    [phone] => 89359635697
    [formname] => Обратная связь
)

------------------------
