
------------------------
11.07.2024 1:23:56
CallbackFormEmailModal
Array
(
    [name] => miholenko98@mail.ru
    [phone] => 85833747781
    [formname] => Обратная связь
)

------------------------

------------------------
11.07.2024 2:13:35
CallbackFormEmailModal
Array
(
    [name] => bneiahqadst@rudiplomust.com
    [phone] => 86163726367
    [formname] => Обратная связь
)

------------------------

------------------------
11.07.2024 2:26:05
CallbackFormEmailModal
Array
(
    [name] => lvaoxjltoel@rudiplomust.com
    [phone] => 89461348686
    [formname] => Обратная связь
)

------------------------

------------------------
11.07.2024 3:25:10
CallbackFormEmailModal
Array
(
    [name] => vkzbolvunel@rudiplomust.cm
    [phone] => 88549957517
    [formname] => Обратная связь
)

------------------------

------------------------
11.07.2024 3:33:35
CallbackFormEmailModal
Array
(
    [name] => jamie52silvaibb@outlook.com
    [phone] => 89541765324
    [formname] => Обратная связь
)

------------------------

------------------------
11.07.2024 3:36:56
CallbackFormEmailModal
Array
(
    [name] => nellazhyua@onet.pl
    [phone] => 82895326656
    [formname] => Обратная связь
)

------------------------

------------------------
11.07.2024 3:39:09
CallbackFormEmailModal
Array
(
    [name] => touuhqylbel@outlook.com
    [phone] => 85422378695
    [formname] => Обратная связь
)

------------------------

------------------------
11.07.2024 4:37:11
CallbackFormEmailModal
Array
(
    [name] => tvjyhjwudel@rudiplomust.com
    [phone] => 82956597667
    [formname] => Обратная связь
)

------------------------

------------------------
11.07.2024 4:52:39
CallbackFormEmailModal
Array
(
    [name] => svytefim@mail3go.online

    [phone] => 81755717567
    [formname] => Обратная связь
)

------------------------

------------------------
11.07.2024 6:55:56
CallbackFormEmailModal
Array
(
    [name] => hlxxtpzfqpl@rudiplomust.com
    [phone] => 85951669672
    [formname] => Обратная связь
)

------------------------

------------------------
11.07.2024 6:55:56
CallbackFormEmailModal
Array
(
    [name] => flypvzrvjel@rudiplomust.com
    [phone] => 87246642994
    [formname] => Обратная связь
)

------------------------

------------------------
11.07.2024 7:10:15
CallbackFormEmailModal
Array
(
    [name] => chunpaoho@outlook.com
    [phone] => 89177469261
    [formname] => Обратная связь
)

------------------------

------------------------
11.07.2024 8:43:01
CallbackFormEmailModal
Array
(
    [name] => hrumer@progon.space
    [phone] => 82688949246
    [formname] => Обратная связь
)

------------------------

------------------------
11.07.2024 9:09:59
CallbackFormEmailModal
Array
(
    [name] => le.s.t.e.r.k.ir.k.3d.f.fb.@gmail.com
    [phone] => 82937414932
    [formname] => Обратная связь
)

------------------------

------------------------
11.07.2024 10:05:45
CallbackFormEmailModal
Array
(
    [name] => g.gafarov+8163@seskanogfu.bizml.ru
    [phone] => 84648571912
    [formname] => Обратная связь
)

------------------------

------------------------
11.07.2024 11:42:10
CallbackFormEmailModal
Array
(
    [name] => goldboy1931@gmail.com
    [phone] => 83539585226
    [formname] => Обратная связь
)

------------------------

------------------------
11.07.2024 11:44:38
CallbackFormEmailModal
Array
(
    [name] => eqmjfbckyel@rudiplomust.com
    [phone] => 83928398616
    [formname] => Обратная связь
)

------------------------

------------------------
11.07.2024 13:07:11
CallbackFormEmailModal
Array
(
    [name] => wx12lihe[exygyzotorygetit,2,5]@wxlihe169.com
    [phone] => 82775418847
    [formname] => Обратная связь
)

------------------------

------------------------
11.07.2024 13:50:32
CallbackFormEmailModal
Array
(
    [name] => peterAlburnern@gmail.com
    [phone] => 87158623996
    [formname] => Обратная связь
)

------------------------

------------------------
11.07.2024 15:22:42
CallbackFormEmailModal
Array
(
    [name] => kayleighbpsteamship@gmail.com
    [phone] => 86343374717
    [formname] => Обратная связь
)

------------------------

------------------------
11.07.2024 15:32:32
CallbackFormEmailModal
Array
(
    [name] => desiraeveizh@onet.pl
    [phone] => 83463939796
    [formname] => Обратная связь
)

------------------------

------------------------
11.07.2024 15:52:22
CallbackFormEmailModal
Array
(
    [name] => annaofficial2@shrooqconsultant.com
    [phone] => 84422168316
    [formname] => Обратная связь
)

------------------------

------------------------
11.07.2024 16:42:16
CallbackFormEmailModal
Array
(
    [name] => vrabiiadelina@gmail.com
    [phone] => 83889379357
    [formname] => Обратная связь
)

------------------------

------------------------
11.07.2024 17:32:50
CallbackFormEmailModal
Array
(
    [name] => Bokyfaday@mailport.lat
    [phone] => 85754884442
    [formname] => Обратная связь
)

------------------------

------------------------
11.07.2024 19:09:27
CallbackFormEmailModal
Array
(
    [name] => target-01@telco-support.org
    [phone] => 88194291761
    [formname] => Обратная связь
)

------------------------

------------------------
11.07.2024 19:32:15
CallbackFormEmailModal
Array
(
    [name] => abigail@bestofdiablo4.com
    [phone] => 89177543254
    [formname] => Обратная связь
)

------------------------

------------------------
11.07.2024 22:14:42
CallbackFormModal
Array
(
    [name] => Эльмира
    [phone] => +7(927)407-69-65
    [formname] => Заказать звонок
)

------------------------

------------------------
11.07.2024 22:57:40
CallbackFormEmailModal
Array
(
    [name] => ekopzebta@yandex.ru
    [phone] => 84299642565
    [formname] => Обратная связь
)

------------------------

------------------------
11.07.2024 23:41:11
CallbackFormEmailModal
Array
(
    [name] => eporn.net@gmail.com
    [phone] => 88357986242
    [formname] => Обратная связь
)

------------------------

------------------------
11.07.2024 23:46:40
CallbackFormEmailModal
Array
(
    [name] => gjhruke2@outlook.com
    [phone] => 81391884375
    [formname] => Обратная связь
)

------------------------
