
------------------------
12.08.2024 0:29:43
CallbackFormEmailModal
Array
(
    [name] => smrmicron@gmail.com
    [phone] => 81582139899
    [formname] => Обратная связь
)

------------------------

------------------------
12.08.2024 0:47:04
CallbackFormEmailModal
Array
(
    [name] => 79969597399@bk.ru
    [phone] => 79969597399
    [formname] => Обратная связь
)

------------------------

------------------------
12.08.2024 3:59:01
CallbackFormEmailModal
Array
(
    [name] => hotsflyskete1971@op.pl
    [phone] => 85299339199
    [formname] => Обратная связь
)

------------------------

------------------------
12.08.2024 4:42:56
CallbackFormEmailModal
Array
(
    [name] => comketiwi@mail3go.online

    [phone] => 88932848956
    [formname] => Обратная связь
)

------------------------

------------------------
12.08.2024 9:10:21
CallbackFormEmailModal
Array
(
    [name] => vladimirflorenko18@gmail.com
    [phone] => 88343614236
    [formname] => Обратная связь
)

------------------------

------------------------
12.08.2024 11:21:54
CallbackFormModal
Array
(
    [name] => Алексей
    [phone] => +7(904)944-31-31
    [formname] => Заказать звонок
)

------------------------

------------------------
12.08.2024 13:29:22
CallbackFormEmailModal
Array
(
    [name] => inet4747@outlook.com
    [phone] => 82954228411
    [formname] => Обратная связь
)

------------------------

------------------------
12.08.2024 13:57:40
CallbackFormEmailModal
Array
(
    [name] => uncicodeb1971@op.pl
    [phone] => 84164884733
    [formname] => Обратная связь
)

------------------------

------------------------
12.08.2024 15:34:19
CallbackFormEmailModal
Array
(
    [name] => shaddka77@outlook.com
    [phone] => 86273193636
    [formname] => Обратная связь
)

------------------------

------------------------
12.08.2024 19:16:09
CallbackFormEmailModal
Array
(
    [name] => rosariapease4179@icloud.com
    [phone] => 87116655418
    [formname] => Обратная связь
)

------------------------

------------------------
12.08.2024 19:51:23
CallbackFormEmailModal
Array
(
    [name] => dauskipecer1975@op.pl
    [phone] => 82342788336
    [formname] => Обратная связь
)

------------------------

------------------------
12.08.2024 21:04:11
CallbackFormEmailModal
Array
(
    [name] => brianna@articles.sedona-psychic.com
    [phone] => 88728613453
    [formname] => Обратная связь
)

------------------------

------------------------
12.08.2024 21:39:15
CallbackFormEmailModal
Array
(
    [name] => ecconaut@fvmaily.com
    [phone] => 88977143879
    [formname] => Обратная связь
)

------------------------

------------------------
12.08.2024 23:58:00
CallbackFormEmailModal
Array
(
    [name] => vacnaheartdown1977@op.pl
    [phone] => 87927489518
    [formname] => Обратная связь
)

------------------------
