
------------------------
08.05.2025 1:51:35
CallbackFormEmailModal
Array
(
    [name] => revers711@1ti.ru
    [phone] => 82438581759
    [formname] => Обратная связь
)

------------------------

------------------------
08.05.2025 7:01:25
CallbackFormEmailModal
Array
(
    [name] => bikon777@rambler.ru
    [phone] => 82675153777
    [formname] => Обратная связь
)

------------------------

------------------------
08.05.2025 7:11:17
CallbackFormEmailModal
Array
(
    [name] => guerracatherine@list.ru
    [phone] => 88165219926
    [formname] => Обратная связь
)

------------------------

------------------------
08.05.2025 7:29:45
CallbackFormEmailModal
Array
(
    [name] => higbiosepo1986@mail.ru
    [phone] => 85943529624
    [formname] => Обратная связь
)

------------------------

------------------------
08.05.2025 8:04:38
CallbackFormEmailModal
Array
(
    [name] => ponomaryov.borya.1983@bk.ru
    [phone] => 88764393732
    [formname] => Обратная связь
)

------------------------

------------------------
08.05.2025 8:08:05
CallbackFormEmailModal
Array
(
    [name] => kozlovvarlen19782037@mail.ru
    [phone] => 82283371115
    [formname] => Обратная связь
)

------------------------

------------------------
08.05.2025 8:12:40
CallbackFormEmailModal
Array
(
    [name] => arturgorz2o3@bk.ru
    [phone] => 86354922999
    [formname] => Обратная связь
)

------------------------

------------------------
08.05.2025 8:18:12
CallbackFormEmailModal
Array
(
    [name] => Envicebive@yahoo.com
    [phone] => 87857947544
    [formname] => Обратная связь
)

------------------------

------------------------
08.05.2025 9:54:26
CallbackFormEmailModal
Array
(
    [name] => rais.shchigelskaya2002@mail.ru
    [phone] => 82819771233
    [formname] => Обратная связь
)

------------------------

------------------------
08.05.2025 9:55:33
CallbackFormEmailModal
Array
(
    [name] => iqablala1980858@mail.ru
    [phone] => 86618532251
    [formname] => Обратная связь
)

------------------------

------------------------
08.05.2025 9:59:14
CallbackFormEmailModal
Array
(
    [name] => edgorshchepetilnikov@mail.ru
    [phone] => 83533676121
    [formname] => Обратная связь
)

------------------------

------------------------
08.05.2025 13:29:18
CallbackFormEmailModal
Array
(
    [name] => ikjkazsf@streetwormail.com
    [phone] => 83337441947
    [formname] => Обратная связь
)

------------------------

------------------------
08.05.2025 14:32:08
CallbackFormEmailModal
Array
(
    [name] => felipepitly@mail.ru
    [phone] => 88612325575
    [formname] => Обратная связь
)

------------------------

------------------------
08.05.2025 14:38:39
CallbackFormEmailModal
Array
(
    [name] => 1@1.it
    [phone] => 81124994524
    [formname] => Обратная связь
)

------------------------

------------------------
08.05.2025 15:02:13
CallbackFormEmailModal
Array
(
    [name] => 1@1.it
    [phone] => 85521919934
    [formname] => Обратная связь
)

------------------------

------------------------
08.05.2025 15:27:27
CallbackFormEmailModal
Array
(
    [name] => terjetade1977@mail.ru
    [phone] => 85227332588
    [formname] => Обратная связь
)

------------------------

------------------------
08.05.2025 16:20:15
CallbackFormEmailModal
Array
(
    [name] => ovnterbefjuden6138@mail.ru
    [phone] => 81453973828
    [formname] => Обратная связь
)

------------------------

------------------------
08.05.2025 16:27:03
CallbackFormEmailModal
Array
(
    [name] => rhotenti-44@mail.ru
    [phone] => 87341586586
    [formname] => Обратная связь
)

------------------------

------------------------
08.05.2025 16:32:46
CallbackFormEmailModal
Array
(
    [name] => ramiraselezneva19908003@bk.ru
    [phone] => 89367255121
    [formname] => Обратная связь
)

------------------------

------------------------
08.05.2025 16:48:59
CallbackFormEmailModal
Array
(
    [name] => quejudcatan1981@mail.ru
    [phone] => 82823218821
    [formname] => Обратная связь
)

------------------------

------------------------
08.05.2025 17:05:08
CallbackFormEmailModal
Array
(
    [name] => zoya.patrusheva.65@mail.ru
    [phone] => 89363472775
    [formname] => Обратная связь
)

------------------------

------------------------
08.05.2025 17:10:33
CallbackFormEmailModal
Array
(
    [name] => tacusol-6816@mail.ru
    [phone] => 82383659857
    [formname] => Обратная связь
)

------------------------

------------------------
08.05.2025 17:11:42
CallbackFormEmailModal
Array
(
    [name] => vasiliykhas08x@mail.ru
    [phone] => 81829268833
    [formname] => Обратная связь
)

------------------------

------------------------
08.05.2025 17:17:58
CallbackFormEmailModal
Array
(
    [name] => svetlanakomissarova1987@mail.ru
    [phone] => 85617573489
    [formname] => Обратная связь
)

------------------------

------------------------
08.05.2025 17:23:25
CallbackFormEmailModal
Array
(
    [name] => inna.kortneva.69@mail.ru
    [phone] => 87811624783
    [formname] => Обратная связь
)

------------------------

------------------------
08.05.2025 17:39:36
CallbackFormEmailModal
Array
(
    [name] => anya.genger@mail.ru
    [phone] => 89494414249
    [formname] => Обратная связь
)

------------------------

------------------------
08.05.2025 17:58:52
CallbackFormEmailModal
Array
(
    [name] => juncpecni1980@mail.ru
    [phone] => 81992271648
    [formname] => Обратная связь
)

------------------------

------------------------
08.05.2025 17:58:52
CallbackFormEmailModal
Array
(
    [name] => eprovbelwha@mail.ru
    [phone] => 86329932369
    [formname] => Обратная связь
)

------------------------

------------------------
08.05.2025 18:12:33
CallbackFormEmailModal
Array
(
    [name] => zuyev-vadik@bk.ru
    [phone] => 83862827589
    [formname] => Обратная связь
)

------------------------

------------------------
08.05.2025 18:23:52
CallbackFormEmailModal
Array
(
    [name] => dorofeyavinogradova199056@mail.ru
    [phone] => 81142496475
    [formname] => Обратная связь
)

------------------------

------------------------
08.05.2025 18:57:09
CallbackFormEmailModal
Array
(
    [name] => kfivlfcypprkd@yandeex.com
    [phone] => 86811324385
    [formname] => Обратная связь
)

------------------------

------------------------
08.05.2025 19:05:49
CallbackFormEmailModal
Array
(
    [name] => luiza@bestdeal.wiki
    [phone] => 86734327351
    [formname] => Обратная связь
)

------------------------

------------------------
08.05.2025 19:37:16
CallbackFormEmailModal
Array
(
    [name] => seimymavig1983@mail.ru
    [phone] => 89144478834
    [formname] => Обратная связь
)

------------------------

------------------------
08.05.2025 22:00:48
CallbackFormEmailModal
Array
(
    [name] => pqvcyqvz@tubermail.com
    [phone] => 81462969994
    [formname] => Обратная связь
)

------------------------

------------------------
08.05.2025 22:38:49
CallbackFormEmailModal
Array
(
    [name] => bdhungel019@gmail.com
    [phone] => 87735847152
    [formname] => Обратная связь
)

------------------------
