
------------------------
03.05.2024 0:49:20
CallbackFormEmailModal
Array
(
    [name] => nissithiga1976@op.pl
    [phone] => 85696845468
    [formname] => Обратная связь
)

------------------------

------------------------
03.05.2024 2:01:32
CallbackFormEmailModal
Array
(
    [name] => afanasovds7nx@rambler.ru
    [phone] => 82678652158
    [formname] => Обратная связь
)

------------------------

------------------------
03.05.2024 3:42:58
CallbackFormEmailModal
Array
(
    [name] => tropirpsychlo1983@op.pl
    [phone] => 89595571972
    [formname] => Обратная связь
)

------------------------

------------------------
03.05.2024 4:37:34
CallbackFormEmailModal
Array
(
    [name] => borisgendelman22@outlook.com
    [phone] => 87197432448
    [formname] => Обратная связь
)

------------------------

------------------------
03.05.2024 5:35:31
CallbackFormEmailModal
Array
(
    [name] => lucido.leinteract@gmail.com
    [phone] => 85149433778
    [formname] => Обратная связь
)

------------------------

------------------------
03.05.2024 7:38:23
CallbackFormEmailModal
Array
(
    [name] => morning14@freemalk.ru
    [phone] => 85372262813
    [formname] => Обратная связь
)

------------------------

------------------------
03.05.2024 8:00:53
CallbackFormEmailModal
Array
(
    [name] => sodbrnqdsug@outlook.com
    [phone] => 88828224935
    [formname] => Обратная связь
)

------------------------

------------------------
03.05.2024 9:10:31
Order
Array
(
    [name] => Тарасова Ирина Анатольевна
    [email] => pingvinenok@mail.ru
    [phone] => +7-963-127-5700
    [comment] => ПромышленныйТРАП W300 с горизонтальным отводом DN 110, кол-во: 1, цена: 12800руб.
Способ доставки: Доставка автотранспортом поставщика
Выберите способ оплаты: Оплата на расчетный счет организации
Адрес доставки: г Йошкар-Ола, ул Суворова, д 15

Комментарий к заказу: 

    [formname] => Заказ из корзины
    [fields] => Array
        (
            [price] => 12800
        )

)

------------------------

------------------------
03.05.2024 9:56:14
CallbackFormEmailModal
Array
(
    [name] => ololmo4t@webfreemailz.com
    [phone] => 85747134172
    [formname] => Обратная связь
)

------------------------

------------------------
03.05.2024 11:10:07
CallbackFormEmailModal
Array
(
    [name] => lucido.leinteract@gmail.com
    [phone] => 87834182821
    [formname] => Обратная связь
)

------------------------

------------------------
03.05.2024 12:23:54
CallbackFormEmailModal
Array
(
    [name] => goldboy1931@gmail.com
    [phone] => 87344695622
    [formname] => Обратная связь
)

------------------------

------------------------
03.05.2024 19:02:01
CallbackFormEmailModal
Array
(
    [name] => gejahure@mailcos.site

    [phone] => 83333329965
    [formname] => Обратная связь
)

------------------------
