
------------------------
14.11.2023 2:37:54
CallbackFormEmailModal
Array
(
    [name] => mikeKitGrishitty@gmail.com
    [phone] => 84271531926
    [formname] => Обратная связь
)

------------------------

------------------------
14.11.2023 9:06:47
CallbackFormEmailModal
Array
(
    [name] => vqjhobrt@mail.ru
    [phone] => +791234567546
    [formname] => Обратная связь
)

------------------------

------------------------
14.11.2023 9:25:50
CallbackFormEmailModal
Array
(
    [name] => help@gwmetabitt.com
    [phone] => 82244191462
    [formname] => Обратная связь
)

------------------------

------------------------
14.11.2023 10:19:24
CallbackFormEmailModal
Array
(
    [name] => wcdnhqvje@totzilla.ru
    [phone] => 88161177111
    [formname] => Обратная связь
)

------------------------

------------------------
14.11.2023 13:33:18
CallbackFormEmailModal
Array
(
    [name] => callvisvetlana@list.ru
    [phone] => 84365787856
    [formname] => Обратная связь
)

------------------------

------------------------
14.11.2023 15:38:12
CallbackFormEmailModal
Array
(
    [name] => help@gwmetabitt.com
    [phone] => 86587722482
    [formname] => Обратная связь
)

------------------------

------------------------
14.11.2023 16:02:45
CallbackFormEmailModal
Array
(
    [name] => wnvukecen@exzilla.ru
    [phone] => 89411185668
    [formname] => Обратная связь
)

------------------------

------------------------
14.11.2023 16:57:46
CallbackFormEmailModal
Array
(
    [name] => jxjrsrwviEa@bobbor.store
    [phone] => 88362458797
    [formname] => Обратная связь
)

------------------------

------------------------
14.11.2023 17:34:06
CallbackFormEmailModal
Array
(
    [name] => lenagazprom@gmail.com
    [phone] => 85787844113
    [formname] => Обратная связь
)

------------------------

------------------------
14.11.2023 20:18:42
CallbackFormEmailModal
Array
(
    [name] => eaikrubqd@gordpizza.ru
    [phone] => 82976583382
    [formname] => Обратная связь
)

------------------------
