
------------------------
17.01.2023 6:22:50
CallbackFormEmailModal
Array
(
    [name] => aq21aqa@rambler.ru
    [phone] => 83261144424
    [formname] => Обратная связь
)

------------------------

------------------------
17.01.2023 8:04:26
CallbackFormEmailModal
Array
(
    [name] => ga8923wevrtx@gmail.com
    [phone] => 83217119776
    [formname] => Обратная связь
)

------------------------

------------------------
17.01.2023 17:21:47
CallbackFormEmailModal
Array
(
    [name] => info@prefabricated-hangar.com
    [phone] => 88134537986
    [formname] => Обратная связь
)

------------------------

------------------------
17.01.2023 18:09:56
CallbackFormEmailModal
Array
(
    [name] => mindsonalas197162@rambler.ru
    [phone] => +71231234567
    [formname] => Обратная связь
)

------------------------

------------------------
17.01.2023 20:54:46
CallbackFormEmailModal
Array
(
    [name] => ir.i.n.am.aslo.va61.8.@gmail.com
    [phone] => 88186525112
    [formname] => Обратная связь
)

------------------------

------------------------
17.01.2023 20:54:50
CallbackFormEmailModal
Array
(
    [name] => in.ga.m939@gmail.com
    [phone] => 88384923683
    [formname] => Обратная связь
)

------------------------

------------------------
17.01.2023 20:58:01
CallbackFormEmailModal
Array
(
    [name] => mir.o.nb.i.tk.o.v.in.@gmail.com
    [phone] => 88799996343
    [formname] => Обратная связь
)

------------------------

------------------------
17.01.2023 21:07:33
CallbackFormEmailModal
Array
(
    [name] => nikitac.shmelevhco@mail.ru
    [phone] => 83581794328
    [formname] => Обратная связь
)

------------------------

------------------------
17.01.2023 22:39:09
CallbackFormEmailModal
Array
(
    [name] => couvtheoplancay1978@mailopenz.com
    [phone] => 87514346331
    [formname] => Обратная связь
)

------------------------

------------------------
17.01.2023 23:32:46
CallbackFormEmailModal
Array
(
    [name] => zelatcol@gmail.com
    [phone] => 84242896379
    [formname] => Обратная связь
)

------------------------
