
------------------------
09.12.2023 0:15:16
CallbackFormEmailModal
Array
(
    [name] => peposdaen@mail.ru
    [phone] => 84786753898
    [formname] => Обратная связь
)

------------------------

------------------------
09.12.2023 1:04:42
CallbackFormEmailModal
Array
(
    [name] => paadmesout@mail.ru
    [phone] => 86886462755
    [formname] => Обратная связь
)

------------------------

------------------------
09.12.2023 1:11:11
CallbackFormEmailModal
Array
(
    [name] => laomloukr@mail.ru
    [phone] => 86744558698
    [formname] => Обратная связь
)

------------------------

------------------------
09.12.2023 1:13:36
CallbackFormEmailModal
Array
(
    [name] => sugliellevimin7507@mail.ru
    [phone] => 83666295684
    [formname] => Обратная связь
)

------------------------

------------------------
09.12.2023 1:18:10
CallbackFormEmailModal
Array
(
    [name] => gubetride@inbox.ru
    [phone] => 88233774789
    [formname] => Обратная связь
)

------------------------

------------------------
09.12.2023 1:18:34
CallbackFormEmailModal
Array
(
    [name] => foncardda1988@mail.ru
    [phone] => 82843481382
    [formname] => Обратная связь
)

------------------------

------------------------
09.12.2023 1:23:00
CallbackFormEmailModal
Array
(
    [name] => woodbpurne1983@mail.ru
    [phone] => 84775149557
    [formname] => Обратная связь
)

------------------------

------------------------
09.12.2023 1:26:55
CallbackFormEmailModal
Array
(
    [name] => tiocrouchfikata2094@mail.ru
    [phone] => 81883783848
    [formname] => Обратная связь
)

------------------------

------------------------
09.12.2023 1:32:03
CallbackFormEmailModal
Array
(
    [name] => invalopackman1863@mail.ru
    [phone] => 83847723283
    [formname] => Обратная связь
)

------------------------

------------------------
09.12.2023 4:17:28
CallbackFormEmailModal
Array
(
    [name] => paraipastmi@list.ru
    [phone] => 87134895273
    [formname] => Обратная связь
)

------------------------

------------------------
09.12.2023 4:29:54
CallbackFormEmailModal
Array
(
    [name] => musaev.misha.1982.3.5@list.ru
    [phone] => 86128377842
    [formname] => Обратная связь
)

------------------------

------------------------
09.12.2023 4:32:49
CallbackFormEmailModal
Array
(
    [name] => crabkilldist1986@mail.ru
    [phone] => 83363393523
    [formname] => Обратная связь
)

------------------------

------------------------
09.12.2023 4:37:57
CallbackFormEmailModal
Array
(
    [name] => seipsimont@mail.ru
    [phone] => 82289797295
    [formname] => Обратная связь
)

------------------------

------------------------
09.12.2023 4:41:25
CallbackFormEmailModal
Array
(
    [name] => shegukazsc@mail.ru
    [phone] => 83488739511
    [formname] => Обратная связь
)

------------------------

------------------------
09.12.2023 4:56:42
CallbackFormEmailModal
Array
(
    [name] => inenoushumo3218@mail.ru
    [phone] => 87175281359
    [formname] => Обратная связь
)

------------------------

------------------------
09.12.2023 5:01:00
CallbackFormEmailModal
Array
(
    [name] => zumystosa@bk.ru
    [phone] => 89646828975
    [formname] => Обратная связь
)

------------------------

------------------------
09.12.2023 5:09:22
CallbackFormEmailModal
Array
(
    [name] => bobraklessa@list.ru
    [phone] => 82372356284
    [formname] => Обратная связь
)

------------------------

------------------------
09.12.2023 5:11:45
CallbackFormEmailModal
Array
(
    [name] => gelibomenlo6420@mail.ru
    [phone] => 88419559295
    [formname] => Обратная связь
)

------------------------

------------------------
09.12.2023 7:20:36
CallbackFormEmailModal
Array
(
    [name] => iaroslav.pankovzxn@yandex.ru
    [phone] => 86632314919
    [formname] => Обратная связь
)

------------------------

------------------------
09.12.2023 7:20:47
CallbackFormEmailModal
Array
(
    [name] => callvisvetlana@list.ru
    [phone] => 81344588614
    [formname] => Обратная связь
)

------------------------

------------------------
09.12.2023 11:42:06
CallbackFormEmailModal
Array
(
    [name] => sud.olbozena.356@gmail.com
    [phone] => 87791129557
    [formname] => Обратная связь
)

------------------------

------------------------
09.12.2023 13:11:58
CallbackFormEmailModal
Array
(
    [name] => naelbarad@mail.ru
    [phone] => 86681982392
    [formname] => Обратная связь
)

------------------------

------------------------
09.12.2023 13:46:35
CallbackFormEmailModal
Array
(
    [name] => luashaeshk@mail.ru
    [phone] => 89975322233
    [formname] => Обратная связь
)

------------------------

------------------------
09.12.2023 14:37:30
CallbackFormEmailModal
Array
(
    [name] => peposdaen@mail.ru
    [phone] => 83832799737
    [formname] => Обратная связь
)

------------------------

------------------------
09.12.2023 14:52:41
CallbackFormEmailModal
Array
(
    [name] => betcas415@gmail.com
    [phone] => 86473757828
    [formname] => Обратная связь
)

------------------------

------------------------
09.12.2023 17:28:00
CallbackFormEmailModal
Array
(
    [name] => tiocrouchfikata2094@mail.ru
    [phone] => 83315271781
    [formname] => Обратная связь
)

------------------------

------------------------
09.12.2023 17:32:41
CallbackFormEmailModal
Array
(
    [name] => laomloukr@mail.ru
    [phone] => 89176397317
    [formname] => Обратная связь
)

------------------------

------------------------
09.12.2023 17:34:56
CallbackFormEmailModal
Array
(
    [name] => sugliellevimin7507@mail.ru
    [phone] => 81447258942
    [formname] => Обратная связь
)

------------------------

------------------------
09.12.2023 17:42:38
CallbackFormEmailModal
Array
(
    [name] => foncardda1988@mail.ru
    [phone] => 86581662682
    [formname] => Обратная связь
)

------------------------

------------------------
09.12.2023 17:44:04
CallbackFormEmailModal
Array
(
    [name] => paadmesout@mail.ru
    [phone] => 88863252732
    [formname] => Обратная связь
)

------------------------

------------------------
09.12.2023 17:57:36
CallbackFormEmailModal
Array
(
    [name] => invalopackman1863@mail.ru
    [phone] => 84876771779
    [formname] => Обратная связь
)

------------------------

------------------------
09.12.2023 18:03:42
CallbackFormEmailModal
Array
(
    [name] => woodbpurne1983@mail.ru
    [phone] => 88293573845
    [formname] => Обратная связь
)

------------------------

------------------------
09.12.2023 18:04:48
CallbackFormEmailModal
Array
(
    [name] => gubetride@inbox.ru
    [phone] => 87339734929
    [formname] => Обратная связь
)

------------------------

------------------------
09.12.2023 18:09:31
CallbackFormEmailModal
Array
(
    [name] => musaev.misha.1982.3.5@list.ru
    [phone] => 85618957245
    [formname] => Обратная связь
)

------------------------

------------------------
09.12.2023 18:23:53
CallbackFormEmailModal
Array
(
    [name] => shegukazsc@mail.ru
    [phone] => 82934163724
    [formname] => Обратная связь
)

------------------------

------------------------
09.12.2023 18:30:49
CallbackFormEmailModal
Array
(
    [name] => seipsimont@mail.ru
    [phone] => 81615573874
    [formname] => Обратная связь
)

------------------------

------------------------
09.12.2023 18:33:59
CallbackFormEmailModal
Array
(
    [name] => paraipastmi@list.ru
    [phone] => 83441795399
    [formname] => Обратная связь
)

------------------------

------------------------
09.12.2023 18:34:12
CallbackFormEmailModal
Array
(
    [name] => zumystosa@bk.ru
    [phone] => 81338424237
    [formname] => Обратная связь
)

------------------------

------------------------
09.12.2023 18:35:48
CallbackFormEmailModal
Array
(
    [name] => inenoushumo3218@mail.ru
    [phone] => 86452844125
    [formname] => Обратная связь
)

------------------------

------------------------
09.12.2023 18:39:22
CallbackFormEmailModal
Array
(
    [name] => bobraklessa@list.ru
    [phone] => 86667512769
    [formname] => Обратная связь
)

------------------------

------------------------
09.12.2023 18:49:53
CallbackFormEmailModal
Array
(
    [name] => crabkilldist1986@mail.ru
    [phone] => 84314327386
    [formname] => Обратная связь
)

------------------------

------------------------
09.12.2023 19:07:03
CallbackFormEmailModal
Array
(
    [name] => vhr1jp@course-fitness.com
    [phone] => 87441342318
    [formname] => Обратная связь
)

------------------------

------------------------
09.12.2023 19:12:42
CallbackFormEmailModal
Array
(
    [name] => gelibomenlo6420@mail.ru
    [phone] => 82218569769
    [formname] => Обратная связь
)

------------------------

------------------------
09.12.2023 20:47:23
CallbackFormEmailModal
Array
(
    [name] => 89262365379@inbox.ru
    [phone] => 79262365379
    [formname] => Обратная связь
)

------------------------

------------------------
09.12.2023 20:53:33
CallbackFormEmailModal
Array
(
    [name] => cbadwotkonssar@mail3go.online

    [phone] => 88187322349
    [formname] => Обратная связь
)

------------------------
