
------------------------
10.03.2026 14:10:06
CallbackFormEmailModal
Array
(
    [name] => pomgmk9oheivabfooksm@list.ru
    [phone] => 83766439997
    [formname] => Обратная связь
)

------------------------

------------------------
10.03.2026 14:35:54
CallbackFormEmailModal
Array
(
    [name] => tacusol-6816@mail.ru
    [phone] => 88314296145
    [formname] => Обратная связь
)

------------------------

------------------------
10.03.2026 15:11:41
CallbackFormEmailModal
Array
(
    [name] => metisdermen1984@rambler.ru
    [phone] => 88895834774
    [formname] => Обратная связь
)

------------------------

------------------------
10.03.2026 15:12:41
Order
Array
(
    [name] => Александр
    [email] => info@reservellc.ru
    [phone] => +7-901-541-3560
    [comment] => Лестничная ступень SР 34х38/30х2 Zn 600х240 мм, кол-во: 1, цена: 1100руб.
Способ доставки: Самовывоз со склада
Выберите способ оплаты: Оплата на расчетный счет организации

Комментарий к заказу: 
Доставка т.к на наш адрес М.О., г. Пушкино, мкр. Мамонтовка, ул. Рабочая, д.1, с.5
ООО «РЕЗЕРВ»
ИНН 7728498948
р/с 40702810915000000162 
в ПАО АКБ «МЕТАЛЛИНВЕСТБАНК»
БИК 044525176
кор/с 30101810300000000176


    [formname] => Заказ из корзины
    [fields] => Array
        (
            [price] => 11000
        )

)

------------------------

------------------------
10.03.2026 17:02:10
CallbackFormEmailModal
Array
(
    [name] => JenniferWalshEDU@outlook.com
    [phone] => 88003334455
    [formname] => Обратная связь
)

------------------------
