
------------------------
30.04.2025 0:57:10
CallbackFormEmailModal
Array
(
    [name] => robertNub@mail.ru
    [phone] => 83286738929
    [formname] => Обратная связь
)

------------------------

------------------------
30.04.2025 1:20:44
CallbackFormEmailModal
Array
(
    [name] => yourmail@gmail.com
    [phone] => 87232552154
    [formname] => Обратная связь
)

------------------------

------------------------
30.04.2025 6:10:34
CallbackFormEmailModal
Array
(
    [name] => revers711@1ti.ru
    [phone] => 83325289327
    [formname] => Обратная связь
)

------------------------

------------------------
30.04.2025 10:15:30
CallbackFormEmailModal
Array
(
    [name] => mamedov.edgar.1992.3.3@inbox.ru
    [phone] => 83191897321
    [formname] => Обратная связь
)

------------------------

------------------------
30.04.2025 10:29:58
CallbackFormEmailModal
Array
(
    [name] => filatovlenian4023@mail.ru
    [phone] => 88335413629
    [formname] => Обратная связь
)

------------------------

------------------------
30.04.2025 10:56:20
CallbackFormEmailModal
Array
(
    [name] => dolnovam@mail.ru
    [phone] => 86118915431
    [formname] => Обратная связь
)

------------------------

------------------------
30.04.2025 11:48:00
CallbackFormEmailModal
Array
(
    [name] => dionisij.grigorev.92@mail.ru
    [phone] => 81365524715
    [formname] => Обратная связь
)

------------------------

------------------------
30.04.2025 12:39:49
CallbackFormEmailModal
Array
(
    [name] => edbutaldog1984@mail.ru
    [phone] => 87784234649
    [formname] => Обратная связь
)

------------------------

------------------------
30.04.2025 12:50:49
CallbackFormEmailModal
Array
(
    [name] => laisumake186@mail.ru
    [phone] => 88696439249
    [formname] => Обратная связь
)

------------------------

------------------------
30.04.2025 13:04:19
CallbackFormEmailModal
Array
(
    [name] => mark.moshchenskiy.90@mail.ru
    [phone] => 81717382419
    [formname] => Обратная связь
)

------------------------

------------------------
30.04.2025 13:04:21
CallbackFormEmailModal
Array
(
    [name] => dzhavgorat-tashdemirov1981@mail.ru
    [phone] => 81124358925
    [formname] => Обратная связь
)

------------------------

------------------------
30.04.2025 13:25:20
CallbackFormEmailModal
Array
(
    [name] => nazarovromen853066@mail.ru
    [phone] => 83375291884
    [formname] => Обратная связь
)

------------------------

------------------------
30.04.2025 13:33:44
CallbackFormEmailModal
Array
(
    [name] => guerfupe@mail.ru
    [phone] => 86772315348
    [formname] => Обратная связь
)

------------------------

------------------------
30.04.2025 14:08:50
CallbackFormEmailModal
Array
(
    [name] => karpeciktibas19915@bk.ru
    [phone] => 87995139849
    [formname] => Обратная связь
)

------------------------

------------------------
30.04.2025 14:22:12
CallbackFormEmailModal
Array
(
    [name] => danilovavita9@mail.ru
    [phone] => 82396355135
    [formname] => Обратная связь
)

------------------------

------------------------
30.04.2025 14:31:47
CallbackFormEmailModal
Array
(
    [name] => Роман
    [phone] => +7(919)699-72-34
    [formname] => Обратная связь
)

------------------------

------------------------
30.04.2025 15:56:56
CallbackFormEmailModal
Array
(
    [name] => orrbjpqc@ronaldofmail.com
    [phone] => 89629315541
    [formname] => Обратная связь
)

------------------------

------------------------
30.04.2025 21:40:22
CallbackFormEmailModal
Array
(
    [name] => bajvysfz@maillv.com
    [phone] => 85838922414
    [formname] => Обратная связь
)

------------------------
