
------------------------
23.05.2024 2:37:48
CallbackFormEmailModal
Array
(
    [name] => jsmzojyef@hoopsor.online
    [phone] => 82671348414
    [formname] => Обратная связь
)

------------------------

------------------------
23.05.2024 4:05:24
CallbackFormEmailModal
Array
(
    [name] => goldboy1931@gmail.com
    [phone] => 82613116863
    [formname] => Обратная связь
)

------------------------

------------------------
23.05.2024 8:50:49
CallbackFormEmailModal
Array
(
    [name] => inet4747@outlook.com
    [phone] => 83368171738
    [formname] => Обратная связь
)

------------------------

------------------------
23.05.2024 12:41:50
CallbackFormEmailModal
Array
(
    [name] => kaenquirynicholls@gmail.com
    [phone] => 86184525135
    [formname] => Обратная связь
)

------------------------

------------------------
23.05.2024 13:47:46
CallbackFormEmailModal
Array
(
    [name] => zlbxwohcy@haigrubevel.online
    [phone] => 82931281516
    [formname] => Обратная связь
)

------------------------

------------------------
23.05.2024 22:16:56
CallbackFormEmailModal
Array
(
    [name] => wascom855akhzj@hotmail.com
    [phone] => 88782523938
    [formname] => Обратная связь
)

------------------------
