
------------------------
17.06.2023 2:01:33
CallbackFormEmailModal
Array
(
    [name] => info@yoporno.ru
    [phone] => 83425778162
    [formname] => Обратная связь
)

------------------------

------------------------
17.06.2023 3:57:36
CallbackFormEmailModal
Array
(
    [name] => no-replysuinuts@gmail.com
    [phone] => 88712289795
    [formname] => Обратная связь
)

------------------------

------------------------
17.06.2023 10:24:49
CallbackFormEmailModal
Array
(
    [name] => sappfutarea198833@rambler.ru
    [phone] => +71231234567
    [formname] => Обратная связь
)

------------------------

------------------------
17.06.2023 14:06:05
CallbackFormEmailModal
Array
(
    [name] => pdata701@gmail.com
    [phone] => 86138599641
    [formname] => Обратная связь
)

------------------------
