
------------------------
23.02.2023 5:12:14
CallbackFormEmailModal
Array
(
    [name] => olya.olyakozlova1973.kozlova@list.ru
    [phone] => 89393239898
    [formname] => Обратная связь
)

------------------------

------------------------
23.02.2023 6:03:00
CallbackFormEmailModal
Array
(
    [name] => Margarito Woolen
    [phone] => AlexOckey@gmail.com
    [formname] => Обратная связь
)

------------------------

------------------------
23.02.2023 22:26:17
CallbackFormEmailModal
Array
(
    [name] => dimitroceo@hotmail.com
    [phone] => 83953128749
    [formname] => Обратная связь
)

------------------------
