
------------------------
23.10.2023 2:39:12
CallbackFormEmailModal
Array
(
    [name] => linaAlex@newraymedia.com
    [phone] => 88591336347
    [formname] => Обратная связь
)

------------------------

------------------------
23.10.2023 4:34:48
CallbackFormEmailModal
Array
(
    [name] => halera@poochta.ru
    [phone] => 82855166869
    [formname] => Обратная связь
)

------------------------

------------------------
23.10.2023 5:47:09
CallbackEmailModal
Array
(
    [name] => immuple@lmaill.xyz
    [phone] => 88669362876
    [comment] => Название продуката: Прессованный  настил P 33х11/30х2 Zn 500х1000 мм
Комменатрий: After the sperm sample is inserted and the tube is removed, we ask the woman to lie still for approximately 10 minutes <a href=http://propeci.buzz>propecia 5mg</a> Because IMO the gut can also use ATP as an alternative driver for glucose and or sodium uptake
    [formname] => Задать вопрос по товару
)

------------------------

------------------------
23.10.2023 6:54:26
CallbackFormEmailModal
Array
(
    [name] => you1rmai51l@gmail.com
    [phone] => 87867665812
    [formname] => Обратная связь
)

------------------------

------------------------
23.10.2023 14:28:28
CallbackFormEmailModal
Array
(
    [name] => irins3@pop33.site
    [phone] => 87332922348
    [formname] => Обратная связь
)

------------------------

------------------------
23.10.2023 15:31:52
CallbackFormEmailModal
Array
(
    [name] => czkcbojlwEa@bobbor.store
    [phone] => 87524964415
    [formname] => Обратная связь
)

------------------------

------------------------
23.10.2023 15:49:10
CallbackFormEmailModal
Array
(
    [name] => fmjcodpulEa@bobbor.store
    [phone] => 84387568921
    [formname] => Обратная связь
)

------------------------

------------------------
23.10.2023 16:22:50
CallbackFormEmailModal
Array
(
    [name] => yyezeebemEa@bobbor.store
    [phone] => 82496913785
    [formname] => Обратная связь
)

------------------------

------------------------
23.10.2023 17:21:37
CallbackFormEmailModal
Array
(
    [name] => soctes78@atrimoney.site
    [phone] => 83711863488
    [formname] => Обратная связь
)

------------------------

------------------------
23.10.2023 17:31:48
CallbackFormEmailModal
Array
(
    [name] => sucpqsjftEa@bobbor.store
    [phone] => 86584556235
    [formname] => Обратная связь
)

------------------------

------------------------
23.10.2023 18:48:06
CallbackFormEmailModal
Array
(
    [name] => callvisvetlana@list.ru
    [phone] => 88866658988
    [formname] => Обратная связь
)

------------------------

------------------------
23.10.2023 19:25:49
CallbackFormEmailModal
Array
(
    [name] => socio45@atrimoney.site
    [phone] => 87686371325
    [formname] => Обратная связь
)

------------------------

------------------------
23.10.2023 20:28:01
CallbackFormEmailModal
Array
(
    [name] => xzsbkhgcxEa@bobbor.store
    [phone] => 84988575123
    [formname] => Обратная связь
)

------------------------
