
------------------------
16.02.2024 0:33:13
CallbackFormEmailModal
Array
(
    [name] => indomitowot@outlook.com
    [phone] => 82382597398
    [formname] => Обратная связь
)

------------------------

------------------------
16.02.2024 0:51:48
CallbackFormEmailModal
Array
(
    [name] => greteholck@gmail.com
    [phone] => 88784898891
    [formname] => Обратная связь
)

------------------------

------------------------
16.02.2024 1:14:02
CallbackFormEmailModal
Array
(
    [name] => media@jackpotbetonline.com
    [phone] => 87773388344
    [formname] => Обратная связь
)

------------------------

------------------------
16.02.2024 1:34:13
CallbackFormEmailModal
Array
(
    [name] => alina_konovalova_1987@inbox.ru
    [phone] => 88837139942
    [formname] => Обратная связь
)

------------------------

------------------------
16.02.2024 5:18:16
CallbackFormEmailModal
Array
(
    [name] => ploensebyq509279@hotmail.com
    [phone] => 85367547197
    [formname] => Обратная связь
)

------------------------

------------------------
16.02.2024 7:03:08
CallbackFormEmailModal
Array
(
    [name] => army15-2024@outlook.com
    [phone] => 87868478868
    [formname] => Обратная связь
)

------------------------

------------------------
16.02.2024 8:22:15
CallbackFormEmailModal
Array
(
    [name] => lucido.leinteract@gmail.com
    [phone] => 87219182765
    [formname] => Обратная связь
)

------------------------

------------------------
16.02.2024 9:42:52
CallbackFormEmailModal
Array
(
    [name] => genana0@mailth.site
    [phone] => 85663322299
    [formname] => Обратная связь
)

------------------------

------------------------
16.02.2024 11:48:50
CallbackFormEmailModal
Array
(
    [name] => lucido.leinteract@gmail.com
    [phone] => 87987913914
    [formname] => Обратная связь
)

------------------------

------------------------
16.02.2024 12:10:32
CallbackFormEmailModal
Array
(
    [name] => d.irect.-.rel.kama@mail.ru
    [phone] => 85824128611
    [formname] => Обратная связь
)

------------------------

------------------------
16.02.2024 12:21:01
CallbackFormEmailModal
Array
(
    [name] => martumupar198451@rambler.ru
    [phone] => +71233211231212
    [formname] => Обратная связь
)

------------------------

------------------------
16.02.2024 12:59:19
CallbackFormEmailModal
Array
(
    [name] => Eric Jones
    [phone] => 555-555-1212
    [formname] => Обратная связь
)

------------------------

------------------------
16.02.2024 13:19:28
CallbackFormEmailModal
Array
(
    [name] => zvdnzfocbfrdz@gmxx.de
    [phone] => 86632457479
    [formname] => Обратная связь
)

------------------------

------------------------
16.02.2024 14:33:45
CallbackFormEmailModal
Array
(
    [name] => indomitowot@outlook.com
    [phone] => 85893265727
    [formname] => Обратная связь
)

------------------------

------------------------
16.02.2024 14:34:21
CallbackFormEmailModal
Array
(
    [name] => ngrdberns@gmail.com
    [phone] => 83154376669
    [formname] => Обратная связь
)

------------------------

------------------------
16.02.2024 14:47:38
CallbackFormEmailModal
Array
(
    [name] => wandareale@gmai1.homes
    [phone] => 88883631633
    [formname] => Обратная связь
)

------------------------

------------------------
16.02.2024 15:22:41
CallbackFormEmailModal
Array
(
    [name] => rftimes@rambler.ru
    [phone] => 85483156221
    [formname] => Обратная связь
)

------------------------

------------------------
16.02.2024 17:21:19
CallbackFormEmailModal
Array
(
    [name] => cosmaq116aqa@rambler.ru
    [phone] => 86611573195
    [formname] => Обратная связь
)

------------------------

------------------------
16.02.2024 18:50:54
CallbackFormEmailModal
Array
(
    [name] => gerald5@33pop.site
    [phone] => 84328392366
    [formname] => Обратная связь
)

------------------------

------------------------
16.02.2024 20:59:20
CallbackFormEmailModal
Array
(
    [name] => froeach12@rezka.wtf
    [phone] => 84518994498
    [formname] => Обратная связь
)

------------------------
