
------------------------
16.11.2024 1:47:39
CallbackFormEmailModal
Array
(
    [name] => siatimscompma1978@mail.ru
    [phone] => 82651277871
    [formname] => Обратная связь
)

------------------------

------------------------
16.11.2024 1:56:20
CallbackFormEmailModal
Array
(
    [name] => shushalev.yulian@mail.ru
    [phone] => 85339971166
    [formname] => Обратная связь
)

------------------------

------------------------
16.11.2024 2:00:40
CallbackFormEmailModal
Array
(
    [name] => textliburlitt1983@mail.ru
    [phone] => 89288976597
    [formname] => Обратная связь
)

------------------------

------------------------
16.11.2024 2:01:27
CallbackFormEmailModal
Array
(
    [name] => higbiosepo1986@mail.ru
    [phone] => 86821686213
    [formname] => Обратная связь
)

------------------------

------------------------
16.11.2024 2:42:04
CallbackFormEmailModal
Array
(
    [name] => kris@phoenixseo-az.com
    [phone] => 89891887968
    [formname] => Обратная связь
)

------------------------

------------------------
16.11.2024 3:19:08
CallbackFormEmailModal
Array
(
    [name] => dzhavgorat-tashdemirov1981@mail.ru
    [phone] => 89343546436
    [formname] => Обратная связь
)

------------------------

------------------------
16.11.2024 3:19:10
CallbackFormEmailModal
Array
(
    [name] => wemofoomacfensta@mail.ru
    [phone] => 83656284374
    [formname] => Обратная связь
)

------------------------

------------------------
16.11.2024 5:59:37
CallbackFormEmailModal
Array
(
    [name] => madilwalldream1974@mail.ru
    [phone] => 85793812253
    [formname] => Обратная связь
)

------------------------

------------------------
16.11.2024 6:04:01
CallbackFormEmailModal
Array
(
    [name] => mikhan-zhuravlev-21610@mail.ru
    [phone] => 88672335914
    [formname] => Обратная связь
)

------------------------

------------------------
16.11.2024 6:07:17
CallbackFormEmailModal
Array
(
    [name] => lyads92@mail.ru
    [phone] => 83765399391
    [formname] => Обратная связь
)

------------------------

------------------------
16.11.2024 6:15:04
CallbackFormEmailModal
Array
(
    [name] => mlonanlout1985@mail.ru
    [phone] => 86373373643
    [formname] => Обратная связь
)

------------------------

------------------------
16.11.2024 7:51:32
CallbackFormEmailModal
Array
(
    [name] => redirect-e68331104ed380a76ee0d967e0a6e53f@webmark.eting.org
    [phone] => redirect-e68331104ed380a76ee0d967e0a6e53f@webmark.eting.org
    [formname] => Обратная связь
)

------------------------

------------------------
16.11.2024 7:55:17
CallbackFormEmailModal
Array
(
    [name] => ela.kubets.94@mail.ru
    [phone] => 82558687913
    [formname] => Обратная связь
)

------------------------

------------------------
16.11.2024 8:28:55
CallbackFormEmailModal
Array
(
    [name] => diana.fedorova.85@inbox.ru
    [phone] => 84264888325
    [formname] => Обратная связь
)

------------------------

------------------------
16.11.2024 8:35:46
CallbackFormEmailModal
Array
(
    [name] => doloresa.grishina@mail.ru
    [phone] => 83846422364
    [formname] => Обратная связь
)

------------------------

------------------------
16.11.2024 8:36:31
CallbackFormEmailModal
Array
(
    [name] => licumeca1987@mail.ru
    [phone] => 81337133255
    [formname] => Обратная связь
)

------------------------

------------------------
16.11.2024 8:37:27
CallbackFormEmailModal
Array
(
    [name] => rais.shchigelskaya2002@mail.ru
    [phone] => 87679619136
    [formname] => Обратная связь
)

------------------------

------------------------
16.11.2024 8:50:24
CallbackFormEmailModal
Array
(
    [name] => laisumake186@mail.ru
    [phone] => 82511222697
    [formname] => Обратная связь
)

------------------------

------------------------
16.11.2024 9:04:20
CallbackFormEmailModal
Array
(
    [name] => bajenseliverstov19883262@list.ru
    [phone] => 87879929557
    [formname] => Обратная связь
)

------------------------

------------------------
16.11.2024 9:32:48
CallbackFormEmailModal
Array
(
    [name] => rodionoverik1735@mail.ru
    [phone] => 84576672971
    [formname] => Обратная связь
)

------------------------

------------------------
16.11.2024 10:49:29
CallbackFormEmailModal
Array
(
    [name] => redirect-9acfb1e2b0d392b8750beb70cd6df21e@webmark.eting.org
    [phone] => redirect-9acfb1e2b0d392b8750beb70cd6df21e@webmark.eting.org
    [formname] => Обратная связь
)

------------------------

------------------------
16.11.2024 11:03:21
CallbackFormEmailModal
Array
(
    [name] => redirect-a3126d5214992bcc21592918673d5ae9@webmark.eting.org
    [phone] => redirect-a3126d5214992bcc21592918673d5ae9@webmark.eting.org
    [formname] => Обратная связь
)

------------------------

------------------------
16.11.2024 18:58:16
CallbackFormEmailModal
Array
(
    [name] => rerkgeemong98@mail.ru
    [phone] => 85323644514
    [formname] => Обратная связь
)

------------------------

------------------------
16.11.2024 20:09:19
CallbackFormEmailModal
Array
(
    [name] => chak9brlewis@outlook.com
    [phone] => 88798486256
    [formname] => Обратная связь
)

------------------------

------------------------
16.11.2024 20:26:58
CallbackFormEmailModal
Array
(
    [name] => loginovkornilii953193@mail.ru
    [phone] => 89779692817
    [formname] => Обратная связь
)

------------------------

------------------------
16.11.2024 20:31:35
CallbackFormEmailModal
Array
(
    [name] => vanephsaipremelca@mail.ru
    [phone] => 86437617522
    [formname] => Обратная связь
)

------------------------

------------------------
16.11.2024 20:33:56
CallbackFormEmailModal
Array
(
    [name] => cocaine@kypit-in-ukraine.site
    [phone] => 89566677227
    [formname] => Обратная связь
)

------------------------

------------------------
16.11.2024 20:51:05
CallbackFormEmailModal
Array
(
    [name] => iintabre@mail.ru
    [phone] => 81793335299
    [formname] => Обратная связь
)

------------------------

------------------------
16.11.2024 20:55:19
CallbackFormEmailModal
Array
(
    [name] => yulya.onipchenko.88@mail.ru
    [phone] => 85235797386
    [formname] => Обратная связь
)

------------------------
