
------------------------
03.08.2023 5:34:03
CallbackFormEmailModal
Array
(
    [name] => yourmail@gmail.com
    [phone] => 81954141653
    [formname] => Обратная связь
)

------------------------

------------------------
03.08.2023 7:08:58
CallbackFormEmailModal
Array
(
    [name] => mikeKitGrishitty@gmail.com
    [phone] => 88154369476
    [formname] => Обратная связь
)

------------------------

------------------------
03.08.2023 11:21:39
Order
Array
(
    [name] => Миндавлетов Илшат Руфатович
    [email] => mir-ufa79@mail.ru
    [phone] => +7-917-469-4623
    [comment] => Лестничная ступень SР 34х38/30х2 Zn 600х240 мм, кол-во: 1, цена: 1100руб.
Способ доставки: Доставка автотранспортом поставщика
Выберите способ оплаты: Оплата наличным
Адрес доставки: г.Уфа  ул Степана Злобина 9 кв 62

Комментарий к заказу: 

    [formname] => Заказ из корзины
    [fields] => Array
        (
            [price] => 6600
        )

)

------------------------

------------------------
03.08.2023 14:28:07
CallbackFormEmailModal
Array
(
    [name] => yourmail@gmail.com
    [phone] => 88478912416
    [formname] => Обратная связь
)

------------------------

------------------------
03.08.2023 14:46:01
CallbackFormEmailModal
Array
(
    [name] => uwuvmi@b.fastretmail.com
    [phone] => 85292647988
    [formname] => Обратная связь
)

------------------------

------------------------
03.08.2023 15:34:05
CallbackFormEmailModal
Array
(
    [name] => temptest521127480@gmail.com
    [phone] => 85787336561
    [formname] => Обратная связь
)

------------------------

------------------------
03.08.2023 18:40:35
CallbackFormEmailModal
Array
(
    [name] => charlesgen@gseomail.com
    [phone] => 88753386999
    [formname] => Обратная связь
)

------------------------

------------------------
03.08.2023 21:10:54
CallbackFormEmailModal
Array
(
    [name] => semen.chernovaum@yandex.ru
    [phone] => 84976329157
    [formname] => Обратная связь
)

------------------------

------------------------
03.08.2023 23:14:10
CallbackFormEmailModal
Array
(
    [name] => igilager@c.fastretmail.com
    [phone] => 81675263894
    [formname] => Обратная связь
)

------------------------
