
------------------------
02.01.2022 3:07:18
CallbackFormEmailModal
Array
(
    [name] => decontgregean87@yandex.ru
    [phone] => 76200633515
    [formname] => Обратная связь
)

------------------------

------------------------
02.01.2022 3:07:19
CallbackFormEmailModal
Array
(
    [name] => decontgregean87@yandex.ru
    [phone] => 83768114415
    [formname] => Обратная связь
)

------------------------

------------------------
02.01.2022 3:08:41
CallbackFormEmailModal
Array
(
    [name] => VZRI7VGO www.yandex.ru
    [phone] => 81019566299
    [formname] => Обратная связь
)

------------------------
