
------------------------
03.06.2021 3:36:43
CallbackFormEmailModal
Array
(
    [name] => no-replyMop@gmail.com
    [phone] => 89185284333
    [formname] => Обратная связь
)

------------------------

------------------------
03.06.2021 10:14:10
CallbackFormEmailModal
Array
(
    [name] => anton777pt@bk.ru
    [phone] => 79675556008
    [formname] => Обратная связь
)

------------------------

------------------------
03.06.2021 10:51:11
CallbackFormModal
Array
(
    [name] => Любовь
    [phone] => +7(910)790-44-64
    [formname] => Заказать звонок
)

------------------------

------------------------
03.06.2021 13:24:44
CallbackFormEmailModal
Array
(
    [name] => richardwahl83@hotmail.com
    [phone] => 82854232596
    [formname] => Обратная связь
)

------------------------

------------------------
03.06.2021 23:30:05
CallbackFormEmailModal
Array
(
    [name] => srgy106884@inbox.ru
    [phone] => 79106884757
    [formname] => Обратная связь
)

------------------------
