
------------------------
09.02.2025 2:08:00
CallbackFormEmailModal
Array
(
    [name] => kzkhnxjlyel@rudiplomust.com
    [phone] => 88843182596
    [formname] => Обратная связь
)

------------------------

------------------------
09.02.2025 3:02:40
CallbackFormEmailModal
Array
(
    [name] => evgenevna5qdk@gmail.com
    [phone] => 87378672294
    [formname] => Обратная связь
)

------------------------

------------------------
09.02.2025 3:47:30
CallbackFormEmailModal
Array
(
    [name] => usckkklnqka@rudiplomust.com
    [phone] => 87536181816
    [formname] => Обратная связь
)

------------------------

------------------------
09.02.2025 3:59:42
CallbackFormEmailModal
Array
(
    [name] => jflomsywbSi@rudiplomust.com
    [phone] => 84927848651
    [formname] => Обратная связь
)

------------------------

------------------------
09.02.2025 4:52:21
CallbackFormEmailModal
Array
(
    [name] => yourmail@gmail.com
    [phone] => 88251759951
    [formname] => Обратная связь
)

------------------------

------------------------
09.02.2025 6:27:24
CallbackFormEmailModal
Array
(
    [name] => sisimalq@gmail.com
    [phone] => 87586588687
    [formname] => Обратная связь
)

------------------------

------------------------
09.02.2025 6:35:12
CallbackFormEmailModal
Array
(
    [name] => zvmxvqhduel@rudiplomust.com
    [phone] => 82587814393
    [formname] => Обратная связь
)

------------------------

------------------------
09.02.2025 7:32:46
CallbackFormEmailModal
Array
(
    [name] => portwertu@gmail.com
    [phone] => 82372424388
    [formname] => Обратная связь
)

------------------------

------------------------
09.02.2025 8:05:03
CallbackFormEmailModal
Array
(
    [name] => serg73990094@bk.ru
    [phone] => 79999788779
    [formname] => Обратная связь
)

------------------------

------------------------
09.02.2025 8:22:57
CallbackFormEmailModal
Array
(
    [name] => yourmail@gmail.com
    [phone] => 81762881688
    [formname] => Обратная связь
)

------------------------

------------------------
09.02.2025 9:01:45
CallbackFormEmailModal
Array
(
    [name] => evgenevna5qdk@gmail.com
    [phone] => 81249472921
    [formname] => Обратная связь
)

------------------------

------------------------
09.02.2025 9:41:16
CallbackFormEmailModal
Array
(
    [name] => zkxipgwkjel@rudiplomust.com
    [phone] => 87698437621
    [formname] => Обратная связь
)

------------------------

------------------------
09.02.2025 10:31:40
CallbackFormEmailModal
Array
(
    [name] => umjeldsfcei@rudiplomust.com
    [phone] => 82693954886
    [formname] => Обратная связь
)

------------------------

------------------------
09.02.2025 10:51:43
CallbackFormEmailModal
Array
(
    [name] => blpnhuursel@rudiplomust.com
    [phone] => 89774945674
    [formname] => Обратная связь
)

------------------------

------------------------
09.02.2025 11:02:52
CallbackFormEmailModal
Array
(
    [name] => ywzatzjbfKn@rudiplomust.com
    [phone] => 84396351366
    [formname] => Обратная связь
)

------------------------

------------------------
09.02.2025 11:32:52
CallbackFormEmailModal
Array
(
    [name] => ekopzebta@yandex.ru
    [phone] => 89379483452
    [formname] => Обратная связь
)

------------------------

------------------------
09.02.2025 11:34:03
CallbackFormEmailModal
Array
(
    [name] => info@pinko-casino-495.store
    [phone] => 88816169891
    [formname] => Обратная связь
)

------------------------

------------------------
09.02.2025 12:49:09
CallbackFormEmailModal
Array
(
    [name] => wnaufkmpnel@rudiplomust.com
    [phone] => 82264748342
    [formname] => Обратная связь
)

------------------------

------------------------
09.02.2025 13:48:18
CallbackFormEmailModal
Array
(
    [name] => deacren@mail.ru
    [phone] => 87122839557
    [formname] => Обратная связь
)

------------------------

------------------------
09.02.2025 14:05:26
CallbackFormEmailModal
Array
(
    [name] => karina_platonova_31068@mail.ru
    [phone] => 89644529696
    [formname] => Обратная связь
)

------------------------

------------------------
09.02.2025 14:11:24
CallbackFormEmailModal
Array
(
    [name] => gunlekingovertcon@mail.ru
    [phone] => 82526466573
    [formname] => Обратная связь
)

------------------------

------------------------
09.02.2025 14:52:38
CallbackFormEmailModal
Array
(
    [name] => amandawastMalib@gmail.com
    [phone] => 84612451318
    [formname] => Обратная связь
)

------------------------

------------------------
09.02.2025 14:55:00
CallbackFormEmailModal
Array
(
    [name] => ignatevipatii19908014@mail.ru
    [phone] => 89139118565
    [formname] => Обратная связь
)

------------------------

------------------------
09.02.2025 15:01:26
CallbackFormEmailModal
Array
(
    [name] => ilya.igoshin.85@mail.ru
    [phone] => 88273269545
    [formname] => Обратная связь
)

------------------------

------------------------
09.02.2025 15:10:26
CallbackFormEmailModal
Array
(
    [name] => inna.kortneva.69@mail.ru
    [phone] => 86499319443
    [formname] => Обратная связь
)

------------------------

------------------------
09.02.2025 15:17:22
CallbackFormEmailModal
Array
(
    [name] => iintabre@mail.ru
    [phone] => 86294299997
    [formname] => Обратная связь
)

------------------------

------------------------
09.02.2025 15:30:13
CallbackFormEmailModal
Array
(
    [name] => erangifest1980@mail.ru
    [phone] => 82714119125
    [formname] => Обратная связь
)

------------------------

------------------------
09.02.2025 15:31:26
Order
Array
(
    [name] => Эльдар
    [email] => 
    [phone] => +7-977-185-8642
    [comment] => Лестничная ступень SР 34х38/30х2 Zn 800х240 мм, кол-во: 1, цена: 1480руб.
Способ доставки: Самовывоз со склада
Выберите способ оплаты: Оплата наличным

Комментарий к заказу: 
Доброго утра!
 Необходимы 21 ступень 240х800 30х2, настил 800х1000 30х3, 8 бабочек (крепёж).
 Дайте пожалуйста предложение до 10:30 утра, и ваша доставка по Москве. Спасибо
    [formname] => Заказ из корзины
    [fields] => Array
        (
            [price] => 31080
        )

)

------------------------

------------------------
09.02.2025 16:26:40
CallbackFormEmailModal
Array
(
    [name] => ljusdukeeca1971@mail.ru
    [phone] => 88646632134
    [formname] => Обратная связь
)

------------------------

------------------------
09.02.2025 16:59:06
CallbackFormEmailModal
Array
(
    [name] => remodemu1973@mail.ru
    [phone] => 82782438466
    [formname] => Обратная связь
)

------------------------

------------------------
09.02.2025 18:35:43
CallbackFormEmailModal
Array
(
    [name] => mlonanlout1985@mail.ru
    [phone] => 86626444472
    [formname] => Обратная связь
)

------------------------

------------------------
09.02.2025 18:52:35
CallbackFormEmailModal
Array
(
    [name] => ectzigjhyKt@rudiplomust.com
    [phone] => 84745626946
    [formname] => Обратная связь
)

------------------------

------------------------
09.02.2025 19:11:47
CallbackFormEmailModal
Array
(
    [name] => ynqgzwqshel@rudiplomust.com
    [phone] => 89799395852
    [formname] => Обратная связь
)

------------------------

------------------------
09.02.2025 22:37:15
CallbackFormEmailModal
Array
(
    [name] => anepivepaz038@gmail.com
    [phone] => 82566849139
    [formname] => Обратная связь
)

------------------------

------------------------
09.02.2025 23:13:49
CallbackFormEmailModal
Array
(
    [name] => gvdpxhmorEt@rudiplomust.com
    [phone] => 89561382375
    [formname] => Обратная связь
)

------------------------

------------------------
09.02.2025 23:40:33
CallbackFormEmailModal
Array
(
    [name] => vincenttaits@mail.ru
    [phone] => 85112184125
    [formname] => Обратная связь
)

------------------------

------------------------
09.02.2025 23:56:46
CallbackFormEmailModal
Array
(
    [name] => game4art@deft-service.ru
    [phone] => 82136769784
    [formname] => Обратная связь
)

------------------------
