
------------------------
27.05.2025 0:46:47
CallbackFormEmailModal
Array
(
    [name] => Eric Jones
    [phone] => US
    [formname] => Обратная связь
)

------------------------

------------------------
27.05.2025 2:06:31
CallbackFormEmailModal
Array
(
    [name] => ceitigasa1987@mailopenz.com
    [phone] => 88791217533
    [formname] => Обратная связь
)

------------------------

------------------------
27.05.2025 4:09:15
CallbackFormEmailModal
Array
(
    [name] => yandexmarket@anonmails.de
    [phone] => 86169646354
    [formname] => Обратная связь
)

------------------------

------------------------
27.05.2025 6:02:16
CallbackFormEmailModal
Array
(
    [name] => trata@93rus.myjino.ru
    [phone] => 88583632717
    [formname] => Обратная связь
)

------------------------

------------------------
27.05.2025 6:35:45
CallbackFormEmailModal
Array
(
    [name] => revers711@1ti.ru
    [phone] => 82246396615
    [formname] => Обратная связь
)

------------------------

------------------------
27.05.2025 14:17:17
CallbackFormEmailModal
Array
(
    [name] => tarvfmnl@tubermail.com
    [phone] => 82655849131
    [formname] => Обратная связь
)

------------------------

------------------------
27.05.2025 17:53:16
CallbackFormEmailModal
Array
(
    [name] => blghelzz@hotmail.com
    [phone] => 81177247563
    [formname] => Обратная связь
)

------------------------

------------------------
27.05.2025 19:42:43
CallbackFormEmailModal
Array
(
    [name] => felipepitly@mail.ru
    [phone] => 83276487865
    [formname] => Обратная связь
)

------------------------

------------------------
27.05.2025 21:10:48
CallbackFormEmailModal
Array
(
    [name] => perrettcornalss@anonmails.de
    [phone] => 84431547861
    [formname] => Обратная связь
)

------------------------
