
------------------------
03.07.2025 0:30:20
CallbackFormEmailModal
Array
(
    [name] => varmendariz.mba2005@web.de
    [phone] => 83325249994
    [formname] => Обратная связь
)

------------------------

------------------------
03.07.2025 10:17:16
CallbackFormEmailModal
Array
(
    [name] => robertNub@mail.ru
    [phone] => 86284866866
    [formname] => Обратная связь
)

------------------------

------------------------
03.07.2025 10:30:50
CallbackFormEmailModal
Array
(
    [name] => guerfupe@mail.ru
    [phone] => 84725198835
    [formname] => Обратная связь
)

------------------------

------------------------
03.07.2025 12:25:48
Order
Array
(
    [name] => Малышева Людмила Николаевна
    [email] => mavmal@bk.ru
    [phone] => +7-978-843-4217
    [comment] => Ревизия/прочистка Rw150 с выпуском DN110, кол-во: 1, цена: 4350руб.
Способ доставки: Доставка автотранспортом поставщика
Выберите способ оплаты: Оплата на расчетный счет организации
Адрес доставки: г Ялта Крым 

Комментарий к заказу: 
есть ли скидка на данное количество?
    [formname] => Заказ из корзины
    [fields] => Array
        (
            [price] => 26100
        )

)

------------------------

------------------------
03.07.2025 15:07:13
CallbackFormEmailModal
Array
(
    [name] => yourmail@gmail.com
    [phone] => 88141658455
    [formname] => Обратная связь
)

------------------------

------------------------
03.07.2025 17:04:36
CallbackFormEmailModal
Array
(
    [name] => yandexmarkets@anonmails.de
    [phone] => 83399479117
    [formname] => Обратная связь
)

------------------------

------------------------
03.07.2025 19:05:46
CallbackFormEmailModal
Array
(
    [name] => musaev.misha.1982.3.5@list.ru
    [phone] => 81238965962
    [formname] => Обратная связь
)

------------------------

------------------------
03.07.2025 19:52:27
CallbackFormEmailModal
Array
(
    [name] => eprovbelwha@mail.ru
    [phone] => 82552765165
    [formname] => Обратная связь
)

------------------------

------------------------
03.07.2025 20:16:04
CallbackFormEmailModal
Array
(
    [name] => dorofeyavinogradova199056@mail.ru
    [phone] => 82694188846
    [formname] => Обратная связь
)

------------------------

------------------------
03.07.2025 23:14:42
CallbackFormEmailModal
Array
(
    [name] => rodriguez_margareth06775@gmx.com
    [phone] => 86544969867
    [formname] => Обратная связь
)

------------------------
