
------------------------
15.04.2025 0:20:17
CallbackFormEmailModal
Array
(
    [name] => dolnovam@mail.ru
    [phone] => 84889677143
    [formname] => Обратная связь
)

------------------------

------------------------
15.04.2025 0:53:57
CallbackFormEmailModal
Array
(
    [name] => stevenKeymn@mail.ru
    [phone] => 85572134651
    [formname] => Обратная связь
)

------------------------

------------------------
15.04.2025 2:21:28
CallbackFormEmailModal
Array
(
    [name] => zvrmyyqto@hoopsori.shop
    [phone] => 85381971473
    [formname] => Обратная связь
)

------------------------

------------------------
15.04.2025 2:48:29
CallbackFormEmailModal
Array
(
    [name] => stanki_Kip@dostupno-vsem.shop
    [phone] => 87346173394
    [formname] => Обратная связь
)

------------------------

------------------------
15.04.2025 7:41:09
CallbackFormEmailModal
Array
(
    [name] => mefedron-mephedrone@russia-cocaine.online
    [phone] => 81124543678
    [formname] => Обратная связь
)

------------------------

------------------------
15.04.2025 7:53:25
CallbackFormEmailModal
Array
(
    [name] => kokain-cocaine@russia-cocaine.online
    [phone] => 82752387331
    [formname] => Обратная связь
)

------------------------

------------------------
15.04.2025 9:58:00
CallbackFormEmailModal
Array
(
    [name] => nazarovromen853066@mail.ru
    [phone] => 86277489422
    [formname] => Обратная связь
)

------------------------

------------------------
15.04.2025 10:03:46
CallbackFormEmailModal
Array
(
    [name] => ponomaryov.borya.1983@bk.ru
    [phone] => 86663443554
    [formname] => Обратная связь
)

------------------------

------------------------
15.04.2025 10:22:40
CallbackFormEmailModal
Array
(
    [name] => dolnovam@mail.ru
    [phone] => 86483424477
    [formname] => Обратная связь
)

------------------------

------------------------
15.04.2025 10:39:49
CallbackFormEmailModal
Array
(
    [name] => arturgorz2o3@bk.ru
    [phone] => 84946563361
    [formname] => Обратная связь
)

------------------------

------------------------
15.04.2025 10:45:22
CallbackFormEmailModal
Array
(
    [name] => mickeycaf@bk.ru:50xa5mmm4
    [phone] => 87572359889
    [formname] => Обратная связь
)

------------------------

------------------------
15.04.2025 10:50:20
CallbackFormEmailModal
Array
(
    [name] => musaev.misha.1982.3.5@list.ru
    [phone] => 87649889325
    [formname] => Обратная связь
)

------------------------

------------------------
15.04.2025 10:51:56
CallbackFormEmailModal
Array
(
    [name] => rerkgeemong98@mail.ru
    [phone] => 82312385547
    [formname] => Обратная связь
)

------------------------

------------------------
15.04.2025 16:31:32
CallbackFormEmailModal
Array
(
    [name] => dolnovam@mail.ru
    [phone] => 84579676192
    [formname] => Обратная связь
)

------------------------

------------------------
15.04.2025 16:31:34
CallbackFormEmailModal
Array
(
    [name] => dolnovam@mail.ru
    [phone] => 88469938799
    [formname] => Обратная связь
)

------------------------

------------------------
15.04.2025 18:40:25
CallbackFormEmailModal
Array
(
    [name] => dolnovam@mail.ru
    [phone] => 87783814585
    [formname] => Обратная связь
)

------------------------

------------------------
15.04.2025 18:41:43
CallbackFormEmailModal
Array
(
    [name] => prohor.zlobin.14.11.1987@mail.ru
    [phone] => 87375986452
    [formname] => Обратная связь
)

------------------------

------------------------
15.04.2025 18:56:56
CallbackFormEmailModal
Array
(
    [name] => subbotinalenara88@mail.ru
    [phone] => 85774846861
    [formname] => Обратная связь
)

------------------------

------------------------
15.04.2025 19:02:54
CallbackFormEmailModal
Array
(
    [name] => karpeciktibas19915@bk.ru
    [phone] => 83582845736
    [formname] => Обратная связь
)

------------------------

------------------------
15.04.2025 19:07:47
CallbackFormEmailModal
Array
(
    [name] => glaveldibi@gismail.online

    [phone] => 89289238916
    [formname] => Обратная связь
)

------------------------

------------------------
15.04.2025 20:55:12
CallbackFormEmailModal
Array
(
    [name] => naphtloxua-5550@mail.ru
    [phone] => 84592963828
    [formname] => Обратная связь
)

------------------------

------------------------
15.04.2025 21:03:02
CallbackFormEmailModal
Array
(
    [name] => woodbpurne1983@mail.ru
    [phone] => 81942397999
    [formname] => Обратная связь
)

------------------------

------------------------
15.04.2025 21:46:14
CallbackFormEmailModal
Array
(
    [name] => mepinfenia@bk.ru
    [phone] => 86168832884
    [formname] => Обратная связь
)

------------------------

------------------------
15.04.2025 21:48:38
CallbackFormEmailModal
Array
(
    [name] => inna.kortneva.69@mail.ru
    [phone] => 85454794346
    [formname] => Обратная связь
)

------------------------

------------------------
15.04.2025 22:14:37
CallbackFormEmailModal
Array
(
    [name] => seimymavig1983@mail.ru
    [phone] => 88743795772
    [formname] => Обратная связь
)

------------------------
