
------------------------
22.04.2022 4:11:03
CallbackFormEmailModal
Array
(
    [name] => lu.stsupr.amat.ch@gmail.com
    [phone] => 89031913192
    [formname] => Обратная связь
)

------------------------

------------------------
22.04.2022 9:32:20
CallbackFormEmailModal
Array
(
    [name] => fstrnu@mchsi.com
    [phone] => 89034658574
    [formname] => Обратная связь
)

------------------------

------------------------
22.04.2022 10:06:52
CallbackEmailModal
Array
(
    [name] => Nonnank@onymail.xyz
    [phone] => 89924889975
    [comment] => Название продуката: Грязезащитные покрытия Марс
Комменатрий: https://bestadalafil.com/ - Cialis Qusknn Amoxicillin And Neurontin Ineractions Fuvjoa <a href="https://bestadalafil.com/">buy cialis generic online cheap</a> Xklcbl Levitra Precio Cephalexin Mixed Ackkga https://bestadalafil.com/ - is generic cialis available Aakefr
    [formname] => Задать вопрос по товару
)

------------------------

------------------------
22.04.2022 14:46:31
CallbackFormEmailModal
Array
(
    [name] => jaoj2@yahoo.com
    [phone] => 89032345611
    [formname] => Обратная связь
)

------------------------

------------------------
22.04.2022 21:13:31
CallbackFormEmailModal
Array
(
    [name] => ddurgin@yankeeind.com
    [phone] => 89036901881
    [formname] => Обратная связь
)

------------------------
