
------------------------
08.05.2024 0:24:47
CallbackFormEmailModal
Array
(
    [name] => maholtingdi1986@op.pl
    [phone] => 88219966629
    [formname] => Обратная связь
)

------------------------

------------------------
08.05.2024 2:30:52
CallbackFormEmailModal
Array
(
    [name] => joscelinekpodebari@hotmail.com
    [phone] => 88564389244
    [formname] => Обратная связь
)

------------------------

------------------------
08.05.2024 3:26:13
CallbackFormEmailModal
Array
(
    [name] => siologcavan1985@op.pl
    [phone] => 89318365166
    [formname] => Обратная связь
)

------------------------

------------------------
08.05.2024 5:19:18
CallbackFormEmailModal
Array
(
    [name] => d1aqclpk@yourmailz.com
    [phone] => 84834183248
    [formname] => Обратная связь
)

------------------------

------------------------
08.05.2024 5:47:09
CallbackFormEmailModal
Array
(
    [name] => segif18200@shirulo.com
    [phone] => 89225217116
    [formname] => Обратная связь
)

------------------------

------------------------
08.05.2024 6:24:08
CallbackFormEmailModal
Array
(
    [name] => sissmivo1992@ro.ru
    [phone] => 87832392269
    [formname] => Обратная связь
)

------------------------

------------------------
08.05.2024 8:20:25
CallbackFormEmailModal
Array
(
    [name] => aq60aqa@rambler.ru
    [phone] => 86555716591
    [formname] => Обратная связь
)

------------------------

------------------------
08.05.2024 14:54:56
CallbackFormEmailModal
Array
(
    [name] => lucido.leinteract@gmail.com
    [phone] => 82394676978
    [formname] => Обратная связь
)

------------------------

------------------------
08.05.2024 14:56:42
CallbackFormEmailModal
Array
(
    [name] => fata2714adj@service.anniversaryly.click
    [phone] => 86549353263
    [formname] => Обратная связь
)

------------------------

------------------------
08.05.2024 16:01:59
CallbackFormEmailModal
Array
(
    [name] => air.heating.serv@gmail.com
    [phone] => 82386138622
    [formname] => Обратная связь
)

------------------------

------------------------
08.05.2024 17:49:02
CallbackFormEmailModal
Array
(
    [name] => mikeKitGrishitty@gmail.com
    [phone] => 87612569912
    [formname] => Обратная связь
)

------------------------

------------------------
08.05.2024 20:02:31
CallbackFormEmailModal
Array
(
    [name] => kristopherwatterston3835@hotmail.com
    [phone] => 85451492747
    [formname] => Обратная связь
)

------------------------

------------------------
08.05.2024 20:28:35
CallbackFormEmailModal
Array
(
    [name] => storesonliner@searcherwebonline.com
    [phone] => 87194651724
    [formname] => Обратная связь
)

------------------------
