
------------------------
13.08.2024 0:40:25
CallbackFormEmailModal
Array
(
    [name] => ekopzebta@yandex.ru
    [phone] => 85552395731
    [formname] => Обратная связь
)

------------------------

------------------------
13.08.2024 3:42:30
CallbackFormEmailModal
Array
(
    [name] => wx12lihe[exygyzotorygetit,2,5]@wxlihe1393.com
    [phone] => 82125346839
    [formname] => Обратная связь
)

------------------------

------------------------
13.08.2024 6:39:46
CallbackFormEmailModal
Array
(
    [name] => remspdopoeoaosioieoiaspoe@gmail.com
    [phone] => 82675825588
    [formname] => Обратная связь
)

------------------------

------------------------
13.08.2024 8:53:44
CallbackFormEmailModal
Array
(
    [name] => giadecawest1979@op.pl
    [phone] => 85477321132
    [formname] => Обратная связь
)

------------------------

------------------------
13.08.2024 14:15:03
CallbackFormEmailModal
Array
(
    [name] => markusgenzel3@gmail.com
    [phone] => 82376542636
    [formname] => Обратная связь
)

------------------------

------------------------
13.08.2024 16:04:11
CallbackFormEmailModal
Array
(
    [name] => reliharso1979@op.pl
    [phone] => 85484216151
    [formname] => Обратная связь
)

------------------------

------------------------
13.08.2024 16:59:42
CallbackFormEmailModal
Array
(
    [name] => haaland.com.az1@prokuratura-rb.ru
    [phone] => 81265898753
    [formname] => Обратная связь
)

------------------------

------------------------
13.08.2024 17:02:35
CallbackFormEmailModal
Array
(
    [name] => hwaswallame1980@op.pl
    [phone] => 86552793786
    [formname] => Обратная связь
)

------------------------

------------------------
13.08.2024 17:14:10
CallbackFormEmailModal
Array
(
    [name] => xrumer23Kip@gmail.com
    [phone] => 85725193989
    [formname] => Обратная связь
)

------------------------

------------------------
13.08.2024 18:25:22
CallbackFormEmailModal
Array
(
    [name] => deepshika987.1@gmail.com
    [phone] => 86273345488
    [formname] => Обратная связь
)

------------------------

------------------------
13.08.2024 21:16:58
CallbackFormEmailModal
Array
(
    [name] => r.a.n.d.a..ra.nd.26.7.@gmail.com
    [phone] => 86619158973
    [formname] => Обратная связь
)

------------------------

------------------------
13.08.2024 21:26:02
CallbackFormEmailModal
Array
(
    [name] => mephedrone@kypit-kokain-moscow.ru
    [phone] => 87443849387
    [formname] => Обратная связь
)

------------------------

------------------------
13.08.2024 21:37:29
CallbackFormEmailModal
Array
(
    [name] => chatoowacgui@mail3go.online

    [phone] => 82942881627
    [formname] => Обратная связь
)

------------------------
