
------------------------
03.11.2022 3:54:29
CallbackFormEmailModal
Array
(
    [name] => p.mas.l.ov0.2.6@gmail.com
    [phone] => 86653239887
    [formname] => Обратная связь
)

------------------------

------------------------
03.11.2022 5:30:46
CallbackFormEmailModal
Array
(
    [name] => karne.ev.ai.7.1.@gmail.com
    [phone] => 85248373543
    [formname] => Обратная связь
)

------------------------

------------------------
03.11.2022 10:38:49
CallbackFormEmailModal
Array
(
    [name] => ir.i.nam.as.l.ova6.1.8.@gmail.com
    [phone] => 89981214818
    [formname] => Обратная связь
)

------------------------

------------------------
03.11.2022 22:03:10
CallbackFormEmailModal
Array
(
    [name] => mrpdfc@outlook.com
    [phone] => 88433589825
    [formname] => Обратная связь
)

------------------------

------------------------
03.11.2022 23:05:59
CallbackFormEmailModal
Array
(
    [name] => info@hifinance.ru
    [phone] => +7 (495) 142-56-63
    [formname] => Обратная связь
)

------------------------
