
------------------------
24.12.2023 1:23:32
CallbackFormEmailModal
Array
(
    [name] => opensea-appy@gmail.com
    [phone] => 82225143783
    [formname] => Обратная связь
)

------------------------

------------------------
24.12.2023 5:08:57
CallbackFormEmailModal
Array
(
    [name] => callvisvetlana@list.ru
    [phone] => 84981172433
    [formname] => Обратная связь
)

------------------------

------------------------
24.12.2023 5:10:41
CallbackFormEmailModal
Array
(
    [name] => oleg-crimea@mail.ru
    [phone] => 84432593346
    [formname] => Обратная связь
)

------------------------

------------------------
24.12.2023 5:24:04
CallbackFormEmailModal
Array
(
    [name] => iaroslav.pankovzxn@yandex.ru
    [phone] => 84979683143
    [formname] => Обратная связь
)

------------------------

------------------------
24.12.2023 8:48:36
CallbackFormEmailModal
Array
(
    [name] => mikeKitGrishitty@gmail.com
    [phone] => 88763283823
    [formname] => Обратная связь
)

------------------------

------------------------
24.12.2023 16:04:57
CallbackFormEmailModal
Array
(
    [name] => froeach12@rezka.wtf
    [phone] => 85767155799
    [formname] => Обратная связь
)

------------------------

------------------------
24.12.2023 18:18:39
CallbackFormEmailModal
Array
(
    [name] => septon36giannixi@gmail.com
    [phone] => 81872434677
    [formname] => Обратная связь
)

------------------------

------------------------
24.12.2023 20:21:12
CallbackFormEmailModal
Array
(
    [name] => arbitr88889902@inbox.ru
    [phone] => 79316014066
    [formname] => Обратная связь
)

------------------------

------------------------
24.12.2023 23:41:07
CallbackFormEmailModal
Array
(
    [name] => reactoonz@fun.nl
    [phone] => 85881793881
    [formname] => Обратная связь
)

------------------------
