
------------------------
15.12.2023 2:34:42
CallbackFormEmailModal
Array
(
    [name] => dofsnsmzgOt@superstomatologpro.ru
    [phone] => 89111474616
    [formname] => Обратная связь
)

------------------------

------------------------
15.12.2023 2:54:19
CallbackFormEmailModal
Array
(
    [name] => rus.kulish.20@mail.ru
    [phone] => 81832865396
    [formname] => Обратная связь
)

------------------------

------------------------
15.12.2023 5:33:58
CallbackFormEmailModal
Array
(
    [name] => froeach12@rezka.wtf
    [phone] => 85329832376
    [formname] => Обратная связь
)

------------------------

------------------------
15.12.2023 5:52:50
CallbackFormEmailModal
Array
(
    [name] => george18smith05as@rambler.ru
    [phone] => 86176663214
    [formname] => Обратная связь
)

------------------------

------------------------
15.12.2023 8:53:39
CallbackFormEmailModal
Array
(
    [name] => su.dolbozena35.6@gmail.com
    [phone] => 86947476614
    [formname] => Обратная связь
)

------------------------

------------------------
15.12.2023 9:34:40
CallbackFormEmailModal
Array
(
    [name] => oceaniat-all@gmail.com
    [phone] => 82634865364
    [formname] => Обратная связь
)

------------------------

------------------------
15.12.2023 10:37:30
CallbackFormEmailModal
Array
(
    [name] => mikeKitGrishitty@gmail.com
    [phone] => 89386973497
    [formname] => Обратная связь
)

------------------------

------------------------
15.12.2023 10:54:29
CallbackFormEmailModal
Array
(
    [name] => kenneth38phillips96as@rambler.ru
    [phone] => 81568499374
    [formname] => Обратная связь
)

------------------------

------------------------
15.12.2023 11:25:03
CallbackFormEmailModal
Array
(
    [name] => oleg-crimea@mail.ru
    [phone] => 88159472792
    [formname] => Обратная связь
)

------------------------

------------------------
15.12.2023 13:13:30
CallbackFormEmailModal
Array
(
    [name] => john11adams61as@rambler.ru
    [phone] => 84173686561
    [formname] => Обратная связь
)

------------------------

------------------------
15.12.2023 13:18:41
CallbackFormEmailModal
Array
(
    [name] => aq91aqa@rambler.ru
    [phone] => 81972454968
    [formname] => Обратная связь
)

------------------------

------------------------
15.12.2023 15:27:32
CallbackFormEmailModal
Array
(
    [name] => absolut_cleaning@mail.ru
    [phone] => 89213334455
    [formname] => Обратная связь
)

------------------------

------------------------
15.12.2023 19:19:05
CallbackFormEmailModal
Array
(
    [name] => ldyfceogby@rambler.ru
    [phone] => 81621342789
    [formname] => Обратная связь
)

------------------------

------------------------
15.12.2023 21:07:30
CallbackFormEmailModal
Array
(
    [name] => igor.vavilovipv@yandex.ru
    [phone] => 81951996646
    [formname] => Обратная связь
)

------------------------

------------------------
15.12.2023 21:15:58
CallbackFormEmailModal
Array
(
    [name] => vqjhobrt@mail.ru
    [phone] => +791234567802
    [formname] => Обратная связь
)

------------------------

------------------------
15.12.2023 22:04:57
CallbackFormEmailModal
Array
(
    [name] => inform2019@yandex.ru
    [phone] => 85594698865
    [formname] => Обратная связь
)

------------------------
