
------------------------
23.05.2022 1:45:29
CallbackFormEmailModal
Array
(
    [name] => kristinc05@yahoo.com
    [phone] => 89031956327
    [formname] => Обратная связь
)

------------------------

------------------------
23.05.2022 7:26:29
CallbackFormEmailModal
Array
(
    [name] => jsnorthington@gmail.com
    [phone] => 89031640888
    [formname] => Обратная связь
)

------------------------

------------------------
23.05.2022 9:23:33
CallbackFormEmailModal
Array
(
    [name] => abollabek@topmailonline.xyz
    [phone] => 85143913111
    [formname] => Обратная связь
)

------------------------

------------------------
23.05.2022 12:48:26
CallbackFormEmailModal
Array
(
    [name] => ivalentin@wiley.com
    [phone] => 89034917820
    [formname] => Обратная связь
)

------------------------

------------------------
23.05.2022 18:08:40
CallbackFormEmailModal
Array
(
    [name] => partychaser@hotmail.com
    [phone] => 89033046064
    [formname] => Обратная связь
)

------------------------

------------------------
23.05.2022 21:09:36
CallbackFormEmailModal
Array
(
    [name] => wb2oz8312@list.ru
    [phone] => 79998660751
    [formname] => Обратная связь
)

------------------------

------------------------
23.05.2022 21:44:35
CallbackFormEmailModal
Array
(
    [name] => CJSNYDER5864@YAHOO.COM
    [phone] => 89038193467
    [formname] => Обратная связь
)

------------------------

------------------------
23.05.2022 21:53:26
CallbackFormEmailModal
Array
(
    [name] => zz1020@citiz.net
    [phone] => 89034715637
    [formname] => Обратная связь
)

------------------------

------------------------
23.05.2022 23:04:34
CallbackFormEmailModal
Array
(
    [name] => Никита
    [phone] => 79207472787
    [formname] => Обратная связь
)

------------------------

------------------------
23.05.2022 23:49:38
CallbackFormEmailModal
Array
(
    [name] => eva_castio@yahoo.com
    [phone] => 89036928302
    [formname] => Обратная связь
)

------------------------
