
------------------------
12.10.2023 7:50:55
CallbackFormEmailModal
Array
(
    [name] => petrocan29@gmail.com
    [phone] => 81557627995
    [formname] => Обратная связь
)

------------------------

------------------------
12.10.2023 8:29:22
CallbackFormEmailModal
Array
(
    [name] => froeach12@rezka.wtf
    [phone] => 86417238425
    [formname] => Обратная связь
)

------------------------

------------------------
12.10.2023 12:50:47
CallbackFormEmailModal
Array
(
    [name] => starovojtovgeorgij8383@mail.ru
    [phone] => 88385466474
    [formname] => Обратная связь
)

------------------------

------------------------
12.10.2023 15:23:57
CallbackFormEmailModal
Array
(
    [name] => Андрей
    [phone] => +7(951)645-16-61
    [formname] => Обратная связь
)

------------------------
