
------------------------
18.07.2024 0:44:34
CallbackFormEmailModal
Array
(
    [name] => dav.i.dl.in.e.sman.@gmail.com
    [phone] => 87319486895
    [formname] => Обратная связь
)

------------------------

------------------------
18.07.2024 2:23:52
CallbackFormEmailModal
Array
(
    [name] => wx12lihe[exygyzotorygetit,2,5]@wxlihe169.com
    [phone] => 88333778638
    [formname] => Обратная связь
)

------------------------

------------------------
18.07.2024 6:46:50
CallbackFormEmailModal
Array
(
    [name] => kayleighbpsteamship@gmail.com
    [phone] => 85769316421
    [formname] => Обратная связь
)

------------------------

------------------------
18.07.2024 7:44:12
CallbackFormEmailModal
Array
(
    [name] => 1ma3il2@gmail.com
    [phone] => 84132932593
    [formname] => Обратная связь
)

------------------------

------------------------
18.07.2024 8:25:49
CallbackFormEmailModal
Array
(
    [name] => mikothomas@eunews24x7.com
    [phone] => 86255872637
    [formname] => Обратная связь
)

------------------------

------------------------
18.07.2024 9:54:39
CallbackFormEmailModal
Array
(
    [name] => ramanuzam@eunews24x7.com
    [phone] => 86724575788
    [formname] => Обратная связь
)

------------------------

------------------------
18.07.2024 9:55:51
CallbackFormEmailModal
Array
(
    [name] => desuzajohn@eunews24x7.com
    [phone] => 84845742946
    [formname] => Обратная связь
)

------------------------

------------------------
18.07.2024 10:26:24
CallbackFormEmailModal
Array
(
    [name] => alexeynovikovfarmil@gmail.com
    [phone] => 84459757711
    [formname] => Обратная связь
)

------------------------

------------------------
18.07.2024 11:04:20
CallbackFormEmailModal
Array
(
    [name] => rabochie-sp23b@gmail.com
    [phone] => 87972634642
    [formname] => Обратная связь
)

------------------------

------------------------
18.07.2024 13:53:40
CallbackFormEmailModal
Array
(
    [name] => kratnikovav@inbox.ru
    [phone] => 89865716327
    [formname] => Обратная связь
)

------------------------

------------------------
18.07.2024 15:05:58
CallbackFormEmailModal
Array
(
    [name] => ceivafic@mailcos.site

    [phone] => 83185568398
    [formname] => Обратная связь
)

------------------------

------------------------
18.07.2024 16:09:55
CallbackFormEmailModal
Array
(
    [name] => rohanisingh@eunews24x7.com
    [phone] => 84946412978
    [formname] => Обратная связь
)

------------------------

------------------------
18.07.2024 17:58:52
CallbackFormEmailModal
Array
(
    [name] => contactus@eunews24x7.com
    [phone] => 84352796588
    [formname] => Обратная связь
)

------------------------

------------------------
18.07.2024 20:09:47
CallbackFormEmailModal
Array
(
    [name] => ebrendadae8i8yi@outlook.com
    [phone] => 83671973692
    [formname] => Обратная связь
)

------------------------

------------------------
18.07.2024 20:30:42
CallbackFormEmailModal
Array
(
    [name] => yokoskvo@fvmaily.com
    [phone] => 88632116287
    [formname] => Обратная связь
)

------------------------

------------------------
18.07.2024 20:58:22
CallbackFormEmailModal
Array
(
    [name] => enjgjofuum@rambler.ru
    [phone] => +7123123456
    [formname] => Обратная связь
)

------------------------

------------------------
18.07.2024 22:52:19
CallbackFormEmailModal
Array
(
    [name] => inurnen@mail3go.online

    [phone] => 84137941851
    [formname] => Обратная связь
)

------------------------
