
------------------------
07.03.2024 2:24:06
CallbackFormEmailModal
Array
(
    [name] => goldboy1931@gmail.com
    [phone] => 82925452629
    [formname] => Обратная связь
)

------------------------

------------------------
07.03.2024 2:34:50
CallbackFormEmailModal
Array
(
    [name] => l.eo.ni.d.sh.ko.ro.b.e.n.k.ov.vy.a@gmail.com

    [phone] => 81768163797
    [formname] => Обратная связь
)

------------------------

------------------------
07.03.2024 3:52:57
CallbackFormEmailModal
Array
(
    [name] => goldboy1931@gmail.com
    [phone] => 87239858613
    [formname] => Обратная связь
)

------------------------

------------------------
07.03.2024 6:28:01
CallbackFormEmailModal
Array
(
    [name] => lolerex241@ovout.com
    [phone] => 86659756266
    [formname] => Обратная связь
)

------------------------

------------------------
07.03.2024 10:01:14
CallbackFormEmailModal
Array
(
    [name] => i5si5@yandex.ru
    [phone] => 88425526657
    [formname] => Обратная связь
)

------------------------

------------------------
07.03.2024 13:52:43
CallbackFormEmailModal
Array
(
    [name] => mail@mail.com
    [phone] => 83738948135
    [formname] => Обратная связь
)

------------------------

------------------------
07.03.2024 15:26:42
CallbackFormEmailModal
Array
(
    [name] => yoourmail@gmail.com
    [phone] => 81458458154
    [formname] => Обратная связь
)

------------------------

------------------------
07.03.2024 15:41:33
CallbackFormEmailModal
Array
(
    [name] => aq26aqa@rambler.ru
    [phone] => 85679725957
    [formname] => Обратная связь
)

------------------------

------------------------
07.03.2024 17:07:27
CallbackFormEmailModal
Array
(
    [name] => lhwriusfolzsdwpn@onet.pl
    [phone] => 89854843445
    [formname] => Обратная связь
)

------------------------

------------------------
07.03.2024 17:45:11
CallbackFormEmailModal
Array
(
    [name] => brough_lnmv86684@instructure.store
    [phone] => 82456963746
    [formname] => Обратная связь
)

------------------------

------------------------
07.03.2024 21:27:08
CallbackFormEmailModal
Array
(
    [name] => rtx_fl06@rambler.ru
    [phone] => 89481474358
    [formname] => Обратная связь
)

------------------------

------------------------
07.03.2024 22:01:48
CallbackFormEmailModal
Array
(
    [name] => sales@mailbanger.store
    [phone] => 82183512261
    [formname] => Обратная связь
)

------------------------
