
------------------------
06.05.2025 0:04:16
CallbackFormEmailModal
Array
(
    [name] => t.w.o.ole.vi.lsin@gmail.com
    [phone] => 84917879911
    [formname] => Обратная связь
)

------------------------

------------------------
06.05.2025 0:57:27
CallbackFormEmailModal
Array
(
    [name] => nomapeta1979@mailopenz.com
    [phone] => 81124894487
    [formname] => Обратная связь
)

------------------------

------------------------
06.05.2025 2:34:39
CallbackFormEmailModal
Array
(
    [name] => supportcredtits973412@gmail.com
    [phone] => 86292225918
    [formname] => Обратная связь
)

------------------------

------------------------
06.05.2025 2:37:09
CallbackFormEmailModal
Array
(
    [name] => i4sos@melssa.com
    [phone] => 86752193547
    [formname] => Обратная связь
)

------------------------

------------------------
06.05.2025 6:57:51
CallbackFormEmailModal
Array
(
    [name] => sandra_md7f5_0@gmx.com
    [phone] => 86482483378
    [formname] => Обратная связь
)

------------------------

------------------------
06.05.2025 7:08:19
CallbackFormEmailModal
Array
(
    [name] => dionisij.grigorev.92@mail.ru
    [phone] => 87492158967
    [formname] => Обратная связь
)

------------------------

------------------------
06.05.2025 7:38:50
CallbackFormEmailModal
Array
(
    [name] => arturgorz2o3@bk.ru
    [phone] => 86963668882
    [formname] => Обратная связь
)

------------------------

------------------------
06.05.2025 7:43:00
CallbackFormEmailModal
Array
(
    [name] => polyakovdanila19908366@mail.ru
    [phone] => 86669734869
    [formname] => Обратная связь
)

------------------------

------------------------
06.05.2025 7:51:35
CallbackFormEmailModal
Array
(
    [name] => guerracatherine@list.ru
    [phone] => 82563574735
    [formname] => Обратная связь
)

------------------------

------------------------
06.05.2025 8:19:55
CallbackFormEmailModal
Array
(
    [name] => xiceruxuk02@gmail.com
    [phone] => 83413118484
    [formname] => Обратная связь
)

------------------------

------------------------
06.05.2025 8:26:27
CallbackFormEmailModal
Array
(
    [name] => musaev.misha.1982.3.5@list.ru
    [phone] => 88238454651
    [formname] => Обратная связь
)

------------------------

------------------------
06.05.2025 8:31:02
CallbackFormEmailModal
Array
(
    [name] => mamedov.edgar.1992.3.3@inbox.ru
    [phone] => 87874781856
    [formname] => Обратная связь
)

------------------------

------------------------
06.05.2025 8:50:23
CallbackFormEmailModal
Array
(
    [name] => panova.elena.1992.23.11@bk.ru
    [phone] => 85351969273
    [formname] => Обратная связь
)

------------------------

------------------------
06.05.2025 8:53:11
CallbackFormEmailModal
Array
(
    [name] => osipova.liliia.1986.22.12@inbox.ru
    [phone] => 84835712232
    [formname] => Обратная связь
)

------------------------

------------------------
06.05.2025 9:16:20
CallbackFormEmailModal
Array
(
    [name] => secberconla1986@mail.ru
    [phone] => 83644914454
    [formname] => Обратная связь
)

------------------------

------------------------
06.05.2025 9:44:34
CallbackFormEmailModal
Array
(
    [name] => vaisligam@gazeta.pl
    [phone] => 85818859873
    [formname] => Обратная связь
)

------------------------

------------------------
06.05.2025 11:28:59
CallbackFormEmailModal
Array
(
    [name] => gjhvdosx@tubermail.com
    [phone] => 81315987899
    [formname] => Обратная связь
)

------------------------

------------------------
06.05.2025 11:38:55
CallbackFormEmailModal
Array
(
    [name] => combontsegal37@mail.ru
    [phone] => 82991354277
    [formname] => Обратная связь
)

------------------------

------------------------
06.05.2025 11:46:45
CallbackFormEmailModal
Array
(
    [name] => yulya.onipchenko.88@mail.ru
    [phone] => 82877927544
    [formname] => Обратная связь
)

------------------------

------------------------
06.05.2025 11:51:09
CallbackFormEmailModal
Array
(
    [name] => mark.moshchenskiy.90@mail.ru
    [phone] => 87912235179
    [formname] => Обратная связь
)

------------------------

------------------------
06.05.2025 13:26:04
CallbackFormEmailModal
Array
(
    [name] => avtocentravrora@gmail.com
    [phone] => 81263896644
    [formname] => Обратная связь
)

------------------------

------------------------
06.05.2025 15:43:12
CallbackFormEmailModal
Array
(
    [name] => yourmail@gmail.com
    [phone] => 85249481294
    [formname] => Обратная связь
)

------------------------

------------------------
06.05.2025 17:07:41
CallbackFormEmailModal
Array
(
    [name] => Envicebive@yahoo.com
    [phone] => 82453928835
    [formname] => Обратная связь
)

------------------------

------------------------
06.05.2025 17:27:42
CallbackFormEmailModal
Array
(
    [name] => douglasKam@mail.ru
    [phone] => 85479179817
    [formname] => Обратная связь
)

------------------------

------------------------
06.05.2025 17:56:41
CallbackFormEmailModal
Array
(
    [name] => filatovlenian4023@mail.ru
    [phone] => 83948196469
    [formname] => Обратная связь
)

------------------------

------------------------
06.05.2025 18:10:26
CallbackFormEmailModal
Array
(
    [name] => edbutaldog1984@mail.ru
    [phone] => 88871472851
    [formname] => Обратная связь
)

------------------------

------------------------
06.05.2025 18:10:27
CallbackFormEmailModal
Array
(
    [name] => pencucon_97@mail.ru
    [phone] => 84136757755
    [formname] => Обратная связь
)

------------------------

------------------------
06.05.2025 18:29:48
CallbackFormEmailModal
Array
(
    [name] => hahwddfk@gmail.com
    [phone] => 85884339471
    [formname] => Обратная связь
)

------------------------

------------------------
06.05.2025 18:52:56
CallbackFormEmailModal
Array
(
    [name] => karpeciktibas19915@bk.ru
    [phone] => 88893769965
    [formname] => Обратная связь
)

------------------------

------------------------
06.05.2025 19:00:31
CallbackFormEmailModal
Array
(
    [name] => pavel.sitdikov.88@mail.ru
    [phone] => 86895535863
    [formname] => Обратная связь
)

------------------------

------------------------
06.05.2025 19:00:34
CallbackFormEmailModal
Array
(
    [name] => zoya.patrusheva.65@mail.ru
    [phone] => 88657598676
    [formname] => Обратная связь
)

------------------------

------------------------
06.05.2025 19:44:40
CallbackFormEmailModal
Array
(
    [name] => higbiosepo1986@mail.ru
    [phone] => 84565847993
    [formname] => Обратная связь
)

------------------------

------------------------
06.05.2025 19:48:10
CallbackFormEmailModal
Array
(
    [name] => rais.shchigelskaya2002@mail.ru
    [phone] => 87923248652
    [formname] => Обратная связь
)

------------------------

------------------------
06.05.2025 19:55:23
CallbackFormEmailModal
Array
(
    [name] => naphtloxua-5550@mail.ru
    [phone] => 86595334318
    [formname] => Обратная связь
)

------------------------

------------------------
06.05.2025 20:43:56
CallbackFormEmailModal
Array
(
    [name] => your88@gmail.com
    [phone] => 83572467198
    [formname] => Обратная связь
)

------------------------

------------------------
06.05.2025 21:09:38
CallbackFormEmailModal
Array
(
    [name] => kshpyhsc@tubermail.com
    [phone] => 84868773852
    [formname] => Обратная связь
)

------------------------

------------------------
06.05.2025 21:25:57
CallbackFormEmailModal
Array
(
    [name] => mark.moshchenskiy.90@mail.ru
    [phone] => 81493799683
    [formname] => Обратная связь
)

------------------------
