
------------------------
25.03.2024 0:00:17
CallbackFormEmailModal
Array
(
    [name] => lucido.leinteract@gmail.com
    [phone] => 88993374928
    [formname] => Обратная связь
)

------------------------

------------------------
25.03.2024 0:42:15
CallbackFormEmailModal
Array
(
    [name] => l.e.s.t.er.ki.r.k3d.ffb.@gmail.com
    [phone] => 85615415186
    [formname] => Обратная связь
)

------------------------

------------------------
25.03.2024 0:51:01
CallbackFormEmailModal
Array
(
    [name] => miholenko98@mail.ru
    [phone] => 87412293592
    [formname] => Обратная связь
)

------------------------

------------------------
25.03.2024 2:15:51
CallbackFormEmailModal
Array
(
    [name] => oliviamillercqk@gmx.com
    [phone] => 86657862853
    [formname] => Обратная связь
)

------------------------

------------------------
25.03.2024 2:58:39
CallbackFormEmailModal
Array
(
    [name] => kartalov.vitya@gmail.com
    [phone] => 84161658593
    [formname] => Обратная связь
)

------------------------

------------------------
25.03.2024 4:39:18
CallbackFormEmailModal
Array
(
    [name] => farbstat@cleanerkat.pl
    [phone] => 83198279137
    [formname] => Обратная связь
)

------------------------

------------------------
25.03.2024 4:39:30
CallbackFormEmailModal
Array
(
    [name] => dqgekvdndzltquwd@onet.pl
    [phone] => 84869167558
    [formname] => Обратная связь
)

------------------------

------------------------
25.03.2024 4:59:30
CallbackFormEmailModal
Array
(
    [name] => xeollll@yandex.com
    [phone] => 88626892298
    [formname] => Обратная связь
)

------------------------

------------------------
25.03.2024 5:34:23
CallbackFormEmailModal
Array
(
    [name] => trmzdbsfebdfssyz@onet.pl
    [phone] => 83477332688
    [formname] => Обратная связь
)

------------------------

------------------------
25.03.2024 7:05:05
CallbackFormEmailModal
Array
(
    [name] => petrp3308@gmail.com
    [phone] => 89518173748
    [formname] => Обратная связь
)

------------------------

------------------------
25.03.2024 11:50:04
CallbackFormEmailModal
Array
(
    [name] => hskxbojqfiabqjlm@onet.pl
    [phone] => 86293186568
    [formname] => Обратная связь
)

------------------------

------------------------
25.03.2024 11:58:39
CallbackFormEmailModal
Array
(
    [name] => vbqdsvclzhofpfdo@onet.pl
    [phone] => 87118644158
    [formname] => Обратная связь
)

------------------------

------------------------
25.03.2024 12:55:33
CallbackFormEmailModal
Array
(
    [name] => leavawence@gmail.com
    [phone] => 83239588649
    [formname] => Обратная связь
)

------------------------

------------------------
25.03.2024 13:46:56
CallbackFormEmailModal
Array
(
    [name] => ajdvlsjdljausana@onet.pl
    [phone] => 86926665978
    [formname] => Обратная связь
)

------------------------

------------------------
25.03.2024 13:52:43
CallbackFormEmailModal
Array
(
    [name] => l.est.e.r.kirk3.d.ffb.@gmail.com
    [phone] => 85756966323
    [formname] => Обратная связь
)

------------------------

------------------------
25.03.2024 21:00:21
CallbackFormEmailModal
Array
(
    [name] => jorgus_tqaj14904@instructure.store
    [phone] => 88654214761
    [formname] => Обратная связь
)

------------------------

------------------------
25.03.2024 21:22:49
CallbackFormEmailModal
Array
(
    [name] => Keri Peterman
    [phone] => 785945728
    [formname] => Обратная связь
)

------------------------
