
------------------------
04.06.2022 1:25:53
CallbackFormEmailModal
Array
(
    [name] => RookTessa9292@o2.pl
    [phone] => 89036587006
    [formname] => Обратная связь
)

------------------------

------------------------
04.06.2022 8:26:43
CallbackFormEmailModal
Array
(
    [name] => Cheaddy@maill1.xyz
    [phone] => 86666779662
    [formname] => Обратная связь
)

------------------------

------------------------
04.06.2022 18:38:58
CallbackFormEmailModal
Array
(
    [name] => dima.casin@bk.ru
    [phone] => 863912180045
    [formname] => Обратная связь
)

------------------------
