
------------------------
10.05.2023 1:25:14
CallbackFormEmailModal
Array
(
    [name] => vqjhobrt@mail.ru
    [phone] => +791234567839
    [formname] => Обратная связь
)

------------------------

------------------------
10.05.2023 5:15:29
CallbackFormEmailModal
Array
(
    [name] => y5342@1tetris.ru
    [phone] => 84526125899
    [formname] => Обратная связь
)

------------------------

------------------------
10.05.2023 9:21:51
CallbackFormEmailModal
Array
(
    [name] => Eric Jones
    [phone] => 555-555-1212
    [formname] => Обратная связь
)

------------------------

------------------------
10.05.2023 17:27:26
CallbackFormEmailModal
Array
(
    [name] => alexaalexaalexa641@gmail.com
    [phone] => 88843314254
    [formname] => Обратная связь
)

------------------------

------------------------
10.05.2023 19:35:27
CallbackFormEmailModal
Array
(
    [name] => limpdoocollters198683@rambler.ru
    [phone] => +71231234567
    [formname] => Обратная связь
)

------------------------

------------------------
10.05.2023 21:47:54
CallbackFormEmailModal
Array
(
    [name] => abtite_278@mail.ru
    [phone] => 84585894265
    [formname] => Обратная связь
)

------------------------

------------------------
10.05.2023 22:06:54
CallbackFormEmailModal
Array
(
    [name] => lialina_marina_1989_13_9@list.ru
    [phone] => 85256229571
    [formname] => Обратная связь
)

------------------------

------------------------
10.05.2023 22:25:49
CallbackFormEmailModal
Array
(
    [name] => natashaterenteva1997@bk.ru
    [phone] => 83498489268
    [formname] => Обратная связь
)

------------------------

------------------------
10.05.2023 22:32:54
CallbackFormEmailModal
Array
(
    [name] => woodbpurne1983@mail.ru
    [phone] => 87632835482
    [formname] => Обратная связь
)

------------------------

------------------------
10.05.2023 23:05:22
CallbackFormEmailModal
Array
(
    [name] => doroninakseniya1999@mail.ru
    [phone] => 81798598168
    [formname] => Обратная связь
)

------------------------

------------------------
10.05.2023 23:10:10
CallbackFormEmailModal
Array
(
    [name] => backleapfsilo19731@rambler.ru
    [phone] => +71231234567
    [formname] => Обратная связь
)

------------------------
