
------------------------
20.09.2025 0:47:08
CallbackFormEmailModal
Array
(
    [name] => sergowor.kin.g7.1.8@gmail.com
    [phone] => 83241953463
    [formname] => Обратная связь
)

------------------------

------------------------
20.09.2025 2:40:25
CallbackFormEmailModal
Array
(
    [name] => michaelLycle@mail.ru
    [phone] => 89597845423
    [formname] => Обратная связь
)

------------------------

------------------------
20.09.2025 2:42:26
CallbackFormEmailModal
Array
(
    [name] => mat.tt.e.nlys.hl.ube.l.y.@gmail.com
    [phone] => 81688449649
    [formname] => Обратная связь
)

------------------------

------------------------
20.09.2025 4:34:52
CallbackFormEmailModal
Array
(
    [name] => clarafrostraymondtodd@gmail.com
    [phone] => 84849318487
    [formname] => Обратная связь
)

------------------------

------------------------
20.09.2025 5:35:42
CallbackFormEmailModal
Array
(
    [name] => nataliemack1935@professionfml.com
    [phone] => +79015461131
    [formname] => Обратная связь
)

------------------------

------------------------
20.09.2025 7:42:40
CallbackFormEmailModal
Array
(
    [name] => olegzaluri@mail.ru
    [phone] => 84646437882
    [formname] => Обратная связь
)

------------------------

------------------------
20.09.2025 8:40:56
CallbackFormEmailModal
Array
(
    [name] => gor.tor.14@mail.ru
    [phone] => 81727436177
    [formname] => Обратная связь
)

------------------------

------------------------
20.09.2025 8:59:16
CallbackFormEmailModal
Array
(
    [name] => aleksandrhasuchu@mail.ru
    [phone] => 86634121778
    [formname] => Обратная связь
)

------------------------

------------------------
20.09.2025 8:59:20
CallbackFormEmailModal
Array
(
    [name] => laisumake186@mail.ru
    [phone] => 88635896776
    [formname] => Обратная связь
)

------------------------

------------------------
20.09.2025 9:02:47
CallbackFormEmailModal
Array
(
    [name] => mlonanlout1985@mail.ru
    [phone] => 84124324668
    [formname] => Обратная связь
)

------------------------

------------------------
20.09.2025 9:27:11
CallbackFormEmailModal
Array
(
    [name] => 1dansbydruscillaoyu@gmail.com
    [phone] => 86421578476
    [formname] => Обратная связь
)

------------------------

------------------------
20.09.2025 9:28:25
CallbackFormEmailModal
Array
(
    [name] => eprovbelwha@mail.ru
    [phone] => 88119639464
    [formname] => Обратная связь
)

------------------------

------------------------
20.09.2025 9:32:09
CallbackFormEmailModal
Array
(
    [name] => erangifest1980@mail.ru
    [phone] => 87459463754
    [formname] => Обратная связь
)

------------------------

------------------------
20.09.2025 9:32:52
CallbackFormEmailModal
Array
(
    [name] => ivanrizada@mail.ru
    [phone] => 83221451557
    [formname] => Обратная связь
)

------------------------

------------------------
20.09.2025 9:35:01
CallbackFormEmailModal
Array
(
    [name] => pencucon_97@mail.ru
    [phone] => 86351813439
    [formname] => Обратная связь
)

------------------------

------------------------
20.09.2025 9:45:36
CallbackFormEmailModal
Array
(
    [name] => kseniyanechusa@mail.ru
    [phone] => 81728531992
    [formname] => Обратная связь
)

------------------------

------------------------
20.09.2025 9:46:15
CallbackFormEmailModal
Array
(
    [name] => margarita.stolyarova.26.05.1995@mail.ru
    [phone] => 88475543493
    [formname] => Обратная связь
)

------------------------

------------------------
20.09.2025 9:53:32
CallbackFormEmailModal
Array
(
    [name] => prohor.zlobin.14.11.1987@mail.ru
    [phone] => 89591554115
    [formname] => Обратная связь
)

------------------------

------------------------
20.09.2025 9:55:20
CallbackFormEmailModal
Array
(
    [name] => valentin.vinokurov.12.6.1968@mail.ru
    [phone] => 87859611796
    [formname] => Обратная связь
)

------------------------

------------------------
20.09.2025 14:50:15
CallbackFormEmailModal
Array
(
    [name] => yourmail@gmail.com
    [phone] => 87812573714
    [formname] => Обратная связь
)

------------------------

------------------------
20.09.2025 14:52:18
CallbackFormEmailModal
Array
(
    [name] => tacusol-6816@mail.ru
    [phone] => 88425766764
    [formname] => Обратная связь
)

------------------------

------------------------
20.09.2025 15:38:41
CallbackFormEmailModal
Array
(
    [name] => winsatall4ever@gmail.com
    [phone] => 82435829137
    [formname] => Обратная связь
)

------------------------

------------------------
20.09.2025 16:23:09
CallbackFormEmailModal
Array
(
    [name] => winsatall4ever@gmail.com
    [phone] => 82229134841
    [formname] => Обратная связь
)

------------------------

------------------------
20.09.2025 17:48:18
CallbackFormEmailModal
Array
(
    [name] => sashunya.sergeev.2022@list.ru
    [phone] => 83188329894
    [formname] => Обратная связь
)

------------------------

------------------------
20.09.2025 18:30:28
CallbackFormEmailModal
Array
(
    [name] => taelivihohtoca@mail.ru
    [phone] => 82872892185
    [formname] => Обратная связь
)

------------------------

------------------------
20.09.2025 18:53:31
CallbackFormEmailModal
Array
(
    [name] => polyakovdanila19908366@mail.ru
    [phone] => 83859733597
    [formname] => Обратная связь
)

------------------------

------------------------
20.09.2025 18:59:27
CallbackFormEmailModal
Array
(
    [name] => vitya-kondratev-1969@inbox.ru
    [phone] => 83365273431
    [formname] => Обратная связь
)

------------------------

------------------------
20.09.2025 19:03:11
CallbackFormEmailModal
Array
(
    [name] => karzhavinvenegard@mail.ru
    [phone] => 83119885392
    [formname] => Обратная связь
)

------------------------

------------------------
20.09.2025 19:03:40
CallbackFormEmailModal
Array
(
    [name] => natulya.fedosova.96@mail.ru
    [phone] => 81494226194
    [formname] => Обратная связь
)

------------------------

------------------------
20.09.2025 19:04:33
CallbackFormEmailModal
Array
(
    [name] => dionisij.grigorev.92@mail.ru
    [phone] => 85996367789
    [formname] => Обратная связь
)

------------------------

------------------------
20.09.2025 19:09:12
CallbackFormEmailModal
Array
(
    [name] => yulya.onipchenko.88@mail.ru
    [phone] => 85439947634
    [formname] => Обратная связь
)

------------------------

------------------------
20.09.2025 19:11:57
CallbackFormEmailModal
Array
(
    [name] => anya.genger@mail.ru
    [phone] => 88296179448
    [formname] => Обратная связь
)

------------------------

------------------------
20.09.2025 19:19:12
CallbackFormEmailModal
Array
(
    [name] => amabil.6002@mail.ru
    [phone] => 83545635268
    [formname] => Обратная связь
)

------------------------
