
------------------------
09.11.2021 3:54:10
CallbackFormEmailModal
Array
(
    [name] => martyvari02@gmail.com
    [phone] => 84534112835
    [formname] => Обратная связь
)

------------------------

------------------------
09.11.2021 9:23:36
CallbackFormEmailModal
Array
(
    [name] => ilyushkosergey@mail.ru
    [phone] => +7(937)720-68-15
    [formname] => Обратная связь
)

------------------------

------------------------
09.11.2021 9:23:37
CallbackFormEmailModal
Array
(
    [name] => ilyushkosergey@mail.ru
    [phone] => +7(937)720-68-15
    [formname] => Обратная связь
)

------------------------

------------------------
09.11.2021 9:23:38
CallbackFormEmailModal
Array
(
    [name] => ilyushkosergey@mail.ru
    [phone] => +7(937)720-68-15
    [formname] => Обратная связь
)

------------------------

------------------------
09.11.2021 22:05:43
CallbackFormEmailModal
Array
(
    [name] => hjhdf@devioplus.ru
    [phone] => 86718735962
    [formname] => Обратная связь
)

------------------------
