
------------------------
15.05.2023 0:48:48
CallbackFormEmailModal
Array
(
    [name] => 879915907518@bk.ru
    [phone] => 79915907518
    [formname] => Обратная связь
)

------------------------

------------------------
15.05.2023 1:55:28
CallbackFormEmailModal
Array
(
    [name] => 4@hamechizaban.ir
    [phone] => 87128946984
    [formname] => Обратная связь
)

------------------------

------------------------
15.05.2023 4:11:20
CallbackFormEmailModal
Array
(
    [name] => vqjhobrt@mail.ru
    [phone] => +791234567910
    [formname] => Обратная связь
)

------------------------

------------------------
15.05.2023 4:56:07
CallbackFormEmailModal
Array
(
    [name] => temptest642567753@gmail.com
    [phone] => 86349926886
    [formname] => Обратная связь
)

------------------------

------------------------
15.05.2023 6:53:17
Order
Array
(
    [name] => Алексей Вячеславович Кривошеев
    [email] => alexej.astrahanov@yandex.ru
    [phone] => +7-996-305-7491
    [comment] => Лестничная ступень SР 34х38/30х3 Zn 800х240 мм, кол-во: 1, цена: 1600руб.
Способ доставки: Самовывоз со склада
Выберите способ оплаты: Оплата наличным

Комментарий к заказу: 

    [formname] => Заказ из корзины
    [fields] => Array
        (
            [price] => 12800
        )

)

------------------------

------------------------
15.05.2023 7:09:23
CallbackFormEmailModal
Array
(
    [name] => tfvmbpmzkEa@bestwork24.store
    [phone] => 89767512496
    [formname] => Обратная связь
)

------------------------

------------------------
15.05.2023 13:03:20
CallbackFormEmailModal
Array
(
    [name] => ycelblqweEa@bobbor.store
    [phone] => 82932778156
    [formname] => Обратная связь
)

------------------------

------------------------
15.05.2023 14:51:41
CallbackFormEmailModal
Array
(
    [name] => vstrechmes@yandex.ru
    [phone] => 83967385662
    [formname] => Обратная связь
)

------------------------

------------------------
15.05.2023 16:45:40
CallbackFormEmailModal
Array
(
    [name] => no-replysuinuts@gmail.com
    [phone] => 84582622288
    [formname] => Обратная связь
)

------------------------

------------------------
15.05.2023 18:08:31
CallbackFormEmailModal
Array
(
    [name] => <emailaddress>sgeybhycoEa@bobbor.store</emailaddress>
    [phone] => 83883534126
    [formname] => Обратная связь
)

------------------------

------------------------
15.05.2023 21:07:13
CallbackFormEmailModal
Array
(
    [name] => thjisohjv@wowzilla.ru
    [phone] => 81621944297
    [formname] => Обратная связь
)

------------------------
