
------------------------
27.04.2025 6:42:37
CallbackFormEmailModal
Array
(
    [name] => irasidko777@web.de
    [phone] => 86538952982
    [formname] => Обратная связь
)

------------------------

------------------------
27.04.2025 6:51:24
CallbackFormEmailModal
Array
(
    [name] => marg.a.r.itai.vank.o8@gmail.com
    [phone] => 82988771453
    [formname] => Обратная связь
)

------------------------

------------------------
27.04.2025 7:54:24
CallbackFormEmailModal
Array
(
    [name] => karuthan@web.de
    [phone] => 88555628428
    [formname] => Обратная связь
)

------------------------

------------------------
27.04.2025 13:22:01
CallbackFormEmailModal
Array
(
    [name] => faisalmokl@web.de
    [phone] => 84871185513
    [formname] => Обратная связь
)

------------------------

------------------------
27.04.2025 14:19:25
CallbackFormEmailModal
Array
(
    [name] => daryl.bjohnson@web.de
    [phone] => 87746649536
    [formname] => Обратная связь
)

------------------------

------------------------
27.04.2025 15:04:26
CallbackFormEmailModal
Array
(
    [name] => dkcrims@web.de
    [phone] => 86247639612
    [formname] => Обратная связь
)

------------------------

------------------------
27.04.2025 15:27:10
CallbackFormEmailModal
Array
(
    [name] => janeskifam@web.de
    [phone] => 85514769446
    [formname] => Обратная связь
)

------------------------

------------------------
27.04.2025 15:32:21
CallbackFormEmailModal
Array
(
    [name] => ivanzigonipires.11@web.de
    [phone] => 88632795638
    [formname] => Обратная связь
)

------------------------

------------------------
27.04.2025 15:38:24
CallbackFormEmailModal
Array
(
    [name] => spyroporni@web.de
    [phone] => 87445195279
    [formname] => Обратная связь
)

------------------------

------------------------
27.04.2025 15:39:47
CallbackFormEmailModal
Array
(
    [name] => mariegracekids@web.de
    [phone] => 84774722583
    [formname] => Обратная связь
)

------------------------

------------------------
27.04.2025 15:58:29
CallbackFormEmailModal
Array
(
    [name] => shadimovvitalii@web.de
    [phone] => 84559728378
    [formname] => Обратная связь
)

------------------------

------------------------
27.04.2025 17:18:56
CallbackFormEmailModal
Array
(
    [name] => alex1.111222@yandex.ru
    [phone] => 82186813816
    [formname] => Обратная связь
)

------------------------

------------------------
27.04.2025 18:36:53
CallbackFormEmailModal
Array
(
    [name] => omar1984paris1@web.de
    [phone] => 82972489297
    [formname] => Обратная связь
)

------------------------

------------------------
27.04.2025 20:29:17
CallbackFormEmailModal
Array
(
    [name] => Eric Jones
    [phone] => US
    [formname] => Обратная связь
)

------------------------

------------------------
27.04.2025 20:51:33
CallbackFormEmailModal
Array
(
    [name] => ponomaryov.borya.1983@bk.ru
    [phone] => 83278813699
    [formname] => Обратная связь
)

------------------------

------------------------
27.04.2025 21:34:57
CallbackFormEmailModal
Array
(
    [name] => shuli1417034@web.de
    [phone] => 82234818496
    [formname] => Обратная связь
)

------------------------

------------------------
27.04.2025 23:06:57
CallbackFormEmailModal
Array
(
    [name] => posanov@ava.xrspmail.com
    [phone] => 86631622994
    [formname] => Обратная связь
)

------------------------
