
------------------------
17.06.2022 1:47:50
CallbackFormEmailModal
Array
(
    [name] => wario14@forum.dk
    [phone] => 89031877702
    [formname] => Обратная связь
)

------------------------

------------------------
17.06.2022 5:02:13
CallbackFormEmailModal
Array
(
    [name] => mmmmm@mailme.dk
    [phone] => 89038874839
    [formname] => Обратная связь
)

------------------------

------------------------
17.06.2022 8:12:08
CallbackFormEmailModal
Array
(
    [name] => bjarkeeiler@forum.dk
    [phone] => 89031177842
    [formname] => Обратная связь
)

------------------------

------------------------
17.06.2022 11:23:00
CallbackFormEmailModal
Array
(
    [name] => kirsanov2005@mailme.dk
    [phone] => 89037094896
    [formname] => Обратная связь
)

------------------------

------------------------
17.06.2022 14:35:52
CallbackFormEmailModal
Array
(
    [name] => betinabay573@forum.dk
    [phone] => 89031254635
    [formname] => Обратная связь
)

------------------------

------------------------
17.06.2022 16:47:28
CallbackFormEmailModal
Array
(
    [name] => no-replysuinuts@gmail.com
    [phone] => 82338973379
    [formname] => Обратная связь
)

------------------------

------------------------
17.06.2022 17:45:14
CallbackFormEmailModal
Array
(
    [name] => enez@forum.dk
    [phone] => 89030162769
    [formname] => Обратная связь
)

------------------------

------------------------
17.06.2022 20:22:14
CallbackFormEmailModal
Array
(
    [name] => sasha-romanenko_89885@mail.ru
    [phone] => +71231234567
    [formname] => Обратная связь
)

------------------------

------------------------
17.06.2022 20:59:29
CallbackFormEmailModal
Array
(
    [name] => stepagala@mailme.dk
    [phone] => 89039209117
    [formname] => Обратная связь
)

------------------------
