
------------------------
24.05.2024 0:27:32
CallbackFormEmailModal
Array
(
    [name] => sorgelakhanakp9z5+169n8um0j06r@gmail.com
    [phone] => sorgelakhanakp9z5+169n8um0j06r@gmail.com
    [formname] => Обратная связь
)

------------------------

------------------------
24.05.2024 0:27:34
CallbackFormEmailModal
Array
(
    [name] => sorgelakhanakp9z5+169n8um0j06r@gmail.com
    [phone] => sorgelakhanakp9z5+169n8um0j06r@gmail.com
    [formname] => Обратная связь
)

------------------------

------------------------
24.05.2024 5:45:16
CallbackEmailModal
Array
(
    [name] => subbord2024@gmail.com
    [phone] => 84261877156
    [comment] => Название продуката: Решетчатый настил P 33х11/30х2 Zn 800х1000 мм
Комменатрий: Inbound Links for your webpage. 
 
Our regular patrons - offerings and transactions. 
 
We also transmit mailings about your product, exactly the identical as we sent to you! 
 
All information on our webpage: https://sites.google.com/view/backlinks-seo-sell 
 
Telegram channel for interaction: https://t.me/Backlinks_top 
 
All tasks is performed from the area of the European Union.
    [formname] => Задать вопрос по товару
)

------------------------

------------------------
24.05.2024 5:50:41
CallbackFormEmailModal
Array
(
    [name] => goldboy1931@gmail.com
    [phone] => 83222374739
    [formname] => Обратная связь
)

------------------------

------------------------
24.05.2024 6:06:30
CallbackFormEmailModal
Array
(
    [name] => goldboy1931@gmail.com
    [phone] => 85567167717
    [formname] => Обратная связь
)

------------------------

------------------------
24.05.2024 7:25:57
CallbackFormEmailModal
Array
(
    [name] => segif18200@shirulo.com
    [phone] => 86818723275
    [formname] => Обратная связь
)

------------------------

------------------------
24.05.2024 11:10:05
CallbackFormEmailModal
Array
(
    [name] => joscelinekpodebari@hotmail.com
    [phone] => 87849294266
    [formname] => Обратная связь
)

------------------------

------------------------
24.05.2024 16:00:31
CallbackFormEmailModal
Array
(
    [name] => pocta_ne_rabotaet@internet.ru
    [phone] => 89599256619
    [formname] => Обратная связь
)

------------------------

------------------------
24.05.2024 20:25:44
CallbackFormEmailModal
Array
(
    [name] => evangelistabois1979@int.pl
    [phone] => 87138473544
    [formname] => Обратная связь
)

------------------------

------------------------
24.05.2024 21:24:37
CallbackFormEmailModal
Array
(
    [name] => janet@am-video.com
    [phone] => 84872684977
    [formname] => Обратная связь
)

------------------------
