
------------------------
01.02.2022 3:34:56
CallbackFormEmailModal
Array
(
    [name] => kovalev.pavel.19622@mail.ru
    [phone] => +71231234567
    [formname] => Обратная связь
)

------------------------

------------------------
01.02.2022 4:27:20
CallbackFormEmailModal
Array
(
    [name] => newsr@internet.ru
    [phone] => +71231234567
    [formname] => Обратная связь
)

------------------------

------------------------
01.02.2022 22:37:02
CallbackFormEmailModal
Array
(
    [name] => khaariigarrett@gmail.com
    [phone] => 82481114726
    [formname] => Обратная связь
)

------------------------
