
------------------------
16.04.2023 15:01:09
CallbackFormEmailModal
Array
(
    [name] => zelatcol@gmail.com
    [phone] => 82448518744
    [formname] => Обратная связь
)

------------------------

------------------------
16.04.2023 15:21:40
CallbackFormEmailModal
Array
(
    [name] => yourmail@gmail.com
    [phone] => 83873625764
    [formname] => Обратная связь
)

------------------------

------------------------
16.04.2023 23:10:01
CallbackFormEmailModal
Array
(
    [name] => info@fractalpaint.com
    [phone] => 89213334455
    [formname] => Обратная связь
)

------------------------
