
------------------------
05.07.2022 1:45:11
CallbackFormEmailModal
Array
(
    [name] => mandi6584@comcast.net
    [phone] => 89032648872
    [formname] => Обратная связь
)

------------------------

------------------------
05.07.2022 3:58:28
CallbackFormEmailModal
Array
(
    [name] => nickybrighter333@gugoumail.com
    [phone] => 89030531829
    [formname] => Обратная связь
)

------------------------

------------------------
05.07.2022 6:11:50
CallbackFormEmailModal
Array
(
    [name] => just_maddi@yahoo.com
    [phone] => 89031359386
    [formname] => Обратная связь
)

------------------------

------------------------
05.07.2022 7:52:02
Order
Array
(
    [name] => Скачков Владимир
    [email] => engineer_111@mail.ru
    [phone] => +7-987-977-2502
    [comment] => Сварной  настил SP 34х38/30х3 Zn 1000х1000 мм, кол-во: 1, цена: 5100руб.
Способ доставки: Самовывоз со склада
Выберите способ оплаты: Оплата на расчетный счет организации

Комментарий к заказу: 
Добрый день! Потребность в настиле SP34х38/30х3 ZN Тип А 1200х1000 - 360 штук
    [formname] => Заказ из корзины
    [fields] => Array
        (
            [price] => 504900
        )

)

------------------------

------------------------
05.07.2022 8:29:36
CallbackFormEmailModal
Array
(
    [name] => qtinmn14@aol.com
    [phone] => 89030427676
    [formname] => Обратная связь
)

------------------------

------------------------
05.07.2022 10:43:03
CallbackFormEmailModal
Array
(
    [name] => margaretsimonis@gmail.com
    [phone] => 89038625586
    [formname] => Обратная связь
)

------------------------

------------------------
05.07.2022 12:55:11
CallbackFormEmailModal
Array
(
    [name] => sam4good@yahoo.com
    [phone] => 89033733190
    [formname] => Обратная связь
)

------------------------

------------------------
05.07.2022 15:07:15
CallbackFormEmailModal
Array
(
    [name] => Sunny_92106@msn.com
    [phone] => 89031588472
    [formname] => Обратная связь
)

------------------------

------------------------
05.07.2022 17:19:17
CallbackFormEmailModal
Array
(
    [name] => jeffterrito@hotmail.com
    [phone] => 89038639373
    [formname] => Обратная связь
)

------------------------

------------------------
05.07.2022 19:30:47
CallbackFormEmailModal
Array
(
    [name] => tinipage@yahoo.com
    [phone] => 89036625232
    [formname] => Обратная связь
)

------------------------

------------------------
05.07.2022 21:41:26
CallbackFormEmailModal
Array
(
    [name] => davevivier@hotmail.com
    [phone] => 89032553145
    [formname] => Обратная связь
)

------------------------

------------------------
05.07.2022 23:53:35
CallbackFormEmailModal
Array
(
    [name] => bccm8489@sbcglobal.net
    [phone] => 89031431828
    [formname] => Обратная связь
)

------------------------
