
------------------------
18.12.2025 17:19:46
CallbackEmailModal
Array
(
    [name] => Алиса 
    [phone] => +7(915)030-41-41
    [comment] => Название продуката: Прессованный  настил P 33х11/30х2 Zn 1000х1000 мм
Комменатрий: Добрый день! Просьба прислать Коммерческое предложение на настил решетчатый. Длина 2 950 м( на рисунке под входной группой) Ширина 3 м. Это можно сделать одной конструкцией или нужно будет две?


КАК могу получить счёт и споки исполнения ?
    [formname] => Задать вопрос по товару
)

------------------------

------------------------
18.12.2025 17:57:55
CallbackFormEmailModal
Array
(
    [name] => tiddfyksqPr@ingushetdomaz.pro
    [phone] => 84591351217
    [formname] => Обратная связь
)

------------------------
