
------------------------
24.08.2025 2:18:20
CallbackFormEmailModal
Array
(
    [name] => fdagsdfshgrtehtrhtrht7@gmail.com
    [phone] => 82136263293
    [formname] => Обратная связь
)

------------------------

------------------------
24.08.2025 2:18:32
CallbackFormEmailModal
Array
(
    [name] => asdgferwgrewgerwg@gmail.com
    [phone] => 84787156982
    [formname] => Обратная связь
)

------------------------

------------------------
24.08.2025 2:40:25
CallbackFormEmailModal
Array
(
    [name] => jytujuytjyutrj@gmail.com
    [phone] => 83828733131
    [formname] => Обратная связь
)

------------------------

------------------------
24.08.2025 3:53:26
CallbackFormEmailModal
Array
(
    [name] => dfsagerfdsgrewgreg1@gmail.com
    [phone] => 83892952487
    [formname] => Обратная связь
)

------------------------

------------------------
24.08.2025 5:01:51
CallbackFormEmailModal
Array
(
    [name] => auto@vtt-logistic.ru
    [phone] => 88742144356
    [formname] => Обратная связь
)

------------------------

------------------------
24.08.2025 5:22:34
CallbackFormEmailModal
Array
(
    [name] => p.ers.ai.to.v2.0@gmail.com:pop.gmail.com
    [phone] => 85899235564
    [formname] => Обратная связь
)

------------------------

------------------------
24.08.2025 6:10:35
CallbackFormEmailModal
Array
(
    [name] => parmazanov@gmail.com
    [phone] => 84433561894
    [formname] => Обратная связь
)

------------------------

------------------------
24.08.2025 8:20:43
CallbackFormEmailModal
Array
(
    [name] => dzhulenbalakin@mail.ru
    [phone] => 85381259747
    [formname] => Обратная связь
)

------------------------

------------------------
24.08.2025 8:51:21
CallbackFormEmailModal
Array
(
    [name] => asdgfsasdas@gmail.com
    [phone] => 85922484129
    [formname] => Обратная связь
)

------------------------

------------------------
24.08.2025 9:41:42
CallbackFormEmailModal
Array
(
    [name] => naxphrnt@wildbmail.com
    [phone] => 86137537348
    [formname] => Обратная связь
)

------------------------

------------------------
24.08.2025 10:31:09
CallbackFormEmailModal
Array
(
    [name] => postsaddtaliretneu@mail.ru
    [phone] => 83317516294
    [formname] => Обратная связь
)

------------------------

------------------------
24.08.2025 10:33:36
CallbackFormEmailModal
Array
(
    [name] => prosavmobi1981@mail.ru
    [phone] => 85536614382
    [formname] => Обратная связь
)

------------------------

------------------------
24.08.2025 10:45:14
CallbackFormEmailModal
Array
(
    [name] => mamedov.edgar.1992.3.3@inbox.ru
    [phone] => 87386482579
    [formname] => Обратная связь
)

------------------------

------------------------
24.08.2025 10:45:16
CallbackFormEmailModal
Array
(
    [name] => ilnanmode1973@mail.ru
    [phone] => 89375954154
    [formname] => Обратная связь
)

------------------------

------------------------
24.08.2025 12:10:52
CallbackFormEmailModal
Array
(
    [name] => aosmfinn@tubermail.com
    [phone] => 85133175887
    [formname] => Обратная связь
)

------------------------

------------------------
24.08.2025 13:04:58
CallbackFormEmailModal
Array
(
    [name] => waai8stccwnc@mail.ru
    [phone] => 85416122692
    [formname] => Обратная связь
)

------------------------

------------------------
24.08.2025 13:11:37
CallbackFormEmailModal
Array
(
    [name] => antonwefulu@mail.ru
    [phone] => 81735995833
    [formname] => Обратная связь
)

------------------------

------------------------
24.08.2025 13:12:14
CallbackFormEmailModal
Array
(
    [name] => anna.shapiro.78@mail.ru
    [phone] => 81373398793
    [formname] => Обратная связь
)

------------------------

------------------------
24.08.2025 13:51:13
CallbackFormEmailModal
Array
(
    [name] => mikhail.kholudenev.93@mail.ru
    [phone] => 83251537726
    [formname] => Обратная связь
)

------------------------

------------------------
24.08.2025 13:57:47
CallbackFormEmailModal
Array
(
    [name] => polyakovdanila19908366@mail.ru
    [phone] => 84516478989
    [formname] => Обратная связь
)

------------------------

------------------------
24.08.2025 14:02:20
CallbackFormEmailModal
Array
(
    [name] => akindinkudryashov6842@mail.ru
    [phone] => 86155255369
    [formname] => Обратная связь
)

------------------------

------------------------
24.08.2025 14:24:10
CallbackFormEmailModal
Array
(
    [name] => naphtloxua-5550@mail.ru
    [phone] => 82261532244
    [formname] => Обратная связь
)

------------------------

------------------------
24.08.2025 14:33:54
CallbackFormEmailModal
Array
(
    [name] => chofitensatomar@mail.ru
    [phone] => 84969999489
    [formname] => Обратная связь
)

------------------------

------------------------
24.08.2025 14:37:23
CallbackFormEmailModal
Array
(
    [name] => dionisij.grigorev.92@mail.ru
    [phone] => 83113181487
    [formname] => Обратная связь
)

------------------------

------------------------
24.08.2025 14:39:25
CallbackFormEmailModal
Array
(
    [name] => arturgorz2o3@bk.ru
    [phone] => 88588836525
    [formname] => Обратная связь
)

------------------------

------------------------
24.08.2025 15:28:43
CallbackFormEmailModal
Array
(
    [name] => mandysq2@lly67.webmail.mom
    [phone] => 85338786172
    [formname] => Обратная связь
)

------------------------

------------------------
24.08.2025 16:24:42
CallbackFormEmailModal
Array
(
    [name] => info@speed-seo.net
    [phone] => 81338488642
    [formname] => Обратная связь
)

------------------------

------------------------
24.08.2025 16:42:09
CallbackFormEmailModal
Array
(
    [name] => sergowor.king.7.1.8@gmail.com
    [phone] => 88225356824
    [formname] => Обратная связь
)

------------------------

------------------------
24.08.2025 17:03:47
CallbackFormEmailModal
Array
(
    [name] => andrey.don.x@gmail.com
    [phone] => 84965798822
    [formname] => Обратная связь
)

------------------------

------------------------
24.08.2025 17:40:56
CallbackFormEmailModal
Array
(
    [name] => dinanikolskaya99@gmail.com
    [phone] => 88641731752
    [formname] => Обратная связь
)

------------------------

------------------------
24.08.2025 17:57:42
CallbackFormEmailModal
Array
(
    [name] => k0fkq@goshop1888.shop
    [phone] => 88255256352
    [formname] => Обратная связь
)

------------------------

------------------------
24.08.2025 18:15:52
CallbackFormEmailModal
Array
(
    [name] => kseniyanechusa@mail.ru
    [phone] => 85833298425
    [formname] => Обратная связь
)

------------------------

------------------------
24.08.2025 18:21:22
CallbackFormEmailModal
Array
(
    [name] => nifontmarkov1987@mail.ru
    [phone] => 82734799292
    [formname] => Обратная связь
)

------------------------

------------------------
24.08.2025 19:01:34
CallbackFormEmailModal
Array
(
    [name] => mlonanlout1985@mail.ru
    [phone] => 85274266721
    [formname] => Обратная связь
)

------------------------

------------------------
24.08.2025 19:07:32
CallbackFormEmailModal
Array
(
    [name] => yulya.onipchenko.88@mail.ru
    [phone] => 84524841712
    [formname] => Обратная связь
)

------------------------

------------------------
24.08.2025 19:07:46
CallbackFormEmailModal
Array
(
    [name] => hrabrgulyaev1996673@mail.ru
    [phone] => 82637156639
    [formname] => Обратная связь
)

------------------------

------------------------
24.08.2025 19:12:06
CallbackFormEmailModal
Array
(
    [name] => rais.shchigelskaya2002@mail.ru
    [phone] => 81376639964
    [formname] => Обратная связь
)

------------------------

------------------------
24.08.2025 19:26:30
CallbackFormEmailModal
Array
(
    [name] => dzhavgorat-tashdemirov1981@mail.ru
    [phone] => 88448518536
    [formname] => Обратная связь
)

------------------------

------------------------
24.08.2025 19:44:39
CallbackFormEmailModal
Array
(
    [name] => combontsegal37@mail.ru
    [phone] => 85878985792
    [formname] => Обратная связь
)

------------------------

------------------------
24.08.2025 21:13:07
CallbackFormEmailModal
Array
(
    [name] => bikon777@rambler.ru
    [phone] => 88791372447
    [formname] => Обратная связь
)

------------------------

------------------------
24.08.2025 22:29:55
CallbackFormEmailModal
Array
(
    [name] => pobomoravkl@kupit-matras111.ru
    [phone] => 83561597885
    [formname] => Обратная связь
)

------------------------

------------------------
24.08.2025 23:35:38
CallbackFormEmailModal
Array
(
    [name] => oyucofigo64@gmail.com
    [phone] => 86169274464
    [formname] => Обратная связь
)

------------------------
