
------------------------
24.09.2025 2:51:03
CallbackFormEmailModal
Array
(
    [name] => a88i2@a88i.fit
    [phone] => 88336215218
    [formname] => Обратная связь
)

------------------------

------------------------
24.09.2025 4:08:52
CallbackFormEmailModal
Array
(
    [name] => zasplav2015@yandex.by
    [phone] => 83364624296
    [formname] => Обратная связь
)

------------------------

------------------------
24.09.2025 4:23:00
CallbackFormEmailModal
Array
(
    [name] => loshara999991@gmail.com
    [phone] => 86797246545
    [formname] => Обратная связь
)

------------------------

------------------------
24.09.2025 4:50:02
CallbackFormEmailModal
Array
(
    [name] => bokisuq541@gmail.com
    [phone] => 88564872139
    [formname] => Обратная связь
)

------------------------

------------------------
24.09.2025 6:55:43
CallbackFormEmailModal
Array
(
    [name] => tonybecker2013@directionalomail.com
    [phone] => 81785564953
    [formname] => Обратная связь
)

------------------------

------------------------
24.09.2025 7:58:52
CallbackFormEmailModal
Array
(
    [name] => winsatall4ever@gmail.com
    [phone] => 82592265553
    [formname] => Обратная связь
)

------------------------

------------------------
24.09.2025 11:06:22
CallbackFormEmailModal
Array
(
    [name] => stefan.stukenborg@gmx.de
    [phone] => 83881734425
    [formname] => Обратная связь
)

------------------------

------------------------
24.09.2025 12:35:33
CallbackFormEmailModal
Array
(
    [name] => xroomer1st@gmail.com
    [phone] => 83888652519
    [formname] => Обратная связь
)

------------------------

------------------------
24.09.2025 15:39:46
CallbackFormEmailModal
Array
(
    [name] => elizaconforti@icloud.com
    [phone] => 87263545427
    [formname] => Обратная связь
)

------------------------

------------------------
24.09.2025 16:57:35
CallbackFormEmailModal
Array
(
    [name] => andrey.don.x@gmail.com
    [phone] => 88173492243
    [formname] => Обратная связь
)

------------------------

------------------------
24.09.2025 17:55:45
CallbackFormEmailModal
Array
(
    [name] => gor.tor.14@mail.ru
    [phone] => 81191776225
    [formname] => Обратная связь
)

------------------------
