
------------------------
29.01.2026 4:40:02
CallbackFormEmailModal
Array
(
    [name] => dolnovam@mail.ru
    [phone] => 85672864666
    [formname] => Обратная связь
)

------------------------

------------------------
29.01.2026 12:46:05
CallbackFormEmailModal
Array
(
    [name] => dolnovam@mail.ru
    [phone] => 86314885122
    [formname] => Обратная связь
)

------------------------

------------------------
29.01.2026 16:56:47
CallbackFormEmailModal
Array
(
    [name] => jgbsqirv@polosmail.com
    [phone] => 89719136589
    [formname] => Обратная связь
)

------------------------

------------------------
29.01.2026 23:50:24
CallbackFormEmailModal
Array
(
    [name] => wo.od.f.ord.j.ame.son.4.@gmail.com
    [phone] => 81653742341
    [formname] => Обратная связь
)

------------------------
