
------------------------
29.06.2024 0:05:57
CallbackFormEmailModal
Array
(
    [name] => iddqdice@yandex.ru
    [phone] => 83266545332
    [formname] => Обратная связь
)

------------------------

------------------------
29.06.2024 7:16:19
CallbackFormEmailModal
Array
(
    [name] => kwork.company@yandex.ru
    [phone] => 85114253355
    [formname] => Обратная связь
)

------------------------

------------------------
29.06.2024 7:39:43
CallbackFormEmailModal
Array
(
    [name] => remnsdoepoaspoeoieoi@gmail.com
    [phone] => 81825959955
    [formname] => Обратная связь
)

------------------------

------------------------
29.06.2024 8:19:06
CallbackFormEmailModal
Array
(
    [name] => deberanayuk@onet.pl
    [phone] => 82783616949
    [formname] => Обратная связь
)

------------------------

------------------------
29.06.2024 13:16:16
CallbackFormEmailModal
Array
(
    [name] => xrumer23Kip@gmail.com
    [phone] => 88162173459
    [formname] => Обратная связь
)

------------------------

------------------------
29.06.2024 14:33:41
CallbackFormEmailModal
Array
(
    [name] => 1q0nbg4km@mozmail.com
    [phone] => 81775851292
    [formname] => Обратная связь
)

------------------------

------------------------
29.06.2024 17:29:51
CallbackFormEmailModal
Array
(
    [name] => kennethnaask@onet.pl
    [phone] => 88859135915
    [formname] => Обратная связь
)

------------------------

------------------------
29.06.2024 19:01:49
CallbackFormEmailModal
Array
(
    [name] => kristizebis@onet.pl
    [phone] => 87958934848
    [formname] => Обратная связь
)

------------------------

------------------------
29.06.2024 21:18:57
CallbackFormEmailModal
Array
(
    [name] => mcksbd@outlook.com
    [phone] => 83579887858
    [formname] => Обратная связь
)

------------------------

------------------------
29.06.2024 21:57:32
CallbackFormEmailModal
Array
(
    [name] => gzlitxshe@damcongremill.shop
    [phone] => 81581919994
    [formname] => Обратная связь
)

------------------------

------------------------
29.06.2024 21:58:50
CallbackFormEmailModal
Array
(
    [name] => cnxylwxxx@derhosulha.shop
    [phone] => 84284561278
    [formname] => Обратная связь
)

------------------------

------------------------
29.06.2024 22:26:03
CallbackFormEmailModal
Array
(
    [name] => yourmail@gmail.com
    [phone] => 86775988584
    [formname] => Обратная связь
)

------------------------
