
------------------------
08.04.2023 2:05:06
CallbackFormEmailModal
Array
(
    [name] => indomitowot@outlook.com
    [phone] => 81655684275
    [formname] => Обратная связь
)

------------------------

------------------------
08.04.2023 3:16:14
CallbackFormEmailModal
Array
(
    [name] => garry324@alexhost.site
    [phone] => 88335724218
    [formname] => Обратная связь
)

------------------------

------------------------
08.04.2023 7:36:31
CallbackFormEmailModal
Array
(
    [name] => vqjhobrt@mail.ru
    [phone] => +791234567917
    [formname] => Обратная связь
)

------------------------

------------------------
08.04.2023 9:47:22
CallbackFormEmailModal
Array
(
    [name] => nkeepmabuf1558@mailsi.site

    [phone] => 89193225248
    [formname] => Обратная связь
)

------------------------

------------------------
08.04.2023 12:44:24
CallbackFormEmailModal
Array
(
    [name] => indomitowot@outlook.com
    [phone] => 87526761799
    [formname] => Обратная связь
)

------------------------

------------------------
08.04.2023 20:46:43
CallbackFormEmailModal
Array
(
    [name] => zabavahromova@yandex.kz
    [phone] => 82814852841
    [formname] => Обратная связь
)

------------------------

------------------------
08.04.2023 20:53:39
CallbackFormEmailModal
Array
(
    [name] => indomitowot@outlook.com
    [phone] => 88277431526
    [formname] => Обратная связь
)

------------------------

------------------------
08.04.2023 23:42:09
CallbackFormEmailModal
Array
(
    [name] => unison-nasya@yandex.ru
    [phone] => 85613694767
    [formname] => Обратная связь
)

------------------------
