
------------------------
08.01.2023 6:29:58
CallbackFormEmailModal
Array
(
    [name] => shemyakina_av@mail.ru
    [phone] => 86814272155
    [formname] => Обратная связь
)

------------------------

------------------------
08.01.2023 6:31:33
CallbackFormEmailModal
Array
(
    [name] => ele3056@yandex.ru
    [phone] => 84739893348
    [formname] => Обратная связь
)

------------------------

------------------------
08.01.2023 6:31:34
CallbackFormEmailModal
Array
(
    [name] => gen-2084@yandex.ru
    [phone] => 87961212587
    [formname] => Обратная связь
)

------------------------

------------------------
08.01.2023 7:56:27
CallbackFormEmailModal
Array
(
    [name] => s7gbs@course-fitness.com
    [phone] => 85213344853
    [formname] => Обратная связь
)

------------------------

------------------------
08.01.2023 8:29:23
CallbackFormEmailModal
Array
(
    [name] => s1.thecctvpro@gmail.com
    [phone] => 87584544629
    [formname] => Обратная связь
)

------------------------

------------------------
08.01.2023 10:11:51
CallbackFormEmailModal
Array
(
    [name] => r.a.c.h.e.l.m.o.r.a.l.ese@gmail.com
    [phone] => 83554931138
    [formname] => Обратная связь
)

------------------------

------------------------
08.01.2023 15:45:40
CallbackFormEmailModal
Array
(
    [name] => admins@antapexhealthcare.com
    [phone] => 86125168849
    [formname] => Обратная связь
)

------------------------

------------------------
08.01.2023 19:53:32
CallbackFormEmailModal
Array
(
    [name] => ltye9gtarl@pcl.mx23.fun

    [phone] => 83646548539
    [formname] => Обратная связь
)

------------------------
