
------------------------
16.05.2023 5:54:04
CallbackFormEmailModal
Array
(
    [name] => vqjhobrt@mail.ru
    [phone] => +791234567376
    [formname] => Обратная связь
)

------------------------

------------------------
16.05.2023 15:58:37
CallbackFormEmailModal
Array
(
    [name] => no-replysuinuts@gmail.com
    [phone] => 88864344724
    [formname] => Обратная связь
)

------------------------

------------------------
16.05.2023 16:29:34
CallbackFormModal
Array
(
    [name] => Валерий
    [phone] => +7(964)037-37-43
    [formname] => Заказать звонок
)

------------------------

------------------------
16.05.2023 21:08:26
CallbackFormEmailModal
Array
(
    [name] => pentanoche198771@rambler.ru
    [phone] => +79151790357
    [formname] => Обратная связь
)

------------------------
