
------------------------
07.02.2025 0:25:07
CallbackFormEmailModal
Array
(
    [name] => isamblog1982@myrambler.ru
    [phone] => 89321117583
    [formname] => Обратная связь
)

------------------------

------------------------
07.02.2025 1:34:40
CallbackFormEmailModal
Array
(
    [name] => hru10@kirzzioh.store

    [phone] => Grow Your Bitcoin Stash With Daily Bonuses. Click To Earn
 >>> https://t.me/+wh6h33n  #Lolllukazzzur333
 <<<
    [formname] => Обратная связь
)

------------------------

------------------------
07.02.2025 2:21:08
CallbackFormEmailModal
Array
(
    [name] => rhtxtysvkel@rudiplomust.com
    [phone] => 85968196693
    [formname] => Обратная связь
)

------------------------

------------------------
07.02.2025 3:40:23
CallbackFormEmailModal
Array
(
    [name] => vincenttaits@mail.ru
    [phone] => 81229924895
    [formname] => Обратная связь
)

------------------------

------------------------
07.02.2025 3:55:27
CallbackFormEmailModal
Array
(
    [name] => ovnterbefjuden6138@mail.ru
    [phone] => 86513186763
    [formname] => Обратная связь
)

------------------------

------------------------
07.02.2025 4:35:10
CallbackFormEmailModal
Array
(
    [name] => fxhuojesfel@rudiplomust.com
    [phone] => 87598531586
    [formname] => Обратная связь
)

------------------------

------------------------
07.02.2025 5:52:57
CallbackFormEmailModal
Array
(
    [name] => o6u5n@hartific.top
    [phone] => 88828552469
    [formname] => Обратная связь
)

------------------------

------------------------
07.02.2025 6:49:49
CallbackFormEmailModal
Array
(
    [name] => victor11@xrevelxr.com
    [phone] => 83698477952
    [formname] => Обратная связь
)

------------------------

------------------------
07.02.2025 7:10:16
CallbackFormEmailModal
Array
(
    [name] => mitubefhambcomp5336@mail.ru
    [phone] => 88616522397
    [formname] => Обратная связь
)

------------------------

------------------------
07.02.2025 7:58:56
CallbackFormEmailModal
Array
(
    [name] => 1q0nbg4km@mozmail.com
    [phone] => 87796398569
    [formname] => Обратная связь
)

------------------------

------------------------
07.02.2025 8:55:10
CallbackFormEmailModal
Array
(
    [name] => rhotenti-44@mail.ru
    [phone] => 89724768217
    [formname] => Обратная связь
)

------------------------

------------------------
07.02.2025 9:16:34
CallbackFormEmailModal
Array
(
    [name] => barbariska8912@gmail.com
    [phone] => 83545233115
    [formname] => Обратная связь
)

------------------------

------------------------
07.02.2025 9:50:20
CallbackFormEmailModal
Array
(
    [name] => bigendrakoli4335@mail.ru
    [phone] => 85973543748
    [formname] => Обратная связь
)

------------------------

------------------------
07.02.2025 10:05:55
CallbackFormEmailModal
Array
(
    [name] => shelitedemisu12@gmail.com
    [phone] => 81621657286
    [formname] => Обратная связь
)

------------------------

------------------------
07.02.2025 10:22:49
CallbackFormEmailModal
Array
(
    [name] => mickeycaf@bk.ru:50xa5mmm4
    [phone] => 86978144924
    [formname] => Обратная связь
)

------------------------

------------------------
07.02.2025 10:28:16
CallbackFormEmailModal
Array
(
    [name] => iphalpa@gismail.online

    [phone] => 85583388995
    [formname] => Обратная связь
)

------------------------

------------------------
07.02.2025 11:14:53
CallbackFormEmailModal
Array
(
    [name] => jspkyrbvbel@rudiplomust.com
    [phone] => 83941735551
    [formname] => Обратная связь
)

------------------------

------------------------
07.02.2025 11:50:14
CallbackFormEmailModal
Array
(
    [name] => yjwxuzhlaKt@rudiplomust.com
    [phone] => 89695821495
    [formname] => Обратная связь
)

------------------------

------------------------
07.02.2025 12:47:46
CallbackFormEmailModal
Array
(
    [name] => xrum@drenaj-mos.ru
    [phone] => 84317489541
    [formname] => Обратная связь
)

------------------------

------------------------
07.02.2025 18:05:57
CallbackFormEmailModal
Array
(
    [name] => ramiraselezneva19908003@bk.ru
    [phone] => 89685167797
    [formname] => Обратная связь
)

------------------------

------------------------
07.02.2025 18:52:52
CallbackFormEmailModal
Array
(
    [name] => umzktcuwoel@rudiplomust.com
    [phone] => 87366743282
    [formname] => Обратная связь
)

------------------------

------------------------
07.02.2025 22:18:21
CallbackFormEmailModal
Array
(
    [name] => brechicdiaplen@gismail.online

    [phone] => 84334558534
    [formname] => Обратная связь
)

------------------------

------------------------
07.02.2025 22:22:53
CallbackFormEmailModal
Array
(
    [name] => zfefcibgnel@rudiplomust.com
    [phone] => 82973757462
    [formname] => Обратная связь
)

------------------------

------------------------
07.02.2025 22:43:56
CallbackFormEmailModal
Array
(
    [name] => Odessa Marie
    [phone] => United States
    [formname] => Обратная связь
)

------------------------

------------------------
07.02.2025 22:58:45
CallbackFormEmailModal
Array
(
    [name] => sir.maxbo@yandex.ru
    [phone] => 84163161682
    [formname] => Обратная связь
)

------------------------

------------------------
07.02.2025 23:58:44
CallbackFormEmailModal
Array
(
    [name] => zvhllfoeeel@rudiplomust.com
    [phone] => 84147474665
    [formname] => Обратная связь
)

------------------------
