
------------------------
11.08.2024 0:00:04
CallbackFormEmailModal
Array
(
    [name] => javessaver1989@op.pl
    [phone] => 86558942997
    [formname] => Обратная связь
)

------------------------

------------------------
11.08.2024 1:09:56
CallbackFormEmailModal
Array
(
    [name] => cyruskl_winghammw@hotmail.com
    [phone] => 84616634846
    [formname] => Обратная связь
)

------------------------

------------------------
11.08.2024 2:06:57
CallbackFormEmailModal
Array
(
    [name] => b65263559@gmail.com
    [phone] => 89916918682
    [formname] => Обратная связь
)

------------------------

------------------------
11.08.2024 3:55:34
CallbackFormEmailModal
Array
(
    [name] => thanntartutast1983@op.pl
    [phone] => 83576845326
    [formname] => Обратная связь
)

------------------------

------------------------
11.08.2024 4:03:31
CallbackFormEmailModal
Array
(
    [name] => pogba-pl33@prokuratura-rb.ru
    [phone] => 85222141362
    [formname] => Обратная связь
)

------------------------

------------------------
11.08.2024 4:25:08
CallbackFormEmailModal
Array
(
    [name] => knowmarlidglet1977@op.pl
    [phone] => 86414452693
    [formname] => Обратная связь
)

------------------------

------------------------
11.08.2024 4:27:16
CallbackFormEmailModal
Array
(
    [name] => kayleighbpsteamship@gmail.com
    [phone] => 85872551433
    [formname] => Обратная связь
)

------------------------

------------------------
11.08.2024 4:58:24
CallbackFormEmailModal
Array
(
    [name] => olampus@eunews24x7.com
    [phone] => 86551939313
    [formname] => Обратная связь
)

------------------------

------------------------
11.08.2024 5:02:01
CallbackFormEmailModal
Array
(
    [name] => samokhinalerochka16766@mail.ru
    [phone] => 84445877738
    [formname] => Обратная связь
)

------------------------

------------------------
11.08.2024 8:02:58
CallbackFormEmailModal
Array
(
    [name] => mikesice@gmail.com
    [phone] => 88658759734
    [formname] => Обратная связь
)

------------------------

------------------------
11.08.2024 8:30:29
CallbackFormEmailModal
Array
(
    [name] => ronaldinho-pl3@prokuratura-rb.ru
    [phone] => 83623828596
    [formname] => Обратная связь
)

------------------------

------------------------
11.08.2024 12:47:15
CallbackFormEmailModal
Array
(
    [name] => tiosubpsurby1977@op.pl
    [phone] => 84764496689
    [formname] => Обратная связь
)

------------------------

------------------------
11.08.2024 13:33:50
CallbackFormEmailModal
Array
(
    [name] => hjk2419@mail.ru
    [phone] => 85978616154
    [formname] => Обратная связь
)

------------------------

------------------------
11.08.2024 17:52:40
CallbackFormEmailModal
Array
(
    [name] => a46893707@gmail.com
    [phone] => 87856117529
    [formname] => Обратная связь
)

------------------------

------------------------
11.08.2024 21:04:13
CallbackFormEmailModal
Array
(
    [name] => ralomatals1983@op.pl
    [phone] => 81748663554
    [formname] => Обратная связь
)

------------------------

------------------------
11.08.2024 22:01:05
CallbackFormEmailModal
Array
(
    [name] => andreysimonov146@gmail.com
    [phone] => 83316798226
    [formname] => Обратная связь
)

------------------------
