
------------------------
30.12.2022 2:15:23
CallbackFormEmailModal
Array
(
    [name] => Liainarne@bernardmail.xyz
    [phone] => 87453779662
    [formname] => Обратная связь
)

------------------------

------------------------
30.12.2022 3:03:30
CallbackFormEmailModal
Array
(
    [name] => i.r.i.nam.as.lo.v.ic.@gmail.com
    [phone] => 83435784823
    [formname] => Обратная связь
)

------------------------

------------------------
30.12.2022 8:35:44
CallbackFormEmailModal
Array
(
    [name] => saledek@guard-car.ru
    [phone] => 81847256937
    [formname] => Обратная связь
)

------------------------

------------------------
30.12.2022 10:07:34
CallbackFormEmailModal
Array
(
    [name] => tthfttr@yandex.com
    [phone] => 83294678328
    [formname] => Обратная связь
)

------------------------

------------------------
30.12.2022 11:19:31
CallbackFormEmailModal
Array
(
    [name] => zwisoltiving1980@seocdvig.ru
    [phone] => 85433562348
    [formname] => Обратная связь
)

------------------------

------------------------
30.12.2022 11:58:44
CallbackFormEmailModal
Array
(
    [name] => zelatcol@gmail.com
    [phone] => 89144883184
    [formname] => Обратная связь
)

------------------------

------------------------
30.12.2022 17:02:16
CallbackFormEmailModal
Array
(
    [name] => ema.m.o.no.v.a.56.2.@gmail.com
    [phone] => 86351771397
    [formname] => Обратная связь
)

------------------------

------------------------
30.12.2022 18:54:51
CallbackFormEmailModal
Array
(
    [name] => bsmergerarely3@outlook.com
    [phone] => 89242772717
    [formname] => Обратная связь
)

------------------------

------------------------
30.12.2022 19:24:08
CallbackFormEmailModal
Array
(
    [name] => Eric Jones
    [phone] => 555-555-1212
    [formname] => Обратная связь
)

------------------------

------------------------
30.12.2022 20:57:14
CallbackFormEmailModal
Array
(
    [name] => m.g.le.n.enk.o.t.p.a.nk.swi.m.p.ul@gmail.com
    [phone] => 81322441825
    [formname] => Обратная связь
)

------------------------
