
------------------------
10.08.2024 4:03:24
CallbackFormEmailModal
Array
(
    [name] => gugloff.444@gmail.com
    [phone] => 86447689666
    [formname] => Обратная связь
)

------------------------

------------------------
10.08.2024 4:56:46
CallbackFormEmailModal
Array
(
    [name] => iglriifnnw@rambler.ru
    [phone] => +71231234567
    [formname] => Обратная связь
)

------------------------

------------------------
10.08.2024 6:04:09
CallbackFormEmailModal
Array
(
    [name] => hjk2419@mail.ru
    [phone] => 88735635837
    [formname] => Обратная связь
)

------------------------

------------------------
10.08.2024 8:11:19
CallbackFormEmailModal
Array
(
    [name] => jerry@9humantypes.com
    [phone] => 85484272736
    [formname] => Обратная связь
)

------------------------

------------------------
10.08.2024 8:11:54
CallbackFormEmailModal
Array
(
    [name] => teeaclamtanme1987@op.pl
    [phone] => 89559276587
    [formname] => Обратная связь
)

------------------------

------------------------
10.08.2024 8:26:00
CallbackFormEmailModal
Array
(
    [name] => googlemail@eunews24x7.com
    [phone] => 89277319819
    [formname] => Обратная связь
)

------------------------

------------------------
10.08.2024 13:17:34
CallbackFormEmailModal
Array
(
    [name] => sabaat321456@gmail.com
    [phone] => 85277117993
    [formname] => Обратная связь
)

------------------------

------------------------
10.08.2024 13:45:26
CallbackFormEmailModal
Array
(
    [name] => barbariska8912@gmail.com
    [phone] => 82891312624
    [formname] => Обратная связь
)

------------------------

------------------------
10.08.2024 15:45:21
CallbackFormEmailModal
Array
(
    [name] => yourmail@gmail.com
    [phone] => 84825485943
    [formname] => Обратная связь
)

------------------------

------------------------
10.08.2024 19:05:51
CallbackFormEmailModal
Array
(
    [name] => stinerbise1988@op.pl
    [phone] => 88229628894
    [formname] => Обратная связь
)

------------------------

------------------------
10.08.2024 22:04:14
CallbackFormEmailModal
Array
(
    [name] => sabaat321456@gmail.com
    [phone] => 88812268572
    [formname] => Обратная связь
)

------------------------

------------------------
10.08.2024 22:49:04
CallbackFormEmailModal
Array
(
    [name] => brudermanni2024@gmail.com
    [phone] => 88532861729
    [formname] => Обратная связь
)

------------------------

------------------------
10.08.2024 23:53:32
CallbackFormEmailModal
Array
(
    [name] => daidigilla1980@op.pl
    [phone] => 88439894771
    [formname] => Обратная связь
)

------------------------
