
------------------------
19.07.2024 3:16:39
CallbackFormEmailModal
Array
(
    [name] => duplo@loliporn.su
    [phone] => 84266818451
    [formname] => Обратная связь
)

------------------------

------------------------
19.07.2024 4:29:15
CallbackFormEmailModal
Array
(
    [name] => thomason@eunews24x7.com
    [phone] => 89122639639
    [formname] => Обратная связь
)

------------------------

------------------------
19.07.2024 6:30:36
CallbackFormEmailModal
Array
(
    [name] => lolerex241@ovout.com
    [phone] => 85292946542
    [formname] => Обратная связь
)

------------------------

------------------------
19.07.2024 6:46:44
CallbackFormEmailModal
Array
(
    [name] => info@hifinance.ru
    [phone] => +71231234567
    [formname] => Обратная связь
)

------------------------

------------------------
19.07.2024 8:29:14
CallbackFormEmailModal
Array
(
    [name] => xqobgovboPi@rudiplomust.com
    [phone] => 88925863866
    [formname] => Обратная связь
)

------------------------

------------------------
19.07.2024 9:50:33
CallbackFormEmailModal
Array
(
    [name] => wx12lihe[exygyzotorygetit,2,5]@wxlihe169.com
    [phone] => 82644971217
    [formname] => Обратная связь
)

------------------------

------------------------
19.07.2024 12:56:32
CallbackFormEmailModal
Array
(
    [name] => mikeAlburnern@gmail.com
    [phone] => 89143239497
    [formname] => Обратная связь
)

------------------------

------------------------
19.07.2024 17:10:38
CallbackFormEmailModal
Array
(
    [name] => gjhruke2@outlook.com
    [phone] => 82892153398
    [formname] => Обратная связь
)

------------------------

------------------------
19.07.2024 19:08:53
CallbackFormEmailModal
Array
(
    [name] => info@confidence-finance.ru
    [phone] => +7 (985) 059-26-23
    [formname] => Обратная связь
)

------------------------
