
------------------------
11.05.2024 0:05:45
CallbackFormEmailModal
Array
(
    [name] => smit.h.al.o.n.1.21@gmail.com
    [phone] => 81649732682
    [formname] => Обратная связь
)

------------------------

------------------------
11.05.2024 4:12:15
CallbackFormEmailModal
Array
(
    [name] => magomedovgg2wk@rambler.ru
    [phone] => 85876656953
    [formname] => Обратная связь
)

------------------------

------------------------
11.05.2024 4:34:12
CallbackFormEmailModal
Array
(
    [name] => ser.g.e.i36.7.5.3.4@gmail.com
    [phone] => 87318362657
    [formname] => Обратная связь
)

------------------------

------------------------
11.05.2024 6:54:23
CallbackFormEmailModal
Array
(
    [name] => inet4747@outlook.com
    [phone] => 89716293642
    [formname] => Обратная связь
)

------------------------

------------------------
11.05.2024 9:18:06
CallbackFormEmailModal
Array
(
    [name] => g1bbs.micheal@yandex.kz
    [phone] => 87554624515
    [formname] => Обратная связь
)

------------------------

------------------------
11.05.2024 15:08:42
CallbackFormEmailModal
Array
(
    [name] => dog.2.2an.t@gmail.com
    [phone] => 86233761918
    [formname] => Обратная связь
)

------------------------

------------------------
11.05.2024 16:43:24
CallbackFormEmailModal
Array
(
    [name] => segif18200@shirulo.com
    [phone] => 89269696993
    [formname] => Обратная связь
)

------------------------

------------------------
11.05.2024 17:18:33
CallbackFormEmailModal
Array
(
    [name] => mali.ham.a.hu63.1@gmail.com
    [phone] => 83865345713
    [formname] => Обратная связь
)

------------------------

------------------------
11.05.2024 18:38:27
CallbackFormEmailModal
Array
(
    [name] => kimquenonme198966@rambler.ru
    [phone] => +78945612332
    [formname] => Обратная связь
)

------------------------

------------------------
11.05.2024 20:55:40
CallbackFormEmailModal
Array
(
    [name] => mkat.y.kat.9.98@gmail.com
    [phone] => 87528943325
    [formname] => Обратная связь
)

------------------------

------------------------
11.05.2024 20:56:32
CallbackFormEmailModal
Array
(
    [name] => segif18200@shirulo.com
    [phone] => 86118982741
    [formname] => Обратная связь
)

------------------------
