
------------------------
09.06.2022 3:09:47
CallbackFormEmailModal
Array
(
    [name] => cf01@forum.dk
    [phone] => 89032889477
    [formname] => Обратная связь
)

------------------------

------------------------
09.06.2022 6:25:39
CallbackFormEmailModal
Array
(
    [name] => mtopp@forum.dk
    [phone] => 89037492983
    [formname] => Обратная связь
)

------------------------

------------------------
09.06.2022 9:56:17
CallbackFormEmailModal
Array
(
    [name] => caspervindahl@forum.dk
    [phone] => 89031559750
    [formname] => Обратная связь
)

------------------------

------------------------
09.06.2022 10:02:27
CallbackFormEmailModal
Array
(
    [name] => erywoke@bernardmail.xyz
    [phone] => 88185788882
    [formname] => Обратная связь
)

------------------------

------------------------
09.06.2022 12:07:02
CallbackFormModal
Array
(
    [name] => Алексей
    [phone] => +7(999)841-12-98
    [formname] => Заказать звонок
)

------------------------

------------------------
09.06.2022 12:07:08
CallbackFormEmailModal
Array
(
    [name] => Agemard@newonlinemail.xyz
    [phone] => 82821721435
    [formname] => Обратная связь
)

------------------------

------------------------
09.06.2022 13:00:56
CallbackFormEmailModal
Array
(
    [name] => rileyward@mailme.dk
    [phone] => 89036824681
    [formname] => Обратная связь
)

------------------------

------------------------
09.06.2022 16:10:57
CallbackFormEmailModal
Array
(
    [name] => valeryp1@mailme.dk
    [phone] => 89039983705
    [formname] => Обратная связь
)

------------------------

------------------------
09.06.2022 19:17:18
CallbackFormEmailModal
Array
(
    [name] => sejkon@mail.com
    [phone] => 89035846812
    [formname] => Обратная связь
)

------------------------

------------------------
09.06.2022 20:08:19
CallbackFormEmailModal
Array
(
    [name] => TomoPlalf@topnewmail.xyz
    [phone] => 88123182342
    [formname] => Обратная связь
)

------------------------

------------------------
09.06.2022 20:26:32
CallbackFormEmailModal
Array
(
    [name] => HoopeSero@barrymail.xyz
    [phone] => 84619214635
    [formname] => Обратная связь
)

------------------------

------------------------
09.06.2022 22:30:13
CallbackFormEmailModal
Array
(
    [name] => delong77@mailme.dk
    [phone] => 89031473357
    [formname] => Обратная связь
)

------------------------
