
------------------------
30.07.2023 0:39:15
CallbackFormEmailModal
Array
(
    [name] => andrw.mirf@mail.ru
    [phone] => 89592668373
    [formname] => Обратная связь
)

------------------------

------------------------
30.07.2023 2:24:43
CallbackFormEmailModal
Array
(
    [name] => tiocicie.4769@mail.ru
    [phone] => 89829826293
    [formname] => Обратная связь
)

------------------------

------------------------
30.07.2023 2:47:37
CallbackFormEmailModal
Array
(
    [name] => qonxh7231@studwork.su
    [phone] => 87847194879
    [formname] => Обратная связь
)

------------------------

------------------------
30.07.2023 4:01:58
CallbackFormEmailModal
Array
(
    [name] => titova.polina.1981.15.12@list.ru
    [phone] => 82321294473
    [formname] => Обратная связь
)

------------------------

------------------------
30.07.2023 4:23:26
CallbackFormEmailModal
Array
(
    [name] => tremor1979@outlook.com
    [phone] => 87914456644
    [formname] => Обратная связь
)

------------------------

------------------------
30.07.2023 5:32:40
CallbackFormEmailModal
Array
(
    [name] => gpasu8176@studwork.su
    [phone] => 81182171277
    [formname] => Обратная связь
)

------------------------

------------------------
30.07.2023 6:06:27
CallbackFormEmailModal
Array
(
    [name] => vercysicha@googleis.site

    [phone] => 84884712165
    [formname] => Обратная связь
)

------------------------

------------------------
30.07.2023 6:49:57
CallbackFormEmailModal
Array
(
    [name] => vitalii.zhilinclw@mail.ru
    [phone] => 86878197634
    [formname] => Обратная связь
)

------------------------

------------------------
30.07.2023 7:13:41
CallbackFormModal
Array
(
    [name] => Сергей 
    [phone] => +7(904)575-51-17
    [formname] => Заказать звонок
)

------------------------

------------------------
30.07.2023 7:49:08
CallbackFormEmailModal
Array
(
    [name] => ignatenko2024@list.ru
    [phone] => 84748365658
    [formname] => Обратная связь
)

------------------------

------------------------
30.07.2023 9:06:25
CallbackFormEmailModal
Array
(
    [name] => music789@posti8.site
    [phone] => 85976767592
    [formname] => Обратная связь
)

------------------------

------------------------
30.07.2023 11:28:11
CallbackFormEmailModal
Array
(
    [name] => erwgrxdpsEa@bobbor.store
    [phone] => 87576779965
    [formname] => Обратная связь
)

------------------------

------------------------
30.07.2023 22:01:33
CallbackFormEmailModal
Array
(
    [name] => orlov.roman.1988.2.11@list.ru
    [phone] => 86571685759
    [formname] => Обратная связь
)

------------------------
