
------------------------
10.07.2024 0:28:41
CallbackFormEmailModal
Array
(
    [name] => wrrgqiavcel@rudiplomust.com
    [phone] => 82929435533
    [formname] => Обратная связь
)

------------------------

------------------------
10.07.2024 0:36:15
CallbackFormEmailModal
Array
(
    [name] => rwkozdtjsel@rudiplomust.com
    [phone] => 83744386885
    [formname] => Обратная связь
)

------------------------

------------------------
10.07.2024 2:01:51
CallbackFormEmailModal
Array
(
    [name] => cbtzyhpfoel@rudiplomust.com
    [phone] => 87259351647
    [formname] => Обратная связь
)

------------------------

------------------------
10.07.2024 2:36:30
CallbackFormEmailModal
Array
(
    [name] => gjhruke2@outlook.com
    [phone] => 85119486745
    [formname] => Обратная связь
)

------------------------

------------------------
10.07.2024 3:15:08
CallbackFormEmailModal
Array
(
    [name] => iqnobqaxsel@rudiplomust.com
    [phone] => 83281227847
    [formname] => Обратная связь
)

------------------------

------------------------
10.07.2024 4:46:49
CallbackFormEmailModal
Array
(
    [name] => owqrtdyavel@rudiplomust.com
    [phone] => 89796578948
    [formname] => Обратная связь
)

------------------------

------------------------
10.07.2024 7:24:25
CallbackFormEmailModal
Array
(
    [name] => ekdytwmpdel@rudiplomust.cm
    [phone] => 84199788779
    [formname] => Обратная связь
)

------------------------

------------------------
10.07.2024 7:24:25
CallbackFormEmailModal
Array
(
    [name] => agcfjyktwel@rudiplomust.com
    [phone] => 83171559689
    [formname] => Обратная связь
)

------------------------

------------------------
10.07.2024 7:32:17
CallbackFormEmailModal
Array
(
    [name] => popovakristina735@gmail.com
    [phone] => 86362126828
    [formname] => Обратная связь
)

------------------------

------------------------
10.07.2024 8:00:24
CallbackFormEmailModal
Array
(
    [name] => asda232hjl@outlook.com
    [phone] => 87797298688
    [formname] => Обратная связь
)

------------------------

------------------------
10.07.2024 11:42:24
CallbackFormEmailModal
Array
(
    [name] => remnsdmpepaosoieoiader@gmail.com
    [phone] => 87212234487
    [formname] => Обратная связь
)

------------------------

------------------------
10.07.2024 12:33:55
CallbackFormEmailModal
Array
(
    [name] => hevisgerd@outlook.com
    [phone] => 81461468175
    [formname] => Обратная связь
)

------------------------

------------------------
10.07.2024 14:02:28
CallbackFormEmailModal
Array
(
    [name] => ejfoakezsel@rudiplomust.com
    [phone] => 86723992361
    [formname] => Обратная связь
)

------------------------

------------------------
10.07.2024 15:10:17
CallbackFormEmailModal
Array
(
    [name] => newcakematt198021@rambler.ru
    [phone] => 84972466583
    [formname] => Обратная связь
)

------------------------

------------------------
10.07.2024 16:29:05
CallbackFormEmailModal
Array
(
    [name] => vhhituonfel@rudiplomust.com
    [phone] => 85476114837
    [formname] => Обратная связь
)

------------------------

------------------------
10.07.2024 18:45:40
CallbackFormEmailModal
Array
(
    [name] => yourmail@gmail.com
    [phone] => 87142522484
    [formname] => Обратная связь
)

------------------------

------------------------
10.07.2024 19:44:36
CallbackFormEmailModal
Array
(
    [name] => gjhruke2@outlook.com
    [phone] => 86391614783
    [formname] => Обратная связь
)

------------------------

------------------------
10.07.2024 20:19:14
CallbackFormEmailModal
Array
(
    [name] => fnqoqonpxel@rudiplomust.com
    [phone] => 83152654346
    [formname] => Обратная связь
)

------------------------

------------------------
10.07.2024 20:19:14
CallbackFormEmailModal
Array
(
    [name] => flpbzzludel@rudiplomust.com
    [phone] => 85256227278
    [formname] => Обратная связь
)

------------------------

------------------------
10.07.2024 22:59:36
CallbackFormEmailModal
Array
(
    [name] => 1@zehnagahane.ir
    [phone] => 87713352271
    [formname] => Обратная связь
)

------------------------

------------------------
10.07.2024 23:12:53
CallbackFormEmailModal
Array
(
    [name] => eelaznpocel@rudiplomust.com
    [phone] => 86164235863
    [formname] => Обратная связь
)

------------------------
