
------------------------
22.03.2025 0:38:22
CallbackFormEmailModal
Array
(
    [name] => nicolasSab@mailify.top
    [phone] => 88481665838
    [formname] => Обратная связь
)

------------------------

------------------------
22.03.2025 2:40:15
CallbackFormEmailModal
Array
(
    [name] => rimmakuzmina1979m@rambler.ru
    [phone] => 84282851513
    [formname] => Обратная связь
)

------------------------

------------------------
22.03.2025 3:04:34
CallbackFormEmailModal
Array
(
    [name] => bifiuqo9@5way5.com
    [phone] => 88771121289
    [formname] => Обратная связь
)

------------------------

------------------------
22.03.2025 3:33:57
CallbackFormEmailModal
Array
(
    [name] => k.a.r.n.ee.va.i7.1@gmail.com
    [phone] => 83237482237
    [formname] => Обратная связь
)

------------------------

------------------------
22.03.2025 5:51:24
CallbackFormEmailModal
Array
(
    [name] => 4443@donetsk365.ru
    [phone] => 86666128257
    [formname] => Обратная связь
)

------------------------

------------------------
22.03.2025 6:42:15
CallbackFormEmailModal
Array
(
    [name] => yourmail@gmail.com
    [phone] => 86387423438
    [formname] => Обратная связь
)

------------------------

------------------------
22.03.2025 6:54:27
CallbackFormEmailModal
Array
(
    [name] => pe3j0plm@2mailcache.com
    [phone] => 89979375396
    [formname] => Обратная связь
)

------------------------

------------------------
22.03.2025 7:40:06
CallbackEmailModal
Array
(
    [name] => Deliems@mailsphere.xyz
    [phone] => 81983127619
    [comment] => Название продуката: Лестничная ступень SР 34х38/30х2 Zn 600х240 мм
Комменатрий: Ollie, USA 2022 05 19 23 57 51 <a href=https://propecia2buy.top/>finasteride with free viagra</a> J Pathol 2013; 201 589 595
    [formname] => Задать вопрос по товару
)

------------------------

------------------------
22.03.2025 9:52:37
CallbackFormEmailModal
Array
(
    [name] => anthonypederson1994@innovativenomail.com
    [phone] => 85265884818
    [formname] => Обратная связь
)

------------------------

------------------------
22.03.2025 10:18:48
CallbackFormEmailModal
Array
(
    [name] => siatimscompma1978@mail.ru
    [phone] => 87479786965
    [formname] => Обратная связь
)

------------------------

------------------------
22.03.2025 10:24:25
CallbackFormEmailModal
Array
(
    [name] => nefedrogov985783@mail.ru
    [phone] => 87744221492
    [formname] => Обратная связь
)

------------------------

------------------------
22.03.2025 11:06:34
CallbackFormEmailModal
Array
(
    [name] => tremundeslay1981@mail.ru
    [phone] => 86985736835
    [formname] => Обратная связь
)

------------------------

------------------------
22.03.2025 11:43:53
CallbackFormEmailModal
Array
(
    [name] => placnacidown1989@mail.ru
    [phone] => 81744376572
    [formname] => Обратная связь
)

------------------------

------------------------
22.03.2025 11:46:16
CallbackFormEmailModal
Array
(
    [name] => bykovputislav7343@bk.ru
    [phone] => 89424536979
    [formname] => Обратная связь
)

------------------------

------------------------
22.03.2025 12:00:30
CallbackFormEmailModal
Array
(
    [name] => psincurousenlepen@mail.ru
    [phone] => 87149616937
    [formname] => Обратная связь
)

------------------------

------------------------
22.03.2025 12:15:30
CallbackFormEmailModal
Array
(
    [name] => yaroslav.sevastyanov.1988@mail.ru
    [phone] => 86996813511
    [formname] => Обратная связь
)

------------------------

------------------------
22.03.2025 12:35:00
CallbackFormEmailModal
Array
(
    [name] => dorofeyavinogradova199056@mail.ru
    [phone] => 82834144723
    [formname] => Обратная связь
)

------------------------

------------------------
22.03.2025 12:39:00
CallbackFormEmailModal
Array
(
    [name] => zuyev-vadik@bk.ru
    [phone] => 87929595536
    [formname] => Обратная связь
)

------------------------

------------------------
22.03.2025 12:49:17
CallbackFormEmailModal
Array
(
    [name] => seldamu@gismail.online

    [phone] => 82286115376
    [formname] => Обратная связь
)

------------------------

------------------------
22.03.2025 12:52:35
CallbackFormEmailModal
Array
(
    [name] => musaev.misha.1982.3.5@list.ru
    [phone] => 83538581312
    [formname] => Обратная связь
)

------------------------

------------------------
22.03.2025 12:54:45
CallbackFormEmailModal
Array
(
    [name] => subbotinalenara88@mail.ru
    [phone] => 86677216237
    [formname] => Обратная связь
)

------------------------

------------------------
22.03.2025 12:56:32
CallbackFormEmailModal
Array
(
    [name] => pavel.sitdikov.88@mail.ru
    [phone] => 85667639568
    [formname] => Обратная связь
)

------------------------

------------------------
22.03.2025 12:57:49
CallbackFormEmailModal
Array
(
    [name] => stapuntril1990@mail.ru
    [phone] => 89363567394
    [formname] => Обратная связь
)

------------------------

------------------------
22.03.2025 13:26:13
CallbackFormEmailModal
Array
(
    [name] => cckzyrzmg@railugpharow.shop
    [phone] => 84861345437
    [formname] => Обратная связь
)

------------------------

------------------------
22.03.2025 13:34:03
CallbackFormEmailModal
Array
(
    [name] => robertNub@mail.ru
    [phone] => 89848986596
    [formname] => Обратная связь
)

------------------------

------------------------
22.03.2025 14:00:47
CallbackFormEmailModal
Array
(
    [name] => liukmutr@limandomail.com
    [phone] => 88138671669
    [formname] => Обратная связь
)

------------------------

------------------------
22.03.2025 14:23:12
CallbackFormEmailModal
Array
(
    [name] => kostinarogneda97@list.ru
    [phone] => 88411157897
    [formname] => Обратная связь
)

------------------------

------------------------
22.03.2025 15:12:38
CallbackFormEmailModal
Array
(
    [name] => prohor.zlobin.14.11.1987@mail.ru
    [phone] => 82891981529
    [formname] => Обратная связь
)

------------------------

------------------------
22.03.2025 18:03:28
CallbackFormEmailModal
Array
(
    [name] => dianemichaels@msn.com
    [phone] => 86849779756
    [formname] => Обратная связь
)

------------------------

------------------------
22.03.2025 22:17:36
CallbackFormEmailModal
Array
(
    [name] => HunterHak1969@xru.goaglie.com
    [phone] => 89515714974
    [formname] => Обратная связь
)

------------------------

------------------------
22.03.2025 22:32:10
CallbackFormEmailModal
Array
(
    [name] => goldboy1931@gmail.com
    [phone] => 85838193788
    [formname] => Обратная связь
)

------------------------

------------------------
22.03.2025 22:33:03
CallbackFormEmailModal
Array
(
    [name] => info@digital-x-press.com
    [phone] => 85253675856
    [formname] => Обратная связь
)

------------------------
