
------------------------
29.06.2023 7:39:31
CallbackFormEmailModal
Array
(
    [name] => huoyax@course-fitness.com
    [phone] => 81744728439
    [formname] => Обратная связь
)

------------------------

------------------------
29.06.2023 15:39:21
CallbackFormEmailModal
Array
(
    [name] => 2000kzaim@mail.ru
    [phone] => 87569936695
    [formname] => Обратная связь
)

------------------------

------------------------
29.06.2023 18:01:29
CallbackFormEmailModal
Array
(
    [name] => pattyaprild9f9@outlook.com
    [phone] => 87216893144
    [formname] => Обратная связь
)

------------------------
