
------------------------
21.09.2022 0:16:07
CallbackFormEmailModal
Array
(
    [name] => info@vodostok-moscow.ru
    [phone] => +7 (495) 109-3618
    [formname] => Обратная связь
)

------------------------

------------------------
21.09.2022 6:23:38
CallbackEmailModal
Array
(
    [name] => stoomnema@onymail.xyz
    [phone] => 84444787319
    [comment] => Название продуката: Стандартный канал S370 1.5мм
Комменатрий: Ionizing radiation. <a href=http://tamoxifenolvadex.com/>tamoxifen versus raloxifene</a>
    [formname] => Задать вопрос по товару
)

------------------------

------------------------
21.09.2022 13:51:23
CallbackFormEmailModal
Array
(
    [name] => cioliachale197436@rambler.ru
    [phone] => +71231234567
    [formname] => Обратная связь
)

------------------------
