
------------------------
10.09.2021 1:21:31
CallbackFormEmailModal
Array
(
    [name] => nikolay.kalenow@bk.ru
    [phone] => 83435228476
    [formname] => Обратная связь
)

------------------------

------------------------
10.09.2021 2:55:21
CallbackFormEmailModal
Array
(
    [name] => denisandreev1989521a1n+de@list.ru
    [phone] => 83661378515
    [formname] => Обратная связь
)

------------------------

------------------------
10.09.2021 17:06:03
CallbackFormEmailModal
Array
(
    [name] => svidinfo1980@gmail.com
    [phone] => 89377618386
    [formname] => Обратная связь
)

------------------------

------------------------
10.09.2021 19:34:30
CallbackFormEmailModal
Array
(
    [name] => glukhina.1998@mail.ru
    [phone] => 87418934867
    [formname] => Обратная связь
)

------------------------
