
------------------------
12.03.2024 1:32:58
CallbackFormEmailModal
Array
(
    [name] => mitaxebandilis@gmail.com
    [phone] => 83315727745
    [formname] => Обратная связь
)

------------------------

------------------------
12.03.2024 4:08:14
CallbackFormEmailModal
Array
(
    [name] => roman7878rom@mail.ru
    [phone] => 83589789456
    [formname] => Обратная связь
)

------------------------

------------------------
12.03.2024 11:26:40
CallbackFormEmailModal
Array
(
    [name] => lucido.leinteract@gmail.com
    [phone] => 85627752469
    [formname] => Обратная связь
)

------------------------

------------------------
12.03.2024 11:43:35
CallbackFormEmailModal
Array
(
    [name] => a8i45rbx@yourmailz.com
    [phone] => 86457966249
    [formname] => Обратная связь
)

------------------------

------------------------
12.03.2024 14:06:44
CallbackFormEmailModal
Array
(
    [name] => y8k8nrou@webfreemailz.com
    [phone] => 84974882648
    [formname] => Обратная связь
)

------------------------

------------------------
12.03.2024 15:34:20
CallbackFormEmailModal
Array
(
    [name] => senya.ananev.96@mail.ru
    [phone] => 86913168643
    [formname] => Обратная связь
)

------------------------

------------------------
12.03.2024 17:30:35
CallbackFormEmailModal
Array
(
    [name] => r4keta51@yandex.com
    [phone] => 82353428145
    [formname] => Обратная связь
)

------------------------

------------------------
12.03.2024 17:43:03
CallbackFormEmailModal
Array
(
    [name] => miheevakonkordiya93@mail.ru
    [phone] => 83833283333
    [formname] => Обратная связь
)

------------------------

------------------------
12.03.2024 21:13:45
CallbackFormEmailModal
Array
(
    [name] => hildnerronny1788@hotmail.com
    [phone] => 86839349611
    [formname] => Обратная связь
)

------------------------

------------------------
12.03.2024 22:57:26
CallbackFormEmailModal
Array
(
    [name] => dgdgdg545@mops777.fun
    [phone] => 88284276927
    [formname] => Обратная связь
)

------------------------
