
------------------------
03.02.2025 0:05:15
CallbackFormEmailModal
Array
(
    [name] => pxrmebzypel@rudiplomust.com
    [phone] => 86441238558
    [formname] => Обратная связь
)

------------------------

------------------------
03.02.2025 0:26:33
CallbackFormEmailModal
Array
(
    [name] => rnpohedncel@rudiplomust.com
    [phone] => 88412132935
    [formname] => Обратная связь
)

------------------------

------------------------
03.02.2025 0:36:06
CallbackFormEmailModal
Array
(
    [name] => jbmpkvaryel@rudiplomust.com
    [phone] => 84116775348
    [formname] => Обратная связь
)

------------------------

------------------------
03.02.2025 2:29:33
CallbackFormEmailModal
Array
(
    [name] => mamedov.edgar.1992.3.3@inbox.ru
    [phone] => 84867511276
    [formname] => Обратная связь
)

------------------------

------------------------
03.02.2025 3:35:29
CallbackFormEmailModal
Array
(
    [name] => eqaauxmwnka@rudiplomust.com
    [phone] => 82336293594
    [formname] => Обратная связь
)

------------------------

------------------------
03.02.2025 3:35:55
CallbackFormEmailModal
Array
(
    [name] => tctruiuywel@rudiplomust.com
    [phone] => 89115135278
    [formname] => Обратная связь
)

------------------------

------------------------
03.02.2025 3:37:01
CallbackFormEmailModal
Array
(
    [name] => yhnhtkroxel@rudiplomust.com
    [phone] => 86131687356
    [formname] => Обратная связь
)

------------------------

------------------------
03.02.2025 4:07:22
CallbackFormEmailModal
Array
(
    [name] => ibpewbyb@sabesmail.com
    [phone] => 86157448365
    [formname] => Обратная связь
)

------------------------

------------------------
03.02.2025 4:12:26
CallbackFormEmailModal
Array
(
    [name] => castmdsnjel@rudiplomust.com
    [phone] => 87736413682
    [formname] => Обратная связь
)

------------------------

------------------------
03.02.2025 4:12:26
CallbackFormEmailModal
Array
(
    [name] => bbtxcvxskel@rudiplomust.com
    [phone] => 82591993143
    [formname] => Обратная связь
)

------------------------

------------------------
03.02.2025 4:53:50
CallbackFormEmailModal
Array
(
    [name] => exskqxyh@maillv.com
    [phone] => 86915772152
    [formname] => Обратная связь
)

------------------------

------------------------
03.02.2025 5:09:39
CallbackFormEmailModal
Array
(
    [name] => vamywjkkcSi@rudiplomust.com
    [phone] => 85762225267
    [formname] => Обратная связь
)

------------------------

------------------------
03.02.2025 7:26:37
CallbackFormEmailModal
Array
(
    [name] => naamismevk@gazeta.pl
    [phone] => 82818725995
    [formname] => Обратная связь
)

------------------------

------------------------
03.02.2025 7:41:32
CallbackFormEmailModal
Array
(
    [name] => rietraccabun1976@mail.ru
    [phone] => 86962178321
    [formname] => Обратная связь
)

------------------------

------------------------
03.02.2025 7:58:44
CallbackFormEmailModal
Array
(
    [name] => alexde_427@mail.ru
    [phone] => 81644125489
    [formname] => Обратная связь
)

------------------------

------------------------
03.02.2025 8:07:35
CallbackFormEmailModal
Array
(
    [name] => highvinonthyo1986@mail.ru
    [phone] => 82567987611
    [formname] => Обратная связь
)

------------------------

------------------------
03.02.2025 8:10:27
CallbackFormEmailModal
Array
(
    [name] => ldschlies@sbcglobal.net
    [phone] => 84946738544
    [formname] => Обратная связь
)

------------------------

------------------------
03.02.2025 8:40:55
CallbackFormEmailModal
Array
(
    [name] => jimnoikwael@rudiplomust.com
    [phone] => 83992472293
    [formname] => Обратная связь
)

------------------------

------------------------
03.02.2025 8:44:15
CallbackFormEmailModal
Array
(
    [name] => ovnterbefjuden6138@mail.ru
    [phone] => 87779771259
    [formname] => Обратная связь
)

------------------------

------------------------
03.02.2025 8:49:38
CallbackFormEmailModal
Array
(
    [name] => bigendrakoli4335@mail.ru
    [phone] => 83619816331
    [formname] => Обратная связь
)

------------------------

------------------------
03.02.2025 8:51:02
CallbackFormEmailModal
Array
(
    [name] => mitubefhambcomp5336@mail.ru
    [phone] => 84813769991
    [formname] => Обратная связь
)

------------------------

------------------------
03.02.2025 9:19:08
CallbackFormEmailModal
Array
(
    [name] => aysrbvzhbEt@rudiplomust.com
    [phone] => 83144168552
    [formname] => Обратная связь
)

------------------------

------------------------
03.02.2025 9:26:31
CallbackFormEmailModal
Array
(
    [name] => ramiraselezneva19908003@bk.ru
    [phone] => 82217611432
    [formname] => Обратная связь
)

------------------------

------------------------
03.02.2025 10:50:27
CallbackFormEmailModal
Array
(
    [name] => galya.usenko.63@mail.ru
    [phone] => 83374252532
    [formname] => Обратная связь
)

------------------------

------------------------
03.02.2025 10:58:24
CallbackFormEmailModal
Array
(
    [name] => gcvkrqdbjel@rudiplomust.com
    [phone] => 89732813736
    [formname] => Обратная связь
)

------------------------

------------------------
03.02.2025 11:10:07
CallbackFormEmailModal
Array
(
    [name] => yourmail@gmail.com
    [phone] => 89227652542
    [formname] => Обратная связь
)

------------------------

------------------------
03.02.2025 11:23:45
CallbackFormEmailModal
Array
(
    [name] => dfnkvuoxdel@rudiplomust.com
    [phone] => 81466688768
    [formname] => Обратная связь
)

------------------------

------------------------
03.02.2025 11:53:03
CallbackFormEmailModal
Array
(
    [name] => zuyev-vadik@bk.ru
    [phone] => 86119887531
    [formname] => Обратная связь
)

------------------------

------------------------
03.02.2025 12:54:44
CallbackFormEmailModal
Array
(
    [name] => michaelLycle@mail.ru
    [phone] => 83251416489
    [formname] => Обратная связь
)

------------------------

------------------------
03.02.2025 13:18:48
CallbackFormEmailModal
Array
(
    [name] => kozlovvarlen19782037@mail.ru
    [phone] => 82116479493
    [formname] => Обратная связь
)

------------------------

------------------------
03.02.2025 13:52:39
CallbackFormEmailModal
Array
(
    [name] => basimjishi@yahoo.com
    [phone] => 83279937652
    [formname] => Обратная связь
)

------------------------

------------------------
03.02.2025 14:29:06
CallbackFormEmailModal
Array
(
    [name] => eprovbelwha@mail.ru
    [phone] => 81729721645
    [formname] => Обратная связь
)

------------------------

------------------------
03.02.2025 14:36:50
CallbackFormEmailModal
Array
(
    [name] => deacren@mail.ru
    [phone] => 89281927612
    [formname] => Обратная связь
)

------------------------

------------------------
03.02.2025 14:38:10
CallbackFormEmailModal
Array
(
    [name] => info@speed-seo.net
    [phone] => 88219596815
    [formname] => Обратная связь
)

------------------------

------------------------
03.02.2025 14:54:12
CallbackFormEmailModal
Array
(
    [name] => erangifest1980@mail.ru
    [phone] => 84991349224
    [formname] => Обратная связь
)

------------------------

------------------------
03.02.2025 15:04:42
CallbackFormEmailModal
Array
(
    [name] => dorofeyavinogradova199056@mail.ru
    [phone] => 84289718958
    [formname] => Обратная связь
)

------------------------

------------------------
03.02.2025 15:22:22
CallbackFormEmailModal
Array
(
    [name] => sheveleva-alisa@bk.ru
    [phone] => 87866363666
    [formname] => Обратная связь
)

------------------------

------------------------
03.02.2025 15:32:35
CallbackFormEmailModal
Array
(
    [name] => karina_platonova_31068@mail.ru
    [phone] => 86139998361
    [formname] => Обратная связь
)

------------------------

------------------------
03.02.2025 15:32:52
CallbackFormEmailModal
Array
(
    [name] => qjpszinlfel@rudiplomust.com
    [phone] => 86624744351
    [formname] => Обратная связь
)

------------------------

------------------------
03.02.2025 15:35:20
CallbackFormEmailModal
Array
(
    [name] => halcheni1990@mail.ru
    [phone] => 86516192384
    [formname] => Обратная связь
)

------------------------

------------------------
03.02.2025 16:38:08
CallbackFormEmailModal
Array
(
    [name] => woodbpurne1983@mail.ru
    [phone] => 81691935718
    [formname] => Обратная связь
)

------------------------

------------------------
03.02.2025 16:40:38
CallbackFormEmailModal
Array
(
    [name] => davidmib@mail.ru
    [phone] => 89169193397
    [formname] => Обратная связь
)

------------------------

------------------------
03.02.2025 16:42:15
CallbackFormEmailModal
Array
(
    [name] => gunlekingovertcon@mail.ru
    [phone] => 81269324357
    [formname] => Обратная связь
)

------------------------

------------------------
03.02.2025 16:55:32
CallbackFormEmailModal
Array
(
    [name] => musaev.misha.1982.3.5@list.ru
    [phone] => 89215753816
    [formname] => Обратная связь
)

------------------------

------------------------
03.02.2025 16:56:29
CallbackFormEmailModal
Array
(
    [name] => ropolkingta@mail.ru
    [phone] => 82369614112
    [formname] => Обратная связь
)

------------------------

------------------------
03.02.2025 18:36:47
CallbackFormEmailModal
Array
(
    [name] => xnjmmpcbzel@rudiplomust.com
    [phone] => 88829498718
    [formname] => Обратная связь
)

------------------------

------------------------
03.02.2025 19:10:06
CallbackFormEmailModal
Array
(
    [name] => nwizyvqpfel@rudiplomust.com
    [phone] => 83527736597
    [formname] => Обратная связь
)

------------------------

------------------------
03.02.2025 19:46:04
CallbackFormEmailModal
Array
(
    [name] => abacusmarketsss@outlook.com
    [phone] => 82563873813
    [formname] => Обратная связь
)

------------------------

------------------------
03.02.2025 19:51:25
CallbackFormEmailModal
Array
(
    [name] => textliburlitt1983@mail.ru
    [phone] => 81261564675
    [formname] => Обратная связь
)

------------------------

------------------------
03.02.2025 19:59:13
CallbackFormEmailModal
Array
(
    [name] => fhczggpueKn@rudiplomust.com
    [phone] => 83483544913
    [formname] => Обратная связь
)

------------------------

------------------------
03.02.2025 20:24:52
CallbackFormEmailModal
Array
(
    [name] => rerkgeemong98@mail.ru
    [phone] => 86351843276
    [formname] => Обратная связь
)

------------------------

------------------------
03.02.2025 21:00:38
CallbackFormEmailModal
Array
(
    [name] => arturgorz2o3@bk.ru
    [phone] => 82888532389
    [formname] => Обратная связь
)

------------------------
