
------------------------
01.08.2024 0:28:11
CallbackFormEmailModal
Array
(
    [name] => jankinsalex3@gmail.com
    [phone] => 84899396258
    [formname] => Обратная связь
)

------------------------

------------------------
01.08.2024 2:02:46
CallbackFormEmailModal
Array
(
    [name] => rabochie-sp23b@gmail.com
    [phone] => 89868237643
    [formname] => Обратная связь
)

------------------------

------------------------
01.08.2024 6:00:20
CallbackFormEmailModal
Array
(
    [name] => alexeynovikovfarmil@gmail.com
    [phone] => 83963646828
    [formname] => Обратная связь
)

------------------------

------------------------
01.08.2024 8:30:14
CallbackFormEmailModal
Array
(
    [name] => u.i.r.j.h.fg.e.e.l.d.d.d.j.h@mail.ru
    [phone] => 82684425766
    [formname] => Обратная связь
)

------------------------

------------------------
01.08.2024 9:33:02
CallbackFormEmailModal
Array
(
    [name] => andreysimonov146@gmail.com
    [phone] => 88616468986
    [formname] => Обратная связь
)

------------------------

------------------------
01.08.2024 10:13:55
CallbackFormEmailModal
Array
(
    [name] => Margart Upshaw
    [phone] => United States
    [formname] => Обратная связь
)

------------------------

------------------------
01.08.2024 18:11:35
CallbackFormEmailModal
Array
(
    [name] => u.r.e.v.i.c75.0@gmail.com
    [phone] => 82956498623
    [formname] => Обратная связь
)

------------------------

------------------------
01.08.2024 18:49:42
CallbackFormEmailModal
Array
(
    [name] => jixhypwmqPi@rudiplomust.com
    [phone] => 84899528153
    [formname] => Обратная связь
)

------------------------

------------------------
01.08.2024 19:22:37
CallbackFormEmailModal
Array
(
    [name] => johnthan.desuza@eunews24x7.com
    [phone] => 89835557938
    [formname] => Обратная связь
)

------------------------

------------------------
01.08.2024 21:37:39
CallbackFormEmailModal
Array
(
    [name] => trenton60alcazar6zs@hotmail.com
    [phone] => 88466341842
    [formname] => Обратная связь
)

------------------------
