
------------------------
02.12.2023 0:42:34
CallbackFormEmailModal
Array
(
    [name] => pporascron1991@mail.ru
    [phone] => 86153995494
    [formname] => Обратная связь
)

------------------------

------------------------
02.12.2023 0:50:24
CallbackFormEmailModal
Array
(
    [name] => musaev.misha.1982.3.5@list.ru
    [phone] => 88222315765
    [formname] => Обратная связь
)

------------------------

------------------------
02.12.2023 0:52:18
CallbackFormEmailModal
Array
(
    [name] => mitubefhambcomp5336@mail.ru
    [phone] => 85917745929
    [formname] => Обратная связь
)

------------------------

------------------------
02.12.2023 0:54:03
CallbackFormEmailModal
Array
(
    [name] => naelbarad@mail.ru
    [phone] => 88611873847
    [formname] => Обратная связь
)

------------------------

------------------------
02.12.2023 0:54:39
CallbackFormEmailModal
Array
(
    [name] => geboxchestza@bk.ru
    [phone] => 85349274726
    [formname] => Обратная связь
)

------------------------

------------------------
02.12.2023 0:56:09
CallbackFormEmailModal
Array
(
    [name] => osipova.liliia.1986.22.12@inbox.ru
    [phone] => 83857784479
    [formname] => Обратная связь
)

------------------------

------------------------
02.12.2023 1:00:11
CallbackFormEmailModal
Array
(
    [name] => garlina1990@mail.ru
    [phone] => 86328467445
    [formname] => Обратная связь
)

------------------------

------------------------
02.12.2023 1:00:16
CallbackFormEmailModal
Array
(
    [name] => juncpecni1980@mail.ru
    [phone] => 89229674242
    [formname] => Обратная связь
)

------------------------

------------------------
02.12.2023 1:07:44
CallbackFormEmailModal
Array
(
    [name] => crabkilldist1986@mail.ru
    [phone] => 83327713989
    [formname] => Обратная связь
)

------------------------

------------------------
02.12.2023 1:08:00
CallbackFormEmailModal
Array
(
    [name] => eepovda@bk.ru
    [phone] => 82126658931
    [formname] => Обратная связь
)

------------------------

------------------------
02.12.2023 1:08:38
CallbackFormEmailModal
Array
(
    [name] => deacren@mail.ru
    [phone] => 86863248119
    [formname] => Обратная связь
)

------------------------

------------------------
02.12.2023 1:09:58
CallbackFormEmailModal
Array
(
    [name] => luomor@mail.ru
    [phone] => 87235641682
    [formname] => Обратная связь
)

------------------------

------------------------
02.12.2023 1:10:33
CallbackFormEmailModal
Array
(
    [name] => balashova.anna.1989.20.9@list.ru
    [phone] => 87523849119
    [formname] => Обратная связь
)

------------------------

------------------------
02.12.2023 1:11:37
CallbackFormEmailModal
Array
(
    [name] => pavel.sitdikov.88@mail.ru
    [phone] => 83254842246
    [formname] => Обратная связь
)

------------------------

------------------------
02.12.2023 1:14:07
CallbackFormEmailModal
Array
(
    [name] => woodbpurne1983@mail.ru
    [phone] => 88366483574
    [formname] => Обратная связь
)

------------------------

------------------------
02.12.2023 1:18:54
CallbackFormEmailModal
Array
(
    [name] => nisnyltwal1981@mail.ru
    [phone] => 84357595386
    [formname] => Обратная связь
)

------------------------

------------------------
02.12.2023 2:20:15
CallbackFormEmailModal
Array
(
    [name] => f4deevandr@yandex.ru
    [phone] => 89289527429
    [formname] => Обратная связь
)

------------------------

------------------------
02.12.2023 2:31:56
CallbackFormEmailModal
Array
(
    [name] => mail@mail.ru
    [phone] => 84111429583
    [formname] => Обратная связь
)

------------------------

------------------------
02.12.2023 5:09:51
CallbackFormEmailModal
Array
(
    [name] => ilaiioqkz@gordpizza.ru
    [phone] => 82513421765
    [formname] => Обратная связь
)

------------------------

------------------------
02.12.2023 6:27:16
CallbackFormEmailModal
Array
(
    [name] => usodnffir@exzilla.ru
    [phone] => 89455946294
    [formname] => Обратная связь
)

------------------------

------------------------
02.12.2023 9:07:40
CallbackFormEmailModal
Array
(
    [name] => anatoliy.arkhipov1976@gmail.com
    [phone] => 85127686478
    [formname] => Обратная связь
)

------------------------

------------------------
02.12.2023 14:12:18
CallbackFormEmailModal
Array
(
    [name] => serggor2023@yandex.ru
    [phone] => 87496244912
    [formname] => Обратная связь
)

------------------------

------------------------
02.12.2023 14:44:17
CallbackFormEmailModal
Array
(
    [name] => bracelets_almaty@outlook.com
    [phone] => 89763481274
    [formname] => Обратная связь
)

------------------------

------------------------
02.12.2023 17:05:24
CallbackFormEmailModal
Array
(
    [name] => callvisvetlana@list.ru
    [phone] => 87377913881
    [formname] => Обратная связь
)

------------------------

------------------------
02.12.2023 18:00:25
CallbackFormEmailModal
Array
(
    [name] => wcwlynxjv@guyclearsecso.online
    [phone] => 81626163457
    [formname] => Обратная связь
)

------------------------

------------------------
02.12.2023 20:00:23
CallbackFormEmailModal
Array
(
    [name] => phtqcuhxaet@superstomatologpro.ru
    [phone] => 89734232735
    [formname] => Обратная связь
)

------------------------

------------------------
02.12.2023 22:24:59
CallbackFormEmailModal
Array
(
    [name] => nisakascha@mail.ru
    [phone] => 89266558421
    [formname] => Обратная связь
)

------------------------

------------------------
02.12.2023 22:25:01
CallbackFormEmailModal
Array
(
    [name] => kaapkaksih@mail.ru
    [phone] => 87746375428
    [formname] => Обратная связь
)

------------------------

------------------------
02.12.2023 23:02:17
CallbackFormEmailModal
Array
(
    [name] => pavlik.timofeev.2023@bk.ru
    [phone] => 85625622318
    [formname] => Обратная связь
)

------------------------

------------------------
02.12.2023 23:23:51
CallbackFormEmailModal
Array
(
    [name] => luomor@mail.ru
    [phone] => 85724562575
    [formname] => Обратная связь
)

------------------------
