
------------------------
12.09.2025 0:14:57
CallbackFormEmailModal
Array
(
    [name] => bokisuq541@gmail.com
    [phone] => 86625611195
    [formname] => Обратная связь
)

------------------------

------------------------
12.09.2025 1:13:21
CallbackFormEmailModal
Array
(
    [name] => k74437795@gmail.com
    [phone] => 88637447763
    [formname] => Обратная связь
)

------------------------

------------------------
12.09.2025 6:59:18
CallbackFormEmailModal
Array
(
    [name] => 1234hgfh353dfnlgjdsd@gmail.com
    [phone] => 86345391457
    [formname] => Обратная связь
)

------------------------

------------------------
12.09.2025 6:59:41
CallbackFormEmailModal
Array
(
    [name] => natalisv@gmail.com
    [phone] => 85453286986
    [formname] => Обратная связь
)

------------------------

------------------------
12.09.2025 7:03:47
CallbackFormEmailModal
Array
(
    [name] => yyuuf45fail@gmail.com
    [phone] => 83411438842
    [formname] => Обратная связь
)

------------------------

------------------------
12.09.2025 7:28:36
CallbackFormEmailModal
Array
(
    [name] => sergowor.kin.g7.1.8@gmail.com
    [phone] => 84377843971
    [formname] => Обратная связь
)

------------------------

------------------------
12.09.2025 16:14:27
CallbackFormEmailModal
Array
(
    [name] => wood.ford.jame.so.n4.@gmail.com
    [phone] => 86424119136
    [formname] => Обратная связь
)

------------------------

------------------------
12.09.2025 17:35:09
CallbackFormEmailModal
Array
(
    [name] => vincenttaits@mail.ru
    [phone] => 82721183424
    [formname] => Обратная связь
)

------------------------

------------------------
12.09.2025 18:06:41
CallbackFormEmailModal
Array
(
    [name] => suvercongclif@gismail.online

    [phone] => 85118699391
    [formname] => Обратная связь
)

------------------------

------------------------
12.09.2025 18:38:50
CallbackFormEmailModal
Array
(
    [name] => egorbmxik@mail.ru
    [phone] => 85979147825
    [formname] => Обратная связь
)

------------------------

------------------------
12.09.2025 18:39:07
CallbackFormEmailModal
Array
(
    [name] => secberconla1986@mail.ru
    [phone] => 82744483173
    [formname] => Обратная связь
)

------------------------

------------------------
12.09.2025 18:43:00
CallbackFormEmailModal
Array
(
    [name] => aleksandrhasuchu@mail.ru
    [phone] => 83674581866
    [formname] => Обратная связь
)

------------------------

------------------------
12.09.2025 19:09:57
CallbackFormEmailModal
Array
(
    [name] => serezhamobisa@mail.ru
    [phone] => 88963384986
    [formname] => Обратная связь
)

------------------------

------------------------
12.09.2025 19:18:19
CallbackFormEmailModal
Array
(
    [name] => yulya.onipchenko.88@mail.ru
    [phone] => 89146972136
    [formname] => Обратная связь
)

------------------------

------------------------
12.09.2025 19:32:36
CallbackFormEmailModal
Array
(
    [name] => taelivihohtoca@mail.ru
    [phone] => 82699424227
    [formname] => Обратная связь
)

------------------------

------------------------
12.09.2025 19:35:22
CallbackFormEmailModal
Array
(
    [name] => vitya-kondratev-1969@inbox.ru
    [phone] => 81591854744
    [formname] => Обратная связь
)

------------------------

------------------------
12.09.2025 20:52:03
CallbackFormEmailModal
Array
(
    [name] => xunalajiwo42@gmail.com
    [phone] => 86857372233
    [formname] => Обратная связь
)

------------------------
