
------------------------
13.03.2023 0:09:58
CallbackFormEmailModal
Array
(
    [name] => info@zarinaglass.ru
    [phone] => 87511625755
    [formname] => Обратная связь
)

------------------------

------------------------
13.03.2023 1:49:56
CallbackFormEmailModal
Array
(
    [name] => zpqesgxyngr@mail.ru
    [phone] => +791234567115
    [formname] => Обратная связь
)

------------------------

------------------------
13.03.2023 3:49:55
CallbackFormEmailModal
Array
(
    [name] => yourmail@gmail.com
    [phone] => 88861566721
    [formname] => Обратная связь
)

------------------------

------------------------
13.03.2023 11:16:03
CallbackFormEmailModal
Array
(
    [name] => k.k.a.shh.urr.ley@gmail.com
    [phone] => 84172382585
    [formname] => Обратная связь
)

------------------------

------------------------
13.03.2023 14:22:13
CallbackFormEmailModal
Array
(
    [name] => k.kashhu.rrl.ey@gmail.com
    [phone] => 86379483883
    [formname] => Обратная связь
)

------------------------

------------------------
13.03.2023 14:22:13
CallbackFormEmailModal
Array
(
    [name] => kk.a.s.hhur.rle.y@gmail.com
    [phone] => 88868973914
    [formname] => Обратная связь
)

------------------------

------------------------
13.03.2023 15:42:08
CallbackFormEmailModal
Array
(
    [name] => kkashh.u.rr.ley@gmail.com
    [phone] => 85953542972
    [formname] => Обратная связь
)

------------------------

------------------------
13.03.2023 15:46:04
CallbackFormEmailModal
Array
(
    [name] => na.paleve@hotmail.com
    [phone] => 89974675324
    [formname] => Обратная связь
)

------------------------

------------------------
13.03.2023 18:59:52
CallbackFormEmailModal
Array
(
    [name] => valid.klyuev@yandex.kz
    [phone] => 87815974644
    [formname] => Обратная связь
)

------------------------
