
------------------------
22.10.2022 3:30:10
CallbackEmailModal
Array
(
    [name] => velpspews@onymail.xyz
    [phone] => 86617811683
    [comment] => Название продуката: Прессованный  настил P 33х33/30х2 Zn 1000х1000 мм
Комменатрий: <a href=http://bestcialis20mg.com/>buy viagra and cialis online</a> Jimmy wqScDBSFbCMs 5 20 2022
    [formname] => Задать вопрос по товару
)

------------------------

------------------------
22.10.2022 3:41:31
CallbackFormEmailModal
Array
(
    [name] => Orierty@topnewmail.xyz
    [phone] => 89147523118
    [formname] => Обратная связь
)

------------------------

------------------------
22.10.2022 11:26:57
CallbackFormEmailModal
Array
(
    [name] => no-replysuinuts@gmail.com
    [phone] => 87472581939
    [formname] => Обратная связь
)

------------------------
