
------------------------
10.10.2023 9:32:28
Order
Array
(
    [name] => Сергей Владимирович Миронов
    [email] => miron_svm1710@mail.ru
    [phone] => +7-978-724-8594
    [comment] => Лестничная ступень SР 34х38/30х2 Zn 800х240 мм, кол-во: 1, цена: 1480руб.
Способ доставки: Доставка автотранспортом поставщика
Выберите способ оплаты: Оплата на расчетный счет организации
Адрес доставки: 299058, г Севастополь, ул. Адмирала Юмашева, д. 25, кв. 90

Комментарий к заказу: 

    [formname] => Заказ из корзины
    [fields] => Array
        (
            [price] => 8880
        )

)

------------------------

------------------------
10.10.2023 9:34:29
CallbackFormModal
Array
(
    [name] => Владимир
    [phone] => +7(985)362-08-38
    [formname] => Заказать звонок
)

------------------------

------------------------
10.10.2023 10:49:43
CallbackFormEmailModal
Array
(
    [name] => a.31ns.j6fuwe3r.w.e6r.9jf.1.4.u4ns.j.2f1.7n.s.r.5jf1.4j3f.4@pamyatnic.su
    [phone] => 88564525151
    [formname] => Обратная связь
)

------------------------

------------------------
10.10.2023 21:46:52
CallbackFormEmailModal
Array
(
    [name] => m.e.rte.rse.l2.02.3.2.023@gmail.com
    [phone] => 82841134455
    [formname] => Обратная связь
)

------------------------
