
------------------------
02.09.2022 1:45:48
CallbackFormEmailModal
Array
(
    [name] => nik.ide.r.om.@gmail.com
    [phone] => 83375451453
    [formname] => Обратная связь
)

------------------------

------------------------
02.09.2022 4:31:43
CallbackFormEmailModal
Array
(
    [name] => likax9yev@mail.ru
    [phone] => 765654654
    [formname] => Обратная связь
)

------------------------

------------------------
02.09.2022 8:17:23
CallbackFormEmailModal
Array
(
    [name] => da.ni.l.be.lo.vtop.dot.a.r.a.nk.@gmail.com
    [phone] => 81356982154
    [formname] => Обратная связь
)

------------------------

------------------------
02.09.2022 13:14:44
CallbackFormEmailModal
Array
(
    [name] => n.iki.d.e.r.om@gmail.com
    [phone] => 82695881339
    [formname] => Обратная связь
)

------------------------
