
------------------------
17.07.2023 2:13:51
CallbackFormEmailModal
Array
(
    [name] => spbetcas732@gmail.com
    [phone] => 83278699418
    [formname] => Обратная связь
)

------------------------

------------------------
17.07.2023 2:26:09
CallbackFormEmailModal
Array
(
    [name] => 79254028330@bk.ru
    [phone] => 79254028330
    [formname] => Обратная связь
)

------------------------

------------------------
17.07.2023 4:40:53
CallbackFormEmailModal
Array
(
    [name] => vqjhobrt@mail.ru
    [phone] => +791234567624
    [formname] => Обратная связь
)

------------------------

------------------------
17.07.2023 6:24:37
CallbackFormEmailModal
Array
(
    [name] => 5000kzaim@mail.ru
    [phone] => 87441559818
    [formname] => Обратная связь
)

------------------------

------------------------
17.07.2023 8:44:37
CallbackFormEmailModal
Array
(
    [name] => mikegikibe@gmail.com
    [phone] => 83279375488
    [formname] => Обратная связь
)

------------------------

------------------------
17.07.2023 10:58:26
CallbackFormEmailModal
Array
(
    [name] => h7xqm@course-fitness.com
    [phone] => 83145792237
    [formname] => Обратная связь
)

------------------------

------------------------
17.07.2023 11:50:52
CallbackFormEmailModal
Array
(
    [name] => uazepeayopt@tolink.pw
    [phone] => 89488161689
    [formname] => Обратная связь
)

------------------------

------------------------
17.07.2023 11:59:07
CallbackFormEmailModal
Array
(
    [name] => 6yy7inyateswlpa@rambler.ru
    [phone] => 83963689885
    [formname] => Обратная связь
)

------------------------

------------------------
17.07.2023 15:58:06
CallbackFormEmailModal
Array
(
    [name] => alexpopov716253@gmail.com
    [phone] => 84297237814
    [formname] => Обратная связь
)

------------------------

------------------------
17.07.2023 17:54:10
CallbackFormEmailModal
Array
(
    [name] => pmt9dzdbv2o92h6@rambler.ru
    [phone] => 86918389155
    [formname] => Обратная связь
)

------------------------

------------------------
17.07.2023 20:59:00
CallbackFormEmailModal
Array
(
    [name] => jf60@tfc19.infospace.fun
    [phone] => 83641949521
    [formname] => Обратная связь
)

------------------------

------------------------
17.07.2023 23:27:20
CallbackFormEmailModal
Array
(
    [name] => ckovwgfonf5zjne@rambler.ru
    [phone] => 89312161222
    [formname] => Обратная связь
)

------------------------
