
------------------------
17.05.2025 0:21:53
CallbackFormEmailModal
Array
(
    [name] => yandexmarket@anonmails.de
    [phone] => 84594282169
    [formname] => Обратная связь
)

------------------------

------------------------
17.05.2025 1:25:03
CallbackFormEmailModal
Array
(
    [name] => qzgbxgcw@fumesmail.com
    [phone] => 86816479969
    [formname] => Обратная связь
)

------------------------

------------------------
17.05.2025 5:54:33
CallbackFormEmailModal
Array
(
    [name] => skaevldn@ronaldofmail.com
    [phone] => 83111655479
    [formname] => Обратная связь
)

------------------------

------------------------
17.05.2025 6:09:06
CallbackFormEmailModal
Array
(
    [name] => hippopotamus1912@gmail.com
    [phone] => 81712875786
    [formname] => Обратная связь
)

------------------------

------------------------
17.05.2025 8:23:29
CallbackFormEmailModal
Array
(
    [name] => bbestmebelkrim@gmail.com
    [phone] => 89493584726
    [formname] => Обратная связь
)

------------------------

------------------------
17.05.2025 8:54:50
CallbackFormEmailModal
Array
(
    [name] => ilnanmode1973@mail.ru
    [phone] => 89168271498
    [formname] => Обратная связь
)

------------------------

------------------------
17.05.2025 9:07:00
CallbackEmailModal
Array
(
    [name] => Deliems@mailsphere.xyz
    [phone] => 87474855522
    [comment] => Название продуката: Прессованный  настил P 33х33/30х3 Zn 1000х1000 мм
Комменатрий: <a href=https://fastpriligy.top/>priligy medication</a> A Framework for Personalized Risk Assessment and Counseling View all notes
    [formname] => Задать вопрос по товару
)

------------------------

------------------------
17.05.2025 9:20:30
CallbackFormEmailModal
Array
(
    [name] => inna.kortneva.69@mail.ru
    [phone] => 85969134683
    [formname] => Обратная связь
)

------------------------

------------------------
17.05.2025 9:33:49
CallbackFormEmailModal
Array
(
    [name] => amabil.6002@mail.ru
    [phone] => 82215269793
    [formname] => Обратная связь
)

------------------------

------------------------
17.05.2025 9:39:10
CallbackFormEmailModal
Array
(
    [name] => secberconla1986@mail.ru
    [phone] => 84336158711
    [formname] => Обратная связь
)

------------------------

------------------------
17.05.2025 9:59:55
CallbackFormEmailModal
Array
(
    [name] => anya.genger@mail.ru
    [phone] => 83698226834
    [formname] => Обратная связь
)

------------------------

------------------------
17.05.2025 10:26:08
CallbackFormEmailModal
Array
(
    [name] => juncpecni1980@mail.ru
    [phone] => 88241253553
    [formname] => Обратная связь
)

------------------------

------------------------
17.05.2025 10:26:14
CallbackFormEmailModal
Array
(
    [name] => Envicebive@outlook.com
    [phone] => 86315752219
    [formname] => Обратная связь
)

------------------------

------------------------
17.05.2025 11:08:18
CallbackFormEmailModal
Array
(
    [name] => zuyev-vadik@bk.ru
    [phone] => 82162236187
    [formname] => Обратная связь
)

------------------------

------------------------
17.05.2025 11:32:04
CallbackFormEmailModal
Array
(
    [name] => fszfmcyx@ronaldofmail.com
    [phone] => 84476426481
    [formname] => Обратная связь
)

------------------------

------------------------
17.05.2025 14:18:11
CallbackFormEmailModal
Array
(
    [name] => zmzolqrd@tubermail.com
    [phone] => 85738275762
    [formname] => Обратная связь
)

------------------------

------------------------
17.05.2025 16:57:53
CallbackFormEmailModal
Array
(
    [name] => myqiwkcy@wildbmail.com
    [phone] => 84493123444
    [formname] => Обратная связь
)

------------------------

------------------------
17.05.2025 19:07:58
CallbackFormEmailModal
Array
(
    [name] => info@digital-x-press.com
    [phone] => 89649823524
    [formname] => Обратная связь
)

------------------------

------------------------
17.05.2025 21:58:47
CallbackFormEmailModal
Array
(
    [name] => Eric Jones
    [phone] => US
    [formname] => Обратная связь
)

------------------------

------------------------
17.05.2025 23:49:44
CallbackFormEmailModal
Array
(
    [name] => xrumer23Kip@gmail.com
    [phone] => 88254419166
    [formname] => Обратная связь
)

------------------------
