
------------------------
20.06.2023 2:07:08
CallbackFormEmailModal
Array
(
    [name] => 879510432625@bk.ru
    [phone] => 79510432625
    [formname] => Обратная связь
)

------------------------

------------------------
20.06.2023 4:30:48
CallbackFormEmailModal
Array
(
    [name] => volchokflor@outlook.com
    [phone] => 85994722781
    [formname] => Обратная связь
)

------------------------

------------------------
20.06.2023 6:57:08
CallbackFormEmailModal
Array
(
    [name] => vqjhobrt@mail.ru
    [phone] => +791234567170
    [formname] => Обратная связь
)

------------------------

------------------------
20.06.2023 7:28:48
CallbackFormEmailModal
Array
(
    [name] => kazinolain@gmail.com
    [phone] => 81192269625
    [formname] => Обратная связь
)

------------------------

------------------------
20.06.2023 8:42:24
CallbackFormEmailModal
Array
(
    [name] => es60@incy59.excitemail.fun
    [phone] => 83523918227
    [formname] => Обратная связь
)

------------------------

------------------------
20.06.2023 18:21:05
CallbackFormEmailModal
Array
(
    [name] => jimmynews24org@gmail.com
    [phone] => 81683771177
    [formname] => Обратная связь
)

------------------------

------------------------
20.06.2023 18:34:48
CallbackFormEmailModal
Array
(
    [name] => shopmarketplus@gmail.com
    [phone] => 87527934512
    [formname] => Обратная связь
)

------------------------

------------------------
20.06.2023 20:12:28
CallbackFormEmailModal
Array
(
    [name] => pghdk@course-fitness.com
    [phone] => 81283647969
    [formname] => Обратная связь
)

------------------------
