
------------------------
05.11.2024 1:43:11
CallbackFormEmailModal
Array
(
    [name] => bijefound@gismail.online

    [phone] => 84166255276
    [formname] => Обратная связь
)

------------------------

------------------------
05.11.2024 5:38:51
CallbackFormEmailModal
Array
(
    [name] => semendimon1998@gmail.com
    [phone] => 82464689299
    [formname] => Обратная связь
)

------------------------

------------------------
05.11.2024 8:36:43
CallbackFormEmailModal
Array
(
    [name] => esfgczjmyqeimg1965@onet.pl
    [phone] => 81551967336
    [formname] => Обратная связь
)

------------------------

------------------------
05.11.2024 10:34:36
CallbackFormEmailModal
Array
(
    [name] => xrumer23Kip@gmail.com
    [phone] => 82863527166
    [formname] => Обратная связь
)

------------------------

------------------------
05.11.2024 10:36:34
CallbackFormEmailModal
Array
(
    [name] => tacusol-6816@mail.ru
    [phone] => 88887418567
    [formname] => Обратная связь
)

------------------------

------------------------
05.11.2024 10:36:46
CallbackFormEmailModal
Array
(
    [name] => duqotayowud23@gmail.com
    [phone] => 87827974815
    [formname] => Обратная связь
)

------------------------

------------------------
05.11.2024 11:10:19
CallbackFormEmailModal
Array
(
    [name] => halcheni1990@mail.ru
    [phone] => 84644563788
    [formname] => Обратная связь
)

------------------------

------------------------
05.11.2024 11:10:19
CallbackFormEmailModal
Array
(
    [name] => tacusol-6816@mail.ru
    [phone] => 89962918126
    [formname] => Обратная связь
)

------------------------

------------------------
05.11.2024 13:14:16
CallbackFormEmailModal
Array
(
    [name] => xrumer23Kip@gmail.com
    [phone] => 89574141929
    [formname] => Обратная связь
)

------------------------

------------------------
05.11.2024 15:08:16
CallbackFormEmailModal
Array
(
    [name] => werso067iu@rambler.ru
    [phone] => 88732335851
    [formname] => Обратная связь
)

------------------------
