
------------------------
16.12.2023 3:19:27
CallbackFormEmailModal
Array
(
    [name] => lucido.leinteract@gmail.com
    [phone] => 87145989224
    [formname] => Обратная связь
)

------------------------

------------------------
16.12.2023 4:50:33
CallbackFormEmailModal
Array
(
    [name] => ovgqnjlhc@gordpizza.ru
    [phone] => 82379736373
    [formname] => Обратная связь
)

------------------------

------------------------
16.12.2023 5:42:10
CallbackFormEmailModal
Array
(
    [name] => nawellage198449@rambler.ru
    [phone] => +71231234567
    [formname] => Обратная связь
)

------------------------

------------------------
16.12.2023 6:40:39
CallbackFormEmailModal
Array
(
    [name] => dfdffddfd@gmail.com
    [phone] => 81121697147
    [formname] => Обратная связь
)

------------------------

------------------------
16.12.2023 7:46:53
CallbackFormEmailModal
Array
(
    [name] => dtllbnyq@rambler.ru
    [phone] => 81313723479
    [formname] => Обратная связь
)

------------------------

------------------------
16.12.2023 7:50:48
CallbackFormEmailModal
Array
(
    [name] => spbetcas849@gmail.com
    [phone] => 81621579582
    [formname] => Обратная связь
)

------------------------

------------------------
16.12.2023 10:50:26
CallbackFormEmailModal
Array
(
    [name] => james91robinson87as@rambler.ru
    [phone] => 87687779318
    [formname] => Обратная связь
)

------------------------

------------------------
16.12.2023 13:33:31
CallbackFormEmailModal
Array
(
    [name] => chatty4@mailth.site
    [phone] => 83434554218
    [formname] => Обратная связь
)

------------------------

------------------------
16.12.2023 13:58:28
CallbackFormEmailModal
Array
(
    [name] => remo4@mailth.site
    [phone] => 85333393795
    [formname] => Обратная связь
)

------------------------

------------------------
16.12.2023 15:58:02
CallbackFormEmailModal
Array
(
    [name] => drohrvtnsEa@bobbor.store
    [phone] => 81672564361
    [formname] => Обратная связь
)

------------------------

------------------------
16.12.2023 16:36:37
CallbackFormEmailModal
Array
(
    [name] => casinomaniya0@gmail.com
    [phone] => 88261578137
    [formname] => Обратная связь
)

------------------------

------------------------
16.12.2023 17:39:17
CallbackFormEmailModal
Array
(
    [name] => energo200@internet.ru
    [phone] => 84841541827
    [formname] => Обратная связь
)

------------------------

------------------------
16.12.2023 19:08:29
CallbackFormEmailModal
Array
(
    [name] => info@seosky.su
    [phone] => 89213334455
    [formname] => Обратная связь
)

------------------------

------------------------
16.12.2023 22:28:46
CallbackFormEmailModal
Array
(
    [name] => salonki.mordeka@interia.pl
    [phone] => 84718546823
    [formname] => Обратная связь
)

------------------------
