
------------------------
15.09.2023 1:36:05
CallbackFormEmailModal
Array
(
    [name] => clznsnlmqEa@bobbor.store
    [phone] => 86436185124
    [formname] => Обратная связь
)

------------------------

------------------------
15.09.2023 7:49:49
CallbackFormEmailModal
Array
(
    [name] => lerunya-danelyuk@yandex.ru
    [phone] => 82192235217
    [formname] => Обратная связь
)

------------------------

------------------------
15.09.2023 9:37:50
CallbackFormEmailModal
Array
(
    [name] => vqjhobrt@mail.ru
    [phone] => +791234567932
    [formname] => Обратная связь
)

------------------------

------------------------
15.09.2023 14:44:53
CallbackFormEmailModal
Array
(
    [name] => igor78@mailside.site
    [phone] => 89381772283
    [formname] => Обратная связь
)

------------------------

------------------------
15.09.2023 14:58:50
CallbackFormEmailModal
Array
(
    [name] => daniil.sitecompany@yandex.ru
    [phone] => +71231234567
    [formname] => Обратная связь
)

------------------------

------------------------
15.09.2023 16:54:38
CallbackFormEmailModal
Array
(
    [name] => alberthasmoons789@binace.com
    [phone] => 89143184342
    [formname] => Обратная связь
)

------------------------
