
------------------------
04.02.2023 0:04:09
CallbackFormEmailModal
Array
(
    [name] => a.imt.oken.d.e.v@gmail.com
    [phone] => 85435799718
    [formname] => Обратная связь
)

------------------------

------------------------
04.02.2023 0:17:36
CallbackFormEmailModal
Array
(
    [name] => aq19aqa@rambler.ru
    [phone] => 86581486951
    [formname] => Обратная связь
)

------------------------

------------------------
04.02.2023 1:03:40
CallbackFormEmailModal
Array
(
    [name] => vladislav@whowasable.store
    [phone] => 85919861856
    [formname] => Обратная связь
)

------------------------

------------------------
04.02.2023 5:01:57
CallbackFormEmailModal
Array
(
    [name] => retfioyt@rambler.ua
    [phone] => 82697718965
    [formname] => Обратная связь
)

------------------------

------------------------
04.02.2023 6:31:45
CallbackFormEmailModal
Array
(
    [name] => jrrziqye@boyfriendmail.ga
    [phone] => 89564419168
    [formname] => Обратная связь
)

------------------------

------------------------
04.02.2023 9:04:41
CallbackFormEmailModal
Array
(
    [name] => n777sv_63@mail.ru
    [phone] => 84868912785
    [formname] => Обратная связь
)

------------------------

------------------------
04.02.2023 10:12:47
CallbackFormEmailModal
Array
(
    [name] => yaremenko68@mail.ru
    [phone] => 87864854527
    [formname] => Обратная связь
)

------------------------

------------------------
04.02.2023 15:09:55
CallbackFormEmailModal
Array
(
    [name] => opverrymi7@hotmail.com
    [phone] => 84227994623
    [formname] => Обратная связь
)

------------------------

------------------------
04.02.2023 17:16:13
CallbackFormEmailModal
Array
(
    [name] => zudtayogal@outlook.com
    [phone] => zudtayogal@outlook.com
    [formname] => Обратная связь
)

------------------------

------------------------
04.02.2023 17:16:17
CallbackFormEmailModal
Array
(
    [name] => zudtayogal@outlook.com
    [phone] => zudtayogal@outlook.com
    [formname] => Обратная связь
)

------------------------

------------------------
04.02.2023 17:16:56
CallbackFormEmailModal
Array
(
    [name] => zudtayogal@outlook.com
    [phone] => zudtayogal@outlook.com
    [formname] => Обратная связь
)

------------------------

------------------------
04.02.2023 17:17:01
CallbackFormEmailModal
Array
(
    [name] => zudtayogal@outlook.com
    [phone] => zudtayogal@outlook.com
    [formname] => Обратная связь
)

------------------------

------------------------
04.02.2023 17:17:43
CallbackFormEmailModal
Array
(
    [name] => zudtayogal@outlook.com
    [phone] => zudtayogal@outlook.com
    [formname] => Обратная связь
)

------------------------

------------------------
04.02.2023 17:17:47
CallbackFormEmailModal
Array
(
    [name] => zudtayogal@outlook.com
    [phone] => zudtayogal@outlook.com
    [formname] => Обратная связь
)

------------------------

------------------------
04.02.2023 17:18:24
CallbackFormEmailModal
Array
(
    [name] => zudtayogal@outlook.com
    [phone] => zudtayogal@outlook.com
    [formname] => Обратная связь
)

------------------------

------------------------
04.02.2023 17:18:30
CallbackFormEmailModal
Array
(
    [name] => zudtayogal@outlook.com
    [phone] => zudtayogal@outlook.com
    [formname] => Обратная связь
)

------------------------

------------------------
04.02.2023 20:32:12
CallbackFormEmailModal
Array
(
    [name] => choksad@gmail.com
    [phone] => 85666313863
    [formname] => Обратная связь
)

------------------------
