
------------------------
18.06.2023 2:53:07
CallbackFormEmailModal
Array
(
    [name] => i5si5@yandex.ru
    [phone] => 83552113348
    [formname] => Обратная связь
)

------------------------

------------------------
18.06.2023 3:40:47
CallbackFormEmailModal
Array
(
    [name] => qzyhpxfgu1st0@hotmail.com
    [phone] => 81913623722
    [formname] => Обратная связь
)

------------------------

------------------------
18.06.2023 3:49:52
CallbackFormEmailModal
Array
(
    [name] => nffvofvqa@tupop.online
    [phone] => 84396682748
    [formname] => Обратная связь
)

------------------------

------------------------
18.06.2023 5:23:03
CallbackFormEmailModal
Array
(
    [name] => xx.evi.lte.stras.si.lka@gmail.com
    [phone] => 86954925452
    [formname] => Обратная связь
)

------------------------

------------------------
18.06.2023 7:24:58
CallbackFormEmailModal
Array
(
    [name] => vqjhobrt@mail.ru
    [phone] => +791234567568
    [formname] => Обратная связь
)

------------------------

------------------------
18.06.2023 15:22:46
CallbackFormEmailModal
Array
(
    [name] => sbsc2h5ohgst@mail.ru
    [phone] => 85974736458
    [formname] => Обратная связь
)

------------------------

------------------------
18.06.2023 16:36:41
CallbackFormEmailModal
Array
(
    [name] => zelatcol@gmail.com
    [phone] => 85793316442
    [formname] => Обратная связь
)

------------------------

------------------------
18.06.2023 20:54:12
CallbackFormEmailModal
Array
(
    [name] => zzliqpkzn@essytop.site
    [phone] => 88512821828
    [formname] => Обратная связь
)

------------------------
