
------------------------
20.04.2023 3:31:09
CallbackFormEmailModal
Array
(
    [name] => indomitowot@outlook.com
    [phone] => 84597918565
    [formname] => Обратная связь
)

------------------------

------------------------
20.04.2023 4:01:59
CallbackFormEmailModal
Array
(
    [name] => knnqoggtfghv@mail.ru
    [phone] => +79123456295
    [formname] => Обратная связь
)

------------------------

------------------------
20.04.2023 8:40:26
CallbackFormEmailModal
Array
(
    [name] => rtniceart@niceart.club
    [phone] => 87769856717
    [formname] => Обратная связь
)

------------------------

------------------------
20.04.2023 9:31:37
CallbackFormEmailModal
Array
(
    [name] => werso061700iu@rambler.ru
    [phone] => 85782772664
    [formname] => Обратная связь
)

------------------------

------------------------
20.04.2023 11:03:45
CallbackFormEmailModal
Array
(
    [name] => avdotyyaactivist@yandex.ru
    [phone] => 83598941258
    [formname] => Обратная связь
)

------------------------

------------------------
20.04.2023 11:59:04
CallbackFormEmailModal
Array
(
    [name] => ptcby1988@outlook.com
    [phone] => 88977253915
    [formname] => Обратная связь
)

------------------------

------------------------
20.04.2023 12:12:01
CallbackFormEmailModal
Array
(
    [name] => wolna2000m@gmail.com
    [phone] => 88003334455
    [formname] => Обратная связь
)

------------------------

------------------------
20.04.2023 12:12:12
CallbackFormEmailModal
Array
(
    [name] => wolna2000m@gmail.com
    [phone] => 88003334455
    [formname] => Обратная связь
)

------------------------

------------------------
20.04.2023 14:09:41
CallbackFormEmailModal
Array
(
    [name] => malinoleg91@mail.ru
    [phone] => 88234277846
    [formname] => Обратная связь
)

------------------------

------------------------
20.04.2023 16:46:59
CallbackFormEmailModal
Array
(
    [name] => tartsahnazyia900@outlook.com
    [phone] => 81474725345
    [formname] => Обратная связь
)

------------------------

------------------------
20.04.2023 19:55:44
CallbackFormEmailModal
Array
(
    [name] => avdotyyaactivist@yandex.ru
    [phone] => 82656332624
    [formname] => Обратная связь
)

------------------------
