
------------------------
06.06.2022 2:03:24
CallbackFormEmailModal
Array
(
    [name] => trine_v_pedersen@forum.dk
    [phone] => 89036704312
    [formname] => Обратная связь
)

------------------------

------------------------
06.06.2022 5:06:15
CallbackFormEmailModal
Array
(
    [name] => 53614048@mail-online.dk
    [phone] => 89030376675
    [formname] => Обратная связь
)

------------------------

------------------------
06.06.2022 8:16:33
CallbackFormEmailModal
Array
(
    [name] => hdshgo@forum.dk
    [phone] => 89039715065
    [formname] => Обратная связь
)

------------------------

------------------------
06.06.2022 8:45:52
CallbackFormEmailModal
Array
(
    [name] => abollabek@topmailonline.xyz
    [phone] => 85362944699
    [formname] => Обратная связь
)

------------------------

------------------------
06.06.2022 9:30:34
CallbackFormEmailModal
Array
(
    [name] => ank977@bk.ru
    [phone] => +7(937)638-13-30
    [formname] => Обратная связь
)

------------------------

------------------------
06.06.2022 11:08:58
CallbackEmailModal
Array
(
    [name] => afterve@onymail.xyz
    [phone] => 89663278269
    [comment] => Название продуката: Щелевой канал MAXI S70 2мм
Комменатрий: Fubkmg Diuretic Lasix Buy https://newfasttadalafil.com/ - generic cialis Kamagra Prescrizione Germania Fcwlyf Animals have evolved lightsensitive organs which are their main source of information about the surroundings. <a href=https://newfasttadalafil.com/>cialis 5mg online</a> Lzwjdz Nsnugw https://newfasttadalafil.com/ - Cialis
    [formname] => Задать вопрос по товару
)

------------------------

------------------------
06.06.2022 11:29:48
CallbackFormEmailModal
Array
(
    [name] => rockabilly@mail-online.dk
    [phone] => 89031309701
    [formname] => Обратная связь
)

------------------------

------------------------
06.06.2022 14:46:00
CallbackFormEmailModal
Array
(
    [name] => mmmmkkk@forum.dk
    [phone] => 89038196472
    [formname] => Обратная связь
)

------------------------

------------------------
06.06.2022 17:53:06
CallbackFormEmailModal
Array
(
    [name] => cobra@mail-online.dk
    [phone] => 89032211499
    [formname] => Обратная связь
)

------------------------

------------------------
06.06.2022 21:05:57
CallbackFormEmailModal
Array
(
    [name] => homohansen@forum.dk
    [phone] => 89037609738
    [formname] => Обратная связь
)

------------------------
