
------------------------
10.07.2023 0:52:48
CallbackFormEmailModal
Array
(
    [name] => keithy2a.r.t.e.r.b.e.r.r.y.r.l.@gmail.com
    [phone] => 86869588163
    [formname] => Обратная связь
)

------------------------

------------------------
10.07.2023 2:46:24
CallbackFormEmailModal
Array
(
    [name] => 2000kzaim@mail.ru
    [phone] => 84743951619
    [formname] => Обратная связь
)

------------------------

------------------------
10.07.2023 3:04:54
CallbackFormEmailModal
Array
(
    [name] => igor.sobolevkoh@yandex.ru
    [phone] => 84986487927
    [formname] => Обратная связь
)

------------------------

------------------------
10.07.2023 11:29:43
CallbackEmailModal
Array
(
    [name] => Марат 
    [phone] => +7(985)688-47-97
    [comment] => Название продуката: Облицовочный кирпич БРАЕР КЛАДКА ГЛОССА гладкий 1 NF
Комменатрий: Какая цена будет с доставкой. Домодедово. Мкр . Белые Столбы. Свободы дом 9   7500шт
    [formname] => Задать вопрос по товару
)

------------------------
