
------------------------
10.05.2025 1:23:47
CallbackFormEmailModal
Array
(
    [name] => davidmib@mail.ru
    [phone] => 81873347625
    [formname] => Обратная связь
)

------------------------

------------------------
10.05.2025 4:04:09
CallbackFormEmailModal
Array
(
    [name] => hvznat@gmail.com
    [phone] => 85823446175
    [formname] => Обратная связь
)

------------------------

------------------------
10.05.2025 9:55:57
CallbackFormEmailModal
Array
(
    [name] => musaev.misha.1982.3.5@list.ru
    [phone] => 83875657387
    [formname] => Обратная связь
)

------------------------

------------------------
10.05.2025 9:58:43
CallbackFormEmailModal
Array
(
    [name] => naphtloxua-5550@mail.ru
    [phone] => 88187364395
    [formname] => Обратная связь
)

------------------------

------------------------
10.05.2025 12:32:52
CallbackFormEmailModal
Array
(
    [name] => guiforheartbe@gismail.online

    [phone] => 81258387174
    [formname] => Обратная связь
)

------------------------

------------------------
10.05.2025 12:53:05
CallbackFormEmailModal
Array
(
    [name] => osipova.liliia.1986.22.12@inbox.ru
    [phone] => 81874625189
    [formname] => Обратная связь
)

------------------------

------------------------
10.05.2025 13:04:25
CallbackFormEmailModal
Array
(
    [name] => panova.elena.1992.23.11@bk.ru
    [phone] => 86923967726
    [formname] => Обратная связь
)

------------------------

------------------------
10.05.2025 14:49:33
CallbackFormEmailModal
Array
(
    [name] => toypropadsandwesvi@mail.ru
    [phone] => 87798944551
    [formname] => Обратная связь
)

------------------------

------------------------
10.05.2025 14:54:16
CallbackFormEmailModal
Array
(
    [name] => info@hilkom-digital.com
    [phone] => 83624128539
    [formname] => Обратная связь
)

------------------------

------------------------
10.05.2025 15:40:11
CallbackFormEmailModal
Array
(
    [name] => semuldons@int.pl
    [phone] => 83663473967
    [formname] => Обратная связь
)

------------------------

------------------------
10.05.2025 19:17:08
CallbackFormEmailModal
Array
(
    [name] => test@gmail.com
    [phone] => 89243399821
    [formname] => Обратная связь
)

------------------------
