
------------------------
01.07.2022 3:21:06
CallbackFormEmailModal
Array
(
    [name] => dubinds1@gmail.com
    [phone] => 83266984439
    [formname] => Обратная связь
)

------------------------

------------------------
01.07.2022 3:26:44
CallbackFormEmailModal
Array
(
    [name] => i.ter-.des.ig.n.-c.om.-55.5@gmail.com

    [phone] => 89991388246
    [formname] => Обратная связь
)

------------------------

------------------------
01.07.2022 20:15:43
CallbackFormEmailModal
Array
(
    [name] => i.te.r.-.desi.g.n.-co.m.-.55.5@gmail.com

    [phone] => 81861112447
    [formname] => Обратная связь
)

------------------------
