
------------------------
23.04.2025 1:00:37
CallbackFormEmailModal
Array
(
    [name] => yourmail@gmail.com
    [phone] => 85787429558
    [formname] => Обратная связь
)

------------------------

------------------------
23.04.2025 1:37:39
CallbackFormEmailModal
Array
(
    [name] => yourmail@gmail.com
    [phone] => 88451121944
    [formname] => Обратная связь
)

------------------------

------------------------
23.04.2025 7:14:27
CallbackFormEmailModal
Array
(
    [name] => margarita.stolyarova.26.05.1995@mail.ru
    [phone] => 82877134518
    [formname] => Обратная связь
)

------------------------

------------------------
23.04.2025 7:25:09
CallbackFormEmailModal
Array
(
    [name] => mepinfenia@bk.ru
    [phone] => 85625381694
    [formname] => Обратная связь
)

------------------------

------------------------
23.04.2025 7:40:35
CallbackFormEmailModal
Array
(
    [name] => woodbpurne1983@mail.ru
    [phone] => 89154274964
    [formname] => Обратная связь
)

------------------------

------------------------
23.04.2025 7:55:06
CallbackFormEmailModal
Array
(
    [name] => yaroslav.sevastyanov.1988@mail.ru
    [phone] => 87764541933
    [formname] => Обратная связь
)

------------------------

------------------------
23.04.2025 8:01:16
CallbackFormEmailModal
Array
(
    [name] => kjslgjslgkj@kkkdfs.ri
    [phone] => 85275849781
    [formname] => Обратная связь
)

------------------------

------------------------
23.04.2025 9:14:10
CallbackFormEmailModal
Array
(
    [name] => nefedrogov985783@mail.ru
    [phone] => 85247198799
    [formname] => Обратная связь
)

------------------------

------------------------
23.04.2025 9:43:09
CallbackFormEmailModal
Array
(
    [name] => rerkgeemong98@mail.ru
    [phone] => 89921314619
    [formname] => Обратная связь
)

------------------------

------------------------
23.04.2025 10:01:30
CallbackFormEmailModal
Array
(
    [name] => sinevhabibi664@bk.ru
    [phone] => 86896318838
    [formname] => Обратная связь
)

------------------------

------------------------
23.04.2025 14:58:51
CallbackFormEmailModal
Array
(
    [name] => svetlanakomissarova1987@mail.ru
    [phone] => 85323744618
    [formname] => Обратная связь
)

------------------------

------------------------
23.04.2025 17:26:21
CallbackFormEmailModal
Array
(
    [name] => kazinolain@gmail.com
    [phone] => 89338716515
    [formname] => Обратная связь
)

------------------------

------------------------
23.04.2025 19:14:32
CallbackFormEmailModal
Array
(
    [name] => info@strictlydigital.net
    [phone] => 84644785483
    [formname] => Обратная связь
)

------------------------

------------------------
23.04.2025 19:55:16
CallbackFormEmailModal
Array
(
    [name] => info@uborka-pomeshcheniy-msk.store
    [phone] => 86129991672
    [formname] => Обратная связь
)

------------------------

------------------------
23.04.2025 22:34:38
CallbackFormEmailModal
Array
(
    [name] => e.p.iga.d.e.zut0.0.0@gmail.com
    [phone] => 85654996936
    [formname] => Обратная связь
)

------------------------

------------------------
23.04.2025 22:39:40
CallbackFormEmailModal
Array
(
    [name] => info@clean-help24.store
    [phone] => 84842519623
    [formname] => Обратная связь
)

------------------------
