
------------------------
19.03.2023 1:45:43
CallbackFormEmailModal
Array
(
    [name] => millelaw@mail.ru
    [phone] => +71231234567
    [formname] => Обратная связь
)

------------------------

------------------------
19.03.2023 3:16:20
CallbackFormEmailModal
Array
(
    [name] => alexpopov716253@gmail.com
    [phone] => 82565535717
    [formname] => Обратная связь
)

------------------------

------------------------
19.03.2023 5:40:06
CallbackFormEmailModal
Array
(
    [name] => kk.as.hh.urrley@gmail.com
    [phone] => 89531786521
    [formname] => Обратная связь
)

------------------------

------------------------
19.03.2023 6:27:10
CallbackFormEmailModal
Array
(
    [name] => valentinellington@wwjmp.com
    [phone] => 82274913866
    [formname] => Обратная связь
)

------------------------

------------------------
19.03.2023 8:45:09
CallbackFormEmailModal
Array
(
    [name] => hkbpmffhy@backcontdras.online
    [phone] => 85529189858
    [formname] => Обратная связь
)

------------------------

------------------------
19.03.2023 15:16:03
CallbackFormEmailModal
Array
(
    [name] => stanisaroha@hotmail.com
    [phone] => 81266554781
    [formname] => Обратная связь
)

------------------------
