
------------------------
31.07.2025 0:52:21
CallbackFormEmailModal
Array
(
    [name] => hartdspapa@gmail.com
    [phone] => 87773266687
    [formname] => Обратная связь
)

------------------------

------------------------
31.07.2025 4:16:09
CallbackFormEmailModal
Array
(
    [name] => asdasgfgdrferwe@gmail.com
    [phone] => 87535183916
    [formname] => Обратная связь
)

------------------------

------------------------
31.07.2025 4:33:01
CallbackFormEmailModal
Array
(
    [name] => freddievab@inboxgate.rest
    [phone] => 87484119965
    [formname] => Обратная связь
)

------------------------

------------------------
31.07.2025 5:17:58
CallbackFormEmailModal
Array
(
    [name] => panova.elena.1992.23.11@bk.ru
    [phone] => 85453426594
    [formname] => Обратная связь
)

------------------------

------------------------
31.07.2025 6:14:37
CallbackFormEmailModal
Array
(
    [name] => blinovazinonna1983@mail.ru
    [phone] => 84676993757
    [formname] => Обратная связь
)

------------------------

------------------------
31.07.2025 6:34:21
CallbackFormEmailModal
Array
(
    [name] => pearlorear1934@schematizatomail.com
    [phone] => 86156291726
    [formname] => Обратная связь
)

------------------------

------------------------
31.07.2025 7:16:43
CallbackFormEmailModal
Array
(
    [name] => dionisij.grigorev.92@mail.ru
    [phone] => 86789824995
    [formname] => Обратная связь
)

------------------------

------------------------
31.07.2025 7:46:53
CallbackFormEmailModal
Array
(
    [name] => test@gmail.com
    [phone] => 86265936878
    [formname] => Обратная связь
)

------------------------

------------------------
31.07.2025 8:11:51
CallbackFormEmailModal
Array
(
    [name] => dfhasuyhgdafiolgsadg@gmail.com
    [phone] => 83279113227
    [formname] => Обратная связь
)

------------------------

------------------------
31.07.2025 9:36:40
CallbackFormEmailModal
Array
(
    [name] => parmazanov@gmail.com
    [phone] => 82859639583
    [formname] => Обратная связь
)

------------------------

------------------------
31.07.2025 9:43:40
CallbackFormEmailModal
Array
(
    [name] => afsdghuiofnwgbreg@gmail.com
    [phone] => 82929473878
    [formname] => Обратная связь
)

------------------------

------------------------
31.07.2025 9:44:32
CallbackFormEmailModal
Array
(
    [name] => sdfahujodsafesagerwqg@gmail.com
    [phone] => 85758172279
    [formname] => Обратная связь
)

------------------------

------------------------
31.07.2025 9:45:02
CallbackFormEmailModal
Array
(
    [name] => rgwegjreowhjnitrewhntrw111@gmail.com
    [phone] => 84618658911
    [formname] => Обратная связь
)

------------------------

------------------------
31.07.2025 9:53:52
CallbackFormEmailModal
Array
(
    [name] => hfhfhfsdffg656@gmail.com
    [phone] => 85342918644
    [formname] => Обратная связь
)

------------------------

------------------------
31.07.2025 11:15:14
CallbackFormEmailModal
Array
(
    [name] => yulya.onipchenko.88@mail.ru
    [phone] => 83375769935
    [formname] => Обратная связь
)

------------------------

------------------------
31.07.2025 11:16:34
CallbackFormEmailModal
Array
(
    [name] => ovnterbefjuden6138@mail.ru
    [phone] => 86471587633
    [formname] => Обратная связь
)

------------------------

------------------------
31.07.2025 11:17:26
CallbackFormEmailModal
Array
(
    [name] => fdshnbjkdfsinj@gmail.com
    [phone] => 83227819695
    [formname] => Обратная связь
)

------------------------

------------------------
31.07.2025 11:25:32
CallbackFormEmailModal
Array
(
    [name] => yourmail@gmail.com
    [phone] => 84787843852
    [formname] => Обратная связь
)

------------------------

------------------------
31.07.2025 12:13:34
CallbackFormEmailModal
Array
(
    [name] => filatovlenian4023@mail.ru
    [phone] => 87896238822
    [formname] => Обратная связь
)

------------------------

------------------------
31.07.2025 12:17:32
CallbackFormEmailModal
Array
(
    [name] => y.kuvayev@mail.ru
    [phone] => 84468728771
    [formname] => Обратная связь
)

------------------------

------------------------
31.07.2025 12:17:37
CallbackFormEmailModal
Array
(
    [name] => kskoxim@inbox.ru
    [phone] => 84571224381
    [formname] => Обратная связь
)

------------------------

------------------------
31.07.2025 12:37:48
CallbackFormEmailModal
Array
(
    [name] => naphtloxua-5550@mail.ru
    [phone] => 83436163776
    [formname] => Обратная связь
)

------------------------

------------------------
31.07.2025 17:15:35
CallbackFormEmailModal
Array
(
    [name] => laisumake186@mail.ru
    [phone] => 82281484447
    [formname] => Обратная связь
)

------------------------

------------------------
31.07.2025 17:21:46
CallbackFormEmailModal
Array
(
    [name] => subbotinalenara88@mail.ru
    [phone] => 87839336647
    [formname] => Обратная связь
)

------------------------

------------------------
31.07.2025 17:23:52
CallbackFormEmailModal
Array
(
    [name] => w.o.o.d.f.o.rd.ja.m.eson.4@gmail.com
    [phone] => 85723812663
    [formname] => Обратная связь
)

------------------------

------------------------
31.07.2025 17:43:47
CallbackFormEmailModal
Array
(
    [name] => pavel.sitdikov.88@mail.ru
    [phone] => 87157355584
    [formname] => Обратная связь
)

------------------------

------------------------
31.07.2025 18:01:18
CallbackFormEmailModal
Array
(
    [name] => eepovda@bk.ru
    [phone] => 85791732664
    [formname] => Обратная связь
)

------------------------

------------------------
31.07.2025 18:02:59
CallbackFormEmailModal
Array
(
    [name] => inna.kortneva.69@mail.ru
    [phone] => 85462934578
    [formname] => Обратная связь
)

------------------------

------------------------
31.07.2025 18:10:22
CallbackFormEmailModal
Array
(
    [name] => musaev.misha.1982.3.5@list.ru
    [phone] => 84271144133
    [formname] => Обратная связь
)

------------------------

------------------------
31.07.2025 18:11:26
CallbackFormEmailModal
Array
(
    [name] => yulya.onipchenko.88@mail.ru
    [phone] => 81994833383
    [formname] => Обратная связь
)

------------------------

------------------------
31.07.2025 18:28:40
CallbackFormEmailModal
Array
(
    [name] => seimymavig1983@mail.ru
    [phone] => 88983664876
    [formname] => Обратная связь
)

------------------------

------------------------
31.07.2025 18:39:53
CallbackFormEmailModal
Array
(
    [name] => mlonanlout1985@mail.ru
    [phone] => 84391679654
    [formname] => Обратная связь
)

------------------------

------------------------
31.07.2025 18:41:22
CallbackFormEmailModal
Array
(
    [name] => amabil.6002@mail.ru
    [phone] => 82964543286
    [formname] => Обратная связь
)

------------------------

------------------------
31.07.2025 18:42:56
CallbackFormEmailModal
Array
(
    [name] => tacusol-6816@mail.ru
    [phone] => 84331693472
    [formname] => Обратная связь
)

------------------------

------------------------
31.07.2025 19:12:03
CallbackFormEmailModal
Array
(
    [name] => anna.shapiro.78@mail.ru
    [phone] => 87485148549
    [formname] => Обратная связь
)

------------------------

------------------------
31.07.2025 19:23:44
CallbackFormEmailModal
Array
(
    [name] => wo.od.f.or.dja.m.eso.n.4@gmail.com
    [phone] => 81792959289
    [formname] => Обратная связь
)

------------------------

------------------------
31.07.2025 19:27:25
CallbackFormEmailModal
Array
(
    [name] => kina3axjglime@bk.ru
    [phone] => 89396968831
    [formname] => Обратная связь
)

------------------------

------------------------
31.07.2025 19:50:27
CallbackFormEmailModal
Array
(
    [name] => karzhavinvenegard@mail.ru
    [phone] => 88345281287
    [formname] => Обратная связь
)

------------------------

------------------------
31.07.2025 22:56:34
CallbackFormEmailModal
Array
(
    [name] => gvsddsfa@gmail.com
    [phone] => 85842466798
    [formname] => Обратная связь
)

------------------------
