
------------------------
15.11.2024 0:15:29
CallbackFormEmailModal
Array
(
    [name] => frontiero50@madu58.funny3delements.com 
    [phone] => 81276966966
    [formname] => Обратная связь
)

------------------------

------------------------
15.11.2024 0:20:43
CallbackFormEmailModal
Array
(
    [name] => kjhgfdsd@gmail.com
    [phone] => 86747683491
    [formname] => Обратная связь
)

------------------------

------------------------
15.11.2024 2:06:13
CallbackFormEmailModal
Array
(
    [name] => arnold@inbox.lv
    [phone] => 81564174659
    [formname] => Обратная связь
)

------------------------

------------------------
15.11.2024 2:16:54
CallbackFormEmailModal
Array
(
    [name] => denovnamakaroshka@gmail.com
    [phone] => 84138658544
    [formname] => Обратная связь
)

------------------------

------------------------
15.11.2024 2:59:43
CallbackFormEmailModal
Array
(
    [name] => wemofoomacfensta@mail.ru
    [phone] => 89447765169
    [formname] => Обратная связь
)

------------------------

------------------------
15.11.2024 9:07:34
CallbackFormEmailModal
Array
(
    [name] => payransripo1981@mail.ru
    [phone] => 85294324338
    [formname] => Обратная связь
)

------------------------

------------------------
15.11.2024 9:28:20
CallbackFormEmailModal
Array
(
    [name] => combontsegal37@mail.ru
    [phone] => 88856893384
    [formname] => Обратная связь
)

------------------------

------------------------
15.11.2024 9:33:56
CallbackFormEmailModal
Array
(
    [name] => ovnterbefjuden6138@mail.ru
    [phone] => 83799857613
    [formname] => Обратная связь
)

------------------------

------------------------
15.11.2024 9:38:28
CallbackFormEmailModal
Array
(
    [name] => anna.siverova@mail.ru
    [phone] => 82956966347
    [formname] => Обратная связь
)

------------------------

------------------------
15.11.2024 10:07:16
CallbackFormEmailModal
Array
(
    [name] => yourmail@gmail.com
    [phone] => 81428651933
    [formname] => Обратная связь
)

------------------------

------------------------
15.11.2024 10:57:01
CallbackFormEmailModal
Array
(
    [name] => ropolkingta@mail.ru
    [phone] => 86758391459
    [formname] => Обратная связь
)

------------------------

------------------------
15.11.2024 11:14:21
CallbackFormEmailModal
Array
(
    [name] => esfgczjmyqeimg1965@onet.pl
    [phone] => 83987629926
    [formname] => Обратная связь
)

------------------------

------------------------
15.11.2024 11:15:14
CallbackFormEmailModal
Array
(
    [name] => shizko_test@mail.ru
    [phone] => 89841968711
    [formname] => Обратная связь
)

------------------------

------------------------
15.11.2024 12:56:05
CallbackFormEmailModal
Array
(
    [name] => alexsomename992@hotmail.com
    [phone] => 89695921742
    [formname] => Обратная связь
)

------------------------

------------------------
15.11.2024 13:51:09
CallbackFormEmailModal
Array
(
    [name] => ur.ev.i.c7.50.@gmail.com
    [phone] => 86848519231
    [formname] => Обратная связь
)

------------------------

------------------------
15.11.2024 14:17:14
CallbackFormEmailModal
Array
(
    [name] => srfk58648@gmail.com
    [phone] => 86613998451
    [formname] => Обратная связь
)

------------------------

------------------------
15.11.2024 14:48:19
CallbackFormEmailModal
Array
(
    [name] => margarit_ternova1999@mail.ru
    [phone] => 89438799931
    [formname] => Обратная связь
)

------------------------

------------------------
15.11.2024 15:36:36
CallbackFormEmailModal
Array
(
    [name] => mark.moshchenskiy.90@mail.ru
    [phone] => 82768554698
    [formname] => Обратная связь
)

------------------------

------------------------
15.11.2024 20:22:10
CallbackFormEmailModal
Array
(
    [name] => shvernik.s@mail.ru
    [phone] => 82392899888
    [formname] => Обратная связь
)

------------------------

------------------------
15.11.2024 20:25:14
CallbackFormEmailModal
Array
(
    [name] => siobrowwoodje1976@mail.ru
    [phone] => 82961984571
    [formname] => Обратная связь
)

------------------------

------------------------
15.11.2024 21:07:19
CallbackFormEmailModal
Array
(
    [name] => axobajigufo34@gmail.com
    [phone] => 89588687589
    [formname] => Обратная связь
)

------------------------

------------------------
15.11.2024 21:13:28
CallbackFormEmailModal
Array
(
    [name] => jisankape@list.ru
    [phone] => 82954381315
    [formname] => Обратная связь
)

------------------------

------------------------
15.11.2024 22:21:46
CallbackFormEmailModal
Array
(
    [name] => moiseevatoriya1993@bk.ru
    [phone] => 85959796226
    [formname] => Обратная связь
)

------------------------

------------------------
15.11.2024 22:54:42
CallbackFormEmailModal
Array
(
    [name] => temptest463110634@gmail.com
    [phone] => 84893842261
    [formname] => Обратная связь
)

------------------------
