
------------------------
10.01.2024 3:01:55
CallbackFormEmailModal
Array
(
    [name] => alexpopov716253@gmail.com
    [phone] => 87572886146
    [formname] => Обратная связь
)

------------------------

------------------------
10.01.2024 3:13:16
CallbackFormEmailModal
Array
(
    [name] => indomitowot@outlook.com
    [phone] => 88418574585
    [formname] => Обратная связь
)

------------------------

------------------------
10.01.2024 4:44:21
CallbackFormEmailModal
Array
(
    [name] => admstr@knitt.pl
    [phone] => 84866721913
    [formname] => Обратная связь
)

------------------------

------------------------
10.01.2024 4:59:05
CallbackFormEmailModal
Array
(
    [name] => mikeKitGrishitty@gmail.com
    [phone] => 83678927919
    [formname] => Обратная связь
)

------------------------

------------------------
10.01.2024 10:00:45
CallbackFormEmailModal
Array
(
    [name] => indomitowot@outlook.com
    [phone] => 89926183478
    [formname] => Обратная связь
)

------------------------

------------------------
10.01.2024 11:18:18
CallbackFormEmailModal
Array
(
    [name] => ExhibiA@kmaill.xyz
    [phone] => 83941165941
    [formname] => Обратная связь
)

------------------------

------------------------
10.01.2024 11:39:44
CallbackFormEmailModal
Array
(
    [name] => boss-airdropn-appy@gmail.com
    [phone] => 87559455941
    [formname] => Обратная связь
)

------------------------

------------------------
10.01.2024 12:35:11
CallbackFormEmailModal
Array
(
    [name] => 10000kzaim@mail.ru
    [phone] => 82334985159
    [formname] => Обратная связь
)

------------------------

------------------------
10.01.2024 15:26:07
CallbackFormEmailModal
Array
(
    [name] => indomitowot@outlook.com
    [phone] => 82681866289
    [formname] => Обратная связь
)

------------------------
