
------------------------
02.02.2024 1:54:15
CallbackFormEmailModal
Array
(
    [name] => indomitowot@outlook.com
    [phone] => 88251891928
    [formname] => Обратная связь
)

------------------------

------------------------
02.02.2024 5:00:13
CallbackFormEmailModal
Array
(
    [name] => evgenevna5qdk@gmail.com
    [phone] => 84814911795
    [formname] => Обратная связь
)

------------------------

------------------------
02.02.2024 5:02:31
CallbackFormEmailModal
Array
(
    [name] => aq92aqa@rambler.ru
    [phone] => 82722171965
    [formname] => Обратная связь
)

------------------------

------------------------
02.02.2024 6:50:01
CallbackFormEmailModal
Array
(
    [name] => go..........go.t.y..n.@gmail.com
    [phone] => 81129291885
    [formname] => Обратная связь
)

------------------------

------------------------
02.02.2024 7:32:43
Order
Array
(
    [name] => Семиохина Надежда Викторовна
    [email] => omts@kurikoo.ru
    [phone] => +7-958-223-9240
    [comment] => Промышленный ТРАП W300 с вертикальным отводом DN160, кол-во: 1, цена: 17000руб.
Способ доставки: Доставка автотранспортом поставщика
Выберите способ оплаты: Оплата на расчетный счет организации
Адрес доставки: Трудоармейская,38

Комментарий к заказу: 

    [formname] => Заказ из корзины
    [fields] => Array
        (
            [price] => 340000
        )

)

------------------------

------------------------
02.02.2024 7:40:50
CallbackFormEmailModal
Array
(
    [name] => nikitaseredin77@rambler.ua
    [phone] => 81926874121
    [formname] => Обратная связь
)

------------------------

------------------------
02.02.2024 8:16:31
CallbackFormEmailModal
Array
(
    [name] => fabrika-sov@yandex.ru
    [phone] => 88472954893
    [formname] => Обратная связь
)

------------------------

------------------------
02.02.2024 11:27:45
CallbackFormEmailModal
Array
(
    [name] => ecodata05@gmail.com
    [phone] => 83645754429
    [formname] => Обратная связь
)

------------------------

------------------------
02.02.2024 11:39:23
CallbackFormEmailModal
Array
(
    [name] => indomitowot@outlook.com
    [phone] => 81554678798
    [formname] => Обратная связь
)

------------------------

------------------------
02.02.2024 11:51:49
CallbackFormEmailModal
Array
(
    [name] => almaMib@meikomei.com
    [phone] => 83789957153
    [formname] => Обратная связь
)

------------------------

------------------------
02.02.2024 16:44:20
CallbackFormEmailModal
Array
(
    [name] => indomitowot@outlook.com
    [phone] => 89211672368
    [formname] => Обратная связь
)

------------------------

------------------------
02.02.2024 17:14:37
CallbackFormEmailModal
Array
(
    [name] => lucido.leinteract@gmail.com
    [phone] => 82767167477
    [formname] => Обратная связь
)

------------------------

------------------------
02.02.2024 17:46:49
CallbackFormEmailModal
Array
(
    [name] => lowkim@mail.ru
    [phone] => 89213334455
    [formname] => Обратная связь
)

------------------------

------------------------
02.02.2024 17:59:08
CallbackFormEmailModal
Array
(
    [name] => aq92aqa@rambler.ru
    [phone] => 86461329712
    [formname] => Обратная связь
)

------------------------
