
------------------------
10.06.2022 0:21:37
CallbackFormEmailModal
Array
(
    [name] => Cototheft@beaumail.xyz
    [phone] => 85697264552
    [formname] => Обратная связь
)

------------------------

------------------------
10.06.2022 10:27:52
CallbackFormEmailModal
Array
(
    [name] => michaela01@forum.dk
    [phone] => 89033913025
    [formname] => Обратная связь
)

------------------------

------------------------
10.06.2022 13:20:59
CallbackFormEmailModal
Array
(
    [name] => smariar@forum.dk
    [phone] => 89030973487
    [formname] => Обратная связь
)

------------------------

------------------------
10.06.2022 16:18:05
CallbackFormEmailModal
Array
(
    [name] => hiphiphurra@forum.dk
    [phone] => 89037770074
    [formname] => Обратная связь
)

------------------------

------------------------
10.06.2022 20:27:19
CallbackFormEmailModal
Array
(
    [name] => qvins@forum.dk
    [phone] => 89034250398
    [formname] => Обратная связь
)

------------------------

------------------------
10.06.2022 23:39:07
CallbackFormEmailModal
Array
(
    [name] => kbogstedman@forum.dk
    [phone] => 89038556100
    [formname] => Обратная связь
)

------------------------
