
------------------------
10.04.2023 1:24:53
CallbackFormEmailModal
Array
(
    [name] => indomitowot@outlook.com
    [phone] => 84254414191
    [formname] => Обратная связь
)

------------------------

------------------------
10.04.2023 5:45:55
CallbackFormEmailModal
Array
(
    [name] => vqjhobrt@mail.ru
    [phone] => +791234567304
    [formname] => Обратная связь
)

------------------------

------------------------
10.04.2023 6:32:54
CallbackFormEmailModal
Array
(
    [name] => admin@gmail.com
    [phone] => 83818277143
    [formname] => Обратная связь
)

------------------------

------------------------
10.04.2023 6:35:00
CallbackFormEmailModal
Array
(
    [name] => phsi@course-fitness.com
    [phone] => 87635666679
    [formname] => Обратная связь
)

------------------------

------------------------
10.04.2023 9:32:33
CallbackFormEmailModal
Array
(
    [name] => indomitowot@outlook.com
    [phone] => 84494887226
    [formname] => Обратная связь
)

------------------------

------------------------
10.04.2023 13:02:32
CallbackFormEmailModal
Array
(
    [name] => tradingrobotbest@outlook.com
    [phone] => 84838666874
    [formname] => Обратная связь
)

------------------------

------------------------
10.04.2023 19:33:34
CallbackFormEmailModal
Array
(
    [name] => joe_stiffy@jerseyshoreelectric.com
    [phone] => 83569612439
    [formname] => Обратная связь
)

------------------------

------------------------
10.04.2023 19:58:48
CallbackFormEmailModal
Array
(
    [name] => niplzv@course-fitness.com
    [phone] => 83977971142
    [formname] => Обратная связь
)

------------------------
