
------------------------
18.02.2023 4:02:10
CallbackFormEmailModal
Array
(
    [name] => 124@seo-vk.fun
    [phone] => 84899372855
    [formname] => Обратная связь
)

------------------------

------------------------
18.02.2023 4:28:10
CallbackFormEmailModal
Array
(
    [name] => lleglanghoteboev@gmx.com
    [phone] => 88893862541
    [formname] => Обратная связь
)

------------------------

------------------------
18.02.2023 4:43:55
CallbackFormEmailModal
Array
(
    [name] => no-replysuinuts@gmail.com
    [phone] => 86175694658
    [formname] => Обратная связь
)

------------------------

------------------------
18.02.2023 9:53:12
CallbackFormEmailModal
Array
(
    [name] => alexpopov716253@gmail.com
    [phone] => 85759865885
    [formname] => Обратная связь
)

------------------------

------------------------
18.02.2023 13:58:27
CallbackFormEmailModal
Array
(
    [name] => Eric Jones
    [phone] => 555-555-1212
    [formname] => Обратная связь
)

------------------------

------------------------
18.02.2023 16:44:01
CallbackFormEmailModal
Array
(
    [name] => InlaYtahli@pochtaserver.ru
    [phone] => 85872373781
    [formname] => Обратная связь
)

------------------------

------------------------
18.02.2023 20:00:39
CallbackFormEmailModal
Array
(
    [name] => guisandcounthart1970@mailopenz.com
    [phone] => 82613717278
    [formname] => Обратная связь
)

------------------------

------------------------
18.02.2023 20:20:49
CallbackFormEmailModal
Array
(
    [name] => mystorips@outlook.com
    [phone] => 82477348287
    [formname] => Обратная связь
)

------------------------

------------------------
18.02.2023 22:09:12
CallbackFormEmailModal
Array
(
    [name] => chokssend@gmail.com
    [phone] => 81694513322
    [formname] => Обратная связь
)

------------------------
