
------------------------
29.01.2024 0:25:30
CallbackFormEmailModal
Array
(
    [name] => indomitowot@outlook.com
    [phone] => 83625569652
    [formname] => Обратная связь
)

------------------------

------------------------
29.01.2024 1:40:08
CallbackFormEmailModal
Array
(
    [name] => yourmail@gmail.com
    [phone] => 87645746714
    [formname] => Обратная связь
)

------------------------

------------------------
29.01.2024 3:23:10
CallbackFormEmailModal
Array
(
    [name] => keksimol@op.pl
    [phone] => 89197991555
    [formname] => Обратная связь
)

------------------------

------------------------
29.01.2024 3:49:58
CallbackFormEmailModal
Array
(
    [name] => temptest117550264@gmail.com
    [phone] => 88654354459
    [formname] => Обратная связь
)

------------------------

------------------------
29.01.2024 4:42:59
CallbackFormEmailModal
Array
(
    [name] => janice4@8letter.site
    [phone] => 89419182999
    [formname] => Обратная связь
)

------------------------

------------------------
29.01.2024 10:52:03
CallbackFormEmailModal
Array
(
    [name] => indomitowot@outlook.com
    [phone] => 88539688331
    [formname] => Обратная связь
)

------------------------

------------------------
29.01.2024 10:55:15
CallbackFormEmailModal
Array
(
    [name] => kacie_vanhekken60@rambler.ru
    [phone] => 88992728591
    [formname] => Обратная связь
)

------------------------

------------------------
29.01.2024 12:18:41
CallbackFormEmailModal
Array
(
    [name] => elizabethqwr27wt@gmail.com
    [phone] => 89632234976
    [formname] => Обратная связь
)

------------------------

------------------------
29.01.2024 15:29:55
CallbackFormEmailModal
Array
(
    [name] => indomitowot@outlook.com
    [phone] => 84995716365
    [formname] => Обратная связь
)

------------------------

------------------------
29.01.2024 16:05:48
CallbackFormEmailModal
Array
(
    [name] => mech.1972.1218@gmail.com
    [phone] => 85295613569
    [formname] => Обратная связь
)

------------------------

------------------------
29.01.2024 19:11:32
CallbackFormEmailModal
Array
(
    [name] => orl-yaroslav@yandex.ru
    [phone] => 88003334455
    [formname] => Обратная связь
)

------------------------

------------------------
29.01.2024 19:17:12
CallbackFormEmailModal
Array
(
    [name] => maximmad222@yandex.ru
    [phone] => 81391461413
    [formname] => Обратная связь
)

------------------------

------------------------
29.01.2024 21:38:40
CallbackFormEmailModal
Array
(
    [name] => indomitowot@outlook.com
    [phone] => 84457562636
    [formname] => Обратная связь
)

------------------------

------------------------
29.01.2024 21:52:47
CallbackFormEmailModal
Array
(
    [name] => evgenevna5qdk@gmail.com
    [phone] => 84262278747
    [formname] => Обратная связь
)

------------------------

------------------------
29.01.2024 23:51:20
CallbackFormEmailModal
Array
(
    [name] => collin49@posti8.site
    [phone] => 87682923852
    [formname] => Обратная связь
)

------------------------
