
------------------------
07.07.2024 0:21:49
CallbackFormEmailModal
Array
(
    [name] => andreysimonov146@gmail.com
    [phone] => 89346957479
    [formname] => Обратная связь
)

------------------------

------------------------
07.07.2024 2:37:00
CallbackFormEmailModal
Array
(
    [name] => 20xrumer2@farironalds.com
    [phone] => 82144286333
    [formname] => Обратная связь
)

------------------------

------------------------
07.07.2024 2:39:37
CallbackFormEmailModal
Array
(
    [name] => kfnismwjjel@rudiplomust.cm
    [phone] => 87485653719
    [formname] => Обратная связь
)

------------------------

------------------------
07.07.2024 2:42:53
CallbackFormEmailModal
Array
(
    [name] => enrkvewsmel@rudiplomust.com
    [phone] => 88842828687
    [formname] => Обратная связь
)

------------------------

------------------------
07.07.2024 4:22:21
CallbackFormEmailModal
Array
(
    [name] => vladimirflorenko18@gmail.com
    [phone] => 84311243846
    [formname] => Обратная связь
)

------------------------

------------------------
07.07.2024 5:25:31
CallbackFormEmailModal
Array
(
    [name] => 34xrumer2@farironalds.com
    [phone] => 84612547373
    [formname] => Обратная связь
)

------------------------

------------------------
07.07.2024 9:14:56
CallbackFormEmailModal
Array
(
    [name] => efwatihqzel@rudiplomust.com
    [phone] => 83135986333
    [formname] => Обратная связь
)

------------------------

------------------------
07.07.2024 9:17:05
CallbackFormEmailModal
Array
(
    [name] => bewaeucgpel@rudiplomust.com
    [phone] => 81819739619
    [formname] => Обратная связь
)

------------------------

------------------------
07.07.2024 9:57:04
CallbackFormEmailModal
Array
(
    [name] => admin@bohemia-tor-market.com
    [phone] => 85657955174
    [formname] => Обратная связь
)

------------------------

------------------------
07.07.2024 10:55:45
CallbackFormEmailModal
Array
(
    [name] => paweleybak223@int.pl
    [phone] => 85913786266
    [formname] => Обратная связь
)

------------------------

------------------------
07.07.2024 13:41:32
CallbackFormEmailModal
Array
(
    [name] => cqblmbphgel@rudiplomust.com
    [phone] => 88252192761
    [formname] => Обратная связь
)

------------------------

------------------------
07.07.2024 13:41:39
CallbackFormEmailModal
Array
(
    [name] => uevuwwtckel@rudiplomust.com
    [phone] => 88335584482
    [formname] => Обратная связь
)

------------------------

------------------------
07.07.2024 13:53:56
CallbackFormEmailModal
Array
(
    [name] => nasty-kiska367@mail.ru
    [phone] => 84995876912
    [formname] => Обратная связь
)

------------------------

------------------------
07.07.2024 14:58:04
CallbackFormEmailModal
Array
(
    [name] => howptuqsmel@rudiplomust.com
    [phone] => 85134828289
    [formname] => Обратная связь
)

------------------------

------------------------
07.07.2024 15:03:49
CallbackFormEmailModal
Array
(
    [name] => kqpoqmzdeel@rudiplomust.com
    [phone] => 82292587131
    [formname] => Обратная связь
)

------------------------

------------------------
07.07.2024 15:45:02
CallbackFormEmailModal
Array
(
    [name] => opdbfyqdpel@rudiplomust.com
    [phone] => 88693655893
    [formname] => Обратная связь
)

------------------------

------------------------
07.07.2024 16:55:57
CallbackFormEmailModal
Array
(
    [name] => guazlydepel@rudiplomust.com
    [phone] => 82584535885
    [formname] => Обратная связь
)

------------------------

------------------------
07.07.2024 17:08:37
CallbackFormEmailModal
Array
(
    [name] => chebakulinakarasevna@gmail.com
    [phone] => 86951423867
    [formname] => Обратная связь
)

------------------------

------------------------
07.07.2024 19:27:41
CallbackFormEmailModal
Array
(
    [name] => ilzdffwjpel@rudiplomust.com
    [phone] => 89947263884
    [formname] => Обратная связь
)

------------------------

------------------------
07.07.2024 19:46:27
CallbackFormEmailModal
Array
(
    [name] => recdetil1984@rknantispam.org
    [phone] => 89196268733
    [formname] => Обратная связь
)

------------------------

------------------------
07.07.2024 19:56:04
CallbackFormEmailModal
Array
(
    [name] => nymphvfdyel@rudiplomust.com
    [phone] => 81196329523
    [formname] => Обратная связь
)

------------------------

------------------------
07.07.2024 20:04:59
CallbackFormEmailModal
Array
(
    [name] => wdzcwmbssel@rudiplomust.com
    [phone] => 89931328341
    [formname] => Обратная связь
)

------------------------

------------------------
07.07.2024 20:07:15
CallbackFormEmailModal
Array
(
    [name] => 1@www-marketing.ru
    [phone] => 84216226547
    [formname] => Обратная связь
)

------------------------

------------------------
07.07.2024 22:27:44
CallbackFormEmailModal
Array
(
    [name] => ernautdatheand6c0+lb3jncp77j@gmail.com
    [phone] => ernautdatheand6c0+lb3jncp77j@gmail.com
    [formname] => Обратная связь
)

------------------------

------------------------
07.07.2024 22:27:47
CallbackFormEmailModal
Array
(
    [name] => ernautdatheand6c0+lb3jncp77j@gmail.com
    [phone] => ernautdatheand6c0+lb3jncp77j@gmail.com
    [formname] => Обратная связь
)

------------------------

------------------------
07.07.2024 22:35:45
CallbackFormEmailModal
Array
(
    [name] => yana.goryunova.30.06.1987@mail.ru
    [phone] => 88328556216
    [formname] => Обратная связь
)

------------------------

------------------------
07.07.2024 22:40:36
CallbackFormEmailModal
Array
(
    [name] => oarpdeauhel@rudiplomust.com
    [phone] => 85179731625
    [formname] => Обратная связь
)

------------------------

------------------------
07.07.2024 23:09:39
CallbackFormEmailModal
Array
(
    [name] => lpgsiyixyel@rudiplomust.com
    [phone] => 83193516133
    [formname] => Обратная связь
)

------------------------

------------------------
07.07.2024 23:09:58
CallbackFormEmailModal
Array
(
    [name] => rdjdoikcrel@rudiplomust.com
    [phone] => 87311678511
    [formname] => Обратная связь
)

------------------------

------------------------
07.07.2024 23:36:10
CallbackFormEmailModal
Array
(
    [name] => grossekalluswko9l2+lb3jncp7b0@gmail.com
    [phone] => grossekalluswko9l2+lb3jncp7b0@gmail.com
    [formname] => Обратная связь
)

------------------------

------------------------
07.07.2024 23:36:12
CallbackFormEmailModal
Array
(
    [name] => grossekalluswko9l2+lb3jncp7b0@gmail.com
    [phone] => grossekalluswko9l2+lb3jncp7b0@gmail.com
    [formname] => Обратная связь
)

------------------------
