
------------------------
24.02.2025 1:02:14
CallbackFormEmailModal
Array
(
    [name] => qywskkhxiei@rudiplomust.com
    [phone] => 88632638858
    [formname] => Обратная связь
)

------------------------

------------------------
24.02.2025 2:53:56
CallbackFormEmailModal
Array
(
    [name] => aferreira1@carolina.rr.com
    [phone] => 81346318137
    [formname] => Обратная связь
)

------------------------

------------------------
24.02.2025 5:02:17
CallbackFormEmailModal
Array
(
    [name] => luigiholmen1968@onet.com.pl
    [phone] => 85578183688
    [formname] => Обратная связь
)

------------------------

------------------------
24.02.2025 5:14:31
CallbackFormEmailModal
Array
(
    [name] => maryannbloom1989@directinboxs.com
    [phone] => 87769567316
    [formname] => Обратная связь
)

------------------------

------------------------
24.02.2025 5:37:38
CallbackFormEmailModal
Array
(
    [name] => artalisochi@gmail.com
    [phone] => 87222786845
    [formname] => Обратная связь
)

------------------------

------------------------
24.02.2025 7:27:13
CallbackFormEmailModal
Array
(
    [name] => oagdzlhjgSi@rudiplomust.com
    [phone] => 81956874548
    [formname] => Обратная связь
)

------------------------

------------------------
24.02.2025 8:23:22
CallbackFormEmailModal
Array
(
    [name] => emodfshwcel@rudiplomust.com
    [phone] => 87932322644
    [formname] => Обратная связь
)

------------------------

------------------------
24.02.2025 10:52:44
CallbackFormEmailModal
Array
(
    [name] => jxkfay@goshop1888.shop
    [phone] => 82664213645
    [formname] => Обратная связь
)

------------------------

------------------------
24.02.2025 12:07:49
CallbackFormEmailModal
Array
(
    [name] => space@hyper.ai
    [phone] => 81794127149
    [formname] => Обратная связь
)

------------------------

------------------------
24.02.2025 14:00:30
CallbackFormEmailModal
Array
(
    [name] => barbariska8912@gmail.com
    [phone] => 82112418393
    [formname] => Обратная связь
)

------------------------

------------------------
24.02.2025 16:10:39
CallbackFormEmailModal
Array
(
    [name] => trevespher@gismail.online

    [phone] => 83524565384
    [formname] => Обратная связь
)

------------------------

------------------------
24.02.2025 16:45:41
CallbackFormEmailModal
Array
(
    [name] => admins@remsanteh-groupe.com.ua
    [phone] => 86578546626
    [formname] => Обратная связь
)

------------------------

------------------------
24.02.2025 16:47:17
CallbackFormEmailModal
Array
(
    [name] => bajvysfz@maillv.com
    [phone] => 84738736412
    [formname] => Обратная связь
)

------------------------

------------------------
24.02.2025 17:19:05
CallbackFormEmailModal
Array
(
    [name] => snpstgrqpel@rudiplomust.com
    [phone] => 88895731748
    [formname] => Обратная связь
)

------------------------

------------------------
24.02.2025 19:28:59
CallbackFormEmailModal
Array
(
    [name] => Дмитрий
    [phone] => +7(927)845-88-93
    [formname] => Обратная связь
)

------------------------

------------------------
24.02.2025 19:29:21
CallbackFormEmailModal
Array
(
    [name] => Дмитрий
    [phone] => +7(927)845-88-93
    [formname] => Обратная связь
)

------------------------

------------------------
24.02.2025 21:30:52
CallbackFormEmailModal
Array
(
    [name] => michaelLycle@mail.ru
    [phone] => 87684913498
    [formname] => Обратная связь
)

------------------------

------------------------
24.02.2025 23:18:18
CallbackFormEmailModal
Array
(
    [name] => xxgpuggpvel@rudiplomust.com
    [phone] => 84588278235
    [formname] => Обратная связь
)

------------------------

------------------------
24.02.2025 23:21:04
CallbackFormEmailModal
Array
(
    [name] => barbariska8912@gmail.com
    [phone] => 86414577692
    [formname] => Обратная связь
)

------------------------
