
------------------------
30.11.2022 2:42:10
CallbackFormEmailModal
Array
(
    [name] => no-replysuinuts@gmail.com
    [phone] => 86195217544
    [formname] => Обратная связь
)

------------------------

------------------------
30.11.2022 12:26:40
CallbackFormEmailModal
Array
(
    [name] => tniklos@yandex.com
    [phone] => 84239236944
    [formname] => Обратная связь
)

------------------------

------------------------
30.11.2022 15:20:42
CallbackFormEmailModal
Array
(
    [name] => gusgirardi@bumss.fun
    [phone] => 82326412749
    [formname] => Обратная связь
)

------------------------

------------------------
30.11.2022 17:39:02
CallbackFormEmailModal
Array
(
    [name] => kopmh6156@studwork.su
    [phone] => 82526796975
    [formname] => Обратная связь
)

------------------------

------------------------
30.11.2022 19:10:28
CallbackFormEmailModal
Array
(
    [name] => monteca92@mail.ru
    [phone] => 86127413566
    [formname] => Обратная связь
)

------------------------

------------------------
30.11.2022 22:08:59
CallbackFormEmailModal
Array
(
    [name] => deptransrzhddg@mail.ru
    [phone] => 87615613285
    [formname] => Обратная связь
)

------------------------

------------------------
30.11.2022 22:18:45
CallbackFormEmailModal
Array
(
    [name] => seoweb234@gmail.com
    [phone] => 86945131577
    [formname] => Обратная связь
)

------------------------
