
------------------------
10.12.2021 11:45:19
Order
Array
(
    [name] => Пушарев в в 
    [email] => krasnokamsk_smu@mail.ru
    [phone] => +7-952-335-3112
    [comment] => Сварной  настил SP 34х38/30х3 Zn 800х1000 мм, кол-во: 1, цена: 4250руб.
Лестничная ступень SР 34х38/30х2 Zn 800х240 мм, кол-во: 1, цена: 1480руб.
Способ доставки: Самовывоз со склада
Выберите способ оплаты: Оплата наличным

Комментарий к заказу: 

    [formname] => Заказ из корзины
    [fields] => Array
        (
            [price] => 14610
        )

)

------------------------
