
------------------------
16.10.2023 1:19:41
CallbackFormEmailModal
Array
(
    [name] => evgen@posti8.site
    [phone] => 89225653954
    [formname] => Обратная связь
)

------------------------

------------------------
16.10.2023 1:49:46
CallbackFormEmailModal
Array
(
    [name] => norealeo@yandex.com
    [phone] => 82248276871
    [formname] => Обратная связь
)

------------------------

------------------------
16.10.2023 2:16:50
CallbackFormEmailModal
Array
(
    [name] => 123@gruz0perevozki.site
    [phone] => 83158933593
    [formname] => Обратная связь
)

------------------------

------------------------
16.10.2023 3:47:03
CallbackEmailModal
Array
(
    [name] => guillably@hmaill.xyz
    [phone] => 84763358929
    [comment] => Название продуката: Лестничная ступень SР 34х38/30х2 Zn 600х240 мм
Комменатрий: <a href=https://cials.yachts>buy cialis online safely</a> A Markov model incorporated locoregional, contralateral, and metastatic recurrences
    [formname] => Задать вопрос по товару
)

------------------------

------------------------
16.10.2023 8:18:31
CallbackFormEmailModal
Array
(
    [name] => osend5462@gmail.com
    [phone] => 84286775877
    [formname] => Обратная связь
)

------------------------

------------------------
16.10.2023 9:49:35
CallbackFormEmailModal
Array
(
    [name] => daniil.cherepanovrfx@yandex.ru
    [phone] => 85954821911
    [formname] => Обратная связь
)

------------------------

------------------------
16.10.2023 10:10:07
CallbackFormEmailModal
Array
(
    [name] => yourmail@gmail.com
    [phone] => 84921497243
    [formname] => Обратная связь
)

------------------------

------------------------
16.10.2023 12:38:34
CallbackFormEmailModal
Array
(
    [name] => yourmail@gmail.com
    [phone] => 82261196655
    [formname] => Обратная связь
)

------------------------

------------------------
16.10.2023 14:59:09
CallbackFormEmailModal
Array
(
    [name] => yiwxadpinkn@poochta.ru
    [phone] => 87279296148
    [formname] => Обратная связь
)

------------------------

------------------------
16.10.2023 17:07:27
CallbackFormModal
Array
(
    [name] => Андрей
    [phone] => +7(951)645-16-61
    [formname] => Заказать звонок
)

------------------------

------------------------
16.10.2023 18:54:33
CallbackFormEmailModal
Array
(
    [name] => valitov3984@outlook.com
    [phone] => 83345495814
    [formname] => Обратная связь
)

------------------------

------------------------
16.10.2023 23:40:38
CallbackFormEmailModal
Array
(
    [name] => callvisvetlana@list.ru
    [phone] => 81586655229
    [formname] => Обратная связь
)

------------------------

------------------------
16.10.2023 23:40:38
CallbackFormEmailModal
Array
(
    [name] => mitaxebandilis@gmail.com
    [phone] => 85361792651
    [formname] => Обратная связь
)

------------------------

------------------------
16.10.2023 23:43:04
CallbackFormEmailModal
Array
(
    [name] => norealeo@yandex.com
    [phone] => 85382167494
    [formname] => Обратная связь
)

------------------------
