
------------------------
15.02.2026 15:03:14
CallbackFormEmailModal
Array
(
    [name] => ramyl_gilmanov@mail.ru
    [phone] => 85444852916
    [formname] => Обратная связь
)

------------------------

------------------------
15.02.2026 15:38:59
CallbackFormEmailModal
Array
(
    [name] => Сергей
    [phone] => 79960929710
    [formname] => Обратная связь
)

------------------------

------------------------
15.02.2026 15:39:02
CallbackFormEmailModal
Array
(
    [name] => Алёна
    [phone] => 79969105453
    [formname] => Обратная связь
)

------------------------

------------------------
15.02.2026 15:43:21
CallbackFormEmailModal
Array
(
    [name] => Алёна
    [phone] => 79969105453
    [formname] => Обратная связь
)

------------------------

------------------------
15.02.2026 22:03:17
CallbackFormEmailModal
Array
(
    [name] => s.d.j.fh.b.njew.31.5@gmail.com
    [phone] => 84349178834
    [formname] => Обратная связь
)

------------------------
