
------------------------
19.08.2024 0:05:22
CallbackFormEmailModal
Array
(
    [name] => dfggdshgfre@gmail.com
    [phone] => 87673687736
    [formname] => Обратная связь
)

------------------------

------------------------
19.08.2024 0:32:35
CallbackFormEmailModal
Array
(
    [name] => base8881910@inbox.ru
    [phone] => 79104489149
    [formname] => Обратная связь
)

------------------------

------------------------
19.08.2024 6:24:46
CallbackFormEmailModal
Array
(
    [name] => elfridabolshakova901892@mail.ru
    [phone] => 89299929366
    [formname] => Обратная связь
)

------------------------

------------------------
19.08.2024 10:06:45
CallbackFormEmailModal
Array
(
    [name] => danilova_4jl5j@rambler.ru
    [phone] => 83853592154
    [formname] => Обратная связь
)

------------------------

------------------------
19.08.2024 10:16:59
CallbackFormEmailModal
Array
(
    [name] => lukyanovakornelia@yandex.com
    [phone] => 82731542244
    [formname] => Обратная связь
)

------------------------

------------------------
19.08.2024 13:12:08
CallbackFormEmailModal
Array
(
    [name] => andreysimonov146@gmail.com
    [phone] => 81475932947
    [formname] => Обратная связь
)

------------------------

------------------------
19.08.2024 14:05:21
CallbackFormEmailModal
Array
(
    [name] => stakesale4@gmail.com
    [phone] => 88876413969
    [formname] => Обратная связь
)

------------------------

------------------------
19.08.2024 17:13:16
CallbackFormEmailModal
Array
(
    [name] => alexpopov716253@gmail.com
    [phone] => 84121746134
    [formname] => Обратная связь
)

------------------------

------------------------
19.08.2024 17:29:22
CallbackFormEmailModal
Array
(
    [name] => mosuphy@mail3go.online

    [phone] => 81722562147
    [formname] => Обратная связь
)

------------------------

------------------------
19.08.2024 17:37:11
CallbackFormEmailModal
Array
(
    [name] => wx12lihe[exygyzotorygetit,2,5]@wxlihe1393.com
    [phone] => 86675945696
    [formname] => Обратная связь
)

------------------------

------------------------
19.08.2024 21:14:22
CallbackFormEmailModal
Array
(
    [name] => maksimo@xrevelxr.com
    [phone] => 87466835571
    [formname] => Обратная связь
)

------------------------
