
------------------------
20.08.2025 4:20:29
CallbackFormEmailModal
Array
(
    [name] => sergowor.king.7.18@gmail.com
    [phone] => 81353372588
    [formname] => Обратная связь
)

------------------------

------------------------
20.08.2025 7:49:27
CallbackFormEmailModal
Array
(
    [name] => rereereerere@gmail.com
    [phone] => 85954492221
    [formname] => Обратная связь
)

------------------------

------------------------
20.08.2025 8:54:12
CallbackFormEmailModal
Array
(
    [name] => ivanovxumen@gmail.com
    [phone] => 88795415997
    [formname] => Обратная связь
)

------------------------

------------------------
20.08.2025 12:05:48
CallbackFormEmailModal
Array
(
    [name] => rzeydqvq@streetwormail.com
    [phone] => 81687688722
    [formname] => Обратная связь
)

------------------------

------------------------
20.08.2025 14:53:14
CallbackFormEmailModal
Array
(
    [name] => jolt-sublet-aliens@duck.com
    [phone] => 82917375927
    [formname] => Обратная связь
)

------------------------

------------------------
20.08.2025 15:59:53
CallbackFormEmailModal
Array
(
    [name] => robertNub@mail.ru
    [phone] => 82841376686
    [formname] => Обратная связь
)

------------------------

------------------------
20.08.2025 17:46:12
CallbackFormEmailModal
Array
(
    [name] => irinademenkova86@gmail.com
    [phone] => 83976611987
    [formname] => Обратная связь
)

------------------------

------------------------
20.08.2025 18:39:38
CallbackFormEmailModal
Array
(
    [name] => fsfsjcuyv@gmail.com
    [phone] => 85834736117
    [formname] => Обратная связь
)

------------------------

------------------------
20.08.2025 21:59:46
CallbackFormEmailModal
Array
(
    [name] => wu5416370@gmail.com
    [phone] => 82316966985
    [formname] => Обратная связь
)

------------------------

------------------------
20.08.2025 23:15:29
CallbackFormEmailModal
Array
(
    [name] => revers711@1ti.ru
    [phone] => 89914588349
    [formname] => Обратная связь
)

------------------------
