
------------------------
28.05.2025 3:04:57
CallbackFormEmailModal
Array
(
    [name] => bajvysfz@maillv.com
    [phone] => 81345199267
    [formname] => Обратная связь
)

------------------------

------------------------
28.05.2025 4:44:01
CallbackFormEmailModal
Array
(
    [name] => 7681@dorapepe.pro
    [phone] => 85753418585
    [formname] => Обратная связь
)

------------------------

------------------------
28.05.2025 7:41:37
CallbackFormEmailModal
Array
(
    [name] => bykovputislav7343@bk.ru
    [phone] => 89473211169
    [formname] => Обратная связь
)

------------------------

------------------------
28.05.2025 7:53:16
CallbackFormEmailModal
Array
(
    [name] => subbotinalenara88@mail.ru
    [phone] => 83868831748
    [formname] => Обратная связь
)

------------------------

------------------------
28.05.2025 8:21:42
CallbackFormEmailModal
Array
(
    [name] => amabil.6002@mail.ru
    [phone] => 83653319379
    [formname] => Обратная связь
)

------------------------

------------------------
28.05.2025 8:30:01
CallbackFormEmailModal
Array
(
    [name] => inna.kortneva.69@mail.ru
    [phone] => 82354189412
    [formname] => Обратная связь
)

------------------------

------------------------
28.05.2025 8:39:46
CallbackFormEmailModal
Array
(
    [name] => valeriakikhtenko19.96@gmail.com
    [phone] => 84232814836
    [formname] => Обратная связь
)

------------------------

------------------------
28.05.2025 9:10:41
CallbackFormEmailModal
Array
(
    [name] => kskoxim@inbox.ru
    [phone] => 87339967345
    [formname] => Обратная связь
)

------------------------

------------------------
28.05.2025 9:15:48
CallbackFormEmailModal
Array
(
    [name] => polyakovdanila19908366@mail.ru
    [phone] => 89322482137
    [formname] => Обратная связь
)

------------------------

------------------------
28.05.2025 9:21:15
CallbackFormEmailModal
Array
(
    [name] => combontsegal37@mail.ru
    [phone] => 86155881419
    [formname] => Обратная связь
)

------------------------

------------------------
28.05.2025 9:54:44
CallbackFormEmailModal
Array
(
    [name] => dolnovam@mail.ru
    [phone] => 88645253336
    [formname] => Обратная связь
)

------------------------

------------------------
28.05.2025 9:59:20
CallbackFormEmailModal
Array
(
    [name] => panova.elena.1992.23.11@bk.ru
    [phone] => 85686734556
    [formname] => Обратная связь
)

------------------------

------------------------
28.05.2025 12:12:16
CallbackFormEmailModal
Array
(
    [name] => fgrggfg@gmail.ru
    [phone] => 87999754115
    [formname] => Обратная связь
)

------------------------

------------------------
28.05.2025 12:25:29
CallbackFormEmailModal
Array
(
    [name] => prohor.zlobin.14.11.1987@mail.ru
    [phone] => 88987323232
    [formname] => Обратная связь
)

------------------------

------------------------
28.05.2025 12:25:32
CallbackFormEmailModal
Array
(
    [name] => ignatevipatii19908014@mail.ru
    [phone] => 81379465319
    [formname] => Обратная связь
)

------------------------

------------------------
28.05.2025 12:31:49
CallbackFormEmailModal
Array
(
    [name] => edbutaldog1984@mail.ru
    [phone] => 83943984699
    [formname] => Обратная связь
)

------------------------

------------------------
28.05.2025 13:24:45
CallbackFormEmailModal
Array
(
    [name] => naphtloxua-5550@mail.ru
    [phone] => 86985461191
    [formname] => Обратная связь
)

------------------------

------------------------
28.05.2025 13:27:03
CallbackFormEmailModal
Array
(
    [name] => michaelLycle@mail.ru
    [phone] => 81865563149
    [formname] => Обратная связь
)

------------------------

------------------------
28.05.2025 16:26:02
CallbackFormEmailModal
Array
(
    [name] => martakalinina84@mail.ru
    [phone] => 88654439131
    [formname] => Обратная связь
)

------------------------

------------------------
28.05.2025 18:08:19
CallbackFormEmailModal
Array
(
    [name] => wqvogpspgmail.com
    [phone] => 81249624171
    [formname] => Обратная связь
)

------------------------

------------------------
28.05.2025 23:44:51
CallbackFormEmailModal
Array
(
    [name] => ka.rne.e.va.i7.1.@gmail.com
    [phone] => 82668258134
    [formname] => Обратная связь
)

------------------------
