
------------------------
25.10.2022 5:09:25
CallbackFormEmailModal
Array
(
    [name] => stanislavake1laz@outlook.com
    [phone] => stanislavake1laz@outlook.com
    [formname] => Обратная связь
)

------------------------

------------------------
25.10.2022 5:09:59
CallbackFormEmailModal
Array
(
    [name] => stanislavake1laz@outlook.com
    [phone] => stanislavake1laz@outlook.com
    [formname] => Обратная связь
)

------------------------

------------------------
25.10.2022 5:11:59
CallbackFormEmailModal
Array
(
    [name] => stanislavake1laz@outlook.com
    [phone] => stanislavake1laz@outlook.com
    [formname] => Обратная связь
)

------------------------

------------------------
25.10.2022 5:12:35
CallbackFormEmailModal
Array
(
    [name] => stanislavake1laz@outlook.com
    [phone] => stanislavake1laz@outlook.com
    [formname] => Обратная связь
)

------------------------

------------------------
25.10.2022 5:14:05
CallbackFormEmailModal
Array
(
    [name] => stanislavake1laz@outlook.com
    [phone] => stanislavake1laz@outlook.com
    [formname] => Обратная связь
)

------------------------

------------------------
25.10.2022 5:14:32
CallbackFormEmailModal
Array
(
    [name] => stanislavake1laz@outlook.com
    [phone] => stanislavake1laz@outlook.com
    [formname] => Обратная связь
)

------------------------

------------------------
25.10.2022 5:16:19
CallbackFormEmailModal
Array
(
    [name] => stanislavake1laz@outlook.com
    [phone] => stanislavake1laz@outlook.com
    [formname] => Обратная связь
)

------------------------

------------------------
25.10.2022 5:16:40
CallbackFormEmailModal
Array
(
    [name] => stanislavake1laz@outlook.com
    [phone] => stanislavake1laz@outlook.com
    [formname] => Обратная связь
)

------------------------

------------------------
25.10.2022 5:18:27
CallbackFormEmailModal
Array
(
    [name] => stanislavake1laz@outlook.com
    [phone] => stanislavake1laz@outlook.com
    [formname] => Обратная связь
)

------------------------

------------------------
25.10.2022 5:18:47
CallbackFormEmailModal
Array
(
    [name] => stanislavake1laz@outlook.com
    [phone] => stanislavake1laz@outlook.com
    [formname] => Обратная связь
)

------------------------

------------------------
25.10.2022 5:20:41
CallbackFormEmailModal
Array
(
    [name] => stanislavake1laz@outlook.com
    [phone] => stanislavake1laz@outlook.com
    [formname] => Обратная связь
)

------------------------

------------------------
25.10.2022 5:21:08
CallbackFormEmailModal
Array
(
    [name] => stanislavake1laz@outlook.com
    [phone] => stanislavake1laz@outlook.com
    [formname] => Обратная связь
)

------------------------

------------------------
25.10.2022 5:22:14
CallbackFormEmailModal
Array
(
    [name] => stanislavake1laz@outlook.com
    [phone] => stanislavake1laz@outlook.com
    [formname] => Обратная связь
)

------------------------

------------------------
25.10.2022 5:22:35
CallbackFormEmailModal
Array
(
    [name] => stanislavake1laz@outlook.com
    [phone] => stanislavake1laz@outlook.com
    [formname] => Обратная связь
)

------------------------

------------------------
25.10.2022 5:24:08
CallbackFormEmailModal
Array
(
    [name] => stanislavake1laz@outlook.com
    [phone] => stanislavake1laz@outlook.com
    [formname] => Обратная связь
)

------------------------

------------------------
25.10.2022 5:24:39
CallbackFormEmailModal
Array
(
    [name] => stanislavake1laz@outlook.com
    [phone] => stanislavake1laz@outlook.com
    [formname] => Обратная связь
)

------------------------

------------------------
25.10.2022 5:25:26
CallbackFormEmailModal
Array
(
    [name] => stanislavake1laz@outlook.com
    [phone] => stanislavake1laz@outlook.com
    [formname] => Обратная связь
)

------------------------

------------------------
25.10.2022 5:25:48
CallbackFormEmailModal
Array
(
    [name] => stanislavake1laz@outlook.com
    [phone] => stanislavake1laz@outlook.com
    [formname] => Обратная связь
)

------------------------

------------------------
25.10.2022 5:26:33
CallbackFormEmailModal
Array
(
    [name] => stanislavake1laz@outlook.com
    [phone] => stanislavake1laz@outlook.com
    [formname] => Обратная связь
)

------------------------

------------------------
25.10.2022 6:09:18
CallbackFormEmailModal
Array
(
    [name] => Orierty@topnewmail.xyz
    [phone] => 86548368432
    [formname] => Обратная связь
)

------------------------

------------------------
25.10.2022 6:37:35
CallbackFormEmailModal
Array
(
    [name] => Orierty@topnewmail.xyz
    [phone] => 88973959562
    [formname] => Обратная связь
)

------------------------

------------------------
25.10.2022 23:35:03
CallbackFormEmailModal
Array
(
    [name] => no-replysuinuts@gmail.com
    [phone] => 82499352668
    [formname] => Обратная связь
)

------------------------

------------------------
25.10.2022 23:48:46
CallbackFormEmailModal
Array
(
    [name] => mudfeipoper198468@rambler.ru
    [phone] => +71231234567
    [formname] => Обратная связь
)

------------------------
