
------------------------
08.01.2024 1:11:30
CallbackFormEmailModal
Array
(
    [name] => noname@12stul.net
    [phone] => 82288277777
    [formname] => Обратная связь
)

------------------------

------------------------
08.01.2024 1:54:23
CallbackFormEmailModal
Array
(
    [name] => arturkamusicperson@gmail.com
    [phone] => 86551818745
    [formname] => Обратная связь
)

------------------------

------------------------
08.01.2024 2:37:45
CallbackFormEmailModal
Array
(
    [name] => indomitowot@outlook.com
    [phone] => 89393936482
    [formname] => Обратная связь
)

------------------------

------------------------
08.01.2024 6:09:18
CallbackFormEmailModal
Array
(
    [name] => yourmail@gmail.com
    [phone] => 81442396431
    [formname] => Обратная связь
)

------------------------

------------------------
08.01.2024 8:18:40
CallbackFormEmailModal
Array
(
    [name] => dmb7121993@gmail.com
    [phone] => 85978552716
    [formname] => Обратная связь
)

------------------------

------------------------
08.01.2024 8:59:11
CallbackFormEmailModal
Array
(
    [name] => tracexalpi@mailcos.site

    [phone] => 89919174595
    [formname] => Обратная связь
)

------------------------

------------------------
08.01.2024 13:56:11
CallbackFormEmailModal
Array
(
    [name] => indomitowot@outlook.com
    [phone] => 83946125321
    [formname] => Обратная связь
)

------------------------

------------------------
08.01.2024 16:41:58
CallbackFormEmailModal
Array
(
    [name] => bigendrakoli4335@mail.ru
    [phone] => 89367126316
    [formname] => Обратная связь
)

------------------------

------------------------
08.01.2024 16:42:06
CallbackFormEmailModal
Array
(
    [name] => somalkeriz@mail.ru
    [phone] => 84956188594
    [formname] => Обратная связь
)

------------------------

------------------------
08.01.2024 16:52:16
CallbackFormEmailModal
Array
(
    [name] => gelibomenlo6420@mail.ru
    [phone] => 89597672397
    [formname] => Обратная связь
)

------------------------

------------------------
08.01.2024 16:54:05
CallbackFormEmailModal
Array
(
    [name] => paraipastmi@list.ru
    [phone] => 84988846534
    [formname] => Обратная связь
)

------------------------

------------------------
08.01.2024 16:57:00
CallbackFormEmailModal
Array
(
    [name] => sirolmitoma6815@mail.ru
    [phone] => 85468826392
    [formname] => Обратная связь
)

------------------------

------------------------
08.01.2024 17:01:26
CallbackFormEmailModal
Array
(
    [name] => juncpecni1980@mail.ru
    [phone] => 81799537119
    [formname] => Обратная связь
)

------------------------

------------------------
08.01.2024 17:09:20
CallbackFormEmailModal
Array
(
    [name] => kaapkaksih@mail.ru
    [phone] => 84325319212
    [formname] => Обратная связь
)

------------------------

------------------------
08.01.2024 17:16:04
CallbackFormEmailModal
Array
(
    [name] => kaobkammid@mail.ru
    [phone] => 81744285425
    [formname] => Обратная связь
)

------------------------

------------------------
08.01.2024 17:17:08
CallbackFormEmailModal
Array
(
    [name] => mazunyzhcn@mail.ru
    [phone] => 82794841137
    [formname] => Обратная связь
)

------------------------

------------------------
08.01.2024 17:21:44
CallbackFormEmailModal
Array
(
    [name] => ogvienow1990@mail.ru
    [phone] => 83278416248
    [formname] => Обратная связь
)

------------------------

------------------------
08.01.2024 17:22:48
CallbackFormEmailModal
Array
(
    [name] => gubetride@inbox.ru
    [phone] => 87822514412
    [formname] => Обратная связь
)

------------------------

------------------------
08.01.2024 17:23:41
CallbackFormEmailModal
Array
(
    [name] => naelbarad@mail.ru
    [phone] => 82524188563
    [formname] => Обратная связь
)

------------------------

------------------------
08.01.2024 17:26:37
CallbackFormEmailModal
Array
(
    [name] => saakian.vova.1985.13.9@list.ru
    [phone] => 81283787851
    [formname] => Обратная связь
)

------------------------

------------------------
08.01.2024 17:28:53
CallbackFormEmailModal
Array
(
    [name] => titova.polina.1981.15.12@list.ru
    [phone] => 83797185661
    [formname] => Обратная связь
)

------------------------

------------------------
08.01.2024 17:33:39
CallbackFormEmailModal
Array
(
    [name] => dzurecrapo@inbox.ru
    [phone] => 83897317361
    [formname] => Обратная связь
)

------------------------

------------------------
08.01.2024 17:35:32
CallbackFormEmailModal
Array
(
    [name] => privvenloo1993@mail.ru
    [phone] => 88725781135
    [formname] => Обратная связь
)

------------------------

------------------------
08.01.2024 17:38:04
CallbackFormEmailModal
Array
(
    [name] => woodbpurne1983@mail.ru
    [phone] => 82768954751
    [formname] => Обратная связь
)

------------------------

------------------------
08.01.2024 17:41:28
CallbackFormEmailModal
Array
(
    [name] => tpaglapeapunctals6269@mail.ru
    [phone] => 85545133217
    [formname] => Обратная связь
)

------------------------

------------------------
08.01.2024 17:41:28
CallbackFormEmailModal
Array
(
    [name] => laagkimpmi@mail.ru
    [phone] => 82362811321
    [formname] => Обратная связь
)

------------------------

------------------------
08.01.2024 17:42:17
CallbackFormEmailModal
Array
(
    [name] => paraipastmi@list.ru
    [phone] => 84235782188
    [formname] => Обратная связь
)

------------------------

------------------------
08.01.2024 19:15:48
CallbackFormEmailModal
Array
(
    [name] => whomorib@mail.ru
    [phone] => 86213359154
    [formname] => Обратная связь
)

------------------------

------------------------
08.01.2024 20:06:37
CallbackFormEmailModal
Array
(
    [name] => daireclytib@mailcos.site

    [phone] => 89855581734
    [formname] => Обратная связь
)

------------------------

------------------------
08.01.2024 22:01:14
CallbackFormEmailModal
Array
(
    [name] => indomitowot@outlook.com
    [phone] => 82362723775
    [formname] => Обратная связь
)

------------------------

------------------------
08.01.2024 22:02:26
CallbackFormEmailModal
Array
(
    [name] => brian57white68as@rambler.ru
    [phone] => 87428635786
    [formname] => Обратная связь
)

------------------------

------------------------
08.01.2024 22:09:09
CallbackFormEmailModal
Array
(
    [name] => sogolkarleah2001@rambler.ru
    [phone] => 84993652321
    [formname] => Обратная связь
)

------------------------
