
------------------------
21.09.2023 6:10:54
CallbackFormEmailModal
Array
(
    [name] => famox1xmu1j9g9z@rambler.ru
    [phone] => 89797842469
    [formname] => Обратная связь
)

------------------------

------------------------
21.09.2023 7:17:53
CallbackFormEmailModal
Array
(
    [name] => vqjhobrt@mail.ru
    [phone] => +791234567903
    [formname] => Обратная связь
)

------------------------

------------------------
21.09.2023 8:03:29
CallbackFormEmailModal
Array
(
    [name] => A8616446312@yandex.ru                       Вадим 
    [phone] => +7(952)814-51-83
    [formname] => Обратная связь
)

------------------------

------------------------
21.09.2023 8:10:10
Order
Array
(
    [name] => Вадим Скоробогатов АО Дружба
    [email] => A8616446312@yandex.ru
    [phone] => +7-952-814-5183
    [comment] => Промышленный ТРАП W300 с вертикальным отводом DN160, кол-во: 1, цена: 17000руб.
Способ доставки: Самовывоз со склада
Выберите способ оплаты: Оплата на расчетный счет организации

Комментарий к заказу: 
Доставка ТК до г. Краснодар
    [formname] => Заказ из корзины
    [fields] => Array
        (
            [price] => 34000
        )

)

------------------------

------------------------
21.09.2023 9:47:58
CallbackFormEmailModal
Array
(
    [name] => viktor.konstantinov.69@list.ru

    [phone] => Thank you for registering - it was incredible and pleasant all the best http://stromsteel.ru ladonna
    [formname] => Обратная связь
)

------------------------

------------------------
21.09.2023 14:38:46
CallbackFormEmailModal
Array
(
    [name] => ihe9pvlvx2lh8p0@rambler.ru
    [phone] => 82742151813
    [formname] => Обратная связь
)

------------------------

------------------------
21.09.2023 16:51:56
CallbackFormEmailModal
Array
(
    [name] => starovojtovgeorgij8383@mail.ru
    [phone] => 81883232329
    [formname] => Обратная связь
)

------------------------

------------------------
21.09.2023 17:03:27
CallbackFormEmailModal
Array
(
    [name] => katia@posti8.site
    [phone] => 88872425474
    [formname] => Обратная связь
)

------------------------
