
------------------------
11.03.2024 0:38:00
CallbackFormEmailModal
Array
(
    [name] => jack56@kokomail.site
    [phone] => 84634468663
    [formname] => Обратная связь
)

------------------------

------------------------
11.03.2024 2:36:00
CallbackFormEmailModal
Array
(
    [name] => advup.marketing@gmail.com
    [phone] => 86425966474
    [formname] => Обратная связь
)

------------------------

------------------------
11.03.2024 4:00:10
CallbackFormEmailModal
Array
(
    [name] => mr1@25koles.ru
    [phone] => 86975448396
    [formname] => Обратная связь
)

------------------------

------------------------
11.03.2024 6:56:28
CallbackFormEmailModal
Array
(
    [name] => theastrilalap@mailcos.site

    [phone] => 87756735451
    [formname] => Обратная связь
)

------------------------

------------------------
11.03.2024 11:33:27
CallbackFormEmailModal
Array
(
    [name] => froeach12@rezka.wtf
    [phone] => 85228298896
    [formname] => Обратная связь
)

------------------------

------------------------
11.03.2024 11:39:40
CallbackFormEmailModal
Array
(
    [name] => Queerrixjivinge@softbox.site
    [phone] => 85662972786
    [formname] => Обратная связь
)

------------------------

------------------------
11.03.2024 12:55:09
CallbackFormEmailModal
Array
(
    [name] => evgenevna5qdk@gmail.com
    [phone] => 81589669928
    [formname] => Обратная связь
)

------------------------

------------------------
11.03.2024 14:15:14
CallbackFormEmailModal
Array
(
    [name] => aq27aqa@rambler.ru
    [phone] => 83627418582
    [formname] => Обратная связь
)

------------------------

------------------------
11.03.2024 15:29:37
CallbackFormEmailModal
Array
(
    [name] => oliviamillercqk@gmx.com
    [phone] => 84633863467
    [formname] => Обратная связь
)

------------------------

------------------------
11.03.2024 16:59:03
CallbackFormEmailModal
Array
(
    [name] => hfjgfghjfhjg@gmail.com
    [phone] => 82782198798
    [formname] => Обратная связь
)

------------------------

------------------------
11.03.2024 23:08:24
CallbackFormEmailModal
Array
(
    [name] => lucido.leinteract@gmail.com
    [phone] => 86697263167
    [formname] => Обратная связь
)

------------------------
