
------------------------
22.02.2025 2:15:39
CallbackFormEmailModal
Array
(
    [name] => mel@club-casino.ru
    [phone] => 81332899987
    [formname] => Обратная связь
)

------------------------

------------------------
22.02.2025 3:14:16
CallbackFormEmailModal
Array
(
    [name] => phkokowxfel@rudiplomust.com
    [phone] => 81731439836
    [formname] => Обратная связь
)

------------------------

------------------------
22.02.2025 4:15:51
CallbackFormEmailModal
Array
(
    [name] => hxinzddmdel@rudiplomust.com
    [phone] => 88524597163
    [formname] => Обратная связь
)

------------------------

------------------------
22.02.2025 8:03:43
CallbackFormEmailModal
Array
(
    [name] => nqbxnliqcel@rudiplomust.com
    [phone] => 82944991446
    [formname] => Обратная связь
)

------------------------

------------------------
22.02.2025 8:33:06
CallbackFormEmailModal
Array
(
    [name] => larg@largeheart.ru
    [phone] => 84415297382
    [formname] => Обратная связь
)

------------------------

------------------------
22.02.2025 9:17:55
CallbackFormEmailModal
Array
(
    [name] => zlzsiemjzSi@rudiplomust.com
    [phone] => 89828457767
    [formname] => Обратная связь
)

------------------------

------------------------
22.02.2025 10:42:43
CallbackFormEmailModal
Array
(
    [name] => irbufnronel@rudiplomust.com
    [phone] => 84188248117
    [formname] => Обратная связь
)

------------------------

------------------------
22.02.2025 11:40:16
CallbackFormEmailModal
Array
(
    [name] => xgltxmmehdwfpzmq@onet.pl
    [phone] => 89923298632
    [formname] => Обратная связь
)

------------------------

------------------------
22.02.2025 12:06:44
CallbackFormEmailModal
Array
(
    [name] => tteoixlskei@rudiplomust.com
    [phone] => 81452696449
    [formname] => Обратная связь
)

------------------------

------------------------
22.02.2025 12:21:05
CallbackFormEmailModal
Array
(
    [name] => avtocentravrora@gmail.com
    [phone] => 86837762762
    [formname] => Обратная связь
)

------------------------

------------------------
22.02.2025 12:37:06
CallbackFormEmailModal
Array
(
    [name] => ponomaryov.borya.1983@bk.ru
    [phone] => 87738781473
    [formname] => Обратная связь
)

------------------------

------------------------
22.02.2025 12:47:04
CallbackFormEmailModal
Array
(
    [name] => ropolkingta@mail.ru
    [phone] => 84481596332
    [formname] => Обратная связь
)

------------------------

------------------------
22.02.2025 12:47:41
CallbackFormEmailModal
Array
(
    [name] => kozlovvarlen19782037@mail.ru
    [phone] => 87545352182
    [formname] => Обратная связь
)

------------------------

------------------------
22.02.2025 12:53:23
CallbackFormEmailModal
Array
(
    [name] => stenlyKip@gmail.com
    [phone] => 88199925414
    [formname] => Обратная связь
)

------------------------

------------------------
22.02.2025 12:54:18
CallbackFormEmailModal
Array
(
    [name] => karina_platonova_31068@mail.ru
    [phone] => 88168395618
    [formname] => Обратная связь
)

------------------------

------------------------
22.02.2025 12:54:22
CallbackFormEmailModal
Array
(
    [name] => podaiclan_547@mail.ru
    [phone] => 81342297493
    [formname] => Обратная связь
)

------------------------

------------------------
22.02.2025 13:07:25
CallbackFormEmailModal
Array
(
    [name] => agafiyabolshakova19936907@bk.ru
    [phone] => 89429568275
    [formname] => Обратная связь
)

------------------------

------------------------
22.02.2025 14:06:41
CallbackFormEmailModal
Array
(
    [name] => dzhavgorat-tashdemirov1981@mail.ru
    [phone] => 84771456114
    [formname] => Обратная связь
)

------------------------

------------------------
22.02.2025 16:19:25
CallbackFormEmailModal
Array
(
    [name] => ctmivmwumel@rudiplomust.com
    [phone] => 89489528892
    [formname] => Обратная связь
)

------------------------

------------------------
22.02.2025 20:57:22
CallbackFormEmailModal
Array
(
    [name] => homynu13@onet.pl
    [phone] => 86767724279
    [formname] => Обратная связь
)

------------------------

------------------------
22.02.2025 21:01:41
CallbackFormEmailModal
Array
(
    [name] => sergowork.ing71.8@gmail.com
    [phone] => 89884174944
    [formname] => Обратная связь
)

------------------------

------------------------
22.02.2025 22:01:20
CallbackFormEmailModal
Array
(
    [name] => @digital-x-press.com|check-message-text8412@digital-x-press.com|check-message-text4793@digital-x-press.com|check-message-text1025@digital-x-press.com|check-message-text5671@digital-x-press.com|check-message-text6984@digital-x-press.com|check-message-text2190@digital-x-press.com|check-message-text3521@digital-x-press.com|check-message-text8746@digital-x-press.com|check-message-text4307@digital-x-press.com|check-message-text2941@digital-x-press.com|check-message-text7598@digital-x-press.com|check-message-text6142@digital-x-press.com|check-message-text8073@digital-x-press.com|check-message-text1387@digital-x-press.com|check-message-text4620@digital-x-press.com|check-message-text9816@digital-x-press.com|check-message-text5012@digital-x-press.com|check-message-text7365@digital-x-press.com|check-message-text2870@digital-x-press.com|check-message-text6891@digital-x-press.com|check-message-text9023@digital-x-press.com|check-message-text1452@digital-x-press.com|check-message-text3786@digital-x-press.com|check-message-text5209@digital-x-press.com|check-message-text6973@digital-x-press.com|check-message-text8354@digital-x-press.com|check-message-text4021@digital-x-press.com|check-message-text9132@digital-x-press.com|check-message-text5637@digital-x-press.com|check-message-text6742@digital-x-press.com|check-message-text8905@digital-x-press.com|check-message-text2456@digital-x-press.com|check-message-text3628@digital-x-press.com|check-message-text5179@digital-x-press.com|check-message-text6932@digital-x-press.com|check-message-text7485@digital-x-press.com|check-message-text8594@digital-x-press.com|check-message-text2713@digital-x-press.com|check-message-text3987@digital-x-press.com|check-message-text5430@digital-x-press.com|check-message-text6512@digital-x-press.com|check-message-text7829@digital-x-press.com|check-message-text8120@digital-x-press.com|check-message-text9513@digital-x-press.com|check-message-text1134@digital-x-press.com|check-message-text3748@digital-x-press.com|check-message-text5297@digital-x-press.com|check-message-text6942@digital-x-press.com|check-message-text8021@digital-x-press.com|check-message-text9403@digital-x-press.com|check-message-text1578@digital-x-press.com|check-message-text2684@digital-x-press.com|check-message-text3796@digital-x-press.com|check-message-text5809@digital-x-press.com|check-message-text6094@digital-x-press.com|check-message-text7203@digital-x-press.com|check-message-text8317@digital-x-press.com|check-message-text9520@digital-x-press.com|check-message-text1029@digital-x-press.com|check-message-text3148@digital-x-press.com|check-message-text4257@digital-x-press.com|check-message-text5370@digital-x-press.com|check-message-text6938@digital-x-press.com|check-message-text7401@digital-x-press.com|check-message-text8597@digital-x-press.com|check-message-text9134@digital-x-press.com|check-message-text1047@digital-x-press.com|check-message-text2761@digital-x-press.com|check-message-text3872@digital-x-press.com|check-message-text4918@digital-x-press.com|check-message-text6083@digital-x-press.com|check-message-text7250@digital-x-press.com|check-message-text8439@digital-x-press.com|check-message-text9721@digital-x-press.com|check-message-text1240@digital-x-press.com|check-message-text2351@digital-x-press.com|check-message-text3597@digital-x-press.com|check-message-text4785@digital-x-press.com|check-message-text5940@digital-x-press.com|check-message-text7105@digital-x-press.com|check-message-text8362@digital-x-press.com|check-message-text9527@digital-x-press.com}
    [phone] => 86442797247
    [formname] => Обратная связь
)

------------------------

------------------------
22.02.2025 23:35:41
CallbackFormEmailModal
Array
(
    [name] => Ericlex1992@xru.goaglie.com
    [phone] => 86211664472
    [formname] => Обратная связь
)

------------------------
