
------------------------
10.06.2023 3:24:46
CallbackFormEmailModal
Array
(
    [name] => temptest20816786@gmail.com
    [phone] => 82348176526
    [formname] => Обратная связь
)

------------------------

------------------------
10.06.2023 4:16:31
CallbackFormEmailModal
Array
(
    [name] => info@bystrovozvodimye-zdanija.ru
    [phone] => 86882762921
    [formname] => Обратная связь
)

------------------------

------------------------
10.06.2023 8:08:04
CallbackFormEmailModal
Array
(
    [name] => frusfervikka@rambler.ru
    [phone] => 82248717687
    [formname] => Обратная связь
)

------------------------

------------------------
10.06.2023 22:12:31
CallbackFormEmailModal
Array
(
    [name] => rqxdenejo@essytop.site
    [phone] => 82282157284
    [formname] => Обратная связь
)

------------------------

------------------------
10.06.2023 23:51:01
CallbackFormEmailModal
Array
(
    [name] => a.l.ex12mi.rr5.0.4.6@gmail.com
    [phone] => 81672388738
    [formname] => Обратная связь
)

------------------------
