
------------------------
02.12.2021 0:01:17
CallbackFormEmailModal
Array
(
    [name] => kristina.kanaeva-86094@mail.ru
    [phone] => +71231234567
    [formname] => Обратная связь
)

------------------------

------------------------
02.12.2021 0:01:17
CallbackFormEmailModal
Array
(
    [name] => raisa_malinina-19727@mail.ru
    [phone] => +749576554321
    [formname] => Обратная связь
)

------------------------

------------------------
02.12.2021 10:58:43
CallbackFormEmailModal
Array
(
    [name] => biowolf@mail.ru
    [phone] => 89213334455
    [formname] => Обратная связь
)

------------------------
