
------------------------
09.12.2024 0:53:38
CallbackFormEmailModal
Array
(
    [name] => gena-kazakov06812@rambler.ru
    [phone] => 86662716429
    [formname] => Обратная связь
)

------------------------

------------------------
09.12.2024 1:15:27
CallbackFormEmailModal
Array
(
    [name] => lolerex241@ovout.com
    [phone] => 82288569577
    [formname] => Обратная связь
)

------------------------

------------------------
09.12.2024 1:51:45
CallbackFormEmailModal
Array
(
    [name] => 101kakjvsfwkbpcaem@yandex.ru
    [phone] => 84899569928
    [formname] => Обратная связь
)

------------------------

------------------------
09.12.2024 2:26:55
CallbackFormEmailModal
Array
(
    [name] => whitess422@outlook.com
    [phone] => 82872823886
    [formname] => Обратная связь
)

------------------------

------------------------
09.12.2024 2:28:26
CallbackFormEmailModal
Array
(
    [name] => sabrinaablezova35@gmail.com
    [phone] => 87833683291
    [formname] => Обратная связь
)

------------------------

------------------------
09.12.2024 4:01:26
CallbackFormEmailModal
Array
(
    [name] => sabrinaablezova35@gmail.com
    [phone] => 81694955859
    [formname] => Обратная связь
)

------------------------

------------------------
09.12.2024 5:08:54
CallbackFormEmailModal
Array
(
    [name] => sxgfgewfeel@rudiplomust.com
    [phone] => 81726384466
    [formname] => Обратная связь
)

------------------------

------------------------
09.12.2024 6:29:00
CallbackFormEmailModal
Array
(
    [name] => anthon1@xrevelxr.com
    [phone] => 88991818317
    [formname] => Обратная связь
)

------------------------

------------------------
09.12.2024 7:12:39
CallbackFormEmailModal
Array
(
    [name] => michel42@cpakert.site
    [phone] => Thank you for registering - it was incredible and pleasant all the best and all the best http://stromsteel.ru ThhhktnTjeecQplT
    [formname] => Обратная связь
)

------------------------

------------------------
09.12.2024 7:54:56
CallbackFormEmailModal
Array
(
    [name] => jbudazpikel@rudiplomust.com
    [phone] => 88421761598
    [formname] => Обратная связь
)

------------------------

------------------------
09.12.2024 11:38:06
CallbackFormEmailModal
Array
(
    [name] => whitess422@outlook.com
    [phone] => 82942831489
    [formname] => Обратная связь
)

------------------------

------------------------
09.12.2024 11:57:00
Order
Array
(
    [name] => Кристина Сергеевна Добровольская
    [email] => otdelzakupki87@mail.ru
    [phone] => +7-903-285-8987
    [comment] => Решетчатый настил P 33х11/30х2 Zn 600х1000 мм, кол-во: 1, цена: 5250руб.
Способ доставки: Доставка автотранспортом поставщика
Выберите способ оплаты: Оплата на расчетный счет организации
Адрес доставки: Московская область, Королёв, Ярославский проезд, 9Б

Комментарий к заказу: 

Юридическое лицо 
АО «НТЦ «Горизонт»
ОГРН 1235000140210
ИНН 5018216345
КПП 501801001
ОКПО 78188559

Юридический адрес: 141070, Московская область, г.о. Королёв,                г. Королёв, ул. Пионерская,  д. 4
Телефон:	8(495)513-24-46
E-mail: info@ntc-horizont.ru

Банковские реквизиты: Расчетный счет  40702810800000327850,   Банк ПАО «Промсвязьбанк»,  БИК  044525555, Корр. счет  30101810400000000555.

Генеральный директор                    Рыбаков Николай Александрович

Главный бухгалтер                                  Алексеева Елена Николаевна


    [formname] => Заказ из корзины
    [fields] => Array
        (
            [price] => 21000
        )

)

------------------------

------------------------
09.12.2024 12:06:27
CallbackFormEmailModal
Array
(
    [name] => sabrinaablezova35@gmail.com
    [phone] => 84972161439
    [formname] => Обратная связь
)

------------------------

------------------------
09.12.2024 12:41:18
CallbackFormEmailModal
Array
(
    [name] => megaboommegaboom@yandex.com
    [phone] => 82394433319
    [formname] => Обратная связь
)

------------------------

------------------------
09.12.2024 12:57:04
CallbackFormEmailModal
Array
(
    [name] => sabrinaablezova35@gmail.com
    [phone] => 82839954353
    [formname] => Обратная связь
)

------------------------
