
------------------------
03.08.2024 1:10:05
CallbackFormEmailModal
Array
(
    [name] => rabochie-sp23b@gmail.com
    [phone] => 88781342733
    [formname] => Обратная связь
)

------------------------

------------------------
03.08.2024 1:52:58
CallbackFormEmailModal
Array
(
    [name] => wetowarijcti@gmx.com
    [phone] => 84218934995
    [formname] => Обратная связь
)

------------------------

------------------------
03.08.2024 6:47:54
CallbackFormEmailModal
Array
(
    [name] => stakeprime@yandex.com
    [phone] => 87871725253
    [formname] => Обратная связь
)

------------------------

------------------------
03.08.2024 11:45:06
CallbackFormEmailModal
Array
(
    [name] => inet4747@outlook.com
    [phone] => 88335556353
    [formname] => Обратная связь
)

------------------------

------------------------
03.08.2024 13:31:55
CallbackFormEmailModal
Array
(
    [name] => desuzajohn@eunews24x7.com
    [phone] => 88521762372
    [formname] => Обратная связь
)

------------------------

------------------------
03.08.2024 13:31:55
CallbackFormEmailModal
Array
(
    [name] => ramanuzam@eunews24x7.com
    [phone] => 81892187286
    [formname] => Обратная связь
)

------------------------

------------------------
03.08.2024 13:31:55
CallbackFormEmailModal
Array
(
    [name] => xrumer23Kip@gmail.com
    [phone] => 81547293947
    [formname] => Обратная связь
)

------------------------

------------------------
03.08.2024 13:31:55
CallbackFormEmailModal
Array
(
    [name] => dzonothoan@eunews24x7.com
    [phone] => 85223224686
    [formname] => Обратная связь
)

------------------------

------------------------
03.08.2024 13:31:55
CallbackFormEmailModal
Array
(
    [name] => contactus@eunews24x7.com
    [phone] => 81776872582
    [formname] => Обратная связь
)

------------------------

------------------------
03.08.2024 13:39:41
CallbackFormEmailModal
Array
(
    [name] => mitaxebandilis@gmail.com
    [phone] => 85847185275
    [formname] => Обратная связь
)

------------------------

------------------------
03.08.2024 14:17:21
CallbackFormEmailModal
Array
(
    [name] => info@1pricep.ru
    [phone] => 81683127698
    [formname] => Обратная связь
)

------------------------

------------------------
03.08.2024 14:54:21
CallbackFormEmailModal
Array
(
    [name] => 34xrumer4@farironalds.com
    [phone] => 88145332255
    [formname] => Обратная связь
)

------------------------

------------------------
03.08.2024 16:25:05
CallbackFormEmailModal
Array
(
    [name] => weuxzjuqnt@rambler.ru
    [phone] => +71231234567
    [formname] => Обратная связь
)

------------------------

------------------------
03.08.2024 17:49:08
CallbackFormEmailModal
Array
(
    [name] => irwinarmenta@hotmail.com
    [phone] => 88183477928
    [formname] => Обратная связь
)

------------------------
