
------------------------
12.03.2025 5:47:10
CallbackFormEmailModal
Array
(
    [name] => xrumerfox@gmail.com
    [phone] => 87946832322
    [formname] => Обратная связь
)

------------------------

------------------------
12.03.2025 6:01:11
CallbackFormEmailModal
Array
(
    [name] => awvududqpa@rambler.ru
    [phone] => 82527265495
    [formname] => Обратная связь
)

------------------------

------------------------
12.03.2025 7:14:53
CallbackFormEmailModal
Array
(
    [name] => galya.usenko.63@mail.ru
    [phone] => 89791443561
    [formname] => Обратная связь
)

------------------------

------------------------
12.03.2025 7:15:50
CallbackFormEmailModal
Array
(
    [name] => combontsegal37@mail.ru
    [phone] => 87961653831
    [formname] => Обратная связь
)

------------------------

------------------------
12.03.2025 7:16:02
CallbackFormEmailModal
Array
(
    [name] => terjetade1977@mail.ru
    [phone] => 83554932716
    [formname] => Обратная связь
)

------------------------

------------------------
12.03.2025 7:31:23
CallbackFormEmailModal
Array
(
    [name] => tremundeslay1981@mail.ru
    [phone] => 84471652675
    [formname] => Обратная связь
)

------------------------

------------------------
12.03.2025 7:46:52
CallbackFormEmailModal
Array
(
    [name] => margarita.stolyarova.26.05.1995@mail.ru
    [phone] => 83348256391
    [formname] => Обратная связь
)

------------------------

------------------------
12.03.2025 8:01:19
CallbackFormEmailModal
Array
(
    [name] => footballcountcom@gmail.com
    [phone] => 82355645163
    [formname] => Обратная связь
)

------------------------

------------------------
12.03.2025 8:05:20
CallbackFormEmailModal
Array
(
    [name] => mark.moshchenskiy.90@mail.ru
    [phone] => 84919776515
    [formname] => Обратная связь
)

------------------------

------------------------
12.03.2025 8:16:57
CallbackFormEmailModal
Array
(
    [name] => ofeliyasemenova1993@list.ru
    [phone] => 84745178418
    [formname] => Обратная связь
)

------------------------

------------------------
12.03.2025 10:22:31
CallbackFormEmailModal
Array
(
    [name] => nifontmarkov1987@mail.ru
    [phone] => 85475897292
    [formname] => Обратная связь
)

------------------------

------------------------
12.03.2025 13:06:40
CallbackFormEmailModal
Array
(
    [name] => wxumddeerOa@2-construction.store
    [phone] => 85562375168
    [formname] => Обратная связь
)

------------------------

------------------------
12.03.2025 13:54:23
CallbackFormEmailModal
Array
(
    [name] => panova.elena.1992.23.11@bk.ru
    [phone] => 84913892612
    [formname] => Обратная связь
)

------------------------

------------------------
12.03.2025 14:04:51
CallbackFormEmailModal
Array
(
    [name] => vincenttaits@mail.ru
    [phone] => 86873367598
    [formname] => Обратная связь
)

------------------------

------------------------
12.03.2025 14:21:22
CallbackFormEmailModal
Array
(
    [name] => xrumer23Kip@gmail.com
    [phone] => 87947877786
    [formname] => Обратная связь
)

------------------------

------------------------
12.03.2025 15:10:39
CallbackFormEmailModal
Array
(
    [name] => psincurousenlepen@mail.ru
    [phone] => 81241737873
    [formname] => Обратная связь
)

------------------------

------------------------
12.03.2025 15:20:36
CallbackFormEmailModal
Array
(
    [name] => ofeliyasemenova1993@list.ru
    [phone] => 87532262882
    [formname] => Обратная связь
)

------------------------

------------------------
12.03.2025 15:35:06
CallbackFormEmailModal
Array
(
    [name] => rais.shchigelskaya2002@mail.ru
    [phone] => 89835857762
    [formname] => Обратная связь
)

------------------------

------------------------
12.03.2025 15:46:16
CallbackFormEmailModal
Array
(
    [name] => rodionoverik1735@mail.ru
    [phone] => 81837219937
    [formname] => Обратная связь
)

------------------------

------------------------
12.03.2025 15:58:27
CallbackFormEmailModal
Array
(
    [name] => yulya.onipchenko.88@mail.ru
    [phone] => 84368566777
    [formname] => Обратная связь
)

------------------------

------------------------
12.03.2025 15:58:54
CallbackFormEmailModal
Array
(
    [name] => taelivihohtoca@mail.ru
    [phone] => 83447193799
    [formname] => Обратная связь
)

------------------------

------------------------
12.03.2025 16:01:58
CallbackFormEmailModal
Array
(
    [name] => ljusdukeeca1971@mail.ru
    [phone] => 89749827436
    [formname] => Обратная связь
)

------------------------

------------------------
12.03.2025 16:04:53
CallbackFormEmailModal
Array
(
    [name] => rerkgeemong98@mail.ru
    [phone] => 87797944628
    [formname] => Обратная связь
)

------------------------

------------------------
12.03.2025 16:11:30
CallbackFormEmailModal
Array
(
    [name] => kozlovvarlen19782037@mail.ru
    [phone] => 81354867974
    [formname] => Обратная связь
)

------------------------

------------------------
12.03.2025 16:18:51
CallbackFormEmailModal
Array
(
    [name] => ovnterbefjuden6138@mail.ru
    [phone] => 84793477839
    [formname] => Обратная связь
)

------------------------

------------------------
12.03.2025 16:18:52
CallbackFormEmailModal
Array
(
    [name] => balpunarti1976@mail.ru
    [phone] => 82421432683
    [formname] => Обратная связь
)

------------------------

------------------------
12.03.2025 16:21:05
CallbackFormEmailModal
Array
(
    [name] => rietraccabun1976@mail.ru
    [phone] => 89348962919
    [formname] => Обратная связь
)

------------------------

------------------------
12.03.2025 16:21:50
CallbackFormEmailModal
Array
(
    [name] => kostinarogneda97@list.ru
    [phone] => 85758545793
    [formname] => Обратная связь
)

------------------------

------------------------
12.03.2025 16:23:28
CallbackFormEmailModal
Array
(
    [name] => anna.shapiro.78@mail.ru
    [phone] => 81453487592
    [formname] => Обратная связь
)

------------------------

------------------------
12.03.2025 16:40:54
CallbackFormEmailModal
Array
(
    [name] => karpeciktibas19915@bk.ru
    [phone] => 85277135125
    [formname] => Обратная связь
)

------------------------

------------------------
12.03.2025 16:41:28
CallbackFormEmailModal
Array
(
    [name] => davidmib@mail.ru
    [phone] => 83867441592
    [formname] => Обратная связь
)

------------------------

------------------------
12.03.2025 16:44:01
CallbackFormEmailModal
Array
(
    [name] => nadacottuobesnie@mail.ru
    [phone] => 88964945722
    [formname] => Обратная связь
)

------------------------

------------------------
12.03.2025 16:50:00
CallbackFormEmailModal
Array
(
    [name] => megaboommegaboom@yandex.com
    [phone] => 87117587655
    [formname] => Обратная связь
)

------------------------

------------------------
12.03.2025 17:01:34
CallbackFormEmailModal
Array
(
    [name] => mlonanlout1985@mail.ru
    [phone] => 89374966892
    [formname] => Обратная связь
)

------------------------

------------------------
12.03.2025 17:09:24
CallbackFormEmailModal
Array
(
    [name] => sergowork.in.g7.18@gmail.com
    [phone] => 84962633172
    [formname] => Обратная связь
)

------------------------

------------------------
12.03.2025 17:21:13
CallbackFormEmailModal
Array
(
    [name] => podaiclan_547@mail.ru
    [phone] => 82628581827
    [formname] => Обратная связь
)

------------------------

------------------------
12.03.2025 17:32:50
CallbackFormEmailModal
Array
(
    [name] => avgustina.morozova@bk.ru
    [phone] => 87779498651
    [formname] => Обратная связь
)

------------------------

------------------------
12.03.2025 17:44:08
CallbackFormEmailModal
Array
(
    [name] => stenlyKip@gmail.com
    [phone] => 84876751688
    [formname] => Обратная связь
)

------------------------

------------------------
12.03.2025 18:01:07
CallbackFormEmailModal
Array
(
    [name] => dolnovam@mail.ru
    [phone] => 84473852313
    [formname] => Обратная связь
)

------------------------

------------------------
12.03.2025 18:31:19
CallbackFormEmailModal
Array
(
    [name] => ela.kubets.94@mail.ru
    [phone] => 88747157234
    [formname] => Обратная связь
)

------------------------

------------------------
12.03.2025 18:52:05
CallbackFormEmailModal
Array
(
    [name] => mamedov.edgar.1992.3.3@inbox.ru
    [phone] => 89353824583
    [formname] => Обратная связь
)

------------------------

------------------------
12.03.2025 19:26:13
CallbackFormEmailModal
Array
(
    [name] => ignatevipatii19908014@mail.ru
    [phone] => 83652535936
    [formname] => Обратная связь
)

------------------------

------------------------
12.03.2025 19:40:29
CallbackFormEmailModal
Array
(
    [name] => rali@macrosoftinc.com
    [phone] => 84533243179
    [formname] => Обратная связь
)

------------------------
