
------------------------
15.08.2025 7:05:52
CallbackFormEmailModal
Array
(
    [name] => sergowor.king7.1.8@gmail.com
    [phone] => 86296961382
    [formname] => Обратная связь
)

------------------------

------------------------
15.08.2025 9:11:43
CallbackFormEmailModal
Array
(
    [name] => musaev.misha.1982.3.5@list.ru
    [phone] => 86682196213
    [formname] => Обратная связь
)

------------------------

------------------------
15.08.2025 9:14:22
CallbackFormEmailModal
Array
(
    [name] => anya.genger@mail.ru
    [phone] => 89864795215
    [formname] => Обратная связь
)

------------------------

------------------------
15.08.2025 9:15:56
CallbackFormEmailModal
Array
(
    [name] => serezhamobisa@mail.ru
    [phone] => 87721186456
    [formname] => Обратная связь
)

------------------------

------------------------
15.08.2025 9:34:13
CallbackFormEmailModal
Array
(
    [name] => pavel.sitdikov.88@mail.ru
    [phone] => 81655633732
    [formname] => Обратная связь
)

------------------------

------------------------
15.08.2025 9:47:22
CallbackFormEmailModal
Array
(
    [name] => amabil.6002@mail.ru
    [phone] => 82314716486
    [formname] => Обратная связь
)

------------------------

------------------------
15.08.2025 10:58:59
CallbackFormEmailModal
Array
(
    [name] => yulya.onipchenko.88@mail.ru
    [phone] => 83643649574
    [formname] => Обратная связь
)

------------------------

------------------------
15.08.2025 11:04:50
CallbackFormEmailModal
Array
(
    [name] => natulya.fedosova.96@mail.ru
    [phone] => 83115482637
    [formname] => Обратная связь
)

------------------------

------------------------
15.08.2025 11:09:56
CallbackFormEmailModal
Array
(
    [name] => eprovbelwha@mail.ru
    [phone] => 83924264963
    [formname] => Обратная связь
)

------------------------

------------------------
15.08.2025 11:13:40
CallbackFormEmailModal
Array
(
    [name] => dorofeyavinogradova199056@mail.ru
    [phone] => 86246125793
    [formname] => Обратная связь
)

------------------------

------------------------
15.08.2025 11:14:19
CallbackFormEmailModal
Array
(
    [name] => vitya-kondratev-1969@inbox.ru
    [phone] => 82366447331
    [formname] => Обратная связь
)

------------------------

------------------------
15.08.2025 11:19:43
CallbackFormEmailModal
Array
(
    [name] => combontsegal37@mail.ru
    [phone] => 86844939197
    [formname] => Обратная связь
)

------------------------

------------------------
15.08.2025 11:27:34
CallbackFormEmailModal
Array
(
    [name] => yulya.onipchenko.88@mail.ru
    [phone] => 83572895153
    [formname] => Обратная связь
)

------------------------

------------------------
15.08.2025 12:23:00
CallbackFormEmailModal
Array
(
    [name] => urdlmtoc@eblanomail.com
    [phone] => 88795417251
    [formname] => Обратная связь
)

------------------------

------------------------
15.08.2025 14:08:44
CallbackFormEmailModal
Array
(
    [name] => akindinkudryashov6842@mail.ru
    [phone] => 83236756914
    [formname] => Обратная связь
)

------------------------

------------------------
15.08.2025 14:53:14
CallbackFormEmailModal
Array
(
    [name] => varvara.nikolaeva.23.8.1964@mail.ru
    [phone] => 86285711123
    [formname] => Обратная связь
)

------------------------

------------------------
15.08.2025 14:54:12
CallbackFormEmailModal
Array
(
    [name] => michaelLycle@mail.ru
    [phone] => 85469566913
    [formname] => Обратная связь
)

------------------------

------------------------
15.08.2025 15:02:14
CallbackFormEmailModal
Array
(
    [name] => winsatall4ever@gmail.com
    [phone] => 82424512446
    [formname] => Обратная связь
)

------------------------

------------------------
15.08.2025 17:14:42
CallbackFormEmailModal
Array
(
    [name] => winsatall4ever@gmail.com
    [phone] => 89714733165
    [formname] => Обратная связь
)

------------------------

------------------------
15.08.2025 18:58:19
CallbackFormEmailModal
Array
(
    [name] => rusmarketstroy@gmail.com
    [phone] => 83542916877
    [formname] => Обратная связь
)

------------------------

------------------------
15.08.2025 19:21:56
CallbackFormEmailModal
Array
(
    [name] => danilovavita9@mail.ru
    [phone] => 88325855875
    [formname] => Обратная связь
)

------------------------

------------------------
15.08.2025 19:50:15
CallbackFormEmailModal
Array
(
    [name] => karpeciktibas19915@bk.ru
    [phone] => 82373832774
    [formname] => Обратная связь
)

------------------------

------------------------
15.08.2025 20:13:02
CallbackFormEmailModal
Array
(
    [name] => dolnovam@mail.ru
    [phone] => 82348463581
    [formname] => Обратная связь
)

------------------------

------------------------
15.08.2025 20:50:54
CallbackFormEmailModal
Array
(
    [name] => winsatall4ever@gmail.com
    [phone] => 86991732584
    [formname] => Обратная связь
)

------------------------

------------------------
15.08.2025 21:21:31
CallbackFormEmailModal
Array
(
    [name] => ejakflul@wildbmail.com
    [phone] => 88128386175
    [formname] => Обратная связь
)

------------------------
