
------------------------
21.09.2021 4:39:53
CallbackFormEmailModal
Array
(
    [name] => lert_melavanlao@orange.fr
    [phone] => 82963882817
    [formname] => Обратная связь
)

------------------------

------------------------
21.09.2021 5:38:56
CallbackFormEmailModal
Array
(
    [name] => webten@rambler.ru
    [phone] => 1234567890
    [formname] => Обратная связь
)

------------------------

------------------------
21.09.2021 22:47:55
CallbackFormEmailModal
Array
(
    [name] => anvorgroup@rambler.ru
    [phone] => 1234567890
    [formname] => Обратная связь
)

------------------------
