
------------------------
08.04.2024 3:46:38
CallbackFormEmailModal
Array
(
    [name] => inconfalo1983@mailopenz.com
    [phone] => 85987588195
    [formname] => Обратная связь
)

------------------------

------------------------
08.04.2024 6:27:26
CallbackFormEmailModal
Array
(
    [name] => visokghvh4334348778@atrimoney.site
    [phone] => 86382154124
    [formname] => Обратная связь
)

------------------------

------------------------
08.04.2024 10:01:27
CallbackFormEmailModal
Array
(
    [name] => doctorsikories@outlook.com
    [phone] => 89694245933
    [formname] => Обратная связь
)

------------------------

------------------------
08.04.2024 15:20:38
CallbackFormEmailModal
Array
(
    [name] => exranreso@mailcos.site

    [phone] => 88646161351
    [formname] => Обратная связь
)

------------------------

------------------------
08.04.2024 17:59:45
CallbackFormEmailModal
Array
(
    [name] => froglighhapa197669@rambler.ru
    [phone] => +71231234567
    [formname] => Обратная связь
)

------------------------

------------------------
08.04.2024 20:14:00
CallbackFormEmailModal
Array
(
    [name] => octoclick@trafficarbitration.com
    [phone] => 89842364993
    [formname] => Обратная связь
)

------------------------

------------------------
08.04.2024 21:22:40
CallbackFormEmailModal
Array
(
    [name] => google202344sfdc@atrimoney.site
    [phone] => 81747595924
    [formname] => Обратная связь
)

------------------------
