
------------------------
11.02.2023 8:56:07
CallbackFormEmailModal
Array
(
    [name] => kgkvnw5hb99r@mail.ru
    [phone] => 89937997113
    [formname] => Обратная связь
)

------------------------

------------------------
11.02.2023 12:26:22
CallbackFormEmailModal
Array
(
    [name] => dredparker45@hotmail.com
    [phone] => 84366841365
    [formname] => Обратная связь
)

------------------------

------------------------
11.02.2023 13:24:46
CallbackFormEmailModal
Array
(
    [name] => x.r2.022a.ug.u.s.t@gmail.com
    [phone] => 87659681279
    [formname] => Обратная связь
)

------------------------

------------------------
11.02.2023 15:41:10
CallbackFormEmailModal
Array
(
    [name] => musxilisna3@hotmail.com
    [phone] => 88396444954
    [formname] => Обратная связь
)

------------------------
