
------------------------
23.01.2023 0:33:21
CallbackFormEmailModal
Array
(
    [name] => watsiaupfhch5mawabe@free-private-mail.com
    [phone] => 88942935446
    [formname] => Обратная связь
)

------------------------

------------------------
23.01.2023 1:13:04
CallbackFormEmailModal
Array
(
    [name] => bbaz24888b@bk.ru
    [phone] => 79895872608
    [formname] => Обратная связь
)

------------------------

------------------------
23.01.2023 2:05:18
CallbackFormEmailModal
Array
(
    [name] => davld@rambler.ua
    [phone] => 84799163715
    [formname] => Обратная связь
)

------------------------

------------------------
23.01.2023 10:28:01
CallbackFormEmailModal
Array
(
    [name] => i.r.i.n.a.ma.s.lova618.@gmail.com
    [phone] => 89872655524
    [formname] => Обратная связь
)

------------------------

------------------------
23.01.2023 10:28:01
CallbackFormEmailModal
Array
(
    [name] => miro.n.b.i.t.k.o.v.i.n.@gmail.com
    [phone] => 89666925196
    [formname] => Обратная связь
)

------------------------

------------------------
23.01.2023 17:24:41
CallbackFormEmailModal
Array
(
    [name] => propvimindkos197159@rambler.ru
    [phone] => +71231234567
    [formname] => Обратная связь
)

------------------------

------------------------
23.01.2023 17:55:53
CallbackFormEmailModal
Array
(
    [name] => mrprog37@yandex.com
    [phone] => 86272593264
    [formname] => Обратная связь
)

------------------------

------------------------
23.01.2023 21:18:07
CallbackFormEmailModal
Array
(
    [name] => patagonerc20@gmail.com
    [phone] => 86557295858
    [formname] => Обратная связь
)

------------------------
