
------------------------
08.10.2021 1:59:50
CallbackFormEmailModal
Array
(
    [name] => krutovoleg535@gmail.com
    [phone] => 85694537527
    [formname] => Обратная связь
)

------------------------

------------------------
08.10.2021 9:21:18
Order
Array
(
    [name] => Анатолий
    [email] => yac59@list.ru
    [phone] => +7-985-763-0361
    [comment] => Решетчатый настил P 33х11/20х2 Zn 490х990 мм, кол-во: 1, цена: 3100руб.
Способ доставки: Доставка автотранспортом поставщика
Выберите способ оплаты: Оплата наличным
Адрес доставки: Москва Рублевское 102

Комментарий к заказу: 

    [formname] => Заказ из корзины
    [fields] => Array
        (
            [price] => 18600
        )

)

------------------------
