
------------------------
14.06.2023 1:24:50
CallbackFormEmailModal
Array
(
    [name] => trfushher@rambler.ru
    [phone] => 85242221429
    [formname] => Обратная связь
)

------------------------

------------------------
14.06.2023 2:26:00
CallbackFormEmailModal
Array
(
    [name] => 879510487323@bk.ru
    [phone] => 79510487323
    [formname] => Обратная связь
)

------------------------

------------------------
14.06.2023 4:47:46
CallbackFormEmailModal
Array
(
    [name] => renen5p@outlook.com
    [phone] => 89425586848
    [formname] => Обратная связь
)

------------------------

------------------------
14.06.2023 7:10:01
CallbackFormEmailModal
Array
(
    [name] => financialdept@kanzalshamsprojectmgt.com
    [phone] => 84331618211
    [formname] => Обратная связь
)

------------------------

------------------------
14.06.2023 7:44:36
CallbackFormEmailModal
Array
(
    [name] => vqjhobrt@mail.ru
    [phone] => +791234567584
    [formname] => Обратная связь
)

------------------------

------------------------
14.06.2023 8:14:14
CallbackFormEmailModal
Array
(
    [name] => lidiasamoilov4lidiya@yandex.ru
    [phone] => 87124813579
    [formname] => Обратная связь
)

------------------------

------------------------
14.06.2023 8:37:43
CallbackFormEmailModal
Array
(
    [name] => Eric Jones
    [phone] => 555-555-1212
    [formname] => Обратная связь
)

------------------------

------------------------
14.06.2023 10:48:10
CallbackFormEmailModal
Array
(
    [name] => l352t26az1@y.tvtap.fun

    [phone] => 82272456935
    [formname] => Обратная связь
)

------------------------

------------------------
14.06.2023 15:38:46
CallbackFormEmailModal
Array
(
    [name] => cryptobot8supp@gmail.com
    [phone] => 85173716321
    [formname] => Обратная связь
)

------------------------

------------------------
14.06.2023 18:23:15
CallbackFormEmailModal
Array
(
    [name] => alclatboti19867@rambler.ru
    [phone] => +71231234567
    [formname] => Обратная связь
)

------------------------

------------------------
14.06.2023 18:43:40
Order
Array
(
    [name] => Павел Гаврилов
    [email] => gavrilov@pik-t.ru
    [phone] => +7-916-595-9395
    [comment] => Лестничная ступень SР 34х38/30х3 Zn 800х240 мм, кол-во: 1, цена: 1600руб.
Способ доставки: Самовывоз со склада
Выберите способ оплаты: Оплата наличным

Комментарий к заказу: 

    [formname] => Заказ из корзины
    [fields] => Array
        (
            [price] => 3200
        )

)

------------------------

------------------------
14.06.2023 21:11:23
CallbackFormEmailModal
Array
(
    [name] => no-replysuinuts@gmail.com
    [phone] => 83839196215
    [formname] => Обратная связь
)

------------------------
