
------------------------
27.03.2026 0:24:29
CallbackFormEmailModal
Array
(
    [name] => zekisuquc419@gmail.com
    [phone] => 88138547447
    [formname] => Обратная связь
)

------------------------

------------------------
27.03.2026 2:16:40
CallbackFormEmailModal
Array
(
    [name] => ymtdcuflpSt@c.travel-e-store.com
    [phone] => 84517383243
    [formname] => Обратная связь
)

------------------------

------------------------
27.03.2026 3:41:08
CallbackFormEmailModal
Array
(
    [name] => ponomaryov.borya.1983@bk.ru
    [phone] => 87591798891
    [formname] => Обратная связь
)

------------------------

------------------------
27.03.2026 3:56:03
CallbackFormEmailModal
Array
(
    [name] => konstantinrovini@mail.ru
    [phone] => 85279189381
    [formname] => Обратная связь
)

------------------------

------------------------
27.03.2026 13:36:48
CallbackFormEmailModal
Array
(
    [name] => ninavochujo@mail.ru
    [phone] => 81632274958
    [formname] => Обратная связь
)

------------------------

------------------------
27.03.2026 16:54:16
CallbackFormEmailModal
Array
(
    [name] => vitya-kondratev-1969@inbox.ru
    [phone] => 86566111249
    [formname] => Обратная связь
)

------------------------

------------------------
27.03.2026 17:34:46
CallbackFormEmailModal
Array
(
    [name] => dolnovam@mail.ru
    [phone] => 83943888884
    [formname] => Обратная связь
)

------------------------

------------------------
27.03.2026 21:29:05
CallbackFormEmailModal
Array
(
    [name] => alximikkobra9@emailn.de
    [phone] => 86984655212
    [formname] => Обратная связь
)

------------------------

------------------------
27.03.2026 23:12:00
CallbackFormEmailModal
Array
(
    [name] => olegzaluri@mail.ru
    [phone] => 86997499662
    [formname] => Обратная связь
)

------------------------

------------------------
27.03.2026 23:52:34
CallbackFormEmailModal
Array
(
    [name] => woo.d.f.o.rd.j.a.mes.on4.@gmail.com
    [phone] => 85193525731
    [formname] => Обратная связь
)

------------------------
