
------------------------
30.11.2024 0:52:20
CallbackFormEmailModal
Array
(
    [name] => postsaddtaliretneu@mail.ru
    [phone] => 84487431955
    [formname] => Обратная связь
)

------------------------

------------------------
30.11.2024 1:29:09
CallbackFormEmailModal
Array
(
    [name] => shvernik.s@mail.ru
    [phone] => 85917557985
    [formname] => Обратная связь
)

------------------------

------------------------
30.11.2024 10:40:48
CallbackFormEmailModal
Array
(
    [name] => ahlhfitp@superocomail.com
    [phone] => 83729315373
    [formname] => Обратная связь
)

------------------------

------------------------
30.11.2024 11:27:55
CallbackFormEmailModal
Array
(
    [name] => alexde_427@mail.ru
    [phone] => 81443548292
    [formname] => Обратная связь
)

------------------------

------------------------
30.11.2024 12:40:29
CallbackFormEmailModal
Array
(
    [name] => rodionoverik1735@mail.ru
    [phone] => 89436731644
    [formname] => Обратная связь
)

------------------------

------------------------
30.11.2024 12:53:25
CallbackFormEmailModal
Array
(
    [name] => higbiosepo1986@mail.ru
    [phone] => 81753466193
    [formname] => Обратная связь
)

------------------------

------------------------
30.11.2024 13:19:47
CallbackFormEmailModal
Array
(
    [name] => diana.fedorova.85@inbox.ru
    [phone] => 88696398322
    [formname] => Обратная связь
)

------------------------

------------------------
30.11.2024 13:37:00
CallbackFormEmailModal
Array
(
    [name] => tipanasotemthia@mail.ru
    [phone] => 83131241875
    [formname] => Обратная связь
)

------------------------

------------------------
30.11.2024 13:44:10
CallbackFormEmailModal
Array
(
    [name] => placnacidown1989@mail.ru
    [phone] => 86994915758
    [formname] => Обратная связь
)

------------------------

------------------------
30.11.2024 13:48:20
CallbackFormEmailModal
Array
(
    [name] => vanephsaipremelca@mail.ru
    [phone] => 86485317239
    [formname] => Обратная связь
)

------------------------

------------------------
30.11.2024 13:54:07
CallbackFormEmailModal
Array
(
    [name] => raggamenstop@gmail.com
    [phone] => 85793276776
    [formname] => Обратная связь
)

------------------------

------------------------
30.11.2024 14:22:00
CallbackFormEmailModal
Array
(
    [name] => doloresa.grishina@mail.ru
    [phone] => 82734826291
    [formname] => Обратная связь
)

------------------------

------------------------
30.11.2024 14:49:34
CallbackFormEmailModal
Array
(
    [name] => podaiclan_547@mail.ru
    [phone] => 85449631969
    [formname] => Обратная связь
)

------------------------

------------------------
30.11.2024 14:51:11
CallbackFormEmailModal
Array
(
    [name] => ovnterbefjuden6138@mail.ru
    [phone] => 81472979343
    [formname] => Обратная связь
)

------------------------

------------------------
30.11.2024 14:54:14
CallbackFormEmailModal
Array
(
    [name] => payransripo1981@mail.ru
    [phone] => 82118193528
    [formname] => Обратная связь
)

------------------------

------------------------
30.11.2024 15:12:58
CallbackFormEmailModal
Array
(
    [name] => filimonov.ivan.1997.4.6@list.ru
    [phone] => 82565563793
    [formname] => Обратная связь
)

------------------------

------------------------
30.11.2024 15:39:47
CallbackFormEmailModal
Array
(
    [name] => margarit_ternova1999@mail.ru
    [phone] => 85517438615
    [formname] => Обратная связь
)

------------------------

------------------------
30.11.2024 15:53:15
CallbackFormEmailModal
Array
(
    [name] => 2qahotj7bapa5mc@tempmail.us.com
    [phone] => 82433729718
    [formname] => Обратная связь
)

------------------------

------------------------
30.11.2024 16:06:17
CallbackFormEmailModal
Array
(
    [name] => halcheni1990@mail.ru
    [phone] => 81793858569
    [formname] => Обратная связь
)

------------------------

------------------------
30.11.2024 21:04:40
CallbackFormEmailModal
Array
(
    [name] => naphtloxua-5550@mail.ru
    [phone] => 86445223431
    [formname] => Обратная связь
)

------------------------

------------------------
30.11.2024 21:13:21
CallbackFormEmailModal
Array
(
    [name] => myualyuels@mail.ru
    [phone] => 82826995519
    [formname] => Обратная связь
)

------------------------

------------------------
30.11.2024 22:31:30
CallbackFormEmailModal
Array
(
    [name] => cryukova.silva@yandex.com
    [phone] => 86239211224
    [formname] => Обратная связь
)

------------------------
