
------------------------
19.11.2023 7:03:44
CallbackFormEmailModal
Array
(
    [name] => vqjhobrt@mail.ru
    [phone] => +791234567344
    [formname] => Обратная связь
)

------------------------

------------------------
19.11.2023 9:39:47
CallbackFormEmailModal
Array
(
    [name] => pporascron1991@mail.ru
    [phone] => 81711699319
    [formname] => Обратная связь
)

------------------------

------------------------
19.11.2023 11:25:18
CallbackFormEmailModal
Array
(
    [name] => buzina1944@mail.ru
    [phone] => 88003334455
    [formname] => Обратная связь
)

------------------------

------------------------
19.11.2023 14:19:19
CallbackFormEmailModal
Array
(
    [name] => rl2@mco5510.tmus89.excitemail.fun
    [phone] => 89649127774
    [formname] => Обратная связь
)

------------------------

------------------------
19.11.2023 16:19:42
CallbackFormEmailModal
Array
(
    [name] => jisankape@list.ru
    [phone] => 81872342442
    [formname] => Обратная связь
)

------------------------

------------------------
19.11.2023 16:28:05
CallbackFormEmailModal
Array
(
    [name] => nderbersme@bk.ru
    [phone] => 82811723867
    [formname] => Обратная связь
)

------------------------

------------------------
19.11.2023 17:39:42
CallbackFormEmailModal
Array
(
    [name] => pencucon_97@mail.ru
    [phone] => 82855957461
    [formname] => Обратная связь
)

------------------------

------------------------
19.11.2023 17:45:05
CallbackFormEmailModal
Array
(
    [name] => vasiliypup34@yandex.by
    [phone] => 85231669121
    [formname] => Обратная связь
)

------------------------

------------------------
19.11.2023 18:38:27
CallbackFormEmailModal
Array
(
    [name] => arn.s.f1.9nsr1jf.1.4j.9f4.@pamyatnic.su
    [phone] => 84449121231
    [formname] => Обратная связь
)

------------------------

------------------------
19.11.2023 19:07:20
CallbackFormEmailModal
Array
(
    [name] => olesya.zhukova.1994@bk.ru
    [phone] => 87912229846
    [formname] => Обратная связь
)

------------------------

------------------------
19.11.2023 19:09:45
CallbackFormEmailModal
Array
(
    [name] => somalkeriz@mail.ru
    [phone] => 82863486724
    [formname] => Обратная связь
)

------------------------

------------------------
19.11.2023 19:20:35
CallbackFormEmailModal
Array
(
    [name] => khachaturian_vania_1981_5_6@bk.ru
    [phone] => 86691716447
    [formname] => Обратная связь
)

------------------------

------------------------
19.11.2023 19:28:09
CallbackFormEmailModal
Array
(
    [name] => pavlik.timofeev.2023@bk.ru
    [phone] => 88394314658
    [formname] => Обратная связь
)

------------------------

------------------------
19.11.2023 19:33:42
CallbackFormEmailModal
Array
(
    [name] => inenoushumo3218@mail.ru
    [phone] => 86269995695
    [formname] => Обратная связь
)

------------------------

------------------------
19.11.2023 19:38:56
CallbackFormEmailModal
Array
(
    [name] => foncardda1988@mail.ru
    [phone] => 87533461984
    [formname] => Обратная связь
)

------------------------

------------------------
19.11.2023 19:43:07
CallbackFormEmailModal
Array
(
    [name] => yourmail@gmail.com
    [phone] => 83313373274
    [formname] => Обратная связь
)

------------------------

------------------------
19.11.2023 19:50:44
CallbackFormEmailModal
Array
(
    [name] => kaobkammid@mail.ru
    [phone] => 85627758324
    [formname] => Обратная связь
)

------------------------

------------------------
19.11.2023 19:51:42
CallbackFormEmailModal
Array
(
    [name] => froeach12@rezka.wtf
    [phone] => 84159179354
    [formname] => Обратная связь
)

------------------------

------------------------
19.11.2023 19:53:00
CallbackFormEmailModal
Array
(
    [name] => keovakoig@mail.ru
    [phone] => 89815333787
    [formname] => Обратная связь
)

------------------------

------------------------
19.11.2023 19:57:04
CallbackFormEmailModal
Array
(
    [name] => lagunov_viktor_1995_15_8@inbox.ru
    [phone] => 86266271448
    [formname] => Обратная связь
)

------------------------

------------------------
19.11.2023 19:58:10
CallbackFormEmailModal
Array
(
    [name] => titova.polina.1981.15.12@list.ru
    [phone] => 86965681486
    [formname] => Обратная связь
)

------------------------

------------------------
19.11.2023 19:59:14
CallbackFormEmailModal
Array
(
    [name] => sizova.olesia.1991.21.1@inbox.ru
    [phone] => 85615632335
    [formname] => Обратная связь
)

------------------------

------------------------
19.11.2023 20:00:39
CallbackFormEmailModal
Array
(
    [name] => mosoce-416@mail.ru
    [phone] => 87771288734
    [formname] => Обратная связь
)

------------------------

------------------------
19.11.2023 20:01:18
CallbackFormEmailModal
Array
(
    [name] => mazunyzhcn@mail.ru
    [phone] => 86538612676
    [formname] => Обратная связь
)

------------------------

------------------------
19.11.2023 20:03:34
CallbackFormEmailModal
Array
(
    [name] => daucarthank1988@mail.ru
    [phone] => 88131835278
    [formname] => Обратная связь
)

------------------------

------------------------
19.11.2023 20:07:18
CallbackFormEmailModal
Array
(
    [name] => orlov.roman.1988.2.11@list.ru
    [phone] => 89775447426
    [formname] => Обратная связь
)

------------------------

------------------------
19.11.2023 20:08:52
CallbackFormEmailModal
Array
(
    [name] => woodbpurne1983@mail.ru
    [phone] => 83999176455
    [formname] => Обратная связь
)

------------------------

------------------------
19.11.2023 20:31:30
CallbackFormEmailModal
Array
(
    [name] => Даниил
    [phone] => (16) 4070-4837
    [formname] => Обратная связь
)

------------------------

------------------------
19.11.2023 20:59:04
CallbackFormEmailModal
Array
(
    [name] => miholenko98@mail.ru
    [phone] => 85559418149
    [formname] => Обратная связь
)

------------------------
