
------------------------
02.07.2021 3:51:23
CallbackFormEmailModal
Array
(
    [name] => webcomunit2021221422022@yandex.ru
    [phone] => 83319587968
    [formname] => Обратная связь
)

------------------------

------------------------
02.07.2021 6:39:06
CallbackFormEmailModal
Array
(
    [name] => liliia_ymunadclean1985_1988@mail.ru
    [phone] => 84793746431
    [formname] => Обратная связь
)

------------------------

------------------------
02.07.2021 7:34:15
CallbackFormEmailModal
Array
(
    [name] => beradiata1987@mail.ru
    [phone] => 81128684261
    [formname] => Обратная связь
)

------------------------
