
------------------------
12.04.2025 2:02:02
CallbackFormEmailModal
Array
(
    [name] => 1q0nbg4km@mozmail.com
    [phone] => 88383373497
    [formname] => Обратная связь
)

------------------------

------------------------
12.04.2025 3:52:16
CallbackFormEmailModal
Array
(
    [name] => efisomer1970@op.pl
    [phone] => 86515964982
    [formname] => Обратная связь
)

------------------------

------------------------
12.04.2025 4:06:01
CallbackFormEmailModal
Array
(
    [name] => mefedron-mephedrone@russia-cocaine.online
    [phone] => 82945528329
    [formname] => Обратная связь
)

------------------------

------------------------
12.04.2025 4:27:06
CallbackFormEmailModal
Array
(
    [name] => 313yankee@gmail.com
    [phone] => 83137748653
    [formname] => Обратная связь
)

------------------------

------------------------
12.04.2025 4:31:50
CallbackFormEmailModal
Array
(
    [name] => 2udwixe5@5way5.com
    [phone] => 82662771568
    [formname] => Обратная связь
)

------------------------

------------------------
12.04.2025 8:05:58
CallbackFormEmailModal
Array
(
    [name] => vaor.ru2020@gmail.com
    [phone] => 89146562147
    [formname] => Обратная связь
)

------------------------

------------------------
12.04.2025 8:06:56
CallbackFormEmailModal
Array
(
    [name] => arturgorz2o3@bk.ru
    [phone] => 88742757831
    [formname] => Обратная связь
)

------------------------

------------------------
12.04.2025 8:32:10
CallbackFormEmailModal
Array
(
    [name] => sashunya.sergeev.2022@list.ru
    [phone] => 86386356732
    [formname] => Обратная связь
)

------------------------

------------------------
12.04.2025 8:40:54
CallbackFormEmailModal
Array
(
    [name] => anna.shapiro.78@mail.ru
    [phone] => 88733598141
    [formname] => Обратная связь
)

------------------------

------------------------
12.04.2025 8:46:23
CallbackFormEmailModal
Array
(
    [name] => avtocentravrora@gmail.com
    [phone] => 89427274746
    [formname] => Обратная связь
)

------------------------

------------------------
12.04.2025 8:49:36
CallbackFormEmailModal
Array
(
    [name] => danilovavita9@mail.ru
    [phone] => 89686421419
    [formname] => Обратная связь
)

------------------------

------------------------
12.04.2025 8:52:05
CallbackFormEmailModal
Array
(
    [name] => panova.elena.1992.23.11@bk.ru
    [phone] => 88826197226
    [formname] => Обратная связь
)

------------------------

------------------------
12.04.2025 9:01:14
CallbackFormEmailModal
Array
(
    [name] => bykovputislav7343@bk.ru
    [phone] => 83358722772
    [formname] => Обратная связь
)

------------------------

------------------------
12.04.2025 9:37:14
CallbackFormEmailModal
Array
(
    [name] => aey7fb3w@2mailcache.com
    [phone] => 81565475418
    [formname] => Обратная связь
)

------------------------

------------------------
12.04.2025 9:58:43
CallbackFormEmailModal
Array
(
    [name] => lindd001@hawaii.rr.com
    [phone] => 89226867891
    [formname] => Обратная связь
)

------------------------

------------------------
12.04.2025 10:01:38
CallbackFormEmailModal
Array
(
    [name] => postsaddtaliretneu@mail.ru
    [phone] => 87467134272
    [formname] => Обратная связь
)

------------------------

------------------------
12.04.2025 10:33:26
CallbackFormEmailModal
Array
(
    [name] => nefedrogov985783@mail.ru
    [phone] => 89142977294
    [formname] => Обратная связь
)

------------------------

------------------------
12.04.2025 10:35:39
CallbackFormEmailModal
Array
(
    [name] => davidmib@mail.ru
    [phone] => 88695525289
    [formname] => Обратная связь
)

------------------------

------------------------
12.04.2025 10:40:20
CallbackFormEmailModal
Array
(
    [name] => ka.rne.e.vai71.@gmail.com
    [phone] => 85849779117
    [formname] => Обратная связь
)

------------------------

------------------------
12.04.2025 10:41:12
CallbackFormEmailModal
Array
(
    [name] => dolnovam@mail.ru
    [phone] => 89676641861
    [formname] => Обратная связь
)

------------------------

------------------------
12.04.2025 11:46:17
CallbackFormEmailModal
Array
(
    [name] => juncpecni1980@mail.ru
    [phone] => 81183772377
    [formname] => Обратная связь
)

------------------------

------------------------
12.04.2025 11:52:11
CallbackFormEmailModal
Array
(
    [name] => yaroslav.sevastyanov.1988@mail.ru
    [phone] => 89522683753
    [formname] => Обратная связь
)

------------------------

------------------------
12.04.2025 12:19:09
CallbackFormEmailModal
Array
(
    [name] => pencucon_97@mail.ru
    [phone] => 89579421251
    [formname] => Обратная связь
)

------------------------

------------------------
12.04.2025 12:22:19
CallbackFormEmailModal
Array
(
    [name] => kypit-gasish@cocaine-ukraine.online
    [phone] => 86971818545
    [formname] => Обратная связь
)

------------------------

------------------------
12.04.2025 13:01:11
CallbackFormEmailModal
Array
(
    [name] => sileterde1976@mail.ru
    [phone] => 89776158429
    [formname] => Обратная связь
)

------------------------

------------------------
12.04.2025 13:03:49
CallbackFormEmailModal
Array
(
    [name] => xiceruxuk02@gmail.com
    [phone] => 85786335356
    [formname] => Обратная связь
)

------------------------

------------------------
12.04.2025 14:30:48
CallbackFormEmailModal
Array
(
    [name] => toypropadsandwesvi@mail.ru
    [phone] => 89893411156
    [formname] => Обратная связь
)

------------------------

------------------------
12.04.2025 14:34:41
CallbackFormEmailModal
Array
(
    [name] => tipanasotemthia@mail.ru
    [phone] => 85933944966
    [formname] => Обратная связь
)

------------------------

------------------------
12.04.2025 15:11:09
CallbackFormEmailModal
Array
(
    [name] => rodionoverik1735@mail.ru
    [phone] => 81636182999
    [formname] => Обратная связь
)

------------------------

------------------------
12.04.2025 15:11:09
CallbackFormEmailModal
Array
(
    [name] => kxiliya@bk.ru
    [phone] => 81872737947
    [formname] => Обратная связь
)

------------------------

------------------------
12.04.2025 15:11:26
CallbackFormEmailModal
Array
(
    [name] => placnacidown1989@mail.ru
    [phone] => 88411356112
    [formname] => Обратная связь
)

------------------------

------------------------
12.04.2025 15:15:56
CallbackFormEmailModal
Array
(
    [name] => saysalruanscilich@mail.ru
    [phone] => 84774269352
    [formname] => Обратная связь
)

------------------------

------------------------
12.04.2025 15:22:56
CallbackFormEmailModal
Array
(
    [name] => jisankape@list.ru
    [phone] => 87815267918
    [formname] => Обратная связь
)

------------------------

------------------------
12.04.2025 15:29:35
CallbackFormEmailModal
Array
(
    [name] => mosoce-416@mail.ru
    [phone] => 83692643799
    [formname] => Обратная связь
)

------------------------

------------------------
12.04.2025 15:29:45
CallbackFormEmailModal
Array
(
    [name] => nadacottuobesnie@mail.ru
    [phone] => 87926628659
    [formname] => Обратная связь
)

------------------------

------------------------
12.04.2025 15:32:23
CallbackFormEmailModal
Array
(
    [name] => taelivihohtoca@mail.ru
    [phone] => 89593468946
    [formname] => Обратная связь
)

------------------------

------------------------
12.04.2025 15:36:05
CallbackFormEmailModal
Array
(
    [name] => margarita.stolyarova.26.05.1995@mail.ru
    [phone] => 81687756853
    [formname] => Обратная связь
)

------------------------

------------------------
12.04.2025 15:42:57
CallbackFormEmailModal
Array
(
    [name] => ignatevipatii19908014@mail.ru
    [phone] => 87256686947
    [formname] => Обратная связь
)

------------------------

------------------------
12.04.2025 15:51:11
CallbackFormEmailModal
Array
(
    [name] => peraecredad1976@mail.ru
    [phone] => 86343397821
    [formname] => Обратная связь
)

------------------------

------------------------
12.04.2025 15:53:44
CallbackFormEmailModal
Array
(
    [name] => halcheni1990@mail.ru
    [phone] => 85734489759
    [formname] => Обратная связь
)

------------------------

------------------------
12.04.2025 16:48:45
CallbackFormEmailModal
Array
(
    [name] => podaiclan_547@mail.ru
    [phone] => 87762355462
    [formname] => Обратная связь
)

------------------------

------------------------
12.04.2025 17:03:38
CallbackFormEmailModal
Array
(
    [name] => kypit-kokain@cocaine-ukraine.online
    [phone] => 83977573548
    [formname] => Обратная связь
)

------------------------

------------------------
12.04.2025 17:10:27
CallbackFormEmailModal
Array
(
    [name] => tacusol-6816@mail.ru
    [phone] => 84486215413
    [formname] => Обратная связь
)

------------------------

------------------------
12.04.2025 17:13:49
CallbackFormEmailModal
Array
(
    [name] => ramiraselezneva19908003@bk.ru
    [phone] => 88717357753
    [formname] => Обратная связь
)

------------------------

------------------------
12.04.2025 17:15:44
CallbackFormEmailModal
Array
(
    [name] => kypit-geroin@cocaine-ukraine.online
    [phone] => 89783145119
    [formname] => Обратная связь
)

------------------------

------------------------
12.04.2025 17:34:15
CallbackFormEmailModal
Array
(
    [name] => guerfupe@mail.ru
    [phone] => 88237829588
    [formname] => Обратная связь
)

------------------------

------------------------
12.04.2025 18:17:30
CallbackFormEmailModal
Array
(
    [name] => tacusol-6816@mail.ru
    [phone] => 85144699728
    [formname] => Обратная связь
)

------------------------

------------------------
12.04.2025 18:25:29
CallbackFormEmailModal
Array
(
    [name] => dolnovam@mail.ru
    [phone] => 82651993496
    [formname] => Обратная связь
)

------------------------

------------------------
12.04.2025 18:37:20
CallbackFormEmailModal
Array
(
    [name] => dolnovam@mail.ru
    [phone] => 88954259862
    [formname] => Обратная связь
)

------------------------

------------------------
12.04.2025 18:38:34
CallbackFormEmailModal
Array
(
    [name] => cleantop@luksclean-ufa.store
    [phone] => 86975196337
    [formname] => Обратная связь
)

------------------------

------------------------
12.04.2025 18:49:21
CallbackFormEmailModal
Array
(
    [name] => tacusol-6816@mail.ru
    [phone] => 82358245568
    [formname] => Обратная связь
)

------------------------

------------------------
12.04.2025 19:34:01
CallbackFormEmailModal
Array
(
    [name] => vipermst@web.de
    [phone] => 81232694443
    [formname] => Обратная связь
)

------------------------

------------------------
12.04.2025 21:07:06
CallbackFormEmailModal
Array
(
    [name] => dolnovam@mail.ru
    [phone] => 82328871648
    [formname] => Обратная связь
)

------------------------

------------------------
12.04.2025 21:47:41
CallbackFormEmailModal
Array
(
    [name] => rais.shchigelskaya2002@mail.ru
    [phone] => 84163764511
    [formname] => Обратная связь
)

------------------------

------------------------
12.04.2025 21:51:58
CallbackFormEmailModal
Array
(
    [name] => steelersfan4ever@web.de
    [phone] => 82854325226
    [formname] => Обратная связь
)

------------------------

------------------------
12.04.2025 21:54:39
CallbackFormEmailModal
Array
(
    [name] => lcelle@wi.rr.com
    [phone] => 89463582687
    [formname] => Обратная связь
)

------------------------
