
------------------------
07.05.2024 0:16:25
CallbackFormEmailModal
Array
(
    [name] => lucido.leinteract@gmail.com
    [phone] => 87865696276
    [formname] => Обратная связь
)

------------------------

------------------------
07.05.2024 1:40:05
CallbackFormEmailModal
Array
(
    [name] => 1q0nbg4km@mozmail.com
    [phone] => 89511655982
    [formname] => Обратная связь
)

------------------------

------------------------
07.05.2024 3:09:18
CallbackFormEmailModal
Array
(
    [name] => lucido.leinteract@gmail.com
    [phone] => 85468754961
    [formname] => Обратная связь
)

------------------------

------------------------
07.05.2024 5:57:53
CallbackFormEmailModal
Array
(
    [name] => tchelovekarktiki@yandex.com
    [phone] => 84341355711
    [formname] => Обратная связь
)

------------------------

------------------------
07.05.2024 9:59:35
CallbackFormEmailModal
Array
(
    [name] => noab.o.we.n.5.08@gmail.com
    [phone] => 81652817481
    [formname] => Обратная связь
)

------------------------

------------------------
07.05.2024 12:12:31
CallbackFormEmailModal
Array
(
    [name] => lemarbinabermakelderes@gmail.com
    [phone] => 83936348689
    [formname] => Обратная связь
)

------------------------

------------------------
07.05.2024 17:14:00
CallbackFormEmailModal
Array
(
    [name] => lucido.leinteract@gmail.com
    [phone] => 81387394732
    [formname] => Обратная связь
)

------------------------

------------------------
07.05.2024 20:57:55
CallbackFormEmailModal
Array
(
    [name] => ar.ol.e.ndja.c.k@gmail.com
    [phone] => 88227565667
    [formname] => Обратная связь
)

------------------------

------------------------
07.05.2024 23:22:40
CallbackFormEmailModal
Array
(
    [name] => mat.eol.ot.t.y98@gmail.com
    [phone] => 83533217432
    [formname] => Обратная связь
)

------------------------

------------------------
07.05.2024 23:44:19
CallbackFormEmailModal
Array
(
    [name] => a0wxqzug8bln5rq52upe3@outlook.com
    [phone] => 81851277719
    [formname] => Обратная связь
)

------------------------

------------------------
07.05.2024 23:45:37
CallbackFormEmailModal
Array
(
    [name] => a0wxqzug8bln5rq52upe3@outlook.com
    [phone] => 87316155414
    [formname] => Обратная связь
)

------------------------
