
------------------------
24.04.2022 0:16:20
CallbackFormEmailModal
Array
(
    [name] => simplicityevents3@gmail.com
    [phone] => 89038628214
    [formname] => Обратная связь
)

------------------------

------------------------
24.04.2022 1:56:42
CallbackFormEmailModal
Array
(
    [name] => rayven23@gmail.com
    [phone] => 89038764663
    [formname] => Обратная связь
)

------------------------

------------------------
24.04.2022 4:57:19
CallbackFormEmailModal
Array
(
    [name] => Jorelizprlink472@gmail.com
    [phone] => 89039239595
    [formname] => Обратная связь
)

------------------------

------------------------
24.04.2022 9:17:48
CallbackFormEmailModal
Array
(
    [name] => sithwax@yahoo.com
    [phone] => 89033609408
    [formname] => Обратная связь
)

------------------------

------------------------
24.04.2022 14:43:36
CallbackFormEmailModal
Array
(
    [name] => alic.ea.nnlux.y.lk.y01.2@gmail.com
    [phone] => 89030406318
    [formname] => Обратная связь
)

------------------------

------------------------
24.04.2022 20:24:55
CallbackFormEmailModal
Array
(
    [name] => cardilikesfun@yahoo.com
    [phone] => 89033748300
    [formname] => Обратная связь
)

------------------------
