
------------------------
15.06.2024 6:41:37
CallbackFormEmailModal
Array
(
    [name] => capy8@monkey00.site
    [phone] => 84857365948
    [formname] => Обратная связь
)

------------------------

------------------------
15.06.2024 8:08:41
CallbackFormEmailModal
Array
(
    [name] => viansofhomi1977@op.pl
    [phone] => 84148443249
    [formname] => Обратная связь
)

------------------------

------------------------
15.06.2024 9:05:58
CallbackFormEmailModal
Array
(
    [name] => samegodo@int.pl
    [phone] => 82833125373
    [formname] => Обратная связь
)

------------------------

------------------------
15.06.2024 9:22:22
CallbackFormEmailModal
Array
(
    [name] => flagstoneveneydel2q9+lb3kf6oncq@gmail.com
    [phone] => flagstoneveneydel2q9+lb3kf6oncq@gmail.com
    [formname] => Обратная связь
)

------------------------

------------------------
15.06.2024 9:22:24
CallbackFormEmailModal
Array
(
    [name] => flagstoneveneydel2q9+lb3kf6oncq@gmail.com
    [phone] => flagstoneveneydel2q9+lb3kf6oncq@gmail.com
    [formname] => Обратная связь
)

------------------------

------------------------
15.06.2024 11:19:29
CallbackFormEmailModal
Array
(
    [name] => savva121223@gmail.com
    [phone] => 82382591786
    [formname] => Обратная связь
)

------------------------

------------------------
15.06.2024 11:28:22
CallbackFormEmailModal
Array
(
    [name] => tepucfese1984@op.pl
    [phone] => 82369927659
    [formname] => Обратная связь
)

------------------------

------------------------
15.06.2024 11:41:32
CallbackFormEmailModal
Array
(
    [name] => gjhruke2@outlook.com
    [phone] => 86932357426
    [formname] => Обратная связь
)

------------------------

------------------------
15.06.2024 12:05:01
CallbackFormEmailModal
Array
(
    [name] => pinuzaer@pinupora.ru
    [phone] => 88711543611
    [formname] => Обратная связь
)

------------------------

------------------------
15.06.2024 14:24:03
CallbackFormEmailModal
Array
(
    [name] => nephebutpo1986@op.pl
    [phone] => 81675547369
    [formname] => Обратная связь
)

------------------------

------------------------
15.06.2024 18:27:42
CallbackFormEmailModal
Array
(
    [name] => cautioningsehomogen@gmail.com
    [phone] => 87984785377
    [formname] => Обратная связь
)

------------------------

------------------------
15.06.2024 21:43:20
CallbackFormEmailModal
Array
(
    [name] => satj@gmail.com
    [phone] => 82347828532
    [formname] => Обратная связь
)

------------------------

------------------------
15.06.2024 22:30:02
CallbackFormEmailModal
Array
(
    [name] => seneleti1988@op.pl
    [phone] => 83541286741
    [formname] => Обратная связь
)

------------------------
