
------------------------
20.02.2026 4:11:36
CallbackFormEmailModal
Array
(
    [name] => pomgmk9oheivabfooksm@list.ru
    [phone] => 84828128899
    [formname] => Обратная связь
)

------------------------

------------------------
20.02.2026 6:40:58
CallbackFormEmailModal
Array
(
    [name] => podaiclan_547@mail.ru
    [phone] => 83627929131
    [formname] => Обратная связь
)

------------------------

------------------------
20.02.2026 6:44:54
CallbackFormEmailModal
Array
(
    [name] => anya.genger@mail.ru
    [phone] => 89145296985
    [formname] => Обратная связь
)

------------------------
