
------------------------
07.10.2025 3:57:37
CallbackFormEmailModal
Array
(
    [name] => test@gmail.com
    [phone] => 84211246148
    [formname] => Обратная связь
)

------------------------

------------------------
07.10.2025 11:27:05
CallbackFormEmailModal
Array
(
    [name] => ivanpoluma@mail.ru
    [phone] => 89499456546
    [formname] => Обратная связь
)

------------------------

------------------------
07.10.2025 11:39:28
CallbackFormEmailModal
Array
(
    [name] => veronika.goryunova.06.09.2001@mail.ru
    [phone] => 87357434888
    [formname] => Обратная связь
)

------------------------

------------------------
07.10.2025 11:41:49
CallbackFormEmailModal
Array
(
    [name] => gunlekingovertcon@mail.ru
    [phone] => 84359827817
    [formname] => Обратная связь
)

------------------------

------------------------
07.10.2025 11:47:41
CallbackFormEmailModal
Array
(
    [name] => annachusuha@mail.ru
    [phone] => 82694177112
    [formname] => Обратная связь
)

------------------------

------------------------
07.10.2025 11:49:57
CallbackFormEmailModal
Array
(
    [name] => ovnterbefjuden6138@mail.ru
    [phone] => 86993483352
    [formname] => Обратная связь
)

------------------------

------------------------
07.10.2025 12:30:20
CallbackFormEmailModal
Array
(
    [name] => uesnhksg@streetwormail.com
    [phone] => 82262238227
    [formname] => Обратная связь
)

------------------------

------------------------
07.10.2025 13:28:56
CallbackFormEmailModal
Array
(
    [name] => rwceyzmq@streetwormail.com
    [phone] => 86656446333
    [formname] => Обратная связь
)

------------------------

------------------------
07.10.2025 13:38:56
CallbackFormEmailModal
Array
(
    [name] => wilhelmina.mcc@gmx.com
    [phone] => 81312979162
    [formname] => Обратная связь
)

------------------------

------------------------
07.10.2025 16:26:21
CallbackFormEmailModal
Array
(
    [name] => yourmail@gmail.com
    [phone] => 87141223841
    [formname] => Обратная связь
)

------------------------

------------------------
07.10.2025 16:27:14
CallbackFormEmailModal
Array
(
    [name] => yourmail@gmail.com
    [phone] => 84882433235
    [formname] => Обратная связь
)

------------------------

------------------------
07.10.2025 21:38:18
CallbackFormEmailModal
Array
(
    [name] => Gemma Marshall
    [phone] => UK
    [formname] => Обратная связь
)

------------------------

------------------------
07.10.2025 21:48:14
CallbackFormEmailModal
Array
(
    [name] => fsvtzemx@eblanomail.com
    [phone] => 86325821511
    [formname] => Обратная связь
)

------------------------

------------------------
07.10.2025 22:57:00
CallbackFormEmailModal
Array
(
    [name] => v9oim@melssa.com
    [phone] => 85463596484
    [formname] => Обратная связь
)

------------------------
