
------------------------
05.12.2023 3:14:09
CallbackFormEmailModal
Array
(
    [name] => gfhergh22@mail.ru
    [phone] => 85973382987
    [formname] => Обратная связь
)

------------------------

------------------------
05.12.2023 6:53:08
CallbackFormEmailModal
Array
(
    [name] => mr.bumbaster81@gmail.com
    [phone] => 89223228371
    [formname] => Обратная связь
)

------------------------

------------------------
05.12.2023 16:36:37
Order
Array
(
    [name] => СОБОЛЕВ МИХАИЛ
    [email] =>      
    [phone] => +7-978-083-8606
    [comment] => Лестничная ступень SР 34х38/30х2 Zn 800х240 мм, кол-во: 1, цена: 1480руб.
Способ доставки: Доставка автотранспортом поставщика
Выберите способ оплаты: Оплата наличным
Адрес доставки: РЕСПУБЛИКА КРЫМ 

Комментарий к заказу: 

    [formname] => Заказ из корзины
    [fields] => Array
        (
            [price] => 5920
        )

)

------------------------

------------------------
05.12.2023 17:19:53
CallbackFormEmailModal
Array
(
    [name] => sudolbozena356@gmail.com
    [phone] => 87462837349
    [formname] => Обратная связь
)

------------------------

------------------------
05.12.2023 18:24:57
CallbackFormEmailModal
Array
(
    [name] => titova.polina.1981.15.12@list.ru
    [phone] => 88869245511
    [formname] => Обратная связь
)

------------------------

------------------------
05.12.2023 18:38:07
CallbackFormEmailModal
Array
(
    [name] => jisankape@list.ru
    [phone] => 84251975977
    [formname] => Обратная связь
)

------------------------

------------------------
05.12.2023 19:00:54
CallbackFormEmailModal
Array
(
    [name] => mandrivasource@outlook.com
    [phone] => 89215728269
    [formname] => Обратная связь
)

------------------------

------------------------
05.12.2023 22:19:56
CallbackFormEmailModal
Array
(
    [name] => mail@mail.ru
    [phone] => 86434893867
    [formname] => Обратная связь
)

------------------------

------------------------
05.12.2023 22:31:24
CallbackFormEmailModal
Array
(
    [name] => prokat445@gmail.com
    [phone] => 89529649794
    [formname] => Обратная связь
)

------------------------
