
------------------------
22.11.2022 7:08:08
CallbackFormEmailModal
Array
(
    [name] => yp8k@course-fitness.com
    [phone] => 81429963794
    [formname] => Обратная связь
)

------------------------

------------------------
22.11.2022 7:23:20
CallbackFormEmailModal
Array
(
    [name] => Ken Conole
    [phone] => DagnyLiljenquist@gmail.com
    [formname] => Обратная связь
)

------------------------

------------------------
22.11.2022 8:53:12
CallbackFormEmailModal
Array
(
    [name] => e.ma.mo.nov.a.5.62.@gmail.com
    [phone] => 89411777354
    [formname] => Обратная связь
)

------------------------

------------------------
22.11.2022 12:10:20
CallbackFormEmailModal
Array
(
    [name] => cj4429oinpuu@gmail.com
    [phone] => 88413552249
    [formname] => Обратная связь
)

------------------------

------------------------
22.11.2022 13:45:48
CallbackFormEmailModal
Array
(
    [name] => Eric Jones
    [phone] => 555-555-1212
    [formname] => Обратная связь
)

------------------------

------------------------
22.11.2022 14:31:30
Order
Array
(
    [name] => Аникеев Николай Сергеевич 
    [email] => nik901@mail.ru
    [phone] => +7-909-999-3909
    [comment] => Решетчатый настил P 33х11/30х2 Zn 800х1000 мм, кол-во: 1, цена: 7200руб.
Способ доставки: Самовывоз со склада
Выберите способ оплаты: Оплата наличным

Комментарий к заказу: 

    [formname] => Заказ из корзины
    [fields] => Array
        (
            [price] => 7200
        )

)

------------------------

------------------------
22.11.2022 14:43:36
CallbackFormEmailModal
Array
(
    [name] => azamatmusagaliev2022@gmail.com
    [phone] => 83392574962
    [formname] => Обратная связь
)

------------------------

------------------------
22.11.2022 15:22:29
CallbackFormEmailModal
Array
(
    [name] => cazackovkim@yandex.ru
    [phone] => 84682571271
    [formname] => Обратная связь
)

------------------------

------------------------
22.11.2022 18:10:57
CallbackFormEmailModal
Array
(
    [name] => nikolinagenovskaya@yandex.ru
    [phone] => 83187938193
    [formname] => Обратная связь
)

------------------------

------------------------
22.11.2022 19:18:21
CallbackFormEmailModal
Array
(
    [name] => marfiwc99@outlook.com
    [phone] => 83946289991
    [formname] => Обратная связь
)

------------------------

------------------------
22.11.2022 21:02:20
CallbackFormEmailModal
Array
(
    [name] => iggy_lalone70@rambler.ru
    [phone] => 89372449142
    [formname] => Обратная связь
)

------------------------
