
------------------------
15.11.2022 0:04:06
CallbackFormEmailModal
Array
(
    [name] => choksad@gmail.com
    [phone] => 85732815111
    [formname] => Обратная связь
)

------------------------

------------------------
15.11.2022 0:33:09
CallbackFormEmailModal
Array
(
    [name] => d.davvismarco@gmail.com
    [phone] => 86459259737
    [formname] => Обратная связь
)

------------------------

------------------------
15.11.2022 1:33:04
CallbackFormEmailModal
Array
(
    [name] => choksad@gmail.com
    [phone] => 83993771571
    [formname] => Обратная связь
)

------------------------

------------------------
15.11.2022 1:59:04
CallbackFormEmailModal
Array
(
    [name] => defltorch@yandex.com
    [phone] => 87672957379
    [formname] => Обратная связь
)

------------------------

------------------------
15.11.2022 6:47:46
CallbackFormEmailModal
Array
(
    [name] => tiegenwiligh19843@rambler.ru
    [phone] => +71231234567
    [formname] => Обратная связь
)

------------------------

------------------------
15.11.2022 17:53:52
CallbackFormEmailModal
Array
(
    [name] => velpspews@onymail.xyz
    [phone] => 82918164598
    [formname] => Обратная связь
)

------------------------

------------------------
15.11.2022 19:13:27
CallbackFormEmailModal
Array
(
    [name] => ddavvism.arco@gmail.com
    [phone] => 86855783999
    [formname] => Обратная связь
)

------------------------

------------------------
15.11.2022 20:10:55
CallbackFormEmailModal
Array
(
    [name] => snkmo5944@gowithsee.com
    [phone] => 87619954177
    [formname] => Обратная связь
)

------------------------

------------------------
15.11.2022 21:38:00
CallbackFormEmailModal
Array
(
    [name] => i.n.g.a.m939@gmail.com
    [phone] => 86535734442
    [formname] => Обратная связь
)

------------------------

------------------------
15.11.2022 21:38:04
CallbackFormEmailModal
Array
(
    [name] => i.r.i.n.a.m.as.lov.a.6.18@gmail.com
    [phone] => 89167313439
    [formname] => Обратная связь
)

------------------------

------------------------
15.11.2022 21:41:33
CallbackFormEmailModal
Array
(
    [name] => d.o.gonk.i.nav34.@gmail.com
    [phone] => 87758284991
    [formname] => Обратная связь
)

------------------------
