
------------------------
09.11.2023 6:36:08
CallbackFormEmailModal
Array
(
    [name] => vqjhobrt@mail.ru
    [phone] => +791234567713
    [formname] => Обратная связь
)

------------------------

------------------------
09.11.2023 9:16:22
CallbackFormEmailModal
Array
(
    [name] => bxioquxpzEa@bobbor.store
    [phone] => 86614681661
    [formname] => Обратная связь
)

------------------------

------------------------
09.11.2023 9:40:52
CallbackFormEmailModal
Array
(
    [name] => lenagazprom@gmail.com
    [phone] => 83238875827
    [formname] => Обратная связь
)

------------------------

------------------------
09.11.2023 11:38:45
CallbackFormEmailModal
Array
(
    [name] => mtcqhhataEa@bobbor.store
    [phone] => 88136371744
    [formname] => Обратная связь
)

------------------------

------------------------
09.11.2023 13:17:50
CallbackFormEmailModal
Array
(
    [name] => yourmail@gmail.com
    [phone] => 88741442461
    [formname] => Обратная связь
)

------------------------

------------------------
09.11.2023 19:25:34
CallbackFormEmailModal
Array
(
    [name] => pkzwpifrfEa@bobbor.store
    [phone] => 85834253881
    [formname] => Обратная связь
)

------------------------
