
------------------------
09.02.2023 0:01:44
CallbackFormEmailModal
Array
(
    [name] => bankrot-baz32188@list.ru
    [phone] => 79363138974
    [formname] => Обратная связь
)

------------------------

------------------------
09.02.2023 4:39:54
CallbackFormEmailModal
Array
(
    [name] => l.u.k.in.ovi.ch2.0.221.35.5@gmail.com

    [phone] => 85399775449
    [formname] => Обратная связь
)

------------------------

------------------------
09.02.2023 15:44:16
CallbackFormEmailModal
Array
(
    [name] => kentonpaige@smilietoys.com
    [phone] => 87974336538
    [formname] => Обратная связь
)

------------------------

------------------------
09.02.2023 23:49:51
CallbackFormEmailModal
Array
(
    [name] => k.k.ashhurrley@gmail.com
    [phone] => 84557431197
    [formname] => Обратная связь
)

------------------------

------------------------
09.02.2023 23:49:51
CallbackFormEmailModal
Array
(
    [name] => k.kashhurrley@gmail.com
    [phone] => 84136778496
    [formname] => Обратная связь
)

------------------------

------------------------
09.02.2023 23:52:48
CallbackFormEmailModal
Array
(
    [name] => k.kash.h.urrley@gmail.com
    [phone] => 81114182734
    [formname] => Обратная связь
)

------------------------

------------------------
09.02.2023 23:55:49
CallbackFormEmailModal
Array
(
    [name] => guisandcounthart1970@mailopenz.com
    [phone] => 87149134164
    [formname] => Обратная связь
)

------------------------
