
------------------------
26.01.2024 1:53:12
CallbackFormEmailModal
Array
(
    [name] => indomitowot@outlook.com
    [phone] => 89571691988
    [formname] => Обратная связь
)

------------------------

------------------------
26.01.2024 2:12:08
CallbackFormEmailModal
Array
(
    [name] => Eric Jones
    [phone] => 555-555-1212
    [formname] => Обратная связь
)

------------------------

------------------------
26.01.2024 2:50:13
CallbackFormEmailModal
Array
(
    [name] => rest-fun@mail.ru
    [phone] => 81954128755
    [formname] => Обратная связь
)

------------------------

------------------------
26.01.2024 4:25:16
CallbackFormEmailModal
Array
(
    [name] => ilia.fokinrwc@yandex.ru
    [phone] => 85318154424
    [formname] => Обратная связь
)

------------------------

------------------------
26.01.2024 4:33:31
CallbackFormEmailModal
Array
(
    [name] => mark98smith54as@rambler.ru
    [phone] => 84615792195
    [formname] => Обратная связь
)

------------------------

------------------------
26.01.2024 8:07:14
CallbackFormEmailModal
Array
(
    [name] => charles24thompson27as@rambler.ru
    [phone] => 85192932793
    [formname] => Обратная связь
)

------------------------

------------------------
26.01.2024 8:27:06
CallbackFormEmailModal
Array
(
    [name] => daniel06wilson12as@rambler.ru
    [phone] => 89674271135
    [formname] => Обратная связь
)

------------------------

------------------------
26.01.2024 10:30:22
CallbackFormEmailModal
Array
(
    [name] => susanlma24iq@gmail.com
    [phone] => 87827672965
    [formname] => Обратная связь
)

------------------------

------------------------
26.01.2024 10:46:35
CallbackFormEmailModal
Array
(
    [name] => tripunnlichrows198284@rambler.ru
    [phone] => +71231234567
    [formname] => Обратная связь
)

------------------------

------------------------
26.01.2024 13:02:25
CallbackFormEmailModal
Array
(
    [name] => g.ogo.....ty.n@gmail.com
    [phone] => 85763287549
    [formname] => Обратная связь
)

------------------------

------------------------
26.01.2024 13:29:26
CallbackFormEmailModal
Array
(
    [name] => alexpopov716253@gmail.com
    [phone] => 89373165833
    [formname] => Обратная связь
)

------------------------

------------------------
26.01.2024 13:34:37
CallbackFormEmailModal
Array
(
    [name] => charles94parker32as@rambler.ru
    [phone] => 83623165244
    [formname] => Обратная связь
)

------------------------

------------------------
26.01.2024 14:59:24
CallbackEmailModal
Array
(
    [name] => Bortvinpg@yandex.ru
    [phone] => +7(912)386-74-95
    [comment] => Название продуката: Решетчатый настил P 33х11/20х2 Zn 490х990 мм
Комменатрий: Какую нагрузку выдерживает решетчатый настил? 490х990.
Условно: могу я на него наехать колесом газели?
    [formname] => Задать вопрос по товару
)

------------------------

------------------------
26.01.2024 15:55:34
CallbackFormEmailModal
Array
(
    [name] => moscow@meteo.gold
    [phone] => 85798137748
    [formname] => Обратная связь
)

------------------------

------------------------
26.01.2024 16:25:48
CallbackFormEmailModal
Array
(
    [name] => alexpopov716253@gmail.com
    [phone] => 88145995667
    [formname] => Обратная связь
)

------------------------

------------------------
26.01.2024 19:21:50
CallbackFormEmailModal
Array
(
    [name] => jason16baker71as@rambler.ru
    [phone] => 89455636591
    [formname] => Обратная связь
)

------------------------

------------------------
26.01.2024 20:16:54
CallbackFormEmailModal
Array
(
    [name] => iintabre@mail.ru
    [phone] => 86394968967
    [formname] => Обратная связь
)

------------------------

------------------------
26.01.2024 20:42:33
CallbackFormEmailModal
Array
(
    [name] => invalopackman1863@mail.ru
    [phone] => 84226377527
    [formname] => Обратная связь
)

------------------------

------------------------
26.01.2024 20:54:44
CallbackFormEmailModal
Array
(
    [name] => deacren@mail.ru
    [phone] => 81886877613
    [formname] => Обратная связь
)

------------------------

------------------------
26.01.2024 21:00:17
CallbackFormEmailModal
Array
(
    [name] => zabirova_lena_1988_15_3@inbox.ru
    [phone] => 89368886628
    [formname] => Обратная связь
)

------------------------

------------------------
26.01.2024 21:02:56
CallbackFormEmailModal
Array
(
    [name] => woodbpurne1983@mail.ru
    [phone] => 87281982977
    [formname] => Обратная связь
)

------------------------

------------------------
26.01.2024 21:04:16
CallbackFormEmailModal
Array
(
    [name] => foncardda1988@mail.ru
    [phone] => 86988199248
    [formname] => Обратная связь
)

------------------------

------------------------
26.01.2024 21:07:06
CallbackFormEmailModal
Array
(
    [name] => gravruccawasaf5105@mail.ru
    [phone] => 84288597547
    [formname] => Обратная связь
)

------------------------

------------------------
26.01.2024 21:12:32
CallbackFormEmailModal
Array
(
    [name] => statrimo1985@mail.ru
    [phone] => 82196712462
    [formname] => Обратная связь
)

------------------------

------------------------
26.01.2024 21:17:04
CallbackFormEmailModal
Array
(
    [name] => geboxchestza@bk.ru
    [phone] => 89164179813
    [formname] => Обратная связь
)

------------------------

------------------------
26.01.2024 21:19:50
CallbackFormEmailModal
Array
(
    [name] => ropolkingta@mail.ru
    [phone] => 87574711242
    [formname] => Обратная связь
)

------------------------

------------------------
26.01.2024 22:04:26
CallbackFormEmailModal
Array
(
    [name] => alice4@mailas.site
    [phone] => 86583874228
    [formname] => Обратная связь
)

------------------------

------------------------
26.01.2024 22:18:00
CallbackFormEmailModal
Array
(
    [name] => christopher07white99as@rambler.ru
    [phone] => 87819588956
    [formname] => Обратная связь
)

------------------------

------------------------
26.01.2024 22:25:25
CallbackFormEmailModal
Array
(
    [name] => yourmail@gmail.com
    [phone] => 84644145169
    [formname] => Обратная связь
)

------------------------
