
------------------------
26.06.2024 0:43:32
CallbackFormEmailModal
Array
(
    [name] => capy8@monkey00.site
    [phone] => 82297219172
    [formname] => Обратная связь
)

------------------------

------------------------
26.06.2024 1:44:57
CallbackFormEmailModal
Array
(
    [name] => ru3kz@shilingan.store
    [phone] => 85739939335
    [formname] => Обратная связь
)

------------------------

------------------------
26.06.2024 3:10:27
CallbackFormEmailModal
Array
(
    [name] => roqeiiaqv@farironalds.com
    [phone] => 86856755623
    [formname] => Обратная связь
)

------------------------

------------------------
26.06.2024 3:21:06
CallbackFormEmailModal
Array
(
    [name] => an.lider2023@yandex.kz
    [phone] => 86894836867
    [formname] => Обратная связь
)

------------------------

------------------------
26.06.2024 4:18:49
CallbackFormEmailModal
Array
(
    [name] => medranostarckuzz8n0+lb3lfvq1l2@gmail.com
    [phone] => medranostarckuzz8n0+lb3lfvq1l2@gmail.com
    [formname] => Обратная связь
)

------------------------

------------------------
26.06.2024 4:18:51
CallbackFormEmailModal
Array
(
    [name] => medranostarckuzz8n0+lb3lfvq1l2@gmail.com
    [phone] => medranostarckuzz8n0+lb3lfvq1l2@gmail.com
    [formname] => Обратная связь
)

------------------------

------------------------
26.06.2024 5:25:43
CallbackFormEmailModal
Array
(
    [name] => xrumer23Kip@gmail.com
    [phone] => 88598712388
    [formname] => Обратная связь
)

------------------------

------------------------
26.06.2024 5:40:41
CallbackFormEmailModal
Array
(
    [name] => vladimirflorenko18@gmail.com
    [phone] => 81523514397
    [formname] => Обратная связь
)

------------------------

------------------------
26.06.2024 6:07:33
CallbackFormEmailModal
Array
(
    [name] => iunskiygipertonik@gmail.com
    [phone] => 83311428971
    [formname] => Обратная связь
)

------------------------

------------------------
26.06.2024 6:47:00
CallbackFormEmailModal
Array
(
    [name] => alexpopov3453@gmail.com
    [phone] => 81823668918
    [formname] => Обратная связь
)

------------------------

------------------------
26.06.2024 6:57:29
CallbackFormEmailModal
Array
(
    [name] => visirr5655@33pop.site
    [phone] => 83898176197
    [formname] => Обратная связь
)

------------------------

------------------------
26.06.2024 11:03:18
CallbackFormEmailModal
Array
(
    [name] => gstuflliyt@rambler.ru
    [phone] => +71231234567
    [formname] => Обратная связь
)

------------------------

------------------------
26.06.2024 11:32:26
CallbackFormEmailModal
Array
(
    [name] => mass45tersolo7@gmail.com
    [phone] => 82445127448
    [formname] => Обратная связь
)

------------------------

------------------------
26.06.2024 14:02:29
CallbackFormEmailModal
Array
(
    [name] => xgywatvs@fmaillerbox.com
    [phone] => 87665464818
    [formname] => Обратная связь
)

------------------------

------------------------
26.06.2024 14:24:08
CallbackFormEmailModal
Array
(
    [name] => juckre456@pop67.site
    [phone] => 81169863344
    [formname] => Обратная связь
)

------------------------

------------------------
26.06.2024 16:55:20
CallbackFormEmailModal
Array
(
    [name] => dawnedavor@onet.pl
    [phone] => 84911872531
    [formname] => Обратная связь
)

------------------------

------------------------
26.06.2024 17:25:46
CallbackFormEmailModal
Array
(
    [name] => AudreyLaw1964@xru.goaglie.com
    [phone] => 85948736649
    [formname] => Обратная связь
)

------------------------

------------------------
26.06.2024 17:36:53
CallbackFormEmailModal
Array
(
    [name] => bemseiosdoieoieoiasrs@gmail.com
    [phone] => 89682191866
    [formname] => Обратная связь
)

------------------------

------------------------
26.06.2024 17:36:57
CallbackFormEmailModal
Array
(
    [name] => andreysimonov146@gmail.com
    [phone] => 84998998781
    [formname] => Обратная связь
)

------------------------

------------------------
26.06.2024 20:34:34
CallbackFormEmailModal
Array
(
    [name] => 1@bs-32.ru
    [phone] => 88927329172
    [formname] => Обратная связь
)

------------------------

------------------------
26.06.2024 23:25:28
CallbackEmailModal
Array
(
    [name] => sheequema@posthome.space
    [phone] => 81759595128
    [comment] => Название продуката: Решетчатый настил P 33х11/30х2 Zn 700х1000 мм
Комменатрий: Your practitioner can help you sort that out with a physical exam <a href=https://cialis.lat/discover-the-best-prices-for-cialis>cialis reviews</a> measured a profile of genes using RT PCR and used a recurrence algorithm to predict the outcome of patients with tamoxifen treated node negative breast cancers
    [formname] => Задать вопрос по товару
)

------------------------
