
------------------------
08.03.2023 15:11:09
CallbackFormEmailModal
Array
(
    [name] => zpqesgxyngr@mail.ru
    [phone] => +791234567286
    [formname] => Обратная связь
)

------------------------

------------------------
08.03.2023 19:49:09
CallbackFormEmailModal
Array
(
    [name] => Юрий
    [phone] => +7(911)917-22-76
    [formname] => Обратная связь
)

------------------------

------------------------
08.03.2023 21:40:10
CallbackFormEmailModal
Array
(
    [name] => sighvatrpqv5m1enroc@free-private-mail.com
    [phone] => 85251812643
    [formname] => Обратная связь
)

------------------------
