
------------------------
27.04.2023 1:53:00
CallbackFormEmailModal
Array
(
    [name] => bankrot-baz3880@list.ru
    [phone] => 79254223728
    [formname] => Обратная связь
)

------------------------

------------------------
27.04.2023 12:51:59
CallbackFormEmailModal
Array
(
    [name] => valentinellington@wwjmp.com
    [phone] => 83589436173
    [formname] => Обратная связь
)

------------------------

------------------------
27.04.2023 13:54:27
CallbackFormEmailModal
Array
(
    [name] => werso079400iu@rambler.ru
    [phone] => 85418923571
    [formname] => Обратная связь
)

------------------------

------------------------
27.04.2023 16:36:51
CallbackFormModal
Array
(
    [name] => billsokermaster https://www.yahoo.com
    [phone] => bill.soker@mail.ru
    [formname] => Заказать звонок
)

------------------------

------------------------
27.04.2023 20:16:18
CallbackFormEmailModal
Array
(
    [name] => darya.shubina.73@mail.ru
    [phone] => 84681986836
    [formname] => Обратная связь
)

------------------------

------------------------
27.04.2023 20:31:35
CallbackFormEmailModal
Array
(
    [name] => zwisoltiving1980@seocdvig.ru
    [phone] => 82327294832
    [formname] => Обратная связь
)

------------------------
