
------------------------
03.06.2022 1:12:25
CallbackFormEmailModal
Array
(
    [name] => yourmail@gmail.com
    [phone] => 87316798987
    [formname] => Обратная связь
)

------------------------

------------------------
03.06.2022 1:19:05
CallbackFormEmailModal
Array
(
    [name] => Victor Hean
    [phone] => DustyPoe@gmail.com
    [formname] => Обратная связь
)

------------------------

------------------------
03.06.2022 5:51:11
CallbackFormEmailModal
Array
(
    [name] => Eric Jones
    [phone] => 555-555-1212
    [formname] => Обратная связь
)

------------------------

------------------------
03.06.2022 7:31:00
CallbackFormEmailModal
Array
(
    [name] => dirbaz21882301@list.ru
    [phone] => 79998650187
    [formname] => Обратная связь
)

------------------------

------------------------
03.06.2022 11:18:34
CallbackFormEmailModal
Array
(
    [name] => erywoke@bernardmail.xyz
    [phone] => 84719228829
    [formname] => Обратная связь
)

------------------------

------------------------
03.06.2022 18:16:55
CallbackFormEmailModal
Array
(
    [name] => genatanli2022@hotmail.com
    [phone] => 87797562516
    [formname] => Обратная связь
)

------------------------

------------------------
03.06.2022 20:46:23
CallbackFormEmailModal
Array
(
    [name] => goormitte@adann.xyz
    [phone] => 84667428432
    [formname] => Обратная связь
)

------------------------
