
------------------------
23.08.2024 0:50:38
CallbackFormEmailModal
Array
(
    [name] => lucyaspedilla@yahoo.com
    [phone] => 81788511539
    [formname] => Обратная связь
)

------------------------

------------------------
23.08.2024 1:30:56
CallbackFormEmailModal
Array
(
    [name] => henry12@xrevelxr.com
    [phone] => 89668436894
    [formname] => Обратная связь
)

------------------------

------------------------
23.08.2024 5:37:23
CallbackFormEmailModal
Array
(
    [name] => megaboommegaboom@yandex.com
    [phone] => 85547272162
    [formname] => Обратная связь
)

------------------------

------------------------
23.08.2024 8:34:47
Order
Array
(
    [name] => Гончаров ав
    [email] => Goncharov100@bk.ru
    [phone] => +7-903-153-7084
    [comment] => Лестничная ступень Р 33х33/30х3 Zn 1000х270 мм, кол-во: 1, цена: 2950руб.
Способ доставки: Самовывоз со склада
Выберите способ оплаты: Оплата наличным

Комментарий к заказу: 
Нужно 4 шт размер 1000-270
    [formname] => Заказ из корзины
    [fields] => Array
        (
            [price] => 11800
        )

)

------------------------

------------------------
23.08.2024 9:55:17
CallbackFormEmailModal
Array
(
    [name] => akmoiehuee@rambler.ru
    [phone] => +71231234567
    [formname] => Обратная связь
)

------------------------

------------------------
23.08.2024 10:25:05
CallbackFormEmailModal
Array
(
    [name] => chistogunn@gmail.com
    [phone] => 86418928999
    [formname] => Обратная связь
)

------------------------

------------------------
23.08.2024 19:54:36
CallbackFormEmailModal
Array
(
    [name] => ki.r.i.l.l203@gmail.com
    [phone] => 88681741315
    [formname] => Обратная связь
)

------------------------

------------------------
23.08.2024 21:38:02
CallbackFormEmailModal
Array
(
    [name] => allan6@xrevelxr.com
    [phone] => 87267382512
    [formname] => Обратная связь
)

------------------------

------------------------
23.08.2024 21:53:19
CallbackFormEmailModal
Array
(
    [name] => michael-jordan-pl222@prokuratura-rb.ru
    [phone] => 86714959376
    [formname] => Обратная связь
)

------------------------

------------------------
23.08.2024 21:53:20
CallbackFormEmailModal
Array
(
    [name] => muhammad-ali-pl22@prokuratura-rb.ru
    [phone] => 83318723434
    [formname] => Обратная связь
)

------------------------

------------------------
23.08.2024 22:05:49
CallbackFormEmailModal
Array
(
    [name] => k.i.r.i.l.l.203@gmail.com
    [phone] => 87186947865
    [formname] => Обратная связь
)

------------------------
