
------------------------
09.01.2025 0:02:18
CallbackFormEmailModal
Array
(
    [name] => aero-sochi1@93rus.myjino.ru
    [phone] => 84879688995
    [formname] => Обратная связь
)

------------------------

------------------------
09.01.2025 0:11:08
CallbackFormEmailModal
Array
(
    [name] => eiblhwhb@derrenmail.com
    [phone] => 83524483417
    [formname] => Обратная связь
)

------------------------

------------------------
09.01.2025 3:22:21
CallbackFormEmailModal
Array
(
    [name] => hplzbfnlv@hoopsori.shop
    [phone] => 83217132839
    [formname] => Обратная связь
)

------------------------

------------------------
09.01.2025 4:09:07
CallbackFormEmailModal
Array
(
    [name] => musaev.misha.1982.3.5@list.ru
    [phone] => 82722612389
    [formname] => Обратная связь
)

------------------------

------------------------
09.01.2025 6:56:11
CallbackFormEmailModal
Array
(
    [name] => barbariska8912@gmail.com
    [phone] => 81799696853
    [formname] => Обратная связь
)

------------------------

------------------------
09.01.2025 7:12:41
CallbackFormEmailModal
Array
(
    [name] => barbariska8912@gmail.com
    [phone] => 87836227877
    [formname] => Обратная связь
)

------------------------

------------------------
09.01.2025 13:43:34
CallbackFormEmailModal
Array
(
    [name] => xrumerfox@gmail.com
    [phone] => 85322378679
    [formname] => Обратная связь
)

------------------------

------------------------
09.01.2025 18:03:21
CallbackFormEmailModal
Array
(
    [name] => evgenevna5qdk@gmail.com
    [phone] => 84738724589
    [formname] => Обратная связь
)

------------------------

------------------------
09.01.2025 18:26:57
CallbackFormEmailModal
Array
(
    [name] => 777@zel.biz
    [phone] => 86147397972
    [formname] => Обратная связь
)

------------------------

------------------------
09.01.2025 20:24:48
CallbackFormEmailModal
Array
(
    [name] => stevechu12@gmail.com
    [phone] => 87545139113
    [formname] => Обратная связь
)

------------------------

------------------------
09.01.2025 20:34:35
CallbackFormEmailModal
Array
(
    [name] => spalstisee@inbox.ru
    [phone] => 87529992455
    [formname] => Обратная связь
)

------------------------

------------------------
09.01.2025 21:31:50
CallbackFormEmailModal
Array
(
    [name] => arikerer278@gmail.com
    [phone] => 88638384876
    [formname] => Обратная связь
)

------------------------

------------------------
09.01.2025 22:58:52
CallbackFormEmailModal
Array
(
    [name] => depozitvcasinocom@yandex.ru
    [phone] => 82531521519
    [formname] => Обратная связь
)

------------------------

------------------------
09.01.2025 23:10:25
CallbackFormEmailModal
Array
(
    [name] => barbariska8912@gmail.com
    [phone] => 83688477475
    [formname] => Обратная связь
)

------------------------
