
------------------------
11.06.2025 0:47:18
CallbackFormEmailModal
Array
(
    [name] => eprovbelwha@mail.ru
    [phone] => 88318972937
    [formname] => Обратная связь
)

------------------------

------------------------
11.06.2025 2:12:39
CallbackFormEmailModal
Array
(
    [name] => Leia Buzzard
    [phone] => Sweden
    [formname] => Обратная связь
)

------------------------

------------------------
11.06.2025 4:26:50
CallbackFormEmailModal
Array
(
    [name] => jvyzrvcoppl@2-construction.store
    [phone] => 82865912233
    [formname] => Обратная связь
)

------------------------

------------------------
11.06.2025 8:06:55
CallbackFormEmailModal
Array
(
    [name] => sashunya.sergeev.2022@list.ru
    [phone] => 86924184792
    [formname] => Обратная связь
)

------------------------

------------------------
11.06.2025 9:26:26
CallbackFormEmailModal
Array
(
    [name] => estelaadleyrt0m@list.ru
    [phone] => 85486593624
    [formname] => Обратная связь
)

------------------------

------------------------
11.06.2025 9:32:49
CallbackFormEmailModal
Array
(
    [name] => prohor.zlobin.14.11.1987@mail.ru
    [phone] => 87546275771
    [formname] => Обратная связь
)

------------------------

------------------------
11.06.2025 10:16:51
CallbackFormEmailModal
Array
(
    [name] => combontsegal37@mail.ru
    [phone] => 86367455244
    [formname] => Обратная связь
)

------------------------

------------------------
11.06.2025 10:46:27
CallbackFormEmailModal
Array
(
    [name] => combontsegal37@mail.ru
    [phone] => 83256474765
    [formname] => Обратная связь
)

------------------------

------------------------
11.06.2025 11:49:13
CallbackFormEmailModal
Array
(
    [name] => polyakovdanila19908366@mail.ru
    [phone] => 83471413831
    [formname] => Обратная связь
)

------------------------

------------------------
11.06.2025 12:20:25
CallbackFormEmailModal
Array
(
    [name] => freddievab@inboxgate.rest
    [phone] => 88712743486
    [formname] => Обратная связь
)

------------------------

------------------------
11.06.2025 12:29:27
CallbackFormEmailModal
Array
(
    [name] => dionisij.grigorev.92@mail.ru
    [phone] => 86437489222
    [formname] => Обратная связь
)

------------------------

------------------------
11.06.2025 15:04:44
CallbackFormEmailModal
Array
(
    [name] => higbiosepo1986@mail.ru
    [phone] => 89225363925
    [formname] => Обратная связь
)

------------------------

------------------------
11.06.2025 15:37:32
CallbackFormEmailModal
Array
(
    [name] => hannahnilana@gazeta.pl
    [phone] => 89945566239
    [formname] => Обратная связь
)

------------------------

------------------------
11.06.2025 17:06:29
CallbackFormEmailModal
Array
(
    [name] => edbutaldog1984@mail.ru
    [phone] => 84165674572
    [formname] => Обратная связь
)

------------------------

------------------------
11.06.2025 18:41:08
CallbackFormEmailModal
Array
(
    [name] => anna.shapiro.78@mail.ru
    [phone] => 89963296835
    [formname] => Обратная связь
)

------------------------

------------------------
11.06.2025 19:14:46
CallbackFormEmailModal
Array
(
    [name] => egorbmxik@mail.ru
    [phone] => 89161513726
    [formname] => Обратная связь
)

------------------------

------------------------
11.06.2025 21:05:03
CallbackFormEmailModal
Array
(
    [name] => arturgorz2o3@bk.ru
    [phone] => 82524976991
    [formname] => Обратная связь
)

------------------------

------------------------
11.06.2025 21:32:25
CallbackFormEmailModal
Array
(
    [name] => help@gwmetabitt.com
    [phone] => 88189378139
    [formname] => Обратная связь
)

------------------------

------------------------
11.06.2025 21:34:37
CallbackFormEmailModal
Array
(
    [name] => tacusol-6816@mail.ru
    [phone] => 88211672443
    [formname] => Обратная связь
)

------------------------

------------------------
11.06.2025 21:39:18
CallbackFormEmailModal
Array
(
    [name] => kikromankopo1.9.93@gmail.com
    [phone] => 87196342542
    [formname] => Обратная связь
)

------------------------

------------------------
11.06.2025 21:39:40
CallbackFormEmailModal
Array
(
    [name] => tatyanka-semenova-2022@mail.ru
    [phone] => 82932877332
    [formname] => Обратная связь
)

------------------------

------------------------
11.06.2025 21:42:42
CallbackFormEmailModal
Array
(
    [name] => veronika.goryunova.06.09.2001@mail.ru
    [phone] => 89983741961
    [formname] => Обратная связь
)

------------------------

------------------------
11.06.2025 22:34:59
CallbackFormEmailModal
Array
(
    [name] => eugeneAcuseeugeneAcuse@mail.ru
    [phone] => 84571275592
    [formname] => Обратная связь
)

------------------------

------------------------
11.06.2025 23:03:33
CallbackFormEmailModal
Array
(
    [name] => skelley13@yahoo.com
    [phone] => 88362474231
    [formname] => Обратная связь
)

------------------------
