
------------------------
11.11.2025 2:04:36
CallbackFormEmailModal
Array
(
    [name] => juniortub@mail.ru
    [phone] => 82363622562
    [formname] => Обратная связь
)

------------------------

------------------------
11.11.2025 4:20:11
CallbackFormEmailModal
Array
(
    [name] => konstantinrovini@mail.ru
    [phone] => 84216271281
    [formname] => Обратная связь
)

------------------------

------------------------
11.11.2025 4:29:53
CallbackFormEmailModal
Array
(
    [name] => cargo888.cn@gmail.com
    [phone] => 87961457151
    [formname] => Обратная связь
)

------------------------

------------------------
11.11.2025 5:50:14
CallbackFormEmailModal
Array
(
    [name] => elenaroludo@mail.ru
    [phone] => 82362624628
    [formname] => Обратная связь
)

------------------------

------------------------
11.11.2025 5:59:53
CallbackFormEmailModal
Array
(
    [name] => martakalinina84@mail.ru
    [phone] => 83824351471
    [formname] => Обратная связь
)

------------------------

------------------------
11.11.2025 6:00:59
CallbackFormEmailModal
Array
(
    [name] => gunlekingovertcon@mail.ru
    [phone] => 89783944831
    [formname] => Обратная связь
)

------------------------

------------------------
11.11.2025 6:17:44
CallbackFormEmailModal
Array
(
    [name] => margarita.stolyarova.26.05.1995@mail.ru
    [phone] => 81539782459
    [formname] => Обратная связь
)

------------------------

------------------------
11.11.2025 6:31:04
CallbackFormEmailModal
Array
(
    [name] => sinevhabibi664@bk.ru
    [phone] => 83781252466
    [formname] => Обратная связь
)

------------------------

------------------------
11.11.2025 9:21:16
CallbackFormEmailModal
Array
(
    [name] => follgreedi@gmail.com
    [phone] => 87133124599
    [formname] => Обратная связь
)

------------------------

------------------------
11.11.2025 9:24:16
CallbackFormEmailModal
Array
(
    [name] => cinkincaid@gmail.com
    [phone] => 88874922483
    [formname] => Обратная связь
)

------------------------

------------------------
11.11.2025 9:26:40
CallbackFormEmailModal
Array
(
    [name] => deacren@mail.ru
    [phone] => 86581832641
    [formname] => Обратная связь
)

------------------------

------------------------
11.11.2025 10:11:15
CallbackFormEmailModal
Array
(
    [name] => sergowor.ki.ng.718@gmail.com
    [phone] => 87686968936
    [formname] => Обратная связь
)

------------------------

------------------------
11.11.2025 10:13:18
CallbackFormEmailModal
Array
(
    [name] => karzhavinvenegard@mail.ru
    [phone] => 86597886369
    [formname] => Обратная связь
)

------------------------

------------------------
11.11.2025 10:15:44
CallbackFormEmailModal
Array
(
    [name] => vincenttaits@mail.ru
    [phone] => 82592938253
    [formname] => Обратная связь
)

------------------------

------------------------
11.11.2025 10:16:09
CallbackFormEmailModal
Array
(
    [name] => 2000millenniumm@gmail.com
    [phone] => 82544379178
    [formname] => Обратная связь
)

------------------------

------------------------
11.11.2025 11:41:24
CallbackFormEmailModal
Array
(
    [name] => mamedov.edgar.1992.3.3@inbox.ru
    [phone] => 83914185293
    [formname] => Обратная связь
)

------------------------

------------------------
11.11.2025 11:42:29
CallbackFormEmailModal
Array
(
    [name] => anya.genger@mail.ru
    [phone] => 89489491697
    [formname] => Обратная связь
)

------------------------

------------------------
11.11.2025 15:28:10
CallbackFormEmailModal
Array
(
    [name] => serezhamobisa@mail.ru
    [phone] => 81291358467
    [formname] => Обратная связь
)

------------------------

------------------------
11.11.2025 17:56:51
CallbackFormEmailModal
Array
(
    [name] => vasyukov.mityusha@list.ru
    [phone] => 82136791124
    [formname] => Обратная связь
)

------------------------

------------------------
11.11.2025 19:51:42
CallbackFormEmailModal
Array
(
    [name] => sergowor.ki.ng.71.8@gmail.com
    [phone] => 87862136279
    [formname] => Обратная связь
)

------------------------

------------------------
11.11.2025 21:23:44
CallbackFormEmailModal
Array
(
    [name] => list@pogolos.org
    [phone] => 81282872926
    [formname] => Обратная связь
)

------------------------
