
------------------------
06.09.2024 0:36:33
CallbackFormEmailModal
Array
(
    [name] => zaeapqwyzh@rambler.ru
    [phone] => +74991102339
    [formname] => Обратная связь
)

------------------------

------------------------
06.09.2024 0:38:31
CallbackFormEmailModal
Array
(
    [name] => urbmocyvyooz7m4@tempmail.us.com
    [phone] => 82113223126
    [formname] => Обратная связь
)

------------------------

------------------------
06.09.2024 1:26:03
CallbackFormEmailModal
Array
(
    [name] => timothy1@xrevelxr.com
    [phone] => 88619545955
    [formname] => Обратная связь
)

------------------------

------------------------
06.09.2024 2:47:33
CallbackFormEmailModal
Array
(
    [name] => orenzen@katalizator-yaroslavl.ru
    [phone] => 87831991846
    [formname] => Обратная связь
)

------------------------

------------------------
06.09.2024 5:47:08
CallbackFormEmailModal
Array
(
    [name] => idywr4mpuemurastarla@gmail.com
    [phone] => 88364243959
    [formname] => Обратная связь
)

------------------------

------------------------
06.09.2024 6:08:25
CallbackFormEmailModal
Array
(
    [name] => usain-bolt.pl777@prokuratura-rb.ru
    [phone] => 84752478723
    [formname] => Обратная связь
)

------------------------

------------------------
06.09.2024 6:49:18
CallbackFormEmailModal
Array
(
    [name] => michael-jordan-pl222@prokuratura-rb.ru
    [phone] => 88169944388
    [formname] => Обратная связь
)

------------------------

------------------------
06.09.2024 6:55:33
CallbackFormEmailModal
Array
(
    [name] => ibrahimovic-com-az333@prokuratura-rb.ru
    [phone] => 85597494243
    [formname] => Обратная связь
)

------------------------

------------------------
06.09.2024 7:54:58
CallbackFormEmailModal
Array
(
    [name] => frankmcguire1981@gmail.com
    [phone] => 87923339772
    [formname] => Обратная связь
)

------------------------

------------------------
06.09.2024 10:29:32
CallbackFormEmailModal
Array
(
    [name] => jxmahthvwel@rudiplomust.com
    [phone] => 87968114514
    [formname] => Обратная связь
)

------------------------

------------------------
06.09.2024 11:24:49
CallbackFormEmailModal
Array
(
    [name] => digssoqnnel@rudiplomust.com
    [phone] => 88955836311
    [formname] => Обратная связь
)

------------------------

------------------------
06.09.2024 12:35:55
CallbackFormEmailModal
Array
(
    [name] => 1q0nbg4km@mozmail.com
    [phone] => 82461841724
    [formname] => Обратная связь
)

------------------------

------------------------
06.09.2024 14:10:17
CallbackFormEmailModal
Array
(
    [name] => hufwctqahel@rudiplomust.com
    [phone] => 83115749327
    [formname] => Обратная связь
)

------------------------

------------------------
06.09.2024 14:29:09
CallbackFormEmailModal
Array
(
    [name] => xrumer23Kip@gmail.com
    [phone] => 81539635547
    [formname] => Обратная связь
)

------------------------

------------------------
06.09.2024 14:43:57
CallbackFormEmailModal
Array
(
    [name] => vkiyuyjioel@rudiplomust.com
    [phone] => 89983261914
    [formname] => Обратная связь
)

------------------------

------------------------
06.09.2024 14:55:52
CallbackFormEmailModal
Array
(
    [name] => uetxcvilmel@rudiplomust.com
    [phone] => 88133414657
    [formname] => Обратная связь
)

------------------------

------------------------
06.09.2024 17:01:46
CallbackFormEmailModal
Array
(
    [name] => ycistrav@gismail.online

    [phone] => 81147891263
    [formname] => Обратная связь
)

------------------------

------------------------
06.09.2024 17:40:24
CallbackFormEmailModal
Array
(
    [name] => aaxsputseel@rudiplomust.com
    [phone] => 84717753965
    [formname] => Обратная связь
)

------------------------

------------------------
06.09.2024 18:01:38
CallbackFormEmailModal
Array
(
    [name] => ershovmaksim33076@mail.ru
    [phone] => 88526696677
    [formname] => Обратная связь
)

------------------------

------------------------
06.09.2024 18:20:43
CallbackFormEmailModal
Array
(
    [name] => shaddka77@outlook.com
    [phone] => 85582954984
    [formname] => Обратная связь
)

------------------------

------------------------
06.09.2024 18:33:51
CallbackFormEmailModal
Array
(
    [name] => kostadjo@fvmaily.com
    [phone] => 86146336152
    [formname] => Обратная связь
)

------------------------

------------------------
06.09.2024 18:56:17
CallbackFormEmailModal
Array
(
    [name] => danilova_4jl5j@rambler.ru
    [phone] => 83335888727
    [formname] => Обратная связь
)

------------------------
