
------------------------
05.12.2022 0:08:39
CallbackFormEmailModal
Array
(
    [name] => d.ogonki.n.a.v34.@gmail.com
    [phone] => 88122672949
    [formname] => Обратная связь
)

------------------------

------------------------
05.12.2022 0:08:40
CallbackFormEmailModal
Array
(
    [name] => i.n.g.am93.9@gmail.com
    [phone] => 83314569282
    [formname] => Обратная связь
)

------------------------

------------------------
05.12.2022 0:08:41
CallbackFormEmailModal
Array
(
    [name] => ir.i.n.a.m.asl.ova618.@gmail.com
    [phone] => 88694479469
    [formname] => Обратная связь
)

------------------------

------------------------
05.12.2022 2:39:25
CallbackFormEmailModal
Array
(
    [name] => velpspews@onymail.xyz
    [phone] => 85561547471
    [formname] => Обратная связь
)

------------------------

------------------------
05.12.2022 3:24:05
CallbackFormEmailModal
Array
(
    [name] => iliah.trifonovgce@mail.ru
    [phone] => 88669329796
    [formname] => Обратная связь
)

------------------------

------------------------
05.12.2022 6:26:43
CallbackFormEmailModal
Array
(
    [name] => niceart@niceart.club
    [phone] => 83522861654
    [formname] => Обратная связь
)

------------------------

------------------------
05.12.2022 10:44:40
CallbackFormEmailModal
Array
(
    [name] => doscarads@gmail.com
    [phone] => 86356719177
    [formname] => Обратная связь
)

------------------------

------------------------
05.12.2022 18:13:54
CallbackFormEmailModal
Array
(
    [name] => sgdhz3270@studwork.su
    [phone] => 86537623167
    [formname] => Обратная связь
)

------------------------

------------------------
05.12.2022 19:12:32
CallbackFormEmailModal
Array
(
    [name] => luk.in.o.v.ic.h2022.1.3.5.5@gmail.com

    [phone] => 88358157522
    [formname] => Обратная связь
)

------------------------

------------------------
05.12.2022 21:28:47
CallbackFormEmailModal
Array
(
    [name] => velpspews@onymail.xyz
    [phone] => 83539743471
    [formname] => Обратная связь
)

------------------------

------------------------
05.12.2022 22:44:31
CallbackFormEmailModal
Array
(
    [name] => nadezhprudnikova1981@hotmail.com
    [phone] => 85568918792
    [formname] => Обратная связь
)

------------------------
