
------------------------
19.07.2025 2:38:27
CallbackFormEmailModal
Array
(
    [name] => bikon777@rambler.ru
    [phone] => 81532486146
    [formname] => Обратная связь
)

------------------------

------------------------
19.07.2025 4:27:34
CallbackFormEmailModal
Array
(
    [name] => te.m.pt.e.s.t91.4.5.19.675@gmail.com
    [phone] => 81796435236
    [formname] => Обратная связь
)

------------------------

------------------------
19.07.2025 7:17:01
CallbackFormEmailModal
Array
(
    [name] => anna.shapiro.78@mail.ru
    [phone] => 87268859395
    [formname] => Обратная связь
)

------------------------

------------------------
19.07.2025 7:57:17
CallbackFormEmailModal
Array
(
    [name] => f82649149@gmail.com
    [phone] => 88256137578
    [formname] => Обратная связь
)

------------------------

------------------------
19.07.2025 8:30:58
CallbackFormEmailModal
Array
(
    [name] => tacusol-6816@mail.ru
    [phone] => 83375722638
    [formname] => Обратная связь
)

------------------------

------------------------
19.07.2025 8:50:10
CallbackFormEmailModal
Array
(
    [name] => bikon777@rambler.ru
    [phone] => 81446467526
    [formname] => Обратная связь
)

------------------------

------------------------
19.07.2025 9:17:00
CallbackFormEmailModal
Array
(
    [name] => seimymavig1983@mail.ru
    [phone] => 87388885513
    [formname] => Обратная связь
)

------------------------

------------------------
19.07.2025 10:20:31
CallbackFormEmailModal
Array
(
    [name] => juncpecni1980@mail.ru
    [phone] => 89858383844
    [formname] => Обратная связь
)

------------------------

------------------------
19.07.2025 11:50:46
CallbackFormEmailModal
Array
(
    [name] => <emailaddress>bri.g.h.t.u.f.o.g.re.enl.e.a.f.y@gmail.com</emailaddress>
    [phone] => 87929926441
    [formname] => Обратная связь
)

------------------------

------------------------
19.07.2025 13:39:10
CallbackFormEmailModal
Array
(
    [name] => p.ers.ai.t.o.v.2.0@gmail.com:pop.gmail.com
    [phone] => 86755581776
    [formname] => Обратная связь
)

------------------------

------------------------
19.07.2025 14:18:39
CallbackFormEmailModal
Array
(
    [name] => irinademenkova86@gmail.com
    [phone] => 85116613243
    [formname] => Обратная связь
)

------------------------

------------------------
19.07.2025 17:53:38
CallbackFormEmailModal
Array
(
    [name] => blinovazinonna1983@mail.ru
    [phone] => 83779668985
    [formname] => Обратная связь
)

------------------------

------------------------
19.07.2025 18:30:05
CallbackFormEmailModal
Array
(
    [name] => kostinarogneda97@list.ru
    [phone] => 87331841933
    [formname] => Обратная связь
)

------------------------

------------------------
19.07.2025 18:31:55
CallbackFormEmailModal
Array
(
    [name] => halcheni1990@mail.ru
    [phone] => 89596716368
    [formname] => Обратная связь
)

------------------------

------------------------
19.07.2025 18:42:41
CallbackFormEmailModal
Array
(
    [name] => mamedov.edgar.1992.3.3@inbox.ru
    [phone] => 84344658577
    [formname] => Обратная связь
)

------------------------

------------------------
19.07.2025 19:03:31
CallbackFormEmailModal
Array
(
    [name] => rais.shchigelskaya2002@mail.ru
    [phone] => 82286173842
    [formname] => Обратная связь
)

------------------------

------------------------
19.07.2025 19:13:44
CallbackFormEmailModal
Array
(
    [name] => parmazanov@gmail.com
    [phone] => 82477168322
    [formname] => Обратная связь
)

------------------------

------------------------
19.07.2025 19:16:56
CallbackFormEmailModal
Array
(
    [name] => eprovbelwha@mail.ru
    [phone] => 81815135838
    [formname] => Обратная связь
)

------------------------

------------------------
19.07.2025 19:25:48
CallbackFormEmailModal
Array
(
    [name] => laisumake186@mail.ru
    [phone] => 88196966363
    [formname] => Обратная связь
)

------------------------

------------------------
19.07.2025 19:57:49
CallbackFormEmailModal
Array
(
    [name] => yandexmarkets@anonmails.de
    [phone] => 81945396971
    [formname] => Обратная связь
)

------------------------

------------------------
19.07.2025 20:04:47
CallbackFormEmailModal
Array
(
    [name] => erangifest1980@mail.ru
    [phone] => 86773551723
    [formname] => Обратная связь
)

------------------------

------------------------
19.07.2025 20:46:50
CallbackFormEmailModal
Array
(
    [name] => yaroslav.sevastyanov.1988@mail.ru
    [phone] => 89816134434
    [formname] => Обратная связь
)

------------------------

------------------------
19.07.2025 22:45:35
CallbackFormEmailModal
Array
(
    [name] => antonebuttram62@gmail.com
    [phone] => 83261758355
    [formname] => Обратная связь
)

------------------------
