
------------------------
14.09.2021 2:40:14
CallbackFormEmailModal
Array
(
    [name] => bazs2021lk@list.ru
    [phone] => 79999854437
    [formname] => Обратная связь
)

------------------------

------------------------
14.09.2021 14:18:38
CallbackFormEmailModal
Array
(
    [name] => test@test.ru
    [phone] => +7(124)124-14-21
    [formname] => Обратная связь
)

------------------------

------------------------
14.09.2021 14:37:59
CallbackFormEmailModal
Array
(
    [name] => Test roistat
    [phone] => +7(123)132-12-33
    [formname] => Обратная связь
)

------------------------

------------------------
14.09.2021 20:52:39
CallbackFormEmailModal
Array
(
    [name] => blackmazafaka@gmail.com
    [phone] => 81247676484
    [formname] => Обратная связь
)

------------------------
