
------------------------
16.05.2022 2:41:40
CallbackFormEmailModal
Array
(
    [name] => bresimmons@ymail.com
    [phone] => 89031722377
    [formname] => Обратная связь
)

------------------------

------------------------
16.05.2022 7:39:39
CallbackFormEmailModal
Array
(
    [name] => wb1012238312@list.ru
    [phone] => 79991400320
    [formname] => Обратная связь
)

------------------------

------------------------
16.05.2022 8:01:36
CallbackFormEmailModal
Array
(
    [name] => Linda_Melahnkhok@yahoo.com
    [phone] => 89034898081
    [formname] => Обратная связь
)

------------------------

------------------------
16.05.2022 13:43:23
CallbackFormEmailModal
Array
(
    [name] => golah70@gmail.com
    [phone] => 89030632051
    [formname] => Обратная связь
)

------------------------

------------------------
16.05.2022 15:04:21
CallbackFormEmailModal
Array
(
    [name] => no-replysuinuts@gmail.com
    [phone] => 84346582921
    [formname] => Обратная связь
)

------------------------

------------------------
16.05.2022 15:42:56
CallbackFormEmailModal
Array
(
    [name] => patrik1227@gmail.com
    [phone] => 89030281060
    [formname] => Обратная связь
)

------------------------

------------------------
16.05.2022 18:16:26
CallbackFormEmailModal
Array
(
    [name] => afterve@onymail.xyz
    [phone] => 84693617281
    [formname] => Обратная связь
)

------------------------

------------------------
16.05.2022 18:42:52
CallbackFormEmailModal
Array
(
    [name] => no-replysuinuts@gmail.com
    [phone] => 81795367612
    [formname] => Обратная связь
)

------------------------

------------------------
16.05.2022 21:04:56
CallbackFormEmailModal
Array
(
    [name] => izzy_schizo@hotmail.com
    [phone] => 89032529578
    [formname] => Обратная связь
)

------------------------

------------------------
16.05.2022 22:06:48
CallbackEmailModal
Array
(
    [name] => afterve@onymail.xyz
    [phone] => 89157571531
    [comment] => Название продуката: Сварной  настил SP 34х38/30х2 Zn 1000х1000 мм
Комменатрий: Prezzo Viagra Cialis Levitra https://newfasttadalafil.com/ - tadalista vs cialis <a href=https://newfasttadalafil.com/>Cialis</a> Viagra Pfizer Bestellen Prix Levitra En Parapharmacie https://newfasttadalafil.com/ - Cialis
    [formname] => Задать вопрос по товару
)

------------------------
