
------------------------
19.10.2023 8:24:00
CallbackFormEmailModal
Array
(
    [name] => sonia@mailside.site
    [phone] => 87252776449
    [formname] => Обратная связь
)

------------------------

------------------------
19.10.2023 8:58:11
CallbackFormEmailModal
Array
(
    [name] => menhos7@rambler.ru
    [phone] => 82623445833
    [formname] => Обратная связь
)

------------------------

------------------------
19.10.2023 10:50:53
CallbackFormEmailModal
Array
(
    [name] => joakim@perfect-remont.kiev.ua
    [phone] => 83165858262
    [formname] => Обратная связь
)

------------------------

------------------------
19.10.2023 17:52:52
CallbackFormEmailModal
Array
(
    [name] => yourmail@gmail.com
    [phone] => 81475143715
    [formname] => Обратная связь
)

------------------------

------------------------
19.10.2023 23:18:07
CallbackFormEmailModal
Array
(
    [name] => alfredegov@gmail.com
    [phone] => 81162411653
    [formname] => Обратная связь
)

------------------------
