
------------------------
22.06.2022 0:31:04
CallbackFormEmailModal
Array
(
    [name] => saphiramarie@coremail.ru
    [phone] => 89039112264
    [formname] => Обратная связь
)

------------------------

------------------------
22.06.2022 1:45:39
CallbackEmailModal
Array
(
    [name] => goormitte@adann.xyz
    [phone] => 83995787215
    [comment] => Название продуката: Прессованный  настил P 33х11/20х2 Zn 400х600 мм
Комменатрий: zapiro cartoon cialis Crgljt https://newfasttadalafil.com/ - cialis generic buy Plsvrr Customer Reasons For Purchases <a href=https://newfasttadalafil.com/>Cialis</a> Ocxkme Pixqxb Viagra Experiencias https://newfasttadalafil.com/ - how much does cialis cost
    [formname] => Задать вопрос по товару
)

------------------------

------------------------
22.06.2022 3:50:39
CallbackFormEmailModal
Array
(
    [name] => coinagepida3@gmail.com
    [phone] => 89031004125
    [formname] => Обратная связь
)

------------------------

------------------------
22.06.2022 5:52:49
CallbackEmailModal
Array
(
    [name] => Meespelve@newtopmail.xyz
    [phone] => 87677264737
    [comment] => Название продуката: Прессованный  настил P 33х11/30х2 Zn 500х1000 мм
Комменатрий: Mechanism Generic Propecia Ibkrjv https://newfasttadalafil.com/ - generic cialis vs cialis gastroesophageal reux disease B Woufkr Generic Pharmacy Review <a href=https://newfasttadalafil.com/>Cialis</a> generic cialis softtab https://newfasttadalafil.com/ - Cialis Herbal Viagra Tablets
    [formname] => Задать вопрос по товару
)

------------------------

------------------------
22.06.2022 7:08:56
CallbackFormEmailModal
Array
(
    [name] => catbuocdi7767@gmail.com
    [phone] => 89031788192
    [formname] => Обратная связь
)

------------------------

------------------------
22.06.2022 10:28:43
CallbackFormEmailModal
Array
(
    [name] => halijahlijah84@gmail.com
    [phone] => 89033183569
    [formname] => Обратная связь
)

------------------------

------------------------
22.06.2022 13:45:46
CallbackFormEmailModal
Array
(
    [name] => erywoke@bernardmail.xyz
    [phone] => 82685543593
    [formname] => Обратная связь
)

------------------------

------------------------
22.06.2022 13:55:35
Order
Array
(
    [name] => Дуда Иван Павлович
    [email] => 9389999@mail.ru
    [phone] => +7-921-938-9999
    [comment] => Лестничная ступень SР 34х38/30х3 Zn 1000х270 мм, кол-во: 1, цена: 2050руб.
Способ доставки: Доставка автотранспортом поставщика
Выберите способ оплаты: Оплата наличным
Адрес доставки: п. Янино  ул. Шоссейная 112 

Комментарий к заказу: 

    [formname] => Заказ из корзины
    [fields] => Array
        (
            [price] => 45100
        )

)

------------------------

------------------------
22.06.2022 14:41:05
CallbackFormModal
Array
(
    [name] => Иван
    [phone] => +7(921)938-99-99
    [formname] => Заказать звонок
)

------------------------

------------------------
22.06.2022 16:54:36
CallbackFormEmailModal
Array
(
    [name] => dmarkunina5@gmail.com
    [phone] => 89038870360
    [formname] => Обратная связь
)

------------------------

------------------------
22.06.2022 20:16:06
CallbackFormEmailModal
Array
(
    [name] => pedroalaric60@gmail.com
    [phone] => 89034689854
    [formname] => Обратная связь
)

------------------------

------------------------
22.06.2022 22:43:34
CallbackFormEmailModal
Array
(
    [name] => Cheaddy@maill1.xyz
    [phone] => 86458549671
    [formname] => Обратная связь
)

------------------------

------------------------
22.06.2022 23:56:16
CallbackFormEmailModal
Array
(
    [name] => pankovkos_81a@aol.com
    [phone] => 89039118422
    [formname] => Обратная связь
)

------------------------
