
------------------------
23.06.2024 1:15:49
CallbackFormEmailModal
Array
(
    [name] => vasya.portnoy@list.ru
    [phone] => 89816331348
    [formname] => Обратная связь
)

------------------------

------------------------
23.06.2024 2:26:51
CallbackFormEmailModal
Array
(
    [name] => barbariska8912@gmail.com
    [phone] => 89425235163
    [formname] => Обратная связь
)

------------------------

------------------------
23.06.2024 2:43:14
CallbackFormEmailModal
Array
(
    [name] => icsale1980@mail.ru
    [phone] => 86883383154
    [formname] => Обратная связь
)

------------------------

------------------------
23.06.2024 2:59:04
CallbackFormEmailModal
Array
(
    [name] => spczwawwzon@mail.ru
    [phone] => 85363987249
    [formname] => Обратная связь
)

------------------------

------------------------
23.06.2024 3:54:47
CallbackFormEmailModal
Array
(
    [name] => danettekiebv@onet.pl
    [phone] => 87919966223
    [formname] => Обратная связь
)

------------------------

------------------------
23.06.2024 8:47:03
CallbackFormEmailModal
Array
(
    [name] => qg86qx1m@webfreemailz.com
    [phone] => 83382691937
    [formname] => Обратная связь
)

------------------------

------------------------
23.06.2024 9:00:47
CallbackFormEmailModal
Array
(
    [name] => ded0ffff@yandex.com
    [phone] => 82169953249
    [formname] => Обратная связь
)

------------------------

------------------------
23.06.2024 9:31:28
CallbackFormEmailModal
Array
(
    [name] => barbariska8912@gmail.com
    [phone] => 89523163615
    [formname] => Обратная связь
)

------------------------

------------------------
23.06.2024 15:19:08
CallbackFormEmailModal
Array
(
    [name] => sfsrh14@yoxy.online
    [phone] => 87289378714
    [formname] => Обратная связь
)

------------------------

------------------------
23.06.2024 20:28:11
CallbackFormEmailModal
Array
(
    [name] => may107@3mtintchicago.com
    [phone] => 85126954291
    [formname] => Обратная связь
)

------------------------
