
------------------------
13.08.2021 5:11:21
CallbackFormEmailModal
Array
(
    [name] => aleksandr1981uvarovndoh@mail.ru
    [phone] => 450827012439
    [formname] => Обратная связь
)

------------------------

------------------------
13.08.2021 8:26:45
Order
Array
(
    [name] => Иванов иван
    [email] => Kapezin@yandex.ru
    [phone] => +7-910-707-3369
    [comment] => Лестничная ступень SР 34х38/30х2 Zn 600х240 мм, кол-во: 1, цена: 1100руб.
Способ доставки: Самовывоз со склада
Выберите способ оплаты: Оплата наличным

Комментарий к заказу: 

    [formname] => Заказ из корзины
    [fields] => Array
        (
            [price] => 11000
        )

)

------------------------

------------------------
13.08.2021 17:23:34
CallbackFormEmailModal
Array
(
    [name] => irinanikulina4167@gmail.com
    [phone] => 84731418562
    [formname] => Обратная связь
)

------------------------

------------------------
13.08.2021 20:13:34
CallbackFormEmailModal
Array
(
    [name] => dasha.anisimova_8449@mail.ru
    [phone] => +71231234567
    [formname] => Обратная связь
)

------------------------

------------------------
13.08.2021 20:13:35
CallbackFormEmailModal
Array
(
    [name] => dm.design.marina@gmail.com
    [phone] => +71231234567
    [formname] => Обратная связь
)

------------------------

------------------------
13.08.2021 22:03:23
CallbackFormEmailModal
Array
(
    [name] => barsdzon1@gmail.com
    [phone] => 86147346349
    [formname] => Обратная связь
)

------------------------
