
------------------------
08.08.2022 1:44:07
CallbackFormEmailModal
Array
(
    [name] => lady_darkkmoon@yahoo.com
    [phone] => 89036428419
    [formname] => Обратная связь
)

------------------------

------------------------
08.08.2022 4:09:42
CallbackFormEmailModal
Array
(
    [name] => samantha.borge@yahoo.com
    [phone] => 89036597312
    [formname] => Обратная связь
)

------------------------

------------------------
08.08.2022 6:31:31
CallbackFormEmailModal
Array
(
    [name] => bahulya@gmail.com
    [phone] => 89034285207
    [formname] => Обратная связь
)

------------------------

------------------------
08.08.2022 8:51:51
CallbackFormEmailModal
Array
(
    [name] => damonmoran@ymail.com
    [phone] => 89037675116
    [formname] => Обратная связь
)

------------------------

------------------------
08.08.2022 9:41:42
CallbackFormEmailModal
Array
(
    [name] => tnduszzzz@naver.com
    [phone] => 89035003076
    [formname] => Обратная связь
)

------------------------

------------------------
08.08.2022 12:02:34
CallbackFormEmailModal
Array
(
    [name] => ewekizaf@sdd2q.com
    [phone] => 89037661283
    [formname] => Обратная связь
)

------------------------

------------------------
08.08.2022 14:25:03
CallbackFormEmailModal
Array
(
    [name] => AlexandraThompson092@gmail.com
    [phone] => 89038374126
    [formname] => Обратная связь
)

------------------------

------------------------
08.08.2022 16:45:23
CallbackFormEmailModal
Array
(
    [name] => Fusionsavage@hotmail.com
    [phone] => 89033141613
    [formname] => Обратная связь
)

------------------------

------------------------
08.08.2022 19:05:28
CallbackFormEmailModal
Array
(
    [name] => sdlk_brn@yahoo.com
    [phone] => 89034358132
    [formname] => Обратная связь
)

------------------------

------------------------
08.08.2022 21:46:51
CallbackFormEmailModal
Array
(
    [name] => rani_sunshine_2004@yahoo.com
    [phone] => 89033439057
    [formname] => Обратная связь
)

------------------------
