
------------------------
19.08.2025 0:30:32
CallbackFormEmailModal
Array
(
    [name] => fdsagyhufdsgreg@gmail.com
    [phone] => 88344111924
    [formname] => Обратная связь
)

------------------------

------------------------
19.08.2025 0:55:40
CallbackFormEmailModal
Array
(
    [name] => porncurator@inbox.lv
    [phone] => 87122766926
    [formname] => Обратная связь
)

------------------------

------------------------
19.08.2025 2:44:44
CallbackFormEmailModal
Array
(
    [name] => voronenvoron50@gmail.com
    [phone] => 87523452617
    [formname] => Обратная связь
)

------------------------

------------------------
19.08.2025 3:04:49
CallbackFormEmailModal
Array
(
    [name] => bikon777@rambler.ru
    [phone] => 83943367196
    [formname] => Обратная связь
)

------------------------

------------------------
19.08.2025 7:22:10
CallbackFormEmailModal
Array
(
    [name] => nefedrogov985783@mail.ru
    [phone] => 84382275123
    [formname] => Обратная связь
)

------------------------

------------------------
19.08.2025 7:51:54
CallbackFormEmailModal
Array
(
    [name] => placnacidown1989@mail.ru
    [phone] => 89824831525
    [formname] => Обратная связь
)

------------------------

------------------------
19.08.2025 8:36:44
CallbackFormEmailModal
Array
(
    [name] => eugenehugill1931@salpingomyu.ru
    [phone] => +71231234567
    [formname] => Обратная связь
)

------------------------

------------------------
19.08.2025 9:05:09
CallbackFormEmailModal
Array
(
    [name] => rais.shchigelskaya2002@mail.ru
    [phone] => 85437283432
    [formname] => Обратная связь
)

------------------------

------------------------
19.08.2025 9:06:51
CallbackFormEmailModal
Array
(
    [name] => naphtloxua-5550@mail.ru
    [phone] => 86237711758
    [formname] => Обратная связь
)

------------------------

------------------------
19.08.2025 9:07:42
CallbackFormEmailModal
Array
(
    [name] => higbiosepo1986@mail.ru
    [phone] => 83213646499
    [formname] => Обратная связь
)

------------------------

------------------------
19.08.2025 9:07:56
CallbackFormEmailModal
Array
(
    [name] => natulya.fedosova.96@mail.ru
    [phone] => 83449863316
    [formname] => Обратная связь
)

------------------------

------------------------
19.08.2025 9:09:38
CallbackFormEmailModal
Array
(
    [name] => yulya.onipchenko.88@mail.ru
    [phone] => 87572847435
    [formname] => Обратная связь
)

------------------------

------------------------
19.08.2025 9:42:40
CallbackFormEmailModal
Array
(
    [name] => secberconla1986@mail.ru
    [phone] => 82511834549
    [formname] => Обратная связь
)

------------------------

------------------------
19.08.2025 9:43:14
CallbackFormEmailModal
Array
(
    [name] => combontsegal37@mail.ru
    [phone] => 89815494663
    [formname] => Обратная связь
)

------------------------

------------------------
19.08.2025 9:45:25
CallbackFormEmailModal
Array
(
    [name] => seimymavig1983@mail.ru
    [phone] => 82579647648
    [formname] => Обратная связь
)

------------------------

------------------------
19.08.2025 9:46:37
CallbackFormEmailModal
Array
(
    [name] => laisumake186@mail.ru
    [phone] => 84766317195
    [formname] => Обратная связь
)

------------------------

------------------------
19.08.2025 9:48:11
CallbackFormEmailModal
Array
(
    [name] => mark.moshchenskiy.90@mail.ru
    [phone] => 86568894956
    [formname] => Обратная связь
)

------------------------

------------------------
19.08.2025 9:55:42
CallbackFormEmailModal
Array
(
    [name] => dorofeyavinogradova199056@mail.ru
    [phone] => 83497334661
    [formname] => Обратная связь
)

------------------------

------------------------
19.08.2025 9:59:58
CallbackFormEmailModal
Array
(
    [name] => lashawndaqkpuc@mail.ru
    [phone] => 89372248776
    [formname] => Обратная связь
)

------------------------

------------------------
19.08.2025 10:14:00
CallbackFormEmailModal
Array
(
    [name] => eugeneAcuseeugeneAcuse@mail.ru
    [phone] => 82495346959
    [formname] => Обратная связь
)

------------------------

------------------------
19.08.2025 12:15:44
CallbackFormEmailModal
Array
(
    [name] => darktechinbox@gmail.com
    [phone] => 86873649576
    [formname] => Обратная связь
)

------------------------

------------------------
19.08.2025 13:12:17
CallbackFormEmailModal
Array
(
    [name] => eprovbelwha@mail.ru
    [phone] => 85125859636
    [formname] => Обратная связь
)

------------------------

------------------------
19.08.2025 13:18:52
CallbackFormEmailModal
Array
(
    [name] => zuyev-vadik@bk.ru
    [phone] => 88186821889
    [formname] => Обратная связь
)

------------------------

------------------------
19.08.2025 13:23:18
CallbackFormEmailModal
Array
(
    [name] => erangifest1980@mail.ru
    [phone] => 83738461321
    [formname] => Обратная связь
)

------------------------

------------------------
19.08.2025 14:11:24
CallbackFormEmailModal
Array
(
    [name] => eprovbelwha@mail.ru
    [phone] => 89454686564
    [formname] => Обратная связь
)

------------------------

------------------------
19.08.2025 14:17:51
CallbackFormEmailModal
Array
(
    [name] => polyakovdanila19908366@mail.ru
    [phone] => 86478462464
    [formname] => Обратная связь
)

------------------------

------------------------
19.08.2025 14:18:38
CallbackFormEmailModal
Array
(
    [name] => combontsegal37@mail.ru
    [phone] => 86123394213
    [formname] => Обратная связь
)

------------------------

------------------------
19.08.2025 14:19:05
CallbackFormEmailModal
Array
(
    [name] => kozlovvarlen19782037@mail.ru
    [phone] => 86776251343
    [formname] => Обратная связь
)

------------------------

------------------------
19.08.2025 14:29:54
CallbackFormEmailModal
Array
(
    [name] => dolnovam@mail.ru
    [phone] => 89238637232
    [formname] => Обратная связь
)

------------------------

------------------------
19.08.2025 17:51:12
CallbackFormEmailModal
Array
(
    [name] => jisankape@list.ru
    [phone] => 85851551719
    [formname] => Обратная связь
)

------------------------

------------------------
19.08.2025 18:28:13
CallbackFormEmailModal
Array
(
    [name] => hrabrgulyaev1996673@mail.ru
    [phone] => 84685656913
    [formname] => Обратная связь
)

------------------------

------------------------
19.08.2025 19:00:43
CallbackFormEmailModal
Array
(
    [name] => taelivihohtoca@mail.ru
    [phone] => 85463622396
    [formname] => Обратная связь
)

------------------------

------------------------
19.08.2025 19:08:15
CallbackFormEmailModal
Array
(
    [name] => agazcpuvsf@rambler.ru
    [phone] => 87965529883
    [formname] => Обратная связь
)

------------------------

------------------------
19.08.2025 19:14:02
CallbackFormEmailModal
Array
(
    [name] => pencucon_97@mail.ru
    [phone] => 89499255631
    [formname] => Обратная связь
)

------------------------

------------------------
19.08.2025 19:14:38
CallbackFormEmailModal
Array
(
    [name] => mamedov.edgar.1992.3.3@inbox.ru
    [phone] => 83691386876
    [formname] => Обратная связь
)

------------------------

------------------------
19.08.2025 19:16:58
CallbackFormEmailModal
Array
(
    [name] => dionisij.grigorev.92@mail.ru
    [phone] => 89288795212
    [formname] => Обратная связь
)

------------------------

------------------------
19.08.2025 19:21:00
CallbackFormEmailModal
Array
(
    [name] => arturgorz2o3@bk.ru
    [phone] => 89361572692
    [formname] => Обратная связь
)

------------------------

------------------------
19.08.2025 19:22:06
CallbackFormEmailModal
Array
(
    [name] => chofitensatomar@mail.ru
    [phone] => 84941535178
    [formname] => Обратная связь
)

------------------------

------------------------
19.08.2025 19:31:17
CallbackFormEmailModal
Array
(
    [name] => ilnanmode1973@mail.ru
    [phone] => 86874972423
    [formname] => Обратная связь
)

------------------------

------------------------
19.08.2025 19:54:09
CallbackFormEmailModal
Array
(
    [name] => annachusuha@mail.ru
    [phone] => 88585369615
    [formname] => Обратная связь
)

------------------------

------------------------
19.08.2025 22:49:19
CallbackFormEmailModal
Array
(
    [name] => adv25@aolimo.com
    [phone] => 86285734344
    [formname] => Обратная связь
)

------------------------
