
------------------------
28.11.2024 0:21:19
CallbackFormEmailModal
Array
(
    [name] => y.o.urma.il.@gmail.com
    [phone] => 87129885428
    [formname] => Обратная связь
)

------------------------

------------------------
28.11.2024 1:43:40
CallbackFormEmailModal
Array
(
    [name] => grozni52@fvmaily.com
    [phone] => 87877178391
    [formname] => Обратная связь
)

------------------------

------------------------
28.11.2024 2:29:19
CallbackFormEmailModal
Array
(
    [name] => elbolmznpel@rudiplomust.com
    [phone] => 89242999597
    [formname] => Обратная связь
)

------------------------

------------------------
28.11.2024 5:49:40
CallbackFormEmailModal
Array
(
    [name] => konwfymeoer@masterveka.ru
    [phone] => 81292476999
    [formname] => Обратная связь
)

------------------------

------------------------
28.11.2024 7:47:00
CallbackFormEmailModal
Array
(
    [name] => marianinata518@gmail.com
    [phone] => 86683837143
    [formname] => Обратная связь
)

------------------------

------------------------
28.11.2024 7:58:02
CallbackFormEmailModal
Array
(
    [name] => kechasikmest1970@op.pl
    [phone] => 85284641845
    [formname] => Обратная связь
)

------------------------

------------------------
28.11.2024 10:28:00
CallbackFormEmailModal
Array
(
    [name] => yulya.onipchenko.88@mail.ru
    [phone] => 86848148192
    [formname] => Обратная связь
)

------------------------

------------------------
28.11.2024 12:07:19
CallbackFormEmailModal
Array
(
    [name] => lisrebowra1989@mail.ru
    [phone] => 81173756693
    [formname] => Обратная связь
)

------------------------

------------------------
28.11.2024 12:27:56
CallbackFormEmailModal
Array
(
    [name] => romabookim@gmail.com
    [phone] => 87731533827
    [formname] => Обратная связь
)

------------------------

------------------------
28.11.2024 16:18:40
CallbackFormEmailModal
Array
(
    [name] => myualyuels@mail.ru
    [phone] => 82556318416
    [formname] => Обратная связь
)

------------------------

------------------------
28.11.2024 16:53:01
CallbackFormEmailModal
Array
(
    [name] => inna.kortneva.69@mail.ru
    [phone] => 88512647785
    [formname] => Обратная связь
)

------------------------

------------------------
28.11.2024 18:29:34
CallbackFormEmailModal
Array
(
    [name] => taaoktnmusa@tb-vzr1.ru
    [phone] => 81428683658
    [formname] => Обратная связь
)

------------------------

------------------------
28.11.2024 18:57:39
CallbackFormEmailModal
Array
(
    [name] => raggamenstop@gmail.com
    [phone] => 83336716898
    [formname] => Обратная связь
)

------------------------

------------------------
28.11.2024 19:55:20
CallbackFormEmailModal
Array
(
    [name] => anthon@xrevelxr.com
    [phone] => 85996732615
    [formname] => Обратная связь
)

------------------------

------------------------
28.11.2024 21:10:18
CallbackFormEmailModal
Array
(
    [name] => clerebslintom1975@op.pl
    [phone] => 84817973294
    [formname] => Обратная связь
)

------------------------

------------------------
28.11.2024 23:58:43
CallbackFormEmailModal
Array
(
    [name] => recapru@24red.ru
    [phone] => Thank you for registering - it was incredible and pleasant all the best http://yandex.ru ladonna  cucumber
    [formname] => Обратная связь
)

------------------------
