
------------------------
09.08.2023 0:05:41
CallbackFormEmailModal
Array
(
    [name] => libfintravel2023@gmail.com
    [phone] => 81319529824
    [formname] => Обратная связь
)

------------------------

------------------------
09.08.2023 1:14:52
CallbackFormEmailModal
Array
(
    [name] => aankksivo@exzilla.ru
    [phone] => 87829444765
    [formname] => Обратная связь
)

------------------------

------------------------
09.08.2023 2:25:43
CallbackFormEmailModal
Array
(
    [name] => vqjhobrt@mail.ru
    [phone] => +791234567575
    [formname] => Обратная связь
)

------------------------

------------------------
09.08.2023 3:49:43
CallbackFormEmailModal
Array
(
    [name] => peterAlburnern@gmail.com
    [phone] => 87736881817
    [formname] => Обратная связь
)

------------------------

------------------------
09.08.2023 10:56:18
CallbackFormEmailModal
Array
(
    [name] => hectorBuh@eseomail.com
    [phone] => 88789916489
    [formname] => Обратная связь
)

------------------------

------------------------
09.08.2023 12:19:43
CallbackFormEmailModal
Array
(
    [name] => vrpp0h@course-fitness.com
    [phone] => 89787876797
    [formname] => Обратная связь
)

------------------------

------------------------
09.08.2023 14:16:50
CallbackFormEmailModal
Array
(
    [name] => nngdrv8fam746u4@rambler.ru
    [phone] => 86877816591
    [formname] => Обратная связь
)

------------------------

------------------------
09.08.2023 14:20:23
CallbackFormEmailModal
Array
(
    [name] => phn932gxkyxxu1y@rambler.ru
    [phone] => 86939138428
    [formname] => Обратная связь
)

------------------------

------------------------
09.08.2023 15:04:21
CallbackFormEmailModal
Array
(
    [name] => k.ar.neev.a.i71.@gmail.com
    [phone] => 84416812875
    [formname] => Обратная связь
)

------------------------

------------------------
09.08.2023 16:15:09
CallbackFormEmailModal
Array
(
    [name] => eq8hemwnbhry4v8@rambler.ru
    [phone] => 85852998248
    [formname] => Обратная связь
)

------------------------

------------------------
09.08.2023 19:56:34
CallbackFormEmailModal
Array
(
    [name] => zjn85elhqznvnxw@rambler.ru
    [phone] => 89693371238
    [formname] => Обратная связь
)

------------------------

------------------------
09.08.2023 20:07:42
CallbackFormEmailModal
Array
(
    [name] => maia@alexhost.site
    [phone] => 83662716114
    [formname] => Обратная связь
)

------------------------
