
------------------------
18.08.2025 0:24:25
CallbackFormEmailModal
Array
(
    [name] => revers711@1ti.ru
    [phone] => 83167747462
    [formname] => Обратная связь
)

------------------------

------------------------
18.08.2025 0:27:53
CallbackFormEmailModal
Array
(
    [name] => sdnfhgbnguiwdgibuerwg@gmail.com
    [phone] => 82269388621
    [formname] => Обратная связь
)

------------------------

------------------------
18.08.2025 0:28:20
CallbackFormEmailModal
Array
(
    [name] => huisafwcneiwcewgo@gmail.com
    [phone] => 89216498436
    [formname] => Обратная связь
)

------------------------

------------------------
18.08.2025 0:29:37
CallbackFormEmailModal
Array
(
    [name] => dfasghyruweigweqrg@gmail.com
    [phone] => 85892762736
    [formname] => Обратная связь
)

------------------------

------------------------
18.08.2025 0:29:42
CallbackFormEmailModal
Array
(
    [name] => fdsguhbiesdwfgerwgewrg@gmail.com
    [phone] => 84878426647
    [formname] => Обратная связь
)

------------------------

------------------------
18.08.2025 10:31:20
CallbackFormEmailModal
Array
(
    [name] => jcuyfvyfvpf@gmail.com
    [phone] => 84317331729
    [formname] => Обратная связь
)

------------------------

------------------------
18.08.2025 10:47:34
CallbackFormEmailModal
Array
(
    [name] => andrey.don.x@gmail.com
    [phone] => 82939492777
    [formname] => Обратная связь
)

------------------------

------------------------
18.08.2025 16:35:47
CallbackFormEmailModal
Array
(
    [name] => felipepitly@mail.ru
    [phone] => 89561744948
    [formname] => Обратная связь
)

------------------------

------------------------
18.08.2025 18:28:59
CallbackFormEmailModal
Array
(
    [name] => ikunakkkk@club-casino.ru
    [phone] => 86861958568
    [formname] => Обратная связь
)

------------------------

------------------------
18.08.2025 18:30:50
CallbackFormEmailModal
Array
(
    [name] => anna.shapiro.78@mail.ru
    [phone] => 81491331972
    [formname] => Обратная связь
)

------------------------

------------------------
18.08.2025 18:35:23
CallbackFormEmailModal
Array
(
    [name] => mariakoester1954@postencepfml.com
    [phone] => +71231234567
    [formname] => Обратная связь
)

------------------------

------------------------
18.08.2025 18:45:24
CallbackFormEmailModal
Array
(
    [name] => halcheni1990@mail.ru
    [phone] => 82531571955
    [formname] => Обратная связь
)

------------------------

------------------------
18.08.2025 23:10:53
CallbackFormEmailModal
Array
(
    [name] => irinademenkova86@gmail.com
    [phone] => 89584693191
    [formname] => Обратная связь
)

------------------------
