
------------------------
29.06.2022 2:04:21
CallbackFormEmailModal
Array
(
    [name] => adrienne916@gmail.com
    [phone] => 89036576094
    [formname] => Обратная связь
)

------------------------

------------------------
29.06.2022 4:44:53
CallbackFormEmailModal
Array
(
    [name] => smusa0397d0ye98esh@outlook.com
    [phone] => smusa0397d0ye98esh@outlook.com
    [formname] => Обратная связь
)

------------------------

------------------------
29.06.2022 4:45:01
CallbackFormEmailModal
Array
(
    [name] => smusa0397d0ye98esh@outlook.com
    [phone] => smusa0397d0ye98esh@outlook.com
    [formname] => Обратная связь
)

------------------------

------------------------
29.06.2022 4:45:18
CallbackFormEmailModal
Array
(
    [name] => smusa0397d0ye98esh@outlook.com
    [phone] => smusa0397d0ye98esh@outlook.com
    [formname] => Обратная связь
)

------------------------

------------------------
29.06.2022 4:45:31
CallbackFormEmailModal
Array
(
    [name] => smusa0397d0ye98esh@outlook.com
    [phone] => smusa0397d0ye98esh@outlook.com
    [formname] => Обратная связь
)

------------------------

------------------------
29.06.2022 4:48:18
CallbackFormEmailModal
Array
(
    [name] => smusa0397d0ye98esh@outlook.com
    [phone] => smusa0397d0ye98esh@outlook.com
    [formname] => Обратная связь
)

------------------------

------------------------
29.06.2022 4:48:28
CallbackFormEmailModal
Array
(
    [name] => smusa0397d0ye98esh@outlook.com
    [phone] => smusa0397d0ye98esh@outlook.com
    [formname] => Обратная связь
)

------------------------

------------------------
29.06.2022 4:50:54
CallbackFormEmailModal
Array
(
    [name] => smusa0397d0ye98esh@outlook.com
    [phone] => smusa0397d0ye98esh@outlook.com
    [formname] => Обратная связь
)

------------------------

------------------------
29.06.2022 4:51:02
CallbackFormEmailModal
Array
(
    [name] => smusa0397d0ye98esh@outlook.com
    [phone] => smusa0397d0ye98esh@outlook.com
    [formname] => Обратная связь
)

------------------------

------------------------
29.06.2022 4:51:20
CallbackFormEmailModal
Array
(
    [name] => smusa0397d0ye98esh@outlook.com
    [phone] => smusa0397d0ye98esh@outlook.com
    [formname] => Обратная связь
)

------------------------

------------------------
29.06.2022 4:51:28
CallbackFormEmailModal
Array
(
    [name] => smusa0397d0ye98esh@outlook.com
    [phone] => smusa0397d0ye98esh@outlook.com
    [formname] => Обратная связь
)

------------------------

------------------------
29.06.2022 4:52:11
CallbackFormEmailModal
Array
(
    [name] => smusa0397d0ye98esh@outlook.com
    [phone] => smusa0397d0ye98esh@outlook.com
    [formname] => Обратная связь
)

------------------------

------------------------
29.06.2022 4:52:22
CallbackFormEmailModal
Array
(
    [name] => smusa0397d0ye98esh@outlook.com
    [phone] => smusa0397d0ye98esh@outlook.com
    [formname] => Обратная связь
)

------------------------

------------------------
29.06.2022 4:52:36
CallbackFormEmailModal
Array
(
    [name] => smusa0397d0ye98esh@outlook.com
    [phone] => smusa0397d0ye98esh@outlook.com
    [formname] => Обратная связь
)

------------------------

------------------------
29.06.2022 4:52:44
CallbackFormEmailModal
Array
(
    [name] => smusa0397d0ye98esh@outlook.com
    [phone] => smusa0397d0ye98esh@outlook.com
    [formname] => Обратная связь
)

------------------------

------------------------
29.06.2022 4:53:03
CallbackFormEmailModal
Array
(
    [name] => smusa0397d0ye98esh@outlook.com
    [phone] => smusa0397d0ye98esh@outlook.com
    [formname] => Обратная связь
)

------------------------

------------------------
29.06.2022 4:53:14
CallbackFormEmailModal
Array
(
    [name] => smusa0397d0ye98esh@outlook.com
    [phone] => smusa0397d0ye98esh@outlook.com
    [formname] => Обратная связь
)

------------------------

------------------------
29.06.2022 4:53:35
CallbackFormEmailModal
Array
(
    [name] => smusa0397d0ye98esh@outlook.com
    [phone] => smusa0397d0ye98esh@outlook.com
    [formname] => Обратная связь
)

------------------------

------------------------
29.06.2022 4:53:42
CallbackFormEmailModal
Array
(
    [name] => smusa0397d0ye98esh@outlook.com
    [phone] => smusa0397d0ye98esh@outlook.com
    [formname] => Обратная связь
)

------------------------

------------------------
29.06.2022 4:59:17
CallbackFormEmailModal
Array
(
    [name] => shi.wang39@yahoo.com
    [phone] => 89033766103
    [formname] => Обратная связь
)

------------------------

------------------------
29.06.2022 7:41:55
CallbackFormEmailModal
Array
(
    [name] => somatoshop@gmail.com
    [phone] => 89236784816
    [formname] => Обратная связь
)

------------------------

------------------------
29.06.2022 7:51:14
CallbackFormEmailModal
Array
(
    [name] => aquicinddy1@hotmail.com
    [phone] => 89030748080
    [formname] => Обратная связь
)

------------------------

------------------------
29.06.2022 10:43:24
CallbackFormEmailModal
Array
(
    [name] => maricruzmorales0330@gmail.com
    [phone] => 89039122425
    [formname] => Обратная связь
)

------------------------

------------------------
29.06.2022 12:51:59
CallbackFormEmailModal
Array
(
    [name] => i.t.er.-des.ig.n.-co.m.-555@gmail.com

    [phone] => 84953554958
    [formname] => Обратная связь
)

------------------------

------------------------
29.06.2022 13:42:46
CallbackFormEmailModal
Array
(
    [name] => foe_sheezy_ma_neezy@yahoo.com
    [phone] => 89039242160
    [formname] => Обратная связь
)

------------------------

------------------------
29.06.2022 14:57:13
CallbackFormEmailModal
Array
(
    [name] => HoopeSero@barrymail.xyz
    [phone] => 87484775337
    [formname] => Обратная связь
)

------------------------

------------------------
29.06.2022 15:32:13
CallbackFormEmailModal
Array
(
    [name] => dubinds1@gmail.com
    [phone] => 85473845585
    [formname] => Обратная связь
)

------------------------

------------------------
29.06.2022 17:31:02
CallbackFormEmailModal
Array
(
    [name] => it.er-d.e.s.i.gn.-c.o.m.-.5.5.5@gmail.com

    [phone] => 84916627158
    [formname] => Обратная связь
)

------------------------
