
------------------------
08.05.2022 2:12:55
CallbackFormEmailModal
Array
(
    [name] => mommykimmie2@yahoo.com
    [phone] => 89035070120
    [formname] => Обратная связь
)

------------------------

------------------------
08.05.2022 7:34:58
CallbackFormEmailModal
Array
(
    [name] => shorteeles@hotmail.com
    [phone] => 89034247614
    [formname] => Обратная связь
)

------------------------

------------------------
08.05.2022 7:35:16
CallbackFormEmailModal
Array
(
    [name] => vukup223@gmail.com
    [phone] => 85744997299
    [formname] => Обратная связь
)

------------------------

------------------------
08.05.2022 12:15:22
CallbackFormEmailModal
Array
(
    [name] => TomoPlalf@topnewmail.xyz
    [phone] => 86536181546
    [formname] => Обратная связь
)

------------------------

------------------------
08.05.2022 12:54:27
CallbackFormEmailModal
Array
(
    [name] => mksmith226@aol.com
    [phone] => 89032120840
    [formname] => Обратная связь
)

------------------------

------------------------
08.05.2022 13:32:31
CallbackFormEmailModal
Array
(
    [name] => psyboar@oourmail.xyz
    [phone] => 83321299131
    [formname] => Обратная связь
)

------------------------

------------------------
08.05.2022 14:07:32
CallbackFormEmailModal
Array
(
    [name] => osteosy@topmailnew.xyz
    [phone] => 89166695783
    [formname] => Обратная связь
)

------------------------

------------------------
08.05.2022 17:32:41
CallbackEmailModal
Array
(
    [name] => Meespelve@newtopmail.xyz
    [phone] => 84529221377
    [comment] => Название продуката: Лестничная ступень SР 34х38/30х3 Zn 800х240 мм
Комменатрий: https://newfasttadalafil.com/ - best cialis online Iqmvej Symptoms Of Amoxicillin Allergy cialis 5mg tous les jours Mlmkqf <a href=https://newfasttadalafil.com/>Cialis</a> Nnemjr Other options are opioids or  induction agents such as propofol. https://newfasttadalafil.com/ - Cialis B Fibroids shown after hysterectectomy. Vvxqis
    [formname] => Задать вопрос по товару
)

------------------------

------------------------
08.05.2022 18:14:55
CallbackFormEmailModal
Array
(
    [name] => tkpacheco@hotmail.com
    [phone] => 89037591310
    [formname] => Обратная связь
)

------------------------

------------------------
08.05.2022 21:51:17
CallbackFormEmailModal
Array
(
    [name] => me.ieri.ria.@gmail.com
    [phone] => 83428121378
    [formname] => Обратная связь
)

------------------------
