
------------------------
27.03.2025 2:45:42
CallbackFormEmailModal
Array
(
    [name] => edithcollins2002@atorymail.com
    [phone] => 81942691863
    [formname] => Обратная связь
)

------------------------

------------------------
27.03.2025 5:09:12
CallbackFormEmailModal
Array
(
    [name] => nefedrogov985783@mail.ru
    [phone] => 85765643999
    [formname] => Обратная связь
)

------------------------

------------------------
27.03.2025 5:17:34
CallbackFormEmailModal
Array
(
    [name] => siatimscompma1978@mail.ru
    [phone] => 88953564434
    [formname] => Обратная связь
)

------------------------

------------------------
27.03.2025 5:22:29
CallbackFormEmailModal
Array
(
    [name] => olesya.zhukova.1994@bk.ru
    [phone] => 89659123551
    [formname] => Обратная связь
)

------------------------

------------------------
27.03.2025 5:30:56
CallbackFormEmailModal
Array
(
    [name] => taelivihohtoca@mail.ru
    [phone] => 83239355923
    [formname] => Обратная связь
)

------------------------

------------------------
27.03.2025 5:43:58
CallbackFormEmailModal
Array
(
    [name] => tacusol-6816@mail.ru
    [phone] => 89725654745
    [formname] => Обратная связь
)

------------------------

------------------------
27.03.2025 5:47:28
CallbackFormEmailModal
Array
(
    [name] => nealnabalkin1960@vp.pl
    [phone] => 86573777782
    [formname] => Обратная связь
)

------------------------

------------------------
27.03.2025 6:09:40
CallbackFormEmailModal
Array
(
    [name] => siatimscompma1978@mail.ru
    [phone] => 83569721782
    [formname] => Обратная связь
)

------------------------

------------------------
27.03.2025 6:10:06
CallbackFormEmailModal
Array
(
    [name] => kostinarogneda97@list.ru
    [phone] => 82612969453
    [formname] => Обратная связь
)

------------------------

------------------------
27.03.2025 6:20:49
CallbackFormEmailModal
Array
(
    [name] => prohor.zlobin.14.11.1987@mail.ru
    [phone] => 85179965186
    [formname] => Обратная связь
)

------------------------

------------------------
27.03.2025 6:21:07
CallbackFormEmailModal
Array
(
    [name] => dolnovam@mail.ru
    [phone] => 83128958813
    [formname] => Обратная связь
)

------------------------

------------------------
27.03.2025 6:22:47
CallbackFormEmailModal
Array
(
    [name] => xiceruxuk02@gmail.com
    [phone] => 86451198432
    [formname] => Обратная связь
)

------------------------

------------------------
27.03.2025 6:23:22
CallbackFormEmailModal
Array
(
    [name] => kskoxim@inbox.ru
    [phone] => 82727472515
    [formname] => Обратная связь
)

------------------------

------------------------
27.03.2025 6:28:11
CallbackFormEmailModal
Array
(
    [name] => tacusol-6816@mail.ru
    [phone] => 88721677331
    [formname] => Обратная связь
)

------------------------

------------------------
27.03.2025 6:53:54
CallbackFormEmailModal
Array
(
    [name] => laisumake186@mail.ru
    [phone] => 87978272942
    [formname] => Обратная связь
)

------------------------

------------------------
27.03.2025 7:26:46
CallbackFormEmailModal
Array
(
    [name] => ignatevipatii19908014@mail.ru
    [phone] => 84676164718
    [formname] => Обратная связь
)

------------------------

------------------------
27.03.2025 7:30:05
CallbackFormEmailModal
Array
(
    [name] => kozlovvarlen19782037@mail.ru
    [phone] => 88886895976
    [formname] => Обратная связь
)

------------------------

------------------------
27.03.2025 7:30:07
CallbackFormEmailModal
Array
(
    [name] => arturgorz2o3@bk.ru
    [phone] => 85299818183
    [formname] => Обратная связь
)

------------------------

------------------------
27.03.2025 7:41:00
CallbackFormEmailModal
Array
(
    [name] => stapuntril1990@mail.ru
    [phone] => 85686415176
    [formname] => Обратная связь
)

------------------------

------------------------
27.03.2025 7:43:52
CallbackFormEmailModal
Array
(
    [name] => filimonov.ivan.1997.4.6@list.ru
    [phone] => 88665649574
    [formname] => Обратная связь
)

------------------------

------------------------
27.03.2025 7:45:10
CallbackFormEmailModal
Array
(
    [name] => ponomaryov.borya.1983@bk.ru
    [phone] => 89985414876
    [formname] => Обратная связь
)

------------------------

------------------------
27.03.2025 8:15:14
CallbackFormEmailModal
Array
(
    [name] => yerko.lyuda@mail.ru
    [phone] => 87436491194
    [formname] => Обратная связь
)

------------------------

------------------------
27.03.2025 8:21:56
CallbackFormEmailModal
Array
(
    [name] => dolnovam@mail.ru
    [phone] => 83683346495
    [formname] => Обратная связь
)

------------------------

------------------------
27.03.2025 8:23:09
CallbackFormEmailModal
Array
(
    [name] => pavel.sitdikov.88@mail.ru
    [phone] => 89287381518
    [formname] => Обратная связь
)

------------------------

------------------------
27.03.2025 8:33:52
CallbackFormEmailModal
Array
(
    [name] => nadacottuobesnie@mail.ru
    [phone] => 89995761551
    [formname] => Обратная связь
)

------------------------

------------------------
27.03.2025 8:33:52
CallbackFormEmailModal
Array
(
    [name] => woodbpurne1983@mail.ru
    [phone] => 81665924828
    [formname] => Обратная связь
)

------------------------

------------------------
27.03.2025 8:35:05
CallbackFormEmailModal
Array
(
    [name] => sashunya.sergeev.2022@list.ru
    [phone] => 84514692722
    [formname] => Обратная связь
)

------------------------

------------------------
27.03.2025 8:36:01
CallbackFormEmailModal
Array
(
    [name] => mark.moshchenskiy.90@mail.ru
    [phone] => 86772686356
    [formname] => Обратная связь
)

------------------------

------------------------
27.03.2025 8:36:15
CallbackFormEmailModal
Array
(
    [name] => quejudcatan1981@mail.ru
    [phone] => 84932317627
    [formname] => Обратная связь
)

------------------------

------------------------
27.03.2025 8:36:55
CallbackFormEmailModal
Array
(
    [name] => danilovavita9@mail.ru
    [phone] => 81526554855
    [formname] => Обратная связь
)

------------------------

------------------------
27.03.2025 8:56:01
CallbackFormEmailModal
Array
(
    [name] => iyo3pqgn@2mailcache.com
    [phone] => 89731747178
    [formname] => Обратная связь
)

------------------------

------------------------
27.03.2025 9:25:22
CallbackFormEmailModal
Array
(
    [name] => tacusol-6816@mail.ru
    [phone] => 87636423416
    [formname] => Обратная связь
)

------------------------

------------------------
27.03.2025 9:42:59
CallbackFormEmailModal
Array
(
    [name] => neonila-barabasheva43900@pseudonim.pl
    [phone] => 89894213585
    [formname] => Обратная связь
)

------------------------

------------------------
27.03.2025 11:11:44
CallbackFormEmailModal
Array
(
    [name] => 100@dianabykiris.fun
    [phone] => 82762832581
    [formname] => Обратная связь
)

------------------------

------------------------
27.03.2025 11:47:51
CallbackFormEmailModal
Array
(
    [name] => filatovlenian4023@mail.ru
    [phone] => 83442596284
    [formname] => Обратная связь
)

------------------------

------------------------
27.03.2025 11:50:34
CallbackFormEmailModal
Array
(
    [name] => postaawww@zelcafe.ru
    [phone] => 82418314545
    [formname] => Обратная связь
)

------------------------

------------------------
27.03.2025 14:19:33
CallbackFormEmailModal
Array
(
    [name] => combontsegal37@mail.ru
    [phone] => 87884617789
    [formname] => Обратная связь
)

------------------------

------------------------
27.03.2025 14:34:04
CallbackFormEmailModal
Array
(
    [name] => lu.kin.ovic.h.20.2.2135.5@gmail.com

    [phone] => 88888794472
    [formname] => Обратная связь
)

------------------------

------------------------
27.03.2025 15:21:10
CallbackFormEmailModal
Array
(
    [name] => juniortub@mail.ru
    [phone] => 82488529236
    [formname] => Обратная связь
)

------------------------

------------------------
27.03.2025 16:29:49
CallbackFormEmailModal
Array
(
    [name] => kozlovvarlen19782037@mail.ru
    [phone] => 82362992263
    [formname] => Обратная связь
)

------------------------

------------------------
27.03.2025 16:30:08
CallbackFormEmailModal
Array
(
    [name] => peraecredad1976@mail.ru
    [phone] => 82991935512
    [formname] => Обратная связь
)

------------------------

------------------------
27.03.2025 16:49:46
CallbackFormEmailModal
Array
(
    [name] => nifontmarkov1987@mail.ru
    [phone] => 88922132631
    [formname] => Обратная связь
)

------------------------

------------------------
27.03.2025 16:54:15
CallbackFormEmailModal
Array
(
    [name] => siatimscompma1978@mail.ru
    [phone] => 81245792949
    [formname] => Обратная связь
)

------------------------

------------------------
27.03.2025 17:16:30
CallbackFormEmailModal
Array
(
    [name] => sinevhabibi664@bk.ru
    [phone] => 87835191194
    [formname] => Обратная связь
)

------------------------

------------------------
27.03.2025 17:51:28
CallbackFormEmailModal
Array
(
    [name] => zoya.patrusheva.65@mail.ru
    [phone] => 88895167158
    [formname] => Обратная связь
)

------------------------

------------------------
27.03.2025 18:44:02
CallbackFormEmailModal
Array
(
    [name] => yerko.lyuda@mail.ru
    [phone] => 85976816963
    [formname] => Обратная связь
)

------------------------

------------------------
27.03.2025 18:53:32
CallbackFormEmailModal
Array
(
    [name] => terjetade1977@mail.ru
    [phone] => 83617496229
    [formname] => Обратная связь
)

------------------------

------------------------
27.03.2025 20:14:26
CallbackFormEmailModal
Array
(
    [name] => el.l.i.s.c.h.arli.e00.1@gmail.com
    [phone] => 82921159166
    [formname] => Обратная связь
)

------------------------

------------------------
27.03.2025 21:03:28
CallbackFormEmailModal
Array
(
    [name] => dzhavgorat-tashdemirov1981@mail.ru
    [phone] => 85624113961
    [formname] => Обратная связь
)

------------------------

------------------------
27.03.2025 22:11:37
CallbackFormEmailModal
Array
(
    [name] => michaelLycle@mail.ru
    [phone] => 87447768862
    [formname] => Обратная связь
)

------------------------
