
------------------------
08.12.2023 2:15:44
CallbackFormEmailModal
Array
(
    [name] => ronald27williams58as@rambler.ru
    [phone] => 86576915714
    [formname] => Обратная связь
)

------------------------

------------------------
08.12.2023 4:01:20
CallbackFormEmailModal
Array
(
    [name] => billy6@mailside.site
    [phone] => 82693251765
    [formname] => Обратная связь
)

------------------------

------------------------
08.12.2023 4:10:59
CallbackFormEmailModal
Array
(
    [name] => veisneetulpar@mail3go.online

    [phone] => 85567151312
    [formname] => Обратная связь
)

------------------------

------------------------
08.12.2023 11:20:18
CallbackFormEmailModal
Array
(
    [name] => mikesuinuts@gmail.com
    [phone] => 89214673562
    [formname] => Обратная связь
)

------------------------

------------------------
08.12.2023 16:31:35
CallbackFormEmailModal
Array
(
    [name] => zajmnakartudobrij@gmail.com
    [phone] => 89164783217
    [formname] => Обратная связь
)

------------------------

------------------------
08.12.2023 18:08:45
CallbackFormEmailModal
Array
(
    [name] => jeff76gonzalez32as@rambler.ru
    [phone] => 89919315417
    [formname] => Обратная связь
)

------------------------

------------------------
08.12.2023 18:58:21
CallbackFormEmailModal
Array
(
    [name] => test2@atrimoney.site
    [phone] => 83118442398
    [formname] => Обратная связь
)

------------------------

------------------------
08.12.2023 20:40:52
CallbackFormEmailModal
Array
(
    [name] => naelbarad@mail.ru
    [phone] => 86324817649
    [formname] => Обратная связь
)

------------------------

------------------------
08.12.2023 20:58:41
CallbackFormEmailModal
Array
(
    [name] => 4546@gmail.com
    [phone] => 87723497947
    [formname] => Обратная связь
)

------------------------

------------------------
08.12.2023 21:21:21
CallbackFormEmailModal
Array
(
    [name] => luashaeshk@mail.ru
    [phone] => 83671154325
    [formname] => Обратная связь
)

------------------------
