
------------------------
24.06.2023 7:09:24
CallbackFormEmailModal
Array
(
    [name] => joe_stiffy@jerseyshoreelectric.com
    [phone] => 86572776919
    [formname] => Обратная связь
)

------------------------

------------------------
24.06.2023 8:02:26
CallbackFormEmailModal
Array
(
    [name] => goinxmlrd@backcontdras.online
    [phone] => 82391239384
    [formname] => Обратная связь
)

------------------------

------------------------
24.06.2023 8:03:25
CallbackFormEmailModal
Array
(
    [name] => bhpqvaolu@ertilenvire.online
    [phone] => 81898184685
    [formname] => Обратная связь
)

------------------------

------------------------
24.06.2023 12:39:08
CallbackFormEmailModal
Array
(
    [name] => psmodu@post.mil.gov.ua
    [phone] => KURWA_BOBER_5565651
    [formname] => Обратная связь
)

------------------------

------------------------
24.06.2023 13:27:35
CallbackFormEmailModal
Array
(
    [name] => retfioyt@rambler.ua
    [phone] => 81623173376
    [formname] => Обратная связь
)

------------------------

------------------------
24.06.2023 17:32:08
CallbackFormEmailModal
Array
(
    [name] => no-replysuinuts@gmail.com
    [phone] => 86543894255
    [formname] => Обратная связь
)

------------------------

------------------------
24.06.2023 18:21:49
CallbackFormEmailModal
Array
(
    [name] => callvisvetlana@list.ru
    [phone] => 87231812195
    [formname] => Обратная связь
)

------------------------

------------------------
24.06.2023 18:41:02
CallbackFormEmailModal
Array
(
    [name] => valentinellington@wwjmp.com
    [phone] => 86197346532
    [formname] => Обратная связь
)

------------------------

------------------------
24.06.2023 21:44:18
CallbackFormEmailModal
Array
(
    [name] => udemin101@gmail.com
    [phone] => 89815294531
    [formname] => Обратная связь
)

------------------------
