
------------------------
10.11.2025 3:45:28
CallbackFormEmailModal
Array
(
    [name] => adm414141in@loancalculator.world
    [phone] => 86134918841
    [formname] => Обратная связь
)

------------------------

------------------------
10.11.2025 4:37:00
CallbackFormEmailModal
Array
(
    [name] => wo.o.dfor.dj.ameson.4.@gmail.com
    [phone] => 89524677827
    [formname] => Обратная связь
)

------------------------

------------------------
10.11.2025 6:17:03
CallbackFormEmailModal
Array
(
    [name] => laisumake186@mail.ru
    [phone] => 86589659369
    [formname] => Обратная связь
)

------------------------

------------------------
10.11.2025 6:26:15
CallbackFormEmailModal
Array
(
    [name] => kharalampiimartyshkin@mail.ru
    [phone] => 83294167446
    [formname] => Обратная связь
)

------------------------

------------------------
10.11.2025 6:27:52
CallbackFormEmailModal
Array
(
    [name] => geigerab8hans@gmx.com
    [phone] => 83721554264
    [formname] => Обратная связь
)

------------------------

------------------------
10.11.2025 6:44:42
CallbackFormEmailModal
Array
(
    [name] => alexpopov716253@gmail.com
    [phone] => 82795944146
    [formname] => Обратная связь
)

------------------------

------------------------
10.11.2025 8:42:28
CallbackFormEmailModal
Array
(
    [name] => tipanasotemthia@mail.ru
    [phone] => 88249145381
    [formname] => Обратная связь
)

------------------------

------------------------
10.11.2025 9:56:21
CallbackFormEmailModal
Array
(
    [name] => yzboeounn@hoopsori.shop
    [phone] => 84169752732
    [formname] => Обратная связь
)

------------------------

------------------------
10.11.2025 10:06:27
CallbackFormEmailModal
Array
(
    [name] => valerakimuvo@mail.ru
    [phone] => 84486212895
    [formname] => Обратная связь
)

------------------------

------------------------
10.11.2025 10:57:08
CallbackFormEmailModal
Array
(
    [name] => pestovafivr1985@mail.ru
    [phone] => 83969381352
    [formname] => Обратная связь
)

------------------------

------------------------
10.11.2025 11:21:07
CallbackFormEmailModal
Array
(
    [name] => gendraducanprohbay@mail.ru
    [phone] => 82741852384
    [formname] => Обратная связь
)

------------------------

------------------------
10.11.2025 11:34:17
CallbackFormEmailModal
Array
(
    [name] => halcheni1990@mail.ru
    [phone] => 85298842144
    [formname] => Обратная связь
)

------------------------

------------------------
10.11.2025 11:55:17
CallbackFormEmailModal
Array
(
    [name] => varvara.nikolaeva.23.8.1964@mail.ru
    [phone] => 81297148368
    [formname] => Обратная связь
)

------------------------

------------------------
10.11.2025 12:20:17
CallbackFormEmailModal
Array
(
    [name] => toktobayeva.nata@mail.ru
    [phone] => 88946446939
    [formname] => Обратная связь
)

------------------------

------------------------
10.11.2025 13:48:00
CallbackFormEmailModal
Array
(
    [name] => vasyukov.mityusha@list.ru
    [phone] => 88632215665
    [formname] => Обратная связь
)

------------------------

------------------------
10.11.2025 13:53:17
CallbackFormEmailModal
Array
(
    [name] => ivanfuvuso@mail.ru
    [phone] => 89126687659
    [formname] => Обратная связь
)

------------------------

------------------------
10.11.2025 13:54:50
CallbackFormEmailModal
Array
(
    [name] => ilnanmode1973@mail.ru
    [phone] => 89349686167
    [formname] => Обратная связь
)

------------------------

------------------------
10.11.2025 14:03:16
CallbackFormEmailModal
Array
(
    [name] => kseniyanechusa@mail.ru
    [phone] => 82656378267
    [formname] => Обратная связь
)

------------------------

------------------------
10.11.2025 14:12:19
CallbackFormEmailModal
Array
(
    [name] => elenakifixo@mail.ru
    [phone] => 87537249134
    [formname] => Обратная связь
)

------------------------

------------------------
10.11.2025 14:12:20
CallbackFormEmailModal
Array
(
    [name] => jisankape@list.ru
    [phone] => 84124225834
    [formname] => Обратная связь
)

------------------------

------------------------
10.11.2025 14:46:25
CallbackFormEmailModal
Array
(
    [name] => dionisij.grigorev.92@mail.ru
    [phone] => 88312987417
    [formname] => Обратная связь
)

------------------------

------------------------
10.11.2025 15:02:24
CallbackFormEmailModal
Array
(
    [name] => erangifest1980@mail.ru
    [phone] => 83413489316
    [formname] => Обратная связь
)

------------------------

------------------------
10.11.2025 15:29:25
CallbackFormEmailModal
Array
(
    [name] => lashawndaqkpuc@mail.ru
    [phone] => 85564554149
    [formname] => Обратная связь
)

------------------------

------------------------
10.11.2025 15:41:41
CallbackFormEmailModal
Array
(
    [name] => eprovbelwha@mail.ru
    [phone] => 89443231236
    [formname] => Обратная связь
)

------------------------

------------------------
10.11.2025 15:49:33
CallbackFormEmailModal
Array
(
    [name] => musaev.misha.1982.3.5@list.ru
    [phone] => 82691131843
    [formname] => Обратная связь
)

------------------------

------------------------
10.11.2025 15:55:32
CallbackFormEmailModal
Array
(
    [name] => inna.kortneva.69@mail.ru
    [phone] => 86667181714
    [formname] => Обратная связь
)

------------------------

------------------------
10.11.2025 16:03:54
CallbackFormEmailModal
Array
(
    [name] => hrabrgulyaev1996673@mail.ru
    [phone] => 82812297951
    [formname] => Обратная связь
)

------------------------

------------------------
10.11.2025 16:05:26
CallbackFormEmailModal
Array
(
    [name] => amabil.6002@mail.ru
    [phone] => 86387556859
    [formname] => Обратная связь
)

------------------------

------------------------
10.11.2025 16:22:07
CallbackFormEmailModal
Array
(
    [name] => polyakovdanila19908366@mail.ru
    [phone] => 84347755476
    [formname] => Обратная связь
)

------------------------

------------------------
10.11.2025 16:30:40
CallbackFormEmailModal
Array
(
    [name] => annachusuha@mail.ru
    [phone] => 89628133887
    [formname] => Обратная связь
)

------------------------

------------------------
10.11.2025 16:31:22
CallbackFormEmailModal
Array
(
    [name] => stapuntril1990@mail.ru
    [phone] => 87538763212
    [formname] => Обратная связь
)

------------------------

------------------------
10.11.2025 18:11:28
CallbackFormEmailModal
Array
(
    [name] => wilhelmina.mcc@gmx.com
    [phone] => 85488578955
    [formname] => Обратная связь
)

------------------------

------------------------
10.11.2025 18:57:11
CallbackFormEmailModal
Array
(
    [name] => geigerab8hans@gmx.com
    [phone] => 86264467324
    [formname] => Обратная связь
)

------------------------

------------------------
10.11.2025 21:13:56
CallbackFormEmailModal
Array
(
    [name] => eypzxdub@streetwormail.com
    [phone] => 83331664216
    [formname] => Обратная связь
)

------------------------
