
------------------------
19.07.2023 6:04:21
CallbackFormEmailModal
Array
(
    [name] => yu1x3q47gw9wqya@rambler.ru
    [phone] => 86738877864
    [formname] => Обратная связь
)

------------------------

------------------------
19.07.2023 8:46:58
CallbackFormEmailModal
Array
(
    [name] => dawid.kuczekowski@interia.pl
    [phone] => 86839939912
    [formname] => Обратная связь
)

------------------------

------------------------
19.07.2023 9:34:06
CallbackFormEmailModal
Array
(
    [name] => oz5r3k50f7@le.tvtap.fun

    [phone] => 81438314496
    [formname] => Обратная связь
)

------------------------

------------------------
19.07.2023 10:42:11
CallbackFormEmailModal
Array
(
    [name] => dima-nekhajchik@yandex.ru
    [phone] => 84165278263
    [formname] => Обратная связь
)

------------------------

------------------------
19.07.2023 13:27:01
CallbackFormEmailModal
Array
(
    [name] => yana-sokolova-2023@list.ru
    [phone] => 83183198233
    [formname] => Обратная связь
)

------------------------

------------------------
19.07.2023 13:39:19
CallbackFormEmailModal
Array
(
    [name] => mikesuinuts@gmail.com
    [phone] => 81382723113
    [formname] => Обратная связь
)

------------------------

------------------------
19.07.2023 16:40:46
CallbackFormEmailModal
Array
(
    [name] => mindcontrol21@outlook.com
    [phone] => 83472896454
    [formname] => Обратная связь
)

------------------------

------------------------
19.07.2023 19:27:59
CallbackFormEmailModal
Array
(
    [name] => ovpbqadmuEa@bobbor.store
    [phone] => 84394485595
    [formname] => Обратная связь
)

------------------------

------------------------
19.07.2023 22:42:25
CallbackFormEmailModal
Array
(
    [name] => Eric Jones
    [phone] => 555-555-1212
    [formname] => Обратная связь
)

------------------------

------------------------
19.07.2023 23:03:13
CallbackFormEmailModal
Array
(
    [name] => lion.pirogoff@yandex.ru
    [phone] => 89949996761
    [formname] => Обратная связь
)

------------------------
