
------------------------
08.06.2025 1:05:05
CallbackFormEmailModal
Array
(
    [name] => karzhavinvenegard@mail.ru
    [phone] => 82936163388
    [formname] => Обратная связь
)

------------------------

------------------------
08.06.2025 3:43:29
CallbackFormEmailModal
Array
(
    [name] => davidmib@mail.ru
    [phone] => 89238977581
    [formname] => Обратная связь
)

------------------------

------------------------
08.06.2025 4:36:00
CallbackFormEmailModal
Array
(
    [name] => Deliems@mailsphere.xyz
    [phone] => 89753359978
    [formname] => Обратная связь
)

------------------------

------------------------
08.06.2025 4:46:38
CallbackFormEmailModal
Array
(
    [name] => basilcam@inboxgate.rest1
    [phone] => 86727667651
    [formname] => Обратная связь
)

------------------------

------------------------
08.06.2025 5:40:14
CallbackFormEmailModal
Array
(
    [name] => eqwspsuk@tubermail.com
    [phone] => 84464385647
    [formname] => Обратная связь
)

------------------------

------------------------
08.06.2025 6:49:05
CallbackFormEmailModal
Array
(
    [name] => help@gwmetabitt.com
    [phone] => 84113331518
    [formname] => Обратная связь
)

------------------------

------------------------
08.06.2025 7:22:30
CallbackFormEmailModal
Array
(
    [name] => karpeciktibas19915@bk.ru
    [phone] => 81528681985
    [formname] => Обратная связь
)

------------------------

------------------------
08.06.2025 7:23:00
CallbackFormEmailModal
Array
(
    [name] => sendaedeptu1977@mail.ru
    [phone] => 88451961811
    [formname] => Обратная связь
)

------------------------

------------------------
08.06.2025 7:41:22
CallbackFormEmailModal
Array
(
    [name] => info@professionalseocleanup.com
    [phone] => 81986713235
    [formname] => Обратная связь
)

------------------------

------------------------
08.06.2025 7:45:15
CallbackFormEmailModal
Array
(
    [name] => wiedermalito91@abrahamson.browndecorationlights.com 
    [phone] => 88261565233
    [formname] => Обратная связь
)

------------------------

------------------------
08.06.2025 8:13:07
CallbackFormEmailModal
Array
(
    [name] => varvara.nikolaeva.23.8.1964@mail.ru
    [phone] => 85221914689
    [formname] => Обратная связь
)

------------------------

------------------------
08.06.2025 8:21:23
CallbackFormEmailModal
Array
(
    [name] => sileterde1976@mail.ru
    [phone] => 82527333589
    [formname] => Обратная связь
)

------------------------

------------------------
08.06.2025 8:21:41
CallbackFormEmailModal
Array
(
    [name] => higbiosepo1986@mail.ru
    [phone] => 86484264148
    [formname] => Обратная связь
)

------------------------

------------------------
08.06.2025 8:22:15
CallbackFormEmailModal
Array
(
    [name] => kharalampiimartyshkin@mail.ru
    [phone] => 85283766133
    [formname] => Обратная связь
)

------------------------

------------------------
08.06.2025 8:24:13
CallbackFormEmailModal
Array
(
    [name] => inna.kortneva.69@mail.ru
    [phone] => 84176177665
    [formname] => Обратная связь
)

------------------------

------------------------
08.06.2025 11:53:46
CallbackFormEmailModal
Array
(
    [name] => veronika.goryunova.06.09.2001@mail.ru
    [phone] => 84676569819
    [formname] => Обратная связь
)

------------------------

------------------------
08.06.2025 13:03:21
CallbackFormEmailModal
Array
(
    [name] => tatyanka-semenova-2022@mail.ru
    [phone] => 82833273287
    [formname] => Обратная связь
)

------------------------

------------------------
08.06.2025 14:34:07
CallbackFormEmailModal
Array
(
    [name] => rolhthts@wildbmail.com
    [phone] => 86193851537
    [formname] => Обратная связь
)

------------------------

------------------------
08.06.2025 15:34:57
CallbackFormEmailModal
Array
(
    [name] => stapuntril1990@mail.ru
    [phone] => 87318258525
    [formname] => Обратная связь
)

------------------------

------------------------
08.06.2025 17:29:57
CallbackFormEmailModal
Array
(
    [name] => musaev.misha.1982.3.5@list.ru
    [phone] => 83835162255
    [formname] => Обратная связь
)

------------------------

------------------------
08.06.2025 17:46:39
CallbackFormEmailModal
Array
(
    [name] => yourmail@gmail.com
    [phone] => 82992485572
    [formname] => Обратная связь
)

------------------------

------------------------
08.06.2025 17:47:14
CallbackFormEmailModal
Array
(
    [name] => pavel.sitdikov.88@mail.ru
    [phone] => 85427493223
    [formname] => Обратная связь
)

------------------------

------------------------
08.06.2025 17:54:27
CallbackFormEmailModal
Array
(
    [name] => nazarovromen853066@mail.ru
    [phone] => 87774559758
    [formname] => Обратная связь
)

------------------------

------------------------
08.06.2025 18:35:13
CallbackFormEmailModal
Array
(
    [name] => kskoxim@inbox.ru
    [phone] => 87768799164
    [formname] => Обратная связь
)

------------------------

------------------------
08.06.2025 19:07:28
CallbackFormEmailModal
Array
(
    [name] => naphtloxua-5550@mail.ru
    [phone] => 85944896758
    [formname] => Обратная связь
)

------------------------

------------------------
08.06.2025 19:43:32
CallbackFormEmailModal
Array
(
    [name] => seimymavig1983@mail.ru
    [phone] => 83143739492
    [formname] => Обратная связь
)

------------------------

------------------------
08.06.2025 20:08:30
CallbackFormEmailModal
Array
(
    [name] => polyakovdanila19908366@mail.ru
    [phone] => 86146442649
    [formname] => Обратная связь
)

------------------------

------------------------
08.06.2025 20:08:53
CallbackFormEmailModal
Array
(
    [name] => allzionmail@gmail.com
    [phone] => 89715298953
    [formname] => Обратная связь
)

------------------------

------------------------
08.06.2025 21:03:32
CallbackFormEmailModal
Array
(
    [name] => Othenog@mailport.lat
    [phone] => 87811918537
    [formname] => Обратная связь
)

------------------------

------------------------
08.06.2025 21:25:45
CallbackFormEmailModal
Array
(
    [name] => bebefznx@5way5.com
    [phone] => 85512823869
    [formname] => Обратная связь
)

------------------------

------------------------
08.06.2025 22:39:28
CallbackFormEmailModal
Array
(
    [name] => tmusgsny@maillv.com
    [phone] => 86357355949
    [formname] => Обратная связь
)

------------------------

------------------------
08.06.2025 22:49:25
CallbackFormEmailModal
Array
(
    [name] => gugloff.444@gmail.com
    [phone] => 88325719945
    [formname] => Обратная связь
)

------------------------
