
------------------------
17.04.2023 0:13:11
CallbackFormEmailModal
Array
(
    [name] => indomitowot@outlook.com
    [phone] => 84946663434
    [formname] => Обратная связь
)

------------------------

------------------------
17.04.2023 1:27:37
CallbackFormEmailModal
Array
(
    [name] => no-replysuinuts@gmail.com
    [phone] => 86563951911
    [formname] => Обратная связь
)

------------------------

------------------------
17.04.2023 1:52:26
CallbackFormEmailModal
Array
(
    [name] => roperchinic197573@rambler.ru
    [phone] => +79686803080
    [formname] => Обратная связь
)

------------------------

------------------------
17.04.2023 4:02:12
CallbackFormEmailModal
Array
(
    [name] => larissa@freindin.site
    [phone] => 88958352542
    [formname] => Обратная связь
)

------------------------

------------------------
17.04.2023 5:11:56
CallbackFormEmailModal
Array
(
    [name] => tymbuildstroygroup@mail.ru
    [phone] => 83341513873
    [formname] => Обратная связь
)

------------------------

------------------------
17.04.2023 9:58:52
CallbackFormEmailModal
Array
(
    [name] => obtbuumkcjgrdx@mail.ru
    [phone] => +79123456997
    [formname] => Обратная связь
)

------------------------

------------------------
17.04.2023 11:35:13
CallbackFormEmailModal
Array
(
    [name] => catch@hide.toobeo.com
    [phone] => 85825269594
    [formname] => Обратная связь
)

------------------------

------------------------
17.04.2023 16:05:02
CallbackFormEmailModal
Array
(
    [name] => EssamDleynariu@pochtaserver.com
    [phone] => 85826952939
    [formname] => Обратная связь
)

------------------------

------------------------
17.04.2023 23:11:44
CallbackFormEmailModal
Array
(
    [name] => fg9687kiepld@gmail.com
    [phone] => 83332952417
    [formname] => Обратная связь
)

------------------------
