
------------------------
29.09.2025 4:53:01
CallbackFormEmailModal
Array
(
    [name] => susanhodson1948@jettisonaomail.com
    [phone] => 82463744147
    [formname] => Обратная связь
)

------------------------

------------------------
29.09.2025 7:04:35
CallbackFormEmailModal
Array
(
    [name] => h88i2@h88i.store
    [phone] => 88715153742
    [formname] => Обратная связь
)

------------------------

------------------------
29.09.2025 7:26:10
CallbackFormEmailModal
Array
(
    [name] => irinademenkova86@gmail.com
    [phone] => 86763353273
    [formname] => Обратная связь
)

------------------------

------------------------
29.09.2025 8:16:51
CallbackFormEmailModal
Array
(
    [name] => gugless.222@gmail.com
    [phone] => 87478357162
    [formname] => Обратная связь
)

------------------------

------------------------
29.09.2025 10:24:04
CallbackFormEmailModal
Array
(
    [name] => j88i2@j88i.art
    [phone] => 84763828166
    [formname] => Обратная связь
)

------------------------

------------------------
29.09.2025 15:34:46
CallbackFormEmailModal
Array
(
    [name] => akindinkudryashov6842@mail.ru
    [phone] => 83323886147
    [formname] => Обратная связь
)

------------------------

------------------------
29.09.2025 15:41:24
CallbackFormEmailModal
Array
(
    [name] => 137@kirisbyforum.fun
    [phone] => 89139246472
    [formname] => Обратная связь
)

------------------------

------------------------
29.09.2025 15:56:21
CallbackFormEmailModal
Array
(
    [name] => kina3axjglime@bk.ru
    [phone] => 89278356418
    [formname] => Обратная связь
)

------------------------

------------------------
29.09.2025 16:01:20
CallbackFormEmailModal
Array
(
    [name] => polyakovdanila19908366@mail.ru
    [phone] => 84271157663
    [formname] => Обратная связь
)

------------------------

------------------------
29.09.2025 17:59:30
CallbackFormEmailModal
Array
(
    [name] => logistikaizkitaya@gmail.com
    [phone] => 87179431858
    [formname] => Обратная связь
)

------------------------

------------------------
29.09.2025 20:01:58
CallbackFormEmailModal
Array
(
    [name] => test@gmail.com
    [phone] => 84519428688
    [formname] => Обратная связь
)

------------------------

------------------------
29.09.2025 20:53:41
CallbackFormEmailModal
Array
(
    [name] => Royce Primm
    [phone] => Netherlands
    [formname] => Обратная связь
)

------------------------

------------------------
29.09.2025 23:08:15
CallbackFormEmailModal
Array
(
    [name] => info@digital-x-press.com
    [phone] => 81989567562
    [formname] => Обратная связь
)

------------------------
