
------------------------
04.11.2022 0:49:16
CallbackFormEmailModal
Array
(
    [name] => alexmiltren5@hotmail.com
    [phone] => 86975887287
    [formname] => Обратная связь
)

------------------------

------------------------
04.11.2022 1:38:51
CallbackFormEmailModal
Array
(
    [name] => i.r.in.a.m.aslo.v.i.c.@gmail.com
    [phone] => 84492147368
    [formname] => Обратная связь
)

------------------------

------------------------
04.11.2022 3:55:23
CallbackFormEmailModal
Array
(
    [name] => pattyaprild9f9@outlook.com
    [phone] => 87485479427
    [formname] => Обратная связь
)

------------------------

------------------------
04.11.2022 8:08:26
CallbackFormEmailModal
Array
(
    [name] => andr.ejh.alsto.v16.@gmail.com
    [phone] => 89298758462
    [formname] => Обратная связь
)

------------------------

------------------------
04.11.2022 17:57:18
CallbackFormEmailModal
Array
(
    [name] => ema.monov.a.5.6.2.@gmail.com
    [phone] => 87563297237
    [formname] => Обратная связь
)

------------------------

------------------------
04.11.2022 19:09:02
CallbackFormEmailModal
Array
(
    [name] => phocuhandra198220@rambler.ru
    [phone] => +71231234567
    [formname] => Обратная связь
)

------------------------

------------------------
04.11.2022 19:13:06
CallbackFormEmailModal
Array
(
    [name] => f40zxrx@41a6.com
    [phone] => 88366557361
    [formname] => Обратная связь
)

------------------------

------------------------
04.11.2022 21:12:03
CallbackFormEmailModal
Array
(
    [name] => NightIdol@mail.ru
    [phone] => 89213334455
    [formname] => Обратная связь
)

------------------------

------------------------
04.11.2022 23:39:55
CallbackFormEmailModal
Array
(
    [name] => yourmail@gmail.com
    [phone] => 82351861556
    [formname] => Обратная связь
)

------------------------
