
------------------------
23.05.2021 13:17:49
Order
Array
(
    [name] => Олег Волков
    [email] => 
    [phone] => +7-911-822-2218
    [comment] => Стандартный канал S170 1.5мм, кол-во: 1, цена: 3650руб.
Трап Mini Wm200 с вертикальным отводом DN110, кол-во: 1, цена: 5400руб.
Трап Mini Wm 200  с вертикальным отводом DN50, кол-во: 1, цена: 6000руб.
Способ доставки: Самовывоз со склада
Выберите способ оплаты: Оплата наличным

Комментарий к заказу: 

    [formname] => Заказ из корзины
    [fields] => Array
        (
            [price] => 20450
        )

)

------------------------
