
------------------------
13.09.2024 0:42:05
CallbackFormEmailModal
Array
(
    [name] => 4v78xz1b@wmailfree.com
    [phone] => 81875746517
    [formname] => Обратная связь
)

------------------------

------------------------
13.09.2024 2:13:55
CallbackFormEmailModal
Array
(
    [name] => nyfldieluel@rudiplomust.com
    [phone] => 89126528531
    [formname] => Обратная связь
)

------------------------

------------------------
13.09.2024 4:39:38
CallbackFormEmailModal
Array
(
    [name] => ninatarasova37132@mail.ru
    [phone] => 87334821972
    [formname] => Обратная связь
)

------------------------

------------------------
13.09.2024 5:27:07
CallbackFormEmailModal
Array
(
    [name] => paxanann@gismail.online

    [phone] => 85784438482
    [formname] => Обратная связь
)

------------------------

------------------------
13.09.2024 6:11:24
CallbackFormEmailModal
Array
(
    [name] => lxmdhkyamel@rudiplomust.com
    [phone] => 88469514437
    [formname] => Обратная связь
)

------------------------

------------------------
13.09.2024 7:27:26
CallbackFormEmailModal
Array
(
    [name] => swbptgwgsel@rudiplomust.com
    [phone] => 84185538396
    [formname] => Обратная связь
)

------------------------

------------------------
13.09.2024 7:31:51
CallbackFormEmailModal
Array
(
    [name] => fprgskmvkel@rudiplomust.com
    [phone] => 85996664281
    [formname] => Обратная связь
)

------------------------

------------------------
13.09.2024 7:46:24
CallbackFormEmailModal
Array
(
    [name] => dabunisi1972@op.pl
    [phone] => 87243665793
    [formname] => Обратная связь
)

------------------------

------------------------
13.09.2024 8:05:33
CallbackFormEmailModal
Array
(
    [name] => alfredo4@xrevelxr.com
    [phone] => 85927282117
    [formname] => Обратная связь
)

------------------------

------------------------
13.09.2024 9:44:46
CallbackFormEmailModal
Array
(
    [name] => teddy@phoenixseo-az.com
    [phone] => 82971938859
    [formname] => Обратная связь
)

------------------------

------------------------
13.09.2024 10:18:16
CallbackFormEmailModal
Array
(
    [name] => gxsrcxuswel@rudiplomust.com
    [phone] => 88581682767
    [formname] => Обратная связь
)

------------------------

------------------------
13.09.2024 11:25:59
CallbackFormEmailModal
Array
(
    [name] => bywoplyhkel@rudiplomust.com
    [phone] => 84568742293
    [formname] => Обратная связь
)

------------------------

------------------------
13.09.2024 12:48:01
CallbackFormEmailModal
Array
(
    [name] => wewitconswi1977@op.pl
    [phone] => 84858546698
    [formname] => Обратная связь
)

------------------------

------------------------
13.09.2024 13:22:46
CallbackFormEmailModal
Array
(
    [name] => lolerex241@ovout.com
    [phone] => 89891514721
    [formname] => Обратная связь
)

------------------------

------------------------
13.09.2024 13:46:42
CallbackFormEmailModal
Array
(
    [name] => kkcdnpoqba@rambler.ru
    [phone] => +71231234567
    [formname] => Обратная связь
)

------------------------

------------------------
13.09.2024 14:14:26
CallbackFormEmailModal
Array
(
    [name] => lolerex241@ovout.com
    [phone] => 81632364189
    [formname] => Обратная связь
)

------------------------

------------------------
13.09.2024 14:27:52
CallbackFormEmailModal
Array
(
    [name] => alex1.111222@yandex.ru
    [phone] => 87166177492
    [formname] => Обратная связь
)

------------------------

------------------------
13.09.2024 15:59:54
CallbackFormEmailModal
Array
(
    [name] => dewayne3@xrevelxr.com
    [phone] => 89164626211
    [formname] => Обратная связь
)

------------------------

------------------------
13.09.2024 16:21:12
CallbackFormEmailModal
Array
(
    [name] => netepastwin1974@op.pl
    [phone] => 87912132618
    [formname] => Обратная связь
)

------------------------

------------------------
13.09.2024 16:27:18
CallbackFormEmailModal
Array
(
    [name] => simpnulica1983@op.pl
    [phone] => 81655677672
    [formname] => Обратная связь
)

------------------------

------------------------
13.09.2024 17:15:42
CallbackFormEmailModal
Array
(
    [name] => nasa@loves-ltd.com
    [phone] => 89476227683
    [formname] => Обратная связь
)

------------------------

------------------------
13.09.2024 20:19:14
CallbackFormEmailModal
Array
(
    [name] => kjwhlwwinka@rudiplomust.com
    [phone] => 87933694684
    [formname] => Обратная связь
)

------------------------

------------------------
13.09.2024 20:25:39
CallbackFormEmailModal
Array
(
    [name] => hmiaiuluxel@rudiplomust.com
    [phone] => 83882688477
    [formname] => Обратная связь
)

------------------------

------------------------
13.09.2024 21:48:04
CallbackFormEmailModal
Array
(
    [name] => yzmnlunitel@rudiplomust.com
    [phone] => 84339593137
    [formname] => Обратная связь
)

------------------------
