
------------------------
22.05.2023 2:17:26
CallbackFormEmailModal
Array
(
    [name] => 879510455752@bk.ru
    [phone] => 79510455752
    [formname] => Обратная связь
)

------------------------

------------------------
22.05.2023 5:36:44
CallbackFormEmailModal
Array
(
    [name] => maya@alexhost.site
    [phone] => 89672974542
    [formname] => Обратная связь
)

------------------------

------------------------
22.05.2023 5:56:36
CallbackFormEmailModal
Array
(
    [name] => vqjhobrt@mail.ru
    [phone] => +791234567662
    [formname] => Обратная связь
)

------------------------

------------------------
22.05.2023 13:54:20
CallbackFormEmailModal
Array
(
    [name] => killderrfassser@rambler.ru
    [phone] => 86944679941
    [formname] => Обратная связь
)

------------------------

------------------------
22.05.2023 16:04:13
CallbackFormEmailModal
Array
(
    [name] => vqjhobrt@mail.ru
    [phone] => +791234567985
    [formname] => Обратная связь
)

------------------------

------------------------
22.05.2023 19:37:21
CallbackFormEmailModal
Array
(
    [name] => pattyaprild9f9@outlook.com
    [phone] => 89519894895
    [formname] => Обратная связь
)

------------------------
