
------------------------
04.07.2024 1:58:13
CallbackFormEmailModal
Array
(
    [name] => vladimirflorenko18@gmail.com
    [phone] => 87691626811
    [formname] => Обратная связь
)

------------------------

------------------------
04.07.2024 2:14:01
CallbackFormEmailModal
Array
(
    [name] => vladimirflorenko18@gmail.com
    [phone] => 83645787371
    [formname] => Обратная связь
)

------------------------

------------------------
04.07.2024 3:44:16
CallbackFormEmailModal
Array
(
    [name] => tryposavep@mail3go.online

    [phone] => 89182279189
    [formname] => Обратная связь
)

------------------------

------------------------
04.07.2024 5:20:24
CallbackFormEmailModal
Array
(
    [name] => felipakasha@onet.pl
    [phone] => 89487979194
    [formname] => Обратная связь
)

------------------------

------------------------
04.07.2024 6:30:14
CallbackFormEmailModal
Array
(
    [name] => dfhdgdfe@gmail.com
    [phone] => 81367197683
    [formname] => Обратная связь
)

------------------------

------------------------
04.07.2024 7:01:22
CallbackFormEmailModal
Array
(
    [name] => rem568@monkey0.site
    [phone] => 85799161598
    [formname] => Обратная связь
)

------------------------

------------------------
04.07.2024 7:41:35
CallbackFormEmailModal
Array
(
    [name] => mineenz@onet.pl
    [phone] => 83632319541
    [formname] => Обратная связь
)

------------------------

------------------------
04.07.2024 8:36:59
CallbackFormEmailModal
Array
(
    [name] => servicesginix@gmail.com
    [phone] => 85792177375
    [formname] => Обратная связь
)

------------------------

------------------------
04.07.2024 9:22:52
CallbackFormEmailModal
Array
(
    [name] => GINIX Бесплатная онлайн-платформа управления отзывами
    [phone] => 3471174884
    [formname] => Обратная связь
)

------------------------

------------------------
04.07.2024 12:57:51
CallbackFormEmailModal
Array
(
    [name] => shawnameavl@onet.pl
    [phone] => 88517849143
    [formname] => Обратная связь
)

------------------------

------------------------
04.07.2024 15:27:43
CallbackFormEmailModal
Array
(
    [name] => yjdisantoyjdissemin@gmail.com
    [phone] => 82783416126
    [formname] => Обратная связь
)

------------------------

------------------------
04.07.2024 16:01:51
CallbackFormEmailModal
Array
(
    [name] => naus@mail.ru
    [phone] => 86456175256
    [formname] => Обратная связь
)

------------------------

------------------------
04.07.2024 16:28:13
CallbackFormEmailModal
Array
(
    [name] => guglakk.555@gmail.com
    [phone] => 83768875514
    [formname] => Обратная связь
)

------------------------

------------------------
04.07.2024 16:50:38
CallbackFormEmailModal
Array
(
    [name] => chernyh170260@mail.ru
    [phone] => 88516134476
    [formname] => Обратная связь
)

------------------------

------------------------
04.07.2024 16:52:19
CallbackFormEmailModal
Array
(
    [name] => xrumer23Kip@gmail.com
    [phone] => 85356646573
    [formname] => Обратная связь
)

------------------------

------------------------
04.07.2024 19:21:56
CallbackFormEmailModal
Array
(
    [name] => gjhruke2@outlook.com
    [phone] => 83157133757
    [formname] => Обратная связь
)

------------------------

------------------------
04.07.2024 23:19:30
CallbackFormEmailModal
Array
(
    [name] => jessi2975mlr@flipapp.click
    [phone] => 86752917533
    [formname] => Обратная связь
)

------------------------

------------------------
04.07.2024 23:46:14
CallbackFormEmailModal
Array
(
    [name] => vladimirflorenko18@gmail.com
    [phone] => 87381661999
    [formname] => Обратная связь
)

------------------------
