
------------------------
16.09.2025 0:07:04
CallbackFormEmailModal
Array
(
    [name] => qdzgguxq@tubermail.com
    [phone] => 87252451696
    [formname] => Обратная связь
)

------------------------

------------------------
16.09.2025 0:41:46
CallbackFormEmailModal
Array
(
    [name] => pearlorear1934@schematizatomail.com
    [phone] => 82727293887
    [formname] => Обратная связь
)

------------------------

------------------------
16.09.2025 1:37:00
CallbackFormEmailModal
Array
(
    [name] => tiphany@astroarch.online
    [phone] => 84877873111
    [formname] => Обратная связь
)

------------------------

------------------------
16.09.2025 1:54:06
CallbackFormEmailModal
Array
(
    [name] => qidzpgle@ronaldofmail.com
    [phone] => 85229618263
    [formname] => Обратная связь
)

------------------------

------------------------
16.09.2025 3:23:50
CallbackFormEmailModal
Array
(
    [name] => haredkolpma@gmail.com
    [phone] => 85569359442
    [formname] => Обратная связь
)

------------------------

------------------------
16.09.2025 3:48:03
CallbackFormEmailModal
Array
(
    [name] => truoreddterew@gmail.com
    [phone] => 84691696463
    [formname] => Обратная связь
)

------------------------

------------------------
16.09.2025 4:05:08
CallbackFormEmailModal
Array
(
    [name] => xrumer23Kip@gmail.com
    [phone] => 85637381598
    [formname] => Обратная связь
)

------------------------

------------------------
16.09.2025 6:17:56
CallbackFormEmailModal
Array
(
    [name] => inonseythighmucen350@rambler.ru
    [phone] => 83347998425
    [formname] => Обратная связь
)

------------------------

------------------------
16.09.2025 6:56:05
CallbackFormEmailModal
Array
(
    [name] => Jackson Toombs
    [phone] => Sweden
    [formname] => Обратная связь
)

------------------------

------------------------
16.09.2025 7:45:49
CallbackFormEmailModal
Array
(
    [name] => ivanfuvuso@mail.ru
    [phone] => 84244322498
    [formname] => Обратная связь
)

------------------------

------------------------
16.09.2025 7:51:52
CallbackFormEmailModal
Array
(
    [name] => kseniyanechusa@mail.ru
    [phone] => 88498986178
    [formname] => Обратная связь
)

------------------------

------------------------
16.09.2025 7:59:45
CallbackFormEmailModal
Array
(
    [name] => veronika.goryunova.06.09.2001@mail.ru
    [phone] => 89366616557
    [formname] => Обратная связь
)

------------------------

------------------------
16.09.2025 8:44:01
CallbackFormEmailModal
Array
(
    [name] => podaiclan_547@mail.ru
    [phone] => 88676512937
    [formname] => Обратная связь
)

------------------------

------------------------
16.09.2025 8:47:55
CallbackFormEmailModal
Array
(
    [name] => cratunsculit1988@mail.ru
    [phone] => 89771869552
    [formname] => Обратная связь
)

------------------------

------------------------
16.09.2025 9:18:31
CallbackFormEmailModal
Array
(
    [name] => antonwefulu@mail.ru
    [phone] => 89112216245
    [formname] => Обратная связь
)

------------------------

------------------------
16.09.2025 10:19:42
CallbackFormEmailModal
Array
(
    [name] => jamestriplett1987@nebulosomail.com
    [phone] => 83118161132
    [formname] => Обратная связь
)

------------------------

------------------------
16.09.2025 11:48:49
CallbackFormEmailModal
Array
(
    [name] => konstantinrovini@mail.ru
    [phone] => 86964933218
    [formname] => Обратная связь
)

------------------------

------------------------
16.09.2025 12:03:57
CallbackFormEmailModal
Array
(
    [name] => ivanrizada@mail.ru
    [phone] => 85485995473
    [formname] => Обратная связь
)

------------------------

------------------------
16.09.2025 12:09:00
CallbackFormEmailModal
Array
(
    [name] => kskoxim@inbox.ru
    [phone] => 83377688427
    [formname] => Обратная связь
)

------------------------

------------------------
16.09.2025 12:15:04
CallbackFormEmailModal
Array
(
    [name] => olegzaluri@mail.ru
    [phone] => 83957335355
    [formname] => Обратная связь
)

------------------------

------------------------
16.09.2025 13:50:19
CallbackFormEmailModal
Array
(
    [name] => ioqwkrat@wildbmail.com
    [phone] => 88193372886
    [formname] => Обратная связь
)

------------------------

------------------------
16.09.2025 14:21:03
CallbackFormEmailModal
Array
(
    [name] => juniortub@mail.ru
    [phone] => 85296742179
    [formname] => Обратная связь
)

------------------------

------------------------
16.09.2025 17:51:30
CallbackFormEmailModal
Array
(
    [name] => irinademenkova86@gmail.com
    [phone] => 82659122916
    [formname] => Обратная связь
)

------------------------

------------------------
16.09.2025 18:21:06
CallbackFormEmailModal
Array
(
    [name] => eepovda@bk.ru
    [phone] => 85227326181
    [formname] => Обратная связь
)

------------------------

------------------------
16.09.2025 18:28:02
CallbackFormEmailModal
Array
(
    [name] => dzhulenbalakin@mail.ru
    [phone] => 84611548888
    [formname] => Обратная связь
)

------------------------

------------------------
16.09.2025 18:29:22
CallbackFormEmailModal
Array
(
    [name] => polyakovdanila19908366@mail.ru
    [phone] => 81934169568
    [formname] => Обратная связь
)

------------------------

------------------------
16.09.2025 18:44:20
CallbackFormEmailModal
Array
(
    [name] => rerkgeemong98@mail.ru
    [phone] => 85754184448
    [formname] => Обратная связь
)

------------------------

------------------------
16.09.2025 19:20:17
CallbackFormEmailModal
Array
(
    [name] => dionisij.grigorev.92@mail.ru
    [phone] => 81543525752
    [formname] => Обратная связь
)

------------------------

------------------------
16.09.2025 19:21:33
CallbackFormEmailModal
Array
(
    [name] => musaev.misha.1982.3.5@list.ru
    [phone] => 89343379295
    [formname] => Обратная связь
)

------------------------

------------------------
16.09.2025 19:25:18
CallbackFormEmailModal
Array
(
    [name] => panova.elena.1992.23.11@bk.ru
    [phone] => 82417645137
    [formname] => Обратная связь
)

------------------------

------------------------
16.09.2025 19:52:24
CallbackFormEmailModal
Array
(
    [name] => tacusol-6816@mail.ru
    [phone] => 82299561271
    [formname] => Обратная связь
)

------------------------

------------------------
16.09.2025 19:54:12
CallbackFormEmailModal
Array
(
    [name] => osipova.liliia.1986.22.12@inbox.ru
    [phone] => 87577814329
    [formname] => Обратная связь
)

------------------------

------------------------
16.09.2025 21:35:57
CallbackFormEmailModal
Array
(
    [name] => 138i8@melssa.com
    [phone] => 86765281642
    [formname] => Обратная связь
)

------------------------

------------------------
16.09.2025 22:32:52
CallbackFormEmailModal
Array
(
    [name] => clarafrostraymondtodd@gmail.com
    [phone] => 84569295849
    [formname] => Обратная связь
)

------------------------
