
------------------------
26.03.2025 0:34:57
CallbackFormEmailModal
Array
(
    [name] => gashish-kyiv@cocaines-kyiv.online
    [phone] => 83494636811
    [formname] => Обратная связь
)

------------------------

------------------------
26.03.2025 5:41:41
CallbackFormEmailModal
Array
(
    [name] => vttauto@gmail.com
    [phone] => 85267579979
    [formname] => Обратная связь
)

------------------------

------------------------
26.03.2025 6:31:10
CallbackFormEmailModal
Array
(
    [name] => deacren@mail.ru
    [phone] => 83134396816
    [formname] => Обратная связь
)

------------------------

------------------------
26.03.2025 6:31:15
CallbackFormEmailModal
Array
(
    [name] => saakian.vova.1985.13.9@list.ru
    [phone] => 84194344913
    [formname] => Обратная связь
)

------------------------

------------------------
26.03.2025 6:40:21
CallbackFormEmailModal
Array
(
    [name] => ziminbertold1990@bk.ru
    [phone] => 85974136773
    [formname] => Обратная связь
)

------------------------

------------------------
26.03.2025 6:40:43
CallbackFormEmailModal
Array
(
    [name] => gunlekingovertcon@mail.ru
    [phone] => 84467686687
    [formname] => Обратная связь
)

------------------------

------------------------
26.03.2025 6:40:47
CallbackFormEmailModal
Array
(
    [name] => tacusol-6816@mail.ru
    [phone] => 81718747581
    [formname] => Обратная связь
)

------------------------

------------------------
26.03.2025 8:06:16
CallbackFormEmailModal
Array
(
    [name] => xrumer23Kip@gmail.com
    [phone] => 85945164732
    [formname] => Обратная связь
)

------------------------

------------------------
26.03.2025 8:45:21
CallbackFormEmailModal
Array
(
    [name] => luk.i.n.o.vich.2.0.221.35.5@gmail.com

    [phone] => 87138218173
    [formname] => Обратная связь
)

------------------------

------------------------
26.03.2025 10:23:05
CallbackFormEmailModal
Array
(
    [name] => dolnovam@mail.ru
    [phone] => 89445164317
    [formname] => Обратная связь
)

------------------------

------------------------
26.03.2025 10:37:12
CallbackFormEmailModal
Array
(
    [name] => dolnovam@mail.ru
    [phone] => 86253585466
    [formname] => Обратная связь
)

------------------------

------------------------
26.03.2025 10:58:53
CallbackFormEmailModal
Array
(
    [name] => zekisuquc419@gmail.com
    [phone] => 89855267324
    [formname] => Обратная связь
)

------------------------

------------------------
26.03.2025 12:13:04
CallbackFormEmailModal
Array
(
    [name] => dolnovam@mail.ru
    [phone] => 89344587356
    [formname] => Обратная связь
)

------------------------

------------------------
26.03.2025 16:11:15
CallbackFormEmailModal
Array
(
    [name] => gashish-i-shishki@kypit-v-ukraine.online
    [phone] => 81559198813
    [formname] => Обратная связь
)

------------------------

------------------------
26.03.2025 17:06:49
CallbackFormEmailModal
Array
(
    [name] => info@strictlydigital.net
    [phone] => 85896899164
    [formname] => Обратная связь
)

------------------------

------------------------
26.03.2025 17:35:26
CallbackFormEmailModal
Array
(
    [name] => placnacidown1989@mail.ru
    [phone] => 82246162788
    [formname] => Обратная связь
)

------------------------

------------------------
26.03.2025 17:48:55
CallbackFormEmailModal
Array
(
    [name] => panova.elena.1992.23.11@bk.ru
    [phone] => 89658183224
    [formname] => Обратная связь
)

------------------------

------------------------
26.03.2025 17:53:34
CallbackFormEmailModal
Array
(
    [name] => siatimscompma1978@mail.ru
    [phone] => 87612659463
    [formname] => Обратная связь
)

------------------------

------------------------
26.03.2025 19:08:22
CallbackFormEmailModal
Array
(
    [name] => bykovputislav7343@bk.ru
    [phone] => 88572576422
    [formname] => Обратная связь
)

------------------------

------------------------
26.03.2025 19:10:56
CallbackFormEmailModal
Array
(
    [name] => jisankape@list.ru
    [phone] => 82719295929
    [formname] => Обратная связь
)

------------------------

------------------------
26.03.2025 19:15:55
CallbackFormEmailModal
Array
(
    [name] => eepovda@bk.ru
    [phone] => 84115263893
    [formname] => Обратная связь
)

------------------------

------------------------
26.03.2025 19:18:19
CallbackFormEmailModal
Array
(
    [name] => siatimscompma1978@mail.ru
    [phone] => 81834239543
    [formname] => Обратная связь
)

------------------------

------------------------
26.03.2025 19:47:05
CallbackFormEmailModal
Array
(
    [name] => osipova.liliia.1986.22.12@inbox.ru
    [phone] => 83434389952
    [formname] => Обратная связь
)

------------------------

------------------------
26.03.2025 19:47:05
CallbackFormEmailModal
Array
(
    [name] => dolnovam@mail.ru
    [phone] => 81791761234
    [formname] => Обратная связь
)

------------------------

------------------------
26.03.2025 19:53:27
CallbackFormEmailModal
Array
(
    [name] => kina3axjglime@bk.ru
    [phone] => 87973131186
    [formname] => Обратная связь
)

------------------------

------------------------
26.03.2025 20:01:02
CallbackFormEmailModal
Array
(
    [name] => ponomaryov.borya.1983@bk.ru
    [phone] => 85844177954
    [formname] => Обратная связь
)

------------------------

------------------------
26.03.2025 20:04:36
CallbackFormEmailModal
Array
(
    [name] => arturgorz2o3@bk.ru
    [phone] => 89648693454
    [formname] => Обратная связь
)

------------------------

------------------------
26.03.2025 20:32:05
CallbackFormEmailModal
Array
(
    [name] => tacusol-6816@mail.ru
    [phone] => 84257626279
    [formname] => Обратная связь
)

------------------------

------------------------
26.03.2025 20:50:50
CallbackFormEmailModal
Array
(
    [name] => gunlekingovertcon@mail.ru
    [phone] => 85128329758
    [formname] => Обратная связь
)

------------------------

------------------------
26.03.2025 22:19:51
CallbackFormEmailModal
Array
(
    [name] => lu.kino.v.ic.h2.022.135.5@gmail.com

    [phone] => 87246988538
    [formname] => Обратная связь
)

------------------------

------------------------
26.03.2025 22:29:47
CallbackFormEmailModal
Array
(
    [name] => cfsxp6su@5way5.com
    [phone] => 88445119239
    [formname] => Обратная связь
)

------------------------
