
------------------------
06.06.2023 0:12:01
CallbackFormEmailModal
Array
(
    [name] => info@chasy39.ru
    [phone] => 86218856658
    [formname] => Обратная связь
)

------------------------

------------------------
06.06.2023 1:12:48
CallbackFormEmailModal
Array
(
    [name] => mail@yahoo.com
    [phone] => 89443934885
    [formname] => Обратная связь
)

------------------------

------------------------
06.06.2023 2:31:32
CallbackFormEmailModal
Array
(
    [name] => support@egyvps.com
    [phone] => 83697318371
    [formname] => Обратная связь
)

------------------------

------------------------
06.06.2023 4:01:08
CallbackFormEmailModal
Array
(
    [name] => defaultnic@yandex.com
    [phone] => 89043334455
    [formname] => Обратная связь
)

------------------------

------------------------
06.06.2023 4:54:17
CallbackFormEmailModal
Array
(
    [name] => kilooosss1123jjj@outlook.com
    [phone] => 84838759571
    [formname] => Обратная связь
)

------------------------

------------------------
06.06.2023 6:06:32
CallbackFormEmailModal
Array
(
    [name] => libress77@hotmail.com
    [phone] => 83669571698
    [formname] => Обратная связь
)

------------------------

------------------------
06.06.2023 10:22:45
CallbackFormEmailModal
Array
(
    [name] => vuewpvpem@essytop.site
    [phone] => 81252452272
    [formname] => Обратная связь
)

------------------------

------------------------
06.06.2023 11:47:40
CallbackFormEmailModal
Array
(
    [name] => qn11@bdx26.flooz.site
    [phone] => 85476863967
    [formname] => Обратная связь
)

------------------------

------------------------
06.06.2023 15:12:02
CallbackFormEmailModal
Array
(
    [name] => info@cybertrucklogistics.com
    [phone] => 86532191377
    [formname] => Обратная связь
)

------------------------
