
------------------------
15.07.2025 3:46:22
CallbackFormEmailModal
Array
(
    [name] => nickyrinemdk+robert@gmail.com
    [phone] => 81389972279
    [formname] => Обратная связь
)

------------------------

------------------------
15.07.2025 8:03:08
CallbackFormEmailModal
Array
(
    [name] => vincenttaits@mail.ru
    [phone] => 85227389574
    [formname] => Обратная связь
)

------------------------

------------------------
15.07.2025 9:15:38
CallbackFormEmailModal
Array
(
    [name] => zuyev-vadik@bk.ru
    [phone] => 83718315122
    [formname] => Обратная связь
)

------------------------

------------------------
15.07.2025 10:19:37
CallbackFormEmailModal
Array
(
    [name] => chofitensatomar@mail.ru
    [phone] => 84852518554
    [formname] => Обратная связь
)

------------------------

------------------------
15.07.2025 11:04:37
CallbackFormEmailModal
Array
(
    [name] => arturgorz2o3@bk.ru
    [phone] => 85335637984
    [formname] => Обратная связь
)

------------------------

------------------------
15.07.2025 12:25:01
CallbackFormEmailModal
Array
(
    [name] => a.ndre.yk.ak.ut.uzo.v5@gmail.com
    [phone] => 88189528258
    [formname] => Обратная связь
)

------------------------

------------------------
15.07.2025 12:36:14
CallbackFormEmailModal
Array
(
    [name] => musaev.misha.1982.3.5@list.ru
    [phone] => 88863263423
    [formname] => Обратная связь
)

------------------------

------------------------
15.07.2025 12:49:13
CallbackFormEmailModal
Array
(
    [name] => afhghgfgasdaa@gmail.com
    [phone] => 84481848587
    [formname] => Обратная связь
)

------------------------

------------------------
15.07.2025 13:04:48
CallbackFormEmailModal
Array
(
    [name] => egorbmxik@mail.ru
    [phone] => 82313843583
    [formname] => Обратная связь
)

------------------------

------------------------
15.07.2025 13:17:44
CallbackFormEmailModal
Array
(
    [name] => dinanikolskaya99@gmail.com
    [phone] => 88535867828
    [formname] => Обратная связь
)

------------------------

------------------------
15.07.2025 13:26:51
CallbackFormEmailModal
Array
(
    [name] => andrey.don.x@gmail.com
    [phone] => 88994431734
    [formname] => Обратная связь
)

------------------------

------------------------
15.07.2025 13:47:59
CallbackFormEmailModal
Array
(
    [name] => dorofeyavinogradova199056@mail.ru
    [phone] => 84445998227
    [formname] => Обратная связь
)

------------------------

------------------------
15.07.2025 13:52:39
CallbackFormEmailModal
Array
(
    [name] => eprovbelwha@mail.ru
    [phone] => 86634485988
    [formname] => Обратная связь
)

------------------------

------------------------
15.07.2025 15:36:03
CallbackFormEmailModal
Array
(
    [name] => sdcasagbfcg@gmail.com
    [phone] => 88591181337
    [formname] => Обратная связь
)

------------------------

------------------------
15.07.2025 16:00:50
CallbackFormEmailModal
Array
(
    [name] => naphtloxua-5550@mail.ru
    [phone] => 87753336586
    [formname] => Обратная связь
)

------------------------

------------------------
15.07.2025 16:19:23
CallbackFormEmailModal
Array
(
    [name] => mark.moshchenskiy.90@mail.ru
    [phone] => 88296145842
    [formname] => Обратная связь
)

------------------------

------------------------
15.07.2025 17:00:32
CallbackFormEmailModal
Array
(
    [name] => asdasdsfasdgta@gmail.com
    [phone] => 87496686126
    [formname] => Обратная связь
)

------------------------

------------------------
15.07.2025 17:20:29
CallbackFormEmailModal
Array
(
    [name] => 1@paralympicgames2024.ru
    [phone] => 82467836584
    [formname] => Обратная связь
)

------------------------

------------------------
15.07.2025 17:51:35
CallbackFormEmailModal
Array
(
    [name] => sagdasdgfas@gmail.com
    [phone] => 87693634545
    [formname] => Обратная связь
)

------------------------

------------------------
15.07.2025 18:32:15
CallbackFormEmailModal
Array
(
    [name] => ulkdfava@wildbmail.com
    [phone] => 84113641825
    [formname] => Обратная связь
)

------------------------

------------------------
15.07.2025 19:00:22
CallbackFormEmailModal
Array
(
    [name] => anya.genger@mail.ru
    [phone] => 85935692864
    [formname] => Обратная связь
)

------------------------

------------------------
15.07.2025 19:33:04
CallbackFormEmailModal
Array
(
    [name] => yulya.onipchenko.88@mail.ru
    [phone] => 88897256149
    [formname] => Обратная связь
)

------------------------

------------------------
15.07.2025 19:41:44
CallbackFormEmailModal
Array
(
    [name] => ilnanmode1973@mail.ru
    [phone] => 86175719898
    [formname] => Обратная связь
)

------------------------

------------------------
15.07.2025 19:53:20
CallbackFormEmailModal
Array
(
    [name] => filatovlenian4023@mail.ru
    [phone] => 88554224681
    [formname] => Обратная связь
)

------------------------

------------------------
15.07.2025 20:17:01
CallbackFormEmailModal
Array
(
    [name] => dionisij.grigorev.92@mail.ru
    [phone] => 85739814845
    [formname] => Обратная связь
)

------------------------

------------------------
15.07.2025 23:56:02
CallbackFormEmailModal
Array
(
    [name] => veyro6251@gazeta.pl
    [phone] => 87325293532
    [formname] => Обратная связь
)

------------------------
