
------------------------
08.06.2022 1:55:19
CallbackFormEmailModal
Array
(
    [name] => scamp@forum.dk
    [phone] => 89030133797
    [formname] => Обратная связь
)

------------------------

------------------------
08.06.2022 4:53:06
CallbackEmailModal
Array
(
    [name] => Meespelve@newtopmail.xyz
    [phone] => 86471699652
    [comment] => Название продуката: Грязезащитные покрытия Приме НОП
Комменатрий: https://newfasttadalafil.com/ - buy cialis online safely Research on embryonic layers of cells that form an organ as complex as an eye indicates that if cells are treated appropriately they know what to do they multiply move specialize or differentiate and selfarrange. <a href=https://newfasttadalafil.com/>Cialis</a> Vlqcwt New York NY Churchill Livingstone chap Aovfdq https://newfasttadalafil.com/ - Cialis
    [formname] => Задать вопрос по товару
)

------------------------

------------------------
08.06.2022 4:55:34
CallbackFormEmailModal
Array
(
    [name] => soehoej@mail-online.dk
    [phone] => 89031737399
    [formname] => Обратная связь
)

------------------------

------------------------
08.06.2022 5:12:22
CallbackFormEmailModal
Array
(
    [name] => Cototheft@beaumail.xyz
    [phone] => 89178862241
    [formname] => Обратная связь
)

------------------------

------------------------
08.06.2022 6:25:19
CallbackFormEmailModal
Array
(
    [name] => Eric Jones
    [phone] => 555-555-1212
    [formname] => Обратная связь
)

------------------------

------------------------
08.06.2022 8:08:31
CallbackFormEmailModal
Array
(
    [name] => bazamaki@mailme.dk
    [phone] => 89036726134
    [formname] => Обратная связь
)

------------------------

------------------------
08.06.2022 10:36:21
CallbackFormEmailModal
Array
(
    [name] => Agemard@newonlinemail.xyz
    [phone] => 85171875576
    [formname] => Обратная связь
)

------------------------

------------------------
08.06.2022 11:12:34
CallbackFormEmailModal
Array
(
    [name] => per1904@forum.dk
    [phone] => 89036631821
    [formname] => Обратная связь
)

------------------------

------------------------
08.06.2022 12:41:14
CallbackFormEmailModal
Array
(
    [name] => no-replysuinuts@gmail.com
    [phone] => 85972339256
    [formname] => Обратная связь
)

------------------------

------------------------
08.06.2022 14:20:13
CallbackFormEmailModal
Array
(
    [name] => stefanhansen@mailme.dk
    [phone] => 89033034095
    [formname] => Обратная связь
)

------------------------

------------------------
08.06.2022 17:34:20
CallbackFormEmailModal
Array
(
    [name] => carina.alexander@forum.dk
    [phone] => 89034616111
    [formname] => Обратная связь
)

------------------------

------------------------
08.06.2022 19:38:05
CallbackFormEmailModal
Array
(
    [name] => Agemard@newonlinemail.xyz
    [phone] => 85219566867
    [formname] => Обратная связь
)

------------------------

------------------------
08.06.2022 20:13:26
CallbackFormEmailModal
Array
(
    [name] => Eric Jones
    [phone] => 555-555-1212
    [formname] => Обратная связь
)

------------------------

------------------------
08.06.2022 20:17:52
CallbackFormEmailModal
Array
(
    [name] => sportt@rambler.ru
    [phone] => 81248599271
    [formname] => Обратная связь
)

------------------------

------------------------
08.06.2022 20:43:44
CallbackFormEmailModal
Array
(
    [name] => sveabildtrup@forum.dk
    [phone] => 89032395919
    [formname] => Обратная связь
)

------------------------

------------------------
08.06.2022 23:36:09
CallbackFormEmailModal
Array
(
    [name] => ympelevkima1994@rambler.ru
    [phone] => 83684672285
    [formname] => Обратная связь
)

------------------------

------------------------
08.06.2022 23:53:26
CallbackFormEmailModal
Array
(
    [name] => jessgormsen@forum.dk
    [phone] => 89031332832
    [formname] => Обратная связь
)

------------------------
