
------------------------
03.07.2022 0:47:04
CallbackFormEmailModal
Array
(
    [name] => dewit.t.wdomin.g.l.e.a.t.ha.y@gmail.com
    [phone] => 87989756264
    [formname] => Обратная связь
)

------------------------

------------------------
03.07.2022 6:15:39
CallbackFormEmailModal
Array
(
    [name] => s.up.ersupe.r.s.upe.r255.1@gmail.com
    [phone] => 89033503503
    [formname] => Обратная связь
)

------------------------

------------------------
03.07.2022 18:33:20
CallbackFormEmailModal
Array
(
    [name] => Maddy.ryan1@yahoo.com
    [phone] => 89038440738
    [formname] => Обратная связь
)

------------------------

------------------------
03.07.2022 20:46:24
CallbackFormEmailModal
Array
(
    [name] => moryson@gmail.com
    [phone] => 89038327026
    [formname] => Обратная связь
)

------------------------

------------------------
03.07.2022 22:57:40
CallbackFormEmailModal
Array
(
    [name] => raonisoares@gmail.com
    [phone] => 89035013384
    [formname] => Обратная связь
)

------------------------
