
------------------------
20.09.2024 0:40:11
CallbackFormEmailModal
Array
(
    [name] => st2gi1yp@wmailfree.com
    [phone] => 85449289371
    [formname] => Обратная связь
)

------------------------

------------------------
20.09.2024 0:41:16
CallbackFormEmailModal
Array
(
    [name] => ilijos@lfkmamnd.com
    [phone] => 87123574953
    [formname] => Обратная связь
)

------------------------

------------------------
20.09.2024 0:42:51
CallbackFormEmailModal
Array
(
    [name] => werso040iu@rambler.ru
    [phone] => 81634732338
    [formname] => Обратная связь
)

------------------------

------------------------
20.09.2024 1:12:04
CallbackFormEmailModal
Array
(
    [name] => q1z8izo2@freewmail.com
    [phone] => 87634966743
    [formname] => Обратная связь
)

------------------------

------------------------
20.09.2024 4:05:00
CallbackFormEmailModal
Array
(
    [name] => nuipidcnkel@rudiplomust.com
    [phone] => 86588545194
    [formname] => Обратная связь
)

------------------------

------------------------
20.09.2024 6:30:41
CallbackFormEmailModal
Array
(
    [name] => itasoqfktel@rudiplomust.com
    [phone] => 89676427234
    [formname] => Обратная связь
)

------------------------

------------------------
20.09.2024 6:42:34
CallbackFormEmailModal
Array
(
    [name] => leisucsedan1982@op.pl
    [phone] => 81429377359
    [formname] => Обратная связь
)

------------------------

------------------------
20.09.2024 7:06:46
CallbackFormEmailModal
Array
(
    [name] => jerry@9humantypes.com
    [phone] => 87226965466
    [formname] => Обратная связь
)

------------------------

------------------------
20.09.2024 7:40:11
CallbackFormEmailModal
Array
(
    [name] => dnghijzizc@rambler.ru
    [phone] => +79269602544
    [formname] => Обратная связь
)

------------------------

------------------------
20.09.2024 8:12:26
CallbackFormEmailModal
Array
(
    [name] => hjjoccswwel@rudiplomust.com
    [phone] => 87758774656
    [formname] => Обратная связь
)

------------------------

------------------------
20.09.2024 12:05:45
CallbackFormEmailModal
Array
(
    [name] => kvjugftdqel@rudiplomust.com
    [phone] => 86122821653
    [formname] => Обратная связь
)

------------------------

------------------------
20.09.2024 12:46:05
CallbackFormEmailModal
Array
(
    [name] => eldesnacon1985@op.pl
    [phone] => 81218718413
    [formname] => Обратная связь
)

------------------------

------------------------
20.09.2024 13:17:37
CallbackFormEmailModal
Array
(
    [name] => tajbbwdksel@rudiplomust.com
    [phone] => 89854725496
    [formname] => Обратная связь
)

------------------------

------------------------
20.09.2024 16:15:14
CallbackFormEmailModal
Array
(
    [name] => wkzrxfkliel@rudiplomust.com
    [phone] => 89531362691
    [formname] => Обратная связь
)

------------------------

------------------------
20.09.2024 16:39:48
CallbackFormEmailModal
Array
(
    [name] => cohcnyoil@hoopsor.online
    [phone] => 85189236993
    [formname] => Обратная связь
)

------------------------

------------------------
20.09.2024 19:47:41
CallbackFormEmailModal
Array
(
    [name] => kirill203+e5d6ld6r7.6@gmail.com
    [phone] => 85849386143
    [formname] => Обратная связь
)

------------------------

------------------------
20.09.2024 20:32:15
CallbackFormEmailModal
Array
(
    [name] => qdgrlcafael@rudiplomust.com
    [phone] => 88243731151
    [formname] => Обратная связь
)

------------------------

------------------------
20.09.2024 22:34:48
CallbackFormEmailModal
Array
(
    [name] => sporintiagut1980@op.pl
    [phone] => 85734488778
    [formname] => Обратная связь
)

------------------------
