
------------------------
06.03.2024 0:47:05
CallbackFormEmailModal
Array
(
    [name] => smilelife20@xrumerbasee.ru
    [phone] => 88364679626
    [formname] => Обратная связь
)

------------------------

------------------------
06.03.2024 1:16:20
CallbackFormEmailModal
Array
(
    [name] => lfruijivzykudunm@onet.pl
    [phone] => 81121816974
    [formname] => Обратная связь
)

------------------------

------------------------
06.03.2024 1:55:38
CallbackFormEmailModal
Array
(
    [name] => gratencolla1978@mail.ru
    [phone] => 89216266448
    [formname] => Обратная связь
)

------------------------

------------------------
06.03.2024 3:00:57
CallbackFormEmailModal
Array
(
    [name] => prrelease@germaynewstoday.com
    [phone] => 87735522859
    [formname] => Обратная связь
)

------------------------

------------------------
06.03.2024 5:49:14
CallbackFormEmailModal
Array
(
    [name] => nekrasovvikentii922511@mail.ru
    [phone] => 84599796222
    [formname] => Обратная связь
)

------------------------

------------------------
06.03.2024 6:22:03
CallbackFormEmailModal
Array
(
    [name] => siomorilec1986@mail.ru
    [phone] => 89814965647
    [formname] => Обратная связь
)

------------------------

------------------------
06.03.2024 6:41:05
CallbackFormEmailModal
Array
(
    [name] => 165vbbvropuy4654@mops777.fun
    [phone] => 88487327535
    [formname] => Обратная связь
)

------------------------

------------------------
06.03.2024 7:16:59
CallbackFormEmailModal
Array
(
    [name] => metamask wallety@gmail.com
    [phone] => 87767753863
    [formname] => Обратная связь
)

------------------------

------------------------
06.03.2024 7:30:28
CallbackFormEmailModal
Array
(
    [name] => lebedevaqit1995@mail.ru
    [phone] => 85211157696
    [formname] => Обратная связь
)

------------------------

------------------------
06.03.2024 9:20:05
CallbackFormEmailModal
Array
(
    [name] => curtfencioheu198112@rambler.ru
    [phone] => +71231234567
    [formname] => Обратная связь
)

------------------------

------------------------
06.03.2024 9:24:03
CallbackFormEmailModal
Array
(
    [name] => viomigira1970@mail.ru
    [phone] => 84199344411
    [formname] => Обратная связь
)

------------------------

------------------------
06.03.2024 9:36:43
CallbackFormEmailModal
Array
(
    [name] => segif18200@shirulo.com
    [phone] => 84878564417
    [formname] => Обратная связь
)

------------------------

------------------------
06.03.2024 10:01:20
CallbackFormEmailModal
Array
(
    [name] => globeppastereashur@mail.ru
    [phone] => 87898469975
    [formname] => Обратная связь
)

------------------------

------------------------
06.03.2024 11:17:40
CallbackFormEmailModal
Array
(
    [name] => blaccounpepuzzvibo@mail.ru
    [phone] => 82229176373
    [formname] => Обратная связь
)

------------------------

------------------------
06.03.2024 11:41:59
CallbackFormEmailModal
Array
(
    [name] => goldulntoyzg@onet.pl
    [phone] => 88945868963
    [formname] => Обратная связь
)

------------------------

------------------------
06.03.2024 14:47:04
CallbackFormEmailModal
Array
(
    [name] => yourmail@gmail.com
    [phone] => 82142986732
    [formname] => Обратная связь
)

------------------------

------------------------
06.03.2024 14:56:05
CallbackFormEmailModal
Array
(
    [name] => lucido.leinteract@gmail.com
    [phone] => 84258886931
    [formname] => Обратная связь
)

------------------------

------------------------
06.03.2024 16:38:45
CallbackFormEmailModal
Array
(
    [name] => ltzqqasjmfcghbwc@onet.pl
    [phone] => 89672769425
    [formname] => Обратная связь
)

------------------------

------------------------
06.03.2024 17:13:12
CallbackFormEmailModal
Array
(
    [name] => xrumer23Kip@gmail.com
    [phone] => 82921391427
    [formname] => Обратная связь
)

------------------------

------------------------
06.03.2024 17:19:26
CallbackFormEmailModal
Array
(
    [name] => froeach12@rezka.wtf
    [phone] => 85167254522
    [formname] => Обратная связь
)

------------------------

------------------------
06.03.2024 17:30:21
CallbackFormEmailModal
Array
(
    [name] => lefong@gmail.com
    [phone] => 88364388825
    [formname] => Обратная связь
)

------------------------

------------------------
06.03.2024 18:18:49
CallbackFormEmailModal
Array
(
    [name] => lucido.leinteract@gmail.com
    [phone] => 81478169352
    [formname] => Обратная связь
)

------------------------

------------------------
06.03.2024 20:08:09
CallbackFormEmailModal
Array
(
    [name] => lucido.leinteract@gmail.com
    [phone] => 89782573221
    [formname] => Обратная связь
)

------------------------

------------------------
06.03.2024 20:35:15
CallbackFormEmailModal
Array
(
    [name] => eucepohckepfjquv@onet.pl
    [phone] => 82815573183
    [formname] => Обратная связь
)

------------------------

------------------------
06.03.2024 20:51:11
CallbackFormEmailModal
Array
(
    [name] => haeirctivig1983@mail.ru
    [phone] => 82326651944
    [formname] => Обратная связь
)

------------------------

------------------------
06.03.2024 21:50:07
CallbackFormEmailModal
Array
(
    [name] => isalacit197073@rambler.ru
    [phone] => +71231234567
    [formname] => Обратная связь
)

------------------------

------------------------
06.03.2024 23:51:08
CallbackFormEmailModal
Array
(
    [name] => yoourmail@gmail.com
    [phone] => 87387981943
    [formname] => Обратная связь
)

------------------------
