
------------------------
10.04.2025 0:16:00
CallbackFormEmailModal
Array
(
    [name] => vodkamail@zelcafe.ru
    [phone] => 81331718788
    [formname] => Обратная связь
)

------------------------

------------------------
10.04.2025 1:14:38
CallbackFormEmailModal
Array
(
    [name] => eprovbelwha@mail.ru
    [phone] => 85127678924
    [formname] => Обратная связь
)

------------------------

------------------------
10.04.2025 2:46:08
CallbackFormEmailModal
Array
(
    [name] => test@gmail.com
    [phone] => 81782485365
    [formname] => Обратная связь
)

------------------------

------------------------
10.04.2025 2:46:40
CallbackFormEmailModal
Array
(
    [name] => test@gmail.com
    [phone] => 86135234665
    [formname] => Обратная связь
)

------------------------

------------------------
10.04.2025 3:28:10
CallbackFormEmailModal
Array
(
    [name] => Eric Jones
    [phone] => US
    [formname] => Обратная связь
)

------------------------

------------------------
10.04.2025 5:38:06
CallbackFormEmailModal
Array
(
    [name] => megaboommegaboom@yandex.com
    [phone] => 81856684145
    [formname] => Обратная связь
)

------------------------

------------------------
10.04.2025 7:45:56
CallbackFormEmailModal
Array
(
    [name] => ameyjeffrey@gmail.com
    [phone] => 87857596391
    [formname] => Обратная связь
)

------------------------

------------------------
10.04.2025 9:32:35
CallbackFormEmailModal
Array
(
    [name] => nifontmarkov1987@mail.ru
    [phone] => 89855838356
    [formname] => Обратная связь
)

------------------------

------------------------
10.04.2025 12:44:54
CallbackFormEmailModal
Array
(
    [name] => musaev.misha.1982.3.5@list.ru
    [phone] => 86144727163
    [formname] => Обратная связь
)

------------------------

------------------------
10.04.2025 14:47:04
CallbackFormEmailModal
Array
(
    [name] => ameyjeffrey@gmail.com
    [phone] => 83873442329
    [formname] => Обратная связь
)

------------------------

------------------------
10.04.2025 14:50:57
CallbackFormEmailModal
Array
(
    [name] => haroldtip@mail.ru
    [phone] => 89453771625
    [formname] => Обратная связь
)

------------------------

------------------------
10.04.2025 17:21:38
CallbackFormEmailModal
Array
(
    [name] => ofeliyasemenova1993@list.ru
    [phone] => 89645687377
    [formname] => Обратная связь
)

------------------------

------------------------
10.04.2025 18:39:46
CallbackFormEmailModal
Array
(
    [name] => mepinfenia@bk.ru
    [phone] => 86446597468
    [formname] => Обратная связь
)

------------------------

------------------------
10.04.2025 18:48:38
CallbackFormEmailModal
Array
(
    [name] => anya.genger@mail.ru
    [phone] => 81586617533
    [formname] => Обратная связь
)

------------------------

------------------------
10.04.2025 18:49:39
CallbackFormEmailModal
Array
(
    [name] => inna.kortneva.69@mail.ru
    [phone] => 86365566616
    [formname] => Обратная связь
)

------------------------

------------------------
10.04.2025 18:56:54
CallbackFormEmailModal
Array
(
    [name] => karpeciktibas19915@bk.ru
    [phone] => 81587275419
    [formname] => Обратная связь
)

------------------------

------------------------
10.04.2025 18:57:21
CallbackFormEmailModal
Array
(
    [name] => subbotinalenara88@mail.ru
    [phone] => 87114527462
    [formname] => Обратная связь
)

------------------------

------------------------
10.04.2025 19:03:26
CallbackFormEmailModal
Array
(
    [name] => polyakovdanila19908366@mail.ru
    [phone] => 87573482561
    [formname] => Обратная связь
)

------------------------

------------------------
10.04.2025 19:03:59
CallbackFormEmailModal
Array
(
    [name] => sinevhabibi664@bk.ru
    [phone] => 84972735774
    [formname] => Обратная связь
)

------------------------

------------------------
10.04.2025 19:07:07
CallbackFormEmailModal
Array
(
    [name] => stapuntril1990@mail.ru
    [phone] => 83818396814
    [formname] => Обратная связь
)

------------------------

------------------------
10.04.2025 19:08:00
CallbackFormEmailModal
Array
(
    [name] => quejudcatan1981@mail.ru
    [phone] => 84178679222
    [formname] => Обратная связь
)

------------------------

------------------------
10.04.2025 19:13:41
CallbackFormEmailModal
Array
(
    [name] => gunlekingovertcon@mail.ru
    [phone] => 82162115813
    [formname] => Обратная связь
)

------------------------

------------------------
10.04.2025 19:22:05
CallbackFormEmailModal
Array
(
    [name] => seimymavig1983@mail.ru
    [phone] => 86247723156
    [formname] => Обратная связь
)

------------------------

------------------------
10.04.2025 19:59:32
CallbackFormEmailModal
Array
(
    [name] => iqablala1980858@mail.ru
    [phone] => 82918179838
    [formname] => Обратная связь
)

------------------------

------------------------
10.04.2025 19:59:32
CallbackFormEmailModal
Array
(
    [name] => naphtloxua-5550@mail.ru
    [phone] => 85129325219
    [formname] => Обратная связь
)

------------------------

------------------------
10.04.2025 20:01:02
CallbackFormEmailModal
Array
(
    [name] => edgorshchepetilnikov@mail.ru
    [phone] => 85182396882
    [formname] => Обратная связь
)

------------------------

------------------------
10.04.2025 20:27:52
CallbackFormEmailModal
Array
(
    [name] => yulya.onipchenko.88@mail.ru
    [phone] => 83783949882
    [formname] => Обратная связь
)

------------------------

------------------------
10.04.2025 20:31:00
CallbackFormEmailModal
Array
(
    [name] => maryannbloom1989@directinboxs.com
    [phone] => 87119434959
    [formname] => Обратная связь
)

------------------------

------------------------
10.04.2025 20:59:38
CallbackFormEmailModal
Array
(
    [name] => pavel.sitdikov.88@mail.ru
    [phone] => 87369861496
    [formname] => Обратная связь
)

------------------------

------------------------
10.04.2025 21:25:24
CallbackFormEmailModal
Array
(
    [name] => sovyur@gazeta.pl
    [phone] => 87861824965
    [formname] => Обратная связь
)

------------------------

------------------------
10.04.2025 21:31:24
CallbackFormEmailModal
Array
(
    [name] => combontsegal37@mail.ru
    [phone] => 89577185129
    [formname] => Обратная связь
)

------------------------

------------------------
10.04.2025 21:32:31
CallbackFormEmailModal
Array
(
    [name] => avgustina.morozova@bk.ru
    [phone] => 82912744411
    [formname] => Обратная связь
)

------------------------

------------------------
10.04.2025 21:37:58
CallbackFormEmailModal
Array
(
    [name] => secberconla1986@mail.ru
    [phone] => 81486639445
    [formname] => Обратная связь
)

------------------------

------------------------
10.04.2025 21:39:22
CallbackFormEmailModal
Array
(
    [name] => gendraducanprohbay@mail.ru
    [phone] => 85416899428
    [formname] => Обратная связь
)

------------------------
