
------------------------
07.11.2024 3:18:38
CallbackFormEmailModal
Array
(
    [name] => rperdisdingrou1984@op.pl
    [phone] => 85576753668
    [formname] => Обратная связь
)

------------------------

------------------------
07.11.2024 13:43:58
CallbackFormEmailModal
Array
(
    [name] => olesya.zhukova.1994@bk.ru
    [phone] => 87877672768
    [formname] => Обратная связь
)

------------------------

------------------------
07.11.2024 14:02:43
CallbackFormEmailModal
Array
(
    [name] => myualyuels@mail.ru
    [phone] => 85625172549
    [formname] => Обратная связь
)

------------------------

------------------------
07.11.2024 14:37:29
CallbackFormEmailModal
Array
(
    [name] => xrumer23Kip@gmail.com
    [phone] => 88993949541
    [formname] => Обратная связь
)

------------------------

------------------------
07.11.2024 16:15:03
CallbackFormEmailModal
Array
(
    [name] => lisrebowra1989@mail.ru
    [phone] => 86583725947
    [formname] => Обратная связь
)

------------------------

------------------------
07.11.2024 16:51:17
CallbackFormEmailModal
Array
(
    [name] => u.re.vi.c75.0@gmail.com
    [phone] => 81193758483
    [formname] => Обратная связь
)

------------------------

------------------------
07.11.2024 19:16:25
CallbackFormEmailModal
Array
(
    [name] => 1q0nbg4km@mozmail.com
    [phone] => 87936236924
    [formname] => Обратная связь
)

------------------------

------------------------
07.11.2024 22:19:54
CallbackFormEmailModal
Array
(
    [name] => ebojajuje04@gmail.com
    [phone] => 84388252195
    [formname] => Обратная связь
)

------------------------
