
------------------------
12.09.2023 9:04:05
CallbackFormEmailModal
Array
(
    [name] => daniil.sitemobile@yandex.ru
    [phone] => 84352898359
    [formname] => Обратная связь
)

------------------------

------------------------
12.09.2023 15:05:59
CallbackFormEmailModal
Array
(
    [name] => kratcasbelgmo198646@rambler.ru
    [phone] => +71231234567
    [formname] => Обратная связь
)

------------------------

------------------------
12.09.2023 22:41:01
CallbackFormEmailModal
Array
(
    [name] => jgmaria304@yandex.ru
    [phone] => 89555371155
    [formname] => Обратная связь
)

------------------------
