
------------------------
07.06.2025 1:57:43
CallbackFormEmailModal
Array
(
    [name] => vincenttaits@mail.ru
    [phone] => 82419423747
    [formname] => Обратная связь
)

------------------------

------------------------
07.06.2025 6:36:54
CallbackFormEmailModal
Array
(
    [name] => margarita.stolyarova.26.05.1995@mail.ru
    [phone] => 84132815361
    [formname] => Обратная связь
)

------------------------

------------------------
07.06.2025 7:16:39
CallbackFormEmailModal
Array
(
    [name] => estelaadleyrt0m@list.ru
    [phone] => 87793481555
    [formname] => Обратная связь
)

------------------------

------------------------
07.06.2025 7:24:00
CallbackFormEmailModal
Array
(
    [name] => gunlekingovertcon@mail.ru
    [phone] => 85315648919
    [formname] => Обратная связь
)

------------------------

------------------------
07.06.2025 7:48:35
CallbackFormEmailModal
Array
(
    [name] => edbutaldog1984@mail.ru
    [phone] => 89972254388
    [formname] => Обратная связь
)

------------------------

------------------------
07.06.2025 7:48:35
CallbackFormEmailModal
Array
(
    [name] => kozlovvarlen19782037@mail.ru
    [phone] => 89247373131
    [formname] => Обратная связь
)

------------------------

------------------------
07.06.2025 9:45:51
CallbackFormEmailModal
Array
(
    [name] => boschharry2703@gmail.com
    [phone] => 82643793917
    [formname] => Обратная связь
)

------------------------

------------------------
07.06.2025 10:34:21
CallbackFormEmailModal
Array
(
    [name] => profconbu_64@mail.ru
    [phone] => 83968688923
    [formname] => Обратная связь
)

------------------------

------------------------
07.06.2025 11:17:33
CallbackFormEmailModal
Array
(
    [name] => tacusol-6816@mail.ru
    [phone] => 81549365626
    [formname] => Обратная связь
)

------------------------

------------------------
07.06.2025 12:13:28
CallbackFormEmailModal
Array
(
    [name] => nullsprume@fhx-server.ru
    [phone] => 86842159367
    [formname] => Обратная связь
)

------------------------

------------------------
07.06.2025 17:10:49
CallbackFormEmailModal
Array
(
    [name] => martakalinina84@mail.ru
    [phone] => 87781531974
    [formname] => Обратная связь
)

------------------------

------------------------
07.06.2025 17:52:13
CallbackFormEmailModal
Array
(
    [name] => fnraraid@eblanomail.com
    [phone] => 89369182421
    [formname] => Обратная связь
)

------------------------

------------------------
07.06.2025 17:57:47
CallbackFormEmailModal
Array
(
    [name] => egorbmxik@mail.ru
    [phone] => 84261461949
    [formname] => Обратная связь
)

------------------------

------------------------
07.06.2025 18:00:50
CallbackFormEmailModal
Array
(
    [name] => arturgorz2o3@bk.ru
    [phone] => 82962832987
    [formname] => Обратная связь
)

------------------------

------------------------
07.06.2025 18:14:20
CallbackFormEmailModal
Array
(
    [name] => laisumake186@mail.ru
    [phone] => 83118512991
    [formname] => Обратная связь
)

------------------------

------------------------
07.06.2025 18:25:17
CallbackFormEmailModal
Array
(
    [name] => mark.moshchenskiy.90@mail.ru
    [phone] => 82776289767
    [formname] => Обратная связь
)

------------------------

------------------------
07.06.2025 18:27:29
CallbackFormEmailModal
Array
(
    [name] => eprovbelwha@mail.ru
    [phone] => 87719578552
    [formname] => Обратная связь
)

------------------------

------------------------
07.06.2025 18:45:40
CallbackFormEmailModal
Array
(
    [name] => danilovavita9@mail.ru
    [phone] => 83257762749
    [formname] => Обратная связь
)

------------------------

------------------------
07.06.2025 18:46:26
CallbackFormEmailModal
Array
(
    [name] => amabil.6002@mail.ru
    [phone] => 83291666463
    [formname] => Обратная связь
)

------------------------

------------------------
07.06.2025 19:05:07
CallbackFormEmailModal
Array
(
    [name] => bikon777@rambler.ru
    [phone] => 86221911621
    [formname] => Обратная связь
)

------------------------

------------------------
07.06.2025 19:22:03
CallbackFormEmailModal
Array
(
    [name] => combontsegal37@mail.ru
    [phone] => 85786383525
    [formname] => Обратная связь
)

------------------------

------------------------
07.06.2025 19:33:58
CallbackFormEmailModal
Array
(
    [name] => mosoce-416@mail.ru
    [phone] => 83876596177
    [formname] => Обратная связь
)

------------------------

------------------------
07.06.2025 20:14:40
CallbackFormEmailModal
Array
(
    [name] => secberconla1986@mail.ru
    [phone] => 83526628376
    [formname] => Обратная связь
)

------------------------

------------------------
07.06.2025 20:31:29
CallbackFormEmailModal
Array
(
    [name] => kskoxim@inbox.ru
    [phone] => 84841287625
    [formname] => Обратная связь
)

------------------------

------------------------
07.06.2025 20:31:59
CallbackFormEmailModal
Array
(
    [name] => ramiraselezneva19908003@bk.ru
    [phone] => 82958634891
    [formname] => Обратная связь
)

------------------------

------------------------
07.06.2025 20:36:36
CallbackFormEmailModal
Array
(
    [name] => yulya.onipchenko.88@mail.ru
    [phone] => 83277378395
    [formname] => Обратная связь
)

------------------------

------------------------
07.06.2025 22:10:12
CallbackFormEmailModal
Array
(
    [name] => bikon777@rambler.ru
    [phone] => 83242311574
    [formname] => Обратная связь
)

------------------------

------------------------
07.06.2025 22:14:26
CallbackFormEmailModal
Array
(
    [name] => wtrmcuuc@streetwormail.com
    [phone] => 88736981951
    [formname] => Обратная связь
)

------------------------
