
------------------------
07.12.2022 2:31:05
CallbackFormEmailModal
Array
(
    [name] => info@xuybet.bz
    [phone] => 88355166943
    [formname] => Обратная связь
)

------------------------

------------------------
07.12.2022 4:32:49
CallbackFormEmailModal
Array
(
    [name] => aq16aqa@rambler.ru
    [phone] => 81667218922
    [formname] => Обратная связь
)

------------------------

------------------------
07.12.2022 8:43:56
CallbackFormEmailModal
Array
(
    [name] => brainia@newtopmail.xyz
    [phone] => 87112988716
    [formname] => Обратная связь
)

------------------------

------------------------
07.12.2022 14:59:46
CallbackFormEmailModal
Array
(
    [name] => ir.inam.a.s.l.o.va61.8@gmail.com
    [phone] => 87235515883
    [formname] => Обратная связь
)

------------------------

------------------------
07.12.2022 14:59:47
CallbackFormEmailModal
Array
(
    [name] => i.ng.a.m939.@gmail.com
    [phone] => 84112558222
    [formname] => Обратная связь
)

------------------------

------------------------
07.12.2022 14:59:47
CallbackFormEmailModal
Array
(
    [name] => do.g.on.k.i.nav3.4.@gmail.com
    [phone] => 88234662258
    [formname] => Обратная связь
)

------------------------

------------------------
07.12.2022 16:29:17
CallbackFormEmailModal
Array
(
    [name] => Eric Jones
    [phone] => 555-555-1212
    [formname] => Обратная связь
)

------------------------

------------------------
07.12.2022 17:14:10
CallbackFormEmailModal
Array
(
    [name] => no-replysuinuts@gmail.com
    [phone] => 83253711847
    [formname] => Обратная связь
)

------------------------

------------------------
07.12.2022 17:15:03
Order
Array
(
    [name] => Александр Рогов
    [email] => rogov@dep.ru
    [phone] => +7-916-235-1235
    [comment] => Сварной  настил SP 34х38/30х3 Zn 600х1000 мм, кол-во: 1, цена: 3200руб.
Способ доставки: Доставка автотранспортом поставщика
Выберите способ оплаты: Оплата наличным
Адрес доставки: 117545, г.Москва, ул.Подольских Курсантов, дом 3,строение 8

Комментарий к заказу: 
Прошу доставить в будний день с 10.00 до 18.00.
    [formname] => Заказ из корзины
    [fields] => Array
        (
            [price] => 3200
        )

)

------------------------

------------------------
07.12.2022 18:20:15
CallbackFormEmailModal
Array
(
    [name] => nikolair.kulakovcin@mail.ru
    [phone] => 84541456662
    [formname] => Обратная связь
)

------------------------

------------------------
07.12.2022 18:43:43
CallbackFormEmailModal
Array
(
    [name] => polikarpovandrian@yandex.kz
    [phone] => 84245548982
    [formname] => Обратная связь
)

------------------------

------------------------
07.12.2022 21:18:32
CallbackFormEmailModal
Array
(
    [name] => velpspews@onymail.xyz
    [phone] => 87662875456
    [formname] => Обратная связь
)

------------------------

------------------------
07.12.2022 22:54:58
CallbackFormEmailModal
Array
(
    [name] => ch.a.r.m.edcristkt.@gmail.com
    [phone] => 88869122357
    [formname] => Обратная связь
)

------------------------
