
------------------------
07.07.2021 11:26:53
CallbackFormEmailModal
Array
(
    [name] => Андрей
    [phone] => +7(920)149-29-66
    [formname] => Обратная связь
)

------------------------

------------------------
07.07.2021 12:21:51
CallbackFormEmailModal
Array
(
    [name] => natalya.uspenskaya93@gmail.com
    [phone] => natalya.uspenskaya93@gmail.com
    [formname] => Обратная связь
)

------------------------

------------------------
07.07.2021 12:22:12
CallbackFormEmailModal
Array
(
    [name] => natalya.uspenskaya93@gmail.com
    [phone] => natalya.uspenskaya93@gmail.com
    [formname] => Обратная связь
)

------------------------

------------------------
07.07.2021 12:22:52
CallbackFormEmailModal
Array
(
    [name] => natalya.uspenskaya93@gmail.com
    [phone] => natalya.uspenskaya93@gmail.com
    [formname] => Обратная связь
)

------------------------

------------------------
07.07.2021 12:22:55
CallbackFormEmailModal
Array
(
    [name] => natalya.uspenskaya93@gmail.com
    [phone] => natalya.uspenskaya93@gmail.com
    [formname] => Обратная связь
)

------------------------

------------------------
07.07.2021 12:23:03
CallbackFormEmailModal
Array
(
    [name] => natalya.uspenskaya93@gmail.com
    [phone] => natalya.uspenskaya93@gmail.com
    [formname] => Обратная связь
)

------------------------

------------------------
07.07.2021 12:23:07
CallbackFormEmailModal
Array
(
    [name] => natalya.uspenskaya93@gmail.com
    [phone] => natalya.uspenskaya93@gmail.com
    [formname] => Обратная связь
)

------------------------

------------------------
07.07.2021 12:24:15
CallbackFormEmailModal
Array
(
    [name] => natalya.uspenskaya93@gmail.com
    [phone] => natalya.uspenskaya93@gmail.com
    [formname] => Обратная связь
)

------------------------

------------------------
07.07.2021 12:24:18
CallbackFormEmailModal
Array
(
    [name] => natalya.uspenskaya93@gmail.com
    [phone] => natalya.uspenskaya93@gmail.com
    [formname] => Обратная связь
)

------------------------

------------------------
07.07.2021 12:25:12
CallbackFormEmailModal
Array
(
    [name] => natalya.uspenskaya93@gmail.com
    [phone] => natalya.uspenskaya93@gmail.com
    [formname] => Обратная связь
)

------------------------

------------------------
07.07.2021 12:25:15
CallbackFormEmailModal
Array
(
    [name] => natalya.uspenskaya93@gmail.com
    [phone] => natalya.uspenskaya93@gmail.com
    [formname] => Обратная связь
)

------------------------

------------------------
07.07.2021 12:25:23
CallbackFormEmailModal
Array
(
    [name] => natalya.uspenskaya93@gmail.com
    [phone] => natalya.uspenskaya93@gmail.com
    [formname] => Обратная связь
)

------------------------

------------------------
07.07.2021 12:26:00
CallbackFormEmailModal
Array
(
    [name] => natalya.uspenskaya93@gmail.com
    [phone] => natalya.uspenskaya93@gmail.com
    [formname] => Обратная связь
)

------------------------

------------------------
07.07.2021 12:26:24
CallbackFormEmailModal
Array
(
    [name] => natalya.uspenskaya93@gmail.com
    [phone] => natalya.uspenskaya93@gmail.com
    [formname] => Обратная связь
)

------------------------

------------------------
07.07.2021 12:26:36
CallbackFormEmailModal
Array
(
    [name] => natalya.uspenskaya93@gmail.com
    [phone] => natalya.uspenskaya93@gmail.com
    [formname] => Обратная связь
)

------------------------

------------------------
07.07.2021 12:26:43
CallbackFormEmailModal
Array
(
    [name] => natalya.uspenskaya93@gmail.com
    [phone] => natalya.uspenskaya93@gmail.com
    [formname] => Обратная связь
)

------------------------

------------------------
07.07.2021 12:26:54
CallbackFormEmailModal
Array
(
    [name] => natalya.uspenskaya93@gmail.com
    [phone] => natalya.uspenskaya93@gmail.com
    [formname] => Обратная связь
)

------------------------

------------------------
07.07.2021 12:27:17
CallbackFormEmailModal
Array
(
    [name] => natalya.uspenskaya93@gmail.com
    [phone] => natalya.uspenskaya93@gmail.com
    [formname] => Обратная связь
)

------------------------

------------------------
07.07.2021 15:58:17
CallbackFormEmailModal
Array
(
    [name] => dirbase2021k@b.ru
    [phone] => 79175563657
    [formname] => Обратная связь
)

------------------------

------------------------
07.07.2021 20:17:10
CallbackFormEmailModal
Array
(
    [name] => Ezequiel Sim
    [phone] => ClintonHowatt@hotmail.com
    [formname] => Обратная связь
)

------------------------
