
------------------------
14.11.2024 6:29:40
CallbackFormEmailModal
Array
(
    [name] => ch.e.ba.k.u.l.i.na.ka.r.ase.v.na@gmail.com
    [phone] => 87788267566
    [formname] => Обратная связь
)

------------------------

------------------------
14.11.2024 8:40:41
CallbackFormEmailModal
Array
(
    [name] => vanephsaipremelca@mail.ru
    [phone] => 87116389772
    [formname] => Обратная связь
)

------------------------

------------------------
14.11.2024 8:44:50
CallbackFormEmailModal
Array
(
    [name] => nadya.milyukova.69@mail.ru
    [phone] => 82212721183
    [formname] => Обратная связь
)

------------------------

------------------------
14.11.2024 8:44:51
CallbackFormEmailModal
Array
(
    [name] => smorarabte539@mail.ru
    [phone] => 86348636289
    [formname] => Обратная связь
)

------------------------

------------------------
14.11.2024 8:45:15
CallbackFormEmailModal
Array
(
    [name] => karina_platonova_31068@mail.ru
    [phone] => 85682538132
    [formname] => Обратная связь
)

------------------------

------------------------
14.11.2024 8:52:36
CallbackFormEmailModal
Array
(
    [name] => kristina_kravtsova_18014@mail.ru
    [phone] => 89814443741
    [formname] => Обратная связь
)

------------------------

------------------------
14.11.2024 9:00:22
CallbackFormEmailModal
Array
(
    [name] => osipova.liliia.1986.22.12@inbox.ru
    [phone] => 82365334782
    [formname] => Обратная связь
)

------------------------

------------------------
14.11.2024 9:03:53
CallbackFormEmailModal
Array
(
    [name] => doloresa.grishina@mail.ru
    [phone] => 88733246188
    [formname] => Обратная связь
)

------------------------

------------------------
14.11.2024 9:04:29
CallbackFormEmailModal
Array
(
    [name] => anya.genger@mail.ru
    [phone] => 81194871897
    [formname] => Обратная связь
)

------------------------

------------------------
14.11.2024 9:07:58
CallbackFormEmailModal
Array
(
    [name] => panova.elena.1992.23.11@bk.ru
    [phone] => 83282181434
    [formname] => Обратная связь
)

------------------------

------------------------
14.11.2024 9:14:15
CallbackFormEmailModal
Array
(
    [name] => chofitensatomar@mail.ru
    [phone] => 89323275923
    [formname] => Обратная связь
)

------------------------

------------------------
14.11.2024 9:20:28
CallbackFormEmailModal
Array
(
    [name] => sheveleva-alisa@bk.ru
    [phone] => 89295258426
    [formname] => Обратная связь
)

------------------------

------------------------
14.11.2024 9:22:20
CallbackFormEmailModal
Array
(
    [name] => saakian.vova.1985.13.9@list.ru
    [phone] => 83435158929
    [formname] => Обратная связь
)

------------------------

------------------------
14.11.2024 9:47:42
CallbackFormEmailModal
Array
(
    [name] => ramiraselezneva19908003@bk.ru
    [phone] => 89189926867
    [formname] => Обратная связь
)

------------------------

------------------------
14.11.2024 10:05:02
CallbackFormEmailModal
Array
(
    [name] => hervacu.781@mail.ru
    [phone] => 89163158193
    [formname] => Обратная связь
)

------------------------

------------------------
14.11.2024 10:20:07
CallbackFormEmailModal
Array
(
    [name] => gunlekingovertcon@mail.ru
    [phone] => 89223539146
    [formname] => Обратная связь
)

------------------------

------------------------
14.11.2024 10:41:34
CallbackFormEmailModal
Array
(
    [name] => mitubefhambcomp5336@mail.ru
    [phone] => 87566132629
    [formname] => Обратная связь
)

------------------------

------------------------
14.11.2024 10:44:37
CallbackFormEmailModal
Array
(
    [name] => sionidalsubg1979@mail.ru
    [phone] => 83516694584
    [formname] => Обратная связь
)

------------------------

------------------------
14.11.2024 10:47:28
CallbackFormEmailModal
Array
(
    [name] => mariij77701@gmail.com
    [phone] => 81235683762
    [formname] => Обратная связь
)

------------------------

------------------------
14.11.2024 10:49:41
CallbackFormEmailModal
Array
(
    [name] => zulay.morshnev1994@mail.ru
    [phone] => 81848674242
    [formname] => Обратная связь
)

------------------------

------------------------
14.11.2024 11:36:52
CallbackFormEmailModal
Array
(
    [name] => smuhngtbmel@rudiplomust.com
    [phone] => 85875248318
    [formname] => Обратная связь
)

------------------------

------------------------
14.11.2024 12:37:26
CallbackFormEmailModal
Array
(
    [name] => suzdaltsevtazi@mail.ru
    [phone] => 89644953414
    [formname] => Обратная связь
)

------------------------

------------------------
14.11.2024 13:21:17
CallbackFormEmailModal
Array
(
    [name] => musaev.misha.1982.3.5@list.ru
    [phone] => 85249972919
    [formname] => Обратная связь
)

------------------------

------------------------
14.11.2024 14:06:09
CallbackFormEmailModal
Array
(
    [name] => eqid3@goeschman.com
    [phone] => 89948868142
    [formname] => Обратная связь
)

------------------------

------------------------
14.11.2024 15:17:06
CallbackFormEmailModal
Array
(
    [name] => donaldrl_whitetq@hotmail.com
    [phone] => 86395348396
    [formname] => Обратная связь
)

------------------------

------------------------
14.11.2024 19:08:12
CallbackFormEmailModal
Array
(
    [name] => ranmicasde1982@mail.ru
    [phone] => 88471193128
    [formname] => Обратная связь
)

------------------------

------------------------
14.11.2024 19:47:04
CallbackFormEmailModal
Array
(
    [name] => tacusol-6816@mail.ru
    [phone] => 87219979118
    [formname] => Обратная связь
)

------------------------

------------------------
14.11.2024 20:01:15
CallbackFormEmailModal
Array
(
    [name] => pavel.sitdikov.88@mail.ru
    [phone] => 85522816216
    [formname] => Обратная связь
)

------------------------

------------------------
14.11.2024 20:18:29
CallbackFormEmailModal
Array
(
    [name] => alexeynovikovfarmil@gmail.com
    [phone] => 84911647213
    [formname] => Обратная связь
)

------------------------

------------------------
14.11.2024 20:40:54
CallbackFormEmailModal
Array
(
    [name] => gulaza-khlyupko2000@mail.ru
    [phone] => 83162327416
    [formname] => Обратная связь
)

------------------------

------------------------
14.11.2024 20:56:18
CallbackFormEmailModal
Array
(
    [name] => podaiclan_547@mail.ru
    [phone] => 89285984866
    [formname] => Обратная связь
)

------------------------

------------------------
14.11.2024 21:20:28
CallbackFormEmailModal
Array
(
    [name] => laisumake186@mail.ru
    [phone] => 86727323552
    [formname] => Обратная связь
)

------------------------

------------------------
14.11.2024 21:21:30
CallbackFormEmailModal
Array
(
    [name] => bigendrakoli4335@mail.ru
    [phone] => 89384765953
    [formname] => Обратная связь
)

------------------------

------------------------
14.11.2024 21:28:22
CallbackFormEmailModal
Array
(
    [name] => kurnevichy@mail.ru
    [phone] => 83984972238
    [formname] => Обратная связь
)

------------------------

------------------------
14.11.2024 21:37:01
CallbackFormEmailModal
Array
(
    [name] => deacren@mail.ru
    [phone] => 84426979593
    [formname] => Обратная связь
)

------------------------

------------------------
14.11.2024 21:55:32
CallbackFormEmailModal
Array
(
    [name] => dzhavgorat-tashdemirov1981@mail.ru
    [phone] => 86391995398
    [formname] => Обратная связь
)

------------------------

------------------------
14.11.2024 21:55:33
CallbackFormEmailModal
Array
(
    [name] => lyads92@mail.ru
    [phone] => 88293947943
    [formname] => Обратная связь
)

------------------------

------------------------
14.11.2024 22:06:36
CallbackFormEmailModal
Array
(
    [name] => samantamodlibowska@int.pl
    [phone] => 85559373367
    [formname] => Обратная связь
)

------------------------

------------------------
14.11.2024 22:13:47
CallbackFormEmailModal
Array
(
    [name] => sevastyan.siyantsev@mail.ru
    [phone] => 84723556699
    [formname] => Обратная связь
)

------------------------

------------------------
14.11.2024 23:26:36
CallbackFormEmailModal
Array
(
    [name] => progon@progon.fun
    [phone] => 86283694252
    [formname] => Обратная связь
)

------------------------
