
------------------------
24.02.2024 1:09:58
CallbackFormEmailModal
Array
(
    [name] => lucido.leinteract@gmail.com
    [phone] => 83394464299
    [formname] => Обратная связь
)

------------------------

------------------------
24.02.2024 3:32:58
CallbackFormEmailModal
Array
(
    [name] => barrycacher12@gmail.com
    [phone] => 86425642752
    [formname] => Обратная связь
)

------------------------

------------------------
24.02.2024 5:03:17
CallbackFormEmailModal
Array
(
    [name] => leonidasdunkt@gmail.com
    [phone] => 89781834395
    [formname] => Обратная связь
)

------------------------

------------------------
24.02.2024 5:15:10
CallbackFormEmailModal
Array
(
    [name] => pressrelease@forbesnewstoday.com
    [phone] => 85185937442
    [formname] => Обратная связь
)

------------------------

------------------------
24.02.2024 9:57:51
CallbackFormEmailModal
Array
(
    [name] => tyoustovoxad1982@mailopenz.com
    [phone] => 87382898416
    [formname] => Обратная связь
)

------------------------

------------------------
24.02.2024 10:20:40
CallbackFormEmailModal
Array
(
    [name] => just689@santamail.site
    [phone] => 86282429915
    [formname] => Обратная связь
)

------------------------

------------------------
24.02.2024 15:55:37
CallbackFormEmailModal
Array
(
    [name] => fld78rus@yandex.ru
    [phone] => 87893799985
    [formname] => Обратная связь
)

------------------------

------------------------
24.02.2024 15:57:13
CallbackFormEmailModal
Array
(
    [name] => rms-ekb@rambler.ru
    [phone] => 84479375918
    [formname] => Обратная связь
)

------------------------

------------------------
24.02.2024 17:33:41
CallbackFormEmailModal
Array
(
    [name] => advupseo@yandex.ru
    [phone] => 82458715427
    [formname] => Обратная связь
)

------------------------

------------------------
24.02.2024 18:54:47
CallbackFormEmailModal
Array
(
    [name] => indomitowot@outlook.com
    [phone] => 87513184671
    [formname] => Обратная связь
)

------------------------

------------------------
24.02.2024 20:16:39
CallbackFormEmailModal
Array
(
    [name] => frank@luck.jsafes.com
    [phone] => 89196782776
    [formname] => Обратная связь
)

------------------------
