
------------------------
31.08.2023 0:13:31
CallbackFormEmailModal
Array
(
    [name] => wb8oz8888990@inbox.ru
    [phone] => 79915745248
    [formname] => Обратная связь
)

------------------------

------------------------
31.08.2023 2:03:11
CallbackFormEmailModal
Array
(
    [name] => kazinolain@gmail.com
    [phone] => 89839489999
    [formname] => Обратная связь
)

------------------------

------------------------
31.08.2023 8:44:07
CallbackFormEmailModal
Array
(
    [name] => werso057900iu@rambler.ru
    [phone] => 81559167421
    [formname] => Обратная связь
)

------------------------

------------------------
31.08.2023 10:48:37
CallbackFormEmailModal
Array
(
    [name] => jamesmblackburn@btinternet.com
    [phone] => 84419982645
    [formname] => Обратная связь
)

------------------------

------------------------
31.08.2023 15:45:39
CallbackFormEmailModal
Array
(
    [name] => 4000kzaim@mail.ru
    [phone] => 84775717533
    [formname] => Обратная связь
)

------------------------

------------------------
31.08.2023 16:13:44
CallbackFormEmailModal
Array
(
    [name] => callvisvetlana@list.ru
    [phone] => 89981333987
    [formname] => Обратная связь
)

------------------------
