
------------------------
23.11.2024 2:41:02
CallbackFormEmailModal
Array
(
    [name] => ur.evi.c.7.5.0@gmail.com
    [phone] => 89635459817
    [formname] => Обратная связь
)

------------------------

------------------------
23.11.2024 4:19:15
CallbackFormEmailModal
Array
(
    [name] => marinovnatonia@gmail.com
    [phone] => 84489523436
    [formname] => Обратная связь
)

------------------------

------------------------
23.11.2024 8:09:12
CallbackFormEmailModal
Array
(
    [name] => kjhgfdsd@gmail.com
    [phone] => 87474261259
    [formname] => Обратная связь
)

------------------------

------------------------
23.11.2024 8:46:04
CallbackFormEmailModal
Array
(
    [name] => combontsegal37@mail.ru
    [phone] => 85469612266
    [formname] => Обратная связь
)

------------------------

------------------------
23.11.2024 8:54:15
CallbackFormEmailModal
Array
(
    [name] => mark.moshchenskiy.90@mail.ru
    [phone] => 86127441217
    [formname] => Обратная связь
)

------------------------

------------------------
23.11.2024 8:54:50
CallbackFormEmailModal
Array
(
    [name] => gendraducanprohbay@mail.ru
    [phone] => 88169178666
    [formname] => Обратная связь
)

------------------------

------------------------
23.11.2024 8:58:29
CallbackFormEmailModal
Array
(
    [name] => ksanfiizaicev1975637@mail.ru
    [phone] => 89954845388
    [formname] => Обратная связь
)

------------------------

------------------------
23.11.2024 9:00:26
CallbackFormEmailModal
Array
(
    [name] => gulaza-khlyupko2000@mail.ru
    [phone] => 83124837167
    [formname] => Обратная связь
)

------------------------

------------------------
23.11.2024 9:12:11
CallbackFormEmailModal
Array
(
    [name] => rhotenti-44@mail.ru
    [phone] => 81146397185
    [formname] => Обратная связь
)

------------------------

------------------------
23.11.2024 11:51:52
CallbackFormEmailModal
Array
(
    [name] => y.kuvayev@mail.ru
    [phone] => 81667472288
    [formname] => Обратная связь
)

------------------------

------------------------
23.11.2024 12:42:47
CallbackFormEmailModal
Array
(
    [name] => dolnovam@mail.ru
    [phone] => 85738316196
    [formname] => Обратная связь
)

------------------------

------------------------
23.11.2024 16:42:57
CallbackFormEmailModal
Array
(
    [name] => avgustina.morozova@bk.ru
    [phone] => 87663836833
    [formname] => Обратная связь
)

------------------------

------------------------
23.11.2024 16:50:54
CallbackFormEmailModal
Array
(
    [name] => kurnevichy@mail.ru
    [phone] => 81193268241
    [formname] => Обратная связь
)

------------------------

------------------------
23.11.2024 16:53:46
CallbackFormEmailModal
Array
(
    [name] => lisrebowra1989@mail.ru
    [phone] => 88729884455
    [formname] => Обратная связь
)

------------------------

------------------------
23.11.2024 17:48:38
CallbackFormEmailModal
Array
(
    [name] => orlov.roman.1988.2.11@list.ru
    [phone] => 85121761215
    [formname] => Обратная связь
)

------------------------

------------------------
23.11.2024 17:54:44
CallbackFormEmailModal
Array
(
    [name] => highvinonthyo1986@mail.ru
    [phone] => 88551964745
    [formname] => Обратная связь
)

------------------------

------------------------
23.11.2024 18:17:45
CallbackFormEmailModal
Array
(
    [name] => saysalruanscilich@mail.ru
    [phone] => 81268739856
    [formname] => Обратная связь
)

------------------------

------------------------
23.11.2024 18:18:25
CallbackFormEmailModal
Array
(
    [name] => myualyuels@mail.ru
    [phone] => 84994841896
    [formname] => Обратная связь
)

------------------------

------------------------
23.11.2024 18:19:00
CallbackFormEmailModal
Array
(
    [name] => doloresa.grishina@mail.ru
    [phone] => 85654729368
    [formname] => Обратная связь
)

------------------------

------------------------
23.11.2024 18:57:31
CallbackFormEmailModal
Array
(
    [name] => tipanasotemthia@mail.ru
    [phone] => 89232126376
    [formname] => Обратная связь
)

------------------------

------------------------
23.11.2024 19:30:48
CallbackFormEmailModal
Array
(
    [name] => bajenseliverstov19883262@list.ru
    [phone] => 85441185376
    [formname] => Обратная связь
)

------------------------

------------------------
23.11.2024 20:08:32
CallbackFormEmailModal
Array
(
    [name] => suzdaltsevtazi@mail.ru
    [phone] => 86548246453
    [formname] => Обратная связь
)

------------------------

------------------------
23.11.2024 20:12:33
CallbackFormEmailModal
Array
(
    [name] => inna.kortneva.69@mail.ru
    [phone] => 89554538184
    [formname] => Обратная связь
)

------------------------

------------------------
23.11.2024 21:20:03
CallbackFormEmailModal
Array
(
    [name] => margarit_ternova1999@mail.ru
    [phone] => 81442582696
    [formname] => Обратная связь
)

------------------------

------------------------
23.11.2024 23:58:00
CallbackFormEmailModal
Array
(
    [name] => raggamenstop@gmail.com
    [phone] => 81969359955
    [formname] => Обратная связь
)

------------------------
