
------------------------
10.11.2024 2:49:27
CallbackFormEmailModal
Array
(
    [name] => dzhavgorat-tashdemirov1981@mail.ru
    [phone] => 87198829359
    [formname] => Обратная связь
)

------------------------

------------------------
10.11.2024 8:29:03
CallbackFormEmailModal
Array
(
    [name] => jisankape@list.ru
    [phone] => 81317136158
    [formname] => Обратная связь
)

------------------------

------------------------
10.11.2024 8:31:52
CallbackFormEmailModal
Array
(
    [name] => rais.shchigelskaya2002@mail.ru
    [phone] => 82683274587
    [formname] => Обратная связь
)

------------------------

------------------------
10.11.2024 8:37:32
CallbackFormEmailModal
Array
(
    [name] => ovnterbefjuden6138@mail.ru
    [phone] => 87482765925
    [formname] => Обратная связь
)

------------------------

------------------------
10.11.2024 8:45:26
CallbackFormEmailModal
Array
(
    [name] => payransripo1981@mail.ru
    [phone] => 84213474535
    [formname] => Обратная связь
)

------------------------

------------------------
10.11.2024 8:58:08
CallbackFormEmailModal
Array
(
    [name] => gulaza-khlyupko2000@mail.ru
    [phone] => 88784592535
    [formname] => Обратная связь
)

------------------------

------------------------
10.11.2024 9:15:10
CallbackFormEmailModal
Array
(
    [name] => filimonov.ivan.1997.4.6@list.ru
    [phone] => 88756269659
    [formname] => Обратная связь
)

------------------------

------------------------
10.11.2024 9:29:36
CallbackFormEmailModal
Array
(
    [name] => fe1kxu94l@list.ru
    [phone] => 86894246325
    [formname] => Обратная связь
)

------------------------

------------------------
10.11.2024 10:13:52
CallbackFormEmailModal
Array
(
    [name] => gabrielakuzmina1989@list.ru
    [phone] => 83976695281
    [formname] => Обратная связь
)

------------------------

------------------------
10.11.2024 12:16:40
CallbackFormEmailModal
Array
(
    [name] => shvernik.s@mail.ru
    [phone] => 86547233565
    [formname] => Обратная связь
)

------------------------

------------------------
10.11.2024 14:09:54
CallbackFormEmailModal
Array
(
    [name] => inna.kortneva.69@mail.ru
    [phone] => 83236584997
    [formname] => Обратная связь
)

------------------------

------------------------
10.11.2024 14:20:24
CallbackFormEmailModal
Array
(
    [name] => jmcmefdhuel@rudiplomust.com
    [phone] => 86774239688
    [formname] => Обратная связь
)

------------------------

------------------------
10.11.2024 15:30:23
CallbackFormEmailModal
Array
(
    [name] => shizko_test@mail.ru
    [phone] => 81986272112
    [formname] => Обратная связь
)

------------------------

------------------------
10.11.2024 15:49:03
CallbackFormEmailModal
Array
(
    [name] => redirect-964a1cdacf843bbc85b6818131482915@webmark.eting.org
    [phone] => redirect-964a1cdacf843bbc85b6818131482915@webmark.eting.org
    [formname] => Обратная связь
)

------------------------

------------------------
10.11.2024 17:44:27
CallbackFormEmailModal
Array
(
    [name] => xrumer23Kip@ro.com
    [phone] => 83947156283
    [formname] => Обратная связь
)

------------------------

------------------------
10.11.2024 18:21:59
CallbackFormEmailModal
Array
(
    [name] => oppusogen1979@op.pl
    [phone] => 87686791347
    [formname] => Обратная связь
)

------------------------

------------------------
10.11.2024 19:53:39
CallbackFormEmailModal
Array
(
    [name] => tmeplhjaj@hoopsor.online
    [phone] => 84952269638
    [formname] => Обратная связь
)

------------------------

------------------------
10.11.2024 20:31:22
CallbackFormEmailModal
Array
(
    [name] => xrumer23Kip@gmail.com
    [phone] => 83771967914
    [formname] => Обратная связь
)

------------------------
