
------------------------
29.04.2024 2:27:58
CallbackFormEmailModal
Array
(
    [name] => xrumer23Kip@gmail.com
    [phone] => 81772651352
    [formname] => Обратная связь
)

------------------------

------------------------
29.04.2024 2:38:01
CallbackFormEmailModal
Array
(
    [name] => brudermanni2024@gmail.com
    [phone] => 88955621449
    [formname] => Обратная связь
)

------------------------

------------------------
29.04.2024 2:58:53
CallbackFormEmailModal
Array
(
    [name] => johnny.m.ill.e.r.9.949@gmail.com
    [phone] => 89224139648
    [formname] => Обратная связь
)

------------------------

------------------------
29.04.2024 4:43:24
CallbackFormEmailModal
Array
(
    [name] => 49411962@seo-ul.store
    [phone] => 87341282239
    [formname] => Обратная связь
)

------------------------

------------------------
29.04.2024 5:20:30
CallbackFormEmailModal
Array
(
    [name] => a4.00.2.9.1.7.2@gmail.com
    [phone] => 89397381921
    [formname] => Обратная связь
)

------------------------

------------------------
29.04.2024 8:21:53
CallbackFormEmailModal
Array
(
    [name] => joscelinekpodebari@hotmail.com
    [phone] => 85577781941
    [formname] => Обратная связь
)

------------------------

------------------------
29.04.2024 10:42:30
CallbackFormEmailModal
Array
(
    [name] => fullhassberco197776@rambler.ru
    [phone] => +71231234567
    [formname] => Обратная связь
)

------------------------

------------------------
29.04.2024 10:49:04
CallbackFormEmailModal
Array
(
    [name] => yourmaill@gmail.com
    [phone] => 82573739595
    [formname] => Обратная связь
)

------------------------

------------------------
29.04.2024 11:03:33
CallbackFormEmailModal
Array
(
    [name] => arinasemkr@gmail.com
    [phone] => 86913815457
    [formname] => Обратная связь
)

------------------------

------------------------
29.04.2024 12:14:12
CallbackFormEmailModal
Array
(
    [name] => lucido.leinteract@gmail.com
    [phone] => 84212281587
    [formname] => Обратная связь
)

------------------------

------------------------
29.04.2024 13:34:37
CallbackFormEmailModal
Array
(
    [name] => goldboy1931@gmail.com
    [phone] => 86229857817
    [formname] => Обратная связь
)

------------------------

------------------------
29.04.2024 14:40:57
CallbackFormEmailModal
Array
(
    [name] => joscelinekpodebari@hotmail.com
    [phone] => 85749756824
    [formname] => Обратная связь
)

------------------------

------------------------
29.04.2024 15:00:21
CallbackFormEmailModal
Array
(
    [name] => borisgendelman22@outlook.com
    [phone] => 87872975675
    [formname] => Обратная связь
)

------------------------

------------------------
29.04.2024 18:33:55
CallbackFormEmailModal
Array
(
    [name] => hlvcaw5r@webmailwc.com
    [phone] => 88748421115
    [formname] => Обратная связь
)

------------------------

------------------------
29.04.2024 19:34:56
CallbackFormEmailModal
Array
(
    [name] => lucido.leinteract@gmail.com
    [phone] => 83952369216
    [formname] => Обратная связь
)

------------------------

------------------------
29.04.2024 19:38:44
CallbackFormEmailModal
Array
(
    [name] => sborpis.e.m.a.ll@gmail.com
    [phone] => 89824855118
    [formname] => Обратная связь
)

------------------------

------------------------
29.04.2024 20:57:58
CallbackFormEmailModal
Array
(
    [name] => afanasovds7nx@rambler.ru
    [phone] => 87957666961
    [formname] => Обратная связь
)

------------------------

------------------------
29.04.2024 22:50:09
CallbackFormEmailModal
Array
(
    [name] => goldboy1931@gmail.com
    [phone] => 83893693539
    [formname] => Обратная связь
)

------------------------

------------------------
29.04.2024 23:48:56
CallbackFormEmailModal
Array
(
    [name] => rout@kino-fan.lol
    [phone] => 89969728849
    [formname] => Обратная связь
)

------------------------
