
------------------------
28.01.2024 1:54:54
CallbackFormEmailModal
Array
(
    [name] => indomitowot@outlook.com
    [phone] => 81873348716
    [formname] => Обратная связь
)

------------------------

------------------------
28.01.2024 2:25:51
CallbackFormEmailModal
Array
(
    [name] => egormamxfq@outlook.com
    [phone] => 89361293619
    [formname] => Обратная связь
)

------------------------

------------------------
28.01.2024 7:37:16
CallbackFormEmailModal
Array
(
    [name] => rubbyroyd24@gmail.com
    [phone] => 89415695955
    [formname] => Обратная связь
)

------------------------

------------------------
28.01.2024 8:18:49
CallbackFormEmailModal
Array
(
    [name] => mikhaileliffkt@mail.ru
    [phone] => 87737825679
    [formname] => Обратная связь
)

------------------------

------------------------
28.01.2024 10:53:51
CallbackFormEmailModal
Array
(
    [name] => indomitowot@outlook.com
    [phone] => 88364972875
    [formname] => Обратная связь
)

------------------------

------------------------
28.01.2024 14:57:07
CallbackFormEmailModal
Array
(
    [name] => tripunnlichrows198284@rambler.ru
    [phone] => +71231234567
    [formname] => Обратная связь
)

------------------------

------------------------
28.01.2024 16:26:16
CallbackFormEmailModal
Array
(
    [name] => shiipscarso@mail.ru
    [phone] => 89249857488
    [formname] => Обратная связь
)

------------------------

------------------------
28.01.2024 16:26:16
CallbackFormEmailModal
Array
(
    [name] => keovakoig@mail.ru
    [phone] => 89836413379
    [formname] => Обратная связь
)

------------------------

------------------------
28.01.2024 16:27:35
CallbackFormEmailModal
Array
(
    [name] => podaiclan_547@mail.ru
    [phone] => 83829657866
    [formname] => Обратная связь
)

------------------------

------------------------
28.01.2024 16:32:13
CallbackFormEmailModal
Array
(
    [name] => mitubefhambcomp5336@mail.ru
    [phone] => 87834396282
    [formname] => Обратная связь
)

------------------------

------------------------
28.01.2024 16:38:51
CallbackFormEmailModal
Array
(
    [name] => ovnterbefjuden6138@mail.ru
    [phone] => 84497851411
    [formname] => Обратная связь
)

------------------------

------------------------
28.01.2024 16:51:32
CallbackFormEmailModal
Array
(
    [name] => saakian.vova.1985.13.9@list.ru
    [phone] => 89763619656
    [formname] => Обратная связь
)

------------------------

------------------------
28.01.2024 16:56:35
CallbackFormEmailModal
Array
(
    [name] => hafasummacal7916@mail.ru
    [phone] => 82672161331
    [formname] => Обратная связь
)

------------------------

------------------------
28.01.2024 17:04:56
CallbackFormEmailModal
Array
(
    [name] => garlina1990@mail.ru
    [phone] => 88812725848
    [formname] => Обратная связь
)

------------------------

------------------------
28.01.2024 17:05:49
CallbackFormEmailModal
Array
(
    [name] => hervacu.781@mail.ru
    [phone] => 82823737268
    [formname] => Обратная связь
)

------------------------

------------------------
28.01.2024 17:13:45
CallbackFormEmailModal
Array
(
    [name] => pavel.sitdikov.88@mail.ru
    [phone] => 84173738263
    [formname] => Обратная связь
)

------------------------

------------------------
28.01.2024 17:18:25
CallbackFormEmailModal
Array
(
    [name] => tacusol-6816@mail.ru
    [phone] => 85265563688
    [formname] => Обратная связь
)

------------------------

------------------------
28.01.2024 17:20:16
CallbackFormEmailModal
Array
(
    [name] => mosoce-416@mail.ru
    [phone] => 82715714846
    [formname] => Обратная связь
)

------------------------

------------------------
28.01.2024 17:41:34
CallbackFormEmailModal
Array
(
    [name] => pavlik.timofeev.2023@bk.ru
    [phone] => 81715766339
    [formname] => Обратная связь
)

------------------------

------------------------
28.01.2024 18:03:44
CallbackFormEmailModal
Array
(
    [name] => tiocicie.4769@mail.ru
    [phone] => 89532714782
    [formname] => Обратная связь
)

------------------------

------------------------
28.01.2024 18:14:49
CallbackFormEmailModal
Array
(
    [name] => bigendrakoli4335@mail.ru
    [phone] => 89345228472
    [formname] => Обратная связь
)

------------------------

------------------------
28.01.2024 18:21:10
CallbackFormEmailModal
Array
(
    [name] => somalkeriz@mail.ru
    [phone] => 84879654136
    [formname] => Обратная связь
)

------------------------

------------------------
28.01.2024 18:42:46
CallbackFormEmailModal
Array
(
    [name] => sheveleva-alisa@bk.ru
    [phone] => 83843518733
    [formname] => Обратная связь
)

------------------------

------------------------
28.01.2024 18:44:40
CallbackFormEmailModal
Array
(
    [name] => filimonov.ivan.1997.4.6@list.ru
    [phone] => 83828918569
    [formname] => Обратная связь
)

------------------------

------------------------
28.01.2024 22:55:59
CallbackFormEmailModal
Array
(
    [name] => ch4sejonathan@yandex.kz
    [phone] => 84756372438
    [formname] => Обратная связь
)

------------------------
