
------------------------
17.08.2021 1:07:37
CallbackFormEmailModal
Array
(
    [name] => base2021lke@bk.ru
    [phone] => 79774273774
    [formname] => Обратная связь
)

------------------------

------------------------
17.08.2021 3:17:10
CallbackFormEmailModal
Array
(
    [name] => christinefloyd7162@gmail.com

    [phone] => 89246794991
    [formname] => Обратная связь
)

------------------------

------------------------
17.08.2021 11:08:32
CallbackFormEmailModal
Array
(
    [name] => no-replykr@gmail.com
    [phone] => 87449776991
    [formname] => Обратная связь
)

------------------------

------------------------
17.08.2021 21:52:01
CallbackFormEmailModal
Array
(
    [name] => svidinfo1980@gmail.com
    [phone] => 85979954551
    [formname] => Обратная связь
)

------------------------
