
------------------------
15.06.2022 0:54:20
CallbackFormEmailModal
Array
(
    [name] => bpl@forum.dk
    [phone] => 89035393009
    [formname] => Обратная связь
)

------------------------

------------------------
15.06.2022 4:04:41
CallbackFormEmailModal
Array
(
    [name] => iri24316660@mailme.dk
    [phone] => 89039572005
    [formname] => Обратная связь
)

------------------------

------------------------
15.06.2022 7:14:59
CallbackFormEmailModal
Array
(
    [name] => p.kumpel@forum.dk
    [phone] => 89036678786
    [formname] => Обратная связь
)

------------------------

------------------------
15.06.2022 10:23:13
CallbackFormEmailModal
Array
(
    [name] => louise.bj@forum.dk
    [phone] => 89035329403
    [formname] => Обратная связь
)

------------------------

------------------------
15.06.2022 13:40:11
CallbackFormEmailModal
Array
(
    [name] => kea@mail-online.dk
    [phone] => 89039371650
    [formname] => Обратная связь
)

------------------------

------------------------
15.06.2022 16:41:04
CallbackEmailModal
Array
(
    [name] => Анатолий
    [phone] => +7(999)469-14-10
    [comment] => Название продуката: Лестничная ступень SР 34х38/30х2 Zn 600х240 мм
Комменатрий: Добрый день! 
Подскажите, правильно ли я считаю по вашему сайте, что данная ступень будет стоить в объёме 780 шт примерно 520 000 руб. и Какой срок производства ? 
    [formname] => Задать вопрос по товару
)

------------------------

------------------------
15.06.2022 16:52:40
CallbackFormEmailModal
Array
(
    [name] => chris_nille@forum.dk
    [phone] => 89038757316
    [formname] => Обратная связь
)

------------------------

------------------------
15.06.2022 17:09:19
CallbackFormEmailModal
Array
(
    [name] => ojohndavid67d2u30xwo@outlook.com
    [phone] => ojohndavid67d2u30xwo@outlook.com
    [formname] => Обратная связь
)

------------------------

------------------------
15.06.2022 17:09:29
CallbackFormEmailModal
Array
(
    [name] => ojohndavid67d2u30xwo@outlook.com
    [phone] => ojohndavid67d2u30xwo@outlook.com
    [formname] => Обратная связь
)

------------------------

------------------------
15.06.2022 17:09:44
CallbackFormEmailModal
Array
(
    [name] => ojohndavid67d2u30xwo@outlook.com
    [phone] => ojohndavid67d2u30xwo@outlook.com
    [formname] => Обратная связь
)

------------------------

------------------------
15.06.2022 17:09:54
CallbackFormEmailModal
Array
(
    [name] => ojohndavid67d2u30xwo@outlook.com
    [phone] => ojohndavid67d2u30xwo@outlook.com
    [formname] => Обратная связь
)

------------------------

------------------------
15.06.2022 17:10:11
CallbackFormEmailModal
Array
(
    [name] => ojohndavid67d2u30xwo@outlook.com
    [phone] => ojohndavid67d2u30xwo@outlook.com
    [formname] => Обратная связь
)

------------------------

------------------------
15.06.2022 17:10:20
CallbackFormEmailModal
Array
(
    [name] => ojohndavid67d2u30xwo@outlook.com
    [phone] => ojohndavid67d2u30xwo@outlook.com
    [formname] => Обратная связь
)

------------------------

------------------------
15.06.2022 17:10:32
CallbackFormEmailModal
Array
(
    [name] => ojohndavid67d2u30xwo@outlook.com
    [phone] => ojohndavid67d2u30xwo@outlook.com
    [formname] => Обратная связь
)

------------------------

------------------------
15.06.2022 17:10:39
CallbackFormEmailModal
Array
(
    [name] => ojohndavid67d2u30xwo@outlook.com
    [phone] => ojohndavid67d2u30xwo@outlook.com
    [formname] => Обратная связь
)

------------------------

------------------------
15.06.2022 17:10:50
CallbackFormEmailModal
Array
(
    [name] => ojohndavid67d2u30xwo@outlook.com
    [phone] => ojohndavid67d2u30xwo@outlook.com
    [formname] => Обратная связь
)

------------------------

------------------------
15.06.2022 17:10:57
CallbackFormEmailModal
Array
(
    [name] => ojohndavid67d2u30xwo@outlook.com
    [phone] => ojohndavid67d2u30xwo@outlook.com
    [formname] => Обратная связь
)

------------------------

------------------------
15.06.2022 17:12:25
CallbackFormEmailModal
Array
(
    [name] => ojohndavid67d2u30xwo@outlook.com
    [phone] => ojohndavid67d2u30xwo@outlook.com
    [formname] => Обратная связь
)

------------------------

------------------------
15.06.2022 17:12:33
CallbackFormEmailModal
Array
(
    [name] => ojohndavid67d2u30xwo@outlook.com
    [phone] => ojohndavid67d2u30xwo@outlook.com
    [formname] => Обратная связь
)

------------------------

------------------------
15.06.2022 17:12:50
CallbackFormEmailModal
Array
(
    [name] => ojohndavid67d2u30xwo@outlook.com
    [phone] => ojohndavid67d2u30xwo@outlook.com
    [formname] => Обратная связь
)

------------------------

------------------------
15.06.2022 17:12:58
CallbackFormEmailModal
Array
(
    [name] => ojohndavid67d2u30xwo@outlook.com
    [phone] => ojohndavid67d2u30xwo@outlook.com
    [formname] => Обратная связь
)

------------------------

------------------------
15.06.2022 17:13:29
CallbackFormEmailModal
Array
(
    [name] => ojohndavid67d2u30xwo@outlook.com
    [phone] => ojohndavid67d2u30xwo@outlook.com
    [formname] => Обратная связь
)

------------------------

------------------------
15.06.2022 17:13:37
CallbackFormEmailModal
Array
(
    [name] => ojohndavid67d2u30xwo@outlook.com
    [phone] => ojohndavid67d2u30xwo@outlook.com
    [formname] => Обратная связь
)

------------------------

------------------------
15.06.2022 17:15:02
CallbackFormEmailModal
Array
(
    [name] => ojohndavid67d2u30xwo@outlook.com
    [phone] => ojohndavid67d2u30xwo@outlook.com
    [formname] => Обратная связь
)

------------------------

------------------------
15.06.2022 17:15:44
CallbackFormEmailModal
Array
(
    [name] => ojohndavid67d2u30xwo@outlook.com
    [phone] => ojohndavid67d2u30xwo@outlook.com
    [formname] => Обратная связь
)

------------------------

------------------------
15.06.2022 17:15:54
CallbackFormEmailModal
Array
(
    [name] => ojohndavid67d2u30xwo@outlook.com
    [phone] => ojohndavid67d2u30xwo@outlook.com
    [formname] => Обратная связь
)

------------------------

------------------------
15.06.2022 20:01:43
CallbackFormEmailModal
Array
(
    [name] => willo.ped@forum.dk
    [phone] => 89032437630
    [formname] => Обратная связь
)

------------------------

------------------------
15.06.2022 23:18:36
CallbackFormEmailModal
Array
(
    [name] => masse2007@forum.dk
    [phone] => 89038567319
    [formname] => Обратная связь
)

------------------------
