
------------------------
19.05.2025 6:16:08
CallbackFormEmailModal
Array
(
    [name] => sergey239912312@gmail.com
    [phone] => 79699118340
    [formname] => Обратная связь
)

------------------------

------------------------
19.05.2025 8:42:57
CallbackFormEmailModal
Array
(
    [name] => kozlovvarlen19782037@mail.ru
    [phone] => 84992225758
    [formname] => Обратная связь
)

------------------------

------------------------
19.05.2025 8:52:21
CallbackFormEmailModal
Array
(
    [name] => guerracatherine@list.ru
    [phone] => 85291384344
    [formname] => Обратная связь
)

------------------------

------------------------
19.05.2025 9:22:09
CallbackFormEmailModal
Array
(
    [name] => ponomaryov.borya.1983@bk.ru
    [phone] => 81489497134
    [formname] => Обратная связь
)

------------------------

------------------------
19.05.2025 9:49:44
CallbackFormEmailModal
Array
(
    [name] => panova.elena.1992.23.11@bk.ru
    [phone] => 85152555946
    [formname] => Обратная связь
)

------------------------

------------------------
19.05.2025 11:10:59
CallbackFormEmailModal
Array
(
    [name] => dolnovam@mail.ru
    [phone] => 85925188718
    [formname] => Обратная связь
)

------------------------

------------------------
19.05.2025 11:44:45
CallbackFormEmailModal
Array
(
    [name] => naphtloxua-5550@mail.ru
    [phone] => 89644682755
    [formname] => Обратная связь
)

------------------------

------------------------
19.05.2025 11:51:30
CallbackFormEmailModal
Array
(
    [name] => keapkiir@gazeta.pl
    [phone] => 83578858616
    [formname] => Обратная связь
)

------------------------

------------------------
19.05.2025 12:10:49
CallbackFormEmailModal
Array
(
    [name] => yauxnzx8686@gmx.com
    [phone] => 87916653325
    [formname] => Обратная связь
)

------------------------

------------------------
19.05.2025 12:38:23
CallbackFormEmailModal
Array
(
    [name] => osipova.liliia.1986.22.12@inbox.ru
    [phone] => 81558232775
    [formname] => Обратная связь
)

------------------------

------------------------
19.05.2025 12:40:25
CallbackFormEmailModal
Array
(
    [name] => ls82nrnz@1mailcache.com
    [phone] => 82865876342
    [formname] => Обратная связь
)

------------------------

------------------------
19.05.2025 13:49:10
Order
Array
(
    [name] => Антон Орлов
    [email] => orlov.ant2014@yandex.ru
    [phone] => +7-909-268-5909
    [comment] => Трап Mini Wm 150 с вертикальным отводом DN110, кол-во: 1, цена: 4000руб.
Способ доставки: Самовывоз со склада
Выберите способ оплаты: Оплата наличным

Комментарий к заказу: 

    [formname] => Заказ из корзины
    [fields] => Array
        (
            [price] => 36000
        )

)

------------------------

------------------------
19.05.2025 14:13:39
CallbackFormEmailModal
Array
(
    [name] => terjetade1977@mail.ru
    [phone] => 83621975143
    [formname] => Обратная связь
)

------------------------

------------------------
19.05.2025 14:21:38
CallbackFormEmailModal
Array
(
    [name] => arturgorz2o3@bk.ru
    [phone] => 86631738633
    [formname] => Обратная связь
)

------------------------

------------------------
19.05.2025 16:10:08
CallbackFormEmailModal
Array
(
    [name] => deacren@mail.ru
    [phone] => 82151269878
    [formname] => Обратная связь
)

------------------------

------------------------
19.05.2025 16:24:33
CallbackFormEmailModal
Array
(
    [name] => felipepitly@mail.ru
    [phone] => 85736589816
    [formname] => Обратная связь
)

------------------------

------------------------
19.05.2025 16:37:10
CallbackFormEmailModal
Array
(
    [name] => test@gmail.com
    [phone] => 84283745886
    [formname] => Обратная связь
)

------------------------

------------------------
19.05.2025 18:55:33
CallbackFormEmailModal
Array
(
    [name] => swastentweb@gismail.online

    [phone] => 81737362178
    [formname] => Обратная связь
)

------------------------

------------------------
19.05.2025 19:02:27
CallbackFormEmailModal
Array
(
    [name] => yourmail@gmail.com
    [phone] => 83676887959
    [formname] => Обратная связь
)

------------------------

------------------------
19.05.2025 19:05:59
CallbackFormEmailModal
Array
(
    [name] => igor_trofimov_1979@mail.ru
    [phone] => 83143385443
    [formname] => Обратная связь
)

------------------------

------------------------
19.05.2025 19:07:06
CallbackFormEmailModal
Array
(
    [name] => psbmabxzy@derhosulha.shop
    [phone] => 89856313489
    [formname] => Обратная связь
)

------------------------

------------------------
19.05.2025 19:08:10
CallbackFormEmailModal
Array
(
    [name] => coezathurpu1983@mail.ru
    [phone] => 81659795849
    [formname] => Обратная связь
)

------------------------

------------------------
19.05.2025 19:27:27
CallbackFormEmailModal
Array
(
    [name] => peraecredad1976@mail.ru
    [phone] => 87177395426
    [formname] => Обратная связь
)

------------------------

------------------------
19.05.2025 19:43:18
CallbackFormEmailModal
Array
(
    [name] => fjhannqm@tubermail.com
    [phone] => 89218334136
    [formname] => Обратная связь
)

------------------------

------------------------
19.05.2025 20:18:03
CallbackFormEmailModal
Array
(
    [name] => dzhavgorat-tashdemirov1981@mail.ru
    [phone] => 85587278157
    [formname] => Обратная связь
)

------------------------

------------------------
19.05.2025 20:24:33
CallbackFormEmailModal
Array
(
    [name] => laisumake186@mail.ru
    [phone] => 81127199311
    [formname] => Обратная связь
)

------------------------

------------------------
19.05.2025 20:24:42
CallbackFormEmailModal
Array
(
    [name] => yaroslav.sevastyanov.1988@mail.ru
    [phone] => 82575212913
    [formname] => Обратная связь
)

------------------------

------------------------
19.05.2025 20:46:57
CallbackFormEmailModal
Array
(
    [name] => secberconla1986@mail.ru
    [phone] => 86629396739
    [formname] => Обратная связь
)

------------------------

------------------------
19.05.2025 22:03:50
CallbackFormEmailModal
Array
(
    [name] => joflvzwq@wildbmail.com
    [phone] => 85778622655
    [formname] => Обратная связь
)

------------------------

------------------------
19.05.2025 23:22:14
CallbackFormEmailModal
Array
(
    [name] => higbiosepo1986@mail.ru
    [phone] => 85557948411
    [formname] => Обратная связь
)

------------------------
