
------------------------
18.08.2024 0:14:23
CallbackFormEmailModal
Array
(
    [name] => xrumer23Kip@gmail.com
    [phone] => 88565239542
    [formname] => Обратная связь
)

------------------------

------------------------
18.08.2024 1:33:41
CallbackFormEmailModal
Array
(
    [name] => evlogy.fedosov@yandex.com
    [phone] => 87121383382
    [formname] => Обратная связь
)

------------------------

------------------------
18.08.2024 9:35:28
CallbackFormEmailModal
Array
(
    [name] => vip@loliporn.su
    [phone] => 89582989789
    [formname] => Обратная связь
)

------------------------

------------------------
18.08.2024 10:51:28
CallbackFormEmailModal
Array
(
    [name] => 84xrumer4@farironalds.com
    [phone] => 85636988576
    [formname] => Обратная связь
)

------------------------

------------------------
18.08.2024 10:53:40
CallbackFormEmailModal
Array
(
    [name] => 20xrumer5@farironalds.com
    [phone] => 87591469764
    [formname] => Обратная связь
)

------------------------

------------------------
18.08.2024 11:46:27
CallbackFormEmailModal
Array
(
    [name] => yjdisantoyjdissemin@gmail.com
    [phone] => 84369263874
    [formname] => Обратная связь
)

------------------------

------------------------
18.08.2024 12:58:21
CallbackFormEmailModal
Array
(
    [name] => resmaberlimantelende@gmail.com
    [phone] => 82631244175
    [formname] => Обратная связь
)

------------------------
