
------------------------
09.09.2022 2:09:55
CallbackFormEmailModal
Array
(
    [name] => maspipily1565@mailsi.site

    [phone] => 87389939778
    [formname] => Обратная связь
)

------------------------

------------------------
09.09.2022 10:58:41
CallbackFormEmailModal
Array
(
    [name] => stas.martynov.1984@bk.ru
    [phone] => 81698781816
    [formname] => Обратная связь
)

------------------------

------------------------
09.09.2022 11:02:38
CallbackFormEmailModal
Array
(
    [name] => granit.artemev@list.ru
    [phone] => 88887751945
    [formname] => Обратная связь
)

------------------------

------------------------
09.09.2022 11:03:39
CallbackFormEmailModal
Array
(
    [name] => rita_veselova_1990@inbox.ru
    [phone] => 89858992876
    [formname] => Обратная связь
)

------------------------

------------------------
09.09.2022 11:08:18
CallbackFormEmailModal
Array
(
    [name] => denis-kozlov-1969@bk.ru
    [phone] => 82443727879
    [formname] => Обратная связь
)

------------------------

------------------------
09.09.2022 11:10:45
CallbackFormEmailModal
Array
(
    [name] => aleksandr-ignatev-1999@inbox.ru
    [phone] => 87229435175
    [formname] => Обратная связь
)

------------------------

------------------------
09.09.2022 11:18:06
CallbackFormEmailModal
Array
(
    [name] => oksanka.fomina.1983@bk.ru
    [phone] => 84947816524
    [formname] => Обратная связь
)

------------------------

------------------------
09.09.2022 11:29:35
CallbackFormEmailModal
Array
(
    [name] => romanovdionis1984@list.ru
    [phone] => 87975388756
    [formname] => Обратная связь
)

------------------------

------------------------
09.09.2022 11:32:02
CallbackFormEmailModal
Array
(
    [name] => semyon_orlov_1973@inbox.ru
    [phone] => 88417518229
    [formname] => Обратная связь
)

------------------------

------------------------
09.09.2022 11:33:51
CallbackFormEmailModal
Array
(
    [name] => markova.katya.2018@bk.ru
    [phone] => 83157793885
    [formname] => Обратная связь
)

------------------------

------------------------
09.09.2022 11:33:54
CallbackFormEmailModal
Array
(
    [name] => smirnov-sergey-smirnov-1991-ser@bk.ru
    [phone] => 86354518952
    [formname] => Обратная связь
)

------------------------

------------------------
09.09.2022 11:35:12
CallbackFormEmailModal
Array
(
    [name] => lena_kolesnikova_1998@inbox.ru
    [phone] => 89972618426
    [formname] => Обратная связь
)

------------------------

------------------------
09.09.2022 11:35:14
CallbackFormEmailModal
Array
(
    [name] => arkadiy_nikolaev_1988@inbox.ru
    [phone] => 83725243842
    [formname] => Обратная связь
)

------------------------

------------------------
09.09.2022 11:35:41
CallbackFormEmailModal
Array
(
    [name] => roksana.borisova.70@mail.ru
    [phone] => 83576199783
    [formname] => Обратная связь
)

------------------------

------------------------
09.09.2022 11:37:41
CallbackFormEmailModal
Array
(
    [name] => filipps2xx@list.ru
    [phone] => 89977495572
    [formname] => Обратная связь
)

------------------------

------------------------
09.09.2022 11:43:19
CallbackFormEmailModal
Array
(
    [name] => stepanov-yarik-stepanov-1978-ya@bk.ru
    [phone] => 88279399295
    [formname] => Обратная связь
)

------------------------

------------------------
09.09.2022 11:49:48
CallbackFormEmailModal
Array
(
    [name] => zinaidanikiforova1970@list.ru
    [phone] => 89746244427
    [formname] => Обратная связь
)

------------------------

------------------------
09.09.2022 12:02:29
CallbackFormEmailModal
Array
(
    [name] => rusya.denisov.1996@list.ru
    [phone] => 81321955239
    [formname] => Обратная связь
)

------------------------

------------------------
09.09.2022 12:03:21
CallbackFormEmailModal
Array
(
    [name] => yarik.baranov.1960@list.ru
    [phone] => 84351526513
    [formname] => Обратная связь
)

------------------------

------------------------
09.09.2022 12:05:23
CallbackFormEmailModal
Array
(
    [name] => oleg.olegromanov1991.romanov@inbox.ru
    [phone] => 87857182846
    [formname] => Обратная связь
)

------------------------

------------------------
09.09.2022 12:38:18
CallbackFormEmailModal
Array
(
    [name] => boris.ignatev.1999@bk.ru
    [phone] => 88819634949
    [formname] => Обратная связь
)

------------------------

------------------------
09.09.2022 12:59:18
CallbackFormEmailModal
Array
(
    [name] => ivan.bogdanov.1970@inbox.ru
    [phone] => 83144949766
    [formname] => Обратная связь
)

------------------------

------------------------
09.09.2022 13:03:58
CallbackFormEmailModal
Array
(
    [name] => rusakova.tatiya@bk.ru
    [phone] => 82936792948
    [formname] => Обратная связь
)

------------------------

------------------------
09.09.2022 13:40:53
CallbackFormEmailModal
Array
(
    [name] => veselova.evelina.2018@bk.ru
    [phone] => 85153821776
    [formname] => Обратная связь
)

------------------------

------------------------
09.09.2022 13:51:12
CallbackFormEmailModal
Array
(
    [name] => kirill_abramov_1974@list.ru
    [phone] => 83385246917
    [formname] => Обратная связь
)

------------------------

------------------------
09.09.2022 13:55:29
CallbackFormEmailModal
Array
(
    [name] => yakovlev_zhorik@bk.ru
    [phone] => 83558132898
    [formname] => Обратная связь
)

------------------------

------------------------
09.09.2022 14:03:47
CallbackFormEmailModal
Array
(
    [name] => yaroslavzakharov1969@bk.ru
    [phone] => 86361117599
    [formname] => Обратная связь
)

------------------------

------------------------
09.09.2022 14:13:38
CallbackFormEmailModal
Array
(
    [name] => olya.blinova.1999@inbox.ru
    [phone] => 88866437954
    [formname] => Обратная связь
)

------------------------

------------------------
09.09.2022 14:21:46
CallbackFormEmailModal
Array
(
    [name] => viktor_lvov_1983@list.ru
    [phone] => 81118257147
    [formname] => Обратная связь
)

------------------------

------------------------
09.09.2022 14:25:09
CallbackFormEmailModal
Array
(
    [name] => kristina-bogdanova-1963@inbox.ru
    [phone] => 82554665797
    [formname] => Обратная связь
)

------------------------

------------------------
09.09.2022 14:25:13
CallbackFormEmailModal
Array
(
    [name] => stepan_petrov_1999@list.ru
    [phone] => 85554183945
    [formname] => Обратная связь
)

------------------------

------------------------
09.09.2022 14:28:27
CallbackFormEmailModal
Array
(
    [name] => evgeniy-vorobyov-1987@list.ru
    [phone] => 89167246592
    [formname] => Обратная связь
)

------------------------

------------------------
09.09.2022 14:41:40
CallbackFormEmailModal
Array
(
    [name] => lara.vorobeva.81@bk.ru
    [phone] => 89113473598
    [formname] => Обратная связь
)

------------------------

------------------------
09.09.2022 14:43:39
CallbackFormEmailModal
Array
(
    [name] => lidiya-belova-1978@list.ru
    [phone] => 84525263715
    [formname] => Обратная связь
)

------------------------

------------------------
09.09.2022 14:44:18
CallbackFormEmailModal
Array
(
    [name] => denis_troitskiy_1974@bk.ru
    [phone] => 86492866863
    [formname] => Обратная связь
)

------------------------

------------------------
09.09.2022 14:46:27
CallbackFormEmailModal
Array
(
    [name] => dmitriyovcg6rr@mail.ru
    [phone] => 87934696843
    [formname] => Обратная связь
)

------------------------

------------------------
09.09.2022 14:58:56
CallbackFormEmailModal
Array
(
    [name] => lidiya_efimova_1979@list.ru
    [phone] => 89164961944
    [formname] => Обратная связь
)

------------------------

------------------------
09.09.2022 15:00:18
CallbackFormEmailModal
Array
(
    [name] => pyotr.mikhaylov.1989@inbox.ru
    [phone] => 88649137831
    [formname] => Обратная связь
)

------------------------

------------------------
09.09.2022 15:02:17
CallbackFormEmailModal
Array
(
    [name] => larisa_matveeva_1972@bk.ru
    [phone] => 83979873789
    [formname] => Обратная связь
)

------------------------

------------------------
09.09.2022 15:06:44
CallbackFormEmailModal
Array
(
    [name] => gleb-egorov-1960@bk.ru
    [phone] => 82791536692
    [formname] => Обратная связь
)

------------------------

------------------------
09.09.2022 15:20:55
CallbackFormEmailModal
Array
(
    [name] => margarita-vinogradova-1994@inbox.ru
    [phone] => 85752738969
    [formname] => Обратная связь
)

------------------------

------------------------
09.09.2022 15:21:11
CallbackFormEmailModal
Array
(
    [name] => valeriyfedotov1962@inbox.ru
    [phone] => 81216672857
    [formname] => Обратная связь
)

------------------------

------------------------
09.09.2022 15:26:44
CallbackFormEmailModal
Array
(
    [name] => danya-abramov-1980@bk.ru
    [phone] => 82874514226
    [formname] => Обратная связь
)

------------------------

------------------------
09.09.2022 15:42:05
CallbackFormEmailModal
Array
(
    [name] => oksanka.fomina.1983@bk.ru
    [phone] => 89923429946
    [formname] => Обратная связь
)

------------------------

------------------------
09.09.2022 15:50:41
CallbackFormEmailModal
Array
(
    [name] => granit.artemev@list.ru
    [phone] => 84669365365
    [formname] => Обратная связь
)

------------------------

------------------------
09.09.2022 15:55:46
CallbackFormEmailModal
Array
(
    [name] => stas.martynov.1984@bk.ru
    [phone] => 81729957364
    [formname] => Обратная связь
)

------------------------

------------------------
09.09.2022 16:05:55
CallbackFormEmailModal
Array
(
    [name] => rita_veselova_1990@inbox.ru
    [phone] => 83523953167
    [formname] => Обратная связь
)

------------------------

------------------------
09.09.2022 16:18:11
CallbackFormEmailModal
Array
(
    [name] => roksana.borisova.70@mail.ru
    [phone] => 81256988351
    [formname] => Обратная связь
)

------------------------

------------------------
09.09.2022 16:20:28
CallbackFormEmailModal
Array
(
    [name] => semyon_orlov_1973@inbox.ru
    [phone] => 83919113375
    [formname] => Обратная связь
)

------------------------

------------------------
09.09.2022 16:20:33
CallbackFormEmailModal
Array
(
    [name] => smirnov-sergey-smirnov-1991-ser@bk.ru
    [phone] => 88943724226
    [formname] => Обратная связь
)

------------------------

------------------------
09.09.2022 16:21:06
CallbackFormEmailModal
Array
(
    [name] => denis-kozlov-1969@bk.ru
    [phone] => 83668921285
    [formname] => Обратная связь
)

------------------------

------------------------
09.09.2022 16:22:34
CallbackFormEmailModal
Array
(
    [name] => romanovdionis1984@list.ru
    [phone] => 87348693124
    [formname] => Обратная связь
)

------------------------

------------------------
09.09.2022 16:23:08
CallbackFormEmailModal
Array
(
    [name] => aleksandr-ignatev-1999@inbox.ru
    [phone] => 85276578277
    [formname] => Обратная связь
)

------------------------

------------------------
09.09.2022 16:25:49
CallbackFormEmailModal
Array
(
    [name] => lena_kolesnikova_1998@inbox.ru
    [phone] => 89671591783
    [formname] => Обратная связь
)

------------------------

------------------------
09.09.2022 16:29:33
CallbackFormEmailModal
Array
(
    [name] => markova.katya.2018@bk.ru
    [phone] => 87236313999
    [formname] => Обратная связь
)

------------------------

------------------------
09.09.2022 16:31:51
CallbackFormEmailModal
Array
(
    [name] => arkadiy_nikolaev_1988@inbox.ru
    [phone] => 82913635229
    [formname] => Обратная связь
)

------------------------

------------------------
09.09.2022 16:38:27
CallbackFormEmailModal
Array
(
    [name] => filipps2xx@list.ru
    [phone] => 85621165298
    [formname] => Обратная связь
)

------------------------

------------------------
09.09.2022 16:42:05
CallbackFormEmailModal
Array
(
    [name] => stepanov-yarik-stepanov-1978-ya@bk.ru
    [phone] => 81484445156
    [formname] => Обратная связь
)

------------------------

------------------------
09.09.2022 16:50:14
CallbackFormEmailModal
Array
(
    [name] => nataliya-belousova-1980@mail.ru
    [phone] => 83723335985
    [formname] => Обратная связь
)

------------------------

------------------------
09.09.2022 17:09:17
CallbackFormEmailModal
Array
(
    [name] => tyoma.kiselyov.72@inbox.ru
    [phone] => 83556913815
    [formname] => Обратная связь
)

------------------------

------------------------
09.09.2022 17:21:33
CallbackFormEmailModal
Array
(
    [name] => evafomina1967@list.ru
    [phone] => 82339672558
    [formname] => Обратная связь
)

------------------------

------------------------
09.09.2022 17:26:52
CallbackFormEmailModal
Array
(
    [name] => zinaidanikiforova1970@list.ru
    [phone] => 82665997612
    [formname] => Обратная связь
)

------------------------

------------------------
09.09.2022 17:50:34
CallbackFormEmailModal
Array
(
    [name] => rusya.denisov.1996@list.ru
    [phone] => 86715872897
    [formname] => Обратная связь
)

------------------------

------------------------
09.09.2022 17:50:38
CallbackFormEmailModal
Array
(
    [name] => oleg.olegromanov1991.romanov@inbox.ru
    [phone] => 81792726733
    [formname] => Обратная связь
)

------------------------

------------------------
09.09.2022 17:54:01
CallbackFormEmailModal
Array
(
    [name] => yarik.baranov.1960@list.ru
    [phone] => 88472296873
    [formname] => Обратная связь
)

------------------------

------------------------
09.09.2022 17:56:24
CallbackFormEmailModal
Array
(
    [name] => lara.vorobeva.81@bk.ru
    [phone] => 81991693569
    [formname] => Обратная связь
)

------------------------

------------------------
09.09.2022 17:59:56
CallbackFormEmailModal
Array
(
    [name] => denis_troitskiy_1974@bk.ru
    [phone] => 87632511691
    [formname] => Обратная связь
)

------------------------

------------------------
09.09.2022 18:09:18
CallbackFormEmailModal
Array
(
    [name] => lidiya-belova-1978@list.ru
    [phone] => 83876449484
    [formname] => Обратная связь
)

------------------------

------------------------
09.09.2022 18:12:39
CallbackFormEmailModal
Array
(
    [name] => oksanka.fomina.1983@bk.ru
    [phone] => 87989944551
    [formname] => Обратная связь
)

------------------------

------------------------
09.09.2022 18:16:51
CallbackFormEmailModal
Array
(
    [name] => dmitriyovcg6rr@mail.ru
    [phone] => 81841665786
    [formname] => Обратная связь
)

------------------------

------------------------
09.09.2022 18:31:39
CallbackFormEmailModal
Array
(
    [name] => granit.artemev@list.ru
    [phone] => 82588933728
    [formname] => Обратная связь
)

------------------------

------------------------
09.09.2022 18:41:27
CallbackFormEmailModal
Array
(
    [name] => stas.martynov.1984@bk.ru
    [phone] => 89213748935
    [formname] => Обратная связь
)

------------------------

------------------------
09.09.2022 18:42:54
CallbackFormEmailModal
Array
(
    [name] => larisa_matveeva_1972@bk.ru
    [phone] => 87363682313
    [formname] => Обратная связь
)

------------------------

------------------------
09.09.2022 18:53:43
CallbackFormEmailModal
Array
(
    [name] => rita_veselova_1990@inbox.ru
    [phone] => 87798776258
    [formname] => Обратная связь
)

------------------------

------------------------
09.09.2022 18:56:03
CallbackFormEmailModal
Array
(
    [name] => smirnov-sergey-smirnov-1991-ser@bk.ru
    [phone] => 84248597822
    [formname] => Обратная связь
)

------------------------

------------------------
09.09.2022 18:57:01
CallbackFormEmailModal
Array
(
    [name] => roksana.borisova.70@mail.ru
    [phone] => 81341168499
    [formname] => Обратная связь
)

------------------------

------------------------
09.09.2022 18:58:41
CallbackFormEmailModal
Array
(
    [name] => semyon_orlov_1973@inbox.ru
    [phone] => 88242419384
    [formname] => Обратная связь
)

------------------------

------------------------
09.09.2022 19:09:02
CallbackFormEmailModal
Array
(
    [name] => arkadiy_nikolaev_1988@inbox.ru
    [phone] => 83556188947
    [formname] => Обратная связь
)

------------------------

------------------------
09.09.2022 19:12:46
CallbackFormEmailModal
Array
(
    [name] => romanovdionis1984@list.ru
    [phone] => 86866433855
    [formname] => Обратная связь
)

------------------------

------------------------
09.09.2022 19:14:57
CallbackFormEmailModal
Array
(
    [name] => lena_kolesnikova_1998@inbox.ru
    [phone] => 81888416339
    [formname] => Обратная связь
)

------------------------

------------------------
09.09.2022 19:15:13
CallbackFormEmailModal
Array
(
    [name] => denis-kozlov-1969@bk.ru
    [phone] => 85864321322
    [formname] => Обратная связь
)

------------------------

------------------------
09.09.2022 19:18:57
CallbackFormEmailModal
Array
(
    [name] => aleksandr-ignatev-1999@inbox.ru
    [phone] => 81272641933
    [formname] => Обратная связь
)

------------------------

------------------------
09.09.2022 19:33:56
CallbackFormEmailModal
Array
(
    [name] => markova.katya.2018@bk.ru
    [phone] => 83779182694
    [formname] => Обратная связь
)

------------------------

------------------------
09.09.2022 19:37:18
CallbackFormEmailModal
Array
(
    [name] => stepanov-yarik-stepanov-1978-ya@bk.ru
    [phone] => 83321815774
    [formname] => Обратная связь
)

------------------------

------------------------
09.09.2022 19:40:09
CallbackFormEmailModal
Array
(
    [name] => filipps2xx@list.ru
    [phone] => 85748787781
    [formname] => Обратная связь
)

------------------------

------------------------
09.09.2022 19:48:35
CallbackFormEmailModal
Array
(
    [name] => lara.vorobeva.81@bk.ru
    [phone] => 82969765318
    [formname] => Обратная связь
)

------------------------

------------------------
09.09.2022 19:55:40
CallbackFormEmailModal
Array
(
    [name] => denis_troitskiy_1974@bk.ru
    [phone] => 83244332226
    [formname] => Обратная связь
)

------------------------

------------------------
09.09.2022 20:22:20
CallbackFormEmailModal
Array
(
    [name] => lidiya-belova-1978@list.ru
    [phone] => 81615631787
    [formname] => Обратная связь
)

------------------------

------------------------
09.09.2022 20:28:22
CallbackFormEmailModal
Array
(
    [name] => oleg.olegromanov1991.romanov@inbox.ru
    [phone] => 82342689994
    [formname] => Обратная связь
)

------------------------

------------------------
09.09.2022 20:28:23
CallbackFormEmailModal
Array
(
    [name] => rusya.denisov.1996@list.ru
    [phone] => 83628948246
    [formname] => Обратная связь
)

------------------------

------------------------
09.09.2022 20:36:42
CallbackFormEmailModal
Array
(
    [name] => dmitriyovcg6rr@mail.ru
    [phone] => 84213723839
    [formname] => Обратная связь
)

------------------------

------------------------
09.09.2022 20:55:12
CallbackFormEmailModal
Array
(
    [name] => yarik.baranov.1960@list.ru
    [phone] => 86446868637
    [formname] => Обратная связь
)

------------------------

------------------------
09.09.2022 20:56:33
CallbackFormEmailModal
Array
(
    [name] => boris.ignatev.1999@bk.ru
    [phone] => 89947957567
    [formname] => Обратная связь
)

------------------------

------------------------
09.09.2022 21:11:31
CallbackFormEmailModal
Array
(
    [name] => zinaidanikiforova1970@list.ru
    [phone] => 84635899721
    [formname] => Обратная связь
)

------------------------

------------------------
09.09.2022 21:31:04
CallbackFormEmailModal
Array
(
    [name] => larisa_matveeva_1972@bk.ru
    [phone] => 84347378988
    [formname] => Обратная связь
)

------------------------

------------------------
09.09.2022 21:39:01
CallbackFormEmailModal
Array
(
    [name] => ivan.bogdanov.1970@inbox.ru
    [phone] => 86566532975
    [formname] => Обратная связь
)

------------------------

------------------------
09.09.2022 21:48:14
CallbackFormEmailModal
Array
(
    [name] => veselova.evelina.2018@bk.ru
    [phone] => 87577857932
    [formname] => Обратная связь
)

------------------------

------------------------
09.09.2022 22:12:28
CallbackFormEmailModal
Array
(
    [name] => rusakova.tatiya@bk.ru
    [phone] => 86574317932
    [formname] => Обратная связь
)

------------------------

------------------------
09.09.2022 23:36:42
CallbackFormEmailModal
Array
(
    [name] => yaroslavzakharov1969@bk.ru
    [phone] => 87717652377
    [formname] => Обратная связь
)

------------------------

------------------------
09.09.2022 23:45:03
CallbackFormEmailModal
Array
(
    [name] => antosha-smirnov-83@inbox.ru
    [phone] => 86582226129
    [formname] => Обратная связь
)

------------------------
