
------------------------
04.01.2023 0:01:24
CallbackFormEmailModal
Array
(
    [name] => mir.o.n.bi.t.k.o.v.in@gmail.com
    [phone] => 86461688615
    [formname] => Обратная связь
)

------------------------

------------------------
04.01.2023 2:38:12
CallbackFormEmailModal
Array
(
    [name] => aq18aqa@rambler.ru
    [phone] => 85399218617
    [formname] => Обратная связь
)

------------------------

------------------------
04.01.2023 6:34:59
CallbackFormEmailModal
Array
(
    [name] => gkeiu@course-fitness.com
    [phone] => 86474753535
    [formname] => Обратная связь
)

------------------------

------------------------
04.01.2023 7:58:53
CallbackFormEmailModal
Array
(
    [name] => greenerrolin1989@yahoo.com
    [phone] => 82465182497
    [formname] => Обратная связь
)

------------------------

------------------------
04.01.2023 9:08:35
CallbackFormEmailModal
Array
(
    [name] => aq18aqa@rambler.ru
    [phone] => 82335898464
    [formname] => Обратная связь
)

------------------------

------------------------
04.01.2023 13:16:55
CallbackFormEmailModal
Array
(
    [name] => aq18aqa@rambler.ru
    [phone] => 86714834389
    [formname] => Обратная связь
)

------------------------

------------------------
04.01.2023 16:19:03
CallbackFormEmailModal
Array
(
    [name] => alexpopov716253@gmail.com
    [phone] => 85898416467
    [formname] => Обратная связь
)

------------------------

------------------------
04.01.2023 16:29:52
CallbackFormEmailModal
Array
(
    [name] => admin@11051106.org
    [phone] => 89331332981
    [formname] => Обратная связь
)

------------------------

------------------------
04.01.2023 17:09:46
CallbackFormEmailModal
Array
(
    [name] => no-replysuinuts@gmail.com
    [phone] => 86468624454
    [formname] => Обратная связь
)

------------------------

------------------------
04.01.2023 22:36:05
CallbackFormEmailModal
Array
(
    [name] => veronikapikos@yandex.ru
    [phone] => 87879396714
    [formname] => Обратная связь
)

------------------------

------------------------
04.01.2023 23:52:27
CallbackFormEmailModal
Array
(
    [name] => smtrvr98n4@xry.mx23.fun

    [phone] => 85547836145
    [formname] => Обратная связь
)

------------------------
