
------------------------
18.12.2024 0:00:26
CallbackFormEmailModal
Array
(
    [name] => jarerogusto@gmail.com
    [phone] => 88536994811
    [formname] => Обратная связь
)

------------------------

------------------------
18.12.2024 1:11:51
CallbackFormEmailModal
Array
(
    [name] => bcbdzwui@veridicalmail.com
    [phone] => 86372452326
    [formname] => Обратная связь
)

------------------------

------------------------
18.12.2024 2:04:31
CallbackFormEmailModal
Array
(
    [name] => jarerogusto@gmail.com
    [phone] => 85342544231
    [formname] => Обратная связь
)

------------------------

------------------------
18.12.2024 2:48:12
CallbackFormEmailModal
Array
(
    [name] => jarerogusto@gmail.com
    [phone] => 85675679446
    [formname] => Обратная связь
)

------------------------

------------------------
18.12.2024 3:17:17
CallbackFormEmailModal
Array
(
    [name] => educational@techcare.plus
    [phone] => 88446311516
    [formname] => Обратная связь
)

------------------------

------------------------
18.12.2024 3:20:12
CallbackFormEmailModal
Array
(
    [name] => able@prostpro.fun
    [phone] => 81938359592
    [formname] => Обратная связь
)

------------------------

------------------------
18.12.2024 3:20:17
CallbackFormEmailModal
Array
(
    [name] => able@prostpro.fun
    [phone] => 84868244763
    [formname] => Обратная связь
)

------------------------

------------------------
18.12.2024 3:22:23
CallbackFormEmailModal
Array
(
    [name] => jarerogusto@gmail.com
    [phone] => 81379475763
    [formname] => Обратная связь
)

------------------------

------------------------
18.12.2024 4:29:23
CallbackFormEmailModal
Array
(
    [name] => Eric Jones
    [phone] => US
    [formname] => Обратная связь
)

------------------------

------------------------
18.12.2024 4:34:59
CallbackFormEmailModal
Array
(
    [name] => jlbkyvtckoqf1967@onet.pl
    [phone] => 84729992987
    [formname] => Обратная связь
)

------------------------

------------------------
18.12.2024 5:09:17
CallbackFormEmailModal
Array
(
    [name] => jarerogusto@gmail.com
    [phone] => 86361442988
    [formname] => Обратная связь
)

------------------------

------------------------
18.12.2024 8:52:42
CallbackFormEmailModal
Array
(
    [name] => biokfwdk@superocomail.com
    [phone] => 88757398577
    [formname] => Обратная связь
)

------------------------

------------------------
18.12.2024 13:01:08
CallbackFormEmailModal
Array
(
    [name] => jarerogusto@gmail.com
    [phone] => 85126575128
    [formname] => Обратная связь
)

------------------------

------------------------
18.12.2024 13:29:27
CallbackFormEmailModal
Array
(
    [name] => jarerogusto@gmail.com
    [phone] => 85599447896
    [formname] => Обратная связь
)

------------------------

------------------------
18.12.2024 13:33:30
CallbackFormEmailModal
Array
(
    [name] => yourmail@gmail.com
    [phone] => 81389333518
    [formname] => Обратная связь
)

------------------------

------------------------
18.12.2024 13:46:57
CallbackFormEmailModal
Array
(
    [name] => jarerogusto@gmail.com
    [phone] => 83561691243
    [formname] => Обратная связь
)

------------------------

------------------------
18.12.2024 15:14:45
CallbackFormEmailModal
Array
(
    [name] => jarerogusto@gmail.com
    [phone] => 84866154529
    [formname] => Обратная связь
)

------------------------

------------------------
18.12.2024 17:33:49
CallbackFormEmailModal
Array
(
    [name] => svvihcciiel@rudiplomust.com
    [phone] => 87391638158
    [formname] => Обратная связь
)

------------------------

------------------------
18.12.2024 18:35:22
CallbackFormEmailModal
Array
(
    [name] => pvydkhpy@veridicalmail.com
    [phone] => 85669186425
    [formname] => Обратная связь
)

------------------------

------------------------
18.12.2024 18:49:14
CallbackFormEmailModal
Array
(
    [name] => jarerogusto@gmail.com
    [phone] => 83896441358
    [formname] => Обратная связь
)

------------------------

------------------------
18.12.2024 19:17:13
CallbackFormEmailModal
Array
(
    [name] => ylkwwthbuel@rudiplomust.com
    [phone] => 89479813642
    [formname] => Обратная связь
)

------------------------

------------------------
18.12.2024 19:32:56
CallbackFormEmailModal
Array
(
    [name] => jarerogusto@gmail.com
    [phone] => 82463929117
    [formname] => Обратная связь
)

------------------------

------------------------
18.12.2024 19:39:20
CallbackFormEmailModal
Array
(
    [name] => katelinsalomone@hotmail.com
    [phone] => 85569942147
    [formname] => Обратная связь
)

------------------------

------------------------
18.12.2024 19:43:54
CallbackFormEmailModal
Array
(
    [name] => able@prostpro.fun
    [phone] => 83675878684
    [formname] => Обратная связь
)

------------------------

------------------------
18.12.2024 19:44:02
CallbackFormEmailModal
Array
(
    [name] => able@prostpro.fun
    [phone] => 88456116279
    [formname] => Обратная связь
)

------------------------

------------------------
18.12.2024 20:57:34
CallbackFormEmailModal
Array
(
    [name] => jarerogusto@gmail.com
    [phone] => 83135251342
    [formname] => Обратная связь
)

------------------------

------------------------
18.12.2024 21:17:58
CallbackFormEmailModal
Array
(
    [name] => according@prostpro.fun
    [phone] => 84872652851
    [formname] => Обратная связь
)

------------------------

------------------------
18.12.2024 21:44:32
Order
Array
(
    [name] => Петров Андрей Николаевич
    [email] => pett2004@mail.ru
    [phone] => +7-910-456-6022
    [comment] => Лестничная ступень SР 34х38/30х2 Zn 600х240 мм, кол-во: 1, цена: 1100руб.
Способ доставки: Самовывоз со склада
Выберите способ оплаты: Оплата наличным

Комментарий к заказу: 
Здравствуйте! Могу не ответить на указанный номер, прошу позвонить на номер 8-929-788-71-88
    [formname] => Заказ из корзины
    [fields] => Array
        (
            [price] => 8800
        )

)

------------------------

------------------------
18.12.2024 22:42:19
CallbackFormEmailModal
Array
(
    [name] => jarerogusto@gmail.com
    [phone] => 86459183375
    [formname] => Обратная связь
)

------------------------
