
------------------------
15.10.2025 1:04:14
CallbackFormEmailModal
Array
(
    [name] => wo.od.fordj.a.m.e.so.n.4@gmail.com
    [phone] => 88438485287
    [formname] => Обратная связь
)

------------------------

------------------------
15.10.2025 6:29:20
CallbackFormEmailModal
Array
(
    [name] => davidmib@mail.ru
    [phone] => 88817894252
    [formname] => Обратная связь
)

------------------------

------------------------
15.10.2025 9:40:44
CallbackFormEmailModal
Array
(
    [name] => wu5416370@gmail.com
    [phone] => 83941591836
    [formname] => Обратная связь
)

------------------------

------------------------
15.10.2025 9:56:53
CallbackFormEmailModal
Array
(
    [name] => y95251516521dgbjfdgourmail@gmail.com
    [phone] => 84352929315
    [formname] => Обратная связь
)

------------------------

------------------------
15.10.2025 16:24:41
CallbackFormEmailModal
Array
(
    [name] => yourmail@gmail.com
    [phone] => 83388563267
    [formname] => Обратная связь
)

------------------------

------------------------
15.10.2025 16:38:42
CallbackFormEmailModal
Array
(
    [name] => ObliceDopcroririt@freespainmail.com
    [phone] => 89279586182
    [formname] => Обратная связь
)

------------------------

------------------------
15.10.2025 23:15:54
CallbackFormEmailModal
Array
(
    [name] => 28358wh56u@browndecorationlights.com
    [phone] => 81143127374
    [formname] => Обратная связь
)

------------------------
