
------------------------
20.05.2023 7:17:00
CallbackFormEmailModal
Array
(
    [name] => vqjhobrt@mail.ru
    [phone] => +791234567393
    [formname] => Обратная связь
)

------------------------

------------------------
20.05.2023 10:04:43
CallbackFormEmailModal
Array
(
    [name] => pws.appliance@gmail.com
    [phone] => 85734659215
    [formname] => Обратная связь
)

------------------------

------------------------
20.05.2023 17:10:20
CallbackFormEmailModal
Array
(
    [name] => kodgrabberclub@hotmail.com
    [phone] => 81818444514
    [formname] => Обратная связь
)

------------------------

------------------------
20.05.2023 19:04:00
CallbackFormEmailModal
Array
(
    [name] => no.reply.PhilippeMoore@gmail.com
    [phone] => 82746685181
    [formname] => Обратная связь
)

------------------------

------------------------
20.05.2023 20:38:23
CallbackFormEmailModal
Array
(
    [name] => lion.pirogoff@yandex.ru
    [phone] => 81793338593
    [formname] => Обратная связь
)

------------------------

------------------------
20.05.2023 22:43:10
CallbackFormEmailModal
Array
(
    [name] => Eric Jones
    [phone] => 555-555-1212
    [formname] => Обратная связь
)

------------------------
