
------------------------
28.12.2024 1:30:04
CallbackFormEmailModal
Array
(
    [name] => ibucezevuda439@gmail.com
    [phone] => 86198965593
    [formname] => Обратная связь
)

------------------------

------------------------
28.12.2024 1:49:28
CallbackFormEmailModal
Array
(
    [name] => avgustina.morozova@bk.ru
    [phone] => 85243673146
    [formname] => Обратная связь
)

------------------------

------------------------
28.12.2024 1:53:32
CallbackFormEmailModal
Array
(
    [name] => nn@zerkalo.io

    [phone] => Kurva!!!
 >>> https://tinyurl.com/8mmwssre
 <<<
    [formname] => Обратная связь
)

------------------------

------------------------
28.12.2024 2:18:47
CallbackFormEmailModal
Array
(
    [name] => your@triol.site
    [phone] => 81421569764
    [formname] => Обратная связь
)

------------------------

------------------------
28.12.2024 8:09:53
CallbackFormEmailModal
Array
(
    [name] => rais.shchigelskaya2002@mail.ru
    [phone] => 82532125326
    [formname] => Обратная связь
)

------------------------

------------------------
28.12.2024 8:13:51
CallbackFormEmailModal
Array
(
    [name] => Eric Jones
    [phone] => US
    [formname] => Обратная связь
)

------------------------

------------------------
28.12.2024 8:25:10
CallbackFormEmailModal
Array
(
    [name] => eepovda@bk.ru
    [phone] => 84136537233
    [formname] => Обратная связь
)

------------------------

------------------------
28.12.2024 8:25:35
CallbackFormEmailModal
Array
(
    [name] => gendraducanprohbay@mail.ru
    [phone] => 84179498319
    [formname] => Обратная связь
)

------------------------

------------------------
28.12.2024 8:36:00
CallbackFormEmailModal
Array
(
    [name] => rietraccabun1976@mail.ru
    [phone] => 87326427921
    [formname] => Обратная связь
)

------------------------

------------------------
28.12.2024 8:39:10
CallbackFormEmailModal
Array
(
    [name] => olesya.zhukova.1994@bk.ru
    [phone] => 89985911613
    [formname] => Обратная связь
)

------------------------

------------------------
28.12.2024 8:40:46
CallbackFormEmailModal
Array
(
    [name] => ljusdukeeca1971@mail.ru
    [phone] => 86113497158
    [formname] => Обратная связь
)

------------------------

------------------------
28.12.2024 8:52:56
CallbackFormEmailModal
Array
(
    [name] => saysalruanscilich@mail.ru
    [phone] => 89273552331
    [formname] => Обратная связь
)

------------------------

------------------------
28.12.2024 9:09:33
CallbackFormEmailModal
Array
(
    [name] => diana.fedorova.85@inbox.ru
    [phone] => 82247869722
    [formname] => Обратная связь
)

------------------------

------------------------
28.12.2024 9:34:56
CallbackFormEmailModal
Array
(
    [name] => osipova.liliia.1986.22.12@inbox.ru
    [phone] => 89412572319
    [formname] => Обратная связь
)

------------------------

------------------------
28.12.2024 10:10:16
CallbackFormEmailModal
Array
(
    [name] => shvernik.s@mail.ru
    [phone] => 84259259963
    [formname] => Обратная связь
)

------------------------

------------------------
28.12.2024 10:38:07
CallbackFormEmailModal
Array
(
    [name] => william2@xrevelxr.com
    [phone] => 84685729315
    [formname] => Обратная связь
)

------------------------

------------------------
28.12.2024 12:23:49
CallbackFormEmailModal
Array
(
    [name] => toypropadsandwesvi@mail.ru
    [phone] => 88663958717
    [formname] => Обратная связь
)

------------------------

------------------------
28.12.2024 14:37:52
CallbackFormEmailModal
Array
(
    [name] => filimonov.ivan.1997.4.6@list.ru
    [phone] => 81986834529
    [formname] => Обратная связь
)

------------------------

------------------------
28.12.2024 18:26:53
CallbackFormEmailModal
Array
(
    [name] => sheveleva-alisa@bk.ru
    [phone] => 82961584597
    [formname] => Обратная связь
)

------------------------

------------------------
28.12.2024 18:45:46
CallbackFormEmailModal
Array
(
    [name] => rhotenti-44@mail.ru
    [phone] => 83964323997
    [formname] => Обратная связь
)

------------------------

------------------------
28.12.2024 18:55:58
CallbackFormEmailModal
Array
(
    [name] => danilovavita9@mail.ru
    [phone] => 81438312854
    [formname] => Обратная связь
)

------------------------

------------------------
28.12.2024 19:02:55
CallbackFormEmailModal
Array
(
    [name] => highvinonthyo1986@mail.ru
    [phone] => 86189452711
    [formname] => Обратная связь
)

------------------------

------------------------
28.12.2024 19:33:40
CallbackFormEmailModal
Array
(
    [name] => inna.kortneva.69@mail.ru
    [phone] => 83659454942
    [formname] => Обратная связь
)

------------------------

------------------------
28.12.2024 19:37:34
CallbackFormEmailModal
Array
(
    [name] => ilya.igoshin.85@mail.ru
    [phone] => 81887376498
    [formname] => Обратная связь
)

------------------------

------------------------
28.12.2024 19:37:57
CallbackFormEmailModal
Array
(
    [name] => anya.genger@mail.ru
    [phone] => 85328919382
    [formname] => Обратная связь
)

------------------------

------------------------
28.12.2024 20:01:27
CallbackFormEmailModal
Array
(
    [name] => aaronjones1980@inconceivablenomail.com
    [phone] => 86212756692
    [formname] => Обратная связь
)

------------------------

------------------------
28.12.2024 20:45:12
CallbackFormEmailModal
Array
(
    [name] => siatimscompma1978@mail.ru
    [phone] => 86983434542
    [formname] => Обратная связь
)

------------------------

------------------------
28.12.2024 21:43:32
CallbackFormEmailModal
Array
(
    [name] => rodionoverik1735@mail.ru
    [phone] => 86765926134
    [formname] => Обратная связь
)

------------------------

------------------------
28.12.2024 22:43:35
CallbackFormEmailModal
Array
(
    [name] => anna.shapiro.78@mail.ru
    [phone] => 87479817995
    [formname] => Обратная связь
)

------------------------

------------------------
28.12.2024 22:48:54
CallbackFormEmailModal
Array
(
    [name] => quejudcatan1981@mail.ru
    [phone] => 81214383472
    [formname] => Обратная связь
)

------------------------

------------------------
28.12.2024 22:51:24
CallbackFormEmailModal
Array
(
    [name] => taelivihohtoca@mail.ru
    [phone] => 86294885325
    [formname] => Обратная связь
)

------------------------

------------------------
28.12.2024 23:00:39
CallbackFormEmailModal
Array
(
    [name] => rztiwzzcs@hoopsori.shop
    [phone] => 89539979664
    [formname] => Обратная связь
)

------------------------
