
------------------------
18.10.2021 15:00:08
Order
Array
(
    [name] => алексей
    [email] => 78garage@mail.ru
    [phone] => +7-985-196-8887
    [comment] => Сварной  настил SPСварной решетчатый настил SP 34х38/30х2 Zn 500х1000 мм, кол-во: 1, цена: 2650руб.
Способ доставки: Доставка автотранспортом поставщика
Выберите способ оплаты: Оплата на расчетный счет организации
Адрес доставки: мо  истринский р-н д.мансурово

Комментарий к заказу: 
доставка  МО  Истринский р-н д.Мансурово
    [formname] => Заказ из корзины
    [fields] => Array
        (
            [price] => 34450
        )

)

------------------------

------------------------
18.10.2021 18:48:07
CallbackFormEmailModal
Array
(
    [name] => srm-pro@mail.ru
    [phone] => 85532697253
    [formname] => Обратная связь
)

------------------------
