
------------------------
01.12.2024 0:32:55
CallbackFormEmailModal
Array
(
    [name] => KaitlynTug1999@xru.goaglie.com
    [phone] => 89151576445
    [formname] => Обратная связь
)

------------------------

------------------------
01.12.2024 6:16:18
CallbackFormEmailModal
Array
(
    [name] => mikexxxx@gmail.com
    [phone] => 86412687356
    [formname] => Обратная связь
)

------------------------

------------------------
01.12.2024 7:32:11
CallbackFormEmailModal
Array
(
    [name] => mailaymingven1971@op.pl
    [phone] => 89332382189
    [formname] => Обратная связь
)

------------------------

------------------------
01.12.2024 9:24:05
CallbackFormEmailModal
Array
(
    [name] => mikhan-zhuravlev-21610@mail.ru
    [phone] => 83955135123
    [formname] => Обратная связь
)

------------------------

------------------------
01.12.2024 10:15:07
CallbackFormEmailModal
Array
(
    [name] => kjhgfdsd@gmail.com
    [phone] => 87374578232
    [formname] => Обратная связь
)

------------------------

------------------------
01.12.2024 11:04:07
CallbackFormEmailModal
Array
(
    [name] => vegonra@gismail.online

    [phone] => 83638271944
    [formname] => Обратная связь
)

------------------------

------------------------
01.12.2024 11:52:10
CallbackFormEmailModal
Array
(
    [name] => yawiviseya67@gmail.com
    [phone] => 82111158679
    [formname] => Обратная связь
)

------------------------

------------------------
01.12.2024 12:33:30
CallbackFormEmailModal
Array
(
    [name] => langtenriesemb1971@op.pl
    [phone] => 86452531231
    [formname] => Обратная связь
)

------------------------

------------------------
01.12.2024 12:35:33
CallbackFormEmailModal
Array
(
    [name] => mefedron@cocaine-moscow-russia.shop
    [phone] => 86493457334
    [formname] => Обратная связь
)

------------------------

------------------------
01.12.2024 15:04:29
CallbackFormEmailModal
Array
(
    [name] => licumeca1987@mail.ru
    [phone] => 87633466487
    [formname] => Обратная связь
)

------------------------

------------------------
01.12.2024 15:53:08
CallbackFormEmailModal
Array
(
    [name] => panova.elena.1992.23.11@bk.ru
    [phone] => 82131363848
    [formname] => Обратная связь
)

------------------------

------------------------
01.12.2024 15:53:28
CallbackFormEmailModal
Array
(
    [name] => yulya.onipchenko.88@mail.ru
    [phone] => 86753315845
    [formname] => Обратная связь
)

------------------------

------------------------
01.12.2024 16:09:57
CallbackFormEmailModal
Array
(
    [name] => elwioweio@outlook.com
    [phone] => 85678435175
    [formname] => Обратная связь
)

------------------------

------------------------
01.12.2024 16:27:46
CallbackFormEmailModal
Array
(
    [name] => orlov.roman.1988.2.11@list.ru
    [phone] => 88442911774
    [formname] => Обратная связь
)

------------------------

------------------------
01.12.2024 16:33:42
CallbackFormEmailModal
Array
(
    [name] => saysalruanscilich@mail.ru
    [phone] => 88597174173
    [formname] => Обратная связь
)

------------------------

------------------------
01.12.2024 17:03:41
CallbackFormEmailModal
Array
(
    [name] => psincurousenlepen@mail.ru
    [phone] => 87347831868
    [formname] => Обратная связь
)

------------------------

------------------------
01.12.2024 17:03:57
CallbackFormEmailModal
Array
(
    [name] => y.kuvayev@mail.ru
    [phone] => 82878566143
    [formname] => Обратная связь
)

------------------------

------------------------
01.12.2024 17:34:24
CallbackFormEmailModal
Array
(
    [name] => anya.genger@mail.ru
    [phone] => 86676812391
    [formname] => Обратная связь
)

------------------------

------------------------
01.12.2024 18:25:51
CallbackFormEmailModal
Array
(
    [name] => rais.shchigelskaya2002@mail.ru
    [phone] => 84195484143
    [formname] => Обратная связь
)

------------------------

------------------------
01.12.2024 19:33:29
CallbackFormEmailModal
Array
(
    [name] => textliburlitt1983@mail.ru
    [phone] => 86361998834
    [formname] => Обратная связь
)

------------------------

------------------------
01.12.2024 22:41:51
CallbackFormEmailModal
Array
(
    [name] => bikon777@rambler.ru
    [phone] => 88533794775
    [formname] => Обратная связь
)

------------------------
