
------------------------
21.12.2023 1:58:13
CallbackFormEmailModal
Array
(
    [name] => sviloguzov83@mail.ru
    [phone] => 84796197232
    [formname] => Обратная связь
)

------------------------

------------------------
21.12.2023 5:01:28
CallbackFormEmailModal
Array
(
    [name] => froeach12@rezka.wtf
    [phone] => 82246632687
    [formname] => Обратная связь
)

------------------------

------------------------
21.12.2023 7:27:42
CallbackFormEmailModal
Array
(
    [name] => edward64evans28as@rambler.ru
    [phone] => 81335245772
    [formname] => Обратная связь
)

------------------------

------------------------
21.12.2023 7:34:51
CallbackFormEmailModal
Array
(
    [name] => dk11@flt8210.gm17.mailvista.site
    [phone] => 83929295629
    [formname] => Обратная связь
)

------------------------

------------------------
21.12.2023 10:42:32
CallbackFormEmailModal
Array
(
    [name] => mamedov.edgar.1992.3.3@inbox.ru
    [phone] => 82294315882
    [formname] => Обратная связь
)

------------------------

------------------------
21.12.2023 11:25:57
CallbackFormEmailModal
Array
(
    [name] => osipova.liliia.1986.22.12@inbox.ru
    [phone] => 81373691241
    [formname] => Обратная связь
)

------------------------

------------------------
21.12.2023 12:04:03
CallbackFormEmailModal
Array
(
    [name] => woodbpurne1983@mail.ru
    [phone] => 86623154393
    [formname] => Обратная связь
)

------------------------

------------------------
21.12.2023 14:20:23
CallbackFormEmailModal
Array
(
    [name] => bobraklessa@list.ru
    [phone] => 83226353592
    [formname] => Обратная связь
)

------------------------

------------------------
21.12.2023 14:27:29
CallbackFormEmailModal
Array
(
    [name] => mazunyzhcn@mail.ru
    [phone] => 83861492535
    [formname] => Обратная связь
)

------------------------

------------------------
21.12.2023 14:28:03
CallbackFormEmailModal
Array
(
    [name] => kaapkaksih@mail.ru
    [phone] => 81917362469
    [formname] => Обратная связь
)

------------------------

------------------------
21.12.2023 14:29:47
CallbackFormEmailModal
Array
(
    [name] => saakian.vova.1985.13.9@list.ru
    [phone] => 81567417137
    [formname] => Обратная связь
)

------------------------

------------------------
21.12.2023 14:34:36
CallbackFormEmailModal
Array
(
    [name] => nisakascha@mail.ru
    [phone] => 87411913645
    [formname] => Обратная связь
)

------------------------

------------------------
21.12.2023 14:37:20
CallbackFormEmailModal
Array
(
    [name] => olesya.zhukova.1994@bk.ru
    [phone] => 83189219667
    [formname] => Обратная связь
)

------------------------

------------------------
21.12.2023 14:40:35
CallbackFormEmailModal
Array
(
    [name] => filimonov.ivan.1997.4.6@list.ru
    [phone] => 86364254623
    [formname] => Обратная связь
)

------------------------

------------------------
21.12.2023 14:41:02
CallbackFormEmailModal
Array
(
    [name] => luashaeshk@mail.ru
    [phone] => 81774114416
    [formname] => Обратная связь
)

------------------------

------------------------
21.12.2023 14:41:10
CallbackFormEmailModal
Array
(
    [name] => woodbpurne1983@mail.ru
    [phone] => 87415385668
    [formname] => Обратная связь
)

------------------------

------------------------
21.12.2023 14:43:02
CallbackFormEmailModal
Array
(
    [name] => pashenka.vladimirovich.2023@mail.ru
    [phone] => 85236226673
    [formname] => Обратная связь
)

------------------------

------------------------
21.12.2023 14:44:09
CallbackFormEmailModal
Array
(
    [name] => iintabre@mail.ru
    [phone] => 81175566765
    [formname] => Обратная связь
)

------------------------

------------------------
21.12.2023 14:45:05
CallbackFormEmailModal
Array
(
    [name] => crabkilldist1986@mail.ru
    [phone] => 88193971445
    [formname] => Обратная связь
)

------------------------

------------------------
21.12.2023 14:52:52
CallbackFormEmailModal
Array
(
    [name] => garifullina_1982_21_3@list.ru
    [phone] => 84613994225
    [formname] => Обратная связь
)

------------------------

------------------------
21.12.2023 14:53:47
CallbackFormEmailModal
Array
(
    [name] => balashova.anna.1989.20.9@list.ru
    [phone] => 84981168999
    [formname] => Обратная связь
)

------------------------

------------------------
21.12.2023 15:03:38
CallbackFormEmailModal
Array
(
    [name] => paraipastmi@list.ru
    [phone] => 81834676214
    [formname] => Обратная связь
)

------------------------

------------------------
21.12.2023 18:33:17
CallbackFormEmailModal
Array
(
    [name] => dberqgnovm@rambler.ru
    [phone] => 89783281297
    [formname] => Обратная связь
)

------------------------

------------------------
21.12.2023 20:08:37
CallbackEmailModal
Array
(
    [name] => immuple@lmaill.xyz
    [phone] => 84142285833
    [comment] => Название продуката: Щелевой канал MAXI S70 1.5мм
Комменатрий: Breast cancer can recur months or years after treatment ends and you re in remission <a href=http://levitrax.pics>general pharmacy levitra</a>
    [formname] => Задать вопрос по товару
)

------------------------

------------------------
21.12.2023 20:43:24
CallbackFormEmailModal
Array
(
    [name] => salina.lapolladwd@onet.pl
    [phone] => 88611277243
    [formname] => Обратная связь
)

------------------------

------------------------
21.12.2023 21:33:25
Order
Array
(
    [name] => Сергей Валентинович Симонов
    [email] => Sistema.br@mail.ru
    [phone] => +7-962-146-0007
    [comment] => Стандартный канал S170 1.5мм, кол-во: 1, цена: 3650руб.
Способ доставки: Доставка автотранспортом поставщика
Выберите способ оплаты: Оплата на расчетный счет организации
Адрес доставки: Брянск

Комментарий к заказу: 

    [formname] => Заказ из корзины
    [fields] => Array
        (
            [price] => 255500
        )

)

------------------------
