
------------------------
20.12.2022 11:32:49
CallbackFormEmailModal
Array
(
    [name] => zhanna675@mailbx.ru
    [phone] => 81387321122
    [formname] => Обратная связь
)

------------------------

------------------------
20.12.2022 12:49:25
CallbackFormEmailModal
Array
(
    [name] => m.i.ro.nb.it.k.o.v.i.n@gmail.com
    [phone] => 81161198597
    [formname] => Обратная связь
)

------------------------

------------------------
20.12.2022 12:49:25
CallbackFormEmailModal
Array
(
    [name] => i.ri.nam.as.lo.v.a.6.1.8.@gmail.com
    [phone] => 82189655559
    [formname] => Обратная связь
)

------------------------

------------------------
20.12.2022 12:49:25
CallbackFormEmailModal
Array
(
    [name] => i.nga.m939.@gmail.com
    [phone] => 81168371287
    [formname] => Обратная связь
)

------------------------

------------------------
20.12.2022 13:23:22
CallbackFormEmailModal
Array
(
    [name] => moummasax@yandex.ru
    [phone] => 87265321513
    [formname] => Обратная связь
)

------------------------

------------------------
20.12.2022 17:43:22
CallbackFormEmailModal
Array
(
    [name] => mbsportpart@mail.ru
    [phone] => 83119772851
    [formname] => Обратная связь
)

------------------------

------------------------
20.12.2022 19:50:29
CallbackFormEmailModal
Array
(
    [name] => sheltoncristi.an8.98@gmail.com
    [phone] => 86788494594
    [formname] => Обратная связь
)

------------------------
