
------------------------
13.07.2025 1:49:21
CallbackFormEmailModal
Array
(
    [name] => yvwxfcjq@streetwormail.com
    [phone] => 86438122788
    [formname] => Обратная связь
)

------------------------

------------------------
13.07.2025 4:35:30
CallbackFormEmailModal
Array
(
    [name] => xfddzsla@wildbmail.com
    [phone] => 88424934458
    [formname] => Обратная связь
)

------------------------

------------------------
13.07.2025 7:06:17
CallbackFormEmailModal
Array
(
    [name] => wtekewgjwerttoarkov@gmail.com
    [phone] => 83988956575
    [formname] => Обратная связь
)

------------------------

------------------------
13.07.2025 7:49:01
CallbackFormEmailModal
Array
(
    [name] => irinademenkova86@gmail.com
    [phone] => 81133711581
    [formname] => Обратная связь
)

------------------------

------------------------
13.07.2025 10:00:23
CallbackFormEmailModal
Array
(
    [name] => nefedrogov985783@mail.ru
    [phone] => 81948316892
    [formname] => Обратная связь
)

------------------------

------------------------
13.07.2025 10:48:17
CallbackFormEmailModal
Array
(
    [name] => 1bsg2ydu60982@gmx.com
    [phone] => 82863253625
    [formname] => Обратная связь
)

------------------------

------------------------
13.07.2025 12:24:06
CallbackFormEmailModal
Array
(
    [name] => ilnanmode1973@mail.ru
    [phone] => 82429422724
    [formname] => Обратная связь
)

------------------------

------------------------
13.07.2025 12:24:20
CallbackFormEmailModal
Array
(
    [name] => mevimuren1970374@mail.ru
    [phone] => 81727531721
    [formname] => Обратная связь
)

------------------------

------------------------
13.07.2025 12:35:59
CallbackFormEmailModal
Array
(
    [name] => yaroslav.sevastyanov.1988@mail.ru
    [phone] => 87826297323
    [formname] => Обратная связь
)

------------------------

------------------------
13.07.2025 12:53:35
CallbackFormEmailModal
Array
(
    [name] => margarita.stolyarova.26.05.1995@mail.ru
    [phone] => 89188639657
    [formname] => Обратная связь
)

------------------------

------------------------
13.07.2025 14:05:57
CallbackFormEmailModal
Array
(
    [name] => polyakovdanila19908366@mail.ru
    [phone] => 83172381999
    [formname] => Обратная связь
)

------------------------

------------------------
13.07.2025 14:47:28
CallbackFormEmailModal
Array
(
    [name] => yourmail344@gmail.com
    [phone] => 85115256646
    [formname] => Обратная связь
)

------------------------

------------------------
13.07.2025 15:27:38
CallbackFormEmailModal
Array
(
    [name] => jutazzfr@streetwormail.com
    [phone] => 84589716244
    [formname] => Обратная связь
)

------------------------

------------------------
13.07.2025 15:40:45
CallbackFormEmailModal
Array
(
    [name] => toktobayeva.nata@mail.ru
    [phone] => 89599385251
    [formname] => Обратная связь
)

------------------------

------------------------
13.07.2025 17:13:13
CallbackFormEmailModal
Array
(
    [name] => veronika.goryunova.06.09.2001@mail.ru
    [phone] => 88917818594
    [formname] => Обратная связь
)

------------------------

------------------------
13.07.2025 17:17:36
CallbackFormEmailModal
Array
(
    [name] => mrdmnemb@eblanomail.com
    [phone] => 85192563514
    [formname] => Обратная связь
)

------------------------

------------------------
13.07.2025 17:44:20
CallbackFormEmailModal
Array
(
    [name] => valentin.vinokurov.12.6.1968@mail.ru
    [phone] => 84992759173
    [formname] => Обратная связь
)

------------------------

------------------------
13.07.2025 18:01:46
CallbackFormEmailModal
Array
(
    [name] => yulya.onipchenko.88@mail.ru
    [phone] => 85178356813
    [formname] => Обратная связь
)

------------------------

------------------------
13.07.2025 18:02:51
CallbackFormEmailModal
Array
(
    [name] => subbotinalenara88@mail.ru
    [phone] => 87428113747
    [formname] => Обратная связь
)

------------------------

------------------------
13.07.2025 18:07:34
CallbackFormEmailModal
Array
(
    [name] => adv@aolimo.com
    [phone] => 83564881787
    [formname] => Обратная связь
)

------------------------

------------------------
13.07.2025 18:10:22
CallbackFormEmailModal
Array
(
    [name] => rais.shchigelskaya2002@mail.ru
    [phone] => 86246938262
    [formname] => Обратная связь
)

------------------------

------------------------
13.07.2025 19:26:02
CallbackFormEmailModal
Array
(
    [name] => nrecfzhh@streetwormail.com
    [phone] => 86146545159
    [formname] => Обратная связь
)

------------------------

------------------------
13.07.2025 20:48:38
CallbackFormEmailModal
Array
(
    [name] => mughriey@ronaldofmail.com
    [phone] => 82581833391
    [formname] => Обратная связь
)

------------------------

------------------------
13.07.2025 22:38:21
CallbackFormEmailModal
Array
(
    [name] => marketingseosea@gmail.com
    [phone] => 89267354445
    [formname] => Обратная связь
)

------------------------

------------------------
13.07.2025 23:00:18
CallbackFormEmailModal
Array
(
    [name] => yourmail@gmail.com
    [phone] => 88199175776
    [formname] => Обратная связь
)

------------------------
