
------------------------
28.03.2022 6:18:18
CallbackFormEmailModal
Array
(
    [name] => dirbaz2188231@list.ru
    [phone] => 79874303856
    [formname] => Обратная связь
)

------------------------

------------------------
28.03.2022 21:07:07
CallbackFormEmailModal
Array
(
    [name] => marketing@tradeboard.biz
    [phone] => 85195725386
    [formname] => Обратная связь
)

------------------------

------------------------
28.03.2022 22:37:09
CallbackFormEmailModal
Array
(
    [name] => jlilliavitia@gmail.com
    [phone] => jlilliavitia@gmail.com
    [formname] => Обратная связь
)

------------------------

------------------------
28.03.2022 22:37:13
CallbackFormEmailModal
Array
(
    [name] => jlilliavitia@gmail.com
    [phone] => jlilliavitia@gmail.com
    [formname] => Обратная связь
)

------------------------

------------------------
28.03.2022 22:37:35
CallbackFormEmailModal
Array
(
    [name] => jlilliavitia@gmail.com
    [phone] => jlilliavitia@gmail.com
    [formname] => Обратная связь
)

------------------------

------------------------
28.03.2022 22:37:49
CallbackFormEmailModal
Array
(
    [name] => jlilliavitia@gmail.com
    [phone] => jlilliavitia@gmail.com
    [formname] => Обратная связь
)

------------------------

------------------------
28.03.2022 22:38:01
CallbackFormEmailModal
Array
(
    [name] => jlilliavitia@gmail.com
    [phone] => jlilliavitia@gmail.com
    [formname] => Обратная связь
)

------------------------

------------------------
28.03.2022 22:38:04
CallbackFormEmailModal
Array
(
    [name] => jlilliavitia@gmail.com
    [phone] => jlilliavitia@gmail.com
    [formname] => Обратная связь
)

------------------------

------------------------
28.03.2022 22:38:09
CallbackFormEmailModal
Array
(
    [name] => jlilliavitia@gmail.com
    [phone] => jlilliavitia@gmail.com
    [formname] => Обратная связь
)

------------------------

------------------------
28.03.2022 22:38:13
CallbackFormEmailModal
Array
(
    [name] => jlilliavitia@gmail.com
    [phone] => jlilliavitia@gmail.com
    [formname] => Обратная связь
)

------------------------

------------------------
28.03.2022 22:38:17
CallbackFormEmailModal
Array
(
    [name] => jlilliavitia@gmail.com
    [phone] => jlilliavitia@gmail.com
    [formname] => Обратная связь
)

------------------------

------------------------
28.03.2022 22:38:21
CallbackFormEmailModal
Array
(
    [name] => jlilliavitia@gmail.com
    [phone] => jlilliavitia@gmail.com
    [formname] => Обратная связь
)

------------------------

------------------------
28.03.2022 22:38:52
CallbackFormEmailModal
Array
(
    [name] => jlilliavitia@gmail.com
    [phone] => jlilliavitia@gmail.com
    [formname] => Обратная связь
)

------------------------

------------------------
28.03.2022 22:38:55
CallbackFormEmailModal
Array
(
    [name] => jlilliavitia@gmail.com
    [phone] => jlilliavitia@gmail.com
    [formname] => Обратная связь
)

------------------------

------------------------
28.03.2022 22:39:18
CallbackFormEmailModal
Array
(
    [name] => jlilliavitia@gmail.com
    [phone] => jlilliavitia@gmail.com
    [formname] => Обратная связь
)

------------------------

------------------------
28.03.2022 22:39:22
CallbackFormEmailModal
Array
(
    [name] => jlilliavitia@gmail.com
    [phone] => jlilliavitia@gmail.com
    [formname] => Обратная связь
)

------------------------

------------------------
28.03.2022 22:39:29
CallbackFormEmailModal
Array
(
    [name] => jlilliavitia@gmail.com
    [phone] => jlilliavitia@gmail.com
    [formname] => Обратная связь
)

------------------------

------------------------
28.03.2022 22:39:32
CallbackFormEmailModal
Array
(
    [name] => jlilliavitia@gmail.com
    [phone] => jlilliavitia@gmail.com
    [formname] => Обратная связь
)

------------------------

------------------------
28.03.2022 22:39:43
CallbackFormEmailModal
Array
(
    [name] => jlilliavitia@gmail.com
    [phone] => jlilliavitia@gmail.com
    [formname] => Обратная связь
)

------------------------

------------------------
28.03.2022 22:39:47
CallbackFormEmailModal
Array
(
    [name] => jlilliavitia@gmail.com
    [phone] => jlilliavitia@gmail.com
    [formname] => Обратная связь
)

------------------------

------------------------
28.03.2022 22:39:53
CallbackFormEmailModal
Array
(
    [name] => jlilliavitia@gmail.com
    [phone] => jlilliavitia@gmail.com
    [formname] => Обратная связь
)

------------------------

------------------------
28.03.2022 22:40:07
CallbackFormEmailModal
Array
(
    [name] => jlilliavitia@gmail.com
    [phone] => jlilliavitia@gmail.com
    [formname] => Обратная связь
)

------------------------

------------------------
28.03.2022 22:40:27
CallbackFormEmailModal
Array
(
    [name] => jlilliavitia@gmail.com
    [phone] => jlilliavitia@gmail.com
    [formname] => Обратная связь
)

------------------------

------------------------
28.03.2022 22:40:33
CallbackFormEmailModal
Array
(
    [name] => jlilliavitia@gmail.com
    [phone] => jlilliavitia@gmail.com
    [formname] => Обратная связь
)

------------------------

------------------------
28.03.2022 23:11:02
CallbackFormEmailModal
Array
(
    [name] => krishramchandani@yahoo.es
    [phone] => 89221923275
    [formname] => Обратная связь
)

------------------------
