
------------------------
02.08.2024 7:42:50
CallbackFormEmailModal
Array
(
    [name] => thomason.desuza@eunews24x7.com
    [phone] => 81482454623
    [formname] => Обратная связь
)

------------------------

------------------------
02.08.2024 8:12:21
CallbackFormEmailModal
Array
(
    [name] => xrumer23Kip@gmail.com
    [phone] => 83533187153
    [formname] => Обратная связь
)

------------------------

------------------------
02.08.2024 10:45:20
CallbackFormEmailModal
Array
(
    [name] => inet4747@outlook.com
    [phone] => 85311451759
    [formname] => Обратная связь
)

------------------------

------------------------
02.08.2024 12:02:51
CallbackFormEmailModal
Array
(
    [name] => barbariska8912@gmail.com
    [phone] => 84551765585
    [formname] => Обратная связь
)

------------------------

------------------------
02.08.2024 12:28:31
CallbackFormEmailModal
Array
(
    [name] => serg.omoris.ten@gmail.com
    [phone] => 88822522325
    [formname] => Обратная связь
)

------------------------

------------------------
02.08.2024 13:23:08
CallbackFormEmailModal
Array
(
    [name] => RoseRam1986@xru.goaglie.com
    [phone] => 85124897488
    [formname] => Обратная связь
)

------------------------

------------------------
02.08.2024 15:48:49
CallbackFormEmailModal
Array
(
    [name] => jalesa.thomason@eunews24x7.com
    [phone] => 84869774955
    [formname] => Обратная связь
)

------------------------

------------------------
02.08.2024 21:47:09
CallbackFormEmailModal
Array
(
    [name] => yjdisantoyjdissemin@gmail.com
    [phone] => 83436365544
    [formname] => Обратная связь
)

------------------------

------------------------
02.08.2024 23:54:52
CallbackFormEmailModal
Array
(
    [name] => salina.desuza@eunews24x7.com
    [phone] => 82684831485
    [formname] => Обратная связь
)

------------------------
