
------------------------
09.04.2023 6:26:52
CallbackFormEmailModal
Array
(
    [name] => laura_williams049@outlook.com
    [phone] => 86511438291
    [formname] => Обратная связь
)

------------------------

------------------------
09.04.2023 8:36:28
CallbackFormEmailModal
Array
(
    [name] => wega@optimum-hungaria.hu
    [phone] => 88003334455
    [formname] => Обратная связь
)

------------------------

------------------------
09.04.2023 17:04:11
CallbackFormEmailModal
Array
(
    [name] => d.enis.k.rasn.ov.178@gmail.com
    [phone] => 89511789559
    [formname] => Обратная связь
)

------------------------

------------------------
09.04.2023 21:45:28
CallbackFormEmailModal
Array
(
    [name] => Zizefiach@pochtaserver.com
    [phone] => 83213176253
    [formname] => Обратная связь
)

------------------------
