
------------------------
19.06.2025 1:41:56
CallbackFormEmailModal
Array
(
    [name] => aliexpress@paralympicgames2024.ru
    [phone] => 82223399251
    [formname] => Обратная связь
)

------------------------

------------------------
19.06.2025 5:01:40
CallbackFormEmailModal
Array
(
    [name] => valeriakikhtenko.1.996@gmail.com
    [phone] => 88461524982
    [formname] => Обратная связь
)

------------------------

------------------------
19.06.2025 6:10:18
CallbackFormEmailModal
Array
(
    [name] => hannahnilana@gazeta.pl
    [phone] => 88947728715
    [formname] => Обратная связь
)

------------------------

------------------------
19.06.2025 6:34:09
CallbackFormEmailModal
Array
(
    [name] => fyvfyvfyvfy880@gmail.com
    [phone] => 87249763942
    [formname] => Обратная связь
)

------------------------

------------------------
19.06.2025 9:15:59
CallbackFormEmailModal
Array
(
    [name] => musaev.misha.1982.3.5@list.ru
    [phone] => 85678747533
    [formname] => Обратная связь
)

------------------------

------------------------
19.06.2025 9:17:58
CallbackFormEmailModal
Array
(
    [name] => andrey.don.x@gmail.com
    [phone] => 86184865275
    [formname] => Обратная связь
)

------------------------

------------------------
19.06.2025 9:51:24
CallbackFormEmailModal
Array
(
    [name] => 1@1.it
    [phone] => 86645499994
    [formname] => Обратная связь
)

------------------------

------------------------
19.06.2025 10:55:09
CallbackFormEmailModal
Array
(
    [name] => xpdgmtcwdpl@2-construction.store
    [phone] => 81782286251
    [formname] => Обратная связь
)

------------------------

------------------------
19.06.2025 12:18:35
CallbackFormEmailModal
Array
(
    [name] => edbutaldog1984@mail.ru
    [phone] => 84919738939
    [formname] => Обратная связь
)

------------------------

------------------------
19.06.2025 13:13:47
CallbackFormEmailModal
Array
(
    [name] => polyakovdanila19908366@mail.ru
    [phone] => 86262755366
    [formname] => Обратная связь
)

------------------------

------------------------
19.06.2025 16:41:17
CallbackFormEmailModal
Array
(
    [name] => beverlytague1969@salpingomyu.ru
    [phone] => 85239571827
    [formname] => Обратная связь
)

------------------------

------------------------
19.06.2025 18:30:59
CallbackEmailModal
Array
(
    [name] => Леонид
    [phone] => +7(900)922-85-70
    [comment] => Название продуката: Лестничная ступень SР 34х38/40х3 Zn 1200х305 мм
Комменатрий: Здравствуйте, мне нужны 2 ступени как: Лестничная ступень SР 34х38/40х3 Zn 1200х305 мм.     но не 1200 а 1600. Это возможно сделать?
    [formname] => Задать вопрос по товару
)

------------------------

------------------------
19.06.2025 20:37:31
CallbackFormEmailModal
Array
(
    [name] => erfgnbgfds@gmail.com
    [phone] => 88977445624
    [formname] => Обратная связь
)

------------------------

------------------------
19.06.2025 21:38:40
CallbackFormEmailModal
Array
(
    [name] => seimymavig1983@mail.ru
    [phone] => 84767778155
    [formname] => Обратная связь
)

------------------------

------------------------
19.06.2025 21:46:47
CallbackFormEmailModal
Array
(
    [name] => tacusol-6816@mail.ru
    [phone] => 87794113324
    [formname] => Обратная связь
)

------------------------

------------------------
19.06.2025 23:46:44
CallbackFormEmailModal
Array
(
    [name] => yawiviseya67@gmail.com
    [phone] => 86631989237
    [formname] => Обратная связь
)

------------------------
