
------------------------
04.05.2023 1:03:44
CallbackFormEmailModal
Array
(
    [name] => vilborn.off@gmail.com
    [phone] => 84515954284
    [formname] => Обратная связь
)

------------------------

------------------------
04.05.2023 2:05:17
CallbackFormEmailModal
Array
(
    [name] => kuznetsov_vlad_1995_18_12@inbox.ru
    [phone] => 81764216118
    [formname] => Обратная связь
)

------------------------

------------------------
04.05.2023 3:41:52
CallbackFormEmailModal
Array
(
    [name] => vqjhobrt@mail.ru
    [phone] => +791234567132
    [formname] => Обратная связь
)

------------------------

------------------------
04.05.2023 4:23:54
CallbackFormEmailModal
Array
(
    [name] => denis.aksenovxmc@yandex.ru
    [phone] => 84695754153
    [formname] => Обратная связь
)

------------------------

------------------------
04.05.2023 9:10:18
CallbackFormEmailModal
Array
(
    [name] => zelatcol@gmail.com
    [phone] => 83497989861
    [formname] => Обратная связь
)

------------------------

------------------------
04.05.2023 13:35:45
CallbackFormEmailModal
Array
(
    [name] => emchoihe1985@mail.ru
    [phone] => 89473322319
    [formname] => Обратная связь
)

------------------------

------------------------
04.05.2023 13:35:55
CallbackFormEmailModal
Array
(
    [name] => frcites@yandex.com
    [phone] => 84576698319
    [formname] => Обратная связь
)

------------------------

------------------------
04.05.2023 13:39:55
CallbackFormEmailModal
Array
(
    [name] => mariannasvetlanina@yandex.ru
    [phone] => 89661571889
    [formname] => Обратная связь
)

------------------------

------------------------
04.05.2023 19:39:23
CallbackFormEmailModal
Array
(
    [name] => werso067840iu@rambler.ru
    [phone] => 85249739771
    [formname] => Обратная связь
)

------------------------

------------------------
04.05.2023 22:40:47
CallbackFormEmailModal
Array
(
    [name] => web@businesssolution.ru
    [phone] => 89043334455
    [formname] => Обратная связь
)

------------------------

------------------------
04.05.2023 22:41:36
CallbackFormEmailModal
Array
(
    [name] => web@businesssolution.ru
    [phone] => 89043334455
    [formname] => Обратная связь
)

------------------------
