
------------------------
07.07.2023 7:38:59
CallbackFormEmailModal
Array
(
    [name] => cqurys@outlook.com
    [phone] => 81881396812
    [formname] => Обратная связь
)

------------------------

------------------------
07.07.2023 10:20:44
CallbackFormEmailModal
Array
(
    [name] => werso075700iu@rambler.ru
    [phone] => 86884261596
    [formname] => Обратная связь
)

------------------------

------------------------
07.07.2023 22:54:30
CallbackFormEmailModal
Array
(
    [name] => barry@alexhost.site
    [phone] => 88252529882
    [formname] => Обратная связь
)

------------------------
