
------------------------
24.03.2025 1:04:07
CallbackFormEmailModal
Array
(
    [name] => 4yz3uvqo@3way3.com
    [phone] => 89784625881
    [formname] => Обратная связь
)

------------------------

------------------------
24.03.2025 3:04:21
CallbackFormEmailModal
Array
(
    [name] => papKip@o4ko.space
    [phone] => 87949381177
    [formname] => Обратная связь
)

------------------------

------------------------
24.03.2025 5:10:23
CallbackFormEmailModal
Array
(
    [name] => reply@profit-send.ru
    [phone] => 87928933464
    [formname] => Обратная связь
)

------------------------

------------------------
24.03.2025 5:39:45
CallbackFormEmailModal
Array
(
    [name] => gashish@cocaine-toshkent.online
    [phone] => 86794271524
    [formname] => Обратная связь
)

------------------------

------------------------
24.03.2025 5:58:47
CallbackFormEmailModal
Array
(
    [name] => jdjwmvuwpi@rambler.ru
    [phone] => 81888613292
    [formname] => Обратная связь
)

------------------------

------------------------
24.03.2025 6:34:39
CallbackFormEmailModal
Array
(
    [name] => graysenrosales@op.pl
    [phone] => 84231197426
    [formname] => Обратная связь
)

------------------------

------------------------
24.03.2025 6:38:59
CallbackFormEmailModal
Array
(
    [name] => alpha-pvp@cocaine-toshkent.online
    [phone] => 81546869277
    [formname] => Обратная связь
)

------------------------

------------------------
24.03.2025 9:03:37
CallbackFormEmailModal
Array
(
    [name] => gashish-moskow@russia-cocaine-kypit.online
    [phone] => 84749286389
    [formname] => Обратная связь
)

------------------------

------------------------
24.03.2025 9:09:09
CallbackFormEmailModal
Array
(
    [name] => prosperhaven007@gmail.com
    [phone] => 88563416959
    [formname] => Обратная связь
)

------------------------

------------------------
24.03.2025 10:31:55
CallbackFormEmailModal
Array
(
    [name] => shinyyakutsk@gmail.com
    [phone] => 84182182562
    [formname] => Обратная связь
)

------------------------

------------------------
24.03.2025 17:39:39
CallbackFormEmailModal
Array
(
    [name] => yourmail@gmail.com
    [phone] => 87323426922
    [formname] => Обратная связь
)

------------------------

------------------------
24.03.2025 17:40:22
CallbackFormEmailModal
Array
(
    [name] => yourmail@gmail.com
    [phone] => 89636925159
    [formname] => Обратная связь
)

------------------------

------------------------
24.03.2025 20:11:12
CallbackFormEmailModal
Array
(
    [name] => test@gmail.com
    [phone] => 86198482283
    [formname] => Обратная связь
)

------------------------

------------------------
24.03.2025 20:11:19
CallbackFormEmailModal
Array
(
    [name] => test@gmail.com
    [phone] => 82563249123
    [formname] => Обратная связь
)

------------------------

------------------------
24.03.2025 20:19:12
CallbackFormEmailModal
Array
(
    [name] => jxkfay@goshop1888.shop
    [phone] => 87267657187
    [formname] => Обратная связь
)

------------------------

------------------------
24.03.2025 20:26:11
CallbackFormEmailModal
Array
(
    [name] => y.a.n.v.or.o.b.e.y94@gmail.com

    [phone] => 88241367177
    [formname] => Обратная связь
)

------------------------

------------------------
24.03.2025 21:09:42
CallbackFormEmailModal
Array
(
    [name] => edithcollins2002@atorymail.com
    [phone] => 87629777463
    [formname] => Обратная связь
)

------------------------

------------------------
24.03.2025 23:14:37
CallbackFormEmailModal
Array
(
    [name] => info@mitolyn-market.com
    [phone] => 82651273918
    [formname] => Обратная связь
)

------------------------
