
------------------------
02.02.2025 1:53:33
CallbackFormEmailModal
Array
(
    [name] => gkexsqqksel@rudiplomust.com
    [phone] => 81655681669
    [formname] => Обратная связь
)

------------------------

------------------------
02.02.2025 1:56:32
CallbackFormEmailModal
Array
(
    [name] => kina3axjglime@bk.ru
    [phone] => 81813479917
    [formname] => Обратная связь
)

------------------------

------------------------
02.02.2025 2:21:01
CallbackFormEmailModal
Array
(
    [name] => inna.kortneva.69@mail.ru
    [phone] => 85523622369
    [formname] => Обратная связь
)

------------------------

------------------------
02.02.2025 4:50:15
CallbackFormEmailModal
Array
(
    [name] => info@strictlydigital.net
    [phone] => 88578895624
    [formname] => Обратная связь
)

------------------------

------------------------
02.02.2025 5:33:48
CallbackFormEmailModal
Array
(
    [name] => wzcxynnzrel@rudiplomust.com
    [phone] => 87523823471
    [formname] => Обратная связь
)

------------------------

------------------------
02.02.2025 8:24:17
CallbackFormEmailModal
Array
(
    [name] => postsaddtaliretneu@mail.ru
    [phone] => 83454196629
    [formname] => Обратная связь
)

------------------------

------------------------
02.02.2025 8:25:07
CallbackFormEmailModal
Array
(
    [name] => moiseevatoriya1993@bk.ru
    [phone] => 81423361172
    [formname] => Обратная связь
)

------------------------

------------------------
02.02.2025 8:26:43
CallbackFormEmailModal
Array
(
    [name] => mosoce-416@mail.ru
    [phone] => 83516492662
    [formname] => Обратная связь
)

------------------------

------------------------
02.02.2025 8:29:44
CallbackFormEmailModal
Array
(
    [name] => ilya.igoshin.85@mail.ru
    [phone] => 89164585734
    [formname] => Обратная связь
)

------------------------

------------------------
02.02.2025 8:33:55
CallbackFormEmailModal
Array
(
    [name] => rodionoverik1735@mail.ru
    [phone] => 82551361125
    [formname] => Обратная связь
)

------------------------

------------------------
02.02.2025 8:51:01
CallbackFormEmailModal
Array
(
    [name] => mepinfenia@bk.ru
    [phone] => 89179845262
    [formname] => Обратная связь
)

------------------------

------------------------
02.02.2025 8:56:06
CallbackFormEmailModal
Array
(
    [name] => dolnovam@mail.ru
    [phone] => 82443915575
    [formname] => Обратная связь
)

------------------------

------------------------
02.02.2025 9:05:04
CallbackFormEmailModal
Array
(
    [name] => anya.genger@mail.ru
    [phone] => 84461959469
    [formname] => Обратная связь
)

------------------------

------------------------
02.02.2025 9:09:07
CallbackFormEmailModal
Array
(
    [name] => ranmicasde1982@mail.ru
    [phone] => 81118975156
    [formname] => Обратная связь
)

------------------------

------------------------
02.02.2025 9:15:31
CallbackFormEmailModal
Array
(
    [name] => rdeybhpojKt@rudiplomust.com
    [phone] => 88739917577
    [formname] => Обратная связь
)

------------------------

------------------------
02.02.2025 9:17:15
CallbackFormEmailModal
Array
(
    [name] => shvernik.s@mail.ru
    [phone] => 86647986849
    [formname] => Обратная связь
)

------------------------

------------------------
02.02.2025 9:45:44
CallbackFormEmailModal
Array
(
    [name] => mike@monkeydigital.co
    [phone] => 84793274798
    [formname] => Обратная связь
)

------------------------

------------------------
02.02.2025 9:50:56
CallbackFormEmailModal
Array
(
    [name] => megaboommegaboom@yandex.com
    [phone] => 87581959838
    [formname] => Обратная связь
)

------------------------

------------------------
02.02.2025 10:28:14
CallbackFormEmailModal
Array
(
    [name] => ydqccqyaeel@rudiplomust.com
    [phone] => 83621219176
    [formname] => Обратная связь
)

------------------------

------------------------
02.02.2025 10:35:35
CallbackFormEmailModal
Array
(
    [name] => xrumerfox@gmail.com
    [phone] => 88397885415
    [formname] => Обратная связь
)

------------------------

------------------------
02.02.2025 10:41:42
CallbackFormEmailModal
Array
(
    [name] => vaisligam@gazeta.pl
    [phone] => 82453312584
    [formname] => Обратная связь
)

------------------------

------------------------
02.02.2025 11:12:40
CallbackFormEmailModal
Array
(
    [name] => ljusdukeeca1971@mail.ru
    [phone] => 89856467462
    [formname] => Обратная связь
)

------------------------

------------------------
02.02.2025 11:12:44
CallbackFormEmailModal
Array
(
    [name] => gendraducanprohbay@mail.ru
    [phone] => 84823275632
    [formname] => Обратная связь
)

------------------------

------------------------
02.02.2025 11:17:30
CallbackFormEmailModal
Array
(
    [name] => ela.kubets.94@mail.ru
    [phone] => 83878987861
    [formname] => Обратная связь
)

------------------------

------------------------
02.02.2025 11:19:34
CallbackFormEmailModal
Array
(
    [name] => remodemu1973@mail.ru
    [phone] => 84754213829
    [formname] => Обратная связь
)

------------------------

------------------------
02.02.2025 11:22:41
CallbackFormEmailModal
Array
(
    [name] => avgustina.morozova@bk.ru
    [phone] => 83533381821
    [formname] => Обратная связь
)

------------------------

------------------------
02.02.2025 12:13:30
CallbackFormEmailModal
Array
(
    [name] => william1@xrevelxr.com
    [phone] => 88595487884
    [formname] => Обратная связь
)

------------------------

------------------------
02.02.2025 12:47:57
CallbackFormEmailModal
Array
(
    [name] => anna.shapiro.78@mail.ru
    [phone] => 82779282573
    [formname] => Обратная связь
)

------------------------

------------------------
02.02.2025 12:47:58
CallbackFormEmailModal
Array
(
    [name] => sashunya.sergeev.2022@list.ru
    [phone] => 88589687428
    [formname] => Обратная связь
)

------------------------

------------------------
02.02.2025 13:05:50
CallbackFormEmailModal
Array
(
    [name] => lrtwppesqel@rudiplomust.com
    [phone] => 89811762286
    [formname] => Обратная связь
)

------------------------

------------------------
02.02.2025 13:15:20
CallbackFormEmailModal
Array
(
    [name] => victor1@xrevelxr.com
    [phone] => 83261224529
    [formname] => Обратная связь
)

------------------------

------------------------
02.02.2025 14:09:49
CallbackFormEmailModal
Array
(
    [name] => juncpecni1980@mail.ru
    [phone] => 86897382427
    [formname] => Обратная связь
)

------------------------

------------------------
02.02.2025 14:16:59
CallbackFormEmailModal
Array
(
    [name] => mlonanlout1985@mail.ru
    [phone] => 84236969512
    [formname] => Обратная связь
)

------------------------

------------------------
02.02.2025 14:18:58
CallbackFormEmailModal
Array
(
    [name] => wemofoomacfensta@mail.ru
    [phone] => 84723156864
    [formname] => Обратная связь
)

------------------------

------------------------
02.02.2025 14:30:43
CallbackFormEmailModal
Array
(
    [name] => mail2.96@mail.androsapp.ru
    [phone] => 83865552561
    [formname] => Обратная связь
)

------------------------

------------------------
02.02.2025 14:49:24
CallbackFormEmailModal
Array
(
    [name] => muhinvilii1986@list.ru
    [phone] => 88486357124
    [formname] => Обратная связь
)

------------------------

------------------------
02.02.2025 15:01:07
CallbackFormEmailModal
Array
(
    [name] => pvfnesvahel@rudiplomust.com
    [phone] => 83213793498
    [formname] => Обратная связь
)

------------------------

------------------------
02.02.2025 15:18:54
CallbackFormEmailModal
Array
(
    [name] => progon@rdd72.ru
    [phone] => 87685813295
    [formname] => Обратная связь
)

------------------------

------------------------
02.02.2025 15:36:04
CallbackFormEmailModal
Array
(
    [name] => elheejyjnel@rudiplomust.com
    [phone] => 81969948831
    [formname] => Обратная связь
)

------------------------

------------------------
02.02.2025 18:39:04
CallbackFormEmailModal
Array
(
    [name] => thamhisubi1971@op.pl
    [phone] => 85933317757
    [formname] => Обратная связь
)

------------------------

------------------------
02.02.2025 19:37:23
CallbackFormEmailModal
Array
(
    [name] => otepnbmgeel@rudiplomust.com
    [phone] => 85796352912
    [formname] => Обратная связь
)

------------------------

------------------------
02.02.2025 21:27:04
CallbackFormEmailModal
Array
(
    [name] => mult@lumexmail.shop
    [phone] => 89459986742
    [formname] => Обратная связь
)

------------------------

------------------------
02.02.2025 21:43:56
CallbackFormEmailModal
Array
(
    [name] => mikhaileliffkt@mail.ru
    [phone] => 85528269527
    [formname] => Обратная связь
)

------------------------

------------------------
02.02.2025 21:52:59
CallbackFormEmailModal
Array
(
    [name] => vyrjpevgrel@rudiplomust.com
    [phone] => 88572552341
    [formname] => Обратная связь
)

------------------------

------------------------
02.02.2025 22:03:40
CallbackFormEmailModal
Array
(
    [name] => eldred.esch9@madu58.funny3delements.com 
    [phone] => 87342529431
    [formname] => Обратная связь
)

------------------------

------------------------
02.02.2025 22:35:24
CallbackFormEmailModal
Array
(
    [name] => tmonquinachi1972@op.pl
    [phone] => 83772586181
    [formname] => Обратная связь
)

------------------------

------------------------
02.02.2025 23:11:43
CallbackFormEmailModal
Array
(
    [name] => aero-sochi1@93rus.myjino.ru
    [phone] => 84953454458
    [formname] => Обратная связь
)

------------------------
