
------------------------
16.11.2022 3:15:26
CallbackFormEmailModal
Array
(
    [name] => Copsheesk@topnewmail.xyz
    [phone] => 84735946995
    [formname] => Обратная связь
)

------------------------

------------------------
16.11.2022 6:24:37
CallbackFormEmailModal
Array
(
    [name] => pattyaprild9f9@outlook.com
    [phone] => 81342446478
    [formname] => Обратная связь
)

------------------------

------------------------
16.11.2022 8:23:09
CallbackFormEmailModal
Array
(
    [name] => ac06mjw69fz0@mail.ru
    [phone] => 87559721632
    [formname] => Обратная связь
)

------------------------

------------------------
16.11.2022 20:58:10
CallbackFormEmailModal
Array
(
    [name] => info@hifinance.ru
    [phone] => +7 (495) 142-56-63
    [formname] => Обратная связь
)

------------------------
