
------------------------
10.06.2025 5:16:45
CallbackFormEmailModal
Array
(
    [name] => nullshal@goldmail.su
    [phone] => 85284418983
    [formname] => Обратная связь
)

------------------------

------------------------
10.06.2025 6:55:48
CallbackFormEmailModal
Array
(
    [name] => jgbsaxiz@wildbmail.com
    [phone] => 84545854279
    [formname] => Обратная связь
)

------------------------

------------------------
10.06.2025 7:39:07
CallbackFormEmailModal
Array
(
    [name] => xrumer23Kip@gmail.com
    [phone] => 87656399998
    [formname] => Обратная связь
)

------------------------

------------------------
10.06.2025 8:24:37
CallbackFormEmailModal
Array
(
    [name] => ogale89@mail.ru
    [phone] => 84687699369
    [formname] => Обратная связь
)

------------------------

------------------------
10.06.2025 8:42:00
CallbackFormEmailModal
Array
(
    [name] => panova.elena.1992.23.11@bk.ru
    [phone] => 87423897566
    [formname] => Обратная связь
)

------------------------

------------------------
10.06.2025 9:20:54
CallbackFormEmailModal
Array
(
    [name] => erangifest1980@mail.ru
    [phone] => 88721121227
    [formname] => Обратная связь
)

------------------------

------------------------
10.06.2025 10:09:19
CallbackFormEmailModal
Array
(
    [name] => karzhavinvenegard@mail.ru
    [phone] => 88582563784
    [formname] => Обратная связь
)

------------------------

------------------------
10.06.2025 10:22:49
CallbackFormEmailModal
Array
(
    [name] => estelaadleyrt0m@list.ru
    [phone] => 85834439453
    [formname] => Обратная связь
)

------------------------

------------------------
10.06.2025 10:50:13
CallbackFormEmailModal
Array
(
    [name] => secberconla1986@mail.ru
    [phone] => 89487745761
    [formname] => Обратная связь
)

------------------------

------------------------
10.06.2025 11:33:53
CallbackFormEmailModal
Array
(
    [name] => kharalampiimartyshkin@mail.ru
    [phone] => 83292242439
    [formname] => Обратная связь
)

------------------------

------------------------
10.06.2025 11:53:52
CallbackFormEmailModal
Array
(
    [name] => ztqfjiir@wildbmail.com
    [phone] => 89445385699
    [formname] => Обратная связь
)

------------------------

------------------------
10.06.2025 13:24:50
CallbackFormEmailModal
Array
(
    [name] => karina_platonova_31068@mail.ru
    [phone] => 85389162149
    [formname] => Обратная связь
)

------------------------

------------------------
10.06.2025 13:39:02
CallbackFormEmailModal
Array
(
    [name] => sinevhabibi664@bk.ru
    [phone] => 87516837352
    [formname] => Обратная связь
)

------------------------

------------------------
10.06.2025 14:16:00
CallbackFormEmailModal
Array
(
    [name] => zfddsgvvfgvfdgb@gmail.com
    [phone] => 84438987411
    [formname] => Обратная связь
)

------------------------

------------------------
10.06.2025 16:32:12
CallbackFormEmailModal
Array
(
    [name] => vxcstfbl@tubermail.com
    [phone] => 82757112547
    [formname] => Обратная связь
)

------------------------

------------------------
10.06.2025 16:51:14
CallbackFormEmailModal
Array
(
    [name] => jdqqvivh@eblanomail.com
    [phone] => 86454123829
    [formname] => Обратная связь
)

------------------------

------------------------
10.06.2025 19:11:19
CallbackFormEmailModal
Array
(
    [name] => michaelLycle@mail.ru
    [phone] => 85637537146
    [formname] => Обратная связь
)

------------------------

------------------------
10.06.2025 23:24:36
CallbackFormEmailModal
Array
(
    [name] => zekisuquc419@gmail.com
    [phone] => 83528486161
    [formname] => Обратная связь
)

------------------------
