
------------------------
31.03.2025 0:06:31
CallbackFormEmailModal
Array
(
    [name] => yourmail@gmail.com
    [phone] => 81744226827
    [formname] => Обратная связь
)

------------------------

------------------------
31.03.2025 3:29:59
CallbackFormEmailModal
Array
(
    [name] => Envicebive@gmail.com
    [phone] => 82142592295
    [formname] => Обратная связь
)

------------------------

------------------------
31.03.2025 8:57:42
CallbackFormEmailModal
Array
(
    [name] => admin@progonx.fun
    [phone] => 89974929628
    [formname] => Обратная связь
)

------------------------

------------------------
31.03.2025 9:16:27
CallbackFormEmailModal
Array
(
    [name] => rerkgeemong98@mail.ru
    [phone] => 89986257913
    [formname] => Обратная связь
)

------------------------

------------------------
31.03.2025 9:22:11
CallbackFormEmailModal
Array
(
    [name] => mamedov.edgar.1992.3.3@inbox.ru
    [phone] => 86921636678
    [formname] => Обратная связь
)

------------------------

------------------------
31.03.2025 9:23:47
CallbackFormEmailModal
Array
(
    [name] => kozlovvarlen19782037@mail.ru
    [phone] => 83669242359
    [formname] => Обратная связь
)

------------------------

------------------------
31.03.2025 9:34:38
CallbackFormEmailModal
Array
(
    [name] => ponomaryov.borya.1983@bk.ru
    [phone] => 86129255466
    [formname] => Обратная связь
)

------------------------

------------------------
31.03.2025 9:44:07
CallbackFormEmailModal
Array
(
    [name] => yerko.lyuda@mail.ru
    [phone] => 87797257561
    [formname] => Обратная связь
)

------------------------

------------------------
31.03.2025 10:15:25
CallbackFormEmailModal
Array
(
    [name] => arturgorz2o3@bk.ru
    [phone] => 85185735781
    [formname] => Обратная связь
)

------------------------

------------------------
31.03.2025 10:27:47
CallbackFormEmailModal
Array
(
    [name] => veavzarnfa@gazeta.pl
    [phone] => 82775757945
    [formname] => Обратная связь
)

------------------------

------------------------
31.03.2025 12:11:20
CallbackFormEmailModal
Array
(
    [name] => dolnovam@mail.ru
    [phone] => 88658657755
    [formname] => Обратная связь
)

------------------------

------------------------
31.03.2025 12:54:13
CallbackFormEmailModal
Array
(
    [name] => dolnovam@mail.ru
    [phone] => 84616716613
    [formname] => Обратная связь
)

------------------------

------------------------
31.03.2025 12:56:54
CallbackFormEmailModal
Array
(
    [name] => ramiraselezneva19908003@bk.ru
    [phone] => 81776997763
    [formname] => Обратная связь
)

------------------------

------------------------
31.03.2025 15:18:13
CallbackFormEmailModal
Array
(
    [name] => sosiska@dykaya.com
    [phone] => 82278821717
    [formname] => Обратная связь
)

------------------------

------------------------
31.03.2025 19:12:22
CallbackFormEmailModal
Array
(
    [name] => quejudcatan1981@mail.ru
    [phone] => 81642499846
    [formname] => Обратная связь
)

------------------------

------------------------
31.03.2025 19:26:41
CallbackFormEmailModal
Array
(
    [name] => eprovbelwha@mail.ru
    [phone] => 87624465835
    [formname] => Обратная связь
)

------------------------

------------------------
31.03.2025 20:12:45
CallbackFormEmailModal
Array
(
    [name] => erangifest1980@mail.ru
    [phone] => 86747882517
    [formname] => Обратная связь
)

------------------------

------------------------
31.03.2025 20:20:00
CallbackFormEmailModal
Array
(
    [name] => saysalruanscilich@mail.ru
    [phone] => 87762264655
    [formname] => Обратная связь
)

------------------------

------------------------
31.03.2025 20:24:23
CallbackFormEmailModal
Array
(
    [name] => chofitensatomar@mail.ru
    [phone] => 87791216277
    [formname] => Обратная связь
)

------------------------

------------------------
31.03.2025 20:26:48
CallbackFormEmailModal
Array
(
    [name] => karpeciktibas19915@bk.ru
    [phone] => 84966183427
    [formname] => Обратная связь
)

------------------------

------------------------
31.03.2025 20:26:54
CallbackFormEmailModal
Array
(
    [name] => dorofeyavinogradova199056@mail.ru
    [phone] => 85648733541
    [formname] => Обратная связь
)

------------------------

------------------------
31.03.2025 21:40:14
CallbackFormEmailModal
Array
(
    [name] => mosoce-416@mail.ru
    [phone] => 88734445424
    [formname] => Обратная связь
)

------------------------

------------------------
31.03.2025 22:35:32
CallbackFormEmailModal
Array
(
    [name] => anna.shapiro.78@mail.ru
    [phone] => 88437972625
    [formname] => Обратная связь
)

------------------------

------------------------
31.03.2025 22:35:32
CallbackFormEmailModal
Array
(
    [name] => golubevilya.70@mail.ru
    [phone] => 83356879823
    [formname] => Обратная связь
)

------------------------

------------------------
31.03.2025 22:36:34
CallbackFormEmailModal
Array
(
    [name] => megaboommegaboom@yandex.com
    [phone] => 86757287473
    [formname] => Обратная связь
)

------------------------

------------------------
31.03.2025 22:39:30
CallbackFormEmailModal
Array
(
    [name] => sashunya.sergeev.2022@list.ru
    [phone] => 83134835796
    [formname] => Обратная связь
)

------------------------

------------------------
31.03.2025 23:07:35
CallbackFormEmailModal
Array
(
    [name] => seimymavig1983@mail.ru
    [phone] => 87938565668
    [formname] => Обратная связь
)

------------------------
