
------------------------
14.08.2022 1:53:47
CallbackFormEmailModal
Array
(
    [name] => anya.grigoreva.1993@inbox.ru
    [phone] => 82178917592
    [formname] => Обратная связь
)

------------------------

------------------------
14.08.2022 2:54:21
CallbackFormEmailModal
Array
(
    [name] => regina.aleksandrova.99@list.ru
    [phone] => 81236296359
    [formname] => Обратная связь
)

------------------------

------------------------
14.08.2022 3:35:25
CallbackFormEmailModal
Array
(
    [name] => markova.katya.2018@bk.ru
    [phone] => 82542395922
    [formname] => Обратная связь
)

------------------------

------------------------
14.08.2022 3:51:46
CallbackFormEmailModal
Array
(
    [name] => svetlana-sukhanova-1975@list.ru
    [phone] => 86753972871
    [formname] => Обратная связь
)

------------------------

------------------------
14.08.2022 4:33:25
CallbackFormEmailModal
Array
(
    [name] => andreyvpetrov132435@gmail.com
    [phone] => 86142838645
    [formname] => Обратная связь
)

------------------------

------------------------
14.08.2022 4:39:29
CallbackFormEmailModal
Array
(
    [name] => popmil2012@mail.ru
    [phone] => 89273687922
    [formname] => Обратная связь
)

------------------------

------------------------
14.08.2022 5:27:05
CallbackFormEmailModal
Array
(
    [name] => olya.blinova.1999@inbox.ru
    [phone] => 81193351149
    [formname] => Обратная связь
)

------------------------

------------------------
14.08.2022 6:02:29
CallbackFormEmailModal
Array
(
    [name] => rusya.denisov.1996@list.ru
    [phone] => 86755751976
    [formname] => Обратная связь
)

------------------------

------------------------
14.08.2022 6:30:17
CallbackFormEmailModal
Array
(
    [name] => semagerasimov1986@inbox.ru
    [phone] => 83727481811
    [formname] => Обратная связь
)

------------------------

------------------------
14.08.2022 6:33:26
CallbackFormEmailModal
Array
(
    [name] => svetlana.m.96@list.ru
    [phone] => 87128199791
    [formname] => Обратная связь
)

------------------------

------------------------
14.08.2022 7:06:08
CallbackFormEmailModal
Array
(
    [name] => andreyvpetrov132435@gmail.com
    [phone] => 88257457217
    [formname] => Обратная связь
)

------------------------

------------------------
14.08.2022 7:17:51
CallbackFormEmailModal
Array
(
    [name] => ivan.vanya.sokolov.1989.sokolov@bk.ru
    [phone] => 85481966225
    [formname] => Обратная связь
)

------------------------

------------------------
14.08.2022 8:52:44
CallbackFormEmailModal
Array
(
    [name] => yuliana.davydova.94@list.ru
    [phone] => 81234566755
    [formname] => Обратная связь
)

------------------------

------------------------
14.08.2022 9:28:42
CallbackFormEmailModal
Array
(
    [name] => eduard_bykov_98@bk.ru
    [phone] => 87555785348
    [formname] => Обратная связь
)

------------------------

------------------------
14.08.2022 9:29:41
CallbackFormEmailModal
Array
(
    [name] => l_borisova_1970@list.ru
    [phone] => 81755177857
    [formname] => Обратная связь
)

------------------------

------------------------
14.08.2022 9:43:16
CallbackFormEmailModal
Array
(
    [name] => rita_veselova_1990@inbox.ru
    [phone] => 85823478137
    [formname] => Обратная связь
)

------------------------

------------------------
14.08.2022 9:59:43
CallbackFormEmailModal
Array
(
    [name] => popmil2012@mail.ru
    [phone] => 86889132769
    [formname] => Обратная связь
)

------------------------

------------------------
14.08.2022 10:23:01
CallbackFormEmailModal
Array
(
    [name] => vasya-k-71@list.ru
    [phone] => 84229324992
    [formname] => Обратная связь
)

------------------------

------------------------
14.08.2022 10:26:23
CallbackFormEmailModal
Array
(
    [name] => evafomina1967@list.ru
    [phone] => 81472783887
    [formname] => Обратная связь
)

------------------------

------------------------
14.08.2022 10:55:44
CallbackFormEmailModal
Array
(
    [name] => antosha-smirnov-83@inbox.ru
    [phone] => 88932633169
    [formname] => Обратная связь
)

------------------------

------------------------
14.08.2022 10:57:53
CallbackFormEmailModal
Array
(
    [name] => olya.blinova.1999@inbox.ru
    [phone] => 81654986317
    [formname] => Обратная связь
)

------------------------

------------------------
14.08.2022 11:16:55
CallbackFormEmailModal
Array
(
    [name] => semyon_orlov_1973@inbox.ru
    [phone] => 88966447888
    [formname] => Обратная связь
)

------------------------

------------------------
14.08.2022 11:34:49
CallbackFormEmailModal
Array
(
    [name] => arkadiy_nikolaev_1988@inbox.ru
    [phone] => 86477752797
    [formname] => Обратная связь
)

------------------------

------------------------
14.08.2022 11:49:37
CallbackFormEmailModal
Array
(
    [name] => tosha.sidorov.1994@bk.ru
    [phone] => 82762499453
    [formname] => Обратная связь
)

------------------------

------------------------
14.08.2022 11:59:52
CallbackFormEmailModal
Array
(
    [name] => rusya.denisov.1996@list.ru
    [phone] => 87923213871
    [formname] => Обратная связь
)

------------------------

------------------------
14.08.2022 12:24:07
CallbackFormEmailModal
Array
(
    [name] => yakovlev_zhorik@bk.ru
    [phone] => 88688499234
    [formname] => Обратная связь
)

------------------------

------------------------
14.08.2022 12:25:48
CallbackFormEmailModal
Array
(
    [name] => syoma_shults_1982@bk.ru
    [phone] => 87216275884
    [formname] => Обратная связь
)

------------------------

------------------------
14.08.2022 12:26:06
CallbackFormEmailModal
Array
(
    [name] => svetlana.m.96@list.ru
    [phone] => 84645592776
    [formname] => Обратная связь
)

------------------------

------------------------
14.08.2022 12:26:57
CallbackFormEmailModal
Array
(
    [name] => lena_kolesnikova_1998@inbox.ru
    [phone] => 81736793316
    [formname] => Обратная связь
)

------------------------

------------------------
14.08.2022 12:31:00
CallbackFormEmailModal
Array
(
    [name] => semagerasimov1986@inbox.ru
    [phone] => 85257178519
    [formname] => Обратная связь
)

------------------------

------------------------
14.08.2022 13:17:20
CallbackFormEmailModal
Array
(
    [name] => tema.danilov.1969@inbox.ru
    [phone] => 81816849882
    [formname] => Обратная связь
)

------------------------

------------------------
14.08.2022 13:18:52
CallbackFormEmailModal
Array
(
    [name] => tosha.prokofev.96@bk.ru
    [phone] => 87996114271
    [formname] => Обратная связь
)

------------------------

------------------------
14.08.2022 13:27:27
CallbackFormEmailModal
Array
(
    [name] => margarita-vinogradova-1994@inbox.ru
    [phone] => 89478121211
    [formname] => Обратная связь
)

------------------------

------------------------
14.08.2022 13:31:58
CallbackFormEmailModal
Array
(
    [name] => ivan.vanya.sokolov.1989.sokolov@bk.ru
    [phone] => 89471818634
    [formname] => Обратная связь
)

------------------------

------------------------
14.08.2022 13:48:56
CallbackFormEmailModal
Array
(
    [name] => eduard-vasilev-1968@list.ru
    [phone] => 84158162171
    [formname] => Обратная связь
)

------------------------

------------------------
14.08.2022 15:27:17
CallbackFormEmailModal
Array
(
    [name] => stepan_petrov_1999@list.ru
    [phone] => 89465666334
    [formname] => Обратная связь
)

------------------------

------------------------
14.08.2022 15:29:10
CallbackFormEmailModal
Array
(
    [name] => andreyvpetrov132435@gmail.com
    [phone] => 83346114549
    [formname] => Обратная связь
)

------------------------

------------------------
14.08.2022 16:26:02
CallbackFormEmailModal
Array
(
    [name] => eduard_bykov_98@bk.ru
    [phone] => 88824963689
    [formname] => Обратная связь
)

------------------------

------------------------
14.08.2022 16:29:56
CallbackFormEmailModal
Array
(
    [name] => yuliana.davydova.94@list.ru
    [phone] => 81285936749
    [formname] => Обратная связь
)

------------------------

------------------------
14.08.2022 16:48:29
CallbackFormEmailModal
Array
(
    [name] => l_borisova_1970@list.ru
    [phone] => 86263972578
    [formname] => Обратная связь
)

------------------------

------------------------
14.08.2022 16:59:30
CallbackFormEmailModal
Array
(
    [name] => rita_veselova_1990@inbox.ru
    [phone] => 84812123443
    [formname] => Обратная связь
)

------------------------

------------------------
14.08.2022 17:55:40
CallbackFormEmailModal
Array
(
    [name] => vasya-k-71@list.ru
    [phone] => 87924963363
    [formname] => Обратная связь
)

------------------------

------------------------
14.08.2022 18:01:01
CallbackFormEmailModal
Array
(
    [name] => lidiya_efimova_1979@list.ru
    [phone] => 82238394585
    [formname] => Обратная связь
)

------------------------

------------------------
14.08.2022 18:14:05
CallbackFormEmailModal
Array
(
    [name] => antosha-smirnov-83@inbox.ru
    [phone] => 84148219456
    [formname] => Обратная связь
)

------------------------

------------------------
14.08.2022 18:41:37
CallbackFormEmailModal
Array
(
    [name] => semyon_orlov_1973@inbox.ru
    [phone] => 86863472399
    [formname] => Обратная связь
)

------------------------

------------------------
14.08.2022 19:00:44
CallbackFormEmailModal
Array
(
    [name] => arkadiy_nikolaev_1988@inbox.ru
    [phone] => 87919942767
    [formname] => Обратная связь
)

------------------------

------------------------
14.08.2022 19:28:11
CallbackFormEmailModal
Array
(
    [name] => tosha.sidorov.1994@bk.ru
    [phone] => 87455432524
    [formname] => Обратная связь
)

------------------------

------------------------
14.08.2022 19:59:42
CallbackFormEmailModal
Array
(
    [name] => gleb-egorov-1960@bk.ru
    [phone] => 87572639244
    [formname] => Обратная связь
)

------------------------

------------------------
14.08.2022 20:54:39
CallbackFormEmailModal
Array
(
    [name] => syoma_shults_1982@bk.ru
    [phone] => 85982167788
    [formname] => Обратная связь
)

------------------------

------------------------
14.08.2022 22:14:43
CallbackFormEmailModal
Array
(
    [name] => pp_bubbles@hotmail.com
    [phone] => 89035970489
    [formname] => Обратная связь
)

------------------------

------------------------
14.08.2022 22:32:01
CallbackFormEmailModal
Array
(
    [name] => tema.danilov.1969@inbox.ru
    [phone] => 85128139246
    [formname] => Обратная связь
)

------------------------

------------------------
14.08.2022 22:49:06
CallbackFormEmailModal
Array
(
    [name] => eduard-vasilev-1968@list.ru
    [phone] => 89671139233
    [formname] => Обратная связь
)

------------------------

------------------------
14.08.2022 22:50:53
CallbackFormEmailModal
Array
(
    [name] => margarita-vinogradova-1994@inbox.ru
    [phone] => 85544998165
    [formname] => Обратная связь
)

------------------------

------------------------
14.08.2022 23:17:00
CallbackFormEmailModal
Array
(
    [name] => evafomina1967@list.ru
    [phone] => 87199455613
    [formname] => Обратная связь
)

------------------------

------------------------
14.08.2022 23:34:41
CallbackFormEmailModal
Array
(
    [name] => valya_lebedeva_1979@bk.ru
    [phone] => 84853953462
    [formname] => Обратная связь
)

------------------------
