
------------------------
18.07.2025 1:03:20
CallbackFormEmailModal
Array
(
    [name] => yourmail@gmail.com
    [phone] => 89342855511
    [formname] => Обратная связь
)

------------------------

------------------------
18.07.2025 3:40:49
CallbackFormEmailModal
Array
(
    [name] => juniortub@mail.ru
    [phone] => 89924867844
    [formname] => Обратная связь
)

------------------------

------------------------
18.07.2025 5:57:09
CallbackFormEmailModal
Array
(
    [name] => rtlejhwy@ronaldofmail.com
    [phone] => 87394213246
    [formname] => Обратная связь
)

------------------------

------------------------
18.07.2025 6:47:37
CallbackFormEmailModal
Array
(
    [name] => fqeooaty@tubermail.com
    [phone] => 81119248281
    [formname] => Обратная связь
)

------------------------

------------------------
18.07.2025 8:07:50
CallbackFormEmailModal
Array
(
    [name] => mevimuren1970374@mail.ru
    [phone] => 89822127361
    [formname] => Обратная связь
)

------------------------

------------------------
18.07.2025 8:50:45
CallbackFormEmailModal
Array
(
    [name] => sendaedeptu1977@mail.ru
    [phone] => 84656175234
    [formname] => Обратная связь
)

------------------------

------------------------
18.07.2025 9:52:29
CallbackFormEmailModal
Array
(
    [name] => anya.genger@mail.ru
    [phone] => 82651272889
    [formname] => Обратная связь
)

------------------------

------------------------
18.07.2025 10:21:55
CallbackFormEmailModal
Array
(
    [name] => veronika.goryunova.06.09.2001@mail.ru
    [phone] => 86533645737
    [formname] => Обратная связь
)

------------------------

------------------------
18.07.2025 10:33:39
CallbackFormEmailModal
Array
(
    [name] => ogolovatenkoabramov@mail.ru
    [phone] => 89786731991
    [formname] => Обратная связь
)

------------------------

------------------------
18.07.2025 10:42:31
CallbackFormEmailModal
Array
(
    [name] => sdasqweqw466@gmail.com
    [phone] => 85593891447
    [formname] => Обратная связь
)

------------------------

------------------------
18.07.2025 11:05:35
CallbackFormEmailModal
Array
(
    [name] => dzhavgorat-tashdemirov1981@mail.ru
    [phone] => 86758629939
    [formname] => Обратная связь
)

------------------------

------------------------
18.07.2025 11:10:51
CallbackFormEmailModal
Array
(
    [name] => toktobayeva.nata@mail.ru
    [phone] => 82128649824
    [formname] => Обратная связь
)

------------------------

------------------------
18.07.2025 11:13:58
CallbackFormEmailModal
Array
(
    [name] => ilnanmode1973@mail.ru
    [phone] => 83551559989
    [formname] => Обратная связь
)

------------------------

------------------------
18.07.2025 11:32:58
CallbackFormEmailModal
Array
(
    [name] => asdacxcx@gmail.com
    [phone] => 81279664913
    [formname] => Обратная связь
)

------------------------

------------------------
18.07.2025 11:53:00
CallbackFormEmailModal
Array
(
    [name] => sileterde1976@mail.ru
    [phone] => 89733717317
    [formname] => Обратная связь
)

------------------------

------------------------
18.07.2025 14:02:51
CallbackFormEmailModal
Array
(
    [name] => nefedrogov985783@mail.ru
    [phone] => 84345539171
    [formname] => Обратная связь
)

------------------------

------------------------
18.07.2025 17:36:56
CallbackFormEmailModal
Array
(
    [name] => kmetzfwadia6f4@outlook.com
    [phone] => 84395468966
    [formname] => Обратная связь
)

------------------------

------------------------
18.07.2025 19:24:06
CallbackFormEmailModal
Array
(
    [name] => prohor.zlobin.14.11.1987@mail.ru
    [phone] => 87265554759
    [formname] => Обратная связь
)

------------------------

------------------------
18.07.2025 19:51:39
CallbackFormEmailModal
Array
(
    [name] => polyakovdanila19908366@mail.ru
    [phone] => 82854578897
    [formname] => Обратная связь
)

------------------------

------------------------
18.07.2025 21:10:51
CallbackFormEmailModal
Array
(
    [name] => margarita.stolyarova.26.05.1995@mail.ru
    [phone] => 82511256384
    [formname] => Обратная связь
)

------------------------

------------------------
18.07.2025 21:47:40
CallbackFormEmailModal
Array
(
    [name] => mike@monkeydigital.co
    [phone] => 82196848978
    [formname] => Обратная связь
)

------------------------

------------------------
18.07.2025 23:22:09
CallbackFormEmailModal
Array
(
    [name] => subbotinalenara88@mail.ru
    [phone] => 88817498993
    [formname] => Обратная связь
)

------------------------
