
------------------------
05.04.2023 1:18:25
CallbackFormEmailModal
Array
(
    [name] => indomitowot@outlook.com
    [phone] => 82469298281
    [formname] => Обратная связь
)

------------------------

------------------------
05.04.2023 2:29:45
CallbackFormEmailModal
Array
(
    [name] => smistuleself198082@rambler.ru
    [phone] => +71231234567
    [formname] => Обратная связь
)

------------------------

------------------------
05.04.2023 7:03:38
CallbackFormEmailModal
Array
(
    [name] => vqjhobrt@mail.ru
    [phone] => +791234567322
    [formname] => Обратная связь
)

------------------------

------------------------
05.04.2023 9:12:39
CallbackFormEmailModal
Array
(
    [name] => dkq9r@course-fitness.com
    [phone] => 84832239155
    [formname] => Обратная связь
)

------------------------

------------------------
05.04.2023 9:57:25
CallbackFormEmailModal
Array
(
    [name] => hjfmzrftwEa@doc-muenchen.de
    [phone] => 82229274411
    [formname] => Обратная связь
)

------------------------

------------------------
05.04.2023 13:59:31
CallbackFormEmailModal
Array
(
    [name] => no-replysuinuts@gmail.com
    [phone] => 83358294173
    [formname] => Обратная связь
)

------------------------

------------------------
05.04.2023 16:24:52
CallbackFormEmailModal
Array
(
    [name] => indomitowot@outlook.com
    [phone] => 86313915866
    [formname] => Обратная связь
)

------------------------
