
------------------------
19.01.2025 0:02:01
CallbackFormEmailModal
Array
(
    [name] => lriggs89@gmail.com
    [phone] => 84453696488
    [formname] => Обратная связь
)

------------------------

------------------------
19.01.2025 0:29:11
CallbackFormEmailModal
Array
(
    [name] => lolerex241@ovout.com
    [phone] => 84175437542
    [formname] => Обратная связь
)

------------------------

------------------------
19.01.2025 2:02:10
CallbackFormEmailModal
Array
(
    [name] => iwfjozezvel@rudiplomust.com
    [phone] => 87833692462
    [formname] => Обратная связь
)

------------------------

------------------------
19.01.2025 3:10:13
CallbackFormEmailModal
Array
(
    [name] => ddqbidudlel@rudiplomust.com
    [phone] => 83149598133
    [formname] => Обратная связь
)

------------------------

------------------------
19.01.2025 3:44:15
CallbackFormEmailModal
Array
(
    [name] => winsatall4ever@gmail.com
    [phone] => 87249357985
    [formname] => Обратная связь
)

------------------------

------------------------
19.01.2025 4:56:36
CallbackFormEmailModal
Array
(
    [name] => owgygyvpcSi@rudiplomust.com
    [phone] => 87669399951
    [formname] => Обратная связь
)

------------------------

------------------------
19.01.2025 5:05:23
CallbackFormEmailModal
Array
(
    [name] => csvbrbiyrel@rudiplomust.com
    [phone] => 88855651832
    [formname] => Обратная связь
)

------------------------

------------------------
19.01.2025 5:34:44
CallbackFormEmailModal
Array
(
    [name] => bzsgglzilKt@rudiplomust.com
    [phone] => 87195253315
    [formname] => Обратная связь
)

------------------------

------------------------
19.01.2025 6:11:34
CallbackFormEmailModal
Array
(
    [name] => fajcldlnuel@rudiplomust.com
    [phone] => 83631817832
    [formname] => Обратная связь
)

------------------------

------------------------
19.01.2025 8:24:36
CallbackFormEmailModal
Array
(
    [name] => nqhwzdhbuel@rudiplomust.com
    [phone] => 85111731165
    [formname] => Обратная связь
)

------------------------

------------------------
19.01.2025 8:42:58
CallbackFormEmailModal
Array
(
    [name] => zfiyiatwrKn@rudiplomust.com
    [phone] => 81457627521
    [formname] => Обратная связь
)

------------------------

------------------------
19.01.2025 9:25:33
CallbackFormEmailModal
Array
(
    [name] => qtmytclhhel@rudiplomust.com
    [phone] => 83823452142
    [formname] => Обратная связь
)

------------------------

------------------------
19.01.2025 10:16:04
CallbackFormEmailModal
Array
(
    [name] => mmeomvvcpel@rudiplomust.com
    [phone] => 86632287791
    [formname] => Обратная связь
)

------------------------

------------------------
19.01.2025 10:21:33
CallbackFormEmailModal
Array
(
    [name] => tilicdlhnel@rudiplomust.com
    [phone] => 87892512668
    [formname] => Обратная связь
)

------------------------

------------------------
19.01.2025 10:47:51
CallbackFormEmailModal
Array
(
    [name] => dzctpwxwpel@rudiplomust.com
    [phone] => 84219522643
    [formname] => Обратная связь
)

------------------------

------------------------
19.01.2025 11:43:06
CallbackFormEmailModal
Array
(
    [name] => pmwoqjxyfel@rudiplomust.com
    [phone] => 87512573864
    [formname] => Обратная связь
)

------------------------

------------------------
19.01.2025 12:05:26
CallbackFormEmailModal
Array
(
    [name] => vincenttaits@mail.ru
    [phone] => 82646516169
    [formname] => Обратная связь
)

------------------------

------------------------
19.01.2025 12:16:41
CallbackFormEmailModal
Array
(
    [name] => euebohaavel@rudiplomust.com
    [phone] => 87273393875
    [formname] => Обратная связь
)

------------------------

------------------------
19.01.2025 13:05:53
CallbackFormEmailModal
Array
(
    [name] => vuptlxtikel@rudiplomust.com
    [phone] => 89833924536
    [formname] => Обратная связь
)

------------------------

------------------------
19.01.2025 15:35:25
CallbackFormEmailModal
Array
(
    [name] => mepinfenia@bk.ru
    [phone] => 82836624884
    [formname] => Обратная связь
)

------------------------

------------------------
19.01.2025 16:28:50
CallbackFormEmailModal
Array
(
    [name] => within@prostpro.fun
    [phone] => 85266968933
    [formname] => Обратная связь
)

------------------------

------------------------
19.01.2025 16:44:52
CallbackFormEmailModal
Array
(
    [name] => zoya.patrusheva.65@mail.ru
    [phone] => 83745172474
    [formname] => Обратная связь
)

------------------------

------------------------
19.01.2025 16:44:53
CallbackFormEmailModal
Array
(
    [name] => musaev.misha.1982.3.5@list.ru
    [phone] => 82354678774
    [formname] => Обратная связь
)

------------------------

------------------------
19.01.2025 17:10:57
CallbackFormEmailModal
Array
(
    [name] => inna.kortneva.69@mail.ru
    [phone] => 86419398524
    [formname] => Обратная связь
)

------------------------

------------------------
19.01.2025 17:24:51
CallbackFormEmailModal
Array
(
    [name] => 777@zel.biz
    [phone] => 84395618168
    [formname] => Обратная связь
)

------------------------

------------------------
19.01.2025 17:32:02
CallbackFormEmailModal
Array
(
    [name] => anya.genger@mail.ru
    [phone] => 81597824128
    [formname] => Обратная связь
)

------------------------

------------------------
19.01.2025 17:47:34
CallbackFormEmailModal
Array
(
    [name] => laisumake186@mail.ru
    [phone] => 85477969823
    [formname] => Обратная связь
)

------------------------

------------------------
19.01.2025 18:13:15
CallbackFormEmailModal
Array
(
    [name] => angola@google.com
    [phone] => 86911124411
    [formname] => Обратная связь
)

------------------------

------------------------
19.01.2025 18:55:35
CallbackFormEmailModal
Array
(
    [name] => mlonanlout1985@mail.ru
    [phone] => 86519538736
    [formname] => Обратная связь
)

------------------------

------------------------
19.01.2025 19:31:57
CallbackFormEmailModal
Array
(
    [name] => terjetade1977@mail.ru
    [phone] => 89352661931
    [formname] => Обратная связь
)

------------------------

------------------------
19.01.2025 19:35:45
CallbackFormEmailModal
Array
(
    [name] => gfyuwbaunSi@rudiplomust.com
    [phone] => 84693948984
    [formname] => Обратная связь
)

------------------------

------------------------
19.01.2025 19:42:38
CallbackFormEmailModal
Array
(
    [name] => dzhavgorat-tashdemirov1981@mail.ru
    [phone] => 88991545439
    [formname] => Обратная связь
)

------------------------

------------------------
19.01.2025 20:27:59
CallbackFormEmailModal
Array
(
    [name] => vgdofhnrfel@rudiplomust.com
    [phone] => 88215893366
    [formname] => Обратная связь
)

------------------------

------------------------
19.01.2025 20:40:33
CallbackFormEmailModal
Array
(
    [name] => zenchikova.anna@mail.ru
    [phone] => 89594916481
    [formname] => Обратная связь
)

------------------------

------------------------
19.01.2025 20:42:29
CallbackFormEmailModal
Array
(
    [name] => wacht.wasden31@biebel54.dynainbox.com 
    [phone] => 81253976896
    [formname] => Обратная связь
)

------------------------

------------------------
19.01.2025 22:41:46
CallbackFormEmailModal
Array
(
    [name] => jackson1@xrevelxr.com
    [phone] => 85454663643
    [formname] => Обратная связь
)

------------------------

------------------------
19.01.2025 22:42:46
CallbackFormEmailModal
Array
(
    [name] => jackson2@xrevelxr.com
    [phone] => 86882619236
    [formname] => Обратная связь
)

------------------------
