
------------------------
04.03.2025 1:05:05
CallbackFormEmailModal
Array
(
    [name] => lpexoitapp@rambler.ru
    [phone] => 71231234567
    [formname] => Обратная связь
)

------------------------

------------------------
04.03.2025 5:49:35
CallbackFormEmailModal
Array
(
    [name] => barbariska8912@gmail.com
    [phone] => 89774158115
    [formname] => Обратная связь
)

------------------------

------------------------
04.03.2025 6:55:52
CallbackFormEmailModal
Array
(
    [name] => goldboy1931@gmail.com
    [phone] => 87344124226
    [formname] => Обратная связь
)

------------------------

------------------------
04.03.2025 8:08:54
CallbackFormEmailModal
Array
(
    [name] => ponomaryov.borya.1983@bk.ru
    [phone] => 84413348297
    [formname] => Обратная связь
)

------------------------

------------------------
04.03.2025 8:08:56
CallbackFormEmailModal
Array
(
    [name] => rerkgeemong98@mail.ru
    [phone] => 84198741141
    [formname] => Обратная связь
)

------------------------

------------------------
04.03.2025 8:08:56
CallbackFormEmailModal
Array
(
    [name] => nifontmarkov1987@mail.ru
    [phone] => 81962782148
    [formname] => Обратная связь
)

------------------------

------------------------
04.03.2025 8:14:57
CallbackFormEmailModal
Array
(
    [name] => kozlovvarlen19782037@mail.ru
    [phone] => 89937495463
    [formname] => Обратная связь
)

------------------------

------------------------
04.03.2025 8:17:34
CallbackFormEmailModal
Array
(
    [name] => arturgorz2o3@bk.ru
    [phone] => 85728313325
    [formname] => Обратная связь
)

------------------------

------------------------
04.03.2025 8:19:55
CallbackFormEmailModal
Array
(
    [name] => Emanuel Coppin
    [phone] => Australia
    [formname] => Обратная связь
)

------------------------

------------------------
04.03.2025 8:53:37
CallbackFormEmailModal
Array
(
    [name] => capytmp@imap456.site
    [phone] => 89166747726
    [formname] => Обратная связь
)

------------------------

------------------------
04.03.2025 11:16:29
CallbackFormEmailModal
Array
(
    [name] => mamedov.edgar.1992.3.3@inbox.ru
    [phone] => 87223967659
    [formname] => Обратная связь
)

------------------------

------------------------
04.03.2025 11:45:37
CallbackFormEmailModal
Array
(
    [name] => eprovbelwha@mail.ru
    [phone] => 89642819436
    [formname] => Обратная связь
)

------------------------

------------------------
04.03.2025 12:43:08
CallbackFormEmailModal
Array
(
    [name] => capytmp@imap456.site
    [phone] => 85255726115
    [formname] => Обратная связь
)

------------------------

------------------------
04.03.2025 13:29:26
CallbackFormEmailModal
Array
(
    [name] => admin@progonx.fun
    [phone] => 86764832697
    [formname] => Обратная связь
)

------------------------

------------------------
04.03.2025 14:01:10
CallbackFormEmailModal
Array
(
    [name] => pencucon_97@mail.ru
    [phone] => 83477375523
    [formname] => Обратная связь
)

------------------------

------------------------
04.03.2025 14:22:31
CallbackFormEmailModal
Array
(
    [name] => kondratievamelissa@yandex.com
    [phone] => 86133293218
    [formname] => Обратная связь
)

------------------------

------------------------
04.03.2025 18:54:49
CallbackFormEmailModal
Array
(
    [name] => barbariska8912@gmail.com
    [phone] => 83365237134
    [formname] => Обратная связь
)

------------------------
