
------------------------
15.05.2024 1:01:06
CallbackFormEmailModal
Array
(
    [name] => peabudlecon@mail3go.online

    [phone] => 88757542362
    [formname] => Обратная связь
)

------------------------

------------------------
15.05.2024 4:26:44
CallbackFormEmailModal
Array
(
    [name] => autolife56@yandex.kz
    [phone] => 86115371494
    [formname] => Обратная связь
)

------------------------

------------------------
15.05.2024 5:11:17
CallbackFormEmailModal
Array
(
    [name] => peterAlburnern@gmail.com
    [phone] => 87668522315
    [formname] => Обратная связь
)

------------------------

------------------------
15.05.2024 5:58:35
CallbackFormEmailModal
Array
(
    [name] => promosmartfosv@gmail.com
    [phone] => 85699199498
    [formname] => Обратная связь
)

------------------------

------------------------
15.05.2024 10:39:44
CallbackFormEmailModal
Array
(
    [name] => gaudgjkzq@guyclearsecso.online
    [phone] => 84224585826
    [formname] => Обратная связь
)

------------------------

------------------------
15.05.2024 10:40:26
CallbackFormEmailModal
Array
(
    [name] => ybyqjodvc@rambbarlumbsi.online
    [phone] => 88499226417
    [formname] => Обратная связь
)

------------------------

------------------------
15.05.2024 10:44:35
CallbackFormEmailModal
Array
(
    [name] => borisgendelman22@outlook.com
    [phone] => 89999219575
    [formname] => Обратная связь
)

------------------------

------------------------
15.05.2024 11:07:30
CallbackFormEmailModal
Array
(
    [name] => trblgtujn@georonbuzztal.online
    [phone] => 86375223133
    [formname] => Обратная связь
)

------------------------

------------------------
15.05.2024 13:09:53
CallbackFormEmailModal
Array
(
    [name] => al.ejand.ra.g.rim.sha.w@gmail.com
    [phone] => 84796352964
    [formname] => Обратная связь
)

------------------------

------------------------
15.05.2024 15:03:22
CallbackFormEmailModal
Array
(
    [name] => grillebounhei1988@op.pl
    [phone] => 86295439616
    [formname] => Обратная связь
)

------------------------

------------------------
15.05.2024 15:45:08
CallbackFormEmailModal
Array
(
    [name] => ivanova_lc5a8@rambler.ru
    [phone] => 89312945261
    [formname] => Обратная связь
)

------------------------

------------------------
15.05.2024 16:08:48
CallbackFormEmailModal
Array
(
    [name] => coyferseuclas1972@op.pl
    [phone] => 86483194944
    [formname] => Обратная связь
)

------------------------

------------------------
15.05.2024 16:49:25
CallbackFormEmailModal
Array
(
    [name] => yana.goryunova.30.06.1987@mail.ru
    [phone] => 81956618699
    [formname] => Обратная связь
)

------------------------

------------------------
15.05.2024 19:02:36
CallbackFormEmailModal
Array
(
    [name] => dellipenle1971@op.pl
    [phone] => 88343923175
    [formname] => Обратная связь
)

------------------------

------------------------
15.05.2024 20:29:21
CallbackFormEmailModal
Array
(
    [name] => lucido.leinteract@gmail.com
    [phone] => 83937749867
    [formname] => Обратная связь
)

------------------------

------------------------
15.05.2024 23:33:38
CallbackFormEmailModal
Array
(
    [name] => tiadonluru1981@op.pl
    [phone] => 88749921647
    [formname] => Обратная связь
)

------------------------
