
------------------------
02.09.2023 0:47:52
CallbackFormEmailModal
Array
(
    [name] => 8rdzg@course-fitness.com
    [phone] => 88346398662
    [formname] => Обратная связь
)

------------------------

------------------------
02.09.2023 3:34:34
CallbackFormEmailModal
Array
(
    [name] => renen5p@outlook.com
    [phone] => 83366671336
    [formname] => Обратная связь
)

------------------------

------------------------
02.09.2023 5:20:53
CallbackFormEmailModal
Array
(
    [name] => nvlfduesxadbkat@mail.ru
    [phone] => +19123456802
    [formname] => Обратная связь
)

------------------------

------------------------
02.09.2023 12:49:43
CallbackFormEmailModal
Array
(
    [name] => 10000kzaim@mail.ru
    [phone] => 84782147613
    [formname] => Обратная связь
)

------------------------

------------------------
02.09.2023 17:47:58
CallbackFormEmailModal
Array
(
    [name] => ntspmwjxy@essytop.site
    [phone] => 88238479177
    [formname] => Обратная связь
)

------------------------

------------------------
02.09.2023 20:07:49
CallbackFormEmailModal
Array
(
    [name] => sugarwork78@gmail.com
    [phone] => 88191729563
    [formname] => Обратная связь
)

------------------------
