
------------------------
20.02.2025 2:19:48
CallbackFormEmailModal
Array
(
    [name] => vincenttaits@mail.ru
    [phone] => 83173987978
    [formname] => Обратная связь
)

------------------------

------------------------
20.02.2025 2:32:42
CallbackFormEmailModal
Array
(
    [name] => werwerrrrrrrrrr@sugrad.ru
    [phone] => 88418882479
    [formname] => Обратная связь
)

------------------------

------------------------
20.02.2025 5:01:14
CallbackFormEmailModal
Array
(
    [name] => ahwmvdothMn@rudiplomust.com
    [phone] => 89521827312
    [formname] => Обратная связь
)

------------------------

------------------------
20.02.2025 9:34:41
CallbackFormEmailModal
Array
(
    [name] => eugeneAcuseeugeneAcuse@mail.ru
    [phone] => 87548682625
    [formname] => Обратная связь
)

------------------------

------------------------
20.02.2025 10:01:47
CallbackFormEmailModal
Array
(
    [name] => jhihxommaEt@rudiplomust.com
    [phone] => 85123575755
    [formname] => Обратная связь
)

------------------------

------------------------
20.02.2025 10:36:00
CallbackFormEmailModal
Array
(
    [name] => chistogunn@gmail.com
    [phone] => 84998149144
    [formname] => Обратная связь
)

------------------------

------------------------
20.02.2025 11:07:29
CallbackFormEmailModal
Array
(
    [name] => quipantada1971@op.pl
    [phone] => 85974572865
    [formname] => Обратная связь
)

------------------------

------------------------
20.02.2025 13:14:03
CallbackFormEmailModal
Array
(
    [name] => tcjxwcqnjsa@rudiplomust.com
    [phone] => 86676622287
    [formname] => Обратная связь
)

------------------------

------------------------
20.02.2025 14:12:44
CallbackFormEmailModal
Array
(
    [name] => howyyncxy@bk.ru
    [phone] => 85396193134
    [formname] => Обратная связь
)

------------------------

------------------------
20.02.2025 14:12:47
CallbackFormEmailModal
Array
(
    [name] => ignatevipatii19908014@mail.ru
    [phone] => 83267594496
    [formname] => Обратная связь
)

------------------------

------------------------
20.02.2025 14:12:48
CallbackFormEmailModal
Array
(
    [name] => psincurousenlepen@mail.ru
    [phone] => 87226953219
    [formname] => Обратная связь
)

------------------------

------------------------
20.02.2025 14:13:31
CallbackFormEmailModal
Array
(
    [name] => siatimscompma1978@mail.ru
    [phone] => 85255296721
    [formname] => Обратная связь
)

------------------------

------------------------
20.02.2025 14:16:24
CallbackFormEmailModal
Array
(
    [name] => juncpecni1980@mail.ru
    [phone] => 89918574815
    [formname] => Обратная связь
)

------------------------

------------------------
20.02.2025 14:38:23
CallbackFormEmailModal
Array
(
    [name] => mmjpubhhcel@rudiplomust.com
    [phone] => 85764727151
    [formname] => Обратная связь
)

------------------------

------------------------
20.02.2025 15:16:54
CallbackFormEmailModal
Array
(
    [name] => enasisci1973@op.pl
    [phone] => 85758667533
    [formname] => Обратная связь
)

------------------------

------------------------
20.02.2025 15:33:54
CallbackFormEmailModal
Array
(
    [name] => lu.k.ino.vi.ch.202.21.355@gmail.com

    [phone] => 85647524732
    [formname] => Обратная связь
)

------------------------

------------------------
20.02.2025 19:04:01
CallbackFormEmailModal
Array
(
    [name] => ezthekmzeSi@rudiplomust.com
    [phone] => 86734913994
    [formname] => Обратная связь
)

------------------------

------------------------
20.02.2025 19:46:12
CallbackFormEmailModal
Array
(
    [name] => agyseydqbMi@rudiplomust.com
    [phone] => 87436319536
    [formname] => Обратная связь
)

------------------------

------------------------
20.02.2025 20:06:15
CallbackFormEmailModal
Array
(
    [name] => ocopesuq299@gmail.com
    [phone] => 83735683365
    [formname] => Обратная связь
)

------------------------

------------------------
20.02.2025 22:26:14
CallbackFormEmailModal
Array
(
    [name] => ttjbagijnei@rudiplomust.com
    [phone] => 81645972546
    [formname] => Обратная связь
)

------------------------

------------------------
20.02.2025 23:16:21
CallbackFormEmailModal
Array
(
    [name] => culabrjmoEa@me-game.store
    [phone] => 86633498454
    [formname] => Обратная связь
)

------------------------
