
------------------------
25.11.2025 3:14:08
CallbackFormEmailModal
Array
(
    [name] => jbiuldsnbb@rambler.ru
    [phone] => 79015370706
    [formname] => Обратная связь
)

------------------------

------------------------
25.11.2025 4:51:28
CallbackFormEmailModal
Array
(
    [name] => anya.genger@mail.ru
    [phone] => 84219339329
    [formname] => Обратная связь
)

------------------------

------------------------
25.11.2025 5:19:27
CallbackFormEmailModal
Array
(
    [name] => kkwvducfimt@ingushetdomaz.pro
    [phone] => 86522849983
    [formname] => Обратная связь
)

------------------------

------------------------
25.11.2025 5:38:01
CallbackFormEmailModal
Array
(
    [name] => 352@woldex.online
    [phone] => 87833116599
    [formname] => Обратная связь
)

------------------------

------------------------
25.11.2025 7:27:58
CallbackFormEmailModal
Array
(
    [name] => vitya-kondratev-1969@inbox.ru
    [phone] => 88678821963
    [formname] => Обратная связь
)

------------------------

------------------------
25.11.2025 7:27:58
CallbackFormEmailModal
Array
(
    [name] => naphtloxua-5550@mail.ru
    [phone] => 89971463841
    [formname] => Обратная связь
)

------------------------

------------------------
25.11.2025 7:30:37
CallbackFormEmailModal
Array
(
    [name] => zuyev-vadik@bk.ru
    [phone] => 86562656977
    [formname] => Обратная связь
)

------------------------

------------------------
25.11.2025 7:35:29
CallbackFormEmailModal
Array
(
    [name] => osipova.liliia.1986.22.12@inbox.ru
    [phone] => 86896534339
    [formname] => Обратная связь
)

------------------------

------------------------
25.11.2025 7:43:43
CallbackFormEmailModal
Array
(
    [name] => andrey_filimonov94@mail.ru
    [phone] => 83836617949
    [formname] => Обратная связь
)

------------------------

------------------------
25.11.2025 8:15:27
CallbackFormEmailModal
Array
(
    [name] => eprovbelwha@mail.ru
    [phone] => 86261644335
    [formname] => Обратная связь
)

------------------------

------------------------
25.11.2025 8:20:59
CallbackFormEmailModal
Array
(
    [name] => erangifest1980@mail.ru
    [phone] => 84233946829
    [formname] => Обратная связь
)

------------------------

------------------------
25.11.2025 11:16:49
CallbackFormEmailModal
Array
(
    [name] => yaroslav.sevastyanov.1988@mail.ru
    [phone] => 86396944954
    [formname] => Обратная связь
)

------------------------
