
------------------------
02.10.2022 0:17:54
CallbackFormEmailModal
Array
(
    [name] => spbetcas448@gmail.com
    [phone] => 82217411978
    [formname] => Обратная связь
)

------------------------

------------------------
02.10.2022 2:54:43
CallbackFormEmailModal
Array
(
    [name] => spbetcas690@gmail.com
    [phone] => 88712897237
    [formname] => Обратная связь
)

------------------------

------------------------
02.10.2022 4:22:11
CallbackFormEmailModal
Array
(
    [name] => spbetcas348@gmail.com
    [phone] => 83263596316
    [formname] => Обратная связь
)

------------------------

------------------------
02.10.2022 11:39:33
CallbackFormEmailModal
Array
(
    [name] => vasili.kuzmin93@gmail.com
    [phone] => 81328116873
    [formname] => Обратная связь
)

------------------------

------------------------
02.10.2022 18:20:22
CallbackFormEmailModal
Array
(
    [name] => littlesicilianangel@msn.com
    [phone] => 83135577718
    [formname] => Обратная связь
)

------------------------

------------------------
02.10.2022 20:38:34
CallbackFormEmailModal
Array
(
    [name] => alexpopov716253@gmail.com
    [phone] => 88147389393
    [formname] => Обратная связь
)

------------------------

------------------------
02.10.2022 23:03:00
CallbackFormEmailModal
Array
(
    [name] => smirnov-sergey-smirnov-1991-ser@bk.ru
    [phone] => 87969975711
    [formname] => Обратная связь
)

------------------------

------------------------
02.10.2022 23:25:42
CallbackFormEmailModal
Array
(
    [name] => nikolay-kuzmin-1959@list.ru
    [phone] => 88972772194
    [formname] => Обратная связь
)

------------------------
