
------------------------
27.08.2024 1:03:31
CallbackFormEmailModal
Array
(
    [name] => koonocour@gismail.online

    [phone] => 82453491745
    [formname] => Обратная связь
)

------------------------

------------------------
27.08.2024 10:25:30
CallbackFormEmailModal
Array
(
    [name] => alina-sviridova-20341@mail.ru
    [phone] => 82778382422
    [formname] => Обратная связь
)

------------------------

------------------------
27.08.2024 11:39:27
Order
Array
(
    [name] => Адамов Денис Юрьевич
    [email] => denis.adamov@gmail.com
    [phone] => +7-896-472-5888
    [comment] => Решетчатый настил P 33х11/30х2 Zn 800х1000 мм, кол-во: 1, цена: 7200руб.
Решетчатый настил P 33х11/30х2 Zn 700х1000 мм, кол-во: 1, цена: 6450руб.
Лестничная ступень SР 34х38/40х3 Zn 1200х305 мм, кол-во: 1, цена: 3150руб.
Способ доставки: Самовывоз со склада
Выберите способ оплаты: Оплата наличным

Комментарий к заказу: 

    [formname] => Заказ из корзины
    [fields] => Array
        (
            [price] => 66150
        )

)

------------------------

------------------------
27.08.2024 13:51:03
CallbackFormEmailModal
Array
(
    [name] => eee555ws@gmail.com
    [phone] => 89249498372
    [formname] => Обратная связь
)

------------------------

------------------------
27.08.2024 16:55:15
CallbackFormEmailModal
Array
(
    [name] => allan3@xrevelxr.com
    [phone] => 85622517815
    [formname] => Обратная связь
)

------------------------

------------------------
27.08.2024 19:16:50
CallbackFormEmailModal
Array
(
    [name] => brentallenpatterson@gmail.com
    [phone] => 89244547741
    [formname] => Обратная связь
)

------------------------

------------------------
27.08.2024 20:08:03
CallbackFormEmailModal
Array
(
    [name] => 9ausglofzz8is5s@tempmail.us.com
    [phone] => 82725925771
    [formname] => Обратная связь
)

------------------------

------------------------
27.08.2024 21:31:44
CallbackFormEmailModal
Array
(
    [name] => alfredo1@xrevelxr.com
    [phone] => 85662337539
    [formname] => Обратная связь
)

------------------------

------------------------
27.08.2024 23:08:04
CallbackFormEmailModal
Array
(
    [name] => trenton60alcazar6zs@hotmail.com
    [phone] => 81199228691
    [formname] => Обратная связь
)

------------------------

------------------------
27.08.2024 23:11:40
CallbackFormEmailModal
Array
(
    [name] => aq55aqa@rambler.ru
    [phone] => 83972136921
    [formname] => Обратная связь
)

------------------------
