
------------------------
03.08.2025 0:53:05
CallbackFormEmailModal
Array
(
    [name] => dgcaarqw@eblanomail.com
    [phone] => 83162332373
    [formname] => Обратная связь
)

------------------------

------------------------
03.08.2025 2:22:14
CallbackFormEmailModal
Array
(
    [name] => ublyrlkb@ronaldofmail.com
    [phone] => 85456364519
    [formname] => Обратная связь
)

------------------------

------------------------
03.08.2025 4:55:21
CallbackFormEmailModal
Array
(
    [name] => info@professionalseocleanup.com
    [phone] => 84238936931
    [formname] => Обратная связь
)

------------------------

------------------------
03.08.2025 5:13:53
CallbackFormEmailModal
Array
(
    [name] => xqdeivbx@tubermail.com
    [phone] => 84356172571
    [formname] => Обратная связь
)

------------------------

------------------------
03.08.2025 7:03:29
CallbackFormEmailModal
Array
(
    [name] => pnvfxzmd@wildbmail.com
    [phone] => 87999544224
    [formname] => Обратная связь
)

------------------------

------------------------
03.08.2025 8:01:31
CallbackFormEmailModal
Array
(
    [name] => deacren@mail.ru
    [phone] => 88571223661
    [formname] => Обратная связь
)

------------------------

------------------------
03.08.2025 8:24:35
CallbackFormEmailModal
Array
(
    [name] => waai8stccwnc@mail.ru
    [phone] => 89965296471
    [formname] => Обратная связь
)

------------------------

------------------------
03.08.2025 8:31:16
CallbackFormEmailModal
Array
(
    [name] => profconbu_64@mail.ru
    [phone] => 88274169532
    [formname] => Обратная связь
)

------------------------

------------------------
03.08.2025 8:41:44
CallbackFormEmailModal
Array
(
    [name] => gunlekingovertcon@mail.ru
    [phone] => 87855564255
    [formname] => Обратная связь
)

------------------------

------------------------
03.08.2025 8:56:00
CallbackFormEmailModal
Array
(
    [name] => sinevhabibi664@bk.ru
    [phone] => 89617566995
    [formname] => Обратная связь
)

------------------------

------------------------
03.08.2025 9:32:06
CallbackFormEmailModal
Array
(
    [name] => tacusol-6816@mail.ru
    [phone] => 83924722539
    [formname] => Обратная связь
)

------------------------

------------------------
03.08.2025 10:06:06
CallbackFormEmailModal
Array
(
    [name] => arturgorz2o3@bk.ru
    [phone] => 87615491169
    [formname] => Обратная связь
)

------------------------

------------------------
03.08.2025 10:12:00
CallbackFormEmailModal
Array
(
    [name] => urpraloh@ronaldofmail.com
    [phone] => 86425625412
    [formname] => Обратная связь
)

------------------------

------------------------
03.08.2025 10:19:12
CallbackFormEmailModal
Array
(
    [name] => sadaasfgf@gmail.com
    [phone] => 81994668984
    [formname] => Обратная связь
)

------------------------

------------------------
03.08.2025 10:24:24
CallbackFormEmailModal
Array
(
    [name] => kqjigmdd@streetwormail.com
    [phone] => 87896517885
    [formname] => Обратная связь
)

------------------------

------------------------
03.08.2025 14:01:17
CallbackFormEmailModal
Array
(
    [name] => karina_platonova_31068@mail.ru
    [phone] => 83637867223
    [formname] => Обратная связь
)

------------------------

------------------------
03.08.2025 14:01:36
CallbackFormEmailModal
Array
(
    [name] => podaiclan_547@mail.ru
    [phone] => 83939135787
    [formname] => Обратная связь
)

------------------------

------------------------
03.08.2025 14:02:17
CallbackFormEmailModal
Array
(
    [name] => halcheni1990@mail.ru
    [phone] => 86112641674
    [formname] => Обратная связь
)

------------------------

------------------------
03.08.2025 14:12:15
CallbackFormEmailModal
Array
(
    [name] => kharalampiimartyshkin@mail.ru
    [phone] => 88279551871
    [formname] => Обратная связь
)

------------------------

------------------------
03.08.2025 14:22:19
CallbackFormEmailModal
Array
(
    [name] => tipanasotemthia@mail.ru
    [phone] => 87389778617
    [formname] => Обратная связь
)

------------------------

------------------------
03.08.2025 14:26:34
CallbackFormEmailModal
Array
(
    [name] => sashunya.sergeev.2022@list.ru
    [phone] => 88835993593
    [formname] => Обратная связь
)

------------------------

------------------------
03.08.2025 14:31:58
CallbackFormEmailModal
Array
(
    [name] => akindinkudryashov6842@mail.ru
    [phone] => 85438551621
    [formname] => Обратная связь
)

------------------------

------------------------
03.08.2025 14:43:25
CallbackFormEmailModal
Array
(
    [name] => arturgorz2o3@bk.ru
    [phone] => 88743479524
    [formname] => Обратная связь
)

------------------------

------------------------
03.08.2025 15:00:27
CallbackFormEmailModal
Array
(
    [name] => vitya-kondratev-1969@inbox.ru
    [phone] => 87744478775
    [formname] => Обратная связь
)

------------------------

------------------------
03.08.2025 15:11:14
CallbackFormEmailModal
Array
(
    [name] => cratunsculit1988@mail.ru
    [phone] => 83444764434
    [formname] => Обратная связь
)

------------------------

------------------------
03.08.2025 15:39:07
CallbackFormEmailModal
Array
(
    [name] => dionisij.grigorev.92@mail.ru
    [phone] => 85914783312
    [formname] => Обратная связь
)

------------------------

------------------------
03.08.2025 18:57:32
CallbackFormEmailModal
Array
(
    [name] => nifontmarkov1987@mail.ru
    [phone] => 82561948683
    [formname] => Обратная связь
)

------------------------

------------------------
03.08.2025 19:01:01
CallbackFormEmailModal
Array
(
    [name] => pomgmk9oheivabfooksm@list.ru
    [phone] => 82382681157
    [formname] => Обратная связь
)

------------------------

------------------------
03.08.2025 19:21:43
CallbackFormEmailModal
Array
(
    [name] => nefedrogov985783@mail.ru
    [phone] => 84559879936
    [formname] => Обратная связь
)

------------------------

------------------------
03.08.2025 21:53:37
CallbackFormEmailModal
Array
(
    [name] => egorbmxik@mail.ru
    [phone] => 87842962626
    [formname] => Обратная связь
)

------------------------
