
------------------------
14.06.2024 0:16:38
CallbackFormEmailModal
Array
(
    [name] => zhdutvoegootveta@gmail.com
    [phone] => 86568772695
    [formname] => Обратная связь
)

------------------------

------------------------
14.06.2024 1:37:06
CallbackFormEmailModal
Array
(
    [name] => crcskllc@yourmailz.com
    [phone] => 81414885475
    [formname] => Обратная связь
)

------------------------

------------------------
14.06.2024 1:37:48
CallbackFormEmailModal
Array
(
    [name] => etnlqpqo@webfreemailz.com
    [phone] => 85549716549
    [formname] => Обратная связь
)

------------------------

------------------------
14.06.2024 3:55:10
CallbackFormEmailModal
Array
(
    [name] => Sandrafot1999@xru.goaglie.com
    [phone] => 82376176914
    [formname] => Обратная связь
)

------------------------

------------------------
14.06.2024 3:56:30
CallbackFormEmailModal
Array
(
    [name] => tgbots2024avg@gmail.com
    [phone] => 84981369587
    [formname] => Обратная связь
)

------------------------

------------------------
14.06.2024 8:51:26
CallbackFormEmailModal
Array
(
    [name] => rabochie-sp23b@gmail.com
    [phone] => 89458224322
    [formname] => Обратная связь
)

------------------------

------------------------
14.06.2024 13:29:58
CallbackFormEmailModal
Array
(
    [name] => soundfinewque1971@op.pl
    [phone] => 82354631347
    [formname] => Обратная связь
)

------------------------

------------------------
14.06.2024 16:09:42
CallbackFormEmailModal
Array
(
    [name] => bestgame@casinowolfspins.com
    [phone] => 81374489753
    [formname] => Обратная связь
)

------------------------

------------------------
14.06.2024 17:36:19
CallbackFormEmailModal
Array
(
    [name] => loabinraly@mail3go.online

    [phone] => 87866894417
    [formname] => Обратная связь
)

------------------------

------------------------
14.06.2024 17:41:40
CallbackFormModal
Array
(
    [name] => Владимир 
    [phone] => +7(929)993-78-55
    [formname] => Заказать звонок
)

------------------------

------------------------
14.06.2024 18:12:31
CallbackFormModal
Array
(
    [name] => Ольга
    [phone] => +7(915)190-99-82
    [formname] => Заказать звонок
)

------------------------

------------------------
14.06.2024 20:33:45
CallbackFormEmailModal
Array
(
    [name] => vigfusrannveig59@gmail.com
    [phone] => 87456543547
    [formname] => Обратная связь
)

------------------------

------------------------
14.06.2024 21:57:38
CallbackFormEmailModal
Array
(
    [name] => 1@ekskavator32.ru
    [phone] => 83341173724
    [formname] => Обратная связь
)

------------------------

------------------------
14.06.2024 22:53:19
CallbackFormEmailModal
Array
(
    [name] => pinuzaer@pinupora.ru
    [phone] => 84858892577
    [formname] => Обратная связь
)

------------------------

------------------------
14.06.2024 23:52:07
CallbackFormEmailModal
Array
(
    [name] => hdhyeytw@outlook.com
    [phone] => 89488267996
    [formname] => Обратная связь
)

------------------------
