
------------------------
11.11.2021 2:24:05
CallbackFormEmailModal
Array
(
    [name] => no-replysuinuts@gmail.com
    [phone] => 88497152722
    [formname] => Обратная связь
)

------------------------

------------------------
11.11.2021 14:00:07
CallbackFormEmailModal
Array
(
    [name] => karina11@gmail.com
    [phone] => 89634111848
    [formname] => Обратная связь
)

------------------------

------------------------
11.11.2021 18:14:58
CallbackFormEmailModal
Array
(
    [name] => nacy1s3@gmail.com
    [phone] => 86559613791
    [formname] => Обратная связь
)

------------------------

------------------------
11.11.2021 20:02:58
CallbackFormEmailModal
Array
(
    [name] => svidinfo1980@gmail.com
    [phone] => 86495783993
    [formname] => Обратная связь
)

------------------------
