
------------------------
24.04.2025 1:17:45
CallbackFormEmailModal
Array
(
    [name] => mults@lumexmail.shop
    [phone] => 82613962741
    [formname] => Обратная связь
)

------------------------

------------------------
24.04.2025 4:51:07
CallbackFormEmailModal
Array
(
    [name] => adrum314@live.com
    [phone] => 84897473442
    [formname] => Обратная связь
)

------------------------

------------------------
24.04.2025 5:35:30
CallbackFormEmailModal
Array
(
    [name] => battselalo@gismail.online

    [phone] => 82385831963
    [formname] => Обратная связь
)

------------------------

------------------------
24.04.2025 7:06:53
CallbackFormEmailModal
Array
(
    [name] => woodbpurne1983@mail.ru
    [phone] => 84472946778
    [formname] => Обратная связь
)

------------------------

------------------------
24.04.2025 8:43:58
CallbackFormEmailModal
Array
(
    [name] => test@gmail.com
    [phone] => 84163244294
    [formname] => Обратная связь
)

------------------------

------------------------
24.04.2025 8:45:53
CallbackFormEmailModal
Array
(
    [name] => ilnanmode1973@mail.ru
    [phone] => 89476479627
    [formname] => Обратная связь
)

------------------------

------------------------
24.04.2025 8:45:55
CallbackFormEmailModal
Array
(
    [name] => iqablala1980858@mail.ru
    [phone] => 82745148389
    [formname] => Обратная связь
)

------------------------

------------------------
24.04.2025 8:49:45
CallbackFormEmailModal
Array
(
    [name] => ofeliyasemenova1993@list.ru
    [phone] => 84597374856
    [formname] => Обратная связь
)

------------------------

------------------------
24.04.2025 9:05:47
CallbackFormEmailModal
Array
(
    [name] => mike@monkeydigital.co
    [phone] => 88511477496
    [formname] => Обратная связь
)

------------------------

------------------------
24.04.2025 9:14:20
CallbackFormEmailModal
Array
(
    [name] => deacren@mail.ru
    [phone] => 82552229515
    [formname] => Обратная связь
)

------------------------

------------------------
24.04.2025 9:45:02
CallbackFormEmailModal
Array
(
    [name] => tacusol-6816@mail.ru
    [phone] => 83629614961
    [formname] => Обратная связь
)

------------------------

------------------------
24.04.2025 9:53:41
CallbackFormEmailModal
Array
(
    [name] => anya.genger@mail.ru
    [phone] => 81376232957
    [formname] => Обратная связь
)

------------------------

------------------------
24.04.2025 10:51:32
CallbackFormEmailModal
Array
(
    [name] => combontsegal37@mail.ru
    [phone] => 88573363386
    [formname] => Обратная связь
)

------------------------

------------------------
24.04.2025 11:00:27
CallbackFormEmailModal
Array
(
    [name] => gendraducanprohbay@mail.ru
    [phone] => 86882593287
    [formname] => Обратная связь
)

------------------------

------------------------
24.04.2025 11:02:40
CallbackFormEmailModal
Array
(
    [name] => secberconla1986@mail.ru
    [phone] => 88519147313
    [formname] => Обратная связь
)

------------------------

------------------------
24.04.2025 11:06:35
CallbackFormEmailModal
Array
(
    [name] => nadacottuobesnie@mail.ru
    [phone] => 88896348678
    [formname] => Обратная связь
)

------------------------

------------------------
24.04.2025 12:41:08
CallbackFormEmailModal
Array
(
    [name] => andrey.don.x@gmail.com
    [phone] => 83793136348
    [formname] => Обратная связь
)

------------------------

------------------------
24.04.2025 14:31:54
CallbackFormEmailModal
Array
(
    [name] => juniortub@mail.ru
    [phone] => 82751522484
    [formname] => Обратная связь
)

------------------------

------------------------
24.04.2025 14:33:49
CallbackFormEmailModal
Array
(
    [name] => packsmax698@meta.ua
    [phone] => 85831727739
    [formname] => Обратная связь
)

------------------------

------------------------
24.04.2025 15:57:05
CallbackFormEmailModal
Array
(
    [name] => arachnid@notdot.net
    [phone] => 87725475152
    [formname] => Обратная связь
)

------------------------

------------------------
24.04.2025 16:00:20
CallbackFormEmailModal
Array
(
    [name] => stevenKeymn@mail.ru
    [phone] => 82931632565
    [formname] => Обратная связь
)

------------------------

------------------------
24.04.2025 17:00:17
CallbackFormEmailModal
Array
(
    [name] => arachnid@notdot.net
    [phone] => 81569255572
    [formname] => Обратная связь
)

------------------------
