
------------------------
10.08.2025 1:32:32
CallbackFormEmailModal
Array
(
    [name] => mike@monkeydigital.co
    [phone] => 84463777218
    [formname] => Обратная связь
)

------------------------

------------------------
10.08.2025 2:45:51
CallbackFormEmailModal
Array
(
    [name] => irinademenkova86@gmail.com
    [phone] => 86234369811
    [formname] => Обратная связь
)

------------------------

------------------------
10.08.2025 3:09:31
CallbackFormEmailModal
Array
(
    [name] => evgenevna5qdk@gmail.com
    [phone] => 85821626761
    [formname] => Обратная связь
)

------------------------

------------------------
10.08.2025 8:11:34
CallbackFormEmailModal
Array
(
    [name] => gunlekingovertcon@mail.ru
    [phone] => 86245527117
    [formname] => Обратная связь
)

------------------------

------------------------
10.08.2025 8:55:20
CallbackFormEmailModal
Array
(
    [name] => tacusol-6816@mail.ru
    [phone] => 81373287288
    [formname] => Обратная связь
)

------------------------

------------------------
10.08.2025 8:56:39
CallbackFormEmailModal
Array
(
    [name] => arturgorz2o3@bk.ru
    [phone] => 82889568741
    [formname] => Обратная связь
)

------------------------

------------------------
10.08.2025 8:56:48
CallbackFormEmailModal
Array
(
    [name] => polyakovdanila19908366@mail.ru
    [phone] => 81221418864
    [formname] => Обратная связь
)

------------------------

------------------------
10.08.2025 9:07:41
CallbackFormEmailModal
Array
(
    [name] => margarita.stolyarova.26.05.1995@mail.ru
    [phone] => 84958341781
    [formname] => Обратная связь
)

------------------------

------------------------
10.08.2025 9:41:26
CallbackFormEmailModal
Array
(
    [name] => deflation-coin@yandex.com
    [phone] => 88467687295
    [formname] => Обратная связь
)

------------------------

------------------------
10.08.2025 11:46:46
CallbackFormEmailModal
Array
(
    [name] => revers711@1ti.ru
    [phone] => 88761439516
    [formname] => Обратная связь
)

------------------------

------------------------
10.08.2025 14:03:22
CallbackFormEmailModal
Array
(
    [name] => amabil.6002@mail.ru
    [phone] => 86291478464
    [formname] => Обратная связь
)

------------------------

------------------------
10.08.2025 14:04:33
CallbackFormEmailModal
Array
(
    [name] => pavel.sitdikov.88@mail.ru
    [phone] => 85122976848
    [formname] => Обратная связь
)

------------------------

------------------------
10.08.2025 14:12:21
CallbackFormEmailModal
Array
(
    [name] => karpeciktibas19915@bk.ru
    [phone] => 86797694859
    [formname] => Обратная связь
)

------------------------

------------------------
10.08.2025 14:16:41
CallbackFormEmailModal
Array
(
    [name] => danilovavita9@mail.ru
    [phone] => 88298313362
    [formname] => Обратная связь
)

------------------------

------------------------
10.08.2025 15:02:23
CallbackFormEmailModal
Array
(
    [name] => filimonov.ivan.1997.4.6@list.ru
    [phone] => 87944221876
    [formname] => Обратная связь
)

------------------------

------------------------
10.08.2025 19:17:33
CallbackFormEmailModal
Array
(
    [name] => dzhulenbalakin@mail.ru
    [phone] => 85528133558
    [formname] => Обратная связь
)

------------------------

------------------------
10.08.2025 19:25:28
CallbackFormEmailModal
Array
(
    [name] => tineppulnas1970@mail.ru
    [phone] => 85942173552
    [formname] => Обратная связь
)

------------------------

------------------------
10.08.2025 19:27:02
CallbackFormEmailModal
Array
(
    [name] => deacren@mail.ru
    [phone] => 86553715599
    [formname] => Обратная связь
)

------------------------

------------------------
10.08.2025 19:33:39
CallbackFormEmailModal
Array
(
    [name] => rais.shchigelskaya2002@mail.ru
    [phone] => 84472382848
    [formname] => Обратная связь
)

------------------------

------------------------
10.08.2025 19:44:58
CallbackFormEmailModal
Array
(
    [name] => svetlanakomissarova1987@mail.ru
    [phone] => 84884813387
    [formname] => Обратная связь
)

------------------------

------------------------
10.08.2025 19:45:52
CallbackFormEmailModal
Array
(
    [name] => higbiosepo1986@mail.ru
    [phone] => 87129964379
    [formname] => Обратная связь
)

------------------------

------------------------
10.08.2025 19:56:06
CallbackFormEmailModal
Array
(
    [name] => podaiclan_547@mail.ru
    [phone] => 88854741623
    [formname] => Обратная связь
)

------------------------

------------------------
10.08.2025 20:24:01
CallbackFormEmailModal
Array
(
    [name] => tatyanka-semenova-2022@mail.ru
    [phone] => 89835282973
    [formname] => Обратная связь
)

------------------------
