
------------------------
22.07.2022 2:33:16
CallbackFormEmailModal
Array
(
    [name] => stephanie.warren@cnh.com
    [phone] => 89030546074
    [formname] => Обратная связь
)

------------------------

------------------------
22.07.2022 10:53:05
CallbackFormEmailModal
Array
(
    [name] => mdkass@comcast.net
    [phone] => 89034697897
    [formname] => Обратная связь
)

------------------------

------------------------
22.07.2022 15:01:56
CallbackFormEmailModal
Array
(
    [name] => harveywy@grayinbox.org
    [phone] => 89033586972
    [formname] => Обратная связь
)

------------------------

------------------------
22.07.2022 19:12:24
CallbackFormEmailModal
Array
(
    [name] => mallo333@yahoo.com
    [phone] => 89037174067
    [formname] => Обратная связь
)

------------------------

------------------------
22.07.2022 22:25:16
CallbackFormEmailModal
Array
(
    [name] => alena-kolesnikova-19925@mail.ru
    [phone] => +71231234567
    [formname] => Обратная связь
)

------------------------

------------------------
22.07.2022 23:41:47
CallbackFormEmailModal
Array
(
    [name] => aslanemmi@hotmail.com
    [phone] => 89035822613
    [formname] => Обратная связь
)

------------------------
