
------------------------
29.08.2025 0:20:19
CallbackFormEmailModal
Array
(
    [name] => sergoworkin.g.71.8@gmail.com
    [phone] => 83246283712
    [formname] => Обратная связь
)

------------------------

------------------------
29.08.2025 4:33:49
CallbackFormEmailModal
Array
(
    [name] => sergowor.kin.g718@gmail.com
    [phone] => 82895924577
    [formname] => Обратная связь
)

------------------------

------------------------
29.08.2025 8:18:22
CallbackFormEmailModal
Array
(
    [name] => vitya-kondratev-1969@inbox.ru
    [phone] => 83343365854
    [formname] => Обратная связь
)

------------------------

------------------------
29.08.2025 8:24:06
CallbackFormEmailModal
Array
(
    [name] => dionisij.grigorev.92@mail.ru
    [phone] => 88351789215
    [formname] => Обратная связь
)

------------------------

------------------------
29.08.2025 8:25:54
CallbackFormEmailModal
Array
(
    [name] => karzhavinvenegard@mail.ru
    [phone] => 86133652996
    [formname] => Обратная связь
)

------------------------

------------------------
29.08.2025 8:30:08
CallbackFormEmailModal
Array
(
    [name] => serezhamobisa@mail.ru
    [phone] => 88374682849
    [formname] => Обратная связь
)

------------------------

------------------------
29.08.2025 8:34:41
CallbackFormEmailModal
Array
(
    [name] => kozlovvarlen19782037@mail.ru
    [phone] => 87843881587
    [formname] => Обратная связь
)

------------------------

------------------------
29.08.2025 8:36:22
CallbackFormEmailModal
Array
(
    [name] => taelivihohtoca@mail.ru
    [phone] => 87256711793
    [formname] => Обратная связь
)

------------------------

------------------------
29.08.2025 8:40:50
CallbackFormEmailModal
Array
(
    [name] => arturgorz2o3@bk.ru
    [phone] => 88361823348
    [formname] => Обратная связь
)

------------------------

------------------------
29.08.2025 8:42:54
CallbackFormEmailModal
Array
(
    [name] => polyakovdanila19908366@mail.ru
    [phone] => 89718138343
    [formname] => Обратная связь
)

------------------------

------------------------
29.08.2025 8:51:48
CallbackFormEmailModal
Array
(
    [name] => sinevhabibi664@bk.ru
    [phone] => 81534381281
    [formname] => Обратная связь
)

------------------------

------------------------
29.08.2025 8:54:33
CallbackFormEmailModal
Array
(
    [name] => tacusol-6816@mail.ru
    [phone] => 88543881149
    [formname] => Обратная связь
)

------------------------

------------------------
29.08.2025 9:00:29
CallbackFormEmailModal
Array
(
    [name] => kskoxim@inbox.ru
    [phone] => 86948213571
    [formname] => Обратная связь
)

------------------------

------------------------
29.08.2025 9:38:08
CallbackFormEmailModal
Array
(
    [name] => amabil.6002@mail.ru
    [phone] => 87984719847
    [formname] => Обратная связь
)

------------------------

------------------------
29.08.2025 14:57:51
CallbackFormEmailModal
Array
(
    [name] => foruy2023@gmail.com
    [phone] => 87363157226
    [formname] => Обратная связь
)

------------------------

------------------------
29.08.2025 16:22:29
CallbackFormEmailModal
Array
(
    [name] => qxtqimbx@streetwormail.com
    [phone] => 86544435913
    [formname] => Обратная связь
)

------------------------

------------------------
29.08.2025 18:04:45
CallbackFormEmailModal
Array
(
    [name] => laisumake186@mail.ru
    [phone] => 83621362519
    [formname] => Обратная связь
)

------------------------

------------------------
29.08.2025 18:04:57
CallbackFormEmailModal
Array
(
    [name] => velislavjichastov1986@mail.ru
    [phone] => 89755993475
    [formname] => Обратная связь
)

------------------------

------------------------
29.08.2025 18:12:55
CallbackFormEmailModal
Array
(
    [name] => pestovafivr1985@mail.ru
    [phone] => 83462387282
    [formname] => Обратная связь
)

------------------------

------------------------
29.08.2025 18:15:09
CallbackFormEmailModal
Array
(
    [name] => gendraducanprohbay@mail.ru
    [phone] => 82384155735
    [formname] => Обратная связь
)

------------------------

------------------------
29.08.2025 18:26:33
CallbackFormEmailModal
Array
(
    [name] => karzhavinvenegard@mail.ru
    [phone] => 82469124585
    [formname] => Обратная связь
)

------------------------

------------------------
29.08.2025 18:53:46
CallbackFormEmailModal
Array
(
    [name] => dorofeyavinogradova199056@mail.ru
    [phone] => 88839935295
    [formname] => Обратная связь
)

------------------------

------------------------
29.08.2025 18:56:20
CallbackFormEmailModal
Array
(
    [name] => lashawndaqkpuc@mail.ru
    [phone] => 84288324459
    [formname] => Обратная связь
)

------------------------

------------------------
29.08.2025 18:57:44
CallbackFormEmailModal
Array
(
    [name] => eprovbelwha@mail.ru
    [phone] => 82989459532
    [formname] => Обратная связь
)

------------------------

------------------------
29.08.2025 19:19:13
CallbackFormEmailModal
Array
(
    [name] => mamedov.edgar.1992.3.3@inbox.ru
    [phone] => 83455437971
    [formname] => Обратная связь
)

------------------------

------------------------
29.08.2025 19:20:24
CallbackFormEmailModal
Array
(
    [name] => pencucon_97@mail.ru
    [phone] => 84646513147
    [formname] => Обратная связь
)

------------------------

------------------------
29.08.2025 23:24:07
CallbackFormEmailModal
Array
(
    [name] => yourmail@gmail.com
    [phone] => 83712911357
    [formname] => Обратная связь
)

------------------------
