
------------------------
03.06.2024 0:10:48
CallbackFormEmailModal
Array
(
    [name] => luki.n.o.v.ic.h20.22.1.3.55@gmail.com

    [phone] => 85648718338
    [formname] => Обратная связь
)

------------------------

------------------------
03.06.2024 0:23:13
CallbackFormEmailModal
Array
(
    [name] => xrumer23Kip@gmail.com
    [phone] => 86567856925
    [formname] => Обратная связь
)

------------------------

------------------------
03.06.2024 4:21:35
CallbackFormEmailModal
Array
(
    [name] => segif18200@shirulo.com
    [phone] => 82417494456
    [formname] => Обратная связь
)

------------------------

------------------------
03.06.2024 7:41:52
CallbackFormEmailModal
Array
(
    [name] => algebraically.pawlo@gmail.com
    [phone] => 85786369744
    [formname] => Обратная связь
)

------------------------

------------------------
03.06.2024 7:43:48
CallbackFormEmailModal
Array
(
    [name] => snoopunadgen1976@op.pl
    [phone] => 84441665832
    [formname] => Обратная связь
)

------------------------

------------------------
03.06.2024 20:26:04
CallbackFormEmailModal
Array
(
    [name] => joscelinekpodebari@hotmail.com
    [phone] => 89166141535
    [formname] => Обратная связь
)

------------------------

------------------------
03.06.2024 20:30:17
CallbackFormEmailModal
Array
(
    [name] => poctanerabotaet@internet.ru
    [phone] => 82673293625
    [formname] => Обратная связь
)

------------------------

------------------------
03.06.2024 21:53:24
CallbackFormEmailModal
Array
(
    [name] => ezekielstoltzfus380@hotmail.com
    [phone] => 83997711633
    [formname] => Обратная связь
)

------------------------

------------------------
03.06.2024 23:24:36
CallbackFormEmailModal
Array
(
    [name] => segif18200@shirulo.com
    [phone] => 84932658712
    [formname] => Обратная связь
)

------------------------
