
------------------------
16.08.2021 18:10:16
CallbackFormEmailModal
Array
(
    [name] => ncnukiw.84859egv@gmail.com
    [phone] => 86756939594
    [formname] => Обратная связь
)

------------------------

------------------------
16.08.2021 21:13:47
Order
Array
(
    [name] => Роман
    [email] => roman.br.21@yandex.ru
    [phone] => +7-910-331-7832
    [comment] => Сварной  настил SP 34х38/30х2 Zn 1000х1000 мм, кол-во: 1, цена: 3850руб.
Способ доставки: Самовывоз со склада
Выберите способ оплаты: Оплата на расчетный счет организации

Комментарий к заказу: 

    [formname] => Заказ из корзины
    [fields] => Array
        (
            [price] => 115500
        )

)

------------------------
