
------------------------
20.10.2025 0:04:19
CallbackFormEmailModal
Array
(
    [name] => bokisuq541@gmail.com
    [phone] => 87597594734
    [formname] => Обратная связь
)

------------------------

------------------------
20.10.2025 0:21:06
CallbackFormEmailModal
Array
(
    [name] => inna.kortneva.69@mail.ru
    [phone] => 82783387368
    [formname] => Обратная связь
)

------------------------

------------------------
20.10.2025 0:44:37
CallbackFormEmailModal
Array
(
    [name] => olegzaluri@mail.ru
    [phone] => 87881894512
    [formname] => Обратная связь
)

------------------------

------------------------
20.10.2025 5:03:55
CallbackFormEmailModal
Array
(
    [name] => placnacidown1989@mail.ru
    [phone] => 87143712537
    [formname] => Обратная связь
)

------------------------

------------------------
20.10.2025 5:14:57
CallbackFormEmailModal
Array
(
    [name] => hrabrgulyaev1996673@mail.ru
    [phone] => 88891962542
    [formname] => Обратная связь
)

------------------------

------------------------
20.10.2025 5:30:23
CallbackFormEmailModal
Array
(
    [name] => serezhamobisa@mail.ru
    [phone] => 85836951347
    [formname] => Обратная связь
)

------------------------

------------------------
20.10.2025 5:50:04
CallbackFormEmailModal
Array
(
    [name] => elenakifixo@mail.ru
    [phone] => 85937375293
    [formname] => Обратная связь
)

------------------------

------------------------
20.10.2025 5:52:15
CallbackFormEmailModal
Array
(
    [name] => antonwefulu@mail.ru
    [phone] => 86183125782
    [formname] => Обратная связь
)

------------------------

------------------------
20.10.2025 6:02:15
CallbackFormEmailModal
Array
(
    [name] => profconbu_64@mail.ru
    [phone] => 83865434888
    [formname] => Обратная связь
)

------------------------

------------------------
20.10.2025 6:04:06
CallbackFormEmailModal
Array
(
    [name] => higbiosepo1986@mail.ru
    [phone] => 86873281912
    [formname] => Обратная связь
)

------------------------

------------------------
20.10.2025 6:04:41
CallbackFormEmailModal
Array
(
    [name] => ivanfuvuso@mail.ru
    [phone] => 89736929776
    [formname] => Обратная связь
)

------------------------

------------------------
20.10.2025 6:07:35
CallbackFormEmailModal
Array
(
    [name] => elenaroludo@mail.ru
    [phone] => 89338515588
    [formname] => Обратная связь
)

------------------------

------------------------
20.10.2025 6:08:09
CallbackFormEmailModal
Array
(
    [name] => kseniyanechusa@mail.ru
    [phone] => 81176738912
    [formname] => Обратная связь
)

------------------------

------------------------
20.10.2025 6:11:19
CallbackFormEmailModal
Array
(
    [name] => sinevhabibi664@bk.ru
    [phone] => 84362948879
    [formname] => Обратная связь
)

------------------------

------------------------
20.10.2025 6:13:50
CallbackFormEmailModal
Array
(
    [name] => anya.genger@mail.ru
    [phone] => 86215495419
    [formname] => Обратная связь
)

------------------------

------------------------
20.10.2025 6:14:33
CallbackFormEmailModal
Array
(
    [name] => polyakovdanila19908366@mail.ru
    [phone] => 87844219574
    [formname] => Обратная связь
)

------------------------

------------------------
20.10.2025 6:18:27
CallbackFormEmailModal
Array
(
    [name] => nifontmarkov1987@mail.ru
    [phone] => 82866873942
    [formname] => Обратная связь
)

------------------------

------------------------
20.10.2025 6:28:05
CallbackFormEmailModal
Array
(
    [name] => annachusuha@mail.ru
    [phone] => 82975766653
    [formname] => Обратная связь
)

------------------------

------------------------
20.10.2025 6:56:33
CallbackFormEmailModal
Array
(
    [name] => eepovda@bk.ru
    [phone] => 82766887768
    [formname] => Обратная связь
)

------------------------

------------------------
20.10.2025 7:50:03
CallbackFormEmailModal
Array
(
    [name] => mr.markus.virtanen@gmail.com
    [phone] => 85724815295
    [formname] => Обратная связь
)

------------------------

------------------------
20.10.2025 9:27:14
CallbackFormEmailModal
Array
(
    [name] => kirvvv02@gmail.com
    [phone] => 86183211676
    [formname] => Обратная связь
)

------------------------

------------------------
20.10.2025 9:58:59
CallbackFormEmailModal
Array
(
    [name] => irinaxokalo@mail.ru
    [phone] => 88257158776
    [formname] => Обратная связь
)

------------------------

------------------------
20.10.2025 10:02:09
CallbackFormEmailModal
Array
(
    [name] => gunlekingovertcon@mail.ru
    [phone] => 89977377178
    [formname] => Обратная связь
)

------------------------

------------------------
20.10.2025 10:05:22
CallbackFormEmailModal
Array
(
    [name] => natulya.fedosova.96@mail.ru
    [phone] => 85713581445
    [formname] => Обратная связь
)

------------------------

------------------------
20.10.2025 10:13:18
CallbackFormEmailModal
Array
(
    [name] => orlov.roman.1988.2.11@list.ru
    [phone] => 85159983166
    [formname] => Обратная связь
)

------------------------

------------------------
20.10.2025 10:14:09
CallbackFormEmailModal
Array
(
    [name] => valerakimuvo@mail.ru
    [phone] => 87899576615
    [formname] => Обратная связь
)

------------------------

------------------------
20.10.2025 10:15:22
CallbackFormEmailModal
Array
(
    [name] => varvara.nikolaeva.23.8.1964@mail.ru
    [phone] => 86723577516
    [formname] => Обратная связь
)

------------------------

------------------------
20.10.2025 10:17:19
CallbackFormEmailModal
Array
(
    [name] => gulyabonimo@mail.ru
    [phone] => 87364163986
    [formname] => Обратная связь
)

------------------------

------------------------
20.10.2025 10:23:09
CallbackFormEmailModal
Array
(
    [name] => waai8stccwnc@mail.ru
    [phone] => 86279491483
    [formname] => Обратная связь
)

------------------------

------------------------
20.10.2025 10:26:15
CallbackFormEmailModal
Array
(
    [name] => sashunya.sergeev.2022@list.ru
    [phone] => 87439484138
    [formname] => Обратная связь
)

------------------------

------------------------
20.10.2025 10:43:08
CallbackFormEmailModal
Array
(
    [name] => pomgmk9oheivabfooksm@list.ru
    [phone] => 84115143535
    [formname] => Обратная связь
)

------------------------

------------------------
20.10.2025 10:59:18
CallbackFormEmailModal
Array
(
    [name] => pavelpapebi@mail.ru
    [phone] => 81839978929
    [formname] => Обратная связь
)

------------------------

------------------------
20.10.2025 11:05:52
CallbackFormEmailModal
Array
(
    [name] => postsaddtaliretneu@mail.ru
    [phone] => 82446129453
    [formname] => Обратная связь
)

------------------------

------------------------
20.10.2025 11:11:52
CallbackFormEmailModal
Array
(
    [name] => tacusol-6816@mail.ru
    [phone] => 85494686683
    [formname] => Обратная связь
)

------------------------

------------------------
20.10.2025 11:35:01
CallbackFormEmailModal
Array
(
    [name] => 1dansbydruscillaoyu@gmail.com
    [phone] => 88722254843
    [formname] => Обратная связь
)

------------------------

------------------------
20.10.2025 11:46:53
CallbackFormEmailModal
Array
(
    [name] => prohor.zlobin.14.11.1987@mail.ru
    [phone] => 86844341524
    [formname] => Обратная связь
)

------------------------

------------------------
20.10.2025 11:49:52
CallbackFormEmailModal
Array
(
    [name] => nadezhda_smirnova_26801@mail.ru
    [phone] => 88131416679
    [formname] => Обратная связь
)

------------------------

------------------------
20.10.2025 11:59:35
CallbackFormEmailModal
Array
(
    [name] => mlonanlout1985@mail.ru
    [phone] => 85913812919
    [formname] => Обратная связь
)

------------------------

------------------------
20.10.2025 12:02:02
CallbackFormEmailModal
Array
(
    [name] => ivanpoluma@mail.ru
    [phone] => 82962189361
    [formname] => Обратная связь
)

------------------------

------------------------
20.10.2025 12:46:14
CallbackFormEmailModal
Array
(
    [name] => tipanasotemthia@mail.ru
    [phone] => 88781564144
    [formname] => Обратная связь
)

------------------------

------------------------
20.10.2025 13:39:27
CallbackFormEmailModal
Array
(
    [name] => bessiemartin1954@salpingomyu.ru
    [phone] => 82636635629
    [formname] => Обратная связь
)

------------------------

------------------------
20.10.2025 16:55:23
CallbackFormEmailModal
Array
(
    [name] => jisankape@list.ru
    [phone] => 85236225739
    [formname] => Обратная связь
)

------------------------

------------------------
20.10.2025 17:13:26
CallbackFormEmailModal
Array
(
    [name] => aleksandrrapeka@mail.ru
    [phone] => 87299728421
    [formname] => Обратная связь
)

------------------------

------------------------
20.10.2025 17:15:45
CallbackFormEmailModal
Array
(
    [name] => toktobayeva.nata@mail.ru
    [phone] => 84877852682
    [formname] => Обратная связь
)

------------------------

------------------------
20.10.2025 17:23:20
CallbackFormEmailModal
Array
(
    [name] => yulyagabipo@mail.ru
    [phone] => 84647636644
    [formname] => Обратная связь
)

------------------------

------------------------
20.10.2025 17:31:14
CallbackFormEmailModal
Array
(
    [name] => veronika.goryunova.06.09.2001@mail.ru
    [phone] => 87972591164
    [formname] => Обратная связь
)

------------------------

------------------------
20.10.2025 17:39:51
CallbackFormEmailModal
Array
(
    [name] => musaev.misha.1982.3.5@list.ru
    [phone] => 81957521228
    [formname] => Обратная связь
)

------------------------

------------------------
20.10.2025 17:40:58
CallbackFormEmailModal
Array
(
    [name] => prosavmobi1981@mail.ru
    [phone] => 86325991114
    [formname] => Обратная связь
)

------------------------

------------------------
20.10.2025 17:40:59
CallbackFormEmailModal
Array
(
    [name] => zw8nb4rmj@mozmail.com
    [phone] => 82563631996
    [formname] => Обратная связь
)

------------------------

------------------------
20.10.2025 17:44:51
CallbackFormEmailModal
Array
(
    [name] => ponomaryov.borya.1983@bk.ru
    [phone] => 84439229973
    [formname] => Обратная связь
)

------------------------

------------------------
20.10.2025 18:29:35
CallbackFormEmailModal
Array
(
    [name] => martakalinina84@mail.ru
    [phone] => 87667324499
    [formname] => Обратная связь
)

------------------------

------------------------
20.10.2025 18:36:56
CallbackFormEmailModal
Array
(
    [name] => xunalajiwo42@gmail.com
    [phone] => 82553533172
    [formname] => Обратная связь
)

------------------------

------------------------
20.10.2025 18:45:45
CallbackFormEmailModal
Array
(
    [name] => rerkgeemong98@mail.ru
    [phone] => 85623393439
    [formname] => Обратная связь
)

------------------------

------------------------
20.10.2025 20:12:16
CallbackFormEmailModal
Array
(
    [name] => lesnoyostrov@lordgames.ru
    [phone] => 86682719187
    [formname] => Обратная связь
)

------------------------

------------------------
20.10.2025 22:22:32
CallbackFormEmailModal
Array
(
    [name] => deacren@mail.ru
    [phone] => 87914351864
    [formname] => Обратная связь
)

------------------------

------------------------
20.10.2025 22:22:43
CallbackFormEmailModal
Array
(
    [name] => eprovbelwha@mail.ru
    [phone] => 85776979567
    [formname] => Обратная связь
)

------------------------

------------------------
20.10.2025 22:26:56
CallbackFormEmailModal
Array
(
    [name] => olesya.zhukova.1994@bk.ru
    [phone] => 84336129111
    [formname] => Обратная связь
)

------------------------

------------------------
20.10.2025 22:27:24
CallbackFormEmailModal
Array
(
    [name] => mikhail.kholudenev.93@mail.ru
    [phone] => 84359382897
    [formname] => Обратная связь
)

------------------------

------------------------
20.10.2025 22:27:33
CallbackFormEmailModal
Array
(
    [name] => pencucon_97@mail.ru
    [phone] => 81665431541
    [formname] => Обратная связь
)

------------------------

------------------------
20.10.2025 23:06:51
CallbackFormEmailModal
Array
(
    [name] => dinanikolskaya99@gmail.com
    [phone] => 89557524346
    [formname] => Обратная связь
)

------------------------

------------------------
20.10.2025 23:07:58
CallbackFormEmailModal
Array
(
    [name] => galyazafuna@mail.ru
    [phone] => 87489229216
    [formname] => Обратная связь
)

------------------------

------------------------
20.10.2025 23:46:03
CallbackFormEmailModal
Array
(
    [name] => akindinkudryashov6842@mail.ru
    [phone] => 86142136633
    [formname] => Обратная связь
)

------------------------

------------------------
20.10.2025 23:53:54
CallbackFormEmailModal
Array
(
    [name] => kina3axjglime@bk.ru
    [phone] => 81412628654
    [formname] => Обратная связь
)

------------------------
