
------------------------
18.03.2026 14:27:42
CallbackFormEmailModal
Array
(
    [name] => salto@cialis-otc.com
    [phone] => 84253554987
    [formname] => Обратная связь
)

------------------------

------------------------
18.03.2026 16:16:44
CallbackFormEmailModal
Array
(
    [name] => xrumer23Kip@andro-players.com
    [phone] => 82374192591
    [formname] => Обратная связь
)

------------------------

------------------------
18.03.2026 20:03:19
CallbackFormEmailModal
Array
(
    [name] => Eric Jones
    [phone] => US
    [formname] => Обратная связь
)

------------------------
