
------------------------
22.11.2023 3:08:32
CallbackFormEmailModal
Array
(
    [name] => rlfnemrqq@totzilla.ru
    [phone] => 83565667299
    [formname] => Обратная связь
)

------------------------

------------------------
22.11.2023 3:17:12
CallbackFormEmailModal
Array
(
    [name] => moduldom.spb@gmail.com
    [phone] => 88757636643
    [formname] => Обратная связь
)

------------------------

------------------------
22.11.2023 5:28:54
CallbackFormEmailModal
Array
(
    [name] => werso078300iu@rambler.ru
    [phone] => 89617175899
    [formname] => Обратная связь
)

------------------------

------------------------
22.11.2023 7:23:47
CallbackFormEmailModal
Array
(
    [name] => pporascron1991@mail.ru
    [phone] => 88584193713
    [formname] => Обратная связь
)

------------------------

------------------------
22.11.2023 7:24:13
CallbackFormEmailModal
Array
(
    [name] => titova.polina.1981.15.12@list.ru
    [phone] => 84974762341
    [formname] => Обратная связь
)

------------------------

------------------------
22.11.2023 8:12:09
CallbackFormEmailModal
Array
(
    [name] => hosting_kr12112@gmail.com
    [phone] => 8435124266762
    [formname] => Обратная связь
)

------------------------

------------------------
22.11.2023 8:25:56
CallbackFormEmailModal
Array
(
    [name] => kaobkammid@mail.ru
    [phone] => 84121589537
    [formname] => Обратная связь
)

------------------------

------------------------
22.11.2023 10:16:33
CallbackFormEmailModal
Array
(
    [name] => peposdaen@mail.ru
    [phone] => 81469889431
    [formname] => Обратная связь
)

------------------------

------------------------
22.11.2023 10:17:22
CallbackFormEmailModal
Array
(
    [name] => tiocicie.4769@mail.ru
    [phone] => 82924653768
    [formname] => Обратная связь
)

------------------------

------------------------
22.11.2023 10:19:11
CallbackFormEmailModal
Array
(
    [name] => olesya.zhukova.1994@bk.ru
    [phone] => 81169455492
    [formname] => Обратная связь
)

------------------------

------------------------
22.11.2023 10:20:32
CallbackFormEmailModal
Array
(
    [name] => podaiclan_547@mail.ru
    [phone] => 86217781772
    [formname] => Обратная связь
)

------------------------

------------------------
22.11.2023 10:21:41
CallbackFormEmailModal
Array
(
    [name] => zubkova_taniusha_1995_23_8@bk.ru
    [phone] => 86267162158
    [formname] => Обратная связь
)

------------------------

------------------------
22.11.2023 10:27:49
CallbackFormEmailModal
Array
(
    [name] => tosya.petrenko.02@mail.ru
    [phone] => 81878551257
    [formname] => Обратная связь
)

------------------------

------------------------
22.11.2023 10:30:45
CallbackFormEmailModal
Array
(
    [name] => filimonov.ivan.1997.4.6@list.ru
    [phone] => 86345545269
    [formname] => Обратная связь
)

------------------------

------------------------
22.11.2023 10:37:12
CallbackFormEmailModal
Array
(
    [name] => ropolkingta@mail.ru
    [phone] => 86936632231
    [formname] => Обратная связь
)

------------------------

------------------------
22.11.2023 10:39:30
CallbackFormEmailModal
Array
(
    [name] => invalopackman1863@mail.ru
    [phone] => 89382587126
    [formname] => Обратная связь
)

------------------------

------------------------
22.11.2023 10:41:21
CallbackFormEmailModal
Array
(
    [name] => puplanfuso@inbox.ru
    [phone] => 87594363441
    [formname] => Обратная связь
)

------------------------

------------------------
22.11.2023 10:43:23
CallbackFormEmailModal
Array
(
    [name] => sashunya.sergeev.2022@list.ru
    [phone] => 88622289696
    [formname] => Обратная связь
)

------------------------

------------------------
22.11.2023 10:44:14
CallbackFormModal
Array
(
    [name] => Василий 
    [phone] => +7(927)224-63-99
    [formname] => Заказать звонок
)

------------------------

------------------------
22.11.2023 10:47:10
CallbackFormEmailModal
Array
(
    [name] => luomor@mail.ru
    [phone] => 85698373125
    [formname] => Обратная связь
)

------------------------

------------------------
22.11.2023 10:49:34
CallbackFormEmailModal
Array
(
    [name] => koeshelons@mail.ru
    [phone] => 85582913911
    [formname] => Обратная связь
)

------------------------

------------------------
22.11.2023 10:49:47
CallbackFormEmailModal
Array
(
    [name] => nisakascha@mail.ru
    [phone] => 82526439372
    [formname] => Обратная связь
)

------------------------

------------------------
22.11.2023 10:53:44
CallbackFormEmailModal
Array
(
    [name] => pavel.sitdikov.88@mail.ru
    [phone] => 89321254194
    [formname] => Обратная связь
)

------------------------

------------------------
22.11.2023 11:04:13
CallbackFormEmailModal
Array
(
    [name] => naelbarad@mail.ru
    [phone] => 86952556172
    [formname] => Обратная связь
)

------------------------

------------------------
22.11.2023 11:04:47
CallbackFormEmailModal
Array
(
    [name] => musaev.misha.1982.3.5@list.ru
    [phone] => 83377574442
    [formname] => Обратная связь
)

------------------------

------------------------
22.11.2023 13:55:22
CallbackFormEmailModal
Array
(
    [name] => lucido.leinteract@gmail.com
    [phone] => 81179148689
    [formname] => Обратная связь
)

------------------------

------------------------
22.11.2023 16:54:35
CallbackFormEmailModal
Array
(
    [name] => mikeKitGrishitty@gmail.com
    [phone] => 87837783816
    [formname] => Обратная связь
)

------------------------

------------------------
22.11.2023 18:26:04
CallbackFormEmailModal
Array
(
    [name] => isamardak@outlook.com
    [phone] => 82595499291
    [formname] => Обратная связь
)

------------------------

------------------------
22.11.2023 18:53:00
CallbackFormEmailModal
Array
(
    [name] => dutbtzzbk@exzilla.ru
    [phone] => 86237646988
    [formname] => Обратная связь
)

------------------------

------------------------
22.11.2023 19:15:39
CallbackFormEmailModal
Array
(
    [name] => info@eskalube.ru
    [phone] => 89213334455
    [formname] => Обратная связь
)

------------------------

------------------------
22.11.2023 19:36:37
CallbackFormEmailModal
Array
(
    [name] => marylee_bloise82@rambler.ru
    [phone] => 123456789
    [formname] => Обратная связь
)

------------------------

------------------------
22.11.2023 19:49:26
CallbackFormEmailModal
Array
(
    [name] => rfiurist@yandex.ru
    [phone] => 81587612851
    [formname] => Обратная связь
)

------------------------

------------------------
22.11.2023 21:05:28
CallbackFormEmailModal
Array
(
    [name] => ycshllozx@gordpizza.ru
    [phone] => 84969687856
    [formname] => Обратная связь
)

------------------------

------------------------
22.11.2023 22:04:31
CallbackFormEmailModal
Array
(
    [name] => chestnayreklama@hotmail.com
    [phone] => 82329636933
    [formname] => Обратная связь
)

------------------------

------------------------
22.11.2023 23:19:03
CallbackFormEmailModal
Array
(
    [name] => dale@hiraku6310.haruto45.mailvista.site
    [phone] => 82792391153
    [formname] => Обратная связь
)

------------------------
