
------------------------
03.07.2023 1:13:30
CallbackFormEmailModal
Array
(
    [name] => nadeslire197926@rambler.ru
    [phone] => 71233211231
    [formname] => Обратная связь
)

------------------------

------------------------
03.07.2023 2:19:52
CallbackFormEmailModal
Array
(
    [name] => 991-3362047@bk.ru
    [phone] => 79913362047
    [formname] => Обратная связь
)

------------------------

------------------------
03.07.2023 2:53:50
CallbackFormEmailModal
Array
(
    [name] => d0qw2cdiknkwhzk@rambler.ru
    [phone] => 86561536863
    [formname] => Обратная связь
)

------------------------

------------------------
03.07.2023 4:15:31
CallbackFormEmailModal
Array
(
    [name] => pesjocumav@outlook.com
    [phone] => pesjocumav@outlook.com
    [formname] => Обратная связь
)

------------------------

------------------------
03.07.2023 4:15:37
CallbackFormEmailModal
Array
(
    [name] => pesjocumav@outlook.com
    [phone] => pesjocumav@outlook.com
    [formname] => Обратная связь
)

------------------------

------------------------
03.07.2023 4:16:08
CallbackFormEmailModal
Array
(
    [name] => pesjocumav@outlook.com
    [phone] => pesjocumav@outlook.com
    [formname] => Обратная связь
)

------------------------

------------------------
03.07.2023 4:16:14
CallbackFormEmailModal
Array
(
    [name] => pesjocumav@outlook.com
    [phone] => pesjocumav@outlook.com
    [formname] => Обратная связь
)

------------------------

------------------------
03.07.2023 4:17:06
CallbackFormEmailModal
Array
(
    [name] => pesjocumav@outlook.com
    [phone] => pesjocumav@outlook.com
    [formname] => Обратная связь
)

------------------------

------------------------
03.07.2023 4:17:12
CallbackFormEmailModal
Array
(
    [name] => pesjocumav@outlook.com
    [phone] => pesjocumav@outlook.com
    [formname] => Обратная связь
)

------------------------

------------------------
03.07.2023 4:18:27
CallbackFormEmailModal
Array
(
    [name] => pesjocumav@outlook.com
    [phone] => pesjocumav@outlook.com
    [formname] => Обратная связь
)

------------------------

------------------------
03.07.2023 4:18:35
CallbackFormEmailModal
Array
(
    [name] => pesjocumav@outlook.com
    [phone] => pesjocumav@outlook.com
    [formname] => Обратная связь
)

------------------------

------------------------
03.07.2023 4:19:11
CallbackFormEmailModal
Array
(
    [name] => pesjocumav@outlook.com
    [phone] => pesjocumav@outlook.com
    [formname] => Обратная связь
)

------------------------

------------------------
03.07.2023 4:19:17
CallbackFormEmailModal
Array
(
    [name] => pesjocumav@outlook.com
    [phone] => pesjocumav@outlook.com
    [formname] => Обратная связь
)

------------------------

------------------------
03.07.2023 4:19:45
CallbackFormEmailModal
Array
(
    [name] => pesjocumav@outlook.com
    [phone] => pesjocumav@outlook.com
    [formname] => Обратная связь
)

------------------------

------------------------
03.07.2023 4:19:51
CallbackFormEmailModal
Array
(
    [name] => pesjocumav@outlook.com
    [phone] => pesjocumav@outlook.com
    [formname] => Обратная связь
)

------------------------

------------------------
03.07.2023 4:20:26
CallbackFormEmailModal
Array
(
    [name] => pesjocumav@outlook.com
    [phone] => pesjocumav@outlook.com
    [formname] => Обратная связь
)

------------------------

------------------------
03.07.2023 4:20:32
CallbackFormEmailModal
Array
(
    [name] => pesjocumav@outlook.com
    [phone] => pesjocumav@outlook.com
    [formname] => Обратная связь
)

------------------------

------------------------
03.07.2023 4:22:17
CallbackFormEmailModal
Array
(
    [name] => pesjocumav@outlook.com
    [phone] => pesjocumav@outlook.com
    [formname] => Обратная связь
)

------------------------

------------------------
03.07.2023 4:22:24
CallbackFormEmailModal
Array
(
    [name] => pesjocumav@outlook.com
    [phone] => pesjocumav@outlook.com
    [formname] => Обратная связь
)

------------------------

------------------------
03.07.2023 4:22:55
CallbackFormEmailModal
Array
(
    [name] => pesjocumav@outlook.com
    [phone] => pesjocumav@outlook.com
    [formname] => Обратная связь
)

------------------------

------------------------
03.07.2023 4:23:02
CallbackFormEmailModal
Array
(
    [name] => pesjocumav@outlook.com
    [phone] => pesjocumav@outlook.com
    [formname] => Обратная связь
)

------------------------

------------------------
03.07.2023 4:23:48
CallbackFormEmailModal
Array
(
    [name] => pesjocumav@outlook.com
    [phone] => pesjocumav@outlook.com
    [formname] => Обратная связь
)

------------------------

------------------------
03.07.2023 4:23:54
CallbackFormEmailModal
Array
(
    [name] => pesjocumav@outlook.com
    [phone] => pesjocumav@outlook.com
    [formname] => Обратная связь
)

------------------------

------------------------
03.07.2023 11:36:42
CallbackFormEmailModal
Array
(
    [name] => romakonovalovmb2698@rambler.ru
    [phone] => 86265623619
    [formname] => Обратная связь
)

------------------------

------------------------
03.07.2023 13:25:58
CallbackFormEmailModal
Array
(
    [name] => Eric Jones
    [phone] => 555-555-1212
    [formname] => Обратная связь
)

------------------------

------------------------
03.07.2023 14:37:05
Order
Array
(
    [name] => Шахназарян Владик Сергеевич
    [email] => vs@metropolise.ru
    [phone] => +7-918-076-7390
    [comment] => Решетчатый настил P 33х11/30х2 Zn 700х1000 мм, кол-во: 1, цена: 6450руб.
Резина + Щетка + Скребок, кол-во: 1, цена: 15300руб.
Лестничная ступень SР 34х38/40х3 Zn 1200х305 мм, кол-во: 1, цена: 3150руб.
Прессованный  настил P 33х11/30х2 Zn 1200х1000 мм, кол-во: 1, цена: 7990руб.
Способ доставки: Доставка автотранспортом поставщика
Выберите способ оплаты: Оплата на расчетный счет организации
Адрес доставки: г. Армавир, ул. Красных партизан 70а

Комментарий к заказу: 

    [formname] => Заказ из корзины
    [fields] => Array
        (
            [price] => 193530
        )

)

------------------------

------------------------
03.07.2023 14:49:24
CallbackFormEmailModal
Array
(
    [name] => lion.pirogoff@yandex.ru
    [phone] => 83289484913
    [formname] => Обратная связь
)

------------------------

------------------------
03.07.2023 15:39:43
Order
Array
(
    [name] => Александр Кузин
    [email] => kaprito@bk.ru
    [phone] => +7-925-502-5950
    [comment] => Промышленный ТРАП W300 однокорпусный с вертикальным отводом DN110, кол-во: 1, цена: 11500руб.
Способ доставки: Самовывоз со склада
Выберите способ оплаты: Оплата на расчетный счет организации

Комментарий к заказу: 
Нужен счет на безналичную оплату
ИНН 7704244976   ООО "КАПРИТО"
    [formname] => Заказ из корзины
    [fields] => Array
        (
            [price] => 23000
        )

)

------------------------

------------------------
03.07.2023 16:17:37
Order
Array
(
    [name] => Корнаков Олег Сергеевич
    [email] => o.kornakov@vtormet.biz
    [phone] => +7-921-818-0543
    [comment] => Лестничная ступень Р 33х33/30х3 Zn 1000х270 мм, кол-во: 1, цена: 2950руб.
Способ доставки: Доставка автотранспортом поставщика
Выберите способ оплаты: Оплата наличным
Адрес доставки: Архангельская обл.,г  Котлас, ул  Гайдара 1А

Комментарий к заказу: 

    [formname] => Заказ из корзины
    [fields] => Array
        (
            [price] => 2950
        )

)

------------------------

------------------------
03.07.2023 20:05:22
CallbackFormEmailModal
Array
(
    [name] => contact@storymode.ir
    [phone] => 89458451462
    [formname] => Обратная связь
)

------------------------

------------------------
03.07.2023 20:20:58
CallbackFormEmailModal
Array
(
    [name] => rpjywdzzd@mail.ru
    [phone] => +79123456422
    [formname] => Обратная связь
)

------------------------
