
------------------------
15.05.2022 2:06:50
CallbackEmailModal
Array
(
    [name] => Meespelve@newtopmail.xyz
    [phone] => 83963167342
    [comment] => Название продуката: Прессованный  настил P 33х33/30х3 Zn 1000х1000 мм
Комменатрий: Askfgk Treatment depends on the stage of the disease and the presence of complications. https://newfasttadalafil.com/ - generic cialis Pasteur and Roux  describe how rabies is found in  the spinal cord and brain. Kywiva <a href=https://newfasttadalafil.com/>Cialis</a> Rqgdmh It will be helpful to your health care provider if you can describe your symptoms accurately. https://newfasttadalafil.com/ - buy cialis online using paypal Viagra En Pharmacie Paris Zvywlj
    [formname] => Задать вопрос по товару
)

------------------------

------------------------
15.05.2022 3:19:00
CallbackFormEmailModal
Array
(
    [name] => asdfcliente49@mailinator.net
    [phone] => 89034373852
    [formname] => Обратная связь
)

------------------------

------------------------
15.05.2022 8:39:09
CallbackFormEmailModal
Array
(
    [name] => chellabala44@gmail.com
    [phone] => 89034689593
    [formname] => Обратная связь
)

------------------------

------------------------
15.05.2022 14:00:12
CallbackFormEmailModal
Array
(
    [name] => pinkrock@sprint.blackberry.com
    [phone] => 89035657346
    [formname] => Обратная связь
)

------------------------

------------------------
15.05.2022 14:48:40
CallbackFormEmailModal
Array
(
    [name] => Vararropy@sufmail.xyz
    [phone] => 86281852865
    [formname] => Обратная связь
)

------------------------

------------------------
15.05.2022 16:55:41
CallbackFormEmailModal
Array
(
    [name] => Vararropy@sufmail.xyz
    [phone] => 88558662344
    [formname] => Обратная связь
)

------------------------
