
------------------------
06.09.2022 2:41:11
CallbackFormEmailModal
Array
(
    [name] => elliotixy5wy73o9a@outlook.com
    [phone] => elliotixy5wy73o9a@outlook.com
    [formname] => Обратная связь
)

------------------------

------------------------
06.09.2022 2:41:26
CallbackFormEmailModal
Array
(
    [name] => elliotixy5wy73o9a@outlook.com
    [phone] => elliotixy5wy73o9a@outlook.com
    [formname] => Обратная связь
)

------------------------

------------------------
06.09.2022 2:41:33
CallbackFormEmailModal
Array
(
    [name] => elliotixy5wy73o9a@outlook.com
    [phone] => elliotixy5wy73o9a@outlook.com
    [formname] => Обратная связь
)

------------------------

------------------------
06.09.2022 2:41:37
CallbackFormEmailModal
Array
(
    [name] => elliotixy5wy73o9a@outlook.com
    [phone] => elliotixy5wy73o9a@outlook.com
    [formname] => Обратная связь
)

------------------------

------------------------
06.09.2022 2:41:50
CallbackFormEmailModal
Array
(
    [name] => elliotixy5wy73o9a@outlook.com
    [phone] => elliotixy5wy73o9a@outlook.com
    [formname] => Обратная связь
)

------------------------

------------------------
06.09.2022 2:41:53
CallbackFormEmailModal
Array
(
    [name] => elliotixy5wy73o9a@outlook.com
    [phone] => elliotixy5wy73o9a@outlook.com
    [formname] => Обратная связь
)

------------------------

------------------------
06.09.2022 2:42:06
CallbackFormEmailModal
Array
(
    [name] => elliotixy5wy73o9a@outlook.com
    [phone] => elliotixy5wy73o9a@outlook.com
    [formname] => Обратная связь
)

------------------------

------------------------
06.09.2022 2:42:10
CallbackFormEmailModal
Array
(
    [name] => elliotixy5wy73o9a@outlook.com
    [phone] => elliotixy5wy73o9a@outlook.com
    [formname] => Обратная связь
)

------------------------

------------------------
06.09.2022 2:42:22
CallbackFormEmailModal
Array
(
    [name] => elliotixy5wy73o9a@outlook.com
    [phone] => elliotixy5wy73o9a@outlook.com
    [formname] => Обратная связь
)

------------------------

------------------------
06.09.2022 2:42:26
CallbackFormEmailModal
Array
(
    [name] => elliotixy5wy73o9a@outlook.com
    [phone] => elliotixy5wy73o9a@outlook.com
    [formname] => Обратная связь
)

------------------------

------------------------
06.09.2022 2:42:38
CallbackFormEmailModal
Array
(
    [name] => elliotixy5wy73o9a@outlook.com
    [phone] => elliotixy5wy73o9a@outlook.com
    [formname] => Обратная связь
)

------------------------

------------------------
06.09.2022 2:42:43
CallbackFormEmailModal
Array
(
    [name] => elliotixy5wy73o9a@outlook.com
    [phone] => elliotixy5wy73o9a@outlook.com
    [formname] => Обратная связь
)

------------------------

------------------------
06.09.2022 2:42:51
CallbackFormEmailModal
Array
(
    [name] => elliotixy5wy73o9a@outlook.com
    [phone] => elliotixy5wy73o9a@outlook.com
    [formname] => Обратная связь
)

------------------------

------------------------
06.09.2022 2:42:55
CallbackFormEmailModal
Array
(
    [name] => elliotixy5wy73o9a@outlook.com
    [phone] => elliotixy5wy73o9a@outlook.com
    [formname] => Обратная связь
)

------------------------

------------------------
06.09.2022 2:43:02
CallbackFormEmailModal
Array
(
    [name] => elliotixy5wy73o9a@outlook.com
    [phone] => elliotixy5wy73o9a@outlook.com
    [formname] => Обратная связь
)

------------------------

------------------------
06.09.2022 2:43:06
CallbackFormEmailModal
Array
(
    [name] => elliotixy5wy73o9a@outlook.com
    [phone] => elliotixy5wy73o9a@outlook.com
    [formname] => Обратная связь
)

------------------------

------------------------
06.09.2022 2:43:15
CallbackFormEmailModal
Array
(
    [name] => elliotixy5wy73o9a@outlook.com
    [phone] => elliotixy5wy73o9a@outlook.com
    [formname] => Обратная связь
)

------------------------

------------------------
06.09.2022 2:43:19
CallbackFormEmailModal
Array
(
    [name] => elliotixy5wy73o9a@outlook.com
    [phone] => elliotixy5wy73o9a@outlook.com
    [formname] => Обратная связь
)

------------------------

------------------------
06.09.2022 2:43:26
CallbackFormEmailModal
Array
(
    [name] => elliotixy5wy73o9a@outlook.com
    [phone] => elliotixy5wy73o9a@outlook.com
    [formname] => Обратная связь
)

------------------------

------------------------
06.09.2022 2:43:30
CallbackFormEmailModal
Array
(
    [name] => elliotixy5wy73o9a@outlook.com
    [phone] => elliotixy5wy73o9a@outlook.com
    [formname] => Обратная связь
)

------------------------

------------------------
06.09.2022 2:43:38
CallbackFormEmailModal
Array
(
    [name] => elliotixy5wy73o9a@outlook.com
    [phone] => elliotixy5wy73o9a@outlook.com
    [formname] => Обратная связь
)

------------------------

------------------------
06.09.2022 2:43:42
CallbackFormEmailModal
Array
(
    [name] => elliotixy5wy73o9a@outlook.com
    [phone] => elliotixy5wy73o9a@outlook.com
    [formname] => Обратная связь
)

------------------------

------------------------
06.09.2022 2:43:49
CallbackFormEmailModal
Array
(
    [name] => elliotixy5wy73o9a@outlook.com
    [phone] => elliotixy5wy73o9a@outlook.com
    [formname] => Обратная связь
)

------------------------

------------------------
06.09.2022 2:43:53
CallbackFormEmailModal
Array
(
    [name] => elliotixy5wy73o9a@outlook.com
    [phone] => elliotixy5wy73o9a@outlook.com
    [formname] => Обратная связь
)

------------------------

------------------------
06.09.2022 2:44:02
CallbackFormEmailModal
Array
(
    [name] => elliotixy5wy73o9a@outlook.com
    [phone] => elliotixy5wy73o9a@outlook.com
    [formname] => Обратная связь
)

------------------------

------------------------
06.09.2022 2:44:06
CallbackFormEmailModal
Array
(
    [name] => elliotixy5wy73o9a@outlook.com
    [phone] => elliotixy5wy73o9a@outlook.com
    [formname] => Обратная связь
)

------------------------

------------------------
06.09.2022 2:44:14
CallbackFormEmailModal
Array
(
    [name] => elliotixy5wy73o9a@outlook.com
    [phone] => elliotixy5wy73o9a@outlook.com
    [formname] => Обратная связь
)

------------------------

------------------------
06.09.2022 2:44:18
CallbackFormEmailModal
Array
(
    [name] => elliotixy5wy73o9a@outlook.com
    [phone] => elliotixy5wy73o9a@outlook.com
    [formname] => Обратная связь
)

------------------------

------------------------
06.09.2022 2:44:26
CallbackFormEmailModal
Array
(
    [name] => elliotixy5wy73o9a@outlook.com
    [phone] => elliotixy5wy73o9a@outlook.com
    [formname] => Обратная связь
)

------------------------

------------------------
06.09.2022 2:44:30
CallbackFormEmailModal
Array
(
    [name] => elliotixy5wy73o9a@outlook.com
    [phone] => elliotixy5wy73o9a@outlook.com
    [formname] => Обратная связь
)

------------------------
