
------------------------
19.04.2024 0:06:30
CallbackFormEmailModal
Array
(
    [name] => bgrags80@webfreemailz.com
    [phone] => 87499841741
    [formname] => Обратная связь
)

------------------------

------------------------
19.04.2024 0:45:09
CallbackFormEmailModal
Array
(
    [name] => peterAlburnern@gmail.com
    [phone] => 83529691914
    [formname] => Обратная связь
)

------------------------

------------------------
19.04.2024 1:15:23
CallbackFormEmailModal
Array
(
    [name] => lucido.leinteract@gmail.com
    [phone] => 88951472552
    [formname] => Обратная связь
)

------------------------

------------------------
19.04.2024 4:16:20
CallbackFormEmailModal
Array
(
    [name] => serru.wdwd@mail.ru
    [phone] => 86838143875
    [formname] => Обратная связь
)

------------------------

------------------------
19.04.2024 5:44:33
CallbackFormEmailModal
Array
(
    [name] => borisgendelman22@outlook.com
    [phone] => 85434698219
    [formname] => Обратная связь
)

------------------------

------------------------
19.04.2024 6:32:04
CallbackFormEmailModal
Array
(
    [name] => hzmnsdcxxdghtomd@onet.pl
    [phone] => 81942574954
    [formname] => Обратная связь
)

------------------------

------------------------
19.04.2024 9:13:24
CallbackFormEmailModal
Array
(
    [name] => gimqnrbubvyzcieu@onet.pl
    [phone] => 86998159213
    [formname] => Обратная связь
)

------------------------

------------------------
19.04.2024 10:56:05
CallbackFormEmailModal
Array
(
    [name] => xrumerfox@gmail.com
    [phone] => 88989245977
    [formname] => Обратная связь
)

------------------------

------------------------
19.04.2024 12:45:10
CallbackFormEmailModal
Array
(
    [name] => pauxffufupxttxnd@onet.pl
    [phone] => 82289637869
    [formname] => Обратная связь
)

------------------------

------------------------
19.04.2024 13:20:33
CallbackFormEmailModal
Array
(
    [name] => fghbllcgiteobofj@onet.pl
    [phone] => 89412726564
    [formname] => Обратная связь
)

------------------------

------------------------
19.04.2024 16:32:42
CallbackFormEmailModal
Array
(
    [name] => crypto@tradingwallet-online.com
    [phone] => 88237291543
    [formname] => Обратная связь
)

------------------------

------------------------
19.04.2024 17:12:57
CallbackFormEmailModal
Array
(
    [name] => mikeBraivami@gmail.com
    [phone] => 87444866344
    [formname] => Обратная связь
)

------------------------

------------------------
19.04.2024 18:20:42
CallbackFormEmailModal
Array
(
    [name] => inet4747@outlook.com
    [phone] => 81541163769
    [formname] => Обратная связь
)

------------------------

------------------------
19.04.2024 18:22:00
CallbackFormEmailModal
Array
(
    [name] => lucido.leinteract@gmail.com
    [phone] => 87897691782
    [formname] => Обратная связь
)

------------------------

------------------------
19.04.2024 21:15:45
CallbackFormEmailModal
Array
(
    [name] => artmarketing928@gmail.com
    [phone] => +79123456 697
    [formname] => Обратная связь
)

------------------------

------------------------
19.04.2024 21:16:55
CallbackFormEmailModal
Array
(
    [name] => rdjnifaotntxylfy@onet.pl
    [phone] => 81691393175
    [formname] => Обратная связь
)

------------------------

------------------------
19.04.2024 21:21:40
CallbackFormEmailModal
Array
(
    [name] => rout3@kino-fan.lol
    [phone] => 87543734688
    [formname] => Обратная связь
)

------------------------

------------------------
19.04.2024 22:25:33
CallbackFormEmailModal
Array
(
    [name] => cptvc5tw@yourmailz.com
    [phone] => 85944531766
    [formname] => Обратная связь
)

------------------------

------------------------
19.04.2024 22:26:44
CallbackFormEmailModal
Array
(
    [name] => dwwfukmygkwewndb@onet.pl
    [phone] => 85211311558
    [formname] => Обратная связь
)

------------------------

------------------------
19.04.2024 22:46:38
CallbackFormEmailModal
Array
(
    [name] => autolife56@yandex.kz
    [phone] => 85693499794
    [formname] => Обратная связь
)

------------------------
