
------------------------
09.03.2023 0:58:48
CallbackFormEmailModal
Array
(
    [name] => arish@mailside.site
    [phone] => 83481751623
    [formname] => Обратная связь
)

------------------------

------------------------
09.03.2023 13:26:35
CallbackFormEmailModal
Array
(
    [name] => rva666rva2024@gmail.com
    [phone] => 81194677284
    [formname] => Обратная связь
)

------------------------

------------------------
09.03.2023 13:47:38
CallbackFormEmailModal
Array
(
    [name] => ljs6lg@course-fitness.com
    [phone] => 89426957953
    [formname] => Обратная связь
)

------------------------
