
------------------------
27.07.2023 0:12:22
CallbackFormEmailModal
Array
(
    [name] => mamedov.edgar.1992.3.3@inbox.ru
    [phone] => 87611214523
    [formname] => Обратная связь
)

------------------------

------------------------
27.07.2023 0:39:23
CallbackFormEmailModal
Array
(
    [name] => ttahmtqdv@sretop.site
    [phone] => 86979851685
    [formname] => Обратная связь
)

------------------------

------------------------
27.07.2023 0:52:33
CallbackFormEmailModal
Array
(
    [name] => mirtewe@rambler.ua
    [phone] => 84427582133
    [formname] => Обратная связь
)

------------------------

------------------------
27.07.2023 2:38:50
CallbackFormEmailModal
Array
(
    [name] => crabkilldist1986@mail.ru
    [phone] => 87123143651
    [formname] => Обратная связь
)

------------------------

------------------------
27.07.2023 3:18:49
CallbackFormEmailModal
Array
(
    [name] => kapokpagra@mail.ru
    [phone] => 82796384479
    [formname] => Обратная связь
)

------------------------

------------------------
27.07.2023 3:31:43
CallbackFormEmailModal
Array
(
    [name] => kat-service56ru@ya.ru
    [phone] => 81676357289
    [formname] => Обратная связь
)

------------------------

------------------------
27.07.2023 3:44:30
CallbackFormEmailModal
Array
(
    [name] => zabirova_lena_1988_15_3@inbox.ru
    [phone] => 82133472689
    [formname] => Обратная связь
)

------------------------

------------------------
27.07.2023 11:31:24
CallbackFormEmailModal
Array
(
    [name] => vanapamaaf@mail.ru
    [phone] => 84554112235
    [formname] => Обратная связь
)

------------------------

------------------------
27.07.2023 11:42:56
CallbackFormEmailModal
Array
(
    [name] => 2dgagm9w9onbhj3@rambler.ru
    [phone] => 88444427746
    [formname] => Обратная связь
)

------------------------

------------------------
27.07.2023 13:19:50
CallbackFormEmailModal
Array
(
    [name] => darinaartemeva1986@inbox.ru
    [phone] => 83324812994
    [formname] => Обратная связь
)

------------------------

------------------------
27.07.2023 13:55:41
CallbackFormEmailModal
Array
(
    [name] => 2uv3fstc4ugnxyh@rambler.ru
    [phone] => 84752253658
    [formname] => Обратная связь
)

------------------------

------------------------
27.07.2023 16:31:23
CallbackFormEmailModal
Array
(
    [name] => saakian.vova.1985.13.9@list.ru
    [phone] => 89488665536
    [formname] => Обратная связь
)

------------------------

------------------------
27.07.2023 16:36:57
CallbackFormEmailModal
Array
(
    [name] => rljjh3lzp48gsq6@rambler.ru
    [phone] => 82925281912
    [formname] => Обратная связь
)

------------------------

------------------------
27.07.2023 17:36:19
CallbackFormEmailModal
Array
(
    [name] => sashaperepelkin9883@mail.ru
    [phone] => 82987773549
    [formname] => Обратная связь
)

------------------------

------------------------
27.07.2023 19:21:11
CallbackFormEmailModal
Array
(
    [name] => 7hcn3j4olxytfkk@rambler.ru
    [phone] => 88216359322
    [formname] => Обратная связь
)

------------------------

------------------------
27.07.2023 20:35:54
CallbackFormEmailModal
Array
(
    [name] => 0q5g76nadr8lqq3@rambler.ru
    [phone] => 89229776116
    [formname] => Обратная связь
)

------------------------

------------------------
27.07.2023 23:42:56
CallbackFormEmailModal
Array
(
    [name] => r61v0tstmkr67lf@rambler.ru
    [phone] => 84399578115
    [formname] => Обратная связь
)

------------------------
