
------------------------
04.12.2023 2:31:31
CallbackFormEmailModal
Array
(
    [name] => mail@mail.ru
    [phone] => 88799518546
    [formname] => Обратная связь
)

------------------------

------------------------
04.12.2023 5:14:26
CallbackFormEmailModal
Array
(
    [name] => bachilina.yelena@mail.ru
    [phone] => 84751869481
    [formname] => Обратная связь
)

------------------------

------------------------
04.12.2023 5:40:10
CallbackFormEmailModal
Array
(
    [name] => alexsandr0077@outlook.com
    [phone] => 89251526543
    [formname] => Обратная связь
)

------------------------

------------------------
04.12.2023 7:20:22
CallbackFormEmailModal
Array
(
    [name] => po3@mco5510.tmus89.excitemail.fun
    [phone] => 84449486165
    [formname] => Обратная связь
)

------------------------

------------------------
04.12.2023 10:31:30
CallbackFormEmailModal
Array
(
    [name] => xionbjvklEa@bobbor.store
    [phone] => 85553817674
    [formname] => Обратная связь
)

------------------------

------------------------
04.12.2023 10:59:49
CallbackFormEmailModal
Array
(
    [name] => nisakascha@mail.ru
    [phone] => 83582427968
    [formname] => Обратная связь
)

------------------------

------------------------
04.12.2023 11:03:40
CallbackFormEmailModal
Array
(
    [name] => kaapkaksih@mail.ru
    [phone] => 83345888887
    [formname] => Обратная связь
)

------------------------

------------------------
04.12.2023 11:34:29
CallbackFormEmailModal
Array
(
    [name] => pavlik.timofeev.2023@bk.ru
    [phone] => 85143173736
    [formname] => Обратная связь
)

------------------------

------------------------
04.12.2023 12:30:27
CallbackFormEmailModal
Array
(
    [name] => koselfneere@bk.ru
    [phone] => 86993738249
    [formname] => Обратная связь
)

------------------------

------------------------
04.12.2023 13:07:22
CallbackFormEmailModal
Array
(
    [name] => ivankreditovskih@gmail.com
    [phone] => 891683217897
    [formname] => Обратная связь
)

------------------------

------------------------
04.12.2023 14:48:53
CallbackFormEmailModal
Array
(
    [name] => pporascron1991@mail.ru
    [phone] => 88476934875
    [formname] => Обратная связь
)

------------------------

------------------------
04.12.2023 14:49:29
CallbackFormEmailModal
Array
(
    [name] => mitubefhambcomp5336@mail.ru
    [phone] => 82386491151
    [formname] => Обратная связь
)

------------------------

------------------------
04.12.2023 14:56:03
CallbackFormEmailModal
Array
(
    [name] => musaev.misha.1982.3.5@list.ru
    [phone] => 82753261682
    [formname] => Обратная связь
)

------------------------

------------------------
04.12.2023 14:56:18
CallbackFormEmailModal
Array
(
    [name] => naelbarad@mail.ru
    [phone] => 81594219582
    [formname] => Обратная связь
)

------------------------

------------------------
04.12.2023 14:58:14
CallbackFormEmailModal
Array
(
    [name] => geboxchestza@bk.ru
    [phone] => 84129356484
    [formname] => Обратная связь
)

------------------------

------------------------
04.12.2023 15:09:47
CallbackFormEmailModal
Array
(
    [name] => gelibomenlo6420@mail.ru
    [phone] => 87112315375
    [formname] => Обратная связь
)

------------------------

------------------------
04.12.2023 15:13:51
CallbackFormEmailModal
Array
(
    [name] => luomor@mail.ru
    [phone] => 88783395751
    [formname] => Обратная связь
)

------------------------

------------------------
04.12.2023 15:17:07
CallbackFormEmailModal
Array
(
    [name] => deacren@mail.ru
    [phone] => 86217934953
    [formname] => Обратная связь
)

------------------------

------------------------
04.12.2023 15:19:01
CallbackFormEmailModal
Array
(
    [name] => eepovda@bk.ru
    [phone] => 84536884452
    [formname] => Обратная связь
)

------------------------

------------------------
04.12.2023 15:19:24
CallbackFormEmailModal
Array
(
    [name] => balashova.anna.1989.20.9@list.ru
    [phone] => 82225678783
    [formname] => Обратная связь
)

------------------------

------------------------
04.12.2023 15:21:39
CallbackFormEmailModal
Array
(
    [name] => garlina1990@mail.ru
    [phone] => 88215265881
    [formname] => Обратная связь
)

------------------------

------------------------
04.12.2023 15:26:49
CallbackFormEmailModal
Array
(
    [name] => juncpecni1980@mail.ru
    [phone] => 83641159583
    [formname] => Обратная связь
)

------------------------

------------------------
04.12.2023 15:28:07
CallbackFormEmailModal
Array
(
    [name] => pavel.sitdikov.88@mail.ru
    [phone] => 83257189961
    [formname] => Обратная связь
)

------------------------

------------------------
04.12.2023 15:37:04
CallbackFormEmailModal
Array
(
    [name] => nisnyltwal1981@mail.ru
    [phone] => 87221535583
    [formname] => Обратная связь
)

------------------------

------------------------
04.12.2023 16:21:34
CallbackFormEmailModal
Array
(
    [name] => osipova.liliia.1986.22.12@inbox.ru
    [phone] => 88442854932
    [formname] => Обратная связь
)

------------------------

------------------------
04.12.2023 18:38:36
CallbackFormEmailModal
Array
(
    [name] => aq91aqa@rambler.ru
    [phone] => 89856854822
    [formname] => Обратная связь
)

------------------------

------------------------
04.12.2023 20:57:12
CallbackFormEmailModal
Array
(
    [name] => 79944424810@inbox.ru
    [phone] => 79944424810
    [formname] => Обратная связь
)

------------------------

------------------------
04.12.2023 22:03:57
CallbackFormEmailModal
Array
(
    [name] => lolerex241@ovout.com
    [phone] => 86445782522
    [formname] => Обратная связь
)

------------------------
