
------------------------
11.05.2025 2:19:27
CallbackFormEmailModal
Array
(
    [name] => bikon777@rambler.ru
    [phone] => 85476196844
    [formname] => Обратная связь
)

------------------------

------------------------
11.05.2025 4:42:08
CallbackFormEmailModal
Array
(
    [name] => zxfqesdx@wildbmail.com
    [phone] => 86912925774
    [formname] => Обратная связь
)

------------------------

------------------------
11.05.2025 9:37:30
CallbackFormEmailModal
Array
(
    [name] => secberconla1986@mail.ru
    [phone] => 87471245843
    [formname] => Обратная связь
)

------------------------

------------------------
11.05.2025 9:48:01
CallbackFormEmailModal
Array
(
    [name] => dolnovam@mail.ru
    [phone] => 89291138952
    [formname] => Обратная связь
)

------------------------

------------------------
11.05.2025 9:50:19
CallbackFormEmailModal
Array
(
    [name] => deacren@mail.ru
    [phone] => 86941772674
    [formname] => Обратная связь
)

------------------------

------------------------
11.05.2025 9:56:16
CallbackFormEmailModal
Array
(
    [name] => karina_platonova_31068@mail.ru
    [phone] => 82425573189
    [formname] => Обратная связь
)

------------------------

------------------------
11.05.2025 10:00:03
CallbackFormEmailModal
Array
(
    [name] => wemofoomacfensta@mail.ru
    [phone] => 82484115754
    [formname] => Обратная связь
)

------------------------

------------------------
11.05.2025 10:04:21
CallbackFormEmailModal
Array
(
    [name] => peraecredad1976@mail.ru
    [phone] => 81139775125
    [formname] => Обратная связь
)

------------------------

------------------------
11.05.2025 10:05:24
CallbackFormEmailModal
Array
(
    [name] => kxiliya@bk.ru
    [phone] => 88893491696
    [formname] => Обратная связь
)

------------------------

------------------------
11.05.2025 10:09:22
CallbackFormEmailModal
Array
(
    [name] => laisumake186@mail.ru
    [phone] => 89178659812
    [formname] => Обратная связь
)

------------------------

------------------------
11.05.2025 10:21:15
CallbackFormEmailModal
Array
(
    [name] => mark.moshchenskiy.90@mail.ru
    [phone] => 89569239777
    [formname] => Обратная связь
)

------------------------

------------------------
11.05.2025 10:22:08
CallbackFormEmailModal
Array
(
    [name] => filatovlenian4023@mail.ru
    [phone] => 85913623264
    [formname] => Обратная связь
)

------------------------

------------------------
11.05.2025 11:59:34
CallbackFormEmailModal
Array
(
    [name] => dzhavgorat-tashdemirov1981@mail.ru
    [phone] => 81226115543
    [formname] => Обратная связь
)

------------------------

------------------------
11.05.2025 13:48:39
CallbackFormEmailModal
Array
(
    [name] => eugeneAcuseeugeneAcuse@mail.ru
    [phone] => 81322949793
    [formname] => Обратная связь
)

------------------------

------------------------
11.05.2025 15:40:41
CallbackFormEmailModal
Array
(
    [name] => martynovgenaxh1052@rambler.ru
    [phone] => 86567154935
    [formname] => Обратная связь
)

------------------------

------------------------
11.05.2025 19:46:51
CallbackFormEmailModal
Array
(
    [name] => yaroslav.sevastyanov.1988@mail.ru
    [phone] => 83824127455
    [formname] => Обратная связь
)

------------------------

------------------------
11.05.2025 21:01:33
CallbackFormEmailModal
Array
(
    [name] => hannahnilana@gazeta.pl
    [phone] => 86279843678
    [formname] => Обратная связь
)

------------------------

------------------------
11.05.2025 22:36:53
CallbackFormEmailModal
Array
(
    [name] => ceitigasa1987@mailopenz.com
    [phone] => 83683955322
    [formname] => Обратная связь
)

------------------------

------------------------
11.05.2025 23:06:49
CallbackFormEmailModal
Array
(
    [name] => xqrofswf@streetwormail.com
    [phone] => 86836823876
    [formname] => Обратная связь
)

------------------------
