
------------------------
14.05.2022 1:38:13
CallbackFormEmailModal
Array
(
    [name] => ted.troccola@gmail.com
    [phone] => 89036291306
    [formname] => Обратная связь
)

------------------------

------------------------
14.05.2022 5:35:06
CallbackFormEmailModal
Array
(
    [name] => Ministry8@yahoo.com
    [phone] => 89037929546
    [formname] => Обратная связь
)

------------------------

------------------------
14.05.2022 11:16:17
CallbackFormEmailModal
Array
(
    [name] => cgaid@eurosport.com
    [phone] => 89035541707
    [formname] => Обратная связь
)

------------------------

------------------------
14.05.2022 11:29:31
CallbackEmailModal
Array
(
    [name] => osteosy@topmailnew.xyz
    [phone] => 89729782321
    [comment] => Название продуката: Стандартный канал S170 1.5мм
Комменатрий: que es cialis yahoo https://newfasttadalafil.com/ - buy cialis pro Potmlo Viagra For Cheap <a href=https://newfasttadalafil.com/>Cialis</a> Rhdjir Jtbvyd https://newfasttadalafil.com/ - cheapest cialis
    [formname] => Задать вопрос по товару
)

------------------------

------------------------
14.05.2022 11:54:46
CallbackFormEmailModal
Array
(
    [name] => vadisboyse3839@gmail.com
    [phone] => vadisboyse3839@gmail.com
    [formname] => Обратная связь
)

------------------------

------------------------
14.05.2022 11:54:57
CallbackFormEmailModal
Array
(
    [name] => vadisboyse3839@gmail.com
    [phone] => vadisboyse3839@gmail.com
    [formname] => Обратная связь
)

------------------------

------------------------
14.05.2022 11:55:07
CallbackFormEmailModal
Array
(
    [name] => vadisboyse3839@gmail.com
    [phone] => vadisboyse3839@gmail.com
    [formname] => Обратная связь
)

------------------------

------------------------
14.05.2022 11:55:15
CallbackFormEmailModal
Array
(
    [name] => vadisboyse3839@gmail.com
    [phone] => vadisboyse3839@gmail.com
    [formname] => Обратная связь
)

------------------------

------------------------
14.05.2022 11:55:26
CallbackFormEmailModal
Array
(
    [name] => vadisboyse3839@gmail.com
    [phone] => vadisboyse3839@gmail.com
    [formname] => Обратная связь
)

------------------------

------------------------
14.05.2022 11:55:31
CallbackFormEmailModal
Array
(
    [name] => vadisboyse3839@gmail.com
    [phone] => vadisboyse3839@gmail.com
    [formname] => Обратная связь
)

------------------------

------------------------
14.05.2022 11:55:43
CallbackFormEmailModal
Array
(
    [name] => vadisboyse3839@gmail.com
    [phone] => vadisboyse3839@gmail.com
    [formname] => Обратная связь
)

------------------------

------------------------
14.05.2022 11:55:49
CallbackFormEmailModal
Array
(
    [name] => vadisboyse3839@gmail.com
    [phone] => vadisboyse3839@gmail.com
    [formname] => Обратная связь
)

------------------------

------------------------
14.05.2022 11:55:59
CallbackFormEmailModal
Array
(
    [name] => vadisboyse3839@gmail.com
    [phone] => vadisboyse3839@gmail.com
    [formname] => Обратная связь
)

------------------------

------------------------
14.05.2022 11:56:07
CallbackFormEmailModal
Array
(
    [name] => vadisboyse3839@gmail.com
    [phone] => vadisboyse3839@gmail.com
    [formname] => Обратная связь
)

------------------------

------------------------
14.05.2022 11:56:57
CallbackFormEmailModal
Array
(
    [name] => vadisboyse3839@gmail.com
    [phone] => vadisboyse3839@gmail.com
    [formname] => Обратная связь
)

------------------------

------------------------
14.05.2022 11:57:07
CallbackFormEmailModal
Array
(
    [name] => vadisboyse3839@gmail.com
    [phone] => vadisboyse3839@gmail.com
    [formname] => Обратная связь
)

------------------------

------------------------
14.05.2022 12:04:53
CallbackFormEmailModal
Array
(
    [name] => Vararropy@sufmail.xyz
    [phone] => 85281326724
    [formname] => Обратная связь
)

------------------------

------------------------
14.05.2022 12:47:21
CallbackFormEmailModal
Array
(
    [name] => psyboar@oourmail.xyz
    [phone] => 82573417879
    [formname] => Обратная связь
)

------------------------

------------------------
14.05.2022 16:37:21
CallbackFormEmailModal
Array
(
    [name] => offroad_gurl19@yahoo.com
    [phone] => 89038517226
    [formname] => Обратная связь
)

------------------------

------------------------
14.05.2022 21:57:06
CallbackFormEmailModal
Array
(
    [name] => you_get_the_best_of_both_worlds@yahoo.co
    [phone] => 89036650705
    [formname] => Обратная связь
)

------------------------
