
------------------------
12.12.2023 0:23:46
CallbackFormEmailModal
Array
(
    [name] => yourmail@gmail.com
    [phone] => 81919493255
    [formname] => Обратная связь
)

------------------------

------------------------
12.12.2023 2:00:53
CallbackFormEmailModal
Array
(
    [name] => nikfreelansov912@gmail.com
    [phone] => 89164783214
    [formname] => Обратная связь
)

------------------------

------------------------
12.12.2023 3:52:01
CallbackFormEmailModal
Array
(
    [name] => retfioyt@rambler.ua
    [phone] => 89675839734
    [formname] => Обратная связь
)

------------------------

------------------------
12.12.2023 8:07:45
CallbackFormEmailModal
Array
(
    [name] => james23parker79as@rambler.ru
    [phone] => 89991527924
    [formname] => Обратная связь
)

------------------------

------------------------
12.12.2023 8:16:36
CallbackFormEmailModal
Array
(
    [name] => lucido.leinteract@gmail.com
    [phone] => 86713979419
    [formname] => Обратная связь
)

------------------------

------------------------
12.12.2023 11:45:19
CallbackFormEmailModal
Array
(
    [name] => orslclqxzb@rambler.ru
    [phone] => 85147348316
    [formname] => Обратная связь
)

------------------------

------------------------
12.12.2023 12:06:21
CallbackFormEmailModal
Array
(
    [name] => biogodtaupres198938@rambler.ru
    [phone] => +78945612312
    [formname] => Обратная связь
)

------------------------

------------------------
12.12.2023 13:03:57
Order
Array
(
    [name] => Алуксандр Зольников
    [email] => alekstob91@ya.ru
    [phone] => +7-982-941-3558
    [comment] => Стандартный канал S170 1.5мм, кол-во: 1, цена: 3650руб.
Способ доставки: Самовывоз со склада
Выберите способ оплаты: Оплата наличным

Комментарий к заказу: 

    [formname] => Заказ из корзины
    [fields] => Array
        (
            [price] => 153300
        )

)

------------------------

------------------------
12.12.2023 13:05:27
Order
Array
(
    [name] => Александр Зольников
    [email] => alekstob91@ya.ru
    [phone] => +7-982-941-3558
    [comment] => Стандартный канал S170 1.5мм, кол-во: 1, цена: 3650руб.
Способ доставки: Доставка автотранспортом поставщика
Выберите способ оплаты: Оплата на расчетный счет организации
Адрес доставки: г. Пыть-Ях

Комментарий к заказу: 

    [formname] => Заказ из корзины
    [fields] => Array
        (
            [price] => 3650
        )

)

------------------------

------------------------
12.12.2023 13:18:22
CallbackFormEmailModal
Array
(
    [name] => robert46roberts81as@rambler.ru
    [phone] => 85482993559
    [formname] => Обратная связь
)

------------------------

------------------------
12.12.2023 16:57:28
CallbackFormEmailModal
Array
(
    [name] => john57young46as@rambler.ru
    [phone] => 85434346644
    [formname] => Обратная связь
)

------------------------

------------------------
12.12.2023 17:32:44
CallbackFormEmailModal
Array
(
    [name] => brian64king62as@rambler.ru
    [phone] => 82822399732
    [formname] => Обратная связь
)

------------------------

------------------------
12.12.2023 18:02:45
CallbackFormEmailModal
Array
(
    [name] => mark64green03as@rambler.ru
    [phone] => 83745353767
    [formname] => Обратная связь
)

------------------------

------------------------
12.12.2023 19:23:35
CallbackFormEmailModal
Array
(
    [name] => steven34johnson05as@rambler.ru
    [phone] => 84682846712
    [formname] => Обратная связь
)

------------------------

------------------------
12.12.2023 21:04:20
CallbackFormEmailModal
Array
(
    [name] => robert83lee39as@rambler.ru
    [phone] => 83982673688
    [formname] => Обратная связь
)

------------------------

------------------------
12.12.2023 21:15:49
CallbackFormEmailModal
Array
(
    [name] => aq78aqa@rambler.ru
    [phone] => 85133528895
    [formname] => Обратная связь
)

------------------------

------------------------
12.12.2023 23:17:19
CallbackFormEmailModal
Array
(
    [name] => advertising@bbcworldnewstoday.com
    [phone] => 89638497278
    [formname] => Обратная связь
)

------------------------
