
------------------------
18.03.2025 4:17:03
CallbackFormEmailModal
Array
(
    [name] => winsatall4ever@gmail.com
    [phone] => 84897129155
    [formname] => Обратная связь
)

------------------------

------------------------
18.03.2025 6:03:08
CallbackFormEmailModal
Array
(
    [name] => mirra312351@opoczta.pl
    [phone] => 88478123681
    [formname] => Обратная связь
)

------------------------

------------------------
18.03.2025 6:33:08
CallbackFormEmailModal
Array
(
    [name] => xrumer23Kip@gmail.com
    [phone] => 83518558531
    [formname] => Обратная связь
)

------------------------

------------------------
18.03.2025 8:15:52
CallbackFormEmailModal
Array
(
    [name] => tipanasotemthia@mail.ru
    [phone] => 86327979333
    [formname] => Обратная связь
)

------------------------

------------------------
18.03.2025 8:18:16
CallbackFormEmailModal
Array
(
    [name] => siatimscompma1978@mail.ru
    [phone] => 86192318646
    [formname] => Обратная связь
)

------------------------

------------------------
18.03.2025 8:20:38
CallbackFormEmailModal
Array
(
    [name] => bykovputislav7343@bk.ru
    [phone] => 85917183574
    [formname] => Обратная связь
)

------------------------

------------------------
18.03.2025 8:28:09
CallbackFormEmailModal
Array
(
    [name] => psincurousenlepen@mail.ru
    [phone] => 82761693286
    [formname] => Обратная связь
)

------------------------

------------------------
18.03.2025 8:40:43
CallbackFormEmailModal
Array
(
    [name] => vitalik.denisov.2019@list.ru
    [phone] => 88668545649
    [formname] => Обратная связь
)

------------------------

------------------------
18.03.2025 8:42:45
CallbackFormEmailModal
Array
(
    [name] => howyyncxy@bk.ru
    [phone] => 84212614664
    [formname] => Обратная связь
)

------------------------

------------------------
18.03.2025 9:05:41
CallbackFormEmailModal
Array
(
    [name] => ignatevipatii19908014@mail.ru
    [phone] => 82765722331
    [formname] => Обратная связь
)

------------------------

------------------------
18.03.2025 9:19:42
CallbackFormEmailModal
Array
(
    [name] => ela.kubets.94@mail.ru
    [phone] => 88497157331
    [formname] => Обратная связь
)

------------------------

------------------------
18.03.2025 9:23:11
CallbackFormEmailModal
Array
(
    [name] => oknaekaterinburg@rambler.ru
    [phone] => 82464589153
    [formname] => Обратная связь
)

------------------------

------------------------
18.03.2025 9:36:05
CallbackFormEmailModal
Array
(
    [name] => taelivihohtoca@mail.ru
    [phone] => 84945634168
    [formname] => Обратная связь
)

------------------------

------------------------
18.03.2025 9:37:27
CallbackFormEmailModal
Array
(
    [name] => sinevhabibi664@bk.ru
    [phone] => 89555717588
    [formname] => Обратная связь
)

------------------------

------------------------
18.03.2025 9:37:34
CallbackFormEmailModal
Array
(
    [name] => prohor.zlobin.14.11.1987@mail.ru
    [phone] => 83668916258
    [formname] => Обратная связь
)

------------------------

------------------------
18.03.2025 9:37:37
CallbackFormEmailModal
Array
(
    [name] => zoya.patrusheva.65@mail.ru
    [phone] => 82869262492
    [formname] => Обратная связь
)

------------------------

------------------------
18.03.2025 9:53:16
CallbackFormEmailModal
Array
(
    [name] => saakian.vova.1985.13.9@list.ru
    [phone] => 85518875422
    [formname] => Обратная связь
)

------------------------

------------------------
18.03.2025 11:03:45
CallbackFormEmailModal
Array
(
    [name] => ovnterbefjuden6138@mail.ru
    [phone] => 89858995452
    [formname] => Обратная связь
)

------------------------

------------------------
18.03.2025 11:46:47
CallbackFormEmailModal
Array
(
    [name] => vaisligam@gazeta.pl
    [phone] => 85475455779
    [formname] => Обратная связь
)

------------------------

------------------------
18.03.2025 11:46:50
CallbackFormEmailModal
Array
(
    [name] => detrispilg@onet.pl
    [phone] => 87941287613
    [formname] => Обратная связь
)

------------------------

------------------------
18.03.2025 13:35:44
CallbackFormEmailModal
Array
(
    [name] => 8880#r7andom[a..z]ykfmgjyitetcfrvnv@armashoping.ru
    [phone] => 85315735355
    [formname] => Обратная связь
)

------------------------

------------------------
18.03.2025 13:45:29
CallbackFormEmailModal
Array
(
    [name] => margarita.stolyarova.26.05.1995@mail.ru
    [phone] => 82685272367
    [formname] => Обратная связь
)

------------------------

------------------------
18.03.2025 13:53:49
CallbackFormEmailModal
Array
(
    [name] => peraecredad1976@mail.ru
    [phone] => 88211222454
    [formname] => Обратная связь
)

------------------------

------------------------
18.03.2025 13:58:45
CallbackFormEmailModal
Array
(
    [name] => tacusol-6816@mail.ru
    [phone] => 81724322521
    [formname] => Обратная связь
)

------------------------

------------------------
18.03.2025 14:18:25
CallbackFormEmailModal
Array
(
    [name] => rhotenti-44@mail.ru
    [phone] => 86275596619
    [formname] => Обратная связь
)

------------------------

------------------------
18.03.2025 14:31:34
CallbackFormEmailModal
Array
(
    [name] => higbiosepo1986@mail.ru
    [phone] => 85121598245
    [formname] => Обратная связь
)

------------------------

------------------------
18.03.2025 14:37:14
CallbackFormEmailModal
Array
(
    [name] => ziminbertold1990@bk.ru
    [phone] => 88121286442
    [formname] => Обратная связь
)

------------------------

------------------------
18.03.2025 14:44:11
CallbackFormEmailModal
Array
(
    [name] => margarit_ternova1999@mail.ru
    [phone] => 89582687416
    [formname] => Обратная связь
)

------------------------

------------------------
18.03.2025 14:56:18
CallbackFormEmailModal
Array
(
    [name] => kostinarogneda97@list.ru
    [phone] => 82297749894
    [formname] => Обратная связь
)

------------------------

------------------------
18.03.2025 15:05:55
CallbackFormEmailModal
Array
(
    [name] => ponomaryov.borya.1983@bk.ru
    [phone] => 81967838675
    [formname] => Обратная связь
)

------------------------

------------------------
18.03.2025 15:20:49
CallbackFormEmailModal
Array
(
    [name] => naphtloxua-5550@mail.ru
    [phone] => 86857651819
    [formname] => Обратная связь
)

------------------------

------------------------
18.03.2025 15:42:35
CallbackFormEmailModal
Array
(
    [name] => egorbmxik@mail.ru
    [phone] => 84549767824
    [formname] => Обратная связь
)

------------------------

------------------------
18.03.2025 15:47:15
CallbackFormEmailModal
Array
(
    [name] => sevastian.borisov.27.8.1978@mail.ru
    [phone] => 89444484599
    [formname] => Обратная связь
)

------------------------

------------------------
18.03.2025 16:44:12
CallbackFormEmailModal
Array
(
    [name] => shvernik.s@mail.ru
    [phone] => 88856336684
    [formname] => Обратная связь
)

------------------------

------------------------
18.03.2025 17:24:03
CallbackFormEmailModal
Array
(
    [name] => iintabre@mail.ru
    [phone] => 81738574656
    [formname] => Обратная связь
)

------------------------

------------------------
18.03.2025 17:59:41
CallbackFormEmailModal
Array
(
    [name] => panova.elena.1992.23.11@bk.ru
    [phone] => 83893713426
    [formname] => Обратная связь
)

------------------------

------------------------
18.03.2025 18:54:40
CallbackFormEmailModal
Array
(
    [name] => osipova.liliia.1986.22.12@inbox.ru
    [phone] => 81122168898
    [formname] => Обратная связь
)

------------------------

------------------------
18.03.2025 21:27:07
CallbackFormEmailModal
Array
(
    [name] => s.arah.p3will.ia.ms294.@gmail.com
    [phone] => 85437859774
    [formname] => Обратная связь
)

------------------------

------------------------
18.03.2025 23:25:53
CallbackFormEmailModal
Array
(
    [name] => pro1@tahograf-pro.store
    [phone] => 81678582953
    [formname] => Обратная связь
)

------------------------
