
------------------------
07.08.2022 1:54:03
CallbackFormEmailModal
Array
(
    [name] => digitan@naver.com
    [phone] => 89034008249
    [formname] => Обратная связь
)

------------------------

------------------------
07.08.2022 4:17:58
CallbackFormEmailModal
Array
(
    [name] => laurent.tantot@gmail.com
    [phone] => 89037604915
    [formname] => Обратная связь
)

------------------------

------------------------
07.08.2022 6:42:54
CallbackFormEmailModal
Array
(
    [name] => lotusbelle76@yahoo.com
    [phone] => 89032281916
    [formname] => Обратная связь
)

------------------------

------------------------
07.08.2022 9:07:51
CallbackFormEmailModal
Array
(
    [name] => rn21barb@aol.com
    [phone] => 89038711362
    [formname] => Обратная связь
)

------------------------

------------------------
07.08.2022 11:32:30
CallbackFormEmailModal
Array
(
    [name] => diegoechavarriamisas@hotmail.com
    [phone] => 89039666499
    [formname] => Обратная связь
)

------------------------

------------------------
07.08.2022 13:54:46
CallbackFormEmailModal
Array
(
    [name] => sahanashenoy08@gmail.com
    [phone] => 89038186395
    [formname] => Обратная связь
)

------------------------

------------------------
07.08.2022 16:19:22
CallbackFormEmailModal
Array
(
    [name] => c.eissej@gmail.com
    [phone] => 89037485495
    [formname] => Обратная связь
)

------------------------

------------------------
07.08.2022 18:39:41
CallbackFormEmailModal
Array
(
    [name] => chrysacosta@yahoo.com
    [phone] => 89037606850
    [formname] => Обратная связь
)

------------------------

------------------------
07.08.2022 21:01:23
CallbackFormEmailModal
Array
(
    [name] => alabrinza@yahoo.com
    [phone] => 89038744514
    [formname] => Обратная связь
)

------------------------

------------------------
07.08.2022 23:21:29
CallbackFormEmailModal
Array
(
    [name] => eelkenny@hotmail.com
    [phone] => 89035161754
    [formname] => Обратная связь
)

------------------------
