
------------------------
18.10.2022 2:16:00
CallbackFormEmailModal
Array
(
    [name] => elderie@bernardmail.xyz
    [phone] => 89474289358
    [formname] => Обратная связь
)

------------------------

------------------------
18.10.2022 2:31:14
CallbackFormEmailModal
Array
(
    [name] => sokolov.mikhail.1987.26.12@inbox.ru
    [phone] => 88975353952
    [formname] => Обратная связь
)

------------------------

------------------------
18.10.2022 2:31:30
CallbackFormEmailModal
Array
(
    [name] => pashenka.vladimirovich.2023@mail.ru
    [phone] => 83976384218
    [formname] => Обратная связь
)

------------------------

------------------------
18.10.2022 2:34:47
CallbackFormEmailModal
Array
(
    [name] => contcubal-92@mail.ru
    [phone] => 82582792739
    [formname] => Обратная связь
)

------------------------

------------------------
18.10.2022 2:35:06
CallbackFormEmailModal
Array
(
    [name] => daniil.klimov.80@bk.ru
    [phone] => 89889653418
    [formname] => Обратная связь
)

------------------------

------------------------
18.10.2022 2:35:09
CallbackFormEmailModal
Array
(
    [name] => alekseev_mikhail_1997_25_7@inbox.ru
    [phone] => 87762852947
    [formname] => Обратная связь
)

------------------------

------------------------
18.10.2022 2:35:18
CallbackFormEmailModal
Array
(
    [name] => geolitio_3922@mail.ru
    [phone] => 81268243343
    [formname] => Обратная связь
)

------------------------

------------------------
18.10.2022 2:37:32
CallbackFormEmailModal
Array
(
    [name] => ceopafer_68@mail.ru
    [phone] => 87782824192
    [formname] => Обратная связь
)

------------------------

------------------------
18.10.2022 2:38:06
CallbackFormEmailModal
Array
(
    [name] => sashunya.sergeev.2022@list.ru
    [phone] => 84257813141
    [formname] => Обратная связь
)

------------------------

------------------------
18.10.2022 2:40:46
CallbackFormEmailModal
Array
(
    [name] => ruslan7oelob@bk.ru
    [phone] => 84824116945
    [formname] => Обратная связь
)

------------------------

------------------------
18.10.2022 3:06:34
CallbackFormEmailModal
Array
(
    [name] => vova.sagidullin@mail.ru
    [phone] => 81958752676
    [formname] => Обратная связь
)

------------------------

------------------------
18.10.2022 3:06:34
CallbackFormEmailModal
Array
(
    [name] => mariyaz5ly@bk.ru
    [phone] => 88755677438
    [formname] => Обратная связь
)

------------------------

------------------------
18.10.2022 3:08:33
CallbackFormEmailModal
Array
(
    [name] => shmelev.serega.1988.25.10@bk.ru
    [phone] => 88622333745
    [formname] => Обратная связь
)

------------------------

------------------------
18.10.2022 3:14:06
CallbackFormEmailModal
Array
(
    [name] => tiocicie.4769@mail.ru
    [phone] => 88875975799
    [formname] => Обратная связь
)

------------------------

------------------------
18.10.2022 3:14:53
CallbackFormEmailModal
Array
(
    [name] => belchaleo.6602@mail.ru
    [phone] => 82194596584
    [formname] => Обратная связь
)

------------------------

------------------------
18.10.2022 3:16:14
CallbackFormEmailModal
Array
(
    [name] => agafonov.maksim.1985.17.1@bk.ru
    [phone] => 82997225739
    [formname] => Обратная связь
)

------------------------

------------------------
18.10.2022 3:16:30
CallbackFormEmailModal
Array
(
    [name] => naphtloxua-5550@mail.ru
    [phone] => 82431195149
    [formname] => Обратная связь
)

------------------------

------------------------
18.10.2022 3:17:20
CallbackFormEmailModal
Array
(
    [name] => sumeli-4445@mail.ru
    [phone] => 82912644475
    [formname] => Обратная связь
)

------------------------

------------------------
18.10.2022 3:17:39
CallbackFormEmailModal
Array
(
    [name] => smirnov_vlad_1995_4_1@inbox.ru
    [phone] => 86494914847
    [formname] => Обратная связь
)

------------------------

------------------------
18.10.2022 3:17:50
CallbackFormEmailModal
Array
(
    [name] => hervacu.781@mail.ru
    [phone] => 81689338577
    [formname] => Обратная связь
)

------------------------

------------------------
18.10.2022 3:20:03
CallbackFormEmailModal
Array
(
    [name] => namata-2521@mail.ru
    [phone] => 86777696222
    [formname] => Обратная связь
)

------------------------

------------------------
18.10.2022 3:20:53
CallbackFormEmailModal
Array
(
    [name] => fyodorzaqfou@inbox.ru
    [phone] => 89654339787
    [formname] => Обратная связь
)

------------------------

------------------------
18.10.2022 3:26:58
CallbackFormEmailModal
Array
(
    [name] => conneusi-524@mail.ru
    [phone] => 88623222697
    [formname] => Обратная связь
)

------------------------

------------------------
18.10.2022 3:27:44
CallbackFormEmailModal
Array
(
    [name] => efimjxmu@inbox.ru
    [phone] => 84981164175
    [formname] => Обратная связь
)

------------------------

------------------------
18.10.2022 3:29:48
CallbackFormEmailModal
Array
(
    [name] => biriria.60@mail.ru
    [phone] => 86925931965
    [formname] => Обратная связь
)

------------------------

------------------------
18.10.2022 3:30:29
CallbackFormEmailModal
Array
(
    [name] => enpropta_38@mail.ru
    [phone] => 84652388817
    [formname] => Обратная связь
)

------------------------

------------------------
18.10.2022 3:37:56
CallbackFormEmailModal
Array
(
    [name] => consducfen.51@mail.ru
    [phone] => 82271294554
    [formname] => Обратная связь
)

------------------------

------------------------
18.10.2022 3:50:25
CallbackFormEmailModal
Array
(
    [name] => mosoce-416@mail.ru
    [phone] => 85853673295
    [formname] => Обратная связь
)

------------------------

------------------------
18.10.2022 4:35:34
CallbackFormEmailModal
Array
(
    [name] => podaiclan_547@mail.ru
    [phone] => 81517528477
    [formname] => Обратная связь
)

------------------------

------------------------
18.10.2022 4:35:54
CallbackFormEmailModal
Array
(
    [name] => orlova.olga.2019@list.ru
    [phone] => 85432383633
    [formname] => Обратная связь
)

------------------------

------------------------
18.10.2022 4:36:32
CallbackFormEmailModal
Array
(
    [name] => abtite_278@mail.ru
    [phone] => 86952339687
    [formname] => Обратная связь
)

------------------------

------------------------
18.10.2022 4:37:12
CallbackFormEmailModal
Array
(
    [name] => tacusol-6816@mail.ru
    [phone] => 86174598176
    [formname] => Обратная связь
)

------------------------

------------------------
18.10.2022 4:42:27
CallbackFormEmailModal
Array
(
    [name] => karinadttl@bk.ru
    [phone] => 86755166682
    [formname] => Обратная связь
)

------------------------

------------------------
18.10.2022 4:44:05
CallbackFormEmailModal
Array
(
    [name] => roman-belyayev-92@mail.ru
    [phone] => 85289537982
    [formname] => Обратная связь
)

------------------------

------------------------
18.10.2022 4:53:56
CallbackFormEmailModal
Array
(
    [name] => valya.valeev.01@mail.ru
    [phone] => 87796384682
    [formname] => Обратная связь
)

------------------------

------------------------
18.10.2022 4:57:22
CallbackFormEmailModal
Array
(
    [name] => sergey_ilin_1982@bk.ru
    [phone] => 82558952881
    [formname] => Обратная связь
)

------------------------

------------------------
18.10.2022 5:11:41
CallbackFormEmailModal
Array
(
    [name] => timofeev.sviatoslav.1983.19.6@bk.ru
    [phone] => 82951747596
    [formname] => Обратная связь
)

------------------------

------------------------
18.10.2022 5:45:41
CallbackFormEmailModal
Array
(
    [name] => viabimil_905@mail.ru
    [phone] => 83286997469
    [formname] => Обратная связь
)

------------------------

------------------------
18.10.2022 5:45:41
CallbackFormEmailModal
Array
(
    [name] => pencucon_97@mail.ru
    [phone] => 85199346324
    [formname] => Обратная связь
)

------------------------

------------------------
18.10.2022 5:58:24
CallbackFormEmailModal
Array
(
    [name] => zrjachixakm1991@rambler.ru
    [phone] => 83755634166
    [formname] => Обратная связь
)

------------------------

------------------------
18.10.2022 6:40:52
CallbackFormEmailModal
Array
(
    [name] => diasopettoutp197228@rambler.ru
    [phone] => +71231234567
    [formname] => Обратная связь
)

------------------------

------------------------
18.10.2022 10:31:35
CallbackFormEmailModal
Array
(
    [name] => beliaev_denis_1989_31_12@bk.ru
    [phone] => 82647139283
    [formname] => Обратная связь
)

------------------------

------------------------
18.10.2022 10:37:29
CallbackFormEmailModal
Array
(
    [name] => videostat.326453@mail.ru
    [phone] => 86458756512
    [formname] => Обратная связь
)

------------------------

------------------------
18.10.2022 13:13:23
CallbackFormEmailModal
Array
(
    [name] => sashalu30si@outlook.com
    [phone] => sashalu30si@outlook.com
    [formname] => Обратная связь
)

------------------------

------------------------
18.10.2022 13:13:29
CallbackFormEmailModal
Array
(
    [name] => sashalu30si@outlook.com
    [phone] => sashalu30si@outlook.com
    [formname] => Обратная связь
)

------------------------

------------------------
18.10.2022 13:13:38
CallbackFormEmailModal
Array
(
    [name] => sashalu30si@outlook.com
    [phone] => sashalu30si@outlook.com
    [formname] => Обратная связь
)

------------------------

------------------------
18.10.2022 13:13:43
CallbackFormEmailModal
Array
(
    [name] => sashalu30si@outlook.com
    [phone] => sashalu30si@outlook.com
    [formname] => Обратная связь
)

------------------------

------------------------
18.10.2022 14:35:21
CallbackFormEmailModal
Array
(
    [name] => nelya.akimova.1998@mail.ru
    [phone] => 83537432849
    [formname] => Обратная связь
)

------------------------
