
------------------------
12.01.2024 0:00:00
CallbackFormEmailModal
Array
(
    [name] => prohor21@mail.ru
    [phone] => 84867722335
    [formname] => Обратная связь
)

------------------------

------------------------
12.01.2024 0:00:26
CallbackFormEmailModal
Array
(
    [name] => prohor21@mail.ru
    [phone] => 86682747487
    [formname] => Обратная связь
)

------------------------

------------------------
12.01.2024 0:25:02
CallbackFormEmailModal
Array
(
    [name] => rf24@atrimoney.site
    [phone] => 89862838973
    [formname] => Обратная связь
)

------------------------

------------------------
12.01.2024 0:29:54
CallbackFormEmailModal
Array
(
    [name] => vincent91nostrandh4n@outlook.com
    [phone] => 81137298169
    [formname] => Обратная связь
)

------------------------

------------------------
12.01.2024 0:30:09
CallbackFormEmailModal
Array
(
    [name] => indomitowot@outlook.com
    [phone] => 89539345424
    [formname] => Обратная связь
)

------------------------

------------------------
12.01.2024 5:11:40
CallbackFormEmailModal
Array
(
    [name] => energo200@internet.ru
    [phone] => 87494788733
    [formname] => Обратная связь
)

------------------------

------------------------
12.01.2024 9:52:02
CallbackFormEmailModal
Array
(
    [name] => tiocrouchfikata2094@mail.ru
    [phone] => 81133776426
    [formname] => Обратная связь
)

------------------------

------------------------
12.01.2024 10:00:57
CallbackFormEmailModal
Array
(
    [name] => bobraklessa@list.ru
    [phone] => 81415435212
    [formname] => Обратная связь
)

------------------------

------------------------
12.01.2024 10:03:47
CallbackFormEmailModal
Array
(
    [name] => truvthamoconttab2426@mail.ru
    [phone] => 86795281428
    [formname] => Обратная связь
)

------------------------

------------------------
12.01.2024 10:08:28
CallbackFormEmailModal
Array
(
    [name] => osipova.liliia.1986.22.12@inbox.ru
    [phone] => 85272177139
    [formname] => Обратная связь
)

------------------------

------------------------
12.01.2024 10:09:45
CallbackFormEmailModal
Array
(
    [name] => indomitowot@outlook.com
    [phone] => 85714839536
    [formname] => Обратная связь
)

------------------------

------------------------
12.01.2024 10:10:54
CallbackFormEmailModal
Array
(
    [name] => gelibomenlo6420@mail.ru
    [phone] => 83753454214
    [formname] => Обратная связь
)

------------------------

------------------------
12.01.2024 10:12:03
CallbackFormEmailModal
Array
(
    [name] => luomor@mail.ru
    [phone] => 88358585528
    [formname] => Обратная связь
)

------------------------

------------------------
12.01.2024 10:14:48
CallbackFormEmailModal
Array
(
    [name] => keovakoig@mail.ru
    [phone] => 84793715393
    [formname] => Обратная связь
)

------------------------

------------------------
12.01.2024 10:16:32
CallbackFormEmailModal
Array
(
    [name] => siegavmut@mail.ru
    [phone] => 87344497127
    [formname] => Обратная связь
)

------------------------

------------------------
12.01.2024 10:17:38
CallbackFormEmailModal
Array
(
    [name] => saakian.vova.1985.13.9@list.ru
    [phone] => 83156955359
    [formname] => Обратная связь
)

------------------------

------------------------
12.01.2024 10:20:41
CallbackFormEmailModal
Array
(
    [name] => reapuzhesh@mail.ru
    [phone] => 82252165322
    [formname] => Обратная связь
)

------------------------

------------------------
12.01.2024 10:24:27
CallbackFormEmailModal
Array
(
    [name] => shegukazsc@mail.ru
    [phone] => 81271445473
    [formname] => Обратная связь
)

------------------------

------------------------
12.01.2024 10:25:15
CallbackFormEmailModal
Array
(
    [name] => louttotibiggui7918@mail.ru
    [phone] => 81287572843
    [formname] => Обратная связь
)

------------------------

------------------------
12.01.2024 10:28:11
CallbackFormEmailModal
Array
(
    [name] => musaev.misha.1982.3.5@list.ru
    [phone] => 89645319191
    [formname] => Обратная связь
)

------------------------

------------------------
12.01.2024 10:32:27
CallbackFormEmailModal
Array
(
    [name] => tosya.petrenko.02@mail.ru
    [phone] => 81136721366
    [formname] => Обратная связь
)

------------------------

------------------------
12.01.2024 10:34:54
CallbackFormEmailModal
Array
(
    [name] => woodbpurne1983@mail.ru
    [phone] => 88344329226
    [formname] => Обратная связь
)

------------------------

------------------------
12.01.2024 10:41:09
CallbackFormEmailModal
Array
(
    [name] => sirolmitoma6815@mail.ru
    [phone] => 85381779119
    [formname] => Обратная связь
)

------------------------

------------------------
12.01.2024 10:44:15
CallbackFormEmailModal
Array
(
    [name] => woodbpurne1983@mail.ru
    [phone] => 82927962313
    [formname] => Обратная связь
)

------------------------

------------------------
12.01.2024 10:47:56
CallbackFormEmailModal
Array
(
    [name] => gubetride@inbox.ru
    [phone] => 81691551177
    [formname] => Обратная связь
)

------------------------

------------------------
12.01.2024 10:49:45
CallbackFormEmailModal
Array
(
    [name] => geboxchestza@bk.ru
    [phone] => 84999595568
    [formname] => Обратная связь
)

------------------------

------------------------
12.01.2024 10:50:20
CallbackFormEmailModal
Array
(
    [name] => khachaturian_vania_1981_5_6@bk.ru
    [phone] => 88916424626
    [formname] => Обратная связь
)

------------------------

------------------------
12.01.2024 11:01:03
CallbackFormEmailModal
Array
(
    [name] => publictreerobber@rambler.ru
    [phone] => 81925276338
    [formname] => Обратная связь
)

------------------------

------------------------
12.01.2024 12:14:41
CallbackFormEmailModal
Array
(
    [name] => prohor241@mail.ru
    [phone] => 87817498387
    [formname] => Обратная связь
)

------------------------

------------------------
12.01.2024 12:14:49
CallbackFormEmailModal
Array
(
    [name] => prohor241@mail.ru
    [phone] => 89998621742
    [formname] => Обратная связь
)

------------------------

------------------------
12.01.2024 14:09:53
CallbackFormEmailModal
Array
(
    [name] => indomitowot@outlook.com
    [phone] => 89919453262
    [formname] => Обратная связь
)

------------------------

------------------------
12.01.2024 23:56:42
CallbackFormEmailModal
Array
(
    [name] => adheday@cmaill.xyz
    [phone] => 84597555226
    [formname] => Обратная связь
)

------------------------
