
------------------------
15.04.2024 0:50:53
CallbackFormEmailModal
Array
(
    [name] => ibfhsfsf433@mops777.fun
    [phone] => 83484285777
    [formname] => Обратная связь
)

------------------------

------------------------
15.04.2024 1:48:30
CallbackFormEmailModal
Array
(
    [name] => 79998263650@bk.ru
    [phone] => 79998263650
    [formname] => Обратная связь
)

------------------------

------------------------
15.04.2024 2:18:52
CallbackFormEmailModal
Array
(
    [name] => iq0tjdsn@webfreemailz.com
    [phone] => 86656868879
    [formname] => Обратная связь
)

------------------------

------------------------
15.04.2024 9:28:29
CallbackFormEmailModal
Array
(
    [name] => eqaaupeskvfiugjg@onet.pl
    [phone] => 85988421497
    [formname] => Обратная связь
)

------------------------

------------------------
15.04.2024 9:59:16
CallbackFormEmailModal
Array
(
    [name] => rtx_fl06@rambler.ru
    [phone] => 86358614366
    [formname] => Обратная связь
)

------------------------

------------------------
15.04.2024 10:18:40
CallbackFormEmailModal
Array
(
    [name] => scananloduff@mail3go.online

    [phone] => 86336885829
    [formname] => Обратная связь
)

------------------------

------------------------
15.04.2024 12:36:13
CallbackFormEmailModal
Array
(
    [name] => rffsdfssf@gmail.com
    [phone] => 84586946244
    [formname] => Обратная связь
)

------------------------

------------------------
15.04.2024 13:15:38
CallbackFormEmailModal
Array
(
    [name] => winbonn715@gmail.com
    [phone] => 84715857842
    [formname] => Обратная связь
)

------------------------

------------------------
15.04.2024 16:41:39
CallbackFormEmailModal
Array
(
    [name] => promosmartfos@gmail.com
    [phone] => +79164861478
    [formname] => Обратная связь
)

------------------------

------------------------
15.04.2024 17:39:34
CallbackFormEmailModal
Array
(
    [name] => blackjack@casino-slot-game.com
    [phone] => 86771895747
    [formname] => Обратная связь
)

------------------------

------------------------
15.04.2024 18:17:33
CallbackFormEmailModal
Array
(
    [name] => luki.n.ov.i.ch2.02.21.3.55@gmail.com

    [phone] => 89643691927
    [formname] => Обратная связь
)

------------------------

------------------------
15.04.2024 19:20:49
CallbackFormEmailModal
Array
(
    [name] => geleymrivova772@yandex.ru
    [phone] => 86531531291
    [formname] => Обратная связь
)

------------------------

------------------------
15.04.2024 19:24:50
CallbackFormEmailModal
Array
(
    [name] => sborpis.emal.l@gmail.com
    [phone] => 87982381568
    [formname] => Обратная связь
)

------------------------

------------------------
15.04.2024 21:43:41
CallbackFormEmailModal
Array
(
    [name] => paul72anderson@rambler.ru
    [phone] => 88118583698
    [formname] => Обратная связь
)

------------------------

------------------------
15.04.2024 23:53:36
CallbackFormEmailModal
Array
(
    [name] => lucido.leinteract@gmail.com
    [phone] => 89679128713
    [formname] => Обратная связь
)

------------------------
