
------------------------
13.04.2026 9:08:40
CallbackFormEmailModal
Array
(
    [name] => dolnovam@mail.ru
    [phone] => 82731454415
    [formname] => Обратная связь
)

------------------------

------------------------
13.04.2026 14:39:13
CallbackFormEmailModal
Array
(
    [name] => osipova.liliia.1986.22.12@inbox.ru
    [phone] => 84195765929
    [formname] => Обратная связь
)

------------------------

------------------------
13.04.2026 18:57:22
CallbackFormEmailModal
Array
(
    [name] => konstantinrovini@mail.ru
    [phone] => 85623938368
    [formname] => Обратная связь
)

------------------------
