
------------------------
09.07.2024 1:00:09
CallbackFormEmailModal
Array
(
    [name] => sfdddcyyuel@rudiplomust.com
    [phone] => 88258534623
    [formname] => Обратная связь
)

------------------------

------------------------
09.07.2024 1:10:00
CallbackFormEmailModal
Array
(
    [name] => nephebutpo1986@op.pl
    [phone] => 83887194149
    [formname] => Обратная связь
)

------------------------

------------------------
09.07.2024 2:37:10
CallbackFormEmailModal
Array
(
    [name] => goldboy1931@gmail.com
    [phone] => 89694485946
    [formname] => Обратная связь
)

------------------------

------------------------
09.07.2024 4:12:49
CallbackFormEmailModal
Array
(
    [name] => alexeynovikovfarmil@gmail.com
    [phone] => 84765491531
    [formname] => Обратная связь
)

------------------------

------------------------
09.07.2024 4:42:11
CallbackFormEmailModal
Array
(
    [name] => rnespeuzxel@rudiplomust.com
    [phone] => 82429593645
    [formname] => Обратная связь
)

------------------------

------------------------
09.07.2024 8:43:20
CallbackFormEmailModal
Array
(
    [name] => hjiwnclcyel@rudiplomust.com
    [phone] => 85575199471
    [formname] => Обратная связь
)

------------------------

------------------------
09.07.2024 10:31:13
CallbackFormEmailModal
Array
(
    [name] => jdgaswhcmel@rudiplomust.com
    [phone] => 81167192429
    [formname] => Обратная связь
)

------------------------

------------------------
09.07.2024 12:12:18
CallbackFormEmailModal
Array
(
    [name] => sharondanetes@onet.pl
    [phone] => 85694349884
    [formname] => Обратная связь
)

------------------------

------------------------
09.07.2024 12:36:32
CallbackFormEmailModal
Array
(
    [name] => mdma-extazi-kyiv@cocaine-v-ukraine.shop
    [phone] => 82821352631
    [formname] => Обратная связь
)

------------------------

------------------------
09.07.2024 12:42:37
CallbackFormEmailModal
Array
(
    [name] => ytzvgretsel@rudiplomust.com
    [phone] => 85363119671
    [formname] => Обратная связь
)

------------------------

------------------------
09.07.2024 12:42:38
CallbackFormEmailModal
Array
(
    [name] => udywcaptqel@rudiplomust.com
    [phone] => 81867575647
    [formname] => Обратная связь
)

------------------------

------------------------
09.07.2024 12:43:40
CallbackFormEmailModal
Array
(
    [name] => turvigobbvo@mail3go.online

    [phone] => 87957344171
    [formname] => Обратная связь
)

------------------------

------------------------
09.07.2024 13:53:41
CallbackFormEmailModal
Array
(
    [name] => fatpggwksel@rudiplomust.com
    [phone] => 88631332136
    [formname] => Обратная связь
)

------------------------

------------------------
09.07.2024 14:32:07
CallbackFormEmailModal
Array
(
    [name] => cocaine-kyiv@cocaine-v-ukraine.shop
    [phone] => 85674896322
    [formname] => Обратная связь
)

------------------------

------------------------
09.07.2024 15:15:58
CallbackFormEmailModal
Array
(
    [name] => metamfetamin-kyiv@cocaine-v-ukraine.shop
    [phone] => 86564187217
    [formname] => Обратная связь
)

------------------------

------------------------
09.07.2024 15:40:50
CallbackFormEmailModal
Array
(
    [name] => zokkqmpfzel@rudiplomust.com
    [phone] => 83544172672
    [formname] => Обратная связь
)

------------------------

------------------------
09.07.2024 16:04:46
CallbackFormEmailModal
Array
(
    [name] => dmitrievanadezhda27978@mail.ru
    [phone] => 82185181379
    [formname] => Обратная связь
)

------------------------

------------------------
09.07.2024 16:57:36
CallbackFormEmailModal
Array
(
    [name] => mefedron-kyiv@cocaine-v-ukraine.shop
    [phone] => 84689636721
    [formname] => Обратная связь
)

------------------------

------------------------
09.07.2024 19:30:17
CallbackFormEmailModal
Array
(
    [name] => mnubfaoneel@rudiplomust.com
    [phone] => 87635586432
    [formname] => Обратная связь
)

------------------------

------------------------
09.07.2024 19:31:14
CallbackFormEmailModal
Array
(
    [name] => uyuzlqccfh@rambler.ru
    [phone] => +71231234567
    [formname] => Обратная связь
)

------------------------

------------------------
09.07.2024 21:51:25
CallbackFormEmailModal
Array
(
    [name] => mikesice@gmail.com
    [phone] => 85453251716
    [formname] => Обратная связь
)

------------------------
