
------------------------
14.05.2025 0:38:42
CallbackFormEmailModal
Array
(
    [name] => sileterde1976@mail.ru
    [phone] => 87358854193
    [formname] => Обратная связь
)

------------------------

------------------------
14.05.2025 10:11:38
CallbackFormEmailModal
Array
(
    [name] => 4990@dorapepe.pro
    [phone] => 82544945224
    [formname] => Обратная связь
)

------------------------

------------------------
14.05.2025 12:13:30
CallbackFormEmailModal
Array
(
    [name] => hvznat@gmail.com
    [phone] => 83671442632
    [formname] => Обратная связь
)

------------------------

------------------------
14.05.2025 15:51:31
CallbackFormEmailModal
Array
(
    [name] => vincenttaits@mail.ru
    [phone] => 81966756629
    [formname] => Обратная связь
)

------------------------

------------------------
14.05.2025 20:52:58
CallbackFormEmailModal
Array
(
    [name] => i2m16odb@21cn.com
    [phone] => 87145613431
    [formname] => Обратная связь
)

------------------------
