
------------------------
17.04.2024 0:34:47
CallbackFormEmailModal
Array
(
    [name] => andreyka.kravchenko.8282@mail.ru
    [phone] => 79370880071
    [formname] => Обратная связь
)

------------------------

------------------------
17.04.2024 0:56:46
CallbackFormEmailModal
Array
(
    [name] => business@jio.com
    [phone] => 82794971981
    [formname] => Обратная связь
)

------------------------

------------------------
17.04.2024 8:21:29
CallbackFormEmailModal
Array
(
    [name] => rtx_fl07@rambler.ru
    [phone] => 82524185154
    [formname] => Обратная связь
)

------------------------

------------------------
17.04.2024 11:23:20
CallbackFormEmailModal
Array
(
    [name] => whitezorro2024@outlook.com
    [phone] => 89642349921
    [formname] => Обратная связь
)

------------------------

------------------------
17.04.2024 13:17:19
CallbackFormEmailModal
Array
(
    [name] => web@ctr.hk
    [phone] => 88255677228
    [formname] => Обратная связь
)

------------------------

------------------------
17.04.2024 15:19:09
CallbackFormEmailModal
Array
(
    [name] => goldboy1931@gmail.com
    [phone] => 84144245934
    [formname] => Обратная связь
)

------------------------

------------------------
17.04.2024 17:03:46
CallbackFormEmailModal
Array
(
    [name] => hypebeasts2024@outlook.com
    [phone] => 83866442113
    [formname] => Обратная связь
)

------------------------

------------------------
17.04.2024 21:13:58
CallbackFormEmailModal
Array
(
    [name] => lucido.leinteract@gmail.com
    [phone] => 88684248113
    [formname] => Обратная связь
)

------------------------

------------------------
17.04.2024 21:25:52
CallbackFormEmailModal
Array
(
    [name] => a.40.02.9.17.2@gmail.com
    [phone] => 84143695132
    [formname] => Обратная связь
)

------------------------

------------------------
17.04.2024 22:31:19
CallbackFormEmailModal
Array
(
    [name] => kersneltofa@mailcos.site

    [phone] => 88662124158
    [formname] => Обратная связь
)

------------------------
