
------------------------
11.08.2022 6:14:08
CallbackFormEmailModal
Array
(
    [name] => andreyvpetrov132435@gmail.com
    [phone] => 83189355527
    [formname] => Обратная связь
)

------------------------

------------------------
11.08.2022 15:05:28
CallbackFormEmailModal
Array
(
    [name] => andreyvpetrov132435@gmail.com
    [phone] => 82129714511
    [formname] => Обратная связь
)

------------------------

------------------------
11.08.2022 20:13:17
CallbackFormEmailModal
Array
(
    [name] => andreyvpetrov132435@gmail.com
    [phone] => 89711338786
    [formname] => Обратная связь
)

------------------------
