
------------------------
22.03.2023 1:39:34
CallbackFormEmailModal
Array
(
    [name] => pencucon_97@mail.ru
    [phone] => 81253946562
    [formname] => Обратная связь
)

------------------------

------------------------
22.03.2023 2:15:23
CallbackFormEmailModal
Array
(
    [name] => kasatkina_iuliia_1987_2_8@list.ru
    [phone] => 89676116411
    [formname] => Обратная связь
)

------------------------

------------------------
22.03.2023 2:18:30
CallbackFormEmailModal
Array
(
    [name] => vitalii.zhilinclw@mail.ru
    [phone] => 88315611457
    [formname] => Обратная связь
)

------------------------

------------------------
22.03.2023 3:06:56
CallbackFormEmailModal
Array
(
    [name] => podaiclan_547@mail.ru
    [phone] => 83752245185
    [formname] => Обратная связь
)

------------------------

------------------------
22.03.2023 3:07:55
CallbackFormEmailModal
Array
(
    [name] => pavlik.timofeev.2023@bk.ru
    [phone] => 81214893917
    [formname] => Обратная связь
)

------------------------

------------------------
22.03.2023 3:13:14
CallbackFormEmailModal
Array
(
    [name] => mamedov.edgar.1992.3.3@inbox.ru
    [phone] => 84376449823
    [formname] => Обратная связь
)

------------------------

------------------------
22.03.2023 3:20:52
CallbackFormEmailModal
Array
(
    [name] => sashunya.sergeev.2022@list.ru
    [phone] => 83751636118
    [formname] => Обратная связь
)

------------------------

------------------------
22.03.2023 3:28:40
CallbackFormEmailModal
Array
(
    [name] => selivanov_pavel_1982_30_10@list.ru
    [phone] => 85745995635
    [formname] => Обратная связь
)

------------------------

------------------------
22.03.2023 3:41:09
CallbackFormEmailModal
Array
(
    [name] => ignatenko2024@list.ru
    [phone] => 84352284655
    [formname] => Обратная связь
)

------------------------

------------------------
22.03.2023 3:58:23
CallbackFormEmailModal
Array
(
    [name] => mansurov.valera.1991.19.10@list.ru
    [phone] => 83343131589
    [formname] => Обратная связь
)

------------------------

------------------------
22.03.2023 4:09:01
CallbackFormEmailModal
Array
(
    [name] => zubkova_taniusha_1995_23_8@bk.ru
    [phone] => 89466511716
    [formname] => Обратная связь
)

------------------------

------------------------
22.03.2023 4:49:57
CallbackFormEmailModal
Array
(
    [name] => tarasova_elena_1978_18_6@bk.ru
    [phone] => 86215389489
    [formname] => Обратная связь
)

------------------------

------------------------
22.03.2023 8:58:35
CallbackFormEmailModal
Array
(
    [name] => sashuta.meshcheryakov.83@mail.ru
    [phone] => 88625687569
    [formname] => Обратная связь
)

------------------------

------------------------
22.03.2023 8:58:58
CallbackFormEmailModal
Array
(
    [name] => balashova.anna.1989.20.9@list.ru
    [phone] => 87236981289
    [formname] => Обратная связь
)

------------------------

------------------------
22.03.2023 9:02:49
CallbackFormEmailModal
Array
(
    [name] => vadimka.yudin.1996@list.ru
    [phone] => 85762567137
    [formname] => Обратная связь
)

------------------------

------------------------
22.03.2023 9:13:05
CallbackFormEmailModal
Array
(
    [name] => den.romashov.2001@mail.ru
    [phone] => 81588122579
    [formname] => Обратная связь
)

------------------------

------------------------
22.03.2023 9:13:55
CallbackFormEmailModal
Array
(
    [name] => yana-sokolova-2023@list.ru
    [phone] => 89563334365
    [formname] => Обратная связь
)

------------------------

------------------------
22.03.2023 9:14:40
CallbackFormEmailModal
Array
(
    [name] => subbotina_iuliia_1984_19_10@list.ru
    [phone] => 87214441849
    [formname] => Обратная связь
)

------------------------

------------------------
22.03.2023 9:14:50
CallbackFormEmailModal
Array
(
    [name] => rewhimnara@inbox.ru
    [phone] => 86653485683
    [formname] => Обратная связь
)

------------------------

------------------------
22.03.2023 13:50:16
CallbackFormEmailModal
Array
(
    [name] => agnessavolkova@seobomba.com
    [phone] => 86765663369
    [formname] => Обратная связь
)

------------------------

------------------------
22.03.2023 14:54:29
CallbackFormEmailModal
Array
(
    [name] => rdpaul54@yandex.kz
    [phone] => 88118796151
    [formname] => Обратная связь
)

------------------------

------------------------
22.03.2023 15:37:15
CallbackFormEmailModal
Array
(
    [name] => aosipenkos@hotmail.com
    [phone] => 84552954927
    [formname] => Обратная связь
)

------------------------

------------------------
22.03.2023 22:51:27
CallbackFormEmailModal
Array
(
    [name] => no-replysuinuts@gmail.com
    [phone] => 82612112986
    [formname] => Обратная связь
)

------------------------
