
------------------------
05.08.2024 2:54:12
CallbackFormEmailModal
Array
(
    [name] => bicrypto@fastsell.me
    [phone] => 84849447918
    [formname] => Обратная связь
)

------------------------

------------------------
05.08.2024 5:05:16
CallbackFormEmailModal
Array
(
    [name] => ramanuzam@eunews24x7.com
    [phone] => 86561119649
    [formname] => Обратная связь
)

------------------------

------------------------
05.08.2024 8:22:43
CallbackFormEmailModal
Array
(
    [name] => heikeneudorf@icloud.com
    [phone] => 87225671488
    [formname] => Обратная связь
)

------------------------

------------------------
05.08.2024 9:56:20
CallbackFormEmailModal
Array
(
    [name] => alexeynovikovfarmil@gmail.com
    [phone] => 86879446744
    [formname] => Обратная связь
)

------------------------

------------------------
05.08.2024 13:03:55
CallbackFormEmailModal
Array
(
    [name] => poaviguker@mailcos.site

    [phone] => 81321369531
    [formname] => Обратная связь
)

------------------------

------------------------
05.08.2024 14:28:18
CallbackFormEmailModal
Array
(
    [name] => kennymills308@yahoo.com
    [phone] => 84275923929
    [formname] => Обратная связь
)

------------------------

------------------------
05.08.2024 15:00:45
CallbackFormEmailModal
Array
(
    [name] => SamuelZep1974@xru.goaglie.com
    [phone] => 86514429395
    [formname] => Обратная связь
)

------------------------

------------------------
05.08.2024 15:00:45
CallbackFormEmailModal
Array
(
    [name] => WinifredRam1983@xru.goaglie.com
    [phone] => 81295931971
    [formname] => Обратная связь
)

------------------------

------------------------
05.08.2024 15:30:15
CallbackFormEmailModal
Array
(
    [name] => trenton60alcazar6zs@hotmail.com
    [phone] => 86866182593
    [formname] => Обратная связь
)

------------------------

------------------------
05.08.2024 17:01:12
CallbackFormEmailModal
Array
(
    [name] => ramanuzam@eunews24x7.com
    [phone] => 83732882534
    [formname] => Обратная связь
)

------------------------

------------------------
05.08.2024 17:15:22
CallbackFormEmailModal
Array
(
    [name] => mon@mail102.ru
    [phone] => 83772154683
    [formname] => Обратная связь
)

------------------------
