
------------------------
25.02.2022 4:49:33
CallbackFormEmailModal
Array
(
    [name] => no-replysuinuts@gmail.com
    [phone] => 85212386855
    [formname] => Обратная связь
)

------------------------

------------------------
25.02.2022 12:08:50
CallbackFormModal
Array
(
    [name] => Вячеслав
    [phone] => +7(925)073-38-61
    [formname] => Заказать звонок
)

------------------------

------------------------
25.02.2022 13:51:59
CallbackFormEmailModal
Array
(
    [name] => swyntjer@gmail.com
    [phone] => swyntjer@gmail.com
    [formname] => Обратная связь
)

------------------------

------------------------
25.02.2022 13:52:04
CallbackFormEmailModal
Array
(
    [name] => swyntjer@gmail.com
    [phone] => swyntjer@gmail.com
    [formname] => Обратная связь
)

------------------------

------------------------
25.02.2022 13:52:11
CallbackFormEmailModal
Array
(
    [name] => swyntjer@gmail.com
    [phone] => swyntjer@gmail.com
    [formname] => Обратная связь
)

------------------------

------------------------
25.02.2022 13:52:14
CallbackFormEmailModal
Array
(
    [name] => swyntjer@gmail.com
    [phone] => swyntjer@gmail.com
    [formname] => Обратная связь
)

------------------------
