
------------------------
18.06.2022 0:08:30
CallbackFormEmailModal
Array
(
    [name] => trinepigen41@forum.dk
    [phone] => 89035786414
    [formname] => Обратная связь
)

------------------------

------------------------
18.06.2022 3:18:42
CallbackFormEmailModal
Array
(
    [name] => vastian@forum.dk
    [phone] => 89033101987
    [formname] => Обратная связь
)

------------------------

------------------------
18.06.2022 6:30:23
CallbackFormEmailModal
Array
(
    [name] => bonderan@forum.dk
    [phone] => 89036500412
    [formname] => Обратная связь
)

------------------------

------------------------
18.06.2022 9:35:40
CallbackFormEmailModal
Array
(
    [name] => kheilmann@forum.dk
    [phone] => 89034190065
    [formname] => Обратная связь
)

------------------------

------------------------
18.06.2022 9:55:29
CallbackFormEmailModal
Array
(
    [name] => c.r.ypt.o.inf.orm.at.or0@gmail.com
    [phone] => 89813223877
    [formname] => Обратная связь
)

------------------------

------------------------
18.06.2022 12:46:47
CallbackFormEmailModal
Array
(
    [name] => b-het@forum.dk
    [phone] => 89034858783
    [formname] => Обратная связь
)

------------------------

------------------------
18.06.2022 15:57:24
CallbackFormEmailModal
Array
(
    [name] => sonnyboy25@forum.dk
    [phone] => 89034160892
    [formname] => Обратная связь
)

------------------------

------------------------
18.06.2022 19:01:31
CallbackFormEmailModal
Array
(
    [name] => kasperas@forum.dk
    [phone] => 89037301240
    [formname] => Обратная связь
)

------------------------

------------------------
18.06.2022 22:10:34
CallbackFormEmailModal
Array
(
    [name] => lordnaf@forum.dk
    [phone] => 89030768987
    [formname] => Обратная связь
)

------------------------
