
------------------------
07.01.2024 0:29:20
CallbackFormEmailModal
Array
(
    [name] => qjtuzkmpd@hoopsor.online
    [phone] => 83522387243
    [formname] => Обратная связь
)

------------------------

------------------------
07.01.2024 1:46:09
CallbackFormEmailModal
Array
(
    [name] => indomitowot@outlook.com
    [phone] => 82814598173
    [formname] => Обратная связь
)

------------------------

------------------------
07.01.2024 4:26:26
CallbackFormEmailModal
Array
(
    [name] => baavajom@a.fastretmail.com
    [phone] => 84198131511
    [formname] => Обратная связь
)

------------------------

------------------------
07.01.2024 4:35:22
CallbackFormEmailModal
Array
(
    [name] => baavajom@a.fastretmail.com
    [phone] => 83639912633
    [formname] => Обратная связь
)

------------------------

------------------------
07.01.2024 5:23:26
CallbackFormEmailModal
Array
(
    [name] => froeach12@rezka.wtf
    [phone] => 83378584152
    [formname] => Обратная связь
)

------------------------

------------------------
07.01.2024 5:46:45
CallbackFormEmailModal
Array
(
    [name] => marijaredisovna@gmail.com
    [phone] => 89168321787
    [formname] => Обратная связь
)

------------------------

------------------------
07.01.2024 11:36:41
CallbackFormEmailModal
Array
(
    [name] => mikesuinuts@gmail.com
    [phone] => 89672957555
    [formname] => Обратная связь
)

------------------------

------------------------
07.01.2024 12:02:50
CallbackFormEmailModal
Array
(
    [name] => tom56@mailas.site
    [phone] => 82276266873
    [formname] => Обратная связь
)

------------------------

------------------------
07.01.2024 16:25:11
CallbackFormEmailModal
Array
(
    [name] => iaroslav.pankovzxn@yandex.ru
    [phone] => 85612482368
    [formname] => Обратная связь
)

------------------------

------------------------
07.01.2024 18:53:48
CallbackFormEmailModal
Array
(
    [name] => indomitowot@outlook.com
    [phone] => 84737598429
    [formname] => Обратная связь
)

------------------------

------------------------
07.01.2024 19:08:30
CallbackFormEmailModal
Array
(
    [name] => iwatidava@icuhmail.com
    [phone] => 86438517196
    [formname] => Обратная связь
)

------------------------

------------------------
07.01.2024 20:00:45
CallbackFormEmailModal
Array
(
    [name] => Nicole Madrid
    [phone] => 0357 8867641
    [formname] => Обратная связь
)

------------------------
