
------------------------
16.01.2025 0:02:02
CallbackFormEmailModal
Array
(
    [name] => yourmail@gmail.com
    [phone] => 87745226655
    [formname] => Обратная связь
)

------------------------

------------------------
16.01.2025 1:08:49
CallbackFormEmailModal
Array
(
    [name] => glhvsbadfel@rudiplomust.com
    [phone] => 89895218213
    [formname] => Обратная связь
)

------------------------

------------------------
16.01.2025 1:08:50
CallbackFormEmailModal
Array
(
    [name] => vuxhjsdphel@rudiplomust.com
    [phone] => 84932197865
    [formname] => Обратная связь
)

------------------------

------------------------
16.01.2025 1:11:31
CallbackFormEmailModal
Array
(
    [name] => gamesxrust@mail.ru
    [phone] => 83955234168
    [formname] => Обратная связь
)

------------------------

------------------------
16.01.2025 1:25:25
CallbackFormEmailModal
Array
(
    [name] => irina.xd.s.a.sd.a@gmail.com
    [phone] => 85492242796
    [formname] => Обратная связь
)

------------------------

------------------------
16.01.2025 1:52:07
CallbackFormEmailModal
Array
(
    [name] => goldboy1931@gmail.com
    [phone] => 88873351892
    [formname] => Обратная связь
)

------------------------

------------------------
16.01.2025 2:40:04
CallbackFormEmailModal
Array
(
    [name] => dfuufyepuel@rudiplomust.com
    [phone] => 82646258216
    [formname] => Обратная связь
)

------------------------

------------------------
16.01.2025 2:51:48
CallbackFormEmailModal
Array
(
    [name] => shelitedemisu12@gmail.com
    [phone] => 85191416452
    [formname] => Обратная связь
)

------------------------

------------------------
16.01.2025 3:03:27
CallbackFormEmailModal
Array
(
    [name] => orenzen@katalizator-yaroslavl.ru
    [phone] => 88618235984
    [formname] => Обратная связь
)

------------------------

------------------------
16.01.2025 3:51:47
CallbackFormEmailModal
Array
(
    [name] => noweslama1979@op.pl
    [phone] => 81378555355
    [formname] => Обратная связь
)

------------------------

------------------------
16.01.2025 4:12:51
CallbackFormEmailModal
Array
(
    [name] => jzrfkzgjrel@rudiplomust.com
    [phone] => 84969278659
    [formname] => Обратная связь
)

------------------------

------------------------
16.01.2025 4:12:52
CallbackFormEmailModal
Array
(
    [name] => vthausodhka@rudiplomust.com
    [phone] => 82734823641
    [formname] => Обратная связь
)

------------------------

------------------------
16.01.2025 4:27:33
CallbackFormEmailModal
Array
(
    [name] => mjzxjuybpel@rudiplomust.com
    [phone] => 81883824753
    [formname] => Обратная связь
)

------------------------

------------------------
16.01.2025 4:29:25
CallbackFormEmailModal
Array
(
    [name] => yourmail@gmail.com
    [phone] => 88381879838
    [formname] => Обратная связь
)

------------------------

------------------------
16.01.2025 6:13:34
CallbackFormEmailModal
Array
(
    [name] => goldboy1931@gmail.com
    [phone] => 88517142686
    [formname] => Обратная связь
)

------------------------

------------------------
16.01.2025 6:16:45
CallbackFormEmailModal
Array
(
    [name] => barbariska8912@gmail.com
    [phone] => 86125952675
    [formname] => Обратная связь
)

------------------------

------------------------
16.01.2025 6:16:49
CallbackFormEmailModal
Array
(
    [name] => barbariska8912@gmail.com
    [phone] => 84588361583
    [formname] => Обратная связь
)

------------------------

------------------------
16.01.2025 8:21:18
CallbackFormEmailModal
Array
(
    [name] => brprqrkwoKt@rudiplomust.com
    [phone] => 88449338121
    [formname] => Обратная связь
)

------------------------

------------------------
16.01.2025 9:00:57
CallbackFormEmailModal
Array
(
    [name] => cgabbott37@gmail.com
    [phone] => 89326886362
    [formname] => Обратная связь
)

------------------------

------------------------
16.01.2025 11:54:02
CallbackFormEmailModal
Array
(
    [name] => michaelLycle@mail.ru
    [phone] => 84896445743
    [formname] => Обратная связь
)

------------------------

------------------------
16.01.2025 12:49:38
CallbackFormEmailModal
Array
(
    [name] => pavain@gazeta.pl
    [phone] => 84457477333
    [formname] => Обратная связь
)

------------------------

------------------------
16.01.2025 12:57:15
CallbackFormEmailModal
Array
(
    [name] => ibucezevuda439@gmail.com
    [phone] => 86973818871
    [formname] => Обратная связь
)

------------------------

------------------------
16.01.2025 14:38:19
CallbackFormEmailModal
Array
(
    [name] => fjiwcgiocel@rudiplomust.com
    [phone] => 85976775492
    [formname] => Обратная связь
)

------------------------

------------------------
16.01.2025 15:05:14
CallbackFormEmailModal
Array
(
    [name] => ovflnbjnjel@rudiplomust.com
    [phone] => 89462444628
    [formname] => Обратная связь
)

------------------------

------------------------
16.01.2025 15:05:49
CallbackFormEmailModal
Array
(
    [name] => kristicl_lokkett@hotmail.com
    [phone] => 82493656627
    [formname] => Обратная связь
)

------------------------

------------------------
16.01.2025 16:12:39
CallbackFormEmailModal
Array
(
    [name] => davidmib@mail.ru
    [phone] => 84383321569
    [formname] => Обратная связь
)

------------------------

------------------------
16.01.2025 16:16:54
CallbackFormEmailModal
Array
(
    [name] => yulya.onipchenko.88@mail.ru
    [phone] => 88391934194
    [formname] => Обратная связь
)

------------------------

------------------------
16.01.2025 16:16:54
CallbackFormEmailModal
Array
(
    [name] => doloresa.grishina@mail.ru
    [phone] => 84821126755
    [formname] => Обратная связь
)

------------------------

------------------------
16.01.2025 16:20:09
CallbackFormEmailModal
Array
(
    [name] => rais.shchigelskaya2002@mail.ru
    [phone] => 84327199825
    [formname] => Обратная связь
)

------------------------

------------------------
16.01.2025 16:22:27
CallbackFormEmailModal
Array
(
    [name] => egorbmxik@mail.ru
    [phone] => 86614272456
    [formname] => Обратная связь
)

------------------------

------------------------
16.01.2025 16:24:28
CallbackFormEmailModal
Array
(
    [name] => margarit_ternova1999@mail.ru
    [phone] => 89466212619
    [formname] => Обратная связь
)

------------------------

------------------------
16.01.2025 19:29:40
CallbackFormEmailModal
Array
(
    [name] => maberkeeki1986@op.pl
    [phone] => 87747121497
    [formname] => Обратная связь
)

------------------------

------------------------
16.01.2025 21:33:47
CallbackFormEmailModal
Array
(
    [name] => dqabxxyfuSi@rudiplomust.com
    [phone] => 82846366184
    [formname] => Обратная связь
)

------------------------

------------------------
16.01.2025 22:22:50
CallbackFormEmailModal
Array
(
    [name] => pwyeytxjhel@rudiplomust.com
    [phone] => 82976362951
    [formname] => Обратная связь
)

------------------------

------------------------
16.01.2025 22:22:52
CallbackFormEmailModal
Array
(
    [name] => veatecitxel@rudiplomust.com
    [phone] => 87489224389
    [formname] => Обратная связь
)

------------------------

------------------------
16.01.2025 23:18:44
CallbackFormEmailModal
Array
(
    [name] => cyyakyelpel@rudiplomust.com
    [phone] => 86236372934
    [formname] => Обратная связь
)

------------------------

------------------------
16.01.2025 23:18:45
CallbackFormEmailModal
Array
(
    [name] => npdxjfsgpel@rudiplomust.com
    [phone] => 88194228819
    [formname] => Обратная связь
)

------------------------

------------------------
16.01.2025 23:18:50
CallbackFormEmailModal
Array
(
    [name] => mlfpbnqziel@rudiplomust.com
    [phone] => 81663861561
    [formname] => Обратная связь
)

------------------------

------------------------
16.01.2025 23:25:46
CallbackFormEmailModal
Array
(
    [name] => wbqvqtdmqel@rudiplomust.com
    [phone] => 83674566944
    [formname] => Обратная связь
)

------------------------

------------------------
16.01.2025 23:41:11
CallbackFormEmailModal
Array
(
    [name] => dbihoetfxKt@rudiplomust.com
    [phone] => 84184287649
    [formname] => Обратная связь
)

------------------------
