
------------------------
26.08.2025 0:41:38
CallbackFormEmailModal
Array
(
    [name] => w.oo.d.for.d.ja.m.e.son.4.@gmail.com
    [phone] => 83135219737
    [formname] => Обратная связь
)

------------------------

------------------------
26.08.2025 3:49:08
CallbackFormEmailModal
Array
(
    [name] => yourmail@gmail.com
    [phone] => 81484267224
    [formname] => Обратная связь
)

------------------------

------------------------
26.08.2025 6:54:53
CallbackFormEmailModal
Array
(
    [name] => foruy2023@gmail.com
    [phone] => 88684823224
    [formname] => Обратная связь
)

------------------------

------------------------
26.08.2025 8:28:02
CallbackFormEmailModal
Array
(
    [name] => wo.o.df.ordjam.e.son4@gmail.com
    [phone] => 84557149128
    [formname] => Обратная связь
)

------------------------

------------------------
26.08.2025 11:58:35
CallbackFormEmailModal
Array
(
    [name] => ahmed.abdulla00175@gmail.com
    [phone] => 83199463533
    [formname] => Обратная связь
)

------------------------

------------------------
26.08.2025 13:14:22
CallbackFormEmailModal
Array
(
    [name] => sergoworkin.g.71.8@gmail.com
    [phone] => 87344573471
    [formname] => Обратная связь
)

------------------------

------------------------
26.08.2025 13:15:38
CallbackFormEmailModal
Array
(
    [name] => myrray@gntlx.com
    [phone] => 85518281363
    [formname] => Обратная связь
)

------------------------

------------------------
26.08.2025 22:01:28
CallbackFormEmailModal
Array
(
    [name] => vincenttaits@mail.ru
    [phone] => 85538798349
    [formname] => Обратная связь
)

------------------------

------------------------
26.08.2025 23:11:56
CallbackFormEmailModal
Array
(
    [name] => sergey23991002312@gmail.com
    [phone] => 79999788779
    [formname] => Обратная связь
)

------------------------
