
------------------------
29.10.2022 4:30:16
CallbackEmailModal
Array
(
    [name] => ecodoTork@baileymail.xyz
    [phone] => 81419694258
    [comment] => Название продуката: Стандартный канал S170 1.5мм
Комменатрий: <a href=http://bestcialis20mg.com/>buy cialis 20mg</a> Carmen NpcMvdEdzokynDULf 5 20 2022
    [formname] => Задать вопрос по товару
)

------------------------

------------------------
29.10.2022 13:15:18
CallbackFormEmailModal
Array
(
    [name] => lnya.peshne@mail.ru
    [phone] => 88139648744
    [formname] => Обратная связь
)

------------------------

------------------------
29.10.2022 16:07:18
CallbackFormEmailModal
Array
(
    [name] => choksad@gmail.com
    [phone] => 87287784731
    [formname] => Обратная связь
)

------------------------
