
------------------------
19.07.2022 0:50:54
CallbackFormEmailModal
Array
(
    [name] => puroclan@hotmail.com
    [phone] => 89037513492
    [formname] => Обратная связь
)

------------------------

------------------------
19.07.2022 2:18:29
CallbackFormEmailModal
Array
(
    [name] => no-replysuinuts@gmail.com
    [phone] => 87199158855
    [formname] => Обратная связь
)

------------------------

------------------------
19.07.2022 3:14:36
CallbackFormEmailModal
Array
(
    [name] => shabashabu@yahoo.com
    [phone] => 89033234728
    [formname] => Обратная связь
)

------------------------

------------------------
19.07.2022 5:38:03
CallbackFormEmailModal
Array
(
    [name] => Nsane_fool_17@yahoo.com
    [phone] => 89034474532
    [formname] => Обратная связь
)

------------------------

------------------------
19.07.2022 7:41:53
CallbackFormEmailModal
Array
(
    [name] => claunohe@koi.io
    [phone] => 89215566244
    [formname] => Обратная связь
)

------------------------

------------------------
19.07.2022 8:02:01
CallbackFormEmailModal
Array
(
    [name] => joanna.ken@hotmail.com
    [phone] => 89034160066
    [formname] => Обратная связь
)

------------------------
