
------------------------
19.03.2025 6:27:22
CallbackFormEmailModal
Array
(
    [name] => claussimmons1969@poczta.onet.eu
    [phone] => 86336337639
    [formname] => Обратная связь
)

------------------------

------------------------
19.03.2025 7:11:38
CallbackFormEmailModal
Array
(
    [name] => agyvyje12@onet.pl
    [phone] => 88376241885
    [formname] => Обратная связь
)

------------------------

------------------------
19.03.2025 7:39:27
CallbackFormEmailModal
Array
(
    [name] => ecoeats@mail.ru
    [phone] => 84838772867
    [formname] => Обратная связь
)

------------------------

------------------------
19.03.2025 8:14:23
CallbackFormEmailModal
Array
(
    [name] => goldboy1931@gmail.com
    [phone] => 82223129289
    [formname] => Обратная связь
)

------------------------

------------------------
19.03.2025 10:10:17
CallbackFormEmailModal
Array
(
    [name] => arturgorz2o3@bk.ru
    [phone] => 87984466887
    [formname] => Обратная связь
)

------------------------

------------------------
19.03.2025 10:36:50
CallbackFormEmailModal
Array
(
    [name] => sashunya.sergeev.2022@list.ru
    [phone] => 83723853917
    [formname] => Обратная связь
)

------------------------

------------------------
19.03.2025 10:42:30
CallbackFormEmailModal
Array
(
    [name] => textliburlitt1983@mail.ru
    [phone] => 89565685179
    [formname] => Обратная связь
)

------------------------

------------------------
19.03.2025 10:48:17
CallbackFormEmailModal
Array
(
    [name] => dolnovam@mail.ru
    [phone] => 86968993437
    [formname] => Обратная связь
)

------------------------

------------------------
19.03.2025 10:55:04
CallbackFormEmailModal
Array
(
    [name] => bigendrakoli4335@mail.ru
    [phone] => 85929732951
    [formname] => Обратная связь
)

------------------------

------------------------
19.03.2025 11:05:11
CallbackFormEmailModal
Array
(
    [name] => goldboy1931@gmail.com
    [phone] => 83129711411
    [formname] => Обратная связь
)

------------------------

------------------------
19.03.2025 11:55:37
CallbackFormEmailModal
Array
(
    [name] => rodionoverik1735@mail.ru
    [phone] => 88349551376
    [formname] => Обратная связь
)

------------------------

------------------------
19.03.2025 12:11:22
CallbackFormEmailModal
Array
(
    [name] => halcheni1990@mail.ru
    [phone] => 83354977616
    [formname] => Обратная связь
)

------------------------

------------------------
19.03.2025 13:00:48
CallbackFormEmailModal
Array
(
    [name] => postsaddtaliretneu@mail.ru
    [phone] => 88883588257
    [formname] => Обратная связь
)

------------------------

------------------------
19.03.2025 14:23:40
CallbackFormEmailModal
Array
(
    [name] => subbotinalenara88@mail.ru
    [phone] => 83653853548
    [formname] => Обратная связь
)

------------------------

------------------------
19.03.2025 14:58:13
CallbackFormEmailModal
Array
(
    [name] => margarit_ternova1999@mail.ru
    [phone] => 86897141766
    [formname] => Обратная связь
)

------------------------

------------------------
19.03.2025 15:44:09
CallbackFormEmailModal
Array
(
    [name] => felipepitly@mail.ru
    [phone] => 81565856144
    [formname] => Обратная связь
)

------------------------

------------------------
19.03.2025 17:44:03
CallbackFormEmailModal
Array
(
    [name] => 60yxyko@onet.pl
    [phone] => 88487559461
    [formname] => Обратная связь
)

------------------------

------------------------
19.03.2025 18:27:51
CallbackFormEmailModal
Array
(
    [name] => projectoffice111@gmail.com
    [phone] => 81736857559
    [formname] => Обратная связь
)

------------------------

------------------------
19.03.2025 18:38:50
CallbackFormEmailModal
Array
(
    [name] => alexde_427@mail.ru
    [phone] => 81838228142
    [formname] => Обратная связь
)

------------------------

------------------------
19.03.2025 19:07:54
CallbackFormEmailModal
Array
(
    [name] => musaev.misha.1982.3.5@list.ru
    [phone] => 87526478681
    [formname] => Обратная связь
)

------------------------

------------------------
19.03.2025 19:12:00
CallbackFormEmailModal
Array
(
    [name] => stapuntril1990@mail.ru
    [phone] => 88518547951
    [formname] => Обратная связь
)

------------------------

------------------------
19.03.2025 19:19:08
CallbackFormEmailModal
Array
(
    [name] => olesya.zhukova.1994@bk.ru
    [phone] => 88499834879
    [formname] => Обратная связь
)

------------------------

------------------------
19.03.2025 19:19:28
CallbackFormEmailModal
Array
(
    [name] => pavel.sitdikov.88@mail.ru
    [phone] => 84339122236
    [formname] => Обратная связь
)

------------------------

------------------------
19.03.2025 19:23:24
CallbackFormEmailModal
Array
(
    [name] => shasemiskh@gazeta.pl
    [phone] => 83619533578
    [formname] => Обратная связь
)

------------------------

------------------------
19.03.2025 19:33:25
CallbackFormEmailModal
Array
(
    [name] => kozlovvarlen19782037@mail.ru
    [phone] => 83155157849
    [formname] => Обратная связь
)

------------------------

------------------------
19.03.2025 19:41:19
CallbackFormEmailModal
Array
(
    [name] => filimonov.ivan.1997.4.6@list.ru
    [phone] => 87335268466
    [formname] => Обратная связь
)

------------------------

------------------------
19.03.2025 20:55:48
CallbackFormEmailModal
Array
(
    [name] => Eric Jones
    [phone] => US
    [formname] => Обратная связь
)

------------------------

------------------------
19.03.2025 21:14:27
CallbackFormEmailModal
Array
(
    [name] => yaroslav.sevastyanov.1988@mail.ru
    [phone] => 88935639851
    [formname] => Обратная связь
)

------------------------
