
------------------------
18.11.2022 7:24:52
CallbackFormEmailModal
Array
(
    [name] => gerfdebdena1987@yandex.ru
    [phone] => 88487589964
    [formname] => Обратная связь
)

------------------------

------------------------
18.11.2022 8:13:20
CallbackFormEmailModal
Array
(
    [name] => em.a.mo.n.o.v.a.5.62@gmail.com
    [phone] => 84557689511
    [formname] => Обратная связь
)

------------------------

------------------------
18.11.2022 13:37:01
CallbackFormEmailModal
Array
(
    [name] => apple_bags@jerseyshoreelectric.com
    [phone] => 82778978586
    [formname] => Обратная связь
)

------------------------

------------------------
18.11.2022 19:51:32
CallbackFormEmailModal
Array
(
    [name] => aoutw1949@gowithsee.com
    [phone] => 84499271768
    [formname] => Обратная связь
)

------------------------

------------------------
18.11.2022 20:33:22
CallbackFormEmailModal
Array
(
    [name] => desuzaranveer@gmail.com
    [phone] => 87939496392
    [formname] => Обратная связь
)

------------------------

------------------------
18.11.2022 23:01:52
CallbackFormEmailModal
Array
(
    [name] => Cineheiny@topmailonline.xyz
    [phone] => 86264628627
    [formname] => Обратная связь
)

------------------------

------------------------
18.11.2022 23:44:01
CallbackFormEmailModal
Array
(
    [name] => velpspews@onymail.xyz
    [phone] => 86227119512
    [formname] => Обратная связь
)

------------------------
