
------------------------
06.12.2021 7:24:10
CallbackEmailModal
Array
(
    [name] => Елена
    [phone] => +7(906)680-76-64
    [comment] => Название продуката: Сварной  настил SP 34х38/30х3 Zn 1200х1000 мм
Комменатрий: Добрый день.
Есть ли у Вас крепеж к сварным настилам
    [formname] => Задать вопрос по товару
)

------------------------

------------------------
06.12.2021 7:34:32
CallbackEmailModal
Array
(
    [name] => Елена
    [phone] => +7(906)680-76-64
    [comment] => Название продуката: Лестничная ступень SР 34х38/30х3 Zn 1000х270 мм
Комменатрий: Прошу Вас предоставить чертеж на крепежную пластину лестничных ступеней. Нужно расположение отверстий
    [formname] => Задать вопрос по товару
)

------------------------

------------------------
06.12.2021 9:30:10
CallbackFormEmailModal
Array
(
    [name] => rostunov2@gmail.com
    [phone] => 86123652653
    [formname] => Обратная связь
)

------------------------
