
------------------------
01.09.2022 9:44:42
CallbackEmailModal
Array
(
    [name] => RemiAssek@bernardmail.xyz
    [phone] => 87631572466
    [comment] => Название продуката: Стандартный канал S220 2мм
Комменатрий: These counterfeit Viagra drugs can be ineffective at best and potentially dangerous at worst, so finding an online source you can trust, like Hims, is of the utmost importance <a href=http://iverstromectol.com/>stromectol 12mg for sale</a>
    [formname] => Задать вопрос по товару
)

------------------------

------------------------
01.09.2022 12:49:22
CallbackFormEmailModal
Array
(
    [name] => petrov-antokha.198679@mail.ru
    [phone] => +71231234567
    [formname] => Обратная связь
)

------------------------

------------------------
01.09.2022 12:49:22
CallbackFormEmailModal
Array
(
    [name] => elena_zubareva95954@mail.ru
    [phone] => +71231234567
    [formname] => Обратная связь
)

------------------------

------------------------
01.09.2022 12:49:24
CallbackFormEmailModal
Array
(
    [name] => marat_galiamov19731128@mail.ru
    [phone] => +71231234567
    [formname] => Обратная связь
)

------------------------

------------------------
01.09.2022 18:01:14
CallbackFormEmailModal
Array
(
    [name] => dan.i.l.b.el.o.v.to.pd.o.t.ar.a.n.k@gmail.com
    [phone] => 84634923765
    [formname] => Обратная связь
)

------------------------

------------------------
01.09.2022 19:03:09
CallbackFormEmailModal
Array
(
    [name] => anmuntfurstin@gmail.com
    [phone] => 87213189686
    [formname] => Обратная связь
)

------------------------

------------------------
01.09.2022 20:08:00
CallbackFormEmailModal
Array
(
    [name] => ni.k.i.d.ero.m@gmail.com
    [phone] => 81268844679
    [formname] => Обратная связь
)

------------------------

------------------------
01.09.2022 20:51:09
CallbackFormEmailModal
Array
(
    [name] => gkarisha1g1u28yi43g9@outlook.com
    [phone] => gkarisha1g1u28yi43g9@outlook.com
    [formname] => Обратная связь
)

------------------------

------------------------
01.09.2022 20:51:14
CallbackFormEmailModal
Array
(
    [name] => gkarisha1g1u28yi43g9@outlook.com
    [phone] => gkarisha1g1u28yi43g9@outlook.com
    [formname] => Обратная связь
)

------------------------

------------------------
01.09.2022 20:51:26
CallbackFormEmailModal
Array
(
    [name] => gkarisha1g1u28yi43g9@outlook.com
    [phone] => gkarisha1g1u28yi43g9@outlook.com
    [formname] => Обратная связь
)

------------------------

------------------------
01.09.2022 20:51:34
CallbackFormEmailModal
Array
(
    [name] => gkarisha1g1u28yi43g9@outlook.com
    [phone] => gkarisha1g1u28yi43g9@outlook.com
    [formname] => Обратная связь
)

------------------------

------------------------
01.09.2022 20:52:09
CallbackFormEmailModal
Array
(
    [name] => gkarisha1g1u28yi43g9@outlook.com
    [phone] => gkarisha1g1u28yi43g9@outlook.com
    [formname] => Обратная связь
)

------------------------

------------------------
01.09.2022 20:52:15
CallbackFormEmailModal
Array
(
    [name] => gkarisha1g1u28yi43g9@outlook.com
    [phone] => gkarisha1g1u28yi43g9@outlook.com
    [formname] => Обратная связь
)

------------------------

------------------------
01.09.2022 20:52:36
CallbackFormEmailModal
Array
(
    [name] => gkarisha1g1u28yi43g9@outlook.com
    [phone] => gkarisha1g1u28yi43g9@outlook.com
    [formname] => Обратная связь
)

------------------------

------------------------
01.09.2022 20:52:39
CallbackFormEmailModal
Array
(
    [name] => gkarisha1g1u28yi43g9@outlook.com
    [phone] => gkarisha1g1u28yi43g9@outlook.com
    [formname] => Обратная связь
)

------------------------

------------------------
01.09.2022 20:52:57
CallbackFormEmailModal
Array
(
    [name] => gkarisha1g1u28yi43g9@outlook.com
    [phone] => gkarisha1g1u28yi43g9@outlook.com
    [formname] => Обратная связь
)

------------------------

------------------------
01.09.2022 20:53:04
CallbackFormEmailModal
Array
(
    [name] => gkarisha1g1u28yi43g9@outlook.com
    [phone] => gkarisha1g1u28yi43g9@outlook.com
    [formname] => Обратная связь
)

------------------------

------------------------
01.09.2022 20:53:30
CallbackFormEmailModal
Array
(
    [name] => gkarisha1g1u28yi43g9@outlook.com
    [phone] => gkarisha1g1u28yi43g9@outlook.com
    [formname] => Обратная связь
)

------------------------

------------------------
01.09.2022 20:53:35
CallbackFormEmailModal
Array
(
    [name] => gkarisha1g1u28yi43g9@outlook.com
    [phone] => gkarisha1g1u28yi43g9@outlook.com
    [formname] => Обратная связь
)

------------------------

------------------------
01.09.2022 20:53:50
CallbackFormEmailModal
Array
(
    [name] => gkarisha1g1u28yi43g9@outlook.com
    [phone] => gkarisha1g1u28yi43g9@outlook.com
    [formname] => Обратная связь
)

------------------------

------------------------
01.09.2022 20:53:54
CallbackFormEmailModal
Array
(
    [name] => gkarisha1g1u28yi43g9@outlook.com
    [phone] => gkarisha1g1u28yi43g9@outlook.com
    [formname] => Обратная связь
)

------------------------

------------------------
01.09.2022 20:54:06
CallbackFormEmailModal
Array
(
    [name] => gkarisha1g1u28yi43g9@outlook.com
    [phone] => gkarisha1g1u28yi43g9@outlook.com
    [formname] => Обратная связь
)

------------------------

------------------------
01.09.2022 20:54:10
CallbackFormEmailModal
Array
(
    [name] => gkarisha1g1u28yi43g9@outlook.com
    [phone] => gkarisha1g1u28yi43g9@outlook.com
    [formname] => Обратная связь
)

------------------------

------------------------
01.09.2022 20:54:21
CallbackFormEmailModal
Array
(
    [name] => gkarisha1g1u28yi43g9@outlook.com
    [phone] => gkarisha1g1u28yi43g9@outlook.com
    [formname] => Обратная связь
)

------------------------

------------------------
01.09.2022 20:54:25
CallbackFormEmailModal
Array
(
    [name] => gkarisha1g1u28yi43g9@outlook.com
    [phone] => gkarisha1g1u28yi43g9@outlook.com
    [formname] => Обратная связь
)

------------------------

------------------------
01.09.2022 20:54:38
CallbackFormEmailModal
Array
(
    [name] => gkarisha1g1u28yi43g9@outlook.com
    [phone] => gkarisha1g1u28yi43g9@outlook.com
    [formname] => Обратная связь
)

------------------------

------------------------
01.09.2022 20:54:43
CallbackFormEmailModal
Array
(
    [name] => gkarisha1g1u28yi43g9@outlook.com
    [phone] => gkarisha1g1u28yi43g9@outlook.com
    [formname] => Обратная связь
)

------------------------

------------------------
01.09.2022 20:55:02
CallbackFormEmailModal
Array
(
    [name] => gkarisha1g1u28yi43g9@outlook.com
    [phone] => gkarisha1g1u28yi43g9@outlook.com
    [formname] => Обратная связь
)

------------------------

------------------------
01.09.2022 20:55:08
CallbackFormEmailModal
Array
(
    [name] => gkarisha1g1u28yi43g9@outlook.com
    [phone] => gkarisha1g1u28yi43g9@outlook.com
    [formname] => Обратная связь
)

------------------------

------------------------
01.09.2022 20:55:20
CallbackFormEmailModal
Array
(
    [name] => gkarisha1g1u28yi43g9@outlook.com
    [phone] => gkarisha1g1u28yi43g9@outlook.com
    [formname] => Обратная связь
)

------------------------

------------------------
01.09.2022 20:55:24
CallbackFormEmailModal
Array
(
    [name] => gkarisha1g1u28yi43g9@outlook.com
    [phone] => gkarisha1g1u28yi43g9@outlook.com
    [formname] => Обратная связь
)

------------------------

------------------------
01.09.2022 20:55:32
CallbackFormEmailModal
Array
(
    [name] => gkarisha1g1u28yi43g9@outlook.com
    [phone] => gkarisha1g1u28yi43g9@outlook.com
    [formname] => Обратная связь
)

------------------------

------------------------
01.09.2022 20:55:37
CallbackFormEmailModal
Array
(
    [name] => gkarisha1g1u28yi43g9@outlook.com
    [phone] => gkarisha1g1u28yi43g9@outlook.com
    [formname] => Обратная связь
)

------------------------

------------------------
01.09.2022 20:55:55
CallbackFormEmailModal
Array
(
    [name] => gkarisha1g1u28yi43g9@outlook.com
    [phone] => gkarisha1g1u28yi43g9@outlook.com
    [formname] => Обратная связь
)

------------------------

------------------------
01.09.2022 20:55:58
CallbackFormEmailModal
Array
(
    [name] => gkarisha1g1u28yi43g9@outlook.com
    [phone] => gkarisha1g1u28yi43g9@outlook.com
    [formname] => Обратная связь
)

------------------------

------------------------
01.09.2022 20:56:11
CallbackFormEmailModal
Array
(
    [name] => gkarisha1g1u28yi43g9@outlook.com
    [phone] => gkarisha1g1u28yi43g9@outlook.com
    [formname] => Обратная связь
)

------------------------

------------------------
01.09.2022 20:56:14
CallbackFormEmailModal
Array
(
    [name] => gkarisha1g1u28yi43g9@outlook.com
    [phone] => gkarisha1g1u28yi43g9@outlook.com
    [formname] => Обратная связь
)

------------------------

------------------------
01.09.2022 21:55:10
CallbackFormEmailModal
Array
(
    [name] => Eric Jones
    [phone] => 555-555-1212
    [formname] => Обратная связь
)

------------------------
