
------------------------
02.11.2025 4:26:58
CallbackFormEmailModal
Array
(
    [name] => onlmltqk@bonsoirmail.com
    [phone] => 81475641895
    [formname] => Обратная связь
)

------------------------

------------------------
02.11.2025 6:12:42
CallbackFormEmailModal
Array
(
    [name] => olegzaluri@mail.ru
    [phone] => 85779222789
    [formname] => Обратная связь
)

------------------------

------------------------
02.11.2025 6:54:27
CallbackFormEmailModal
Array
(
    [name] => lashawndaqkpuc@mail.ru
    [phone] => 87279423867
    [formname] => Обратная связь
)

------------------------

------------------------
02.11.2025 6:54:32
CallbackFormEmailModal
Array
(
    [name] => mamedov.edgar.1992.3.3@inbox.ru
    [phone] => 84154183231
    [formname] => Обратная связь
)

------------------------

------------------------
02.11.2025 8:06:25
CallbackFormEmailModal
Array
(
    [name] => wincasii@igredan.fun
    [phone] => 83298244849
    [formname] => Обратная связь
)

------------------------

------------------------
02.11.2025 8:30:11
CallbackFormEmailModal
Array
(
    [name] => gjhgjkfrrrtt@gmail.com
    [phone] => 83124476164
    [formname] => Обратная связь
)

------------------------

------------------------
02.11.2025 9:23:37
CallbackFormEmailModal
Array
(
    [name] => saipracle1991@rambler.ru
    [phone] => 81642666433
    [formname] => Обратная связь
)

------------------------

------------------------
02.11.2025 11:55:41
CallbackFormEmailModal
Array
(
    [name] => tipanasotemthia@mail.ru
    [phone] => 88553663899
    [formname] => Обратная связь
)

------------------------

------------------------
02.11.2025 12:25:05
CallbackFormEmailModal
Array
(
    [name] => halcheni1990@mail.ru
    [phone] => 89761391748
    [formname] => Обратная связь
)

------------------------

------------------------
02.11.2025 12:37:20
CallbackFormEmailModal
Array
(
    [name] => 20xrumer28@farironalds.com
    [phone] => 83868299991
    [formname] => Обратная связь
)

------------------------

------------------------
02.11.2025 13:05:03
CallbackFormEmailModal
Array
(
    [name] => buidungmmcmb4577@gmail.com
    [phone] => 83747885648
    [formname] => Обратная связь
)

------------------------

------------------------
02.11.2025 13:55:51
CallbackEmailModal
Array
(
    [name] => Татьяна
    [phone] => +7(917)119-82-49
    [comment] => Название продуката: Ворс + Резина
Комменатрий: Добрый день!
Цена указана за что? непонятно И какая может быть ширина или длина решетки? Ширина одной ламелии понятна 27/27/30 
    [formname] => Задать вопрос по товару
)

------------------------

------------------------
02.11.2025 17:37:45
CallbackFormEmailModal
Array
(
    [name] => valentinamilusa@mail.ru
    [phone] => 84741355728
    [formname] => Обратная связь
)

------------------------

------------------------
02.11.2025 20:06:34
CallbackFormEmailModal
Array
(
    [name] => wu5416370@gmail.com
    [phone] => 82332775997
    [formname] => Обратная связь
)

------------------------

------------------------
02.11.2025 20:40:41
CallbackFormEmailModal
Array
(
    [name] => eepovda@bk.ru
    [phone] => 82415396115
    [formname] => Обратная связь
)

------------------------

------------------------
02.11.2025 21:01:45
CallbackFormEmailModal
Array
(
    [name] => postsaddtaliretneu@mail.ru
    [phone] => 82855938864
    [formname] => Обратная связь
)

------------------------

------------------------
02.11.2025 21:12:21
CallbackFormEmailModal
Array
(
    [name] => vitya-kondratev-1969@inbox.ru
    [phone] => 84768114641
    [formname] => Обратная связь
)

------------------------
