
------------------------
06.10.2023 3:17:17
CallbackFormEmailModal
Array
(
    [name] => maximmad222@yandex.ru
    [phone] => 87636746628
    [formname] => Обратная связь
)

------------------------

------------------------
06.10.2023 8:28:07
CallbackFormEmailModal
Array
(
    [name] => ovendafo19707@rambler.ru
    [phone] => +78945612312
    [formname] => Обратная связь
)

------------------------

------------------------
06.10.2023 13:59:11
Order
Array
(
    [name] => Максим
    [email] => mto@buildexpo.ru
    [phone] => +7-916-434-8863
    [comment] => Прессованный  настил P 33х33/30х2 Zn 1000х1000 мм, кол-во: 1, цена: 4999руб.
Способ доставки: Самовывоз со склада
Выберите способ оплаты: Оплата на расчетный счет организации

Комментарий к заказу: 

    [formname] => Заказ из корзины
    [fields] => Array
        (
            [price] => 29994
        )

)

------------------------

------------------------
06.10.2023 18:48:24
CallbackFormEmailModal
Array
(
    [name] => barcelona@espana.gold
    [phone] => 89689587357
    [formname] => Обратная связь
)

------------------------

------------------------
06.10.2023 19:16:00
CallbackFormEmailModal
Array
(
    [name] => werso078500iu@rambler.ru
    [phone] => 83786339966
    [formname] => Обратная связь
)

------------------------
