
------------------------
19.09.2025 5:51:58
CallbackFormEmailModal
Array
(
    [name] => Joanna Riggs
    [phone] => UK
    [formname] => Обратная связь
)

------------------------

------------------------
19.09.2025 6:04:15
CallbackFormEmailModal
Array
(
    [name] => fqetaa7zd@mozmail.com
    [phone] => 84211566139
    [formname] => Обратная связь
)

------------------------

------------------------
19.09.2025 8:33:49
CallbackFormEmailModal
Array
(
    [name] => bokisuq541@gmail.com
    [phone] => 87236479691
    [formname] => Обратная связь
)

------------------------

------------------------
19.09.2025 12:48:41
CallbackFormEmailModal
Array
(
    [name] => anna.shapiro.78@mail.ru
    [phone] => 87858165837
    [formname] => Обратная связь
)

------------------------

------------------------
19.09.2025 13:08:59
CallbackFormEmailModal
Array
(
    [name] => eprovbelwha@mail.ru
    [phone] => 83988484458
    [formname] => Обратная связь
)

------------------------

------------------------
19.09.2025 13:18:59
CallbackFormEmailModal
Array
(
    [name] => halcheni1990@mail.ru
    [phone] => 83832736391
    [formname] => Обратная связь
)

------------------------

------------------------
19.09.2025 13:26:20
CallbackFormEmailModal
Array
(
    [name] => secberconla1986@mail.ru
    [phone] => 87655742955
    [formname] => Обратная связь
)

------------------------

------------------------
19.09.2025 13:26:25
CallbackFormEmailModal
Array
(
    [name] => pestovafivr1985@mail.ru
    [phone] => 86644366329
    [formname] => Обратная связь
)

------------------------

------------------------
19.09.2025 13:40:30
CallbackFormEmailModal
Array
(
    [name] => tcycarzt@wildbmail.com
    [phone] => 82321886466
    [formname] => Обратная связь
)

------------------------

------------------------
19.09.2025 14:40:43
CallbackFormEmailModal
Array
(
    [name] => josealbertochan85@gmail.com
    [phone] => 88759739374
    [formname] => Обратная связь
)

------------------------

------------------------
19.09.2025 15:49:36
CallbackFormEmailModal
Array
(
    [name] => mamedov.edgar.1992.3.3@inbox.ru
    [phone] => 82867536674
    [formname] => Обратная связь
)

------------------------

------------------------
19.09.2025 19:15:27
CallbackFormEmailModal
Array
(
    [name] => winsatall4ever@gmail.com
    [phone] => 89859114273
    [formname] => Обратная связь
)

------------------------

------------------------
19.09.2025 20:57:27
CallbackFormEmailModal
Array
(
    [name] => ebonykale1928@infraspeciomail.com
    [phone] => 89262395595
    [formname] => Обратная связь
)

------------------------

------------------------
19.09.2025 21:35:47
CallbackFormEmailModal
Array
(
    [name] => g88i3@g88i.art
    [phone] => 82546649762
    [formname] => Обратная связь
)

------------------------
