
------------------------
14.08.2025 2:53:24
CallbackFormEmailModal
Array
(
    [name] => test@co1dwater.fun
    [phone] => 84566367355
    [formname] => Обратная связь
)

------------------------

------------------------
14.08.2025 10:09:44
CallbackFormEmailModal
Array
(
    [name] => stapuntril1990@mail.ru
    [phone] => 85668367985
    [formname] => Обратная связь
)

------------------------

------------------------
14.08.2025 10:19:22
CallbackFormEmailModal
Array
(
    [name] => g.enn.i.ckir.ving.@animail.shop
    [phone] => 87938895511
    [formname] => Обратная связь
)

------------------------

------------------------
14.08.2025 10:27:30
CallbackFormEmailModal
Array
(
    [name] => cratunsculit1988@mail.ru
    [phone] => 88921315252
    [formname] => Обратная связь
)

------------------------

------------------------
14.08.2025 10:47:41
CallbackFormEmailModal
Array
(
    [name] => mike@monkeydigital.co
    [phone] => 83155995962
    [formname] => Обратная связь
)

------------------------

------------------------
14.08.2025 12:19:06
CallbackFormEmailModal
Array
(
    [name] => osipova.liliia.1986.22.12@inbox.ru
    [phone] => 84563114552
    [formname] => Обратная связь
)

------------------------

------------------------
14.08.2025 13:03:20
CallbackFormEmailModal
Array
(
    [name] => serezhamobisa@mail.ru
    [phone] => 87512141865
    [formname] => Обратная связь
)

------------------------

------------------------
14.08.2025 13:13:45
CallbackFormEmailModal
Array
(
    [name] => foruy2023@gmail.com
    [phone] => 87755843868
    [formname] => Обратная связь
)

------------------------

------------------------
14.08.2025 15:48:01
CallbackFormEmailModal
Array
(
    [name] => davidmib@mail.ru
    [phone] => 82941235832
    [formname] => Обратная связь
)

------------------------

------------------------
14.08.2025 16:44:06
CallbackFormEmailModal
Array
(
    [name] => packsmax698@meta.ua
    [phone] => 81472745999
    [formname] => Обратная связь
)

------------------------

------------------------
14.08.2025 16:56:47
CallbackFormEmailModal
Array
(
    [name] => panova.elena.1992.23.11@bk.ru
    [phone] => 86945884193
    [formname] => Обратная связь
)

------------------------

------------------------
14.08.2025 17:09:53
CallbackFormEmailModal
Array
(
    [name] => arturgorz2o3@bk.ru
    [phone] => 88292957191
    [formname] => Обратная связь
)

------------------------

------------------------
14.08.2025 17:21:53
CallbackFormEmailModal
Array
(
    [name] => naphtloxua-5550@mail.ru
    [phone] => 81598835182
    [formname] => Обратная связь
)

------------------------

------------------------
14.08.2025 17:42:13
CallbackFormEmailModal
Array
(
    [name] => margarita.stolyarova.26.05.1995@mail.ru
    [phone] => 82166211632
    [formname] => Обратная связь
)

------------------------
