
------------------------
06.05.2022 1:06:34
CallbackFormEmailModal
Array
(
    [name] => peraltalavaire271@hotmail.com
    [phone] => 89033349828
    [formname] => Обратная связь
)

------------------------

------------------------
06.05.2022 6:47:24
CallbackFormEmailModal
Array
(
    [name] => bboysell@hotmail.com
    [phone] => 89032434704
    [formname] => Обратная связь
)

------------------------

------------------------
06.05.2022 8:08:05
CallbackFormEmailModal
Array
(
    [name] => petrlunev58@gmail.com
    [phone] => 89387638565
    [formname] => Обратная связь
)

------------------------

------------------------
06.05.2022 12:47:25
CallbackFormEmailModal
Array
(
    [name] => gavin@rocketmail.com
    [phone] => 89031166431
    [formname] => Обратная связь
)

------------------------

------------------------
06.05.2022 18:08:24
CallbackFormEmailModal
Array
(
    [name] => uptonjodi@yahoo.com
    [phone] => 89032591133
    [formname] => Обратная связь
)

------------------------

------------------------
06.05.2022 21:29:23
CallbackFormEmailModal
Array
(
    [name] => evlbch72@hotmail.com
    [phone] => 89034726121
    [formname] => Обратная связь
)

------------------------

------------------------
06.05.2022 21:53:54
CallbackFormEmailModal
Array
(
    [name] => Brady Sapp
    [phone] => LesleySchaetzle@gmail.com
    [formname] => Обратная связь
)

------------------------
