
------------------------
06.08.2021 0:08:24
CallbackFormEmailModal
Array
(
    [name] => xgamer1def@gmail.com
    [phone] => 85761385858
    [formname] => Обратная связь
)

------------------------

------------------------
06.08.2021 3:38:38
CallbackFormEmailModal
Array
(
    [name] => svidinfo1980@gmail.com
    [phone] => 82827983178
    [formname] => Обратная связь
)

------------------------

------------------------
06.08.2021 7:09:57
CallbackFormEmailModal
Array
(
    [name] => paulinecollins8225@gmail.com
    [phone] => paulinecollins8225@gmail.com
    [formname] => Обратная связь
)

------------------------

------------------------
06.08.2021 19:17:08
CallbackFormEmailModal
Array
(
    [name] => kustonikita@gmail.com
    [phone] => 88794643743
    [formname] => Обратная связь
)

------------------------
