
------------------------
07.04.2023 2:04:04
CallbackFormEmailModal
Array
(
    [name] => indomitowot@outlook.com
    [phone] => 81344442417
    [formname] => Обратная связь
)

------------------------

------------------------
07.04.2023 3:45:50
CallbackFormEmailModal
Array
(
    [name] => vqjhobrt@mail.ru
    [phone] => +791234567948
    [formname] => Обратная связь
)

------------------------

------------------------
07.04.2023 6:58:32
CallbackFormEmailModal
Array
(
    [name] => volchokflor@outlook.com
    [phone] => 88766566481
    [formname] => Обратная связь
)

------------------------

------------------------
07.04.2023 10:07:03
CallbackFormEmailModal
Array
(
    [name] => tonirok@mailside.site
    [phone] => 83629949917
    [formname] => Обратная связь
)

------------------------

------------------------
07.04.2023 11:36:06
CallbackFormEmailModal
Array
(
    [name] => srtlinkads@outlook.com
    [phone] => 87393257234
    [formname] => Обратная связь
)

------------------------

------------------------
07.04.2023 16:57:12
CallbackFormEmailModal
Array
(
    [name] => werso085600iu@rambler.ru
    [phone] => 83493157558
    [formname] => Обратная связь
)

------------------------

------------------------
07.04.2023 17:36:56
CallbackFormEmailModal
Array
(
    [name] => lumelskiy.leopold@mail.ru
    [phone] => 82883724736
    [formname] => Обратная связь
)

------------------------

------------------------
07.04.2023 21:39:34
CallbackFormEmailModal
Array
(
    [name] => smistuleself198082@rambler.ru
    [phone] => +71231234567
    [formname] => Обратная связь
)

------------------------
