
------------------------
07.10.2023 3:15:53
CallbackFormEmailModal
Array
(
    [name] => a.62nsj.9f.uwe.5rw.e.9r3j.f.1.4u7n.s.j.1f17ns.r2j.f1.4.j2f4.@pamyatnic.su
    [phone] => 85865775594
    [formname] => Обратная связь
)

------------------------

------------------------
07.10.2023 9:48:53
CallbackFormEmailModal
Array
(
    [name] => viktoriya684@mailax.ru
    [phone] => 85458131561
    [formname] => Обратная связь
)

------------------------

------------------------
07.10.2023 14:11:57
CallbackFormEmailModal
Array
(
    [name] => guglacc.111@gmail.com
    [phone] => 87421464775
    [formname] => Обратная связь
)

------------------------

------------------------
07.10.2023 17:51:36
CallbackFormEmailModal
Array
(
    [name] => aboutas@knitt.pl
    [phone] => 81899541358
    [formname] => Обратная связь
)

------------------------

------------------------
07.10.2023 19:09:19
CallbackFormEmailModal
Array
(
    [name] => isamardak@outlook.com
    [phone] => 81527725231
    [formname] => Обратная связь
)

------------------------

------------------------
07.10.2023 21:21:07
CallbackFormEmailModal
Array
(
    [name] => peterAlburnern@gmail.com
    [phone] => 88496765995
    [formname] => Обратная связь
)

------------------------
