
------------------------
27.07.2022 4:28:33
CallbackFormEmailModal
Array
(
    [name] => zacweston1@gmail.com
    [phone] => 89033769835
    [formname] => Обратная связь
)

------------------------

------------------------
27.07.2022 6:03:42
CallbackFormEmailModal
Array
(
    [name] => BogdanovaLR@nornik.ru
    [phone] => +7(917)986-11-46
    [formname] => Обратная связь
)

------------------------

------------------------
27.07.2022 6:12:36
CallbackFormEmailModal
Array
(
    [name] => lsha.filippov.00@bk.ru
    [phone] => +74951506630
    [formname] => Обратная связь
)

------------------------

------------------------
27.07.2022 12:46:55
CallbackFormEmailModal
Array
(
    [name] => sasha.bakay@gmail.com
    [phone] => 89031012749
    [formname] => Обратная связь
)

------------------------

------------------------
27.07.2022 16:57:07
CallbackFormEmailModal
Array
(
    [name] => jmi6551@aol.com
    [phone] => 89037147563
    [formname] => Обратная связь
)

------------------------

------------------------
27.07.2022 21:06:09
CallbackFormEmailModal
Array
(
    [name] => kseth62501@yahoo.com
    [phone] => 89033458119
    [formname] => Обратная связь
)

------------------------
