
------------------------
16.07.2022 0:40:02
CallbackFormEmailModal
Array
(
    [name] => q42az1qaz@rambler.ru
    [phone] => 83344559431
    [formname] => Обратная связь
)

------------------------

------------------------
16.07.2022 3:32:08
CallbackFormEmailModal
Array
(
    [name] => prezenty123123+rellreahleamn@gmail.com
    [phone] => 89038510868
    [formname] => Обратная связь
)

------------------------

------------------------
16.07.2022 4:04:51
CallbackFormEmailModal
Array
(
    [name] => gitara@vasha-muz-shkola.ru
    [phone] => 83469942876
    [formname] => Обратная связь
)

------------------------

------------------------
16.07.2022 15:49:33
CallbackFormEmailModal
Array
(
    [name] => thebusbe4u@yahoo.com
    [phone] => 89031352036
    [formname] => Обратная связь
)

------------------------

------------------------
16.07.2022 18:14:14
CallbackFormEmailModal
Array
(
    [name] => robertoforte@live.com
    [phone] => 89030810963
    [formname] => Обратная связь
)

------------------------

------------------------
16.07.2022 20:37:49
CallbackFormEmailModal
Array
(
    [name] => semih_0126@hotmail.com
    [phone] => 89032248614
    [formname] => Обратная связь
)

------------------------

------------------------
16.07.2022 23:01:23
CallbackFormEmailModal
Array
(
    [name] => matthew_motes@yahoo.com
    [phone] => 89034435841
    [formname] => Обратная связь
)

------------------------
