
------------------------
08.11.2023 2:59:01
CallbackFormEmailModal
Array
(
    [name] => mikegikibe@gmail.com
    [phone] => 85794994181
    [formname] => Обратная связь
)

------------------------

------------------------
08.11.2023 3:54:34
CallbackFormEmailModal
Array
(
    [name] => dearasa@mail3go.online

    [phone] => 82186554133
    [formname] => Обратная связь
)

------------------------

------------------------
08.11.2023 4:27:59
CallbackFormEmailModal
Array
(
    [name] => vavadacasino19@gmail.com
    [phone] => 83574814685
    [formname] => Обратная связь
)

------------------------

------------------------
08.11.2023 4:52:50
CallbackFormEmailModal
Array
(
    [name] => grlewbnqmMl@bagat-1.ru
    [phone] => 87692785734
    [formname] => Обратная связь
)

------------------------

------------------------
08.11.2023 7:15:55
CallbackFormEmailModal
Array
(
    [name] => rqdwvqgdxma@bagat-4.ru
    [phone] => 83829271636
    [formname] => Обратная связь
)

------------------------

------------------------
08.11.2023 7:24:43
CallbackFormEmailModal
Array
(
    [name] => vqjhobrt@mail.ru
    [phone] => +791234567733
    [formname] => Обратная связь
)

------------------------

------------------------
08.11.2023 8:34:34
CallbackFormEmailModal
Array
(
    [name] => zuyeliqmdPi@bagat-3.store
    [phone] => 88955513893
    [formname] => Обратная связь
)

------------------------

------------------------
08.11.2023 11:00:47
CallbackFormEmailModal
Array
(
    [name] => bqueiyupnel@bagat-2.ru
    [phone] => 81685992373
    [formname] => Обратная связь
)

------------------------

------------------------
08.11.2023 11:15:48
CallbackFormEmailModal
Array
(
    [name] => aq50aqa@rambler.ru
    [phone] => 83838775827
    [formname] => Обратная связь
)

------------------------

------------------------
08.11.2023 18:46:04
CallbackFormEmailModal
Array
(
    [name] => iaroslav.pankovzxn@yandex.ru
    [phone] => 83562319922
    [formname] => Обратная связь
)

------------------------

------------------------
08.11.2023 22:07:56
CallbackFormEmailModal
Array
(
    [name] => barcelona@espana.gold
    [phone] => 89437144667
    [formname] => Обратная связь
)

------------------------
