
------------------------
13.04.2023 1:15:38
CallbackFormEmailModal
Array
(
    [name] => indomitowot@outlook.com
    [phone] => 84326618779
    [formname] => Обратная связь
)

------------------------

------------------------
13.04.2023 7:12:15
CallbackFormEmailModal
Array
(
    [name] => dlmahroiarlnqbi@mail.ru
    [phone] => +79123456274
    [formname] => Обратная связь
)

------------------------

------------------------
13.04.2023 10:11:10
CallbackFormEmailModal
Array
(
    [name] => kka.sh.h.u.rr.le.y@gmail.com
    [phone] => 84861248654
    [formname] => Обратная связь
)

------------------------

------------------------
13.04.2023 10:27:27
CallbackFormEmailModal
Array
(
    [name] => info@hifinance.ru
    [phone] => +71231234567
    [formname] => Обратная связь
)

------------------------

------------------------
13.04.2023 11:39:57
CallbackFormEmailModal
Array
(
    [name] => kkash.h.u.rr.l.e.y@gmail.com
    [phone] => 85277628353
    [formname] => Обратная связь
)

------------------------

------------------------
13.04.2023 12:39:46
CallbackFormEmailModal
Array
(
    [name] => werso050000iu@rambler.ru
    [phone] => 84196465274
    [formname] => Обратная связь
)

------------------------

------------------------
13.04.2023 20:45:29
CallbackFormEmailModal
Array
(
    [name] => indomitowot@outlook.com
    [phone] => 88691923273
    [formname] => Обратная связь
)

------------------------

------------------------
13.04.2023 21:23:41
CallbackFormEmailModal
Array
(
    [name] => berta@norio7210.akihiro23.drkoop.site
    [phone] => 81437463619
    [formname] => Обратная связь
)

------------------------
