
------------------------
07.05.2025 0:43:31
CallbackFormEmailModal
Array
(
    [name] => kikromankopo199.3@gmail.com
    [phone] => 85591829472
    [formname] => Обратная связь
)

------------------------

------------------------
07.05.2025 2:26:29
CallbackFormEmailModal
Array
(
    [name] => toypropadsandwesvi@mail.ru
    [phone] => 81661959786
    [formname] => Обратная связь
)

------------------------

------------------------
07.05.2025 2:37:01
CallbackFormEmailModal
Array
(
    [name] => ecoeats@mail.ru
    [phone] => 85866849632
    [formname] => Обратная связь
)

------------------------

------------------------
07.05.2025 4:41:26
CallbackFormEmailModal
Array
(
    [name] => andrey.don.x@gmail.com
    [phone] => 82736787298
    [formname] => Обратная связь
)

------------------------

------------------------
07.05.2025 10:50:02
CallbackFormEmailModal
Array
(
    [name] => 71erdur7tors379@gazeta.pl
    [phone] => 85261434874
    [formname] => Обратная связь
)

------------------------

------------------------
07.05.2025 12:32:24
CallbackFormEmailModal
Array
(
    [name] => gjroxyxb@gmail.com
    [phone] => 83324113959
    [formname] => Обратная связь
)

------------------------

------------------------
07.05.2025 13:17:16
CallbackFormEmailModal
Array
(
    [name] => peraecredad1976@mail.ru
    [phone] => 85621738383
    [formname] => Обратная связь
)

------------------------

------------------------
07.05.2025 13:54:07
CallbackFormEmailModal
Array
(
    [name] => eliseevfrank9041@list.ru
    [phone] => 81936836189
    [formname] => Обратная связь
)

------------------------

------------------------
07.05.2025 14:11:38
CallbackFormEmailModal
Array
(
    [name] => deacren@mail.ru
    [phone] => 82742178325
    [formname] => Обратная связь
)

------------------------

------------------------
07.05.2025 14:17:41
CallbackFormEmailModal
Array
(
    [name] => karina_platonova_31068@mail.ru
    [phone] => 82984436293
    [formname] => Обратная связь
)

------------------------

------------------------
07.05.2025 14:18:35
CallbackFormEmailModal
Array
(
    [name] => mosoce-416@mail.ru
    [phone] => 87943919676
    [formname] => Обратная связь
)

------------------------

------------------------
07.05.2025 14:19:23
CallbackFormEmailModal
Array
(
    [name] => wemofoomacfensta@mail.ru
    [phone] => 84922361419
    [formname] => Обратная связь
)

------------------------

------------------------
07.05.2025 14:33:51
CallbackFormEmailModal
Array
(
    [name] => kxiliya@bk.ru
    [phone] => 89364715149
    [formname] => Обратная связь
)

------------------------

------------------------
07.05.2025 15:27:03
CallbackFormEmailModal
Array
(
    [name] => kostinarogneda97@list.ru
    [phone] => 81754256835
    [formname] => Обратная связь
)

------------------------

------------------------
07.05.2025 15:27:04
CallbackFormEmailModal
Array
(
    [name] => prohor.zlobin.14.11.1987@mail.ru
    [phone] => 84678115826
    [formname] => Обратная связь
)

------------------------

------------------------
07.05.2025 15:29:03
CallbackFormEmailModal
Array
(
    [name] => noemasharapova19843520@bk.ru
    [phone] => 82676362381
    [formname] => Обратная связь
)

------------------------

------------------------
07.05.2025 16:28:41
CallbackFormEmailModal
Array
(
    [name] => eepovda@bk.ru
    [phone] => 81974191283
    [formname] => Обратная связь
)

------------------------

------------------------
07.05.2025 16:49:43
CallbackFormEmailModal
Array
(
    [name] => taelivihohtoca@mail.ru
    [phone] => 81214253748
    [formname] => Обратная связь
)

------------------------

------------------------
07.05.2025 18:02:00
CallbackFormEmailModal
Array
(
    [name] => profconbu_64@mail.ru
    [phone] => 84548663328
    [formname] => Обратная связь
)

------------------------

------------------------
07.05.2025 18:02:01
CallbackFormEmailModal
Array
(
    [name] => ljusdukeeca1971@mail.ru
    [phone] => 81964467462
    [formname] => Обратная связь
)

------------------------

------------------------
07.05.2025 18:06:49
CallbackFormEmailModal
Array
(
    [name] => meacumdes-2597@mail.ru
    [phone] => 88378755145
    [formname] => Обратная связь
)

------------------------

------------------------
07.05.2025 18:12:32
CallbackFormEmailModal
Array
(
    [name] => combontsegal37@mail.ru
    [phone] => 87358921355
    [formname] => Обратная связь
)

------------------------

------------------------
07.05.2025 18:12:59
CallbackFormEmailModal
Array
(
    [name] => mark.moshchenskiy.90@mail.ru
    [phone] => 84794876313
    [formname] => Обратная связь
)

------------------------

------------------------
07.05.2025 18:59:41
CallbackFormEmailModal
Array
(
    [name] => yulya.onipchenko.88@mail.ru
    [phone] => 88897855618
    [formname] => Обратная связь
)

------------------------

------------------------
07.05.2025 19:08:22
CallbackFormEmailModal
Array
(
    [name] => margarita.stolyarova.26.05.1995@mail.ru
    [phone] => 88865381745
    [formname] => Обратная связь
)

------------------------

------------------------
07.05.2025 19:08:51
CallbackFormEmailModal
Array
(
    [name] => kharalampiimartyshkin@mail.ru
    [phone] => 86299218824
    [formname] => Обратная связь
)

------------------------

------------------------
07.05.2025 19:32:46
CallbackFormEmailModal
Array
(
    [name] => gugloff.444@gmail.com
    [phone] => 87974635654
    [formname] => Обратная связь
)

------------------------

------------------------
07.05.2025 19:46:42
CallbackFormEmailModal
Array
(
    [name] => jisankape@list.ru
    [phone] => 87814629286
    [formname] => Обратная связь
)

------------------------

------------------------
07.05.2025 19:51:35
CallbackFormEmailModal
Array
(
    [name] => ignatevipatii19908014@mail.ru
    [phone] => 82123967366
    [formname] => Обратная связь
)

------------------------

------------------------
07.05.2025 19:51:36
CallbackFormEmailModal
Array
(
    [name] => nefedrogov985783@mail.ru
    [phone] => 87628444998
    [formname] => Обратная связь
)

------------------------

------------------------
07.05.2025 19:51:36
CallbackFormEmailModal
Array
(
    [name] => bykovputislav7343@bk.ru
    [phone] => 84761723344
    [formname] => Обратная связь
)

------------------------

------------------------
07.05.2025 19:54:38
CallbackFormEmailModal
Array
(
    [name] => 1@1.it
    [phone] => 88619429579
    [formname] => Обратная связь
)

------------------------

------------------------
07.05.2025 20:28:46
CallbackFormEmailModal
Array
(
    [name] => kimvilson06@gmail.com
    [phone] => 81898456168
    [formname] => Обратная связь
)

------------------------

------------------------
07.05.2025 23:03:15
CallbackFormEmailModal
Array
(
    [name] => yulya.onipchenko.88@mail.ru
    [phone] => 84155113418
    [formname] => Обратная связь
)

------------------------
