
------------------------
04.08.2025 0:11:50
CallbackFormEmailModal
Array
(
    [name] => winsatall4ever@gmail.com
    [phone] => 83314853984
    [formname] => Обратная связь
)

------------------------

------------------------
04.08.2025 3:28:10
CallbackFormEmailModal
Array
(
    [name] => help@gwmetabitt.com
    [phone] => 83215954196
    [formname] => Обратная связь
)

------------------------

------------------------
04.08.2025 6:42:11
CallbackFormEmailModal
Array
(
    [name] => toypropadsandwesvi@mail.ru
    [phone] => 87142441357
    [formname] => Обратная связь
)

------------------------

------------------------
04.08.2025 7:25:47
CallbackFormEmailModal
Array
(
    [name] => martakalinina84@mail.ru
    [phone] => 89963917999
    [formname] => Обратная связь
)

------------------------

------------------------
04.08.2025 7:29:27
CallbackFormEmailModal
Array
(
    [name] => ponomaryov.borya.1983@bk.ru
    [phone] => 89342712271
    [formname] => Обратная связь
)

------------------------

------------------------
04.08.2025 7:42:09
CallbackFormEmailModal
Array
(
    [name] => placnacidown1989@mail.ru
    [phone] => 89329411529
    [formname] => Обратная связь
)

------------------------

------------------------
04.08.2025 8:00:05
CallbackFormEmailModal
Array
(
    [name] => jisankape@list.ru
    [phone] => 83237643565
    [formname] => Обратная связь
)

------------------------

------------------------
04.08.2025 8:35:17
CallbackFormEmailModal
Array
(
    [name] => higbiosepo1986@mail.ru
    [phone] => 84234483454
    [formname] => Обратная связь
)

------------------------

------------------------
04.08.2025 8:38:06
CallbackFormEmailModal
Array
(
    [name] => tineppulnas1970@mail.ru
    [phone] => 81782111614
    [formname] => Обратная связь
)

------------------------

------------------------
04.08.2025 9:22:51
CallbackFormEmailModal
Array
(
    [name] => davidmib@mail.ru
    [phone] => 84228669176
    [formname] => Обратная связь
)

------------------------

------------------------
04.08.2025 12:07:51
CallbackFormEmailModal
Array
(
    [name] => sergoworkin.g.71.8@gmail.com
    [phone] => 88335675684
    [formname] => Обратная связь
)

------------------------

------------------------
04.08.2025 12:51:29
CallbackFormEmailModal
Array
(
    [name] => veronika.goryunova.06.09.2001@mail.ru
    [phone] => 89492162631
    [formname] => Обратная связь
)

------------------------

------------------------
04.08.2025 13:03:54
CallbackFormEmailModal
Array
(
    [name] => prohor.zlobin.14.11.1987@mail.ru
    [phone] => 83828844291
    [formname] => Обратная связь
)

------------------------

------------------------
04.08.2025 13:10:19
CallbackFormEmailModal
Array
(
    [name] => natulya.fedosova.96@mail.ru
    [phone] => 83996532258
    [formname] => Обратная связь
)

------------------------

------------------------
04.08.2025 13:16:46
CallbackFormEmailModal
Array
(
    [name] => orlov.roman.1988.2.11@list.ru
    [phone] => 84914492787
    [formname] => Обратная связь
)

------------------------

------------------------
04.08.2025 13:16:47
CallbackFormEmailModal
Array
(
    [name] => musaev.misha.1982.3.5@list.ru
    [phone] => 86841576544
    [formname] => Обратная связь
)

------------------------

------------------------
04.08.2025 13:21:29
CallbackFormEmailModal
Array
(
    [name] => subbotinalenara88@mail.ru
    [phone] => 85333699793
    [formname] => Обратная связь
)

------------------------

------------------------
04.08.2025 13:26:50
CallbackFormEmailModal
Array
(
    [name] => amabil.6002@mail.ru
    [phone] => 85779598457
    [formname] => Обратная связь
)

------------------------

------------------------
04.08.2025 13:33:52
CallbackFormEmailModal
Array
(
    [name] => rais.shchigelskaya2002@mail.ru
    [phone] => 86519225473
    [formname] => Обратная связь
)

------------------------

------------------------
04.08.2025 13:38:08
CallbackFormEmailModal
Array
(
    [name] => varvara.nikolaeva.23.8.1964@mail.ru
    [phone] => 81568295739
    [formname] => Обратная связь
)

------------------------

------------------------
04.08.2025 13:52:04
CallbackFormEmailModal
Array
(
    [name] => sileterde1976@mail.ru
    [phone] => 85474399693
    [formname] => Обратная связь
)

------------------------

------------------------
04.08.2025 14:03:31
CallbackFormEmailModal
Array
(
    [name] => valentin.vinokurov.12.6.1968@mail.ru
    [phone] => 87448873516
    [formname] => Обратная связь
)

------------------------

------------------------
04.08.2025 14:09:20
CallbackFormEmailModal
Array
(
    [name] => tatyanka-semenova-2022@mail.ru
    [phone] => 85213617283
    [formname] => Обратная связь
)

------------------------

------------------------
04.08.2025 15:45:32
CallbackFormEmailModal
Array
(
    [name] => allzionmail@gmail.com
    [phone] => 81376593478
    [formname] => Обратная связь
)

------------------------

------------------------
04.08.2025 15:45:45
CallbackFormEmailModal
Array
(
    [name] => bikon777@rambler.ru
    [phone] => 85643724638
    [formname] => Обратная связь
)

------------------------

------------------------
04.08.2025 17:20:23
CallbackFormEmailModal
Array
(
    [name] => arturgorz2o3@bk.ru
    [phone] => 84148271159
    [formname] => Обратная связь
)

------------------------

------------------------
04.08.2025 17:22:42
CallbackFormEmailModal
Array
(
    [name] => abbyas-venikov1984@mail.ru
    [phone] => 82117277322
    [formname] => Обратная связь
)

------------------------

------------------------
04.08.2025 17:46:50
CallbackFormEmailModal
Array
(
    [name] => dzhavgorat-tashdemirov1981@mail.ru
    [phone] => 88464266469
    [formname] => Обратная связь
)

------------------------

------------------------
04.08.2025 18:03:10
CallbackFormEmailModal
Array
(
    [name] => mosoce-416@mail.ru
    [phone] => 88779662392
    [formname] => Обратная связь
)

------------------------

------------------------
04.08.2025 18:03:37
CallbackFormEmailModal
Array
(
    [name] => mat.tte.nlys.h.lu.b.ely.@gmail.com
    [phone] => 86874376594
    [formname] => Обратная связь
)

------------------------

------------------------
04.08.2025 18:03:58
CallbackFormEmailModal
Array
(
    [name] => mikhail.kholudenev.93@mail.ru
    [phone] => 83447575781
    [formname] => Обратная связь
)

------------------------

------------------------
04.08.2025 18:04:11
CallbackFormEmailModal
Array
(
    [name] => kozlovvarlen19782037@mail.ru
    [phone] => 88188866696
    [formname] => Обратная связь
)

------------------------

------------------------
04.08.2025 18:05:03
CallbackFormEmailModal
Array
(
    [name] => anya.genger@mail.ru
    [phone] => 82239998361
    [formname] => Обратная связь
)

------------------------

------------------------
04.08.2025 18:05:15
CallbackFormEmailModal
Array
(
    [name] => nadezhda_smirnova_26801@mail.ru
    [phone] => 84981555313
    [formname] => Обратная связь
)

------------------------

------------------------
04.08.2025 18:12:05
CallbackFormEmailModal
Array
(
    [name] => polyakovdanila19908366@mail.ru
    [phone] => 86795318778
    [formname] => Обратная связь
)

------------------------

------------------------
04.08.2025 19:04:23
CallbackFormEmailModal
Array
(
    [name] => filatovlenian4023@mail.ru
    [phone] => 89596175724
    [formname] => Обратная связь
)

------------------------

------------------------
04.08.2025 23:22:42
CallbackFormEmailModal
Array
(
    [name] => bikon777@rambler.ru
    [phone] => 84311835546
    [formname] => Обратная связь
)

------------------------
