
------------------------
01.01.2023 1:14:19
CallbackFormEmailModal
Array
(
    [name] => subscriber07@bk.ru
    [phone] => 81622187928
    [formname] => Обратная связь
)

------------------------

------------------------
01.01.2023 4:46:06
CallbackFormEmailModal
Array
(
    [name] => sigitszorin@yandex.ru
    [phone] => 82262157549
    [formname] => Обратная связь
)

------------------------

------------------------
01.01.2023 6:14:21
CallbackFormEmailModal
Array
(
    [name] => hi3746giwara@gmail.com
    [phone] => 89724517865
    [formname] => Обратная связь
)

------------------------

------------------------
01.01.2023 6:21:40
CallbackFormEmailModal
Array
(
    [name] => gainani@beaumail.xyz
    [phone] => 83631266722
    [formname] => Обратная связь
)

------------------------

------------------------
01.01.2023 9:11:08
CallbackFormEmailModal
Array
(
    [name] => admin@48481.org
    [phone] => 84776714826
    [formname] => Обратная связь
)

------------------------

------------------------
01.01.2023 14:17:56
CallbackFormEmailModal
Array
(
    [name] => alexpopov716253@gmail.com
    [phone] => 87812364639
    [formname] => Обратная связь
)

------------------------

------------------------
01.01.2023 16:34:13
CallbackFormEmailModal
Array
(
    [name] => xzjl4@course-fitness.com
    [phone] => 87276222334
    [formname] => Обратная связь
)

------------------------
