
------------------------
23.04.2024 0:26:39
CallbackFormEmailModal
Array
(
    [name] => autolife56@ya.ru
    [phone] => 84762474249
    [formname] => Обратная связь
)

------------------------

------------------------
23.04.2024 3:42:10
CallbackFormEmailModal
Array
(
    [name] => lucido.leinteract@gmail.com
    [phone] => 87231845949
    [formname] => Обратная связь
)

------------------------

------------------------
23.04.2024 7:15:52
CallbackFormEmailModal
Array
(
    [name] => lionellagulyaeva19986022@mail.ru
    [phone] => 82917476439
    [formname] => Обратная связь
)

------------------------

------------------------
23.04.2024 11:40:39
CallbackFormEmailModal
Array
(
    [name] => johnnym.iller9949@gmail.com
    [phone] => 87858537892
    [formname] => Обратная связь
)

------------------------

------------------------
23.04.2024 15:33:38
CallbackFormEmailModal
Array
(
    [name] => johwzdyzb@georonbuzztal.online
    [phone] => 82845726558
    [formname] => Обратная связь
)

------------------------

------------------------
23.04.2024 19:25:37
CallbackFormEmailModal
Array
(
    [name] => catconfrenry197681@rambler.ru
    [phone] => +71231234567
    [formname] => Обратная связь
)

------------------------

------------------------
23.04.2024 21:49:15
CallbackFormEmailModal
Array
(
    [name] => alic.eca.s.h3.5@gmail.com
    [phone] => 89947425349
    [formname] => Обратная связь
)

------------------------
