
------------------------
01.11.2021 0:55:33
CallbackFormEmailModal
Array
(
    [name] => dir-baz20s@inbox.ru
    [phone] => 79154329476
    [formname] => Обратная связь
)

------------------------

------------------------
01.11.2021 7:14:25
CallbackFormEmailModal
Array
(
    [name] => otzyvynayandex@mail.ru
    [phone] => +71231234567
    [formname] => Обратная связь
)

------------------------

------------------------
01.11.2021 23:05:13
CallbackFormEmailModal
Array
(
    [name] => aleksandrova_marina-84456@mail.ru
    [phone] => +71231234567
    [formname] => Обратная связь
)

------------------------
