
------------------------
03.03.2024 0:48:46
CallbackFormEmailModal
Array
(
    [name] => pressrelease@nationalposttoday.com
    [phone] => 86876374844
    [formname] => Обратная связь
)

------------------------

------------------------
03.03.2024 3:02:40
CallbackFormEmailModal
Array
(
    [name] => 19792164@seo-ul.store
    [phone] => 84543757471
    [formname] => Обратная связь
)

------------------------

------------------------
03.03.2024 4:37:42
CallbackFormEmailModal
Array
(
    [name] => paparlobut@gmail.com
    [phone] => 87195191528
    [formname] => Обратная связь
)

------------------------

------------------------
03.03.2024 6:00:22
CallbackFormEmailModal
Array
(
    [name] => jbeodjrb@oonmail.com
    [phone] => 85246943192
    [formname] => Обратная связь
)

------------------------

------------------------
03.03.2024 7:51:28
CallbackFormEmailModal
Array
(
    [name] => scenpalli1994@myrambler.com
    [phone] => 83959947764
    [formname] => Обратная связь
)

------------------------

------------------------
03.03.2024 8:40:27
CallbackFormEmailModal
Array
(
    [name] => lucido.leinteract@gmail.com
    [phone] => 83843516721
    [formname] => Обратная связь
)

------------------------

------------------------
03.03.2024 8:45:00
CallbackFormEmailModal
Array
(
    [name] => oblioca-86@mail.ru
    [phone] => 88554431654
    [formname] => Обратная связь
)

------------------------

------------------------
03.03.2024 9:03:55
CallbackFormEmailModal
Array
(
    [name] => bamk02020104050807@outlook.com
    [phone] => 84751269996
    [formname] => Обратная связь
)

------------------------

------------------------
03.03.2024 9:51:08
CallbackFormEmailModal
Array
(
    [name] => frank@luck.jsafes.com
    [phone] => 83852411265
    [formname] => Обратная связь
)

------------------------

------------------------
03.03.2024 10:46:13
CallbackFormEmailModal
Array
(
    [name] => pulcfibucyp1977@mail.ru
    [phone] => 87425758432
    [formname] => Обратная связь
)

------------------------

------------------------
03.03.2024 13:47:40
CallbackFormEmailModal
Array
(
    [name] => 111ang43468@atrimoney.site
    [phone] => 81161365999
    [formname] => Обратная связь
)

------------------------

------------------------
03.03.2024 14:02:47
CallbackFormEmailModal
Array
(
    [name] => @smilelife23@xrumerbasee.ru
    [phone] => 83225365877
    [formname] => Обратная связь
)

------------------------

------------------------
03.03.2024 14:29:43
CallbackFormEmailModal
Array
(
    [name] => jac.ks.m.ith17a.z@gmail.com
    [phone] => 83545791246
    [formname] => Обратная связь
)

------------------------

------------------------
03.03.2024 15:56:24
CallbackFormEmailModal
Array
(
    [name] => scenpalli1994@myrambler.com
    [phone] => 87742344377
    [formname] => Обратная связь
)

------------------------

------------------------
03.03.2024 19:40:50
CallbackFormEmailModal
Array
(
    [name] => anna.marto.martova@mail.ru
    [phone] => 88449226127
    [formname] => Обратная связь
)

------------------------

------------------------
03.03.2024 20:04:00
CallbackFormEmailModal
Array
(
    [name] => mk1@asiancatalog.ru
    [phone] => 81857331212
    [formname] => Обратная связь
)

------------------------
