
------------------------
05.09.2023 0:29:31
CallbackFormEmailModal
Array
(
    [name] => inendbetrie198218@rambler.ru
    [phone] => +71231234567
    [formname] => Обратная связь
)

------------------------

------------------------
05.09.2023 6:05:15
CallbackFormEmailModal
Array
(
    [name] => vqjhobrt@mail.ru
    [phone] => +791234567518
    [formname] => Обратная связь
)

------------------------

------------------------
05.09.2023 7:14:03
CallbackFormEmailModal
Array
(
    [name] => eloise_okihara37@rambler.ru
    [phone] => 89531722771
    [formname] => Обратная связь
)

------------------------

------------------------
05.09.2023 7:36:19
CallbackFormEmailModal
Array
(
    [name] => bxxfezbrdEa@bobbor.store
    [phone] => 85923322846
    [formname] => Обратная связь
)

------------------------

------------------------
05.09.2023 11:21:23
Order
Array
(
    [name] => Марина Адамова
    [email] => promnaladka@mail.ru
    [phone] => +7-916-517-9184
    [comment] => Трап Mini Wm 200  с вертикальным отводом DN50, кол-во: 1, цена: 6650руб.
Способ доставки: Самовывоз со склада
Выберите способ оплаты: Оплата на расчетный счет организации

Комментарий к заказу: 
Просим выставить счет для безналичной оплаты (с указанием сроков поставки).
ЗАО "Промэнерго наладка"
Адрес: 127254, Москва, Огородный проезд, дом 5, строение 6, этаж 3, комната 26
Тел. 495-575-36-58
ИНН 7715030084
КПП 771501001
    [formname] => Заказ из корзины
    [fields] => Array
        (
            [price] => 6650
        )

)

------------------------

------------------------
05.09.2023 16:22:26
CallbackFormEmailModal
Array
(
    [name] => b3spty1mjhbmfyx@rambler.ru
    [phone] => 89494844529
    [formname] => Обратная связь
)

------------------------

------------------------
05.09.2023 17:08:32
CallbackFormEmailModal
Array
(
    [name] => aw41jyh9kpevpef@rambler.ru
    [phone] => 83535768398
    [formname] => Обратная связь
)

------------------------
