
------------------------
21.05.2024 6:05:20
CallbackFormEmailModal
Array
(
    [name] => itinenko@gmail.com
    [phone] => 83435233569
    [formname] => Обратная связь
)

------------------------

------------------------
21.05.2024 8:55:42
CallbackFormEmailModal
Array
(
    [name] => yourmail@gmail.com
    [phone] => 85375832543
    [formname] => Обратная связь
)

------------------------

------------------------
21.05.2024 12:26:51
CallbackFormEmailModal
Array
(
    [name] => borisgendelman22@outlook.com
    [phone] => 86738273713
    [formname] => Обратная связь
)

------------------------

------------------------
21.05.2024 13:25:36
CallbackFormEmailModal
Array
(
    [name] => goldboy1931@gmail.com
    [phone] => 85452834673
    [formname] => Обратная связь
)

------------------------

------------------------
21.05.2024 15:59:13
CallbackFormEmailModal
Array
(
    [name] => dcxthnspks@rambler.ru
    [phone] => 83863921682
    [formname] => Обратная связь
)

------------------------

------------------------
21.05.2024 17:14:03
CallbackFormEmailModal
Array
(
    [name] => savelijgoossens1986@int.pl
    [phone] => 84891359778
    [formname] => Обратная связь
)

------------------------

------------------------
21.05.2024 18:28:19
CallbackFormEmailModal
Array
(
    [name] => vfssffssdfdsfd@gmail.com
    [phone] => 83164288971
    [formname] => Обратная связь
)

------------------------

------------------------
21.05.2024 21:18:47
CallbackFormEmailModal
Array
(
    [name] => cqyylcdvsu@rambler.ru
    [phone] => 89777792599
    [formname] => Обратная связь
)

------------------------

------------------------
21.05.2024 21:20:21
CallbackFormEmailModal
Array
(
    [name] => zsdfgsde33nhffhnfhn@inbox.ru
    [phone] => 87931748513
    [formname] => Обратная связь
)

------------------------

------------------------
21.05.2024 22:01:11
CallbackFormEmailModal
Array
(
    [name] => 1q0nbg4km@mozmail.com
    [phone] => 84253821327
    [formname] => Обратная связь
)

------------------------
