
------------------------
07.04.2025 0:35:32
CallbackFormEmailModal
Array
(
    [name] => mefedron-mephedrone@russia-cocaine.online
    [phone] => 89237496721
    [formname] => Обратная связь
)

------------------------

------------------------
07.04.2025 0:39:57
CallbackFormEmailModal
Array
(
    [name] => allen_dorothyn79266@gmx.com
    [phone] => 87125641187
    [formname] => Обратная связь
)

------------------------

------------------------
07.04.2025 0:43:31
CallbackFormEmailModal
Array
(
    [name] => secberconla1986@mail.ru
    [phone] => 85819511297
    [formname] => Обратная связь
)

------------------------

------------------------
07.04.2025 6:25:15
CallbackFormEmailModal
Array
(
    [name] => hpqvhuni@reevalmail.com
    [phone] => 88913676727
    [formname] => Обратная связь
)

------------------------

------------------------
07.04.2025 6:47:34
CallbackFormEmailModal
Array
(
    [name] => Wek@alliplnews.shop
    [phone] => 87341378989
    [formname] => Обратная связь
)

------------------------

------------------------
07.04.2025 8:34:33
CallbackFormEmailModal
Array
(
    [name] => 3s4nt3osj0hn3@yandex.kz
    [phone] => 83313274196
    [formname] => Обратная связь
)

------------------------

------------------------
07.04.2025 8:42:36
CallbackFormEmailModal
Array
(
    [name] => ramiraselezneva19908003@bk.ru
    [phone] => 81552988968
    [formname] => Обратная связь
)

------------------------

------------------------
07.04.2025 8:42:36
CallbackFormEmailModal
Array
(
    [name] => pavel.sitdikov.88@mail.ru
    [phone] => 82491338812
    [formname] => Обратная связь
)

------------------------

------------------------
07.04.2025 8:47:54
CallbackFormEmailModal
Array
(
    [name] => mickeycaf@bk.ru:50xa5mmm4
    [phone] => 81579489165
    [formname] => Обратная связь
)

------------------------

------------------------
07.04.2025 9:13:07
CallbackFormEmailModal
Array
(
    [name] => martakalinina84@mail.ru
    [phone] => 89439824788
    [formname] => Обратная связь
)

------------------------

------------------------
07.04.2025 9:14:50
CallbackFormEmailModal
Array
(
    [name] => kina3axjglime@bk.ru
    [phone] => 82347564694
    [formname] => Обратная связь
)

------------------------

------------------------
07.04.2025 9:51:16
CallbackFormEmailModal
Array
(
    [name] => nadacottuobesnie@mail.ru
    [phone] => 82961924317
    [formname] => Обратная связь
)

------------------------

------------------------
07.04.2025 9:55:31
CallbackFormEmailModal
Array
(
    [name] => jisankape@list.ru
    [phone] => 82369818471
    [formname] => Обратная связь
)

------------------------

------------------------
07.04.2025 10:05:42
CallbackFormEmailModal
Array
(
    [name] => ignatevipatii19908014@mail.ru
    [phone] => 89729911963
    [formname] => Обратная связь
)

------------------------

------------------------
07.04.2025 11:01:10
CallbackFormEmailModal
Array
(
    [name] => iqablala1980858@mail.ru
    [phone] => 88893856769
    [formname] => Обратная связь
)

------------------------

------------------------
07.04.2025 11:12:22
CallbackFormEmailModal
Array
(
    [name] => rerkgeemong98@mail.ru
    [phone] => 83361123721
    [formname] => Обратная связь
)

------------------------

------------------------
07.04.2025 12:00:10
CallbackFormEmailModal
Array
(
    [name] => megaprom@list.ru
    [phone] => 83716857219
    [formname] => Обратная связь
)

------------------------

------------------------
07.04.2025 12:04:41
CallbackFormEmailModal
Array
(
    [name] => sergowork.i.n.g718@gmail.com
    [phone] => 81999318912
    [formname] => Обратная связь
)

------------------------

------------------------
07.04.2025 12:33:00
CallbackFormEmailModal
Array
(
    [name] => tacusol-6816@mail.ru
    [phone] => 87226868465
    [formname] => Обратная связь
)

------------------------

------------------------
07.04.2025 12:41:09
CallbackFormEmailModal
Array
(
    [name] => arturgorz2o3@bk.ru
    [phone] => 89128918773
    [formname] => Обратная связь
)

------------------------

------------------------
07.04.2025 12:50:51
CallbackFormEmailModal
Array
(
    [name] => kimvilson06@gmail.com
    [phone] => 82126617783
    [formname] => Обратная связь
)

------------------------

------------------------
07.04.2025 15:31:16
CallbackFormEmailModal
Array
(
    [name] => andrey.don.x@gmail.com
    [phone] => 85112826151
    [formname] => Обратная связь
)

------------------------

------------------------
07.04.2025 18:49:41
CallbackFormEmailModal
Array
(
    [name] => peraecredad1976@mail.ru
    [phone] => 82326164621
    [formname] => Обратная связь
)

------------------------

------------------------
07.04.2025 19:22:39
CallbackFormEmailModal
Array
(
    [name] => margarita.stolyarova.26.05.1995@mail.ru
    [phone] => 89854443775
    [formname] => Обратная связь
)

------------------------
