
------------------------
08.11.2025 1:13:52
CallbackFormEmailModal
Array
(
    [name] => ObliceDopcroririt@webmailzx.com
    [phone] => 81554781118
    [formname] => Обратная связь
)

------------------------

------------------------
08.11.2025 3:00:46
CallbackFormEmailModal
Array
(
    [name] => sergowor.ki.ng.718@gmail.com
    [phone] => 89513964462
    [formname] => Обратная связь
)

------------------------

------------------------
08.11.2025 3:32:14
CallbackFormEmailModal
Array
(
    [name] => info@strictlydigital.net
    [phone] => 81218661641
    [formname] => Обратная связь
)

------------------------

------------------------
08.11.2025 5:10:59
CallbackFormEmailModal
Array
(
    [name] => irinaxokalo@mail.ru
    [phone] => 89883662942
    [formname] => Обратная связь
)

------------------------

------------------------
08.11.2025 6:33:19
CallbackFormEmailModal
Array
(
    [name] => karzhavinvenegard@mail.ru
    [phone] => 86921241817
    [formname] => Обратная связь
)

------------------------

------------------------
08.11.2025 8:13:06
CallbackFormEmailModal
Array
(
    [name] => vasyukov.mityusha@list.ru
    [phone] => 86368991733
    [formname] => Обратная связь
)

------------------------

------------------------
08.11.2025 9:12:03
CallbackFormEmailModal
Array
(
    [name] => postsaddtaliretneu@mail.ru
    [phone] => 83782446494
    [formname] => Обратная связь
)

------------------------

------------------------
08.11.2025 9:55:39
CallbackFormEmailModal
Array
(
    [name] => orlov.roman.1988.2.11@list.ru
    [phone] => 83589778144
    [formname] => Обратная связь
)

------------------------

------------------------
08.11.2025 10:10:55
CallbackFormEmailModal
Array
(
    [name] => vasyukov.mityusha@list.ru
    [phone] => 82915474586
    [formname] => Обратная связь
)

------------------------

------------------------
08.11.2025 10:57:51
CallbackFormEmailModal
Array
(
    [name] => boyleanastasia463@gmail.com
    [phone] => 85767943387
    [formname] => Обратная связь
)

------------------------

------------------------
08.11.2025 11:19:07
CallbackFormEmailModal
Array
(
    [name] => vasyukov.mityusha@list.ru
    [phone] => 85993638147
    [formname] => Обратная связь
)

------------------------

------------------------
08.11.2025 11:31:33
CallbackFormEmailModal
Array
(
    [name] => pomgmk9oheivabfooksm@list.ru
    [phone] => 81222417647
    [formname] => Обратная связь
)

------------------------

------------------------
08.11.2025 11:39:41
CallbackFormEmailModal
Array
(
    [name] => veronika.goryunova.06.09.2001@mail.ru
    [phone] => 83882188678
    [formname] => Обратная связь
)

------------------------

------------------------
08.11.2025 11:39:52
CallbackFormEmailModal
Array
(
    [name] => rerkgeemong98@mail.ru
    [phone] => 85762315953
    [formname] => Обратная связь
)

------------------------

------------------------
08.11.2025 12:50:41
CallbackFormEmailModal
Array
(
    [name] => akindinkudryashov6842@mail.ru
    [phone] => 82613475944
    [formname] => Обратная связь
)

------------------------

------------------------
08.11.2025 13:06:15
CallbackFormEmailModal
Array
(
    [name] => ovnterbefjuden6138@mail.ru
    [phone] => 85888154272
    [formname] => Обратная связь
)

------------------------

------------------------
08.11.2025 13:06:15
CallbackFormEmailModal
Array
(
    [name] => tacusol-6816@mail.ru
    [phone] => 81589194399
    [formname] => Обратная связь
)

------------------------

------------------------
08.11.2025 13:06:44
CallbackFormEmailModal
Array
(
    [name] => stasbogeli@mail.ru
    [phone] => 88868548826
    [formname] => Обратная связь
)

------------------------

------------------------
08.11.2025 13:33:22
CallbackFormEmailModal
Array
(
    [name] => naphtloxua-5550@mail.ru
    [phone] => 81595528367
    [formname] => Обратная связь
)

------------------------

------------------------
08.11.2025 14:05:04
CallbackFormEmailModal
Array
(
    [name] => galyazafuna@mail.ru
    [phone] => 84966684142
    [formname] => Обратная связь
)

------------------------

------------------------
08.11.2025 14:24:42
CallbackFormEmailModal
Array
(
    [name] => prosavmobi1981@mail.ru
    [phone] => 83724668985
    [formname] => Обратная связь
)

------------------------

------------------------
08.11.2025 14:42:29
CallbackFormEmailModal
Array
(
    [name] => ilnanmode1973@mail.ru
    [phone] => 82734343884
    [formname] => Обратная связь
)

------------------------

------------------------
08.11.2025 15:12:50
CallbackFormEmailModal
Array
(
    [name] => zekisuquc419@gmail.com
    [phone] => 87213623473
    [formname] => Обратная связь
)

------------------------

------------------------
08.11.2025 17:03:59
CallbackFormEmailModal
Array
(
    [name] => elmerjjohnson214@gmail.com
    [phone] => 85331738913
    [formname] => Обратная связь
)

------------------------

------------------------
08.11.2025 20:49:18
CallbackFormEmailModal
Array
(
    [name] => placnacidown1989@mail.ru
    [phone] => 88319833987
    [formname] => Обратная связь
)

------------------------

------------------------
08.11.2025 20:49:18
CallbackFormEmailModal
Array
(
    [name] => waai8stccwnc@mail.ru
    [phone] => 83497284796
    [formname] => Обратная связь
)

------------------------

------------------------
08.11.2025 21:10:59
CallbackFormEmailModal
Array
(
    [name] => gulyabonimo@mail.ru
    [phone] => 82482661616
    [formname] => Обратная связь
)

------------------------

------------------------
08.11.2025 21:11:00
CallbackFormEmailModal
Array
(
    [name] => ivanpoluma@mail.ru
    [phone] => 83343295779
    [formname] => Обратная связь
)

------------------------

------------------------
08.11.2025 21:13:45
CallbackFormEmailModal
Array
(
    [name] => aleksandrrapeka@mail.ru
    [phone] => 85324126111
    [formname] => Обратная связь
)

------------------------

------------------------
08.11.2025 21:26:36
CallbackFormEmailModal
Array
(
    [name] => andreyy-filimonov@bk.ru
    [phone] => 84196839891
    [formname] => Обратная связь
)

------------------------

------------------------
08.11.2025 21:27:13
CallbackFormEmailModal
Array
(
    [name] => prohor.zlobin.14.11.1987@mail.ru
    [phone] => 88967295555
    [formname] => Обратная связь
)

------------------------

------------------------
08.11.2025 21:51:54
CallbackFormEmailModal
Array
(
    [name] => k0fkq@goshop1888.shop
    [phone] => 85689428649
    [formname] => Обратная связь
)

------------------------

------------------------
08.11.2025 22:49:40
CallbackFormEmailModal
Array
(
    [name] => werso03430iu@rambler.ru
    [phone] => 82222686594
    [formname] => Обратная связь
)

------------------------
