
------------------------
23.07.2021 5:49:33
CallbackFormEmailModal
Array
(
    [name] => Leeanna Terrone
    [phone] => BrentonNarain@yahoo.com
    [formname] => Обратная связь
)

------------------------

------------------------
23.07.2021 5:57:10
CallbackFormEmailModal
Array
(
    [name] => anna.zhukova19818192@mail.ru
    [phone] => +71231234567
    [formname] => Обратная связь
)

------------------------

------------------------
23.07.2021 11:21:38
CallbackFormEmailModal
Array
(
    [name] => info@prodinfo.ru
    [phone] => 87411929397
    [formname] => Обратная связь
)

------------------------
