
------------------------
09.11.2024 0:38:42
CallbackFormEmailModal
Array
(
    [name] => shizko_test@mail.ru
    [phone] => 87354328336
    [formname] => Обратная связь
)

------------------------

------------------------
09.11.2024 2:40:15
CallbackFormEmailModal
Array
(
    [name] => siatimscompma1978@mail.ru
    [phone] => 86285949767
    [formname] => Обратная связь
)

------------------------

------------------------
09.11.2024 3:28:56
CallbackFormEmailModal
Array
(
    [name] => rerkgeemong98@mail.ru
    [phone] => 87147414147
    [formname] => Обратная связь
)

------------------------

------------------------
09.11.2024 3:54:25
CallbackFormEmailModal
Array
(
    [name] => iintabre@mail.ru
    [phone] => 89423587866
    [formname] => Обратная связь
)

------------------------

------------------------
09.11.2024 5:38:15
CallbackFormEmailModal
Array
(
    [name] => rtx_fl45@rambler.ru
    [phone] => 86445289611
    [formname] => Обратная связь
)

------------------------

------------------------
09.11.2024 7:58:07
CallbackFormEmailModal
Array
(
    [name] => grachevaperizat@yandex.com
    [phone] => 81366223676
    [formname] => Обратная связь
)

------------------------

------------------------
09.11.2024 7:58:58
CallbackFormEmailModal
Array
(
    [name] => tacusol-6816@mail.ru
    [phone] => 82479636439
    [formname] => Обратная связь
)

------------------------

------------------------
09.11.2024 7:59:14
CallbackFormEmailModal
Array
(
    [name] => arturgorz2o3@bk.ru
    [phone] => 87392463715
    [formname] => Обратная связь
)

------------------------

------------------------
09.11.2024 8:14:38
CallbackFormEmailModal
Array
(
    [name] => sionidalsubg1979@mail.ru
    [phone] => 89595425932
    [formname] => Обратная связь
)

------------------------

------------------------
09.11.2024 8:17:29
CallbackFormEmailModal
Array
(
    [name] => olesya.zhukova.1994@bk.ru
    [phone] => 81665292541
    [formname] => Обратная связь
)

------------------------

------------------------
09.11.2024 8:22:18
CallbackFormEmailModal
Array
(
    [name] => anya.genger@mail.ru
    [phone] => 83545958261
    [formname] => Обратная связь
)

------------------------

------------------------
09.11.2024 8:25:14
CallbackFormEmailModal
Array
(
    [name] => taelivihohtoca@mail.ru
    [phone] => 83353844721
    [formname] => Обратная связь
)

------------------------

------------------------
09.11.2024 8:25:57
CallbackFormEmailModal
Array
(
    [name] => musaev.misha.1982.3.5@list.ru
    [phone] => 89461664586
    [formname] => Обратная связь
)

------------------------

------------------------
09.11.2024 8:36:42
CallbackFormEmailModal
Array
(
    [name] => sheveleva-alisa@bk.ru
    [phone] => 83977925179
    [formname] => Обратная связь
)

------------------------

------------------------
09.11.2024 8:38:07
CallbackFormEmailModal
Array
(
    [name] => fokin.ruslan.1989.6.7@mail.ru
    [phone] => 86763693596
    [formname] => Обратная связь
)

------------------------

------------------------
09.11.2024 8:44:06
CallbackFormEmailModal
Array
(
    [name] => ksanfiizaicev1975637@mail.ru
    [phone] => 82445679923
    [formname] => Обратная связь
)

------------------------

------------------------
09.11.2024 9:20:05
CallbackFormEmailModal
Array
(
    [name] => zulay.morshnev1994@mail.ru
    [phone] => 83232929861
    [formname] => Обратная связь
)

------------------------

------------------------
09.11.2024 9:21:10
CallbackFormEmailModal
Array
(
    [name] => bigendrakoli4335@mail.ru
    [phone] => 88865691768
    [formname] => Обратная связь
)

------------------------

------------------------
09.11.2024 9:30:17
CallbackFormEmailModal
Array
(
    [name] => ilya.igoshin.85@mail.ru
    [phone] => 85966941281
    [formname] => Обратная связь
)

------------------------

------------------------
09.11.2024 9:30:18
CallbackFormEmailModal
Array
(
    [name] => kevbhucaguar1970@mail.ru
    [phone] => 84945115117
    [formname] => Обратная связь
)

------------------------

------------------------
09.11.2024 9:30:31
CallbackFormEmailModal
Array
(
    [name] => combontsegal37@mail.ru
    [phone] => 82887399416
    [formname] => Обратная связь
)

------------------------

------------------------
09.11.2024 9:35:41
CallbackFormEmailModal
Array
(
    [name] => mosoce-416@mail.ru
    [phone] => 82125491375
    [formname] => Обратная связь
)

------------------------

------------------------
09.11.2024 9:36:17
CallbackFormEmailModal
Array
(
    [name] => zuyev-vadik@bk.ru
    [phone] => 88543838928
    [formname] => Обратная связь
)

------------------------

------------------------
09.11.2024 9:39:57
CallbackFormEmailModal
Array
(
    [name] => toypropadsandwesvi@mail.ru
    [phone] => 81299569886
    [formname] => Обратная связь
)

------------------------

------------------------
09.11.2024 9:44:08
CallbackFormEmailModal
Array
(
    [name] => ranmicasde1982@mail.ru
    [phone] => 82885878977
    [formname] => Обратная связь
)

------------------------

------------------------
09.11.2024 10:11:53
CallbackFormEmailModal
Array
(
    [name] => tacusol-6816@mail.ru
    [phone] => 86147916358
    [formname] => Обратная связь
)

------------------------

------------------------
09.11.2024 10:17:09
CallbackFormEmailModal
Array
(
    [name] => sevastyan.siyantsev@mail.ru
    [phone] => 86497237994
    [formname] => Обратная связь
)

------------------------

------------------------
09.11.2024 10:17:09
CallbackFormEmailModal
Array
(
    [name] => bigendrakoli4335@mail.ru
    [phone] => 86956387772
    [formname] => Обратная связь
)

------------------------

------------------------
09.11.2024 10:21:30
CallbackFormEmailModal
Array
(
    [name] => tacusol-6816@mail.ru
    [phone] => 86923159236
    [formname] => Обратная связь
)

------------------------

------------------------
09.11.2024 10:21:36
CallbackFormEmailModal
Array
(
    [name] => pavel.sitdikov.88@mail.ru
    [phone] => 87235197338
    [formname] => Обратная связь
)

------------------------

------------------------
09.11.2024 10:55:30
CallbackFormEmailModal
Array
(
    [name] => mark.moshchenskiy.90@mail.ru
    [phone] => 87993793431
    [formname] => Обратная связь
)

------------------------

------------------------
09.11.2024 11:04:13
CallbackFormEmailModal
Array
(
    [name] => ljusdukeeca1971@mail.ru
    [phone] => 82262589464
    [formname] => Обратная связь
)

------------------------

------------------------
09.11.2024 11:11:56
CallbackFormEmailModal
Array
(
    [name] => suzdaltsevtazi@mail.ru
    [phone] => 87275674255
    [formname] => Обратная связь
)

------------------------

------------------------
09.11.2024 11:12:26
CallbackFormEmailModal
Array
(
    [name] => galya.usenko.63@mail.ru
    [phone] => 81827645229
    [formname] => Обратная связь
)

------------------------

------------------------
09.11.2024 11:18:33
CallbackFormEmailModal
Array
(
    [name] => postsaddtaliretneu@mail.ru
    [phone] => 89136138348
    [formname] => Обратная связь
)

------------------------

------------------------
09.11.2024 11:43:35
CallbackFormEmailModal
Array
(
    [name] => teircmqwwel@rudiplomust.com
    [phone] => 82443533561
    [formname] => Обратная связь
)

------------------------

------------------------
09.11.2024 12:01:53
CallbackFormEmailModal
Array
(
    [name] => halcheni1990@mail.ru
    [phone] => 81389835991
    [formname] => Обратная связь
)

------------------------

------------------------
09.11.2024 12:02:09
CallbackFormEmailModal
Array
(
    [name] => lyads92@mail.ru
    [phone] => 86142976977
    [formname] => Обратная связь
)

------------------------

------------------------
09.11.2024 12:14:22
CallbackFormEmailModal
Array
(
    [name] => wemofoomacfensta@mail.ru
    [phone] => 87498326268
    [formname] => Обратная связь
)

------------------------

------------------------
09.11.2024 12:30:25
CallbackFormEmailModal
Array
(
    [name] => laisumake186@mail.ru
    [phone] => 87769749249
    [formname] => Обратная связь
)

------------------------

------------------------
09.11.2024 14:21:30
CallbackFormEmailModal
Array
(
    [name] => 1q0nbg4km@mozmail.com
    [phone] => 81999462113
    [formname] => Обратная связь
)

------------------------

------------------------
09.11.2024 14:47:45
CallbackFormEmailModal
Array
(
    [name] => winsatall4ever@gmail.com
    [phone] => 81481831336
    [formname] => Обратная связь
)

------------------------

------------------------
09.11.2024 16:07:09
CallbackFormEmailModal
Array
(
    [name] => mikexxxx@gmail.com
    [phone] => 85988124536
    [formname] => Обратная связь
)

------------------------

------------------------
09.11.2024 18:33:19
CallbackFormEmailModal
Array
(
    [name] => dominico-rickel31@bradd97.lumbermilltricks.com 
    [phone] => 85654636187
    [formname] => Обратная связь
)

------------------------

------------------------
09.11.2024 18:57:38
CallbackFormEmailModal
Array
(
    [name] => kjhgfdsd@gmail.com
    [phone] => 89583776714
    [formname] => Обратная связь
)

------------------------

------------------------
09.11.2024 19:32:49
CallbackFormEmailModal
Array
(
    [name] => vasil777z@meta.ua
    [phone] => 84469121363
    [formname] => Обратная связь
)

------------------------

------------------------
09.11.2024 23:27:27
CallbackFormEmailModal
Array
(
    [name] => redirect-1a63d7519eae5ab4866ff72d3aa22ee8@webmark.eting.org
    [phone] => redirect-1a63d7519eae5ab4866ff72d3aa22ee8@webmark.eting.org
    [formname] => Обратная связь
)

------------------------

------------------------
09.11.2024 23:29:17
CallbackFormEmailModal
Array
(
    [name] => Eric Jones
    [phone] => US
    [formname] => Обратная связь
)

------------------------
