
------------------------
23.12.2021 5:08:38
CallbackFormEmailModal
Array
(
    [name] => ambalshop.com@gmail.com
    [phone] => 331542744
    [formname] => Обратная связь
)

------------------------

------------------------
23.12.2021 13:58:21
Order
Array
(
    [name] => Теперик Артур Владиславович
    [email] => artur.teperik@utilico.ru
    [phone] => +7-926-369-4999
    [comment] => Сварной  настил SP 34х38/30х2 Zn 1000х1000 мм, кол-во: 1, цена: 3850руб.
Сварной  настил SPСварной решетчатый настил SP 34х38/30х2 Zn 500х1000 мм, кол-во: 1, цена: 2650руб.
Сварной  настил SP 34х38/30х3 Zn 600х1000 мм, кол-во: 1, цена: 3200руб.
Сварной  настил SP 34х38/30х3 Zn 800х1000 мм, кол-во: 1, цена: 4250руб.
Способ доставки: Доставка автотранспортом поставщика
Выберите способ оплаты: Оплата на расчетный счет организации
Адрес доставки: Нижний Новгород, ул. Воротынская, д. 3

Комментарий к заказу: 

    [formname] => Заказ из корзины
    [fields] => Array
        (
            [price] => 71050
        )

)

------------------------
