
------------------------
22.04.2025 0:06:57
CallbackFormEmailModal
Array
(
    [name] => mults@lumexmail.shop
    [phone] => 86712867242
    [formname] => Обратная связь
)

------------------------

------------------------
22.04.2025 1:40:17
CallbackFormEmailModal
Array
(
    [name] => kimvilson06@gmail.com
    [phone] => 88798413174
    [formname] => Обратная связь
)

------------------------

------------------------
22.04.2025 2:55:08
CallbackFormEmailModal
Array
(
    [name] => vincenttaits@mail.ru
    [phone] => 87111735151
    [formname] => Обратная связь
)

------------------------

------------------------
22.04.2025 6:55:48
CallbackFormEmailModal
Array
(
    [name] => ymsoocmhgmail.com
    [phone] => 88174618481
    [formname] => Обратная связь
)

------------------------

------------------------
22.04.2025 8:02:56
CallbackFormEmailModal
Array
(
    [name] => steelersfan4ever@web.de
    [phone] => 85268757287
    [formname] => Обратная связь
)

------------------------

------------------------
22.04.2025 14:18:07
CallbackFormEmailModal
Array
(
    [name] => keapkiir@gazeta.pl
    [phone] => 84561346571
    [formname] => Обратная связь
)

------------------------

------------------------
22.04.2025 17:59:17
CallbackFormEmailModal
Array
(
    [name] => samantamodlibowska@int.pl
    [phone] => 82367896389
    [formname] => Обратная связь
)

------------------------

------------------------
22.04.2025 18:53:21
CallbackFormEmailModal
Array
(
    [name] => mickeycaf@bk.ru:50xa5mmm4
    [phone] => 88499999231
    [formname] => Обратная связь
)

------------------------

------------------------
22.04.2025 22:29:59
CallbackFormEmailModal
Array
(
    [name] => Eric Jones
    [phone] => US
    [formname] => Обратная связь
)

------------------------
