
------------------------
30.01.2024 0:27:42
CallbackFormEmailModal
Array
(
    [name] => indomitowot@outlook.com
    [phone] => 86855228159
    [formname] => Обратная связь
)

------------------------

------------------------
30.01.2024 0:50:00
CallbackFormEmailModal
Array
(
    [name] => lolerex241@ovout.com
    [phone] => 81462857854
    [formname] => Обратная связь
)

------------------------

------------------------
30.01.2024 3:58:26
CallbackFormEmailModal
Array
(
    [name] => ermolov.zt63g@rambler.ru
    [phone] => 83486125227
    [formname] => Обратная связь
)

------------------------

------------------------
30.01.2024 4:11:28
CallbackFormEmailModal
Array
(
    [name] => anna56@mailth.site
    [phone] => 89955845425
    [formname] => Обратная связь
)

------------------------

------------------------
30.01.2024 7:06:40
CallbackFormEmailModal
Array
(
    [name] => lucido.leinteract@gmail.com
    [phone] => 84185281754
    [formname] => Обратная связь
)

------------------------

------------------------
30.01.2024 8:37:58
Order
Array
(
    [name] => Петровская Ирина Юрьевна
    [email] => solnechnyy24@mail.ru
    [phone] => +7-905-966-4376
    [comment] => Промышленный ТРАП W300 однокорпусный с вертикальным отводом DN110, кол-во: 1, цена: 11500руб.
Трап Mini Wm 200  с вертикальным отводом DN50, кол-во: 1, цена: 6650руб.
Способ доставки: Доставка автотранспортом поставщика
Выберите способ оплаты: Оплата наличным
Адрес доставки: Кемеровская область-Кузбасс, г.Новокузнецк

Комментарий к заказу: 

    [formname] => Заказ из корзины
    [fields] => Array
        (
            [price] => 125250
        )

)

------------------------

------------------------
30.01.2024 9:00:41
CallbackFormEmailModal
Array
(
    [name] => go..........got.y..n.@gmail.com
    [phone] => 89131345599
    [formname] => Обратная связь
)

------------------------

------------------------
30.01.2024 9:39:40
CallbackFormEmailModal
Array
(
    [name] => george70scott08as@rambler.ru
    [phone] => 84499561251
    [formname] => Обратная связь
)

------------------------

------------------------
30.01.2024 10:58:26
CallbackFormEmailModal
Array
(
    [name] => lucido.leinteract@gmail.com
    [phone] => 86511359244
    [formname] => Обратная связь
)

------------------------

------------------------
30.01.2024 11:07:16
CallbackFormEmailModal
Array
(
    [name] => techlabs2024@outlook.com
    [phone] => 89843263295
    [formname] => Обратная связь
)

------------------------

------------------------
30.01.2024 18:38:39
CallbackFormEmailModal
Array
(
    [name] => mskfirst@rambler.ru
    [phone] => 82585841811
    [formname] => Обратная связь
)

------------------------

------------------------
30.01.2024 21:21:36
CallbackFormEmailModal
Array
(
    [name] => spbetcas394@gmail.com
    [phone] => 83833831546
    [formname] => Обратная связь
)

------------------------

------------------------
30.01.2024 22:12:59
CallbackFormEmailModal
Array
(
    [name] => donald43phillips61as@rambler.ru
    [phone] => 85113338313
    [formname] => Обратная связь
)

------------------------

------------------------
30.01.2024 22:17:41
CallbackFormEmailModal
Array
(
    [name] => yewnthhyw@gmail.com
    [phone] => 87887484886
    [formname] => Обратная связь
)

------------------------

------------------------
30.01.2024 22:59:11
CallbackFormEmailModal
Array
(
    [name] => mskfirst@rambler.ru
    [phone] => 83635187932
    [formname] => Обратная связь
)

------------------------

------------------------
30.01.2024 23:58:16
CallbackFormEmailModal
Array
(
    [name] => rms-ekb@rambler.ru
    [phone] => 86759146848
    [formname] => Обратная связь
)

------------------------
