
------------------------
26.11.2023 6:13:44
CallbackFormEmailModal
Array
(
    [name] => leonid2iqhbelov@outlook.com
    [phone] => leonid2iqhbelov@outlook.com
    [formname] => Обратная связь
)

------------------------

------------------------
26.11.2023 6:13:51
CallbackFormEmailModal
Array
(
    [name] => leonid2iqhbelov@outlook.com
    [phone] => leonid2iqhbelov@outlook.com
    [formname] => Обратная связь
)

------------------------

------------------------
26.11.2023 6:14:11
CallbackFormEmailModal
Array
(
    [name] => leonid2iqhbelov@outlook.com
    [phone] => leonid2iqhbelov@outlook.com
    [formname] => Обратная связь
)

------------------------

------------------------
26.11.2023 6:14:17
CallbackFormEmailModal
Array
(
    [name] => leonid2iqhbelov@outlook.com
    [phone] => leonid2iqhbelov@outlook.com
    [formname] => Обратная связь
)

------------------------

------------------------
26.11.2023 6:14:30
CallbackFormEmailModal
Array
(
    [name] => leonid2iqhbelov@outlook.com
    [phone] => leonid2iqhbelov@outlook.com
    [formname] => Обратная связь
)

------------------------

------------------------
26.11.2023 6:14:36
CallbackFormEmailModal
Array
(
    [name] => leonid2iqhbelov@outlook.com
    [phone] => leonid2iqhbelov@outlook.com
    [formname] => Обратная связь
)

------------------------

------------------------
26.11.2023 6:14:47
CallbackFormEmailModal
Array
(
    [name] => leonid2iqhbelov@outlook.com
    [phone] => leonid2iqhbelov@outlook.com
    [formname] => Обратная связь
)

------------------------

------------------------
26.11.2023 6:14:53
CallbackFormEmailModal
Array
(
    [name] => leonid2iqhbelov@outlook.com
    [phone] => leonid2iqhbelov@outlook.com
    [formname] => Обратная связь
)

------------------------

------------------------
26.11.2023 6:15:06
CallbackFormEmailModal
Array
(
    [name] => leonid2iqhbelov@outlook.com
    [phone] => leonid2iqhbelov@outlook.com
    [formname] => Обратная связь
)

------------------------

------------------------
26.11.2023 6:15:12
CallbackFormEmailModal
Array
(
    [name] => leonid2iqhbelov@outlook.com
    [phone] => leonid2iqhbelov@outlook.com
    [formname] => Обратная связь
)

------------------------

------------------------
26.11.2023 6:15:22
CallbackFormEmailModal
Array
(
    [name] => leonid2iqhbelov@outlook.com
    [phone] => leonid2iqhbelov@outlook.com
    [formname] => Обратная связь
)

------------------------

------------------------
26.11.2023 6:15:28
CallbackFormEmailModal
Array
(
    [name] => leonid2iqhbelov@outlook.com
    [phone] => leonid2iqhbelov@outlook.com
    [formname] => Обратная связь
)

------------------------

------------------------
26.11.2023 6:15:39
CallbackFormEmailModal
Array
(
    [name] => leonid2iqhbelov@outlook.com
    [phone] => leonid2iqhbelov@outlook.com
    [formname] => Обратная связь
)

------------------------

------------------------
26.11.2023 6:15:45
CallbackFormEmailModal
Array
(
    [name] => leonid2iqhbelov@outlook.com
    [phone] => leonid2iqhbelov@outlook.com
    [formname] => Обратная связь
)

------------------------

------------------------
26.11.2023 6:15:57
CallbackFormEmailModal
Array
(
    [name] => leonid2iqhbelov@outlook.com
    [phone] => leonid2iqhbelov@outlook.com
    [formname] => Обратная связь
)

------------------------

------------------------
26.11.2023 6:16:05
CallbackFormEmailModal
Array
(
    [name] => leonid2iqhbelov@outlook.com
    [phone] => leonid2iqhbelov@outlook.com
    [formname] => Обратная связь
)

------------------------

------------------------
26.11.2023 6:16:16
CallbackFormEmailModal
Array
(
    [name] => leonid2iqhbelov@outlook.com
    [phone] => leonid2iqhbelov@outlook.com
    [formname] => Обратная связь
)

------------------------

------------------------
26.11.2023 6:16:21
CallbackFormEmailModal
Array
(
    [name] => leonid2iqhbelov@outlook.com
    [phone] => leonid2iqhbelov@outlook.com
    [formname] => Обратная связь
)

------------------------

------------------------
26.11.2023 6:16:31
CallbackFormEmailModal
Array
(
    [name] => leonid2iqhbelov@outlook.com
    [phone] => leonid2iqhbelov@outlook.com
    [formname] => Обратная связь
)

------------------------

------------------------
26.11.2023 6:16:36
CallbackFormEmailModal
Array
(
    [name] => leonid2iqhbelov@outlook.com
    [phone] => leonid2iqhbelov@outlook.com
    [formname] => Обратная связь
)

------------------------

------------------------
26.11.2023 6:16:56
CallbackFormEmailModal
Array
(
    [name] => leonid2iqhbelov@outlook.com
    [phone] => leonid2iqhbelov@outlook.com
    [formname] => Обратная связь
)

------------------------

------------------------
26.11.2023 6:17:02
CallbackFormEmailModal
Array
(
    [name] => leonid2iqhbelov@outlook.com
    [phone] => leonid2iqhbelov@outlook.com
    [formname] => Обратная связь
)

------------------------

------------------------
26.11.2023 6:17:25
CallbackFormEmailModal
Array
(
    [name] => leonid2iqhbelov@outlook.com
    [phone] => leonid2iqhbelov@outlook.com
    [formname] => Обратная связь
)

------------------------

------------------------
26.11.2023 6:17:32
CallbackFormEmailModal
Array
(
    [name] => leonid2iqhbelov@outlook.com
    [phone] => leonid2iqhbelov@outlook.com
    [formname] => Обратная связь
)

------------------------

------------------------
26.11.2023 6:17:43
CallbackFormEmailModal
Array
(
    [name] => leonid2iqhbelov@outlook.com
    [phone] => leonid2iqhbelov@outlook.com
    [formname] => Обратная связь
)

------------------------

------------------------
26.11.2023 6:17:47
CallbackFormEmailModal
Array
(
    [name] => leonid2iqhbelov@outlook.com
    [phone] => leonid2iqhbelov@outlook.com
    [formname] => Обратная связь
)

------------------------

------------------------
26.11.2023 6:17:59
CallbackFormEmailModal
Array
(
    [name] => leonid2iqhbelov@outlook.com
    [phone] => leonid2iqhbelov@outlook.com
    [formname] => Обратная связь
)

------------------------

------------------------
26.11.2023 6:18:07
CallbackFormEmailModal
Array
(
    [name] => leonid2iqhbelov@outlook.com
    [phone] => leonid2iqhbelov@outlook.com
    [formname] => Обратная связь
)

------------------------

------------------------
26.11.2023 6:18:18
CallbackFormEmailModal
Array
(
    [name] => leonid2iqhbelov@outlook.com
    [phone] => leonid2iqhbelov@outlook.com
    [formname] => Обратная связь
)

------------------------

------------------------
26.11.2023 6:18:25
CallbackFormEmailModal
Array
(
    [name] => leonid2iqhbelov@outlook.com
    [phone] => leonid2iqhbelov@outlook.com
    [formname] => Обратная связь
)

------------------------

------------------------
26.11.2023 6:18:35
CallbackFormEmailModal
Array
(
    [name] => leonid2iqhbelov@outlook.com
    [phone] => leonid2iqhbelov@outlook.com
    [formname] => Обратная связь
)

------------------------

------------------------
26.11.2023 6:18:40
CallbackFormEmailModal
Array
(
    [name] => leonid2iqhbelov@outlook.com
    [phone] => leonid2iqhbelov@outlook.com
    [formname] => Обратная связь
)

------------------------

------------------------
26.11.2023 6:18:51
CallbackFormEmailModal
Array
(
    [name] => leonid2iqhbelov@outlook.com
    [phone] => leonid2iqhbelov@outlook.com
    [formname] => Обратная связь
)

------------------------

------------------------
26.11.2023 6:18:56
CallbackFormEmailModal
Array
(
    [name] => leonid2iqhbelov@outlook.com
    [phone] => leonid2iqhbelov@outlook.com
    [formname] => Обратная связь
)

------------------------

------------------------
26.11.2023 6:19:07
CallbackFormEmailModal
Array
(
    [name] => leonid2iqhbelov@outlook.com
    [phone] => leonid2iqhbelov@outlook.com
    [formname] => Обратная связь
)

------------------------

------------------------
26.11.2023 6:19:12
CallbackFormEmailModal
Array
(
    [name] => leonid2iqhbelov@outlook.com
    [phone] => leonid2iqhbelov@outlook.com
    [formname] => Обратная связь
)

------------------------

------------------------
26.11.2023 6:19:24
CallbackFormEmailModal
Array
(
    [name] => leonid2iqhbelov@outlook.com
    [phone] => leonid2iqhbelov@outlook.com
    [formname] => Обратная связь
)

------------------------

------------------------
26.11.2023 6:19:31
CallbackFormEmailModal
Array
(
    [name] => leonid2iqhbelov@outlook.com
    [phone] => leonid2iqhbelov@outlook.com
    [formname] => Обратная связь
)

------------------------

------------------------
26.11.2023 6:19:42
CallbackFormEmailModal
Array
(
    [name] => leonid2iqhbelov@outlook.com
    [phone] => leonid2iqhbelov@outlook.com
    [formname] => Обратная связь
)

------------------------

------------------------
26.11.2023 6:19:49
CallbackFormEmailModal
Array
(
    [name] => leonid2iqhbelov@outlook.com
    [phone] => leonid2iqhbelov@outlook.com
    [formname] => Обратная связь
)

------------------------

------------------------
26.11.2023 6:19:59
CallbackFormEmailModal
Array
(
    [name] => leonid2iqhbelov@outlook.com
    [phone] => leonid2iqhbelov@outlook.com
    [formname] => Обратная связь
)

------------------------

------------------------
26.11.2023 6:20:06
CallbackFormEmailModal
Array
(
    [name] => leonid2iqhbelov@outlook.com
    [phone] => leonid2iqhbelov@outlook.com
    [formname] => Обратная связь
)

------------------------

------------------------
26.11.2023 6:20:18
CallbackFormEmailModal
Array
(
    [name] => leonid2iqhbelov@outlook.com
    [phone] => leonid2iqhbelov@outlook.com
    [formname] => Обратная связь
)

------------------------

------------------------
26.11.2023 6:20:23
CallbackFormEmailModal
Array
(
    [name] => leonid2iqhbelov@outlook.com
    [phone] => leonid2iqhbelov@outlook.com
    [formname] => Обратная связь
)

------------------------

------------------------
26.11.2023 12:34:51
CallbackFormEmailModal
Array
(
    [name] => bilo@pop34.site
    [phone] => 83442212488
    [formname] => Обратная связь
)

------------------------

------------------------
26.11.2023 12:44:18
CallbackFormEmailModal
Array
(
    [name] => callvisvetlana@list.ru
    [phone] => 86687742459
    [formname] => Обратная связь
)

------------------------

------------------------
26.11.2023 13:23:55
CallbackFormEmailModal
Array
(
    [name] => audraix60@itsuki3510.kaede95.mailguard.space
    [phone] => 89513436673
    [formname] => Обратная связь
)

------------------------

------------------------
26.11.2023 16:38:41
CallbackFormEmailModal
Array
(
    [name] => joseph33miller43as@rambler.ru
    [phone] => 83222878648
    [formname] => Обратная связь
)

------------------------

------------------------
26.11.2023 16:43:23
CallbackFormEmailModal
Array
(
    [name] => zakrajsekhodaya93@rambler.ru
    [phone] => 83378752547
    [formname] => Обратная связь
)

------------------------

------------------------
26.11.2023 18:41:47
CallbackFormEmailModal
Array
(
    [name] => stzopuqhh@totzilla.ru
    [phone] => 86346173922
    [formname] => Обратная связь
)

------------------------

------------------------
26.11.2023 18:56:10
CallbackFormEmailModal
Array
(
    [name] => gelibomenlo6420@mail.ru
    [phone] => 83922641293
    [formname] => Обратная связь
)

------------------------

------------------------
26.11.2023 18:56:24
CallbackFormEmailModal
Array
(
    [name] => pporascron1991@mail.ru
    [phone] => 81738148794
    [formname] => Обратная связь
)

------------------------

------------------------
26.11.2023 19:31:33
CallbackFormEmailModal
Array
(
    [name] => kaobkammid@mail.ru
    [phone] => 84116418117
    [formname] => Обратная связь
)

------------------------

------------------------
26.11.2023 19:50:28
CallbackFormEmailModal
Array
(
    [name] => tiocicie.4769@mail.ru
    [phone] => 87688296485
    [formname] => Обратная связь
)

------------------------

------------------------
26.11.2023 20:49:31
CallbackFormEmailModal
Array
(
    [name] => li94jzmxownowiu@rambler.ru
    [phone] => 84546387831
    [formname] => Обратная связь
)

------------------------

------------------------
26.11.2023 21:47:15
CallbackFormEmailModal
Array
(
    [name] => sugliellevimin7507@mail.ru
    [phone] => 82318498179
    [formname] => Обратная связь
)

------------------------

------------------------
26.11.2023 21:49:38
CallbackFormEmailModal
Array
(
    [name] => peposdaen@mail.ru
    [phone] => 81181258457
    [formname] => Обратная связь
)

------------------------

------------------------
26.11.2023 21:50:13
CallbackFormEmailModal
Array
(
    [name] => podaiclan_547@mail.ru
    [phone] => 82789331629
    [formname] => Обратная связь
)

------------------------

------------------------
26.11.2023 21:59:18
CallbackFormEmailModal
Array
(
    [name] => olesya.zhukova.1994@bk.ru
    [phone] => 83219481629
    [formname] => Обратная связь
)

------------------------

------------------------
26.11.2023 22:00:18
CallbackFormEmailModal
Array
(
    [name] => tosya.petrenko.02@mail.ru
    [phone] => 89562161331
    [formname] => Обратная связь
)

------------------------

------------------------
26.11.2023 22:07:13
CallbackFormEmailModal
Array
(
    [name] => ropolkingta@mail.ru
    [phone] => 81917482279
    [formname] => Обратная связь
)

------------------------

------------------------
26.11.2023 22:09:33
CallbackFormEmailModal
Array
(
    [name] => luomor@mail.ru
    [phone] => 89986513751
    [formname] => Обратная связь
)

------------------------

------------------------
26.11.2023 22:10:32
CallbackFormEmailModal
Array
(
    [name] => savepschok@mail.ru
    [phone] => 89515358167
    [formname] => Обратная связь
)

------------------------

------------------------
26.11.2023 22:10:59
CallbackFormEmailModal
Array
(
    [name] => nisakascha@mail.ru
    [phone] => 85414436786
    [formname] => Обратная связь
)

------------------------

------------------------
26.11.2023 22:13:04
CallbackFormEmailModal
Array
(
    [name] => sashunya.sergeev.2022@list.ru
    [phone] => 85149741177
    [formname] => Обратная связь
)

------------------------

------------------------
26.11.2023 22:13:17
CallbackFormEmailModal
Array
(
    [name] => puplanfuso@inbox.ru
    [phone] => 88715888426
    [formname] => Обратная связь
)

------------------------

------------------------
26.11.2023 22:14:43
CallbackFormEmailModal
Array
(
    [name] => invalopackman1863@mail.ru
    [phone] => 85644323452
    [formname] => Обратная связь
)

------------------------

------------------------
26.11.2023 22:19:07
CallbackFormEmailModal
Array
(
    [name] => pavel.sitdikov.88@mail.ru
    [phone] => 84125986436
    [formname] => Обратная связь
)

------------------------

------------------------
26.11.2023 22:20:07
CallbackFormEmailModal
Array
(
    [name] => koeshelons@mail.ru
    [phone] => 86216152255
    [formname] => Обратная связь
)

------------------------

------------------------
26.11.2023 22:21:41
CallbackFormEmailModal
Array
(
    [name] => woodbpurne1983@mail.ru
    [phone] => 81525673714
    [formname] => Обратная связь
)

------------------------

------------------------
26.11.2023 22:23:20
CallbackFormEmailModal
Array
(
    [name] => filimonov.ivan.1997.4.6@list.ru
    [phone] => 85111962248
    [formname] => Обратная связь
)

------------------------

------------------------
26.11.2023 22:23:45
CallbackFormEmailModal
Array
(
    [name] => william14turner28as@rambler.ru
    [phone] => 85647958823
    [formname] => Обратная связь
)

------------------------
