
------------------------
03.10.2022 0:28:49
CallbackFormEmailModal
Array
(
    [name] => eduard-vasilev-1968@list.ru
    [phone] => 86932937511
    [formname] => Обратная связь
)

------------------------

------------------------
03.10.2022 0:33:03
CallbackFormEmailModal
Array
(
    [name] => markova.katya.2018@bk.ru
    [phone] => 82515935229
    [formname] => Обратная связь
)

------------------------

------------------------
03.10.2022 2:02:04
CallbackFormEmailModal
Array
(
    [name] => ilina-anfiska@bk.ru
    [phone] => 81342275612
    [formname] => Обратная связь
)

------------------------

------------------------
03.10.2022 2:27:01
CallbackFormEmailModal
Array
(
    [name] => arkadiy_nikolaev_1988@inbox.ru
    [phone] => 89376186764
    [formname] => Обратная связь
)

------------------------

------------------------
03.10.2022 2:36:51
CallbackFormEmailModal
Array
(
    [name] => lebedevbajen94@bk.ru
    [phone] => 84337785742
    [formname] => Обратная связь
)

------------------------

------------------------
03.10.2022 2:38:52
CallbackFormEmailModal
Array
(
    [name] => semyon_orlov_1973@inbox.ru
    [phone] => 88582515353
    [formname] => Обратная связь
)

------------------------

------------------------
03.10.2022 2:44:46
CallbackFormEmailModal
Array
(
    [name] => tosha.sidorov.1994@bk.ru
    [phone] => 89535699759
    [formname] => Обратная связь
)

------------------------

------------------------
03.10.2022 2:54:11
CallbackFormEmailModal
Array
(
    [name] => evgeniyog6bir@mail.ru
    [phone] => 86782931293
    [formname] => Обратная связь
)

------------------------

------------------------
03.10.2022 3:11:20
CallbackFormEmailModal
Array
(
    [name] => ksyusha.belova.2020@mail.ru
    [phone] => 87357518956
    [formname] => Обратная связь
)

------------------------

------------------------
03.10.2022 3:14:13
CallbackFormEmailModal
Array
(
    [name] => kseniya_efimova_1988@inbox.ru
    [phone] => 87351361564
    [formname] => Обратная связь
)

------------------------

------------------------
03.10.2022 3:37:05
CallbackFormEmailModal
Array
(
    [name] => arkadiy_nikolaev_1988@inbox.ru
    [phone] => 88254878853
    [formname] => Обратная связь
)

------------------------

------------------------
03.10.2022 3:41:27
CallbackFormEmailModal
Array
(
    [name] => antosha-smirnov-83@inbox.ru
    [phone] => 86389356892
    [formname] => Обратная связь
)

------------------------

------------------------
03.10.2022 4:18:53
CallbackFormEmailModal
Array
(
    [name] => roksana.borisova.70@mail.ru
    [phone] => 84957864866
    [formname] => Обратная связь
)

------------------------

------------------------
03.10.2022 5:25:50
CallbackFormEmailModal
Array
(
    [name] => dirbaz48888@bk.ru
    [phone] => 79917359520
    [formname] => Обратная связь
)

------------------------

------------------------
03.10.2022 12:30:42
CallbackFormEmailModal
Array
(
    [name] => bigykevy_69@hotmail.com
    [phone] => 89297646997
    [formname] => Обратная связь
)

------------------------

------------------------
03.10.2022 17:03:22
CallbackFormEmailModal
Array
(
    [name] => netcihollconf197117@rambler.ru
    [phone] => +71231234567
    [formname] => Обратная связь
)

------------------------
