
------------------------
28.08.2022 13:27:50
CallbackFormEmailModal
Array
(
    [name] => ynatoya7cowoi7c313ky@outlook.com
    [phone] => ynatoya7cowoi7c313ky@outlook.com
    [formname] => Обратная связь
)

------------------------

------------------------
28.08.2022 13:27:56
CallbackFormEmailModal
Array
(
    [name] => ynatoya7cowoi7c313ky@outlook.com
    [phone] => ynatoya7cowoi7c313ky@outlook.com
    [formname] => Обратная связь
)

------------------------

------------------------
28.08.2022 17:22:08
CallbackFormEmailModal
Array
(
    [name] => andreyvpetrov132435@gmail.com
    [phone] => 83935291752
    [formname] => Обратная связь
)

------------------------
