
------------------------
28.07.2025 1:09:16
CallbackFormEmailModal
Array
(
    [name] => admin@progonx.fun
    [phone] => 85625943766
    [formname] => Обратная связь
)

------------------------

------------------------
28.07.2025 5:08:49
CallbackFormEmailModal
Array
(
    [name] => nefedrogov985783@mail.ru
    [phone] => 81439464753
    [formname] => Обратная связь
)

------------------------

------------------------
28.07.2025 5:35:34
CallbackFormEmailModal
Array
(
    [name] => podaiclan_547@mail.ru
    [phone] => 87697478638
    [formname] => Обратная связь
)

------------------------

------------------------
28.07.2025 5:40:51
CallbackFormEmailModal
Array
(
    [name] => subbotinalenara88@mail.ru
    [phone] => 81973996957
    [formname] => Обратная связь
)

------------------------

------------------------
28.07.2025 5:46:41
CallbackFormEmailModal
Array
(
    [name] => musaev.misha.1982.3.5@list.ru
    [phone] => 88897635137
    [formname] => Обратная связь
)

------------------------

------------------------
28.07.2025 5:46:57
CallbackFormEmailModal
Array
(
    [name] => amabil.6002@mail.ru
    [phone] => 89467412642
    [formname] => Обратная связь
)

------------------------

------------------------
28.07.2025 5:48:18
CallbackFormEmailModal
Array
(
    [name] => tacusol-6816@mail.ru
    [phone] => 83893913198
    [formname] => Обратная связь
)

------------------------

------------------------
28.07.2025 5:55:43
CallbackFormEmailModal
Array
(
    [name] => kharalampiimartyshkin@mail.ru
    [phone] => 82181682219
    [formname] => Обратная связь
)

------------------------

------------------------
28.07.2025 5:58:23
CallbackFormEmailModal
Array
(
    [name] => anya.genger@mail.ru
    [phone] => 88975469869
    [formname] => Обратная связь
)

------------------------

------------------------
28.07.2025 6:01:51
CallbackFormEmailModal
Array
(
    [name] => karina_platonova_31068@mail.ru
    [phone] => 89879436357
    [formname] => Обратная связь
)

------------------------

------------------------
28.07.2025 6:11:42
CallbackFormEmailModal
Array
(
    [name] => ziminbertold1990@bk.ru
    [phone] => 84671457426
    [formname] => Обратная связь
)

------------------------

------------------------
28.07.2025 8:16:01
CallbackFormEmailModal
Array
(
    [name] => yandexmarkets@anonmails.de
    [phone] => 81325227397
    [formname] => Обратная связь
)

------------------------

------------------------
28.07.2025 12:51:51
CallbackFormEmailModal
Array
(
    [name] => jonnytape@topworldnewstoday.com
    [phone] => 87673265622
    [formname] => Обратная связь
)

------------------------

------------------------
28.07.2025 17:27:15
CallbackFormEmailModal
Array
(
    [name] => jisankape@list.ru
    [phone] => 86855192259
    [formname] => Обратная связь
)

------------------------

------------------------
28.07.2025 17:45:15
CallbackFormEmailModal
Array
(
    [name] => deacren@mail.ru
    [phone] => 87175249891
    [formname] => Обратная связь
)

------------------------

------------------------
28.07.2025 17:52:37
CallbackFormEmailModal
Array
(
    [name] => prohor.zlobin.14.11.1987@mail.ru
    [phone] => 88694559136
    [formname] => Обратная связь
)

------------------------

------------------------
28.07.2025 17:53:50
CallbackFormEmailModal
Array
(
    [name] => stapuntril1990@mail.ru
    [phone] => 82382912462
    [formname] => Обратная связь
)

------------------------

------------------------
28.07.2025 17:53:59
CallbackFormEmailModal
Array
(
    [name] => placnacidown1989@mail.ru
    [phone] => 81317199212
    [formname] => Обратная связь
)

------------------------

------------------------
28.07.2025 17:59:30
CallbackFormEmailModal
Array
(
    [name] => varvara.nikolaeva.23.8.1964@mail.ru
    [phone] => 83644752183
    [formname] => Обратная связь
)

------------------------

------------------------
28.07.2025 18:04:01
CallbackFormEmailModal
Array
(
    [name] => gunlekingovertcon@mail.ru
    [phone] => 85718237648
    [formname] => Обратная связь
)

------------------------

------------------------
28.07.2025 18:12:55
CallbackFormEmailModal
Array
(
    [name] => nadezhda_smirnova_26801@mail.ru
    [phone] => 83172325577
    [formname] => Обратная связь
)

------------------------

------------------------
28.07.2025 18:16:45
CallbackFormEmailModal
Array
(
    [name] => dzhavgorat-tashdemirov1981@mail.ru
    [phone] => 88949128619
    [formname] => Обратная связь
)

------------------------

------------------------
28.07.2025 18:28:04
CallbackFormEmailModal
Array
(
    [name] => combontsegal37@mail.ru
    [phone] => 89287671496
    [formname] => Обратная связь
)

------------------------

------------------------
28.07.2025 18:43:50
CallbackFormEmailModal
Array
(
    [name] => polyakovdanila19908366@mail.ru
    [phone] => 84658378332
    [formname] => Обратная связь
)

------------------------

------------------------
28.07.2025 18:48:02
CallbackFormEmailModal
Array
(
    [name] => bikon777@rambler.ru
    [phone] => 83345944535
    [formname] => Обратная связь
)

------------------------

------------------------
28.07.2025 18:55:21
CallbackFormEmailModal
Array
(
    [name] => w.o.o.df.or.d.j.ame.so.n.4.@gmail.com
    [phone] => 82274622115
    [formname] => Обратная связь
)

------------------------

------------------------
28.07.2025 19:06:24
CallbackFormEmailModal
Array
(
    [name] => sinevhabibi664@bk.ru
    [phone] => 84259273189
    [formname] => Обратная связь
)

------------------------

------------------------
28.07.2025 19:39:38
CallbackFormEmailModal
Array
(
    [name] => akindinkudryashov6842@mail.ru
    [phone] => 82182883568
    [formname] => Обратная связь
)

------------------------

------------------------
28.07.2025 20:00:52
CallbackFormEmailModal
Array
(
    [name] => guerfupe@mail.ru
    [phone] => 89438812975
    [formname] => Обратная связь
)

------------------------
