
------------------------
24.12.2025 7:16:53
CallbackFormEmailModal
Array
(
    [name] => raregreen@inbox.lv
    [phone] => 83688452463
    [formname] => Обратная связь
)

------------------------

------------------------
24.12.2025 12:19:48
CallbackFormEmailModal
Array
(
    [name] => zekisuquc419@gmail.com
    [phone] => 88794568929
    [formname] => Обратная связь
)

------------------------

------------------------
24.12.2025 15:39:43
CallbackFormEmailModal
Array
(
    [name] => stapuntril1990@mail.ru
    [phone] => 84859136744
    [formname] => Обратная связь
)

------------------------
