
------------------------
05.05.2023 1:31:01
CallbackFormEmailModal
Array
(
    [name] => werso078200iu@rambler.ru
    [phone] => 89825369879
    [formname] => Обратная связь
)

------------------------

------------------------
05.05.2023 4:26:27
CallbackFormEmailModal
Array
(
    [name] => cori_matero37@rambler.ru
    [phone] => 83722385767
    [formname] => Обратная связь
)

------------------------

------------------------
05.05.2023 6:45:06
CallbackFormEmailModal
Array
(
    [name] => vqjhobrt@mail.ru
    [phone] => +791234567562
    [formname] => Обратная связь
)

------------------------

------------------------
05.05.2023 7:10:45
CallbackFormEmailModal
Array
(
    [name] => ca7dmarvel@outlook.com
    [phone] => 86623195496
    [formname] => Обратная связь
)

------------------------

------------------------
05.05.2023 8:23:13
CallbackFormEmailModal
Array
(
    [name] => werso079700iu@rambler.ru
    [phone] => 85652166331
    [formname] => Обратная связь
)

------------------------

------------------------
05.05.2023 13:17:27
CallbackFormEmailModal
Array
(
    [name] => zelatcol@gmail.com
    [phone] => 83568988366
    [formname] => Обратная связь
)

------------------------

------------------------
05.05.2023 14:24:56
CallbackFormEmailModal
Array
(
    [name] => trapantuthah1516@imails.site

    [phone] => 84763136187
    [formname] => Обратная связь
)

------------------------

------------------------
05.05.2023 17:07:34
CallbackFormEmailModal
Array
(
    [name] => ffes444@yandex.ru
    [phone] => 84312654525
    [formname] => Обратная связь
)

------------------------

------------------------
05.05.2023 18:15:29
CallbackFormEmailModal
Array
(
    [name] => vilborn.off@gmail.com
    [phone] => 82746473211
    [formname] => Обратная связь
)

------------------------

------------------------
05.05.2023 18:30:43
CallbackFormEmailModal
Array
(
    [name] => demtekoodiemr@gmx.com
    [phone] => 88319776476
    [formname] => Обратная связь
)

------------------------

------------------------
05.05.2023 22:41:58
CallbackFormEmailModal
Array
(
    [name] => kka.s.h.hurr.le.y@gmail.com
    [phone] => 84552633473
    [formname] => Обратная связь
)

------------------------
