
------------------------
19.12.2022 0:39:57
CallbackFormEmailModal
Array
(
    [name] => zelatcol@gmail.com
    [phone] => 87695917564
    [formname] => Обратная связь
)

------------------------

------------------------
19.12.2022 0:46:30
CallbackFormEmailModal
Array
(
    [name] => bbaz-14888@bk.ru
    [phone] => 79990042883
    [formname] => Обратная связь
)

------------------------

------------------------
19.12.2022 5:06:15
CallbackFormEmailModal
Array
(
    [name] => emamo.n.o.va.5.62@gmail.com
    [phone] => 87645791593
    [formname] => Обратная связь
)

------------------------

------------------------
19.12.2022 5:43:30
CallbackFormEmailModal
Array
(
    [name] => nikitac.shmelevhco@mail.ru
    [phone] => 87724747362
    [formname] => Обратная связь
)

------------------------

------------------------
19.12.2022 6:17:33
CallbackFormEmailModal
Array
(
    [name] => stani5lavkornilov00stanislav@yandex.com
    [phone] => 85327885577
    [formname] => Обратная связь
)

------------------------

------------------------
19.12.2022 8:15:41
CallbackFormEmailModal
Array
(
    [name] => Acciply@1tetris.ru
    [phone] => 82441672882
    [formname] => Обратная связь
)

------------------------

------------------------
19.12.2022 12:00:24
CallbackFormEmailModal
Array
(
    [name] => nikolinagenovskaya@yandex.ru
    [phone] => 81274539891
    [formname] => Обратная связь
)

------------------------

------------------------
19.12.2022 16:42:21
CallbackFormEmailModal
Array
(
    [name] => arkhipd.subbotinavd@mail.ru
    [phone] => 82632259129
    [formname] => Обратная связь
)

------------------------

------------------------
19.12.2022 17:27:49
CallbackFormEmailModal
Array
(
    [name] => Eric Jones
    [phone] => 555-555-1212
    [formname] => Обратная связь
)

------------------------

------------------------
19.12.2022 20:01:19
CallbackFormEmailModal
Array
(
    [name] => inessa675@mailbx.ru
    [phone] => 83227342224
    [formname] => Обратная связь
)

------------------------

------------------------
19.12.2022 20:08:05
CallbackFormEmailModal
Array
(
    [name] => Copsheesk@topnewmail.xyz
    [phone] => 81147625978
    [formname] => Обратная связь
)

------------------------
