
------------------------
13.08.2025 8:57:04
CallbackFormEmailModal
Array
(
    [name] => test@gmail.com
    [phone] => 84646552546
    [formname] => Обратная связь
)

------------------------

------------------------
13.08.2025 10:36:26
CallbackFormEmailModal
Array
(
    [name] => winsatall4ever@gmail.com
    [phone] => 83837963223
    [formname] => Обратная связь
)

------------------------

------------------------
13.08.2025 16:08:23
CallbackFormEmailModal
Array
(
    [name] => yourmail@gmail.com
    [phone] => 86852624734
    [formname] => Обратная связь
)

------------------------

------------------------
13.08.2025 16:44:52
CallbackFormEmailModal
Array
(
    [name] => semuldons@int.pl
    [phone] => 83637634175
    [formname] => Обратная связь
)

------------------------

------------------------
13.08.2025 18:21:06
CallbackFormEmailModal
Array
(
    [name] => help@gwmetabitt.com
    [phone] => 82717452182
    [formname] => Обратная связь
)

------------------------

------------------------
13.08.2025 20:07:20
CallbackFormEmailModal
Array
(
    [name] => sergowor.king7.1.8@gmail.com
    [phone] => 85178575729
    [formname] => Обратная связь
)

------------------------

------------------------
13.08.2025 23:30:36
CallbackFormEmailModal
Array
(
    [name] => marketingseosea@gmail.com
    [phone] => 83768134886
    [formname] => Обратная связь
)

------------------------

------------------------
13.08.2025 23:40:36
CallbackFormEmailModal
Array
(
    [name] => andrey.don.x@gmail.com
    [phone] => 85845528658
    [formname] => Обратная связь
)

------------------------
