
------------------------
25.08.2024 0:21:35
CallbackFormEmailModal
Array
(
    [name] => george13@xrevelxr.com
    [phone] => 86989399244
    [formname] => Обратная связь
)

------------------------

------------------------
25.08.2024 0:27:46
CallbackFormEmailModal
Array
(
    [name] => thomdeorespu1982@op.pl
    [phone] => 84829879294
    [formname] => Обратная связь
)

------------------------

------------------------
25.08.2024 3:23:34
CallbackFormEmailModal
Array
(
    [name] => 1q0nbg4km@mozmail.com
    [phone] => 86996197158
    [formname] => Обратная связь
)

------------------------

------------------------
25.08.2024 4:01:40
CallbackFormEmailModal
Array
(
    [name] => katrel@mumland.ru
    [phone] => 87853126292
    [formname] => Обратная связь
)

------------------------

------------------------
25.08.2024 11:14:56
CallbackFormEmailModal
Array
(
    [name] => allan7@xrevelxr.com
    [phone] => 81523879551
    [formname] => Обратная связь
)

------------------------

------------------------
25.08.2024 11:46:23
CallbackFormEmailModal
Array
(
    [name] => 55031y4d@freewmail.com
    [phone] => 87772656166
    [formname] => Обратная связь
)

------------------------

------------------------
25.08.2024 11:47:06
CallbackFormEmailModal
Array
(
    [name] => yhs06xds@wmailfree.com
    [phone] => 88987436179
    [formname] => Обратная связь
)

------------------------

------------------------
25.08.2024 14:59:49
CallbackFormEmailModal
Array
(
    [name] => xrumer23Kip@gmail.com
    [phone] => 86534819368
    [formname] => Обратная связь
)

------------------------

------------------------
25.08.2024 17:34:46
CallbackFormEmailModal
Array
(
    [name] => qaadams0@yandex.com
    [phone] => 84338296793
    [formname] => Обратная связь
)

------------------------

------------------------
25.08.2024 19:20:08
CallbackFormEmailModal
Array
(
    [name] => verlesmaketobrens@gmail.com
    [phone] => 82622471857
    [formname] => Обратная связь
)

------------------------

------------------------
25.08.2024 21:28:02
CallbackFormEmailModal
Array
(
    [name] => reonihealthter1987@op.pl
    [phone] => 81457848125
    [formname] => Обратная связь
)

------------------------

------------------------
25.08.2024 23:43:26
CallbackFormEmailModal
Array
(
    [name] => www@mail.ru
    [phone] => 86478634897
    [formname] => Обратная связь
)

------------------------
