
------------------------
11.08.2023 3:50:23
CallbackFormEmailModal
Array
(
    [name] => tebvscbjbtyf@mail.ru
    [phone] => +79123456478
    [formname] => Обратная связь
)

------------------------

------------------------
11.08.2023 6:52:53
CallbackFormEmailModal
Array
(
    [name] => gonemalyvina@yandex.ru
    [phone] => 86729541946
    [formname] => Обратная связь
)

------------------------

------------------------
11.08.2023 10:17:33
CallbackFormEmailModal
Array
(
    [name] => kuvnrcq@course-fitness.com
    [phone] => 86125342258
    [formname] => Обратная связь
)

------------------------

------------------------
11.08.2023 16:53:18
CallbackFormEmailModal
Array
(
    [name] => 15000kzaim@mail.ru
    [phone] => 87855474783
    [formname] => Обратная связь
)

------------------------

------------------------
11.08.2023 21:21:56
CallbackFormEmailModal
Array
(
    [name] => thomasedwards816910937@outlook.com
    [phone] => 86378234616
    [formname] => Обратная связь
)

------------------------

------------------------
11.08.2023 21:50:52
CallbackFormEmailModal
Array
(
    [name] => werso075700iu@rambler.ru
    [phone] => 83896114473
    [formname] => Обратная связь
)

------------------------

------------------------
11.08.2023 21:53:10
CallbackFormEmailModal
Array
(
    [name] => mikeBraivami@gmail.com
    [phone] => 89423559794
    [formname] => Обратная связь
)

------------------------

------------------------
11.08.2023 22:32:53
CallbackFormEmailModal
Array
(
    [name] => ann@fast2mail.site
    [phone] => 88179844899
    [formname] => Обратная связь
)

------------------------

------------------------
11.08.2023 23:05:31
CallbackFormEmailModal
Array
(
    [name] => cqurys@outlook.com
    [phone] => 87689368526
    [formname] => Обратная связь
)

------------------------
