
------------------------
30.03.2025 0:03:10
CallbackFormEmailModal
Array
(
    [name] => mike@monkeydigital.co
    [phone] => 83779796816
    [formname] => Обратная связь
)

------------------------

------------------------
30.03.2025 1:28:06
CallbackFormEmailModal
Array
(
    [name] => Eric Jones
    [phone] => US
    [formname] => Обратная связь
)

------------------------

------------------------
30.03.2025 2:07:43
CallbackFormEmailModal
Array
(
    [name] => yourmail@gmail.com
    [phone] => 81258355973
    [formname] => Обратная связь
)

------------------------

------------------------
30.03.2025 6:56:30
CallbackFormEmailModal
Array
(
    [name] => Jo Riggs
    [phone] => UK
    [formname] => Обратная связь
)

------------------------

------------------------
30.03.2025 7:04:13
CallbackFormEmailModal
Array
(
    [name] => haroldtip@mail.ru
    [phone] => 87956927993
    [formname] => Обратная связь
)

------------------------

------------------------
30.03.2025 7:33:39
CallbackFormEmailModal
Array
(
    [name] => yourmail@yandex.ru
    [phone] => 87137475496
    [formname] => Обратная связь
)

------------------------

------------------------
30.03.2025 12:25:04
CallbackFormEmailModal
Array
(
    [name] => slandrethm@gmail.com
    [phone] => 83862691418
    [formname] => Обратная связь
)

------------------------

------------------------
30.03.2025 12:36:31
CallbackFormEmailModal
Array
(
    [name] => musaev.misha.1982.3.5@list.ru
    [phone] => 87187856531
    [formname] => Обратная связь
)

------------------------

------------------------
30.03.2025 12:40:31
CallbackFormEmailModal
Array
(
    [name] => inna.kortneva.69@mail.ru
    [phone] => 88171675553
    [formname] => Обратная связь
)

------------------------

------------------------
30.03.2025 12:41:56
CallbackFormEmailModal
Array
(
    [name] => anya.genger@mail.ru
    [phone] => 89738161759
    [formname] => Обратная связь
)

------------------------

------------------------
30.03.2025 12:42:21
CallbackFormEmailModal
Array
(
    [name] => danilovavita9@mail.ru
    [phone] => 83957994778
    [formname] => Обратная связь
)

------------------------

------------------------
30.03.2025 12:43:39
CallbackFormEmailModal
Array
(
    [name] => subbotinalenara88@mail.ru
    [phone] => 82995918791
    [formname] => Обратная связь
)

------------------------

------------------------
30.03.2025 12:44:21
CallbackFormEmailModal
Array
(
    [name] => kharitonovaezi1987@mail.ru
    [phone] => 86291378628
    [formname] => Обратная связь
)

------------------------

------------------------
30.03.2025 12:46:22
CallbackFormEmailModal
Array
(
    [name] => stapuntril1990@mail.ru
    [phone] => 86248344836
    [formname] => Обратная связь
)

------------------------

------------------------
30.03.2025 12:48:18
CallbackFormEmailModal
Array
(
    [name] => pavel.sitdikov.88@mail.ru
    [phone] => 85497914784
    [formname] => Обратная связь
)

------------------------

------------------------
30.03.2025 12:49:49
CallbackFormEmailModal
Array
(
    [name] => filimonov.ivan.1997.4.6@list.ru
    [phone] => 87686457129
    [formname] => Обратная связь
)

------------------------

------------------------
30.03.2025 12:55:40
CallbackFormEmailModal
Array
(
    [name] => sinevhabibi664@bk.ru
    [phone] => 81598945797
    [formname] => Обратная связь
)

------------------------

------------------------
30.03.2025 12:57:32
CallbackFormEmailModal
Array
(
    [name] => nifontmarkov1987@mail.ru
    [phone] => 82891186264
    [formname] => Обратная связь
)

------------------------

------------------------
30.03.2025 13:01:40
CallbackFormEmailModal
Array
(
    [name] => gunlekingovertcon@mail.ru
    [phone] => 85967713797
    [formname] => Обратная связь
)

------------------------

------------------------
30.03.2025 13:01:41
CallbackFormEmailModal
Array
(
    [name] => woodbpurne1983@mail.ru
    [phone] => 81979261846
    [formname] => Обратная связь
)

------------------------

------------------------
30.03.2025 13:01:41
CallbackFormEmailModal
Array
(
    [name] => polyakovdanila19908366@mail.ru
    [phone] => 84333291218
    [formname] => Обратная связь
)

------------------------

------------------------
30.03.2025 13:05:54
CallbackFormEmailModal
Array
(
    [name] => terjetade1977@mail.ru
    [phone] => 89939244664
    [formname] => Обратная связь
)

------------------------

------------------------
30.03.2025 13:05:54
CallbackFormEmailModal
Array
(
    [name] => laisumake186@mail.ru
    [phone] => 88428952572
    [formname] => Обратная связь
)

------------------------

------------------------
30.03.2025 13:59:07
CallbackFormEmailModal
Array
(
    [name] => iqablala1980858@mail.ru
    [phone] => 88944876451
    [formname] => Обратная связь
)

------------------------

------------------------
30.03.2025 14:00:05
CallbackFormEmailModal
Array
(
    [name] => yulya.onipchenko.88@mail.ru
    [phone] => 82123246411
    [formname] => Обратная связь
)

------------------------

------------------------
30.03.2025 14:04:49
CallbackFormEmailModal
Array
(
    [name] => naphtloxua-5550@mail.ru
    [phone] => 82177318465
    [formname] => Обратная связь
)

------------------------

------------------------
30.03.2025 14:09:10
CallbackFormEmailModal
Array
(
    [name] => edgorshchepetilnikov@mail.ru
    [phone] => 81372843692
    [formname] => Обратная связь
)

------------------------

------------------------
30.03.2025 14:16:06
CallbackFormEmailModal
Array
(
    [name] => rais.shchigelskaya2002@mail.ru
    [phone] => 88335954279
    [formname] => Обратная связь
)

------------------------

------------------------
30.03.2025 15:20:56
CallbackFormEmailModal
Array
(
    [name] => dolnovam@mail.ru
    [phone] => 85978926783
    [formname] => Обратная связь
)

------------------------

------------------------
30.03.2025 15:34:33
CallbackFormEmailModal
Array
(
    [name] => dzhavgorat-tashdemirov1981@mail.ru
    [phone] => 89217165544
    [formname] => Обратная связь
)

------------------------

------------------------
30.03.2025 15:35:37
CallbackFormEmailModal
Array
(
    [name] => mark.moshchenskiy.90@mail.ru
    [phone] => 85388775428
    [formname] => Обратная связь
)

------------------------

------------------------
30.03.2025 15:36:31
CallbackFormEmailModal
Array
(
    [name] => combontsegal37@mail.ru
    [phone] => 81143611337
    [formname] => Обратная связь
)

------------------------

------------------------
30.03.2025 17:18:48
CallbackFormEmailModal
Array
(
    [name] => alpha-pvp@cocaine-toshkent.online
    [phone] => 88654289969
    [formname] => Обратная связь
)

------------------------

------------------------
30.03.2025 17:27:35
CallbackFormEmailModal
Array
(
    [name] => v.y.er.y.shanik.k.y.a@gmail.com

    [phone] => Claim $14104 In Bitcoin Rewards Instantly. Click To Start
 >>> https://t.me/+pawo3ju  #Lolllukazzzur333
 <<<
    [formname] => Обратная связь
)

------------------------

------------------------
30.03.2025 18:11:01
CallbackFormEmailModal
Array
(
    [name] => gashish@cocaine-toshkent.online
    [phone] => 89568174611
    [formname] => Обратная связь
)

------------------------

------------------------
30.03.2025 19:04:40
CallbackFormEmailModal
Array
(
    [name] => gashish-moskow@russia-cocaine-kypit.online
    [phone] => 84614793213
    [formname] => Обратная связь
)

------------------------

------------------------
30.03.2025 21:26:29
CallbackFormEmailModal
Array
(
    [name] => Eric Jones
    [phone] => US
    [formname] => Обратная связь
)

------------------------
