
------------------------
09.11.2022 1:05:34
CallbackFormEmailModal
Array
(
    [name] => spbetcas770@gmail.com
    [phone] => 84726341822
    [formname] => Обратная связь
)

------------------------

------------------------
09.11.2022 4:11:16
CallbackFormEmailModal
Array
(
    [name] => ksyushakalinina1972@list.ru
    [phone] => 83368323555
    [formname] => Обратная связь
)

------------------------

------------------------
09.11.2022 10:45:22
CallbackFormEmailModal
Array
(
    [name] => vtdfp0fy@96v6.com
    [phone] => 88727151394
    [formname] => Обратная связь
)

------------------------

------------------------
09.11.2022 15:01:32
CallbackFormEmailModal
Array
(
    [name] => luk.in.ov.ic.h.2.02.21.3.55@gmail.com

    [phone] => 85779935943
    [formname] => Обратная связь
)

------------------------

------------------------
09.11.2022 18:42:32
CallbackFormEmailModal
Array
(
    [name] => sheltoncristian.8.9.8@gmail.com
    [phone] => 82465134588
    [formname] => Обратная связь
)

------------------------

------------------------
09.11.2022 18:43:21
CallbackFormEmailModal
Array
(
    [name] => sheltoncristian.8.98@gmail.com
    [phone] => 87894661762
    [formname] => Обратная связь
)

------------------------
