
------------------------
22.10.2024 0:27:12
CallbackFormEmailModal
Array
(
    [name] => werso067iu@rambler.ru
    [phone] => 85862638375
    [formname] => Обратная связь
)

------------------------

------------------------
22.10.2024 1:05:07
CallbackFormEmailModal
Array
(
    [name] => xrumer23Kip@gmail.com
    [phone] => 87921922426
    [formname] => Обратная связь
)

------------------------

------------------------
22.10.2024 6:18:19
CallbackFormEmailModal
Array
(
    [name] => olthumhevel@rudiplomust.com
    [phone] => 83867532517
    [formname] => Обратная связь
)

------------------------

------------------------
22.10.2024 7:46:00
CallbackFormEmailModal
Array
(
    [name] => jamescook312@outlook.com
    [phone] => 81859873292
    [formname] => Обратная связь
)

------------------------

------------------------
22.10.2024 8:40:56
CallbackFormEmailModal
Array
(
    [name] => rtjbvyraqel@rudiplomust.com
    [phone] => 83964351387
    [formname] => Обратная связь
)

------------------------

------------------------
22.10.2024 9:12:39
CallbackFormEmailModal
Array
(
    [name] => hjk2419@mail.ru
    [phone] => 84734999989
    [formname] => Обратная связь
)

------------------------

------------------------
22.10.2024 10:37:45
CallbackFormEmailModal
Array
(
    [name] => enenenap1977@op.pl
    [phone] => 81847583582
    [formname] => Обратная связь
)

------------------------

------------------------
22.10.2024 14:04:18
CallbackFormEmailModal
Array
(
    [name] => werso067iu@rambler.ru
    [phone] => 87267795999
    [formname] => Обратная связь
)

------------------------

------------------------
22.10.2024 15:18:58
CallbackFormEmailModal
Array
(
    [name] => werso018iu@rambler.ru
    [phone] => 81931855437
    [formname] => Обратная связь
)

------------------------

------------------------
22.10.2024 21:53:14
CallbackFormEmailModal
Array
(
    [name] => werso067iu@rambler.ru
    [phone] => 85872971557
    [formname] => Обратная связь
)

------------------------

------------------------
22.10.2024 22:29:13
CallbackFormEmailModal
Array
(
    [name] => anna.siverova@mail.ru
    [phone] => 84482169887
    [formname] => Обратная связь
)

------------------------

------------------------
22.10.2024 23:24:00
CallbackFormEmailModal
Array
(
    [name] => hnjwgnoqpel@rudiplomust.com
    [phone] => 82191884286
    [formname] => Обратная связь
)

------------------------
