
------------------------
17.08.2024 4:31:38
CallbackFormEmailModal
Array
(
    [name] => sawdhan@eunews24x7.com
    [phone] => 82925487474
    [formname] => Обратная связь
)

------------------------

------------------------
17.08.2024 4:50:45
CallbackFormEmailModal
Array
(
    [name] => leobertes@outlook.com
    [phone] => 85166368556
    [formname] => Обратная связь
)

------------------------

------------------------
17.08.2024 8:07:10
CallbackFormEmailModal
Array
(
    [name] => quisypopcand1986@op.pl
    [phone] => 82687761387
    [formname] => Обратная связь
)

------------------------

------------------------
17.08.2024 8:26:10
CallbackFormEmailModal
Array
(
    [name] => admin@bohemia-tor-market.com
    [phone] => 82458437545
    [formname] => Обратная связь
)

------------------------

------------------------
17.08.2024 9:10:22
CallbackFormEmailModal
Array
(
    [name] => ytlhwlwrgh@rambler.ru
    [phone] => +71231234567
    [formname] => Обратная связь
)

------------------------

------------------------
17.08.2024 10:18:06
CallbackFormEmailModal
Array
(
    [name] => fiemimamo1989@op.pl
    [phone] => 83912669583
    [formname] => Обратная связь
)

------------------------

------------------------
17.08.2024 14:09:57
CallbackFormEmailModal
Array
(
    [name] => mikeAlburnern@gmail.com
    [phone] => 88211458644
    [formname] => Обратная связь
)

------------------------

------------------------
17.08.2024 15:19:31
CallbackFormEmailModal
Array
(
    [name] => megaboommegaboom@yandex.com
    [phone] => 82984181991
    [formname] => Обратная связь
)

------------------------

------------------------
17.08.2024 16:16:29
CallbackFormEmailModal
Array
(
    [name] => subareto1988@op.pl
    [phone] => 84947142597
    [formname] => Обратная связь
)

------------------------

------------------------
17.08.2024 16:40:48
CallbackFormEmailModal
Array
(
    [name] => xrumer23Kip@gmail.com
    [phone] => 82872153268
    [formname] => Обратная связь
)

------------------------

------------------------
17.08.2024 19:09:10
CallbackEmailModal
Array
(
    [name] => a.m.s.t.erdamvp.s@gmail.com
    [phone] => 88931117933
    [comment] => Название продуката: Решетчатый настил P 33х11/30х2 Zn 800х1000 мм
Комменатрий: Смотри Ютуб через удалённый сервер в Aмстердаме на огромной скорости 
 
Регистрируйся!        https://www.vdsina.com/?partner=45s5fn4exi 
Выбери: 
Стандартные серверы 
Windows server и (кнопка создать) 
Действует скидка 10% 
 
VPS servers in Amsterdam, from $0.27 
There is a 10% discount 
https://www.vdsina.com/?partner=45s5fn4exi
    [formname] => Задать вопрос по товару
)

------------------------

------------------------
17.08.2024 19:11:39
CallbackFormEmailModal
Array
(
    [name] => cocaines@kypit-kokain-v-ukraine.space
    [phone] => 83412395859
    [formname] => Обратная связь
)

------------------------

------------------------
17.08.2024 20:03:47
CallbackFormEmailModal
Array
(
    [name] => maisafasla1987@op.pl
    [phone] => 82743142965
    [formname] => Обратная связь
)

------------------------
