
------------------------
25.05.2023 4:03:58
CallbackFormEmailModal
Array
(
    [name] => vqjhobrt@mail.ru
    [phone] => +791234567318
    [formname] => Обратная связь
)

------------------------

------------------------
25.05.2023 6:04:34
CallbackFormEmailModal
Array
(
    [name] => hobmolire197648@rambler.ru
    [phone] => 8 925 935 17 14
    [formname] => Обратная связь
)

------------------------

------------------------
25.05.2023 6:06:39
CallbackFormEmailModal
Array
(
    [name] => omkecucrai197624@rambler.ru
    [phone] => +79151772462
    [formname] => Обратная связь
)

------------------------

------------------------
25.05.2023 15:32:05
CallbackFormEmailModal
Array
(
    [name] => maximmad222@yandex.ru
    [phone] => 89163837567
    [formname] => Обратная связь
)

------------------------

------------------------
25.05.2023 20:40:11
CallbackFormEmailModal
Array
(
    [name] => whitehornmarysa922@outlook.com
    [phone] => 81455716987
    [formname] => Обратная связь
)

------------------------
