
------------------------
30.09.2021 13:12:53
Order
Array
(
    [name] => Вардикян Арман
    [email] => 
    [phone] => +7-925-031-2596
    [comment] => Бетонные лотки BGZ-S DN300, кол-во: 1, цена: 5885руб.
Способ доставки: Самовывоз со склада
Выберите способ оплаты: Оплата наличным
Адрес доставки: Агрогородок, владение 78

Комментарий к заказу: 

    [formname] => Заказ из корзины
    [fields] => Array
        (
            [price] => 5885
        )

)

------------------------

------------------------
30.09.2021 15:22:48
CallbackFormEmailModal
Array
(
    [name] => xejew20192@secbuf.com
    [phone] => 88135935839
    [formname] => Обратная связь
)

------------------------
