
------------------------
02.03.2025 0:47:32
CallbackFormEmailModal
Array
(
    [name] => info@strictlydigital.net
    [phone] => 82172224682
    [formname] => Обратная связь
)

------------------------

------------------------
02.03.2025 1:02:33
CallbackFormEmailModal
Array
(
    [name] => mailcrypt@lordgames.ru
    [phone] => 86712957187
    [formname] => Обратная связь
)

------------------------

------------------------
02.03.2025 4:06:17
CallbackFormEmailModal
Array
(
    [name] => evgenevna5qdk@gmail.com
    [phone] => 87575653162
    [formname] => Обратная связь
)

------------------------

------------------------
02.03.2025 4:43:42
CallbackFormEmailModal
Array
(
    [name] => mike@monkeydigital.co
    [phone] => 86413177882
    [formname] => Обратная связь
)

------------------------

------------------------
02.03.2025 5:17:02
CallbackFormEmailModal
Array
(
    [name] => jokst0r69@web.de
    [phone] => 88319229683
    [formname] => Обратная связь
)

------------------------

------------------------
02.03.2025 7:02:39
CallbackFormEmailModal
Array
(
    [name] => m.ar.ion.new.to.n.6.1.86.@gmail.com
    [phone] => 84973597968
    [formname] => Обратная связь
)

------------------------

------------------------
02.03.2025 7:10:26
CallbackFormEmailModal
Array
(
    [name] => sioguama@gismail.online

    [phone] => 87483397847
    [formname] => Обратная связь
)

------------------------

------------------------
02.03.2025 7:19:14
CallbackFormEmailModal
Array
(
    [name] => bxlqbrzmyuumbsox@onet.pl
    [phone] => 89599436523
    [formname] => Обратная связь
)

------------------------

------------------------
02.03.2025 7:36:48
CallbackFormEmailModal
Array
(
    [name] => hokzswiqfel@rudiplomust.com
    [phone] => 87629287792
    [formname] => Обратная связь
)

------------------------

------------------------
02.03.2025 10:00:04
CallbackFormEmailModal
Array
(
    [name] => 85oribix@onet.pl
    [phone] => 85967758223
    [formname] => Обратная связь
)

------------------------

------------------------
02.03.2025 10:04:29
CallbackFormEmailModal
Array
(
    [name] => barbariska8912@gmail.com
    [phone] => 89819744458
    [formname] => Обратная связь
)

------------------------

------------------------
02.03.2025 12:02:11
CallbackFormEmailModal
Array
(
    [name] => frida_batoina432@pseudonim.pl
    [phone] => 82219318529
    [formname] => Обратная связь
)

------------------------

------------------------
02.03.2025 13:31:08
CallbackFormEmailModal
Array
(
    [name] => chofitensatomar@mail.ru
    [phone] => 85648437588
    [formname] => Обратная связь
)

------------------------

------------------------
02.03.2025 14:02:03
CallbackFormEmailModal
Array
(
    [name] => nadacottuobesnie@mail.ru
    [phone] => 81464324536
    [formname] => Обратная связь
)

------------------------

------------------------
02.03.2025 14:10:20
CallbackFormEmailModal
Array
(
    [name] => eprovbelwha@mail.ru
    [phone] => 82434499773
    [formname] => Обратная связь
)

------------------------

------------------------
02.03.2025 14:23:13
CallbackFormEmailModal
Array
(
    [name] => iintabre@mail.ru
    [phone] => 88197673117
    [formname] => Обратная связь
)

------------------------

------------------------
02.03.2025 14:40:30
CallbackFormEmailModal
Array
(
    [name] => siatimscompma1978@mail.ru
    [phone] => 83529249576
    [formname] => Обратная связь
)

------------------------

------------------------
02.03.2025 15:11:20
CallbackFormEmailModal
Array
(
    [name] => winsatall4ever@gmail.com
    [phone] => 84579336859
    [formname] => Обратная связь
)

------------------------

------------------------
02.03.2025 16:59:45
CallbackFormEmailModal
Array
(
    [name] => mosoce-416@mail.ru
    [phone] => 82885169655
    [formname] => Обратная связь
)

------------------------

------------------------
02.03.2025 17:16:25
CallbackFormEmailModal
Array
(
    [name] => ela.kubets.94@mail.ru
    [phone] => 86442381669
    [formname] => Обратная связь
)

------------------------

------------------------
02.03.2025 17:45:10
CallbackFormEmailModal
Array
(
    [name] => tikhonenko62@onet.pl
    [phone] => 89262757544
    [formname] => Обратная связь
)

------------------------

------------------------
02.03.2025 19:24:45
CallbackFormEmailModal
Array
(
    [name] => tacusol-6816@mail.ru
    [phone] => 84838941961
    [formname] => Обратная связь
)

------------------------

------------------------
02.03.2025 20:22:43
CallbackFormEmailModal
Array
(
    [name] => combontsegal37@mail.ru
    [phone] => 81724743964
    [formname] => Обратная связь
)

------------------------

------------------------
02.03.2025 20:40:42
CallbackFormEmailModal
Array
(
    [name] => dolnovam@mail.ru
    [phone] => 84715824399
    [formname] => Обратная связь
)

------------------------
