
------------------------
30.05.2022 2:02:11
CallbackFormEmailModal
Array
(
    [name] => chrisweber1978@yahoo.com
    [phone] => 89036211781
    [formname] => Обратная связь
)

------------------------

------------------------
30.05.2022 2:51:34
CallbackFormEmailModal
Array
(
    [name] => plisanimedo@hotmail.com
    [phone] => 89031519091
    [formname] => Обратная связь
)

------------------------

------------------------
30.05.2022 4:09:01
CallbackFormEmailModal
Array
(
    [name] => dvanwyck@trebnet.com
    [phone] => 89037539574
    [formname] => Обратная связь
)

------------------------

------------------------
30.05.2022 7:05:22
CallbackFormEmailModal
Array
(
    [name] => akoqij@dsfdeemail.com
    [phone] => 89036499878
    [formname] => Обратная связь
)

------------------------

------------------------
30.05.2022 8:12:28
CallbackFormEmailModal
Array
(
    [name] => iantheabrumant@yahoo.com
    [phone] => 89034060631
    [formname] => Обратная связь
)

------------------------

------------------------
30.05.2022 10:03:35
CallbackFormEmailModal
Array
(
    [name] => fvpat@hotmail.com
    [phone] => 89036551615
    [formname] => Обратная связь
)

------------------------

------------------------
30.05.2022 12:08:44
CallbackFormEmailModal
Array
(
    [name] => quinnlumen@yahoo.com
    [phone] => 89034519187
    [formname] => Обратная связь
)

------------------------

------------------------
30.05.2022 12:09:37
CallbackFormModal
Array
(
    [name] => Григорий 
    [phone] => +7(901)722-13-21
    [formname] => Заказать звонок
)

------------------------

------------------------
30.05.2022 13:33:16
CallbackFormEmailModal
Array
(
    [name] => Soccer24kamy@yahoo.com
    [phone] => 89037569577
    [formname] => Обратная связь
)

------------------------

------------------------
30.05.2022 15:50:46
CallbackFormEmailModal
Array
(
    [name] => copperandgreen78759@yahoo.com
    [phone] => 89030633285
    [formname] => Обратная связь
)

------------------------

------------------------
30.05.2022 17:00:41
CallbackFormEmailModal
Array
(
    [name] => LCASEL98@gmail.com
    [phone] => 89035460688
    [formname] => Обратная связь
)

------------------------

------------------------
30.05.2022 17:14:49
CallbackFormEmailModal
Array
(
    [name] => analorena000@gmail.com
    [phone] => 89037158062
    [formname] => Обратная связь
)

------------------------

------------------------
30.05.2022 18:53:45
CallbackFormEmailModal
Array
(
    [name] => vaugniegreen@hotmail.com
    [phone] => 89035701720
    [formname] => Обратная связь
)

------------------------

------------------------
30.05.2022 22:19:55
CallbackFormEmailModal
Array
(
    [name] => dotajeody@mailuk.site
    [phone] => 88849463566
    [formname] => Обратная связь
)

------------------------

------------------------
30.05.2022 22:20:45
CallbackFormEmailModal
Array
(
    [name] => rianneengberts@hotmail.com
    [phone] => 89030136086
    [formname] => Обратная связь
)

------------------------

------------------------
30.05.2022 22:55:06
CallbackFormEmailModal
Array
(
    [name] => smithanthony6@gmail.com
    [phone] => 89035268346
    [formname] => Обратная связь
)

------------------------

------------------------
30.05.2022 23:06:21
CallbackFormEmailModal
Array
(
    [name] => grushina.manya@mail.ru
    [phone] => 82854627262
    [formname] => Обратная связь
)

------------------------

------------------------
30.05.2022 23:46:18
CallbackFormEmailModal
Array
(
    [name] => shupierie@onemailtop.xyz
    [phone] => 87497115882
    [formname] => Обратная связь
)

------------------------
