
------------------------
25.07.2024 3:37:16
CallbackFormEmailModal
Array
(
    [name] => g20shop@inbox.lv
    [phone] => 89242412989
    [formname] => Обратная связь
)

------------------------

------------------------
25.07.2024 3:56:59
CallbackFormEmailModal
Array
(
    [name] => 79207812482@bk.ru
    [phone] => 79207812482
    [formname] => Обратная связь
)

------------------------

------------------------
25.07.2024 6:33:52
CallbackFormEmailModal
Array
(
    [name] => kayleighbpsteamship@gmail.com
    [phone] => 87876125939
    [formname] => Обратная связь
)

------------------------

------------------------
25.07.2024 7:27:28
CallbackFormEmailModal
Array
(
    [name] => ashlynnazha@onet.pl
    [phone] => 84133636342
    [formname] => Обратная связь
)

------------------------

------------------------
25.07.2024 7:38:18
CallbackFormEmailModal
Array
(
    [name] => kacaxo5216@sablecc.com
    [phone] => 86315614749
    [formname] => Обратная связь
)

------------------------

------------------------
25.07.2024 11:48:21
CallbackFormEmailModal
Array
(
    [name] => sulnohesa@mail3go.online

    [phone] => 81835673333
    [formname] => Обратная связь
)

------------------------

------------------------
25.07.2024 15:25:16
CallbackFormEmailModal
Array
(
    [name] => efisomer1970@op.pl
    [phone] => 81861354282
    [formname] => Обратная связь
)

------------------------

------------------------
25.07.2024 19:15:39
CallbackFormEmailModal
Array
(
    [name] => tieraveleo@onet.pl
    [phone] => 88994518156
    [formname] => Обратная связь
)

------------------------
