
------------------------
20.04.2024 2:04:57
CallbackFormEmailModal
Array
(
    [name] => yesenia_hopfauf93@rambler.ru
    [phone] => 86335929744
    [formname] => Обратная связь
)

------------------------

------------------------
20.04.2024 5:20:14
CallbackFormEmailModal
Array
(
    [name] => dsfgsffgec@gmail.com
    [phone] => 86139943711
    [formname] => Обратная связь
)

------------------------

------------------------
20.04.2024 8:26:44
CallbackFormEmailModal
Array
(
    [name] => lnmvkbsxyrgodryb@onet.pl
    [phone] => 89156563216
    [formname] => Обратная связь
)

------------------------

------------------------
20.04.2024 9:00:48
CallbackFormEmailModal
Array
(
    [name] => m7zdkszb@webfreemailz.com
    [phone] => 89578152576
    [formname] => Обратная связь
)

------------------------

------------------------
20.04.2024 10:47:34
CallbackFormEmailModal
Array
(
    [name] => pulcfibucyp1977@mail.ru
    [phone] => 86138531661
    [formname] => Обратная связь
)

------------------------

------------------------
20.04.2024 13:40:22
CallbackFormEmailModal
Array
(
    [name] => puwnrqptno@gmail.com
    [phone] => 85363752116
    [formname] => Обратная связь
)

------------------------

------------------------
20.04.2024 15:27:34
CallbackFormEmailModal
Array
(
    [name] => lucido.leinteract@gmail.com
    [phone] => 84539818215
    [formname] => Обратная связь
)

------------------------

------------------------
20.04.2024 17:11:12
CallbackFormEmailModal
Array
(
    [name] => qxnzeqidqfqcpbcw@onet.pl
    [phone] => 82869764921
    [formname] => Обратная связь
)

------------------------

------------------------
20.04.2024 17:40:56
CallbackFormEmailModal
Array
(
    [name] => w11prox@outlook.com
    [phone] => 81537652125
    [formname] => Обратная связь
)

------------------------

------------------------
20.04.2024 17:57:39
CallbackFormEmailModal
Array
(
    [name] => xrumer23Kip@gmail.com
    [phone] => 85842941615
    [formname] => Обратная связь
)

------------------------

------------------------
20.04.2024 17:58:09
CallbackFormEmailModal
Array
(
    [name] => autolife56@yandex.by
    [phone] => 86423282547
    [formname] => Обратная связь
)

------------------------

------------------------
20.04.2024 18:07:53
CallbackFormEmailModal
Array
(
    [name] => sloparemnie197344@rambler.ru
    [phone] => +71231234567
    [formname] => Обратная связь
)

------------------------

------------------------
20.04.2024 18:08:41
CallbackFormEmailModal
Array
(
    [name] => campstundissa197459@rambler.ru
    [phone] => +71231234567
    [formname] => Обратная связь
)

------------------------

------------------------
20.04.2024 20:00:49
CallbackFormEmailModal
Array
(
    [name] => zhdutvoegootveta@gmail.com
    [phone] => 83747889233
    [formname] => Обратная связь
)

------------------------

------------------------
20.04.2024 20:20:38
CallbackFormEmailModal
Array
(
    [name] => potbgowousfsnlff@onet.pl
    [phone] => 82399428797
    [formname] => Обратная связь
)

------------------------

------------------------
20.04.2024 21:25:10
CallbackFormEmailModal
Array
(
    [name] => aeibqudqanfygkuu@onet.pl
    [phone] => 87983362276
    [formname] => Обратная связь
)

------------------------

------------------------
20.04.2024 22:00:19
CallbackFormEmailModal
Array
(
    [name] => zxbbollmcihtxnue@onet.pl
    [phone] => 88127192331
    [formname] => Обратная связь
)

------------------------

------------------------
20.04.2024 22:40:07
CallbackFormEmailModal
Array
(
    [name] => qcqwifnvdxkyebkm@onet.pl
    [phone] => 81697646326
    [formname] => Обратная связь
)

------------------------
