
------------------------
03.11.2024 4:00:32
CallbackFormEmailModal
Array
(
    [name] => nretiwdsq@hoopsor.online
    [phone] => 87124743815
    [formname] => Обратная связь
)

------------------------

------------------------
03.11.2024 4:54:51
CallbackFormEmailModal
Array
(
    [name] => sabrinaablezova35@gmail.com
    [phone] => 82164721564
    [formname] => Обратная связь
)

------------------------

------------------------
03.11.2024 6:32:28
CallbackFormEmailModal
Array
(
    [name] => mithksufnexscom1985@op.pl
    [phone] => 83762914558
    [formname] => Обратная связь
)

------------------------

------------------------
03.11.2024 6:33:08
CallbackFormEmailModal
Array
(
    [name] => mikexxxx@gmail.com
    [phone] => 87466989192
    [formname] => Обратная связь
)

------------------------

------------------------
03.11.2024 15:12:14
CallbackFormEmailModal
Array
(
    [name] => tartprettomil1986@op.pl
    [phone] => 81493921475
    [formname] => Обратная связь
)

------------------------

------------------------
03.11.2024 16:46:04
CallbackFormEmailModal
Array
(
    [name] => arara@gmai.com
    [phone] => 89454859223
    [formname] => Обратная связь
)

------------------------

------------------------
03.11.2024 17:59:43
CallbackFormEmailModal
Array
(
    [name] => xrumer23Kip@gmail.com
    [phone] => 88981596171
    [formname] => Обратная связь
)

------------------------

------------------------
03.11.2024 17:59:43
CallbackFormEmailModal
Array
(
    [name] => tiohillganma1981@op.pl
    [phone] => 83853165213
    [formname] => Обратная связь
)

------------------------

------------------------
03.11.2024 18:08:21
CallbackFormEmailModal
Array
(
    [name] => peter.susanna.na@gmail.com
    [phone] => 88689681316
    [formname] => Обратная связь
)

------------------------
