
------------------------
10.03.2025 5:08:06
CallbackFormEmailModal
Array
(
    [name] => waizuvowgmail.com
    [phone] => 87266728437
    [formname] => Обратная связь
)

------------------------

------------------------
10.03.2025 5:38:29
CallbackFormEmailModal
Array
(
    [name] => cytazoj83@onet.pl
    [phone] => 81379262967
    [formname] => Обратная связь
)

------------------------

------------------------
10.03.2025 8:53:04
CallbackFormEmailModal
Array
(
    [name] => space@hyper.ai
    [phone] => 82964114156
    [formname] => Обратная связь
)

------------------------

------------------------
10.03.2025 10:48:50
CallbackFormEmailModal
Array
(
    [name] => ro@zelcafe.ru
    [phone] => 83579712267
    [formname] => Обратная связь
)

------------------------

------------------------
10.03.2025 11:59:24
CallbackFormEmailModal
Array
(
    [name] => musaev.misha.1982.3.5@list.ru
    [phone] => 85239152671
    [formname] => Обратная связь
)

------------------------

------------------------
10.03.2025 12:43:23
CallbackFormEmailModal
Array
(
    [name] => kastpiky@gmail.com
    [phone] => 89635141171
    [formname] => Обратная связь
)

------------------------

------------------------
10.03.2025 13:17:40
CallbackFormEmailModal
Array
(
    [name] => goldboy1931@gmail.com
    [phone] => 81128164734
    [formname] => Обратная связь
)

------------------------

------------------------
10.03.2025 13:43:05
CallbackFormEmailModal
Array
(
    [name] => charleskable@mail.ru
    [phone] => 83367461351
    [formname] => Обратная связь
)

------------------------

------------------------
10.03.2025 14:30:54
CallbackFormEmailModal
Array
(
    [name] => mepinfenia@bk.ru
    [phone] => 87457915288
    [formname] => Обратная связь
)

------------------------

------------------------
10.03.2025 14:31:22
CallbackFormEmailModal
Array
(
    [name] => anya.genger@mail.ru
    [phone] => 82123462426
    [formname] => Обратная связь
)

------------------------

------------------------
10.03.2025 14:33:17
CallbackFormEmailModal
Array
(
    [name] => kina3axjglime@bk.ru
    [phone] => 82972367662
    [formname] => Обратная связь
)

------------------------

------------------------
10.03.2025 14:55:37
CallbackFormEmailModal
Array
(
    [name] => michaelLycle@mail.ru
    [phone] => 85773512429
    [formname] => Обратная связь
)

------------------------

------------------------
10.03.2025 14:56:15
CallbackFormEmailModal
Array
(
    [name] => deacren@mail.ru
    [phone] => 88847787632
    [formname] => Обратная связь
)

------------------------

------------------------
10.03.2025 15:35:23
CallbackFormEmailModal
Array
(
    [name] => l.u.k.i.n.o.vi.ch.20.2.2135.5@gmail.com

    [phone] => 83287243931
    [formname] => Обратная связь
)

------------------------

------------------------
10.03.2025 15:49:11
CallbackFormEmailModal
Array
(
    [name] => woodbpurne1983@mail.ru
    [phone] => 86312923286
    [formname] => Обратная связь
)

------------------------

------------------------
10.03.2025 16:00:22
CallbackFormEmailModal
Array
(
    [name] => seimymavig1983@mail.ru
    [phone] => 89915981263
    [formname] => Обратная связь
)

------------------------

------------------------
10.03.2025 16:18:39
CallbackFormEmailModal
Array
(
    [name] => sileterde1976@mail.ru
    [phone] => 82997382952
    [formname] => Обратная связь
)

------------------------

------------------------
10.03.2025 16:35:32
CallbackFormEmailModal
Array
(
    [name] => 3ifebyl@onet.pl
    [phone] => 83892762343
    [formname] => Обратная связь
)

------------------------

------------------------
10.03.2025 17:53:39
CallbackFormEmailModal
Array
(
    [name] => sheveleva-alisa@bk.ru
    [phone] => 82238799733
    [formname] => Обратная связь
)

------------------------

------------------------
10.03.2025 18:17:09
CallbackFormEmailModal
Array
(
    [name] => eprovbelwha@mail.ru
    [phone] => 84571245586
    [formname] => Обратная связь
)

------------------------

------------------------
10.03.2025 21:06:41
CallbackFormEmailModal
Array
(
    [name] => juncpecni1980@mail.ru
    [phone] => 89697487527
    [formname] => Обратная связь
)

------------------------

------------------------
10.03.2025 21:06:45
CallbackFormEmailModal
Array
(
    [name] => zuyev-vadik@bk.ru
    [phone] => 83995787646
    [formname] => Обратная связь
)

------------------------

------------------------
10.03.2025 21:19:50
CallbackFormEmailModal
Array
(
    [name] => dorofeyavinogradova199056@mail.ru
    [phone] => 84691364443
    [formname] => Обратная связь
)

------------------------

------------------------
10.03.2025 21:56:35
CallbackFormEmailModal
Array
(
    [name] => www22@don-rem.ru
    [phone] => 86563419514
    [formname] => Обратная связь
)

------------------------

------------------------
10.03.2025 23:45:52
CallbackFormEmailModal
Array
(
    [name] => test@gmail.com
    [phone] => 89812468646
    [formname] => Обратная связь
)

------------------------

------------------------
10.03.2025 23:48:45
CallbackFormEmailModal
Array
(
    [name] => pavel.sitdikov.88@mail.ru
    [phone] => 87423874443
    [formname] => Обратная связь
)

------------------------

------------------------
10.03.2025 23:58:56
CallbackFormEmailModal
Array
(
    [name] => stapuntril1990@mail.ru
    [phone] => 81461516496
    [formname] => Обратная связь
)

------------------------
