
------------------------
13.04.2025 0:34:59
CallbackFormEmailModal
Array
(
    [name] => ese72511@web.de
    [phone] => 84855417235
    [formname] => Обратная связь
)

------------------------

------------------------
13.04.2025 0:45:31
CallbackFormEmailModal
Array
(
    [name] => mommygal59@web.de
    [phone] => 84783381278
    [formname] => Обратная связь
)

------------------------

------------------------
13.04.2025 1:13:31
CallbackFormEmailModal
Array
(
    [name] => xjvzu4ze@3way3.com
    [phone] => 81681357375
    [formname] => Обратная связь
)

------------------------

------------------------
13.04.2025 7:00:51
CallbackFormEmailModal
Array
(
    [name] => cshady420@web.de
    [phone] => 86882551677
    [formname] => Обратная связь
)

------------------------

------------------------
13.04.2025 8:22:57
CallbackFormEmailModal
Array
(
    [name] => golubevilya.70@mail.ru
    [phone] => 81156685556
    [formname] => Обратная связь
)

------------------------

------------------------
13.04.2025 8:25:07
CallbackFormEmailModal
Array
(
    [name] => eepovda@bk.ru
    [phone] => 85226194736
    [formname] => Обратная связь
)

------------------------

------------------------
13.04.2025 8:31:42
CallbackFormEmailModal
Array
(
    [name] => larg@largeheart.ru
    [phone] => 87415139511
    [formname] => Обратная связь
)

------------------------

------------------------
13.04.2025 8:43:48
CallbackFormEmailModal
Array
(
    [name] => vasiliykhas08x@mail.ru
    [phone] => 83651549988
    [formname] => Обратная связь
)

------------------------

------------------------
13.04.2025 8:53:57
CallbackFormEmailModal
Array
(
    [name] => deacren@mail.ru
    [phone] => 83491416579
    [formname] => Обратная связь
)

------------------------

------------------------
13.04.2025 9:08:07
CallbackFormEmailModal
Array
(
    [name] => karina_platonova_31068@mail.ru
    [phone] => 84256324482
    [formname] => Обратная связь
)

------------------------

------------------------
13.04.2025 9:10:05
CallbackFormEmailModal
Array
(
    [name] => balpunarti1976@mail.ru
    [phone] => 84213897923
    [formname] => Обратная связь
)

------------------------

------------------------
13.04.2025 10:04:45
CallbackFormEmailModal
Array
(
    [name] => textliburlitt1983@mail.ru
    [phone] => 87194959249
    [formname] => Обратная связь
)

------------------------

------------------------
13.04.2025 10:30:08
CallbackFormEmailModal
Array
(
    [name] => veronika.goryunova.06.09.2001@mail.ru
    [phone] => 81242485491
    [formname] => Обратная связь
)

------------------------

------------------------
13.04.2025 10:39:55
CallbackFormEmailModal
Array
(
    [name] => osipova.liliia.1986.22.12@inbox.ru
    [phone] => 81663939895
    [formname] => Обратная связь
)

------------------------

------------------------
13.04.2025 10:56:10
CallbackFormEmailModal
Array
(
    [name] => mitubefhambcomp5336@mail.ru
    [phone] => 83181585463
    [formname] => Обратная связь
)

------------------------

------------------------
13.04.2025 11:04:55
CallbackFormEmailModal
Array
(
    [name] => kskoxim@inbox.ru
    [phone] => 86725631626
    [formname] => Обратная связь
)

------------------------

------------------------
13.04.2025 11:08:21
CallbackFormEmailModal
Array
(
    [name] => guerracatherine@list.ru
    [phone] => 83745569644
    [formname] => Обратная связь
)

------------------------

------------------------
13.04.2025 12:09:13
CallbackFormEmailModal
Array
(
    [name] => kostinarogneda97@list.ru
    [phone] => 86541159163
    [formname] => Обратная связь
)

------------------------

------------------------
13.04.2025 12:29:50
CallbackFormEmailModal
Array
(
    [name] => kina3axjglime@bk.ru
    [phone] => 82497849358
    [formname] => Обратная связь
)

------------------------

------------------------
13.04.2025 12:31:51
CallbackFormEmailModal
Array
(
    [name] => sevastian.borisov.27.8.1978@mail.ru
    [phone] => 87526266117
    [formname] => Обратная связь
)

------------------------

------------------------
13.04.2025 12:32:29
CallbackFormEmailModal
Array
(
    [name] => higbiosepo1986@mail.ru
    [phone] => 84251641774
    [formname] => Обратная связь
)

------------------------

------------------------
13.04.2025 12:53:14
CallbackFormEmailModal
Array
(
    [name] => egorbmxik@mail.ru
    [phone] => 83233116911
    [formname] => Обратная связь
)

------------------------

------------------------
13.04.2025 14:56:35
CallbackFormEmailModal
Array
(
    [name] => martakalinina84@mail.ru
    [phone] => 88527456253
    [formname] => Обратная связь
)

------------------------

------------------------
13.04.2025 15:26:08
CallbackFormEmailModal
Array
(
    [name] => filatovlenian4023@mail.ru
    [phone] => 84926848349
    [formname] => Обратная связь
)

------------------------

------------------------
13.04.2025 15:44:55
CallbackFormEmailModal
Array
(
    [name] => tacusol-6816@mail.ru
    [phone] => 82987715681
    [formname] => Обратная связь
)

------------------------

------------------------
13.04.2025 18:46:30
CallbackFormEmailModal
Array
(
    [name] => subbotinalenara88@mail.ru
    [phone] => 87485299511
    [formname] => Обратная связь
)

------------------------

------------------------
13.04.2025 18:47:50
CallbackFormEmailModal
Array
(
    [name] => karpeciktibas19915@bk.ru
    [phone] => 87846242584
    [formname] => Обратная связь
)

------------------------

------------------------
13.04.2025 19:07:01
CallbackFormEmailModal
Array
(
    [name] => ljusdukeeca1971@mail.ru
    [phone] => 82629434373
    [formname] => Обратная связь
)

------------------------

------------------------
13.04.2025 19:33:58
CallbackFormEmailModal
Array
(
    [name] => tacusol-6816@mail.ru
    [phone] => 89433879496
    [formname] => Обратная связь
)

------------------------

------------------------
13.04.2025 20:07:11
CallbackFormEmailModal
Array
(
    [name] => rhotenti-44@mail.ru
    [phone] => 87588136179
    [formname] => Обратная связь
)

------------------------

------------------------
13.04.2025 20:25:04
CallbackFormEmailModal
Array
(
    [name] => tacusol-6816@mail.ru
    [phone] => 85374223382
    [formname] => Обратная связь
)

------------------------

------------------------
13.04.2025 20:32:47
CallbackFormEmailModal
Array
(
    [name] => ramiraselezneva19908003@bk.ru
    [phone] => 87938166359
    [formname] => Обратная связь
)

------------------------

------------------------
13.04.2025 20:39:19
CallbackFormEmailModal
Array
(
    [name] => evgenijmartynovfd3433@rambler.ru
    [phone] => 88251726835
    [formname] => Обратная связь
)

------------------------

------------------------
13.04.2025 21:24:56
CallbackFormEmailModal
Array
(
    [name] => info@cleanspb-top.store
    [phone] => 85239921311
    [formname] => Обратная связь
)

------------------------

------------------------
13.04.2025 21:36:19
CallbackFormEmailModal
Array
(
    [name] => ooorefin@gmail.com
    [phone] => +74956643022
    [formname] => Обратная связь
)

------------------------

------------------------
13.04.2025 21:37:17
CallbackFormEmailModal
Array
(
    [name] => info@hifinance.ru
    [phone] => 7 (495) 142-56-63
    [formname] => Обратная связь
)

------------------------

------------------------
13.04.2025 23:25:02
CallbackFormEmailModal
Array
(
    [name] => manfromanotherstation@gmail.com
    [phone] => 83914223534
    [formname] => Обратная связь
)

------------------------

------------------------
13.04.2025 23:39:08
CallbackFormEmailModal
Array
(
    [name] => info@uborka-posle-remonta-msk.store
    [phone] => 83983711415
    [formname] => Обратная связь
)

------------------------
