
------------------------
09.07.2021 0:14:37
CallbackFormEmailModal
Array
(
    [name] => svidinfo1980@gmail.com
    [phone] => 87964494619
    [formname] => Обратная связь
)

------------------------

------------------------
09.07.2021 7:20:32
CallbackFormEmailModal
Array
(
    [name] => evgeniia.popova-19997186@mail.ru
    [phone] => +71231234567
    [formname] => Обратная связь
)

------------------------

------------------------
09.07.2021 10:57:45
CallbackFormEmailModal
Array
(
    [name] => beradiata1987@mail.ru
    [phone] => 84872134337
    [formname] => Обратная связь
)

------------------------

------------------------
09.07.2021 18:04:00
CallbackFormEmailModal
Array
(
    [name] => annasergey500@gmail.com
    [phone] => 81129662875
    [formname] => Обратная связь
)

------------------------
