
------------------------
19.06.2022 0:53:13
CallbackFormEmailModal
Array
(
    [name] => Eric Jones
    [phone] => 555-555-1212
    [formname] => Обратная связь
)

------------------------

------------------------
19.06.2022 1:18:08
CallbackFormEmailModal
Array
(
    [name] => mbrixen@mailme.dk
    [phone] => 89036388140
    [formname] => Обратная связь
)

------------------------

------------------------
19.06.2022 4:32:33
CallbackFormEmailModal
Array
(
    [name] => kmose@mailme.dk
    [phone] => 89039750563
    [formname] => Обратная связь
)

------------------------

------------------------
19.06.2022 7:43:06
CallbackFormEmailModal
Array
(
    [name] => fuckdigman@forum.dk
    [phone] => 89034439467
    [formname] => Обратная связь
)

------------------------

------------------------
19.06.2022 10:50:13
CallbackFormEmailModal
Array
(
    [name] => redbull@mailme.dk
    [phone] => 89038994237
    [formname] => Обратная связь
)

------------------------

------------------------
19.06.2022 13:58:43
CallbackFormEmailModal
Array
(
    [name] => hlsr@forum.dk
    [phone] => 89036878922
    [formname] => Обратная связь
)

------------------------

------------------------
19.06.2022 17:10:15
CallbackFormEmailModal
Array
(
    [name] => kabell@mailme.dk
    [phone] => 89032600690
    [formname] => Обратная связь
)

------------------------

------------------------
19.06.2022 20:19:28
CallbackFormEmailModal
Array
(
    [name] => hil@forum.dk
    [phone] => 89030136450
    [formname] => Обратная связь
)

------------------------

------------------------
19.06.2022 23:26:43
CallbackFormEmailModal
Array
(
    [name] => lykkemie@forum.dk
    [phone] => 89032920844
    [formname] => Обратная связь
)

------------------------
