
------------------------
23.10.2025 3:03:39
CallbackFormEmailModal
Array
(
    [name] => xroomer1st@gmail.com
    [phone] => 88977376726
    [formname] => Обратная связь
)

------------------------

------------------------
23.10.2025 6:51:50
CallbackFormEmailModal
Array
(
    [name] => rfoyhgfr@wildbmail.com
    [phone] => 86398234954
    [formname] => Обратная связь
)

------------------------

------------------------
23.10.2025 8:26:44
CallbackFormEmailModal
Array
(
    [name] => xzmewqzn@tubermail.com
    [phone] => 88655895387
    [formname] => Обратная связь
)

------------------------

------------------------
23.10.2025 8:46:21
CallbackFormEmailModal
Array
(
    [name] => rbgbcena@streetwormail.com
    [phone] => 88754326788
    [formname] => Обратная связь
)

------------------------

------------------------
23.10.2025 9:10:26
CallbackFormEmailModal
Array
(
    [name] => kdhhroko@tubermail.com
    [phone] => 81822598397
    [formname] => Обратная связь
)

------------------------

------------------------
23.10.2025 10:01:42
CallbackFormEmailModal
Array
(
    [name] => baltmashstroy.ru@gmail.com
    [phone] => 85746198954
    [formname] => Обратная связь
)

------------------------

------------------------
23.10.2025 11:10:48
CallbackFormEmailModal
Array
(
    [name] => anya.genger@mail.ru
    [phone] => 84383996783
    [formname] => Обратная связь
)

------------------------

------------------------
23.10.2025 11:13:55
CallbackFormEmailModal
Array
(
    [name] => serezhamobisa@mail.ru
    [phone] => 82555531598
    [formname] => Обратная связь
)

------------------------

------------------------
23.10.2025 11:16:24
CallbackFormEmailModal
Array
(
    [name] => vitya-kondratev-1969@inbox.ru
    [phone] => 81351432619
    [formname] => Обратная связь
)

------------------------

------------------------
23.10.2025 11:45:42
CallbackFormEmailModal
Array
(
    [name] => sergowor.ki.ng7.1.8@gmail.com
    [phone] => 85981417625
    [formname] => Обратная связь
)

------------------------

------------------------
23.10.2025 11:50:51
CallbackFormEmailModal
Array
(
    [name] => qietekak@eblanomail.com
    [phone] => 89427968548
    [formname] => Обратная связь
)

------------------------

------------------------
23.10.2025 11:53:44
CallbackFormEmailModal
Array
(
    [name] => nadezhda_smirnova_26801@mail.ru
    [phone] => 87294661365
    [formname] => Обратная связь
)

------------------------

------------------------
23.10.2025 12:01:50
CallbackFormEmailModal
Array
(
    [name] => tvsmurmj@wildbmail.com
    [phone] => 84665811884
    [formname] => Обратная связь
)

------------------------

------------------------
23.10.2025 12:13:10
CallbackFormEmailModal
Array
(
    [name] => 140@kirisbyforum.fun
    [phone] => 89716328846
    [formname] => Обратная связь
)

------------------------

------------------------
23.10.2025 12:16:02
CallbackFormEmailModal
Array
(
    [name] => valentinamilusa@mail.ru
    [phone] => 85392134856
    [formname] => Обратная связь
)

------------------------

------------------------
23.10.2025 12:49:43
CallbackFormEmailModal
Array
(
    [name] => xroxnfoh@eblanomail.com
    [phone] => 89292436211
    [formname] => Обратная связь
)

------------------------

------------------------
23.10.2025 12:56:18
CallbackFormEmailModal
Array
(
    [name] => 84654651516shfglksdh@gmail.com
    [phone] => 88533189443
    [formname] => Обратная связь
)

------------------------

------------------------
23.10.2025 12:56:27
CallbackFormEmailModal
Array
(
    [name] => jjttnidt@eblanomail.com
    [phone] => 88693863137
    [formname] => Обратная связь
)

------------------------

------------------------
23.10.2025 14:18:52
CallbackFormEmailModal
Array
(
    [name] => zuyev-vadik@bk.ru
    [phone] => 83887632465
    [formname] => Обратная связь
)

------------------------

------------------------
23.10.2025 16:06:07
CallbackFormEmailModal
Array
(
    [name] => xunalajiwo42@gmail.com
    [phone] => 87632446539
    [formname] => Обратная связь
)

------------------------

------------------------
23.10.2025 16:52:55
CallbackFormEmailModal
Array
(
    [name] => 28358wh56u@browndecorationlights.com
    [phone] => 87671851394
    [formname] => Обратная связь
)

------------------------

------------------------
23.10.2025 19:36:07
CallbackFormEmailModal
Array
(
    [name] => davidmib@mail.ru
    [phone] => 83586432138
    [formname] => Обратная связь
)

------------------------

------------------------
23.10.2025 20:06:40
CallbackFormEmailModal
Array
(
    [name] => sergowor.ki.ng7.18@gmail.com
    [phone] => 82375635373
    [formname] => Обратная связь
)

------------------------
