
------------------------
10.08.2021 6:16:13
CallbackFormEmailModal
Array
(
    [name] => xgamer1def@gmail.com
    [phone] => 89936496179
    [formname] => Обратная связь
)

------------------------

------------------------
10.08.2021 11:00:54
CallbackFormEmailModal
Array
(
    [name] => xgamer1def@gmail.com
    [phone] => 89256496837
    [formname] => Обратная связь
)

------------------------

------------------------
10.08.2021 20:38:58
CallbackFormEmailModal
Array
(
    [name] => Rod Earp
    [phone] => PenniCastine@gmail.com
    [formname] => Обратная связь
)

------------------------
