
------------------------
12.10.2025 0:04:23
CallbackFormEmailModal
Array
(
    [name] => vincenttaits@mail.ru
    [phone] => 83753752466
    [formname] => Обратная связь
)

------------------------

------------------------
12.10.2025 0:16:49
CallbackFormEmailModal
Array
(
    [name] => w.o.od.ford.jameso.n4.@gmail.com
    [phone] => 87697913686
    [formname] => Обратная связь
)

------------------------

------------------------
12.10.2025 3:50:12
CallbackFormEmailModal
Array
(
    [name] => mike@monkeydigital.co
    [phone] => 83146486836
    [formname] => Обратная связь
)

------------------------

------------------------
12.10.2025 7:00:07
CallbackFormEmailModal
Array
(
    [name] => Kip@prohabits.es
    [phone] => 83711398477
    [formname] => Обратная связь
)

------------------------

------------------------
12.10.2025 7:01:30
CallbackFormEmailModal
Array
(
    [name] => w.oo.df.o.r.dj.am.es.o.n4@gmail.com
    [phone] => 89411992894
    [formname] => Обратная связь
)

------------------------

------------------------
12.10.2025 11:15:16
CallbackFormEmailModal
Array
(
    [name] => galyazafuna@mail.ru
    [phone] => 81619895489
    [formname] => Обратная связь
)

------------------------

------------------------
12.10.2025 11:53:01
CallbackFormEmailModal
Array
(
    [name] => jisankape@list.ru
    [phone] => 88466194735
    [formname] => Обратная связь
)

------------------------

------------------------
12.10.2025 11:58:53
CallbackFormEmailModal
Array
(
    [name] => 1dansbydruscillaoyu@gmail.com
    [phone] => 85615138623
    [formname] => Обратная связь
)

------------------------

------------------------
12.10.2025 12:20:36
CallbackFormEmailModal
Array
(
    [name] => eprovbelwha@mail.ru
    [phone] => 82221256898
    [formname] => Обратная связь
)

------------------------

------------------------
12.10.2025 12:29:56
CallbackFormEmailModal
Array
(
    [name] => nifontmarkov1987@mail.ru
    [phone] => 85674235814
    [formname] => Обратная связь
)

------------------------

------------------------
12.10.2025 12:44:45
CallbackFormEmailModal
Array
(
    [name] => dinanikolskaya99@gmail.com
    [phone] => 87869396744
    [formname] => Обратная связь
)

------------------------

------------------------
12.10.2025 12:51:55
CallbackFormEmailModal
Array
(
    [name] => valentin.vinokurov.12.6.1968@mail.ru
    [phone] => 89797585223
    [formname] => Обратная связь
)

------------------------

------------------------
12.10.2025 12:52:29
CallbackEmailModal
Array
(
    [name] => Антон
    [phone] => +7(905)976-32-96
    [comment] => Название продуката: Стандартный канал S270 1.5мм
Комменатрий: Добрый день! У вас есть лотки с гидрозатвором?
    [formname] => Задать вопрос по товару
)

------------------------

------------------------
12.10.2025 13:14:35
CallbackFormEmailModal
Array
(
    [name] => akindinkudryashov6842@mail.ru
    [phone] => 84837277857
    [formname] => Обратная связь
)

------------------------

------------------------
12.10.2025 14:59:34
CallbackFormEmailModal
Array
(
    [name] => building.sal.e.sru@gmail.com
    [phone] => 89573573176
    [formname] => Обратная связь
)

------------------------

------------------------
12.10.2025 16:11:18
CallbackFormEmailModal
Array
(
    [name] => annachusuha@mail.ru
    [phone] => 89393952796
    [formname] => Обратная связь
)

------------------------

------------------------
12.10.2025 16:34:25
CallbackFormEmailModal
Array
(
    [name] => polyakovdanila19908366@mail.ru
    [phone] => 88816111423
    [formname] => Обратная связь
)

------------------------

------------------------
12.10.2025 16:37:20
CallbackFormEmailModal
Array
(
    [name] => vitya-kondratev-1969@inbox.ru
    [phone] => 82593851671
    [formname] => Обратная связь
)

------------------------

------------------------
12.10.2025 18:11:30
CallbackFormEmailModal
Array
(
    [name] => xrumer23Kip@gmail.com
    [phone] => 85521447664
    [formname] => Обратная связь
)

------------------------

------------------------
12.10.2025 19:38:19
CallbackFormEmailModal
Array
(
    [name] => elizaconforti@icloud.com
    [phone] => 82249884958
    [formname] => Обратная связь
)

------------------------

------------------------
12.10.2025 21:09:26
CallbackFormEmailModal
Array
(
    [name] => superbridge@gmail.com
    [phone] => 82352669641
    [formname] => Обратная связь
)

------------------------
