
------------------------
07.09.2025 0:29:52
CallbackFormEmailModal
Array
(
    [name] => dinanikolskaya99@gmail.com
    [phone] => 85921227377
    [formname] => Обратная связь
)

------------------------

------------------------
07.09.2025 3:06:12
CallbackFormEmailModal
Array
(
    [name] => nextotzuv43Kip@gmail.com
    [phone] => 86236295931
    [formname] => Обратная связь
)

------------------------

------------------------
07.09.2025 4:51:04
CallbackFormEmailModal
Array
(
    [name] => ijgoregjoerg@gmail.com
    [phone] => 83694324787
    [formname] => Обратная связь
)

------------------------

------------------------
07.09.2025 4:51:26
CallbackFormEmailModal
Array
(
    [name] => huitrwhgirgpgog@gmail.com
    [phone] => 83788331717
    [formname] => Обратная связь
)

------------------------

------------------------
07.09.2025 4:51:33
CallbackFormEmailModal
Array
(
    [name] => hurigrenwigoreiwg@gmail.com
    [phone] => 87417146566
    [formname] => Обратная связь
)

------------------------

------------------------
07.09.2025 5:33:01
CallbackFormEmailModal
Array
(
    [name] => hyufwgriueg@gmail.com
    [phone] => 81492683685
    [formname] => Обратная связь
)

------------------------

------------------------
07.09.2025 7:26:32
CallbackFormEmailModal
Array
(
    [name] => wsdfvbgtre@gmail.com
    [phone] => 84881273947
    [formname] => Обратная связь
)

------------------------

------------------------
07.09.2025 7:44:27
CallbackFormEmailModal
Array
(
    [name] => sashunya.sergeev.2022@list.ru
    [phone] => 87546553517
    [formname] => Обратная связь
)

------------------------

------------------------
07.09.2025 7:57:03
CallbackFormEmailModal
Array
(
    [name] => zekisuquc419@gmail.com
    [phone] => 83311536164
    [formname] => Обратная связь
)

------------------------

------------------------
07.09.2025 7:58:38
CallbackFormEmailModal
Array
(
    [name] => taelivihohtoca@mail.ru
    [phone] => 89591397671
    [formname] => Обратная связь
)

------------------------

------------------------
07.09.2025 8:02:42
CallbackFormEmailModal
Array
(
    [name] => aleksandrhasuchu@mail.ru
    [phone] => 81565721932
    [formname] => Обратная связь
)

------------------------

------------------------
07.09.2025 8:03:28
CallbackFormEmailModal
Array
(
    [name] => kseniyanechusa@mail.ru
    [phone] => 87894376423
    [formname] => Обратная связь
)

------------------------

------------------------
07.09.2025 8:08:31
CallbackFormEmailModal
Array
(
    [name] => sinevhabibi664@bk.ru
    [phone] => 89476511187
    [formname] => Обратная связь
)

------------------------

------------------------
07.09.2025 8:23:38
CallbackFormEmailModal
Array
(
    [name] => margarita.stolyarova.26.05.1995@mail.ru
    [phone] => 81714117962
    [formname] => Обратная связь
)

------------------------

------------------------
07.09.2025 8:29:23
CallbackFormEmailModal
Array
(
    [name] => deacren@mail.ru
    [phone] => 87855246732
    [formname] => Обратная связь
)

------------------------

------------------------
07.09.2025 8:34:42
CallbackFormEmailModal
Array
(
    [name] => dzhulenbalakin@mail.ru
    [phone] => 89691479885
    [formname] => Обратная связь
)

------------------------

------------------------
07.09.2025 8:40:22
CallbackFormEmailModal
Array
(
    [name] => irinaxokalo@mail.ru
    [phone] => 86515524124
    [formname] => Обратная связь
)

------------------------

------------------------
07.09.2025 8:53:14
CallbackFormEmailModal
Array
(
    [name] => konstantinrovini@mail.ru
    [phone] => 89966532845
    [formname] => Обратная связь
)

------------------------

------------------------
07.09.2025 9:07:13
CallbackFormEmailModal
Array
(
    [name] => svetlanakomissarova1987@mail.ru
    [phone] => 81138693177
    [formname] => Обратная связь
)

------------------------

------------------------
07.09.2025 9:09:10
CallbackFormEmailModal
Array
(
    [name] => kina3axjglime@bk.ru
    [phone] => 86838981268
    [formname] => Обратная связь
)

------------------------

------------------------
07.09.2025 9:18:37
CallbackFormEmailModal
Array
(
    [name] => serezhamobisa@mail.ru
    [phone] => 81938992416
    [formname] => Обратная связь
)

------------------------

------------------------
07.09.2025 10:04:04
CallbackFormEmailModal
Array
(
    [name] => guerfupe@mail.ru
    [phone] => 81453589773
    [formname] => Обратная связь
)

------------------------

------------------------
07.09.2025 10:18:33
CallbackFormEmailModal
Array
(
    [name] => kskoxim@inbox.ru
    [phone] => 88419472747
    [formname] => Обратная связь
)

------------------------

------------------------
07.09.2025 12:22:51
CallbackFormEmailModal
Array
(
    [name] => virtvideochat@inbox.lv
    [phone] => 89519451712
    [formname] => Обратная связь
)

------------------------

------------------------
07.09.2025 13:01:27
CallbackFormEmailModal
Array
(
    [name] => n24d0khos@mozmail.com
    [phone] => 84141954673
    [formname] => Обратная связь
)

------------------------

------------------------
07.09.2025 14:41:32
CallbackFormEmailModal
Array
(
    [name] => sergowor.kin.g7.18@gmail.com
    [phone] => 84356589257
    [formname] => Обратная связь
)

------------------------

------------------------
07.09.2025 17:55:47
CallbackFormEmailModal
Array
(
    [name] => abbyas-venikov1984@mail.ru
    [phone] => 88795317615
    [formname] => Обратная связь
)

------------------------

------------------------
07.09.2025 18:03:22
CallbackFormEmailModal
Array
(
    [name] => postsaddtaliretneu@mail.ru
    [phone] => 82933922239
    [formname] => Обратная связь
)

------------------------

------------------------
07.09.2025 18:15:36
CallbackFormEmailModal
Array
(
    [name] => ponomaryov.borya.1983@bk.ru
    [phone] => 89383141236
    [formname] => Обратная связь
)

------------------------

------------------------
07.09.2025 18:33:14
CallbackFormEmailModal
Array
(
    [name] => antonwefulu@mail.ru
    [phone] => 83194656796
    [formname] => Обратная связь
)

------------------------

------------------------
07.09.2025 18:40:07
CallbackFormEmailModal
Array
(
    [name] => orlov.roman.1988.2.11@list.ru
    [phone] => 86594496764
    [formname] => Обратная связь
)

------------------------

------------------------
07.09.2025 18:53:58
CallbackFormEmailModal
Array
(
    [name] => yulya.onipchenko.88@mail.ru
    [phone] => 83217646657
    [formname] => Обратная связь
)

------------------------

------------------------
07.09.2025 19:02:47
CallbackFormEmailModal
Array
(
    [name] => annadebulu@mail.ru
    [phone] => 83852398643
    [formname] => Обратная связь
)

------------------------

------------------------
07.09.2025 19:06:48
CallbackFormEmailModal
Array
(
    [name] => dionisij.grigorev.92@mail.ru
    [phone] => 89438774748
    [formname] => Обратная связь
)

------------------------

------------------------
07.09.2025 19:36:45
CallbackFormEmailModal
Array
(
    [name] => zuyev-vadik@bk.ru
    [phone] => 84324574729
    [formname] => Обратная связь
)

------------------------

------------------------
07.09.2025 20:12:10
CallbackFormEmailModal
Array
(
    [name] => zekisuquc419@gmail.com
    [phone] => 84659331141
    [formname] => Обратная связь
)

------------------------

------------------------
07.09.2025 20:22:27
CallbackFormEmailModal
Array
(
    [name] => andrey.don.x@gmail.com
    [phone] => 81262285856
    [formname] => Обратная связь
)

------------------------

------------------------
07.09.2025 21:32:00
CallbackFormEmailModal
Array
(
    [name] => test@gmail.com
    [phone] => 89858276886
    [formname] => Обратная связь
)

------------------------

------------------------
07.09.2025 23:05:51
CallbackFormEmailModal
Array
(
    [name] => 1@1.it
    [phone] => 89999662428
    [formname] => Обратная связь
)

------------------------
