
------------------------
25.05.2025 0:57:35
CallbackFormEmailModal
Array
(
    [name] => yourmail@gmail.com
    [phone] => 84689151772
    [formname] => Обратная связь
)

------------------------

------------------------
25.05.2025 7:50:00
CallbackFormEmailModal
Array
(
    [name] => tacusol-6816@mail.ru
    [phone] => 87317524314
    [formname] => Обратная связь
)

------------------------

------------------------
25.05.2025 8:20:13
CallbackFormEmailModal
Array
(
    [name] => 4@directoryclub.ru
    [phone] => 88397191783
    [formname] => Обратная связь
)

------------------------

------------------------
25.05.2025 8:24:55
CallbackFormEmailModal
Array
(
    [name] => sinevhabibi664@bk.ru
    [phone] => 85385869243
    [formname] => Обратная связь
)

------------------------

------------------------
25.05.2025 8:43:29
CallbackFormEmailModal
Array
(
    [name] => dorofeyavinogradova199056@mail.ru
    [phone] => 87933189486
    [formname] => Обратная связь
)

------------------------

------------------------
25.05.2025 8:50:47
CallbackFormEmailModal
Array
(
    [name] => svetlanakomissarova1987@mail.ru
    [phone] => 89456827866
    [formname] => Обратная связь
)

------------------------

------------------------
25.05.2025 9:01:10
CallbackFormEmailModal
Array
(
    [name] => avgustina.morozova@bk.ru
    [phone] => 83696628548
    [formname] => Обратная связь
)

------------------------

------------------------
25.05.2025 9:34:47
CallbackFormEmailModal
Array
(
    [name] => stapuntril1990@mail.ru
    [phone] => 89721926431
    [formname] => Обратная связь
)

------------------------

------------------------
25.05.2025 9:42:03
CallbackFormEmailModal
Array
(
    [name] => juncpecni1980@mail.ru
    [phone] => 87429873274
    [formname] => Обратная связь
)

------------------------

------------------------
25.05.2025 10:34:28
CallbackFormEmailModal
Array
(
    [name] => iqablala1980858@mail.ru
    [phone] => 82286285733
    [formname] => Обратная связь
)

------------------------

------------------------
25.05.2025 10:34:30
CallbackFormEmailModal
Array
(
    [name] => rais.shchigelskaya2002@mail.ru
    [phone] => 81144254589
    [formname] => Обратная связь
)

------------------------

------------------------
25.05.2025 10:50:21
CallbackFormEmailModal
Array
(
    [name] => secberconla1986@mail.ru
    [phone] => 81866695388
    [formname] => Обратная связь
)

------------------------

------------------------
25.05.2025 10:53:26
CallbackFormEmailModal
Array
(
    [name] => frankjameson1377@gmail.com
    [phone] => 82786555822
    [formname] => Обратная связь
)

------------------------

------------------------
25.05.2025 11:29:11
CallbackFormEmailModal
Array
(
    [name] => anya.genger@mail.ru
    [phone] => 85269794498
    [formname] => Обратная связь
)

------------------------

------------------------
25.05.2025 11:35:42
CallbackFormEmailModal
Array
(
    [name] => osipova.liliia.1986.22.12@inbox.ru
    [phone] => 85453654941
    [formname] => Обратная связь
)

------------------------

------------------------
25.05.2025 13:24:23
CallbackFormEmailModal
Array
(
    [name] => bikon777@rambler.ru
    [phone] => 84847333326
    [formname] => Обратная связь
)

------------------------

------------------------
25.05.2025 14:46:19
CallbackFormEmailModal
Array
(
    [name] => yawiviseya67@gmail.com
    [phone] => 84142458474
    [formname] => Обратная связь
)

------------------------

------------------------
25.05.2025 15:35:17
CallbackFormEmailModal
Array
(
    [name] => avrctjtv@tubermail.com
    [phone] => 83546559446
    [formname] => Обратная связь
)

------------------------

------------------------
25.05.2025 19:26:07
CallbackFormEmailModal
Array
(
    [name] => 3@directoryclub.ru
    [phone] => 82926598752
    [formname] => Обратная связь
)

------------------------
