
------------------------
25.04.2025 3:06:44
CallbackFormEmailModal
Array
(
    [name] => andreevvitalijer1614@rambler.ru
    [phone] => 84775134476
    [formname] => Обратная связь
)

------------------------

------------------------
25.04.2025 6:20:25
CallbackFormEmailModal
Array
(
    [name] => puusamas@gazeta.pl
    [phone] => 86167318268
    [formname] => Обратная связь
)

------------------------

------------------------
25.04.2025 14:24:01
CallbackFormEmailModal
Array
(
    [name] => gabriellain2016@web.de
    [phone] => 84523124766
    [formname] => Обратная связь
)

------------------------

------------------------
25.04.2025 17:44:25
CallbackFormEmailModal
Array
(
    [name] => eka.kusuma20@web.de
    [phone] => 86771232994
    [formname] => Обратная связь
)

------------------------

------------------------
25.04.2025 21:21:25
CallbackFormEmailModal
Array
(
    [name] => aferinohis056@gmail.com
    [phone] => 84257725398
    [formname] => Обратная связь
)

------------------------
