
------------------------
11.09.2025 0:24:25
CallbackFormEmailModal
Array
(
    [name] => lotm45@lordgames.ru
    [phone] => 88932864238
    [formname] => Обратная связь
)

------------------------

------------------------
11.09.2025 3:19:24
CallbackFormEmailModal
Array
(
    [name] => tiphany@astroarch.online
    [phone] => 88942899596
    [formname] => Обратная связь
)

------------------------

------------------------
11.09.2025 4:59:13
CallbackFormEmailModal
Array
(
    [name] => per.sai.t.o.v.20@gmail.com:pop.gmail.com
    [phone] => 86427635169
    [formname] => Обратная связь
)

------------------------

------------------------
11.09.2025 6:22:43
CallbackFormEmailModal
Array
(
    [name] => 1dansbydruscillaoyu@gmail.com
    [phone] => 84483786416
    [formname] => Обратная связь
)

------------------------

------------------------
11.09.2025 12:43:04
CallbackFormEmailModal
Array
(
    [name] => vitya-kondratev-1969@inbox.ru
    [phone] => 81684189157
    [formname] => Обратная связь
)

------------------------

------------------------
11.09.2025 13:45:13
CallbackFormEmailModal
Array
(
    [name] => erangifest1980@mail.ru
    [phone] => 84736557934
    [formname] => Обратная связь
)

------------------------

------------------------
11.09.2025 15:53:51
CallbackFormEmailModal
Array
(
    [name] => sinevhabibi664@bk.ru
    [phone] => 87868834193
    [formname] => Обратная связь
)

------------------------

------------------------
11.09.2025 17:08:35
CallbackFormEmailModal
Array
(
    [name] => kpp@rbrmarket.ru
    [phone] => 81566198627
    [formname] => Обратная связь
)

------------------------

------------------------
11.09.2025 18:57:56
CallbackFormEmailModal
Array
(
    [name] => bikon777@rambler.ru
    [phone] => 83884949439
    [formname] => Обратная связь
)

------------------------

------------------------
11.09.2025 19:27:57
CallbackFormEmailModal
Array
(
    [name] => w.oo.d.for.d.j.am.e.s.o.n.4.@gmail.com
    [phone] => 84627797786
    [formname] => Обратная связь
)

------------------------

------------------------
11.09.2025 20:11:17
CallbackFormEmailModal
Array
(
    [name] => ok5@kirzzioh.store

    [phone] =>  >>> https://t.me/+aw4unxq  #Lolllukazzzur333
 <<<
    [formname] => Обратная связь
)

------------------------

------------------------
11.09.2025 22:14:37
CallbackFormEmailModal
Array
(
    [name] => 123ba2@123ba.fit
    [phone] => 88957973486
    [formname] => Обратная связь
)

------------------------

------------------------
11.09.2025 23:49:23
CallbackFormEmailModal
Array
(
    [name] => juniortub@mail.ru
    [phone] => 85586719715
    [formname] => Обратная связь
)

------------------------
