
------------------------
04.10.2024 4:37:02
CallbackFormEmailModal
Array
(
    [name] => iesdmztayel@rudiplomust.com
    [phone] => 88257473874
    [formname] => Обратная связь
)

------------------------

------------------------
04.10.2024 5:19:03
CallbackFormEmailModal
Array
(
    [name] => no-replyxxx@gmail.com
    [phone] => 86873568448
    [formname] => Обратная связь
)

------------------------

------------------------
04.10.2024 6:22:21
CallbackFormEmailModal
Array
(
    [name] => iuliiapoliakova47982@mail.ru
    [phone] => 83162496869
    [formname] => Обратная связь
)

------------------------

------------------------
04.10.2024 7:47:43
CallbackFormEmailModal
Array
(
    [name] => zhjecnwhhel@rudiplomust.com
    [phone] => 84291212287
    [formname] => Обратная связь
)

------------------------

------------------------
04.10.2024 9:04:57
CallbackFormEmailModal
Array
(
    [name] => markus2@xrevelxr.com
    [phone] => 86449499188
    [formname] => Обратная связь
)

------------------------

------------------------
04.10.2024 9:44:20
CallbackFormEmailModal
Array
(
    [name] => 1q0nbg4km@mozmail.com
    [phone] => 81957814988
    [formname] => Обратная связь
)

------------------------

------------------------
04.10.2024 16:49:13
CallbackFormEmailModal
Array
(
    [name] => turnspecavju1984@op.pl
    [phone] => 87644983346
    [formname] => Обратная связь
)

------------------------

------------------------
04.10.2024 20:21:54
CallbackFormEmailModal
Array
(
    [name] => tentogetsma1970@op.pl
    [phone] => 87936358655
    [formname] => Обратная связь
)

------------------------
