
------------------------
22.10.2025 0:01:50
CallbackFormEmailModal
Array
(
    [name] => golunovamila404@gmail.com
    [phone] => 83428727791
    [formname] => Обратная связь
)

------------------------

------------------------
22.10.2025 0:46:11
CallbackFormEmailModal
Array
(
    [name] => luchik19822@yandex.kz
    [phone] => 86794781722
    [formname] => Обратная связь
)

------------------------

------------------------
22.10.2025 3:44:20
CallbackFormEmailModal
Array
(
    [name] => m.dm.ittriew@gmail.com
    [phone] => 83637812528
    [formname] => Обратная связь
)

------------------------

------------------------
22.10.2025 4:22:12
CallbackFormEmailModal
Array
(
    [name] => laisumake186@mail.ru
    [phone] => 86742366823
    [formname] => Обратная связь
)

------------------------

------------------------
22.10.2025 4:48:46
CallbackFormEmailModal
Array
(
    [name] => nifontmarkov1987@mail.ru
    [phone] => 83645193559
    [formname] => Обратная связь
)

------------------------

------------------------
22.10.2025 4:55:11
CallbackFormEmailModal
Array
(
    [name] => sinevhabibi664@bk.ru
    [phone] => 86844391225
    [formname] => Обратная связь
)

------------------------

------------------------
22.10.2025 5:06:12
CallbackFormEmailModal
Array
(
    [name] => annachusuha@mail.ru
    [phone] => 88499223688
    [formname] => Обратная связь
)

------------------------

------------------------
22.10.2025 5:23:06
CallbackFormEmailModal
Array
(
    [name] => olegzaluri@mail.ru
    [phone] => 81863694973
    [formname] => Обратная связь
)

------------------------

------------------------
22.10.2025 6:43:52
CallbackFormEmailModal
Array
(
    [name] => xunalajiwo42@gmail.com
    [phone] => 88237874351
    [formname] => Обратная связь
)

------------------------

------------------------
22.10.2025 9:18:02
CallbackFormEmailModal
Array
(
    [name] => aleksandrhasuchu@mail.ru
    [phone] => 89993292184
    [formname] => Обратная связь
)

------------------------

------------------------
22.10.2025 9:25:24
CallbackFormEmailModal
Array
(
    [name] => anastasiyajonala@mail.ru
    [phone] => 88931922412
    [formname] => Обратная связь
)

------------------------

------------------------
22.10.2025 9:41:28
CallbackFormEmailModal
Array
(
    [name] => erangifest1980@mail.ru
    [phone] => 82683762556
    [formname] => Обратная связь
)

------------------------

------------------------
22.10.2025 9:41:28
CallbackFormEmailModal
Array
(
    [name] => yaroslav.sevastyanov.1988@mail.ru
    [phone] => 84189396862
    [formname] => Обратная связь
)

------------------------

------------------------
22.10.2025 9:45:21
CallbackFormEmailModal
Array
(
    [name] => dorofeyavinogradova199056@mail.ru
    [phone] => 87481536888
    [formname] => Обратная связь
)

------------------------

------------------------
22.10.2025 9:49:52
CallbackFormEmailModal
Array
(
    [name] => lashawndaqkpuc@mail.ru
    [phone] => 85477886798
    [formname] => Обратная связь
)

------------------------

------------------------
22.10.2025 10:22:08
CallbackFormEmailModal
Array
(
    [name] => yulyagabipo@mail.ru
    [phone] => 89327581232
    [formname] => Обратная связь
)

------------------------

------------------------
22.10.2025 10:23:21
CallbackFormEmailModal
Array
(
    [name] => annachusuha@mail.ru
    [phone] => 81689331215
    [formname] => Обратная связь
)

------------------------

------------------------
22.10.2025 10:24:25
CallbackFormEmailModal
Array
(
    [name] => mikhail.kholudenev.93@mail.ru
    [phone] => 89799141625
    [formname] => Обратная связь
)

------------------------

------------------------
22.10.2025 10:38:19
CallbackFormEmailModal
Array
(
    [name] => yuliyadosuni@mail.ru
    [phone] => 81834254432
    [formname] => Обратная связь
)

------------------------

------------------------
22.10.2025 11:27:29
CallbackFormEmailModal
Array
(
    [name] => dinanikolskaya99@gmail.com
    [phone] => 87844892121
    [formname] => Обратная связь
)

------------------------

------------------------
22.10.2025 14:06:57
CallbackFormEmailModal
Array
(
    [name] => inna.kortneva.69@mail.ru
    [phone] => 87115778719
    [formname] => Обратная связь
)

------------------------

------------------------
22.10.2025 14:07:07
CallbackFormEmailModal
Array
(
    [name] => kskoxim@inbox.ru
    [phone] => 88878326882
    [formname] => Обратная связь
)

------------------------

------------------------
22.10.2025 14:33:49
CallbackFormEmailModal
Array
(
    [name] => dionisij.grigorev.92@mail.ru
    [phone] => 85157599885
    [formname] => Обратная связь
)

------------------------

------------------------
22.10.2025 14:47:12
CallbackFormEmailModal
Array
(
    [name] => kseniyanechusa@mail.ru
    [phone] => 85337631795
    [formname] => Обратная связь
)

------------------------

------------------------
22.10.2025 14:55:36
CallbackFormEmailModal
Array
(
    [name] => placnacidown1989@mail.ru
    [phone] => 83851572433
    [formname] => Обратная связь
)

------------------------

------------------------
22.10.2025 16:42:08
CallbackFormEmailModal
Array
(
    [name] => postsaddtaliretneu@mail.ru
    [phone] => 81749352563
    [formname] => Обратная связь
)

------------------------

------------------------
22.10.2025 16:44:59
CallbackFormEmailModal
Array
(
    [name] => elenaroludo@mail.ru
    [phone] => 86849584559
    [formname] => Обратная связь
)

------------------------

------------------------
22.10.2025 16:48:48
CallbackFormEmailModal
Array
(
    [name] => profconbu_64@mail.ru
    [phone] => 84168478564
    [formname] => Обратная связь
)

------------------------

------------------------
22.10.2025 16:49:02
CallbackFormEmailModal
Array
(
    [name] => irinaxokalo@mail.ru
    [phone] => 82982853792
    [formname] => Обратная связь
)

------------------------

------------------------
22.10.2025 16:49:11
CallbackFormEmailModal
Array
(
    [name] => serezhamobisa@mail.ru
    [phone] => 88613625464
    [formname] => Обратная связь
)

------------------------

------------------------
22.10.2025 16:53:25
CallbackFormEmailModal
Array
(
    [name] => antonwefulu@mail.ru
    [phone] => 84587398273
    [formname] => Обратная связь
)

------------------------

------------------------
22.10.2025 16:54:33
CallbackFormEmailModal
Array
(
    [name] => gunlekingovertcon@mail.ru
    [phone] => 84787237882
    [formname] => Обратная связь
)

------------------------

------------------------
22.10.2025 17:00:18
CallbackFormEmailModal
Array
(
    [name] => anya.genger@mail.ru
    [phone] => 81197386354
    [formname] => Обратная связь
)

------------------------

------------------------
22.10.2025 17:16:09
CallbackFormEmailModal
Array
(
    [name] => higbiosepo1986@mail.ru
    [phone] => 83964783939
    [formname] => Обратная связь
)

------------------------

------------------------
22.10.2025 17:25:41
CallbackFormEmailModal
Array
(
    [name] => tacusol-6816@mail.ru
    [phone] => 86662943633
    [formname] => Обратная связь
)

------------------------

------------------------
22.10.2025 17:34:55
CallbackFormEmailModal
Array
(
    [name] => eepovda@bk.ru
    [phone] => 82248255269
    [formname] => Обратная связь
)

------------------------

------------------------
22.10.2025 17:39:49
CallbackFormEmailModal
Array
(
    [name] => xzjdiyefx@hoopsori.shop
    [phone] => 85452757928
    [formname] => Обратная связь
)

------------------------

------------------------
22.10.2025 17:46:56
CallbackFormEmailModal
Array
(
    [name] => ivanfuvuso@mail.ru
    [phone] => 82786865251
    [formname] => Обратная связь
)

------------------------

------------------------
22.10.2025 17:47:57
CallbackFormEmailModal
Array
(
    [name] => hpricehm35@gmail.com
    [phone] => 89421848349
    [formname] => Обратная связь
)

------------------------

------------------------
22.10.2025 18:02:38
CallbackFormEmailModal
Array
(
    [name] => pomgmk9oheivabfooksm@list.ru
    [phone] => 85781742539
    [formname] => Обратная связь
)

------------------------

------------------------
22.10.2025 18:05:52
CallbackFormEmailModal
Array
(
    [name] => mlonanlout1985@mail.ru
    [phone] => 86918887943
    [formname] => Обратная связь
)

------------------------

------------------------
22.10.2025 18:08:27
CallbackFormEmailModal
Array
(
    [name] => elenakifixo@mail.ru
    [phone] => 81669422797
    [formname] => Обратная связь
)

------------------------

------------------------
22.10.2025 18:14:53
CallbackFormEmailModal
Array
(
    [name] => toktobayeva.nata@mail.ru
    [phone] => 87848144662
    [formname] => Обратная связь
)

------------------------

------------------------
22.10.2025 18:18:19
CallbackFormEmailModal
Array
(
    [name] => ivanpoluma@mail.ru
    [phone] => 86821283968
    [formname] => Обратная связь
)

------------------------

------------------------
22.10.2025 18:19:40
CallbackFormEmailModal
Array
(
    [name] => yulyagabipo@mail.ru
    [phone] => 84841526174
    [formname] => Обратная связь
)

------------------------

------------------------
22.10.2025 18:29:10
CallbackFormEmailModal
Array
(
    [name] => prohor.zlobin.14.11.1987@mail.ru
    [phone] => 86624946144
    [formname] => Обратная связь
)

------------------------

------------------------
22.10.2025 18:58:48
CallbackFormEmailModal
Array
(
    [name] => bokisuq541@gmail.com
    [phone] => 86743115553
    [formname] => Обратная связь
)

------------------------

------------------------
22.10.2025 20:07:59
CallbackFormEmailModal
Array
(
    [name] => halcheni1990@mail.ru
    [phone] => 88471731894
    [formname] => Обратная связь
)

------------------------

------------------------
22.10.2025 20:26:23
CallbackFormEmailModal
Array
(
    [name] => nadezhda_smirnova_26801@mail.ru
    [phone] => 85789788513
    [formname] => Обратная связь
)

------------------------

------------------------
22.10.2025 20:29:18
CallbackFormEmailModal
Array
(
    [name] => pavelpapebi@mail.ru
    [phone] => 82227317695
    [formname] => Обратная связь
)

------------------------

------------------------
22.10.2025 20:33:26
CallbackFormEmailModal
Array
(
    [name] => wu5416370@gmail.com
    [phone] => 89183796994
    [formname] => Обратная связь
)

------------------------

------------------------
22.10.2025 20:58:33
CallbackFormEmailModal
Array
(
    [name] => annachusuha@mail.ru
    [phone] => 88285735768
    [formname] => Обратная связь
)

------------------------

------------------------
22.10.2025 20:58:34
CallbackFormEmailModal
Array
(
    [name] => sinevhabibi664@bk.ru
    [phone] => 86132145235
    [formname] => Обратная связь
)

------------------------

------------------------
22.10.2025 21:03:51
CallbackFormEmailModal
Array
(
    [name] => orlov.roman.1988.2.11@list.ru
    [phone] => 84969353493
    [formname] => Обратная связь
)

------------------------

------------------------
22.10.2025 21:05:16
CallbackFormEmailModal
Array
(
    [name] => polyakovdanila19908366@mail.ru
    [phone] => 89576853744
    [formname] => Обратная связь
)

------------------------

------------------------
22.10.2025 21:25:09
CallbackFormEmailModal
Array
(
    [name] => hrabrgulyaev1996673@mail.ru
    [phone] => 88222659575
    [formname] => Обратная связь
)

------------------------

------------------------
22.10.2025 21:31:24
CallbackFormEmailModal
Array
(
    [name] => tipanasotemthia@mail.ru
    [phone] => 83618796193
    [formname] => Обратная связь
)

------------------------

------------------------
22.10.2025 21:37:20
CallbackFormEmailModal
Array
(
    [name] => uudjipjx@wildbmail.com
    [phone] => 89227714666
    [formname] => Обратная связь
)

------------------------

------------------------
22.10.2025 21:41:57
CallbackFormEmailModal
Array
(
    [name] => felipepitly@mail.ru
    [phone] => 84673717371
    [formname] => Обратная связь
)

------------------------

------------------------
22.10.2025 22:53:18
CallbackFormEmailModal
Array
(
    [name] => mr.markus.virtanen@gmail.com
    [phone] => 82746263748
    [formname] => Обратная связь
)

------------------------
