
------------------------
21.11.2022 0:49:43
CallbackFormEmailModal
Array
(
    [name] => dibaz4884mw@bk.ru
    [phone] => 79944184166
    [formname] => Обратная связь
)

------------------------

------------------------
21.11.2022 1:38:19
CallbackFormEmailModal
Array
(
    [name] => mz8vy@course-fitness.com
    [phone] => 86927758281
    [formname] => Обратная связь
)

------------------------

------------------------
21.11.2022 4:13:11
CallbackFormEmailModal
Array
(
    [name] => fiqtezecuj@outlook.com
    [phone] => fiqtezecuj@outlook.com
    [formname] => Обратная связь
)

------------------------

------------------------
21.11.2022 4:55:59
CallbackFormEmailModal
Array
(
    [name] => velpspews@onymail.xyz
    [phone] => 84389197197
    [formname] => Обратная связь
)

------------------------

------------------------
21.11.2022 7:34:21
CallbackFormEmailModal
Array
(
    [name] => yy5908g2z13e@mail.ru
    [phone] => 82794231743
    [formname] => Обратная связь
)

------------------------

------------------------
21.11.2022 16:07:39
CallbackFormEmailModal
Array
(
    [name] => lumelskiy.leopold@mail.ru
    [phone] => 82682594787
    [formname] => Обратная связь
)

------------------------
