
------------------------
07.07.2022 0:21:03
CallbackFormEmailModal
Array
(
    [name] => beeking@live.com
    [phone] => 89036416264
    [formname] => Обратная связь
)

------------------------

------------------------
07.07.2022 2:36:38
CallbackFormEmailModal
Array
(
    [name] => tsingos_panayiotis@cytanet.com
    [phone] => 89032885962
    [formname] => Обратная связь
)

------------------------

------------------------
07.07.2022 2:53:48
CallbackFormEmailModal
Array
(
    [name] => Sheldon Penta
    [phone] => KurtisDaquip@gmail.com
    [formname] => Обратная связь
)

------------------------

------------------------
07.07.2022 4:53:57
CallbackFormEmailModal
Array
(
    [name] => anthony.j.young@gmail.com
    [phone] => 89032376913
    [formname] => Обратная связь
)

------------------------

------------------------
07.07.2022 7:06:05
CallbackFormEmailModal
Array
(
    [name] => vinced@archicon.com
    [phone] => 89036370849
    [formname] => Обратная связь
)

------------------------

------------------------
07.07.2022 9:17:12
CallbackFormEmailModal
Array
(
    [name] => j-l.l@hotmail.com
    [phone] => 89032361108
    [formname] => Обратная связь
)

------------------------
