
------------------------
29.09.2021 6:49:15
CallbackFormEmailModal
Array
(
    [name] => r8b7vitalik.verenik484kw@gmail.com
    [phone] => 88498152874
    [formname] => Обратная связь
)

------------------------

------------------------
29.09.2021 16:31:33
CallbackFormEmailModal
Array
(
    [name] => no-replysuinuts@gmail.com
    [phone] => 85745894363
    [formname] => Обратная связь
)

------------------------

------------------------
29.09.2021 17:46:54
CallbackFormEmailModal
Array
(
    [name] => annapowell6@kiva-hack.ru

    [phone] => 82841738729
    [formname] => Обратная связь
)

------------------------
