
------------------------
12.12.2024 2:24:15
CallbackFormEmailModal
Array
(
    [name] => wasserman.helga@gmail.com
    [phone] => 82344119489
    [formname] => Обратная связь
)

------------------------

------------------------
12.12.2024 2:42:07
CallbackFormEmailModal
Array
(
    [name] => zvafcisinel@rudiplomust.com
    [phone] => 87548117343
    [formname] => Обратная связь
)

------------------------

------------------------
12.12.2024 4:06:59
CallbackFormEmailModal
Array
(
    [name] => lolerex241@ovout.com
    [phone] => 85968143585
    [formname] => Обратная связь
)

------------------------

------------------------
12.12.2024 5:31:55
CallbackFormEmailModal
Array
(
    [name] => bums3230@fvmaily.com
    [phone] => 87363139599
    [formname] => Обратная связь
)

------------------------

------------------------
12.12.2024 5:51:23
CallbackFormEmailModal
Array
(
    [name] => las@lasercalibration.ru
    [phone] => 85698687543
    [formname] => Обратная связь
)

------------------------

------------------------
12.12.2024 5:53:28
CallbackFormEmailModal
Array
(
    [name] => Joshua Newdegate
    [phone] => Germany
    [formname] => Обратная связь
)

------------------------

------------------------
12.12.2024 7:08:36
CallbackFormEmailModal
Array
(
    [name] => jarerogusto@gmail.com
    [phone] => 85197884119
    [formname] => Обратная связь
)

------------------------

------------------------
12.12.2024 8:41:00
CallbackFormEmailModal
Array
(
    [name] => pkxmokofjel@rudiplomust.com
    [phone] => 87262154327
    [formname] => Обратная связь
)

------------------------

------------------------
12.12.2024 9:02:43
CallbackFormEmailModal
Array
(
    [name] => qlylzqufvel@rudiplomust.com
    [phone] => 84352827943
    [formname] => Обратная связь
)

------------------------

------------------------
12.12.2024 10:00:17
CallbackFormEmailModal
Array
(
    [name] => woodbpurne1983@mail.ru
    [phone] => 88443476325
    [formname] => Обратная связь
)

------------------------

------------------------
12.12.2024 10:04:16
CallbackFormEmailModal
Array
(
    [name] => deacren@mail.ru
    [phone] => 88435753435
    [formname] => Обратная связь
)

------------------------

------------------------
12.12.2024 10:09:05
CallbackFormEmailModal
Array
(
    [name] => foncardda1988@mail.ru
    [phone] => 86537548677
    [formname] => Обратная связь
)

------------------------

------------------------
12.12.2024 10:28:38
CallbackFormEmailModal
Array
(
    [name] => jarerogusto@gmail.com
    [phone] => 82796419118
    [formname] => Обратная связь
)

------------------------

------------------------
12.12.2024 12:33:46
CallbackFormEmailModal
Array
(
    [name] => iwvrwhbrnel@rudiplomust.com
    [phone] => 89985725829
    [formname] => Обратная связь
)

------------------------

------------------------
12.12.2024 12:52:04
CallbackFormEmailModal
Array
(
    [name] => ubggldjmpka@rudiplomust.com
    [phone] => 82849889339
    [formname] => Обратная связь
)

------------------------

------------------------
12.12.2024 12:53:14
CallbackFormEmailModal
Array
(
    [name] => rapnoize@fvmaily.com
    [phone] => 86628938365
    [formname] => Обратная связь
)

------------------------

------------------------
12.12.2024 14:03:42
CallbackFormEmailModal
Array
(
    [name] => trepergiven1980@op.pl
    [phone] => 87379779882
    [formname] => Обратная связь
)

------------------------

------------------------
12.12.2024 18:13:15
CallbackFormEmailModal
Array
(
    [name] => jisankape@list.ru
    [phone] => 89384771895
    [formname] => Обратная связь
)

------------------------

------------------------
12.12.2024 18:24:29
CallbackFormEmailModal
Array
(
    [name] => prombaoridon1987@op.pl
    [phone] => 86324394247
    [formname] => Обратная связь
)

------------------------

------------------------
12.12.2024 18:48:14
CallbackFormEmailModal
Array
(
    [name] => saakian.vova.1985.13.9@list.ru
    [phone] => 81818284395
    [formname] => Обратная связь
)

------------------------

------------------------
12.12.2024 18:48:45
CallbackFormEmailModal
Array
(
    [name] => tacusol-6816@mail.ru
    [phone] => 86226237551
    [formname] => Обратная связь
)

------------------------

------------------------
12.12.2024 18:58:59
CallbackFormEmailModal
Array
(
    [name] => sevastyan.siyantsev@mail.ru
    [phone] => 87329516822
    [formname] => Обратная связь
)

------------------------

------------------------
12.12.2024 18:59:34
CallbackFormEmailModal
Array
(
    [name] => podaiclan_547@mail.ru
    [phone] => 84368695113
    [formname] => Обратная связь
)

------------------------

------------------------
12.12.2024 19:11:43
CallbackFormEmailModal
Array
(
    [name] => telinrice1982@op.pl
    [phone] => 83365539659
    [formname] => Обратная связь
)

------------------------

------------------------
12.12.2024 19:34:30
CallbackFormEmailModal
Array
(
    [name] => sashunya.sergeev.2022@list.ru
    [phone] => 81181339529
    [formname] => Обратная связь
)

------------------------

------------------------
12.12.2024 19:37:20
CallbackFormEmailModal
Array
(
    [name] => halcheni1990@mail.ru
    [phone] => 84844546284
    [formname] => Обратная связь
)

------------------------

------------------------
12.12.2024 19:39:31
CallbackFormEmailModal
Array
(
    [name] => alexde_427@mail.ru
    [phone] => 85115464811
    [formname] => Обратная связь
)

------------------------

------------------------
12.12.2024 20:06:34
CallbackFormEmailModal
Array
(
    [name] => gunlekingovertcon@mail.ru
    [phone] => 88868894759
    [formname] => Обратная связь
)

------------------------

------------------------
12.12.2024 21:47:11
CallbackFormEmailModal
Array
(
    [name] => naphtloxua-5550@mail.ru
    [phone] => 88596794247
    [formname] => Обратная связь
)

------------------------

------------------------
12.12.2024 21:54:41
CallbackFormEmailModal
Array
(
    [name] => lisrebowra1989@mail.ru
    [phone] => 83321199398
    [formname] => Обратная связь
)

------------------------

------------------------
12.12.2024 22:09:58
CallbackFormEmailModal
Array
(
    [name] => piemenmo.65@mail.ru
    [phone] => 84712262985
    [formname] => Обратная связь
)

------------------------

------------------------
12.12.2024 22:50:32
CallbackFormEmailModal
Array
(
    [name] => osipova.liliia.1986.22.12@inbox.ru
    [phone] => 86834393926
    [formname] => Обратная связь
)

------------------------

------------------------
12.12.2024 22:59:48
CallbackFormEmailModal
Array
(
    [name] => shvernik.s@mail.ru
    [phone] => 84333532592
    [formname] => Обратная связь
)

------------------------

------------------------
12.12.2024 22:59:54
CallbackFormEmailModal
Array
(
    [name] => nodetusen1977@op.pl
    [phone] => 83274544542
    [formname] => Обратная связь
)

------------------------

------------------------
12.12.2024 23:27:37
CallbackFormEmailModal
Array
(
    [name] => u.rev.ic.7.5.0.@gmail.com
    [phone] => 89316248846
    [formname] => Обратная связь
)

------------------------
