
------------------------
23.03.2023 1:51:58
CallbackFormEmailModal
Array
(
    [name] => sh.n.i.p.er.so.nm.oisey.48.@gmail.com
    [phone] => 88861361621
    [formname] => Обратная связь
)

------------------------

------------------------
23.03.2023 3:19:14
CallbackFormEmailModal
Array
(
    [name] => kk.ash.h.urr.le.y@gmail.com
    [phone] => 88899564885
    [formname] => Обратная связь
)

------------------------

------------------------
23.03.2023 3:44:16
CallbackFormEmailModal
Array
(
    [name] => loginovauzqg1978@mail.ru
    [phone] => 82315438561
    [formname] => Обратная связь
)

------------------------

------------------------
23.03.2023 5:34:18
CallbackFormEmailModal
Array
(
    [name] => zpqesgxyngr@mail.ru
    [phone] => +791234567381
    [formname] => Обратная связь
)

------------------------

------------------------
23.03.2023 7:57:41
CallbackFormEmailModal
Array
(
    [name] => kkas.hh.urr.ley@gmail.com
    [phone] => 89743572365
    [formname] => Обратная связь
)

------------------------

------------------------
23.03.2023 8:22:12
CallbackFormEmailModal
Array
(
    [name] => artem.kruglov.20.07.1987@mail.ru
    [phone] => 84519544595
    [formname] => Обратная связь
)

------------------------

------------------------
23.03.2023 14:51:37
CallbackFormEmailModal
Array
(
    [name] => kka.shh.u.rr.le.y@gmail.com
    [phone] => 89925773913
    [formname] => Обратная связь
)

------------------------
