
------------------------
30.05.2025 2:25:34
CallbackFormEmailModal
Array
(
    [name] => juniortub@mail.ru
    [phone] => 84222722956
    [formname] => Обратная связь
)

------------------------

------------------------
30.05.2025 4:39:43
CallbackFormEmailModal
Array
(
    [name] => eipsugds@wildbmail.com
    [phone] => 81598959876
    [formname] => Обратная связь
)

------------------------

------------------------
30.05.2025 5:27:03
CallbackFormEmailModal
Array
(
    [name] => dacrocodilo@gmail.com
    [phone] => 84147361185
    [formname] => Обратная связь
)

------------------------

------------------------
30.05.2025 7:34:56
CallbackFormEmailModal
Array
(
    [name] => ponomaryov.borya.1983@bk.ru
    [phone] => 84723296861
    [formname] => Обратная связь
)

------------------------

------------------------
30.05.2025 7:47:38
CallbackFormEmailModal
Array
(
    [name] => terjetade1977@mail.ru
    [phone] => 83774112248
    [formname] => Обратная связь
)

------------------------

------------------------
30.05.2025 7:50:17
CallbackFormEmailModal
Array
(
    [name] => pomgmk9oheivabfooksm@list.ru
    [phone] => 88319934542
    [formname] => Обратная связь
)

------------------------

------------------------
30.05.2025 8:49:49
CallbackFormEmailModal
Array
(
    [name] => xesnyqix@tubermail.com
    [phone] => 88279772515
    [formname] => Обратная связь
)

------------------------

------------------------
30.05.2025 10:13:46
CallbackFormEmailModal
Array
(
    [name] => ramiraselezneva19908003@bk.ru
    [phone] => 88252779557
    [formname] => Обратная связь
)

------------------------

------------------------
30.05.2025 10:36:40
CallbackFormEmailModal
Array
(
    [name] => mona2w3@gmail.com
    [phone] => 83633212834
    [formname] => Обратная связь
)

------------------------

------------------------
30.05.2025 10:47:19
CallbackFormEmailModal
Array
(
    [name] => dzhavgorat-tashdemirov1981@mail.ru
    [phone] => 84335326658
    [formname] => Обратная связь
)

------------------------

------------------------
30.05.2025 11:12:36
CallbackFormEmailModal
Array
(
    [name] => perrettcornalss@anonmails.de
    [phone] => 84584779961
    [formname] => Обратная связь
)

------------------------

------------------------
30.05.2025 11:12:42
CallbackFormEmailModal
Array
(
    [name] => laisumake186@mail.ru
    [phone] => 87124916723
    [formname] => Обратная связь
)

------------------------

------------------------
30.05.2025 11:41:27
CallbackFormEmailModal
Array
(
    [name] => yaroslav.sevastyanov.1988@mail.ru
    [phone] => 84969878834
    [formname] => Обратная связь
)

------------------------

------------------------
30.05.2025 11:57:05
CallbackFormEmailModal
Array
(
    [name] => aliexpress@paralympicgames2024.ru
    [phone] => 88617486286
    [formname] => Обратная связь
)

------------------------

------------------------
30.05.2025 12:25:20
CallbackFormEmailModal
Array
(
    [name] => zvzyzmub@tubermail.com
    [phone] => 86764196452
    [formname] => Обратная связь
)

------------------------

------------------------
30.05.2025 15:22:10
CallbackFormEmailModal
Array
(
    [name] => yawiviseya67@gmail.com
    [phone] => 87493467495
    [formname] => Обратная связь
)

------------------------

------------------------
30.05.2025 16:08:45
CallbackFormEmailModal
Array
(
    [name] => Eric Jones
    [phone] => US
    [formname] => Обратная связь
)

------------------------

------------------------
30.05.2025 17:08:57
CallbackFormEmailModal
Array
(
    [name] => sqmugcjjwPi@post-bot.ru
    [phone] => 86396366323
    [formname] => Обратная связь
)

------------------------

------------------------
30.05.2025 17:14:19
CallbackFormEmailModal
Array
(
    [name] => iexypoxf@tubermail.com
    [phone] => 83493989988
    [formname] => Обратная связь
)

------------------------

------------------------
30.05.2025 19:42:26
CallbackFormEmailModal
Array
(
    [name] => ojdgvfvy@tubermail.com
    [phone] => 83968228754
    [formname] => Обратная связь
)

------------------------

------------------------
30.05.2025 20:16:25
CallbackFormEmailModal
Array
(
    [name] => yourmail@gmail.com
    [phone] => 87442857953
    [formname] => Обратная связь
)

------------------------

------------------------
30.05.2025 20:23:26
CallbackFormEmailModal
Array
(
    [name] => fisherrecovery@gmx.net
    [phone] => 85819651385
    [formname] => Обратная связь
)

------------------------

------------------------
30.05.2025 20:39:15
CallbackFormEmailModal
Array
(
    [name] => mqhiptcz@streetwormail.com
    [phone] => 81883555434
    [formname] => Обратная связь
)

------------------------

------------------------
30.05.2025 22:20:23
CallbackFormEmailModal
Array
(
    [name] => hwhigidao@railugpharow.shop
    [phone] => 81775632419
    [formname] => Обратная связь
)

------------------------

------------------------
30.05.2025 22:22:34
CallbackFormEmailModal
Array
(
    [name] => vyaxeohti@damcongremill.shop
    [phone] => 86939127557
    [formname] => Обратная связь
)

------------------------

------------------------
30.05.2025 22:49:53
CallbackFormEmailModal
Array
(
    [name] => pgxyxneweka@fanera-kupit11.ru
    [phone] => 82431625897
    [formname] => Обратная связь
)

------------------------
