
------------------------
10.04.2024 3:20:06
CallbackFormEmailModal
Array
(
    [name] => alexpopov716253@gmail.com
    [phone] => 89781957269
    [formname] => Обратная связь
)

------------------------

------------------------
10.04.2024 7:05:10
CallbackFormEmailModal
Array
(
    [name] => terrimaggs5@gmail.com
    [phone] => 82764732323
    [formname] => Обратная связь
)

------------------------

------------------------
10.04.2024 8:05:02
CallbackFormEmailModal
Array
(
    [name] => dladislavapurieva371@yandex.ru
    [phone] => 81993153546
    [formname] => Обратная связь
)

------------------------

------------------------
10.04.2024 9:05:14
CallbackFormEmailModal
Array
(
    [name] => tearlachryan@gmail.com
    [phone] => 85736733367
    [formname] => Обратная связь
)

------------------------

------------------------
10.04.2024 9:14:34
CallbackFormEmailModal
Array
(
    [name] => arebelablady@gmail.com
    [phone] => 87339883958
    [formname] => Обратная связь
)

------------------------

------------------------
10.04.2024 9:41:14
CallbackFormEmailModal
Array
(
    [name] => latishajaradat@gmail.com
    [phone] => 82336674253
    [formname] => Обратная связь
)

------------------------

------------------------
10.04.2024 9:42:34
CallbackFormEmailModal
Array
(
    [name] => dladislavapurieva371@yandex.ru
    [phone] => 82365538116
    [formname] => Обратная связь
)

------------------------

------------------------
10.04.2024 11:40:47
CallbackFormEmailModal
Array
(
    [name] => sollealeta98@hotmail.com
    [phone] => 83317187119
    [formname] => Обратная связь
)

------------------------

------------------------
10.04.2024 12:38:06
CallbackFormEmailModal
Array
(
    [name] => archorpairo@mail3go.online

    [phone] => 83296632821
    [formname] => Обратная связь
)

------------------------

------------------------
10.04.2024 16:19:59
CallbackFormEmailModal
Array
(
    [name] => tobyjodie89@gmail.com
    [phone] => 85755576851
    [formname] => Обратная связь
)

------------------------

------------------------
10.04.2024 16:35:36
CallbackFormEmailModal
Array
(
    [name] => bficyxbtsjhpqgro@onet.pl
    [phone] => 82936842215
    [formname] => Обратная связь
)

------------------------

------------------------
10.04.2024 17:21:06
CallbackFormEmailModal
Array
(
    [name] => mikeKitGrishitty@gmail.com
    [phone] => 85191695695
    [formname] => Обратная связь
)

------------------------

------------------------
10.04.2024 18:37:13
CallbackFormEmailModal
Array
(
    [name] => australian@casino-slot-game.com
    [phone] => 85217113561
    [formname] => Обратная связь
)

------------------------

------------------------
10.04.2024 18:56:03
CallbackFormEmailModal
Array
(
    [name] => clarencefleming609@gmail.com
    [phone] => 87196727341
    [formname] => Обратная связь
)

------------------------

------------------------
10.04.2024 18:58:23
CallbackFormEmailModal
Array
(
    [name] => vegedifa@mailcos.site

    [phone] => 86397728981
    [formname] => Обратная связь
)

------------------------

------------------------
10.04.2024 22:16:26
CallbackFormEmailModal
Array
(
    [name] => segif18200@shirulo.com
    [phone] => 82364791717
    [formname] => Обратная связь
)

------------------------

------------------------
10.04.2024 22:44:19
CallbackFormEmailModal
Array
(
    [name] => yourmail@gmail.com
    [phone] => 84224774373
    [formname] => Обратная связь
)

------------------------
