
------------------------
10.12.2022 0:21:40
CallbackFormEmailModal
Array
(
    [name] => denizschirokov@yandex.ru
    [phone] => 84748461459
    [formname] => Обратная связь
)

------------------------

------------------------
10.12.2022 5:07:32
CallbackFormEmailModal
Array
(
    [name] => bsmergerarely3@outlook.com
    [phone] => 83251449593
    [formname] => Обратная связь
)

------------------------

------------------------
10.12.2022 8:18:13
CallbackFormEmailModal
Array
(
    [name] => post@bamz.us
    [phone] => 89992435885
    [formname] => Обратная связь
)

------------------------

------------------------
10.12.2022 9:31:16
CallbackFormEmailModal
Array
(
    [name] => luki.no.v.ich.2.022.13.5.5@gmail.com

    [phone] => 85716348961
    [formname] => Обратная связь
)

------------------------

------------------------
10.12.2022 10:35:12
CallbackFormEmailModal
Array
(
    [name] => gisbeyokul@outlook.com
    [phone] => gisbeyokul@outlook.com
    [formname] => Обратная связь
)

------------------------

------------------------
10.12.2022 11:09:12
CallbackFormEmailModal
Array
(
    [name] => mi.r.o.n.bit.k.ov.i.n.@gmail.com
    [phone] => 84437491393
    [formname] => Обратная связь
)

------------------------

------------------------
10.12.2022 11:09:13
CallbackFormEmailModal
Array
(
    [name] => in.gam.9.39@gmail.com
    [phone] => 87818129493
    [formname] => Обратная связь
)

------------------------

------------------------
10.12.2022 20:13:33
CallbackFormEmailModal
Array
(
    [name] => dsetti@yandex.com
    [phone] => 87652375985
    [formname] => Обратная связь
)

------------------------
