
------------------------
08.03.2024 0:38:24
CallbackFormEmailModal
Array
(
    [name] => txbiocapuwpdbqps@onet.pl
    [phone] => 83117812323
    [formname] => Обратная связь
)

------------------------

------------------------
08.03.2024 2:43:59
CallbackFormEmailModal
Array
(
    [name] => pressrelease@washingtonposttoday.com
    [phone] => 89542614182
    [formname] => Обратная связь
)

------------------------

------------------------
08.03.2024 2:56:22
CallbackFormEmailModal
Array
(
    [name] => zdouyfdggenm@onet.pl
    [phone] => 84687771156
    [formname] => Обратная связь
)

------------------------

------------------------
08.03.2024 3:25:45
CallbackFormEmailModal
Array
(
    [name] => jfwttuvtlzfwlhir@onet.pl
    [phone] => 83746781911
    [formname] => Обратная связь
)

------------------------

------------------------
08.03.2024 4:36:24
CallbackFormEmailModal
Array
(
    [name] => kaenquirynicholls@gmail.com
    [phone] => 85518122388
    [formname] => Обратная связь
)

------------------------

------------------------
08.03.2024 4:55:50
CallbackFormEmailModal
Array
(
    [name] => harry@theflipperzerozone.com
    [phone] => 84711464247
    [formname] => Обратная связь
)

------------------------

------------------------
08.03.2024 5:02:30
CallbackFormEmailModal
Array
(
    [name] => thropedasocafbas@mail.ru
    [phone] => 81863931652
    [formname] => Обратная связь
)

------------------------

------------------------
08.03.2024 8:57:02
CallbackFormEmailModal
Array
(
    [name] => nualxebynxmasupi@onet.pl
    [phone] => 83816315244
    [formname] => Обратная связь
)

------------------------

------------------------
08.03.2024 12:34:49
CallbackFormEmailModal
Array
(
    [name] => uqmwcapxe@xrumer1.dynainbox.com
    [phone] => 86961941935
    [formname] => Обратная связь
)

------------------------

------------------------
08.03.2024 15:42:26
CallbackFormEmailModal
Array
(
    [name] => misterdukson51@hotmail.com
    [phone] => 88334547337
    [formname] => Обратная связь
)

------------------------

------------------------
08.03.2024 16:18:25
CallbackFormEmailModal
Array
(
    [name] => segif18200@shirulo.com
    [phone] => 83155874918
    [formname] => Обратная связь
)

------------------------

------------------------
08.03.2024 16:31:39
CallbackFormEmailModal
Array
(
    [name] => danilovamarkella19953880@mail.ru
    [phone] => 85378256173
    [formname] => Обратная связь
)

------------------------

------------------------
08.03.2024 17:21:59
CallbackFormEmailModal
Array
(
    [name] => tqjthwtszfrhdapr@onet.pl
    [phone] => 81313116117
    [formname] => Обратная связь
)

------------------------

------------------------
08.03.2024 23:10:58
CallbackFormEmailModal
Array
(
    [name] => mintnews@livemintnewstoday.com
    [phone] => 87982946237
    [formname] => Обратная связь
)

------------------------
