
------------------------
02.07.2025 3:51:22
CallbackFormEmailModal
Array
(
    [name] => sofi2000live.8.88@gmail.com
    [phone] => 83962228127
    [formname] => Обратная связь
)

------------------------

------------------------
02.07.2025 3:51:22
CallbackFormEmailModal
Array
(
    [name] => sitebig.choice@gmail.com
    [phone] => 89337381314
    [formname] => Обратная связь
)

------------------------

------------------------
02.07.2025 5:20:48
CallbackFormEmailModal
Array
(
    [name] => alankwork500@gmail.com
    [phone] => 87397375196
    [formname] => Обратная связь
)

------------------------

------------------------
02.07.2025 6:04:46
CallbackFormEmailModal
Array
(
    [name] => alankwork500@gmail.com
    [phone] => 86918825557
    [formname] => Обратная связь
)

------------------------

------------------------
02.07.2025 9:42:12
CallbackFormEmailModal
Array
(
    [name] => dorofeyavinogradova199056@mail.ru
    [phone] => 84778228274
    [formname] => Обратная связь
)

------------------------

------------------------
02.07.2025 9:51:21
CallbackFormEmailModal
Array
(
    [name] => juncpecni1980@mail.ru
    [phone] => 83187677148
    [formname] => Обратная связь
)

------------------------

------------------------
02.07.2025 9:55:02
CallbackFormEmailModal
Array
(
    [name] => secberconla1986@mail.ru
    [phone] => 85682933781
    [formname] => Обратная связь
)

------------------------

------------------------
02.07.2025 9:57:45
CallbackFormEmailModal
Array
(
    [name] => seimymavig1983@mail.ru
    [phone] => 82667432347
    [formname] => Обратная связь
)

------------------------

------------------------
02.07.2025 9:58:32
CallbackFormEmailModal
Array
(
    [name] => ovnterbefjuden6138@mail.ru
    [phone] => 83443738187
    [formname] => Обратная связь
)

------------------------

------------------------
02.07.2025 9:58:49
CallbackFormEmailModal
Array
(
    [name] => mlonanlout1985@mail.ru
    [phone] => 83731627717
    [formname] => Обратная связь
)

------------------------

------------------------
02.07.2025 10:00:21
CallbackFormEmailModal
Array
(
    [name] => zuyev-vadik@bk.ru
    [phone] => 87293515787
    [formname] => Обратная связь
)

------------------------

------------------------
02.07.2025 10:00:41
CallbackFormEmailModal
Array
(
    [name] => halcheni1990@mail.ru
    [phone] => 89828619897
    [formname] => Обратная связь
)

------------------------

------------------------
02.07.2025 10:01:02
CallbackFormEmailModal
Array
(
    [name] => tacusol-6816@mail.ru
    [phone] => 87643424331
    [formname] => Обратная связь
)

------------------------

------------------------
02.07.2025 10:09:13
CallbackFormEmailModal
Array
(
    [name] => combontsegal37@mail.ru
    [phone] => 85393168211
    [formname] => Обратная связь
)

------------------------

------------------------
02.07.2025 10:14:49
CallbackFormEmailModal
Array
(
    [name] => yaroslav.sevastyanov.1988@mail.ru
    [phone] => 89727782285
    [formname] => Обратная связь
)

------------------------

------------------------
02.07.2025 10:26:42
CallbackFormEmailModal
Array
(
    [name] => profconbu_64@mail.ru
    [phone] => 81967445745
    [formname] => Обратная связь
)

------------------------

------------------------
02.07.2025 10:26:42
CallbackFormEmailModal
Array
(
    [name] => pomgmk9oheivabfooksm@list.ru
    [phone] => 88362277875
    [formname] => Обратная связь
)

------------------------

------------------------
02.07.2025 10:29:21
CallbackFormEmailModal
Array
(
    [name] => yulya.onipchenko.88@mail.ru
    [phone] => 82323279798
    [formname] => Обратная связь
)

------------------------

------------------------
02.07.2025 11:33:11
CallbackFormEmailModal
Array
(
    [name] => asdxac8@gmail.com
    [phone] => 89752348277
    [formname] => Обратная связь
)

------------------------

------------------------
02.07.2025 23:07:19
CallbackFormEmailModal
Array
(
    [name] => s.cra.p.b.otn.e.t@gmail.com
    [phone] => 87257559756
    [formname] => Обратная связь
)

------------------------
