
------------------------
05.01.2023 1:23:50
CallbackFormEmailModal
Array
(
    [name] => conbelepo1975@yahoo.com
    [phone] => 85892345932
    [formname] => Обратная связь
)

------------------------

------------------------
05.01.2023 2:25:44
CallbackFormEmailModal
Array
(
    [name] => k.kashh.urrley@gmail.com
    [phone] => 85899923727
    [formname] => Обратная связь
)

------------------------

------------------------
05.01.2023 3:10:35
CallbackFormEmailModal
Array
(
    [name] => 8lcr13kv9x@y.mx23.fun

    [phone] => 81136211827
    [formname] => Обратная связь
)

------------------------

------------------------
05.01.2023 3:19:07
CallbackFormEmailModal
Array
(
    [name] => 98gv4q7q1m@zby.mx23.fun

    [phone] => 83451897452
    [formname] => Обратная связь
)

------------------------

------------------------
05.01.2023 3:19:17
CallbackFormEmailModal
Array
(
    [name] => t8q8obbkw2@edm.mx23.fun

    [phone] => 85865524732
    [formname] => Обратная связь
)

------------------------

------------------------
05.01.2023 6:23:21
CallbackFormEmailModal
Array
(
    [name] => spbetcas740@gmail.com
    [phone] => 81449921677
    [formname] => Обратная связь
)

------------------------

------------------------
05.01.2023 20:26:55
CallbackFormEmailModal
Array
(
    [name] => aq19aqa@rambler.ru
    [phone] => 82524466477
    [formname] => Обратная связь
)

------------------------
