
------------------------
01.02.2025 0:18:21
CallbackFormEmailModal
Array
(
    [name] => gvgpjvxgiel@rudiplomust.com
    [phone] => 81768436947
    [formname] => Обратная связь
)

------------------------

------------------------
01.02.2025 3:47:42
CallbackFormEmailModal
Array
(
    [name] => one22@don-rem.ru
    [phone] => 81361276844
    [formname] => Обратная связь
)

------------------------

------------------------
01.02.2025 4:09:10
CallbackFormEmailModal
Array
(
    [name] => oemasgraqKn@rudiplomust.com
    [phone] => 84269717651
    [formname] => Обратная связь
)

------------------------

------------------------
01.02.2025 4:51:23
CallbackFormEmailModal
Array
(
    [name] => xiakfpgfrel@rudiplomust.com
    [phone] => 82297832853
    [formname] => Обратная связь
)

------------------------

------------------------
01.02.2025 4:55:28
CallbackFormEmailModal
Array
(
    [name] => zckksnunqel@rudiplomust.com
    [phone] => 81758177779
    [formname] => Обратная связь
)

------------------------

------------------------
01.02.2025 5:59:18
CallbackFormEmailModal
Array
(
    [name] => xuvvrprudEt@rudiplomust.com
    [phone] => 86166391977
    [formname] => Обратная связь
)

------------------------

------------------------
01.02.2025 6:09:18
CallbackFormEmailModal
Array
(
    [name] => yazkabyowel@rudiplomust.com
    [phone] => 82736396586
    [formname] => Обратная связь
)

------------------------

------------------------
01.02.2025 6:28:31
CallbackFormEmailModal
Array
(
    [name] => nagodbinbel@rudiplomust.com
    [phone] => 82227446252
    [formname] => Обратная связь
)

------------------------

------------------------
01.02.2025 6:57:03
CallbackFormEmailModal
Array
(
    [name] => evgenevna5qdk@gmail.com
    [phone] => 87493363974
    [formname] => Обратная связь
)

------------------------

------------------------
01.02.2025 8:16:51
CallbackFormEmailModal
Array
(
    [name] => vieramolgo1983@op.pl
    [phone] => 84473275571
    [formname] => Обратная связь
)

------------------------

------------------------
01.02.2025 8:51:49
CallbackFormEmailModal
Array
(
    [name] => evgenevna5qdk@gmail.com
    [phone] => 84446634431
    [formname] => Обратная связь
)

------------------------

------------------------
01.02.2025 11:23:17
CallbackFormEmailModal
Array
(
    [name] => aeuyiycjhel@rudiplomust.com
    [phone] => 84919638697
    [formname] => Обратная связь
)

------------------------

------------------------
01.02.2025 13:54:32
CallbackFormEmailModal
Array
(
    [name] => kcuaacavdka@rudiplomust.com
    [phone] => 84341838548
    [formname] => Обратная связь
)

------------------------

------------------------
01.02.2025 14:28:31
CallbackFormEmailModal
Array
(
    [name] => cyhjcsljjel@rudiplomust.com
    [phone] => 82877916225
    [formname] => Обратная связь
)

------------------------

------------------------
01.02.2025 16:23:49
CallbackFormEmailModal
Array
(
    [name] => pendjuncsuapod1988@op.pl
    [phone] => 84735329745
    [formname] => Обратная связь
)

------------------------

------------------------
01.02.2025 16:47:43
CallbackFormEmailModal
Array
(
    [name] => steranlomu1981@op.pl
    [phone] => 88622487866
    [formname] => Обратная связь
)

------------------------

------------------------
01.02.2025 17:46:59
CallbackFormEmailModal
Array
(
    [name] => rzljdrebwSi@rudiplomust.com
    [phone] => 81159431959
    [formname] => Обратная связь
)

------------------------

------------------------
01.02.2025 18:14:11
CallbackFormEmailModal
Array
(
    [name] => osipova.liliia.1986.22.12@inbox.ru
    [phone] => 82715383386
    [formname] => Обратная связь
)

------------------------

------------------------
01.02.2025 18:15:56
CallbackFormEmailModal
Array
(
    [name] => gabrielakuzmina1989@list.ru
    [phone] => 86659762184
    [formname] => Обратная связь
)

------------------------

------------------------
01.02.2025 18:25:47
CallbackFormEmailModal
Array
(
    [name] => panova.elena.1992.23.11@bk.ru
    [phone] => 88643129529
    [formname] => Обратная связь
)

------------------------

------------------------
01.02.2025 19:59:49
CallbackFormEmailModal
Array
(
    [name] => ncykyklwbel@rudiplomust.com
    [phone] => 86367495336
    [formname] => Обратная связь
)

------------------------

------------------------
01.02.2025 19:59:52
CallbackFormEmailModal
Array
(
    [name] => bunpwyywpei@rudiplomust.com
    [phone] => 84735814838
    [formname] => Обратная связь
)

------------------------

------------------------
01.02.2025 20:53:08
CallbackFormEmailModal
Array
(
    [name] => gamesxrust@mail.ru
    [phone] => 87521142451
    [formname] => Обратная связь
)

------------------------

------------------------
01.02.2025 21:49:33
CallbackFormEmailModal
Array
(
    [name] => efopesnktel@rudiplomust.com
    [phone] => 85727855782
    [formname] => Обратная связь
)

------------------------

------------------------
01.02.2025 23:20:49
CallbackFormEmailModal
Array
(
    [name] => juniortub@mail.ru
    [phone] => 87189651797
    [formname] => Обратная связь
)

------------------------
