
------------------------
09.06.2023 13:55:10
CallbackFormEmailModal
Array
(
    [name] => zin.boston@yandex.ru
    [phone] => 85329382774
    [formname] => Обратная связь
)

------------------------

------------------------
09.06.2023 18:37:50
Order
Array
(
    [name] => Сагоян Абет Северникович
    [email] => merisagoyan@gmail.com
    [phone] => +7-912-637-7399
    [comment] => Сварной  настил SP 34х38/30х3 Zn 1200х1000 мм, кол-во: 1, цена: 6300руб.
Способ доставки: Доставка автотранспортом поставщика
Выберите способ оплаты: Оплата на расчетный счет организации
Адрес доставки: Бобкова, 10 40

Комментарий к заказу: 

    [formname] => Заказ из корзины
    [fields] => Array
        (
            [price] => 12600
        )

)

------------------------

------------------------
09.06.2023 21:46:05
CallbackFormEmailModal
Array
(
    [name] => ssolovevru5lan@yandex.com
    [phone] => 86218698727
    [formname] => Обратная связь
)

------------------------

------------------------
09.06.2023 22:54:32
CallbackFormEmailModal
Array
(
    [name] => o61ned9kfo@pqmw.tvtap.fun

    [phone] => 86229161145
    [formname] => Обратная связь
)

------------------------
