
------------------------
25.06.2021 3:44:05
CallbackFormEmailModal
Array
(
    [name] => promo814992@lis.ru
    [phone] => 79150111267
    [formname] => Обратная связь
)

------------------------

------------------------
25.06.2021 9:40:24
CallbackFormEmailModal
Array
(
    [name] => hayqlt@saldov.club
    [phone] => 89324972849
    [formname] => Обратная связь
)

------------------------

------------------------
25.06.2021 20:41:48
CallbackFormEmailModal
Array
(
    [name] => no-replykr@gmail.com
    [phone] => 84541335121
    [formname] => Обратная связь
)

------------------------
