
------------------------
02.11.2024 0:12:41
CallbackFormEmailModal
Array
(
    [name] => highvinonthyo1986@mail.ru
    [phone] => 84433525899
    [formname] => Обратная связь
)

------------------------

------------------------
02.11.2024 0:15:19
CallbackFormEmailModal
Array
(
    [name] => rais.shchigelskaya2002@mail.ru
    [phone] => 87747444132
    [formname] => Обратная связь
)

------------------------

------------------------
02.11.2024 0:40:10
CallbackFormEmailModal
Array
(
    [name] => husnae8536@gazeta.pl
    [phone] => 83526768732
    [formname] => Обратная связь
)

------------------------

------------------------
02.11.2024 2:37:30
CallbackFormEmailModal
Array
(
    [name] => julianbemwoods@outlook.com
    [phone] => 82523744254
    [formname] => Обратная связь
)

------------------------

------------------------
02.11.2024 4:43:08
CallbackFormEmailModal
Array
(
    [name] => foncardda1988@mail.ru
    [phone] => 84312511519
    [formname] => Обратная связь
)

------------------------

------------------------
02.11.2024 7:38:45
CallbackFormEmailModal
Array
(
    [name] => admin@kmspico.me
    [phone] => 82918299369
    [formname] => Обратная связь
)

------------------------

------------------------
02.11.2024 7:42:05
CallbackFormEmailModal
Array
(
    [name] => pranedwalig1975@op.pl
    [phone] => 87485754748
    [formname] => Обратная связь
)

------------------------

------------------------
02.11.2024 8:38:14
CallbackFormEmailModal
Array
(
    [name] => redirect-4a42ef35274f54f1035098c637674f63@webmark.eting.org
    [phone] => redirect-4a42ef35274f54f1035098c637674f63@webmark.eting.org
    [formname] => Обратная связь
)

------------------------

------------------------
02.11.2024 9:40:45
CallbackFormEmailModal
Array
(
    [name] => jamowcqg@hotmail.com
    [phone] => 83179488357
    [formname] => Обратная связь
)

------------------------

------------------------
02.11.2024 11:00:01
CallbackFormEmailModal
Array
(
    [name] => info@zel.biz
    [phone] => 84194693435
    [formname] => Обратная связь
)

------------------------

------------------------
02.11.2024 12:42:37
CallbackFormEmailModal
Array
(
    [name] => progon@progon.fun
    [phone] => 82469415831
    [formname] => Обратная связь
)

------------------------

------------------------
02.11.2024 12:55:09
CallbackFormEmailModal
Array
(
    [name] => cvety@dostavka-cvetov-odincovo.ru
    [phone] => 88686376789
    [formname] => Обратная связь
)

------------------------

------------------------
02.11.2024 13:22:24
CallbackFormEmailModal
Array
(
    [name] => liacomdeogo1977@op.pl
    [phone] => 85819239455
    [formname] => Обратная связь
)

------------------------

------------------------
02.11.2024 13:46:15
CallbackFormEmailModal
Array
(
    [name] => mefedron@cocaine-moscow-russia.shop
    [phone] => 81795173662
    [formname] => Обратная связь
)

------------------------

------------------------
02.11.2024 15:15:05
CallbackFormEmailModal
Array
(
    [name] => 1@smaalex09.store
    [phone] => 86988193677
    [formname] => Обратная связь
)

------------------------

------------------------
02.11.2024 17:28:55
CallbackFormEmailModal
Array
(
    [name] => leifwoolbright1984@mailsdomens.com
    [phone] => 88929514622
    [formname] => Обратная связь
)

------------------------

------------------------
02.11.2024 21:51:28
CallbackFormEmailModal
Array
(
    [name] => redirect-dd39ea8a8165795cdcbc29f498fc8de1@webmark.eting.org
    [phone] => redirect-dd39ea8a8165795cdcbc29f498fc8de1@webmark.eting.org
    [formname] => Обратная связь
)

------------------------

------------------------
02.11.2024 23:07:55
CallbackFormEmailModal
Array
(
    [name] => xrumer23Kip@gmail.com
    [phone] => 88652952835
    [formname] => Обратная связь
)

------------------------
