
------------------------
06.04.2026 8:40:32
CallbackFormEmailModal
Array
(
    [name] => h.o.k.i.n.as.e.an.i.ka.@gmail.com
    [phone] => 82441611494
    [formname] => Обратная связь
)

------------------------

------------------------
06.04.2026 10:40:17
CallbackFormEmailModal
Array
(
    [name] => tacusol-6816@mail.ru
    [phone] => 88981547215
    [formname] => Обратная связь
)

------------------------

------------------------
06.04.2026 10:50:39
CallbackFormEmailModal
Array
(
    [name] => konstantinrovini@mail.ru
    [phone] => 84433375272
    [formname] => Обратная связь
)

------------------------

------------------------
06.04.2026 12:11:51
CallbackFormEmailModal
Array
(
    [name] => tacusol-6816@mail.ru
    [phone] => 84845916274
    [formname] => Обратная связь
)

------------------------

------------------------
06.04.2026 13:18:57
CallbackFormModal
Array
(
    [name] => Владимир 
    [phone] => +7(916)359-62-77
    [formname] => Заказать звонок
)

------------------------

------------------------
06.04.2026 16:02:14
CallbackFormEmailModal
Array
(
    [name] => kina3axjglime@bk.ru
    [phone] => 89243314747
    [formname] => Обратная связь
)

------------------------
