
------------------------
16.12.2024 1:45:18
CallbackFormEmailModal
Array
(
    [name] => mocircno@gismail.online

    [phone] => 83526621124
    [formname] => Обратная связь
)

------------------------

------------------------
16.12.2024 2:58:35
CallbackFormEmailModal
Array
(
    [name] => goldboy1931@gmail.com
    [phone] => 81335754469
    [formname] => Обратная связь
)

------------------------

------------------------
16.12.2024 6:49:59
CallbackFormEmailModal
Array
(
    [name] => sabrinaablezova35@gmail.com
    [phone] => 85386385613
    [formname] => Обратная связь
)

------------------------

------------------------
16.12.2024 7:47:52
CallbackFormEmailModal
Array
(
    [name] => lisrebowra1989@mail.ru
    [phone] => 88795494437
    [formname] => Обратная связь
)

------------------------

------------------------
16.12.2024 7:52:21
CallbackFormEmailModal
Array
(
    [name] => saysalruanscilich@mail.ru
    [phone] => 86717666464
    [formname] => Обратная связь
)

------------------------

------------------------
16.12.2024 7:55:19
CallbackFormEmailModal
Array
(
    [name] => myualyuels@mail.ru
    [phone] => 87873936981
    [formname] => Обратная связь
)

------------------------

------------------------
16.12.2024 8:02:10
CallbackFormEmailModal
Array
(
    [name] => orlov.roman.1988.2.11@list.ru
    [phone] => 81469724483
    [formname] => Обратная связь
)

------------------------

------------------------
16.12.2024 8:08:17
CallbackFormEmailModal
Array
(
    [name] => higbiosepo1986@mail.ru
    [phone] => 83937148764
    [formname] => Обратная связь
)

------------------------

------------------------
16.12.2024 8:08:28
CallbackFormEmailModal
Array
(
    [name] => tipanasotemthia@mail.ru
    [phone] => 89691526528
    [formname] => Обратная связь
)

------------------------

------------------------
16.12.2024 8:30:57
CallbackFormEmailModal
Array
(
    [name] => highvinonthyo1986@mail.ru
    [phone] => 82464825228
    [formname] => Обратная связь
)

------------------------

------------------------
16.12.2024 8:34:44
CallbackFormEmailModal
Array
(
    [name] => doloresa.grishina@mail.ru
    [phone] => 89416442666
    [formname] => Обратная связь
)

------------------------

------------------------
16.12.2024 8:41:48
CallbackFormEmailModal
Array
(
    [name] => qfssuucjoka@rudiplomust.com
    [phone] => 81212453511
    [formname] => Обратная связь
)

------------------------

------------------------
16.12.2024 10:01:19
CallbackFormEmailModal
Array
(
    [name] => vwqqqhtlsEa@me-game.store
    [phone] => 83426287393
    [formname] => Обратная связь
)

------------------------

------------------------
16.12.2024 14:48:32
CallbackFormEmailModal
Array
(
    [name] => eeuwvftphel@rudiplomust.com
    [phone] => 86546747865
    [formname] => Обратная связь
)

------------------------

------------------------
16.12.2024 16:13:07
CallbackFormEmailModal
Array
(
    [name] => jarerogusto@gmail.com
    [phone] => 81421971761
    [formname] => Обратная связь
)

------------------------

------------------------
16.12.2024 16:16:35
CallbackFormEmailModal
Array
(
    [name] => marydesanta291@gmail.com
    [phone] => 89981142946
    [formname] => Обратная связь
)

------------------------

------------------------
16.12.2024 16:40:42
CallbackFormEmailModal
Array
(
    [name] => abkcbyfswel@rudiplomust.com
    [phone] => 82667354587
    [formname] => Обратная связь
)

------------------------

------------------------
16.12.2024 17:37:20
CallbackFormEmailModal
Array
(
    [name] => jarerogusto@gmail.com
    [phone] => 85172161267
    [formname] => Обратная связь
)

------------------------

------------------------
16.12.2024 17:51:12
CallbackFormEmailModal
Array
(
    [name] => marydesanta291@gmail.com
    [phone] => 87347758967
    [formname] => Обратная связь
)

------------------------

------------------------
16.12.2024 17:52:58
CallbackFormEmailModal
Array
(
    [name] => musaev.misha.1982.3.5@list.ru
    [phone] => 81946412267
    [formname] => Обратная связь
)

------------------------

------------------------
16.12.2024 19:59:08
CallbackFormEmailModal
Array
(
    [name] => mepinfenia@bk.ru
    [phone] => 85812753412
    [formname] => Обратная связь
)

------------------------

------------------------
16.12.2024 20:51:59
CallbackFormEmailModal
Array
(
    [name] => dispnecer.50@mail.ru
    [phone] => 88957272927
    [formname] => Обратная связь
)

------------------------

------------------------
16.12.2024 20:53:03
CallbackFormEmailModal
Array
(
    [name] => rjkbmndpoel@rudiplomust.com
    [phone] => 83427629653
    [formname] => Обратная связь
)

------------------------

------------------------
16.12.2024 20:55:35
CallbackFormEmailModal
Array
(
    [name] => bigendrakoli4335@mail.ru
    [phone] => 86319416955
    [formname] => Обратная связь
)

------------------------

------------------------
16.12.2024 21:16:39
CallbackFormEmailModal
Array
(
    [name] => siatimscompma1978@mail.ru
    [phone] => 82459552378
    [formname] => Обратная связь
)

------------------------

------------------------
16.12.2024 21:34:35
CallbackFormEmailModal
Array
(
    [name] => payransripo1981@mail.ru
    [phone] => 83429691245
    [formname] => Обратная связь
)

------------------------

------------------------
16.12.2024 21:46:40
CallbackFormEmailModal
Array
(
    [name] => anya.genger@mail.ru
    [phone] => 83583695725
    [formname] => Обратная связь
)

------------------------

------------------------
16.12.2024 21:51:04
CallbackFormEmailModal
Array
(
    [name] => filimonov.ivan.1997.4.6@list.ru
    [phone] => 85884787151
    [formname] => Обратная связь
)

------------------------

------------------------
16.12.2024 22:09:49
CallbackFormEmailModal
Array
(
    [name] => jarerogusto@gmail.com
    [phone] => 86846975997
    [formname] => Обратная связь
)

------------------------

------------------------
16.12.2024 22:48:15
CallbackFormEmailModal
Array
(
    [name] => jarerogusto@gmail.com
    [phone] => 89955345887
    [formname] => Обратная связь
)

------------------------

------------------------
16.12.2024 22:53:53
CallbackFormEmailModal
Array
(
    [name] => seimymavig1983@mail.ru
    [phone] => 86839574443
    [formname] => Обратная связь
)

------------------------

------------------------
16.12.2024 23:21:44
CallbackFormEmailModal
Array
(
    [name] => sergoworkin.g7.18@gmail.com
    [phone] => 87126297459
    [formname] => Обратная связь
)

------------------------

------------------------
16.12.2024 23:51:27
CallbackFormEmailModal
Array
(
    [name] => combontsegal37@mail.ru
    [phone] => 89384374293
    [formname] => Обратная связь
)

------------------------
