
------------------------
29.10.2021 9:38:35
CallbackFormEmailModal
Array
(
    [name] => dirbaz20s@inbox.ru
    [phone] => 79160443519
    [formname] => Обратная связь
)

------------------------

------------------------
29.10.2021 10:44:51
CallbackFormEmailModal
Array
(
    [name] => svidinfo1980@gmail.com
    [phone] => 87126953226
    [formname] => Обратная связь
)

------------------------

------------------------
29.10.2021 19:09:18
CallbackFormEmailModal
Array
(
    [name] => unlyawapsor0e@mail.com
    [phone] => 84777916213
    [formname] => Обратная связь
)

------------------------
