
------------------------
14.04.2022 4:13:22
CallbackEmailModal
Array
(
    [name] => Preemonep@topnewmail.xyz
    [phone] => 86217683761
    [comment] => Название продуката: Грязезащитные покрытия Супер НОП
Комменатрий: cialis online softtabs https://bestadalafil.com/ - Cialis Jehprp <a href="https://bestadalafil.com/">generic cialis for sale</a> In certain circumstances sodium bicarbonate baking soda may be given to improve the acidity of the blood. kamagra acostumbramiento https://bestadalafil.com/ - Cialis cialis 20 mg dose Assuhw
    [formname] => Задать вопрос по товару
)

------------------------

------------------------
14.04.2022 6:05:00
CallbackFormEmailModal
Array
(
    [name] => bases02381@inbox.ru
    [phone] => 79111131277
    [formname] => Обратная связь
)

------------------------

------------------------
14.04.2022 15:31:44
Order
Array
(
    [name] => Валерий михайлович Вотинцев
    [email] => vmv1506@gmail.com
    [phone] => +7-978-575-0120
    [comment] => Лестничная ступень SР 34х38/30х2 Zn 800х240 мм, кол-во: 1, цена: 1480руб.
Способ доставки: Доставка автотранспортом поставщика
Выберите способ оплаты: Оплата наличным
Адрес доставки: Севастополь

Комментарий к заказу: 

    [formname] => Заказ из корзины
    [fields] => Array
        (
            [price] => 17760
        )

)

------------------------

------------------------
14.04.2022 18:17:32
CallbackFormEmailModal
Array
(
    [name] => Betsy Stoutenger
    [phone] => BradyPetrosino@gmail.com
    [formname] => Обратная связь
)

------------------------
