
------------------------
23.07.2025 4:41:07
CallbackFormEmailModal
Array
(
    [name] => internetmskRormail3@gmail.com
    [phone] => 82649392434
    [formname] => Обратная связь
)

------------------------

------------------------
23.07.2025 5:20:56
CallbackFormEmailModal
Array
(
    [name] => ujvafyvfy@gmail.com
    [phone] => 82647173837
    [formname] => Обратная связь
)

------------------------

------------------------
23.07.2025 5:42:45
CallbackFormEmailModal
Array
(
    [name] => evgenevna5qdk@gmail.com
    [phone] => 88112233434
    [formname] => Обратная связь
)

------------------------

------------------------
23.07.2025 8:33:56
CallbackFormEmailModal
Array
(
    [name] => yourmail@gmail.com
    [phone] => 83345928975
    [formname] => Обратная связь
)

------------------------

------------------------
23.07.2025 8:44:12
Order
Array
(
    [name] => Генадий
    [email] => 2806542@mail.ru
    [phone] => +7-916-199-3775
    [comment] => Сварной  настил SP 34х38/30х3 Zn 1200х1000 мм, кол-во: 1, цена: 6300руб.
Лестничная ступень SР 34х38/40х3 Zn 1200х305 мм, кол-во: 1, цена: 3150руб.
Способ доставки: Доставка автотранспортом поставщика
Выберите способ оплаты: Оплата на расчетный счет организации
Адрес доставки: Москва, улица Александры Монаховой, 42Б, посёлок Коммунарка, 

Комментарий к заказу: 

    [formname] => Заказ из корзины
    [fields] => Array
        (
            [price] => 22050
        )

)

------------------------

------------------------
23.07.2025 9:46:26
CallbackFormEmailModal
Array
(
    [name] => pestovafivr1985@mail.ru
    [phone] => 82376673811
    [formname] => Обратная связь
)

------------------------

------------------------
23.07.2025 10:07:19
CallbackFormEmailModal
Array
(
    [name] => rais.shchigelskaya2002@mail.ru
    [phone] => 89786131325
    [formname] => Обратная связь
)

------------------------

------------------------
23.07.2025 10:19:06
CallbackFormEmailModal
Array
(
    [name] => karpeciktibas19915@bk.ru
    [phone] => 82183154182
    [formname] => Обратная связь
)

------------------------

------------------------
23.07.2025 11:05:42
CallbackFormEmailModal
Array
(
    [name] => akindinkudryashov6842@mail.ru
    [phone] => 82853685319
    [formname] => Обратная связь
)

------------------------

------------------------
23.07.2025 11:45:53
CallbackFormModal
Array
(
    [name] => Сергей
    [phone] => +7(916)166-61-47
    [formname] => Заказать звонок
)

------------------------

------------------------
23.07.2025 16:14:24
CallbackFormEmailModal
Array
(
    [name] => yandexmarkets@anonmails.de
    [phone] => 86569598357
    [formname] => Обратная связь
)

------------------------

------------------------
23.07.2025 18:28:39
CallbackFormEmailModal
Array
(
    [name] => nykmmnwnn@hoopsori.shop
    [phone] => 88546227621
    [formname] => Обратная связь
)

------------------------

------------------------
23.07.2025 20:09:02
CallbackFormEmailModal
Array
(
    [name] => marina.bespalova.01.11.1978@mail.ru
    [phone] => 87227839443
    [formname] => Обратная связь
)

------------------------

------------------------
23.07.2025 20:27:03
CallbackFormEmailModal
Array
(
    [name] => laisumake186@mail.ru
    [phone] => 84547859227
    [formname] => Обратная связь
)

------------------------

------------------------
23.07.2025 20:39:58
CallbackFormEmailModal
Array
(
    [name] => dzhavgorat-tashdemirov1981@mail.ru
    [phone] => 81597457524
    [formname] => Обратная связь
)

------------------------

------------------------
23.07.2025 20:51:09
CallbackFormEmailModal
Array
(
    [name] => seimymavig1983@mail.ru
    [phone] => 87862865229
    [formname] => Обратная связь
)

------------------------

------------------------
23.07.2025 21:12:12
CallbackFormEmailModal
Array
(
    [name] => subbotinalenara88@mail.ru
    [phone] => 81285324436
    [formname] => Обратная связь
)

------------------------
