
------------------------
06.06.2025 2:11:26
CallbackFormEmailModal
Array
(
    [name] => backbarbkagowei7b@gmx.com
    [phone] => 86366257181
    [formname] => Обратная связь
)

------------------------

------------------------
06.06.2025 3:23:45
CallbackFormEmailModal
Array
(
    [name] => yandexmarket@anonmails.de
    [phone] => 85166621671
    [formname] => Обратная связь
)

------------------------

------------------------
06.06.2025 6:12:04
CallbackFormEmailModal
Array
(
    [name] => perrettcornalss@anonmails.de
    [phone] => 84933578637
    [formname] => Обратная связь
)

------------------------

------------------------
06.06.2025 6:43:52
CallbackFormEmailModal
Array
(
    [name] => zfddsgvvfgvfdgb@gmail.com
    [phone] => 82445748769
    [formname] => Обратная связь
)

------------------------

------------------------
06.06.2025 7:17:06
CallbackFormEmailModal
Array
(
    [name] => deliasikeme@gazeta.pl
    [phone] => 84678666935
    [formname] => Обратная связь
)

------------------------

------------------------
06.06.2025 17:21:38
Order
Array
(
    [name] => Верёхин Сергей Владимирович
    [email] => expert_stroy@bk.ru
    [phone] => +7-916-213-9749
    [comment] => Лестничная ступень Р 33х33/30х3 Zn 800х240 мм, кол-во: 1, цена: 2050руб.
Сварной  настил SP 34х38/30х3 Zn 1000х1000 мм, кол-во: 1, цена: 5100руб.
Сварной  настил SP 34х38/30х3 Zn 800х1000 мм, кол-во: 1, цена: 4250руб.
Способ доставки: Самовывоз со склада
Выберите способ оплаты: Оплата на расчетный счет организации

Комментарий к заказу: 
Оплата безнал с НДС. ООО "ЭКСПЕРТ СТРОЙ" ИНН 7706790032
    [formname] => Заказ из корзины
    [fields] => Array
        (
            [price] => 60150
        )

)

------------------------

------------------------
06.06.2025 20:11:37
CallbackFormEmailModal
Array
(
    [name] => еуые
    [phone] => +7(111)111-11-11
    [formname] => Обратная связь
)

------------------------

------------------------
06.06.2025 20:11:39
CallbackFormEmailModal
Array
(
    [name] => еуые
    [phone] => +7(111)111-11-11
    [formname] => Обратная связь
)

------------------------

------------------------
06.06.2025 20:11:42
CallbackFormEmailModal
Array
(
    [name] => еуые
    [phone] => +7(111)111-11-11
    [formname] => Обратная связь
)

------------------------

------------------------
06.06.2025 20:11:44
CallbackFormEmailModal
Array
(
    [name] => еуые
    [phone] => +7(111)111-11-11
    [formname] => Обратная связь
)

------------------------

------------------------
06.06.2025 20:11:46
CallbackFormEmailModal
Array
(
    [name] => еуые
    [phone] => +7(111)111-11-11
    [formname] => Обратная связь
)

------------------------

------------------------
06.06.2025 20:34:22
CallbackFormEmailModal
Array
(
    [name] => seimymavig1983@mail.ru
    [phone] => 87734261187
    [formname] => Обратная связь
)

------------------------

------------------------
06.06.2025 23:09:45
CallbackFormEmailModal
Array
(
    [name] => Envicebive@outlook.com
    [phone] => 86751252278
    [formname] => Обратная связь
)

------------------------
