
------------------------
22.05.2022 4:23:18
CallbackFormEmailModal
Array
(
    [name] => redheaddy@hotmail.com
    [phone] => 89033000452
    [formname] => Обратная связь
)

------------------------

------------------------
22.05.2022 7:40:16
CallbackFormEmailModal
Array
(
    [name] => newsr@internet.ru
    [phone] => +71231234567
    [formname] => Обратная связь
)

------------------------

------------------------
22.05.2022 9:44:02
CallbackFormEmailModal
Array
(
    [name] => jarisara@yahoo.com
    [phone] => 89038700138
    [formname] => Обратная связь
)

------------------------

------------------------
22.05.2022 12:27:05
CallbackFormEmailModal
Array
(
    [name] => afterve@onymail.xyz
    [phone] => 84536939627
    [formname] => Обратная связь
)

------------------------

------------------------
22.05.2022 15:04:23
CallbackFormEmailModal
Array
(
    [name] => carolelynnb@yahoo.com
    [phone] => 89032760410
    [formname] => Обратная связь
)

------------------------

------------------------
22.05.2022 20:25:51
CallbackFormEmailModal
Array
(
    [name] => Carlin2200@yahoo.com
    [phone] => 89038310298
    [formname] => Обратная связь
)

------------------------
