
------------------------
04.01.2026 13:22:15
CallbackFormEmailModal
Array
(
    [name] => dolnovam@mail.ru
    [phone] => 85879779638
    [formname] => Обратная связь
)

------------------------

------------------------
04.01.2026 13:35:08
CallbackFormEmailModal
Array
(
    [name] => dolnovam@mail.ru
    [phone] => 85436425658
    [formname] => Обратная связь
)

------------------------

------------------------
04.01.2026 13:35:12
CallbackFormEmailModal
Array
(
    [name] => dolnovam@mail.ru
    [phone] => 85549616912
    [formname] => Обратная связь
)

------------------------

------------------------
04.01.2026 16:48:56
CallbackFormEmailModal
Array
(
    [name] => 13@gvozdvkedah.fun
    [phone] => 83934978254
    [formname] => Обратная связь
)

------------------------
