
------------------------
30.03.2023 0:13:13
CallbackFormEmailModal
Array
(
    [name] => henrybant@one-milli.com
    [phone] => 89689638938
    [formname] => Обратная связь
)

------------------------

------------------------
30.03.2023 0:37:45
CallbackFormEmailModal
Array
(
    [name] => werso051900iu@rambler.ru
    [phone] => 88839897416
    [formname] => Обратная связь
)

------------------------

------------------------
30.03.2023 1:47:17
CallbackFormEmailModal
Array
(
    [name] => bbaz2888lbv@bk.ru
    [phone] => 79916820070
    [formname] => Обратная связь
)

------------------------

------------------------
30.03.2023 4:38:52
CallbackFormEmailModal
Array
(
    [name] => vqjhobrt@mail.ru
    [phone] => +791234567450
    [formname] => Обратная связь
)

------------------------

------------------------
30.03.2023 5:11:36
CallbackFormEmailModal
Array
(
    [name] => indomitowot@outlook.com
    [phone] => 81493349222
    [formname] => Обратная связь
)

------------------------

------------------------
30.03.2023 9:04:23
CallbackFormEmailModal
Array
(
    [name] => kikind22@rambler.ua
    [phone] => 82921986173
    [formname] => Обратная связь
)

------------------------

------------------------
30.03.2023 12:07:29
CallbackFormEmailModal
Array
(
    [name] => smit24direct@yandex.ru
    [phone] => 84615521542
    [formname] => Обратная связь
)

------------------------

------------------------
30.03.2023 13:20:08
CallbackFormEmailModal
Array
(
    [name] => kaksakawk@gmail.com
    [phone] => 81218449983
    [formname] => Обратная связь
)

------------------------

------------------------
30.03.2023 15:55:44
CallbackFormEmailModal
Array
(
    [name] => ossianowaleksandr19942956@mail.ru
    [phone] => 85419823597
    [formname] => Обратная связь
)

------------------------

------------------------
30.03.2023 20:55:03
CallbackFormEmailModal
Array
(
    [name] => bs95211541v@outlook.com
    [phone] => 87663237416
    [formname] => Обратная связь
)

------------------------
