
------------------------
02.05.2023 0:13:28
CallbackFormEmailModal
Array
(
    [name] => na.paleve@hotmail.com
    [phone] => 85184196982
    [formname] => Обратная связь
)

------------------------

------------------------
02.05.2023 0:22:54
CallbackFormEmailModal
Array
(
    [name] => arieads2d@outlook.com
    [phone] => 84164322439
    [formname] => Обратная связь
)

------------------------

------------------------
02.05.2023 1:21:19
CallbackFormEmailModal
Array
(
    [name] => kkashhu.rrley@gmail.com
    [phone] => 86463926661
    [formname] => Обратная связь
)

------------------------

------------------------
02.05.2023 1:38:47
CallbackFormEmailModal
Array
(
    [name] => emchoihe1985@mail.ru
    [phone] => 89256529833
    [formname] => Обратная связь
)

------------------------

------------------------
02.05.2023 2:33:46
CallbackFormEmailModal
Array
(
    [name] => crabkilldist1986@mail.ru
    [phone] => 87619619414
    [formname] => Обратная связь
)

------------------------

------------------------
02.05.2023 3:23:26
CallbackFormEmailModal
Array
(
    [name] => kuznetsov_vlad_1995_18_12@inbox.ru
    [phone] => 82623596876
    [formname] => Обратная связь
)

------------------------

------------------------
02.05.2023 6:35:56
CallbackFormEmailModal
Array
(
    [name] => golubitskayabeatrisa@yandex.com
    [phone] => 81817979378
    [formname] => Обратная связь
)

------------------------

------------------------
02.05.2023 6:42:43
Order
Array
(
    [name] => Таранов Александр Авенирович
    [email] => aataranov@mail.ru
    [phone] => +7-910-437-9407
    [comment] => Лестничная ступень SР 34х38/30х2 Zn 600х240 мм, кол-во: 1, цена: 1100руб.
Способ доставки: Самовывоз со склада
Выберите способ оплаты: Оплата наличным

Комментарий к заказу: 

    [formname] => Заказ из корзины
    [fields] => Array
        (
            [price] => 2200
        )

)

------------------------

------------------------
02.05.2023 9:18:48
CallbackFormEmailModal
Array
(
    [name] => cnlyd@course-fitness.com
    [phone] => 86811871881
    [formname] => Обратная связь
)

------------------------

------------------------
02.05.2023 16:34:05
CallbackFormEmailModal
Array
(
    [name] => lizablond@alexhost.site
    [phone] => 82184379564
    [formname] => Обратная связь
)

------------------------

------------------------
02.05.2023 19:49:46
CallbackFormEmailModal
Array
(
    [name] => erp34dfre@rambler.ua
    [phone] => 89548354433
    [formname] => Обратная связь
)

------------------------
