
------------------------
27.01.2025 0:20:33
CallbackFormEmailModal
Array
(
    [name] => ykxavnaaael@rudiplomust.com
    [phone] => 81522211453
    [formname] => Обратная связь
)

------------------------

------------------------
27.01.2025 1:13:25
CallbackFormEmailModal
Array
(
    [name] => naphtloxua-5550@mail.ru
    [phone] => 82915829649
    [formname] => Обратная связь
)

------------------------

------------------------
27.01.2025 1:13:40
CallbackFormEmailModal
Array
(
    [name] => shvernik.s@mail.ru
    [phone] => 88554665818
    [formname] => Обратная связь
)

------------------------

------------------------
27.01.2025 1:34:54
CallbackFormEmailModal
Array
(
    [name] => 84xrumer11@farironalds.com
    [phone] => 83333133441
    [formname] => Обратная связь
)

------------------------

------------------------
27.01.2025 1:51:00
CallbackFormEmailModal
Array
(
    [name] => fkxnaqwueel@rudiplomust.com
    [phone] => 85178817184
    [formname] => Обратная связь
)

------------------------

------------------------
27.01.2025 1:51:01
CallbackFormEmailModal
Array
(
    [name] => lauedowvjel@rudiplomust.com
    [phone] => 84414773667
    [formname] => Обратная связь
)

------------------------

------------------------
27.01.2025 2:09:50
CallbackFormEmailModal
Array
(
    [name] => weusznfmlKn@rudiplomust.com
    [phone] => 85715839254
    [formname] => Обратная связь
)

------------------------

------------------------
27.01.2025 2:27:17
CallbackFormEmailModal
Array
(
    [name] => gmbfwsfxpel@rudiplomust.com
    [phone] => 81689121671
    [formname] => Обратная связь
)

------------------------

------------------------
27.01.2025 3:15:38
CallbackFormEmailModal
Array
(
    [name] => tsphpgqueel@rudiplomust.com
    [phone] => 88717336793
    [formname] => Обратная связь
)

------------------------

------------------------
27.01.2025 5:07:50
CallbackFormEmailModal
Array
(
    [name] => qnymkdrgnei@rudiplomust.com
    [phone] => 86783218777
    [formname] => Обратная связь
)

------------------------

------------------------
27.01.2025 6:26:31
CallbackFormEmailModal
Array
(
    [name] => yydsggevael@rudiplomust.com
    [phone] => 87245227327
    [formname] => Обратная связь
)

------------------------

------------------------
27.01.2025 8:50:48
CallbackFormEmailModal
Array
(
    [name] => vsgavocugel@rudiplomust.com
    [phone] => 89344132727
    [formname] => Обратная связь
)

------------------------

------------------------
27.01.2025 9:04:59
CallbackFormEmailModal
Array
(
    [name] => msfnxskyhel@rudiplomust.com
    [phone] => 88129297392
    [formname] => Обратная связь
)

------------------------

------------------------
27.01.2025 9:33:04
CallbackFormEmailModal
Array
(
    [name] => cepnselfgEt@rudiplomust.com
    [phone] => 83145672184
    [formname] => Обратная связь
)

------------------------

------------------------
27.01.2025 9:40:19
CallbackFormEmailModal
Array
(
    [name] => nivanasha@proton.me

    [phone] => Dermishe polnoe vashe mnenie
 >>> https://is.gd/bhdwfs
 <<<
    [formname] => Обратная связь
)

------------------------

------------------------
27.01.2025 10:33:31
CallbackFormEmailModal
Array
(
    [name] => gsxygiybnel@rudiplomust.com
    [phone] => 88583974922
    [formname] => Обратная связь
)

------------------------

------------------------
27.01.2025 10:35:57
CallbackFormEmailModal
Array
(
    [name] => karina_platonova_31068@mail.ru
    [phone] => 81852479451
    [formname] => Обратная связь
)

------------------------

------------------------
27.01.2025 10:39:26
CallbackFormEmailModal
Array
(
    [name] => gpueqtgmiel@rudiplomust.com
    [phone] => 81335377547
    [formname] => Обратная связь
)

------------------------

------------------------
27.01.2025 12:28:11
CallbackFormEmailModal
Array
(
    [name] => pzkooheqhel@rudiplomust.com
    [phone] => 83586937819
    [formname] => Обратная связь
)

------------------------

------------------------
27.01.2025 13:14:30
CallbackFormEmailModal
Array
(
    [name] => laisumake186@mail.ru
    [phone] => 88843467124
    [formname] => Обратная связь
)

------------------------

------------------------
27.01.2025 13:25:13
CallbackFormEmailModal
Array
(
    [name] => bubichat@inbox.lv
    [phone] => 81587771653
    [formname] => Обратная связь
)

------------------------

------------------------
27.01.2025 13:40:53
CallbackFormEmailModal
Array
(
    [name] => gunlekingovertcon@mail.ru
    [phone] => 84496367573
    [formname] => Обратная связь
)

------------------------

------------------------
27.01.2025 13:54:42
CallbackFormEmailModal
Array
(
    [name] => lj_thomason@hotmail.com
    [phone] => 86673868596
    [formname] => Обратная связь
)

------------------------

------------------------
27.01.2025 14:35:43
CallbackFormEmailModal
Array
(
    [name] => rais.shchigelskaya2002@mail.ru
    [phone] => 82715183285
    [formname] => Обратная связь
)

------------------------

------------------------
27.01.2025 14:43:46
CallbackFormEmailModal
Array
(
    [name] => kina3axjglime@bk.ru
    [phone] => 85991554972
    [formname] => Обратная связь
)

------------------------

------------------------
27.01.2025 14:54:28
CallbackFormEmailModal
Array
(
    [name] => zenchikova.anna@mail.ru
    [phone] => 84498423774
    [formname] => Обратная связь
)

------------------------

------------------------
27.01.2025 15:22:27
CallbackFormEmailModal
Array
(
    [name] => ilya.igoshin.85@mail.ru
    [phone] => 83871751199
    [formname] => Обратная связь
)

------------------------

------------------------
27.01.2025 15:22:55
CallbackFormEmailModal
Array
(
    [name] => rerkgeemong98@mail.ru
    [phone] => 87243693326
    [formname] => Обратная связь
)

------------------------

------------------------
27.01.2025 16:22:57
CallbackFormEmailModal
Array
(
    [name] => taelivihohtoca@mail.ru
    [phone] => 85193732668
    [formname] => Обратная связь
)

------------------------

------------------------
27.01.2025 16:24:21
CallbackFormEmailModal
Array
(
    [name] => dolnovam@mail.ru
    [phone] => 87139639462
    [formname] => Обратная связь
)

------------------------

------------------------
27.01.2025 16:25:44
CallbackFormEmailModal
Array
(
    [name] => omimugemhSi@rudiplomust.com
    [phone] => 85386957921
    [formname] => Обратная связь
)

------------------------

------------------------
27.01.2025 17:58:49
CallbackFormEmailModal
Array
(
    [name] => bajenseliverstov19883262@list.ru
    [phone] => 82636941426
    [formname] => Обратная связь
)

------------------------

------------------------
27.01.2025 18:40:32
CallbackFormEmailModal
Array
(
    [name] => foncardda1988@mail.ru
    [phone] => 87347614358
    [formname] => Обратная связь
)

------------------------

------------------------
27.01.2025 20:25:29
CallbackFormEmailModal
Array
(
    [name] => ushezamyeel@rudiplomust.com
    [phone] => 89177898612
    [formname] => Обратная связь
)

------------------------

------------------------
27.01.2025 22:37:00
CallbackFormEmailModal
Array
(
    [name] => xmshqcngzel@rudiplomust.com
    [phone] => 81714326456
    [formname] => Обратная связь
)

------------------------

------------------------
27.01.2025 23:59:05
CallbackFormEmailModal
Array
(
    [name] => gkiqvttswel@rudiplomust.com
    [phone] => 82556184899
    [formname] => Обратная связь
)

------------------------
