
------------------------
14.04.2024 0:09:10
CallbackFormEmailModal
Array
(
    [name] => add@remsanteh-groupe.com.ua
    [phone] => 81839854765
    [formname] => Обратная связь
)

------------------------

------------------------
14.04.2024 0:23:51
CallbackFormEmailModal
Array
(
    [name] => Weld7065uzk@comfort.celebrationapp.click
    [phone] => 81388165431
    [formname] => Обратная связь
)

------------------------

------------------------
14.04.2024 3:13:33
CallbackFormEmailModal
Array
(
    [name] => barbariska8912@gmail.com
    [phone] => 85471694148
    [formname] => Обратная связь
)

------------------------

------------------------
14.04.2024 4:04:50
CallbackFormEmailModal
Array
(
    [name] => dxmsoyvfg@guyclearsecso.online
    [phone] => 81869581886
    [formname] => Обратная связь
)

------------------------

------------------------
14.04.2024 4:16:50
CallbackFormEmailModal
Array
(
    [name] => lucido.leinteract@gmail.com
    [phone] => 82551129372
    [formname] => Обратная связь
)

------------------------

------------------------
14.04.2024 4:33:25
CallbackFormEmailModal
Array
(
    [name] => inet4747@outlook.com
    [phone] => 84179719399
    [formname] => Обратная связь
)

------------------------

------------------------
14.04.2024 13:32:09
CallbackFormEmailModal
Array
(
    [name] => froeach12@rezka.wtf
    [phone] => 88726527576
    [formname] => Обратная связь
)

------------------------

------------------------
14.04.2024 19:07:22
CallbackFormEmailModal
Array
(
    [name] => eremsndpeooeiasoieiueias@gmail.com
    [phone] => 82949258114
    [formname] => Обратная связь
)

------------------------

------------------------
14.04.2024 19:22:44
CallbackFormEmailModal
Array
(
    [name] => brudermanni2024@gmail.com
    [phone] => 85496326518
    [formname] => Обратная связь
)

------------------------

------------------------
14.04.2024 20:12:08
CallbackFormEmailModal
Array
(
    [name] => kaenquirynicholls@gmail.com
    [phone] => 83153447184
    [formname] => Обратная связь
)

------------------------
