
------------------------
27.11.2023 0:51:56
CallbackFormEmailModal
Array
(
    [name] => aq50aqa@rambler.ru
    [phone] => 89396974686
    [formname] => Обратная связь
)

------------------------

------------------------
27.11.2023 5:33:48
CallbackFormEmailModal
Array
(
    [name] => neizmag@atrimoney.site
    [phone] => 82945788649
    [formname] => Обратная связь
)

------------------------

------------------------
27.11.2023 8:18:54
CallbackFormEmailModal
Array
(
    [name] => irina8@kokomail.site
    [phone] => 85424933194
    [formname] => Обратная связь
)

------------------------

------------------------
27.11.2023 8:54:14
CallbackFormEmailModal
Array
(
    [name] => 70hvio5s3oaxyfg@rambler.ru
    [phone] => 88625584231
    [formname] => Обратная связь
)

------------------------

------------------------
27.11.2023 9:18:09
CallbackFormEmailModal
Array
(
    [name] => pporascron1991@mail.ru
    [phone] => 89745839185
    [formname] => Обратная связь
)

------------------------

------------------------
27.11.2023 9:19:01
CallbackFormEmailModal
Array
(
    [name] => gelibomenlo6420@mail.ru
    [phone] => 88731734535
    [formname] => Обратная связь
)

------------------------

------------------------
27.11.2023 9:56:39
CallbackFormEmailModal
Array
(
    [name] => kaobkammid@mail.ru
    [phone] => 84493744751
    [formname] => Обратная связь
)

------------------------

------------------------
27.11.2023 10:47:21
CallbackFormEmailModal
Array
(
    [name] => temptest378683962@gmail.com
    [phone] => 83963893136
    [formname] => Обратная связь
)

------------------------

------------------------
27.11.2023 12:23:08
CallbackFormEmailModal
Array
(
    [name] => john08miller27as@rambler.ru
    [phone] => 86459157717
    [formname] => Обратная связь
)

------------------------

------------------------
27.11.2023 12:44:30
CallbackFormEmailModal
Array
(
    [name] => pi.n.g.v.i.i.in.aka@gmail.com
    [phone] => 83215924472
    [formname] => Обратная связь
)

------------------------

------------------------
27.11.2023 12:49:35
CallbackFormEmailModal
Array
(
    [name] => pcqwhzzkc@rambler.ru
    [phone] => 86731965338
    [formname] => Обратная связь
)

------------------------

------------------------
27.11.2023 15:10:21
CallbackFormEmailModal
Array
(
    [name] => thomas21lewis97as@rambler.ru
    [phone] => 87157495949
    [formname] => Обратная связь
)

------------------------

------------------------
27.11.2023 17:40:36
CallbackFormEmailModal
Array
(
    [name] => gelibomenlo6420@mail.ru
    [phone] => 83389858879
    [formname] => Обратная связь
)

------------------------

------------------------
27.11.2023 18:09:16
CallbackFormEmailModal
Array
(
    [name] => kaobkammid@mail.ru
    [phone] => 86327434747
    [formname] => Обратная связь
)

------------------------

------------------------
27.11.2023 19:35:10
CallbackFormEmailModal
Array
(
    [name] => christopher53williams65as@rambler.ru
    [phone] => 81837823929
    [formname] => Обратная связь
)

------------------------

------------------------
27.11.2023 20:05:27
CallbackFormEmailModal
Array
(
    [name] => sugliellevimin7507@mail.ru
    [phone] => 89253357691
    [formname] => Обратная связь
)

------------------------

------------------------
27.11.2023 20:11:39
CallbackFormEmailModal
Array
(
    [name] => podaiclan_547@mail.ru
    [phone] => 83697393355
    [formname] => Обратная связь
)

------------------------

------------------------
27.11.2023 20:13:46
CallbackFormEmailModal
Array
(
    [name] => tiocicie.4769@mail.ru
    [phone] => 84754671163
    [formname] => Обратная связь
)

------------------------

------------------------
27.11.2023 20:19:29
CallbackFormEmailModal
Array
(
    [name] => peposdaen@mail.ru
    [phone] => 85396415272
    [formname] => Обратная связь
)

------------------------

------------------------
27.11.2023 20:27:06
CallbackFormEmailModal
Array
(
    [name] => olesya.zhukova.1994@bk.ru
    [phone] => 82641767161
    [formname] => Обратная связь
)

------------------------

------------------------
27.11.2023 20:28:56
CallbackFormEmailModal
Array
(
    [name] => tosya.petrenko.02@mail.ru
    [phone] => 88937154762
    [formname] => Обратная связь
)

------------------------

------------------------
27.11.2023 20:33:26
CallbackFormEmailModal
Array
(
    [name] => nisakascha@mail.ru
    [phone] => 84872562244
    [formname] => Обратная связь
)

------------------------

------------------------
27.11.2023 20:42:48
CallbackFormEmailModal
Array
(
    [name] => ropolkingta@mail.ru
    [phone] => 89654598879
    [formname] => Обратная связь
)

------------------------

------------------------
27.11.2023 20:44:34
CallbackFormEmailModal
Array
(
    [name] => luomor@mail.ru
    [phone] => 81444976323
    [formname] => Обратная связь
)

------------------------

------------------------
27.11.2023 20:47:58
CallbackFormEmailModal
Array
(
    [name] => puplanfuso@inbox.ru
    [phone] => 83411983826
    [formname] => Обратная связь
)

------------------------

------------------------
27.11.2023 20:49:48
CallbackFormEmailModal
Array
(
    [name] => invalopackman1863@mail.ru
    [phone] => 89333367657
    [formname] => Обратная связь
)

------------------------

------------------------
27.11.2023 20:50:55
CallbackFormEmailModal
Array
(
    [name] => savepschok@mail.ru
    [phone] => 82715178361
    [formname] => Обратная связь
)

------------------------

------------------------
27.11.2023 20:51:07
CallbackFormEmailModal
Array
(
    [name] => sashunya.sergeev.2022@list.ru
    [phone] => 81478449981
    [formname] => Обратная связь
)

------------------------

------------------------
27.11.2023 20:51:45
CallbackFormEmailModal
Array
(
    [name] => filimonov.ivan.1997.4.6@list.ru
    [phone] => 82978655656
    [formname] => Обратная связь
)

------------------------

------------------------
27.11.2023 20:51:57
CallbackFormEmailModal
Array
(
    [name] => koeshelons@mail.ru
    [phone] => 84567274139
    [formname] => Обратная связь
)

------------------------

------------------------
27.11.2023 20:52:39
CallbackFormEmailModal
Array
(
    [name] => pavel.sitdikov.88@mail.ru
    [phone] => 85576125939
    [formname] => Обратная связь
)

------------------------

------------------------
27.11.2023 20:54:28
CallbackFormEmailModal
Array
(
    [name] => woodbpurne1983@mail.ru
    [phone] => 88312289926
    [formname] => Обратная связь
)

------------------------

------------------------
27.11.2023 20:57:43
CallbackFormEmailModal
Array
(
    [name] => flzsqnnim@exzilla.ru
    [phone] => 84347632443
    [formname] => Обратная связь
)

------------------------

------------------------
27.11.2023 21:14:17
CallbackFormEmailModal
Array
(
    [name] => kenneth22evans04as@rambler.ru
    [phone] => 83753483263
    [formname] => Обратная связь
)

------------------------

------------------------
27.11.2023 21:27:44
CallbackFormEmailModal
Array
(
    [name] => 79362972747@bk.ru
    [phone] => 79362972747
    [formname] => Обратная связь
)

------------------------

------------------------
27.11.2023 22:33:04
CallbackFormEmailModal
Array
(
    [name] => temptest220576548@gmail.com
    [phone] => 89584761613
    [formname] => Обратная связь
)

------------------------
