
------------------------
24.08.2022 0:36:16
CallbackFormEmailModal
Array
(
    [name] => forbes.crew@verizon.net
    [phone] => 89035431889
    [formname] => Обратная связь
)

------------------------

------------------------
24.08.2022 1:47:07
CallbackFormEmailModal
Array
(
    [name] => jami@my-mail.site
    [phone] => 89536422619
    [formname] => Обратная связь
)

------------------------

------------------------
24.08.2022 2:01:43
CallbackFormEmailModal
Array
(
    [name] => andreyvpetrov132435@gmail.com
    [phone] => 82265378851
    [formname] => Обратная связь
)

------------------------

------------------------
24.08.2022 2:55:38
CallbackFormEmailModal
Array
(
    [name] => tetedede13@gmail.com
    [phone] => 89030786816
    [formname] => Обратная связь
)

------------------------

------------------------
24.08.2022 4:36:11
CallbackFormEmailModal
Array
(
    [name] => andreyvpetrov132435@gmail.com
    [phone] => 82884252995
    [formname] => Обратная связь
)

------------------------

------------------------
24.08.2022 5:18:50
CallbackFormEmailModal
Array
(
    [name] => doublell16@yahoo.com
    [phone] => 89039752443
    [formname] => Обратная связь
)

------------------------

------------------------
24.08.2022 6:32:39
CallbackFormEmailModal
Array
(
    [name] => Eric Jones
    [phone] => 555-555-1212
    [formname] => Обратная связь
)

------------------------

------------------------
24.08.2022 7:44:41
CallbackFormEmailModal
Array
(
    [name] => Billy_King27@yahoo.com
    [phone] => 89037732444
    [formname] => Обратная связь
)

------------------------

------------------------
24.08.2022 8:48:31
CallbackFormEmailModal
Array
(
    [name] => jami@my-mail.site
    [phone] => 85764367467
    [formname] => Обратная связь
)

------------------------

------------------------
24.08.2022 10:03:46
CallbackFormEmailModal
Array
(
    [name] => tiaboglin@gmail.com
    [phone] => 89034229473
    [formname] => Обратная связь
)

------------------------

------------------------
24.08.2022 12:25:23
CallbackFormEmailModal
Array
(
    [name] => lisaward87@yahoo.com
    [phone] => 89030718766
    [formname] => Обратная связь
)

------------------------

------------------------
24.08.2022 14:49:12
CallbackFormEmailModal
Array
(
    [name] => scotty3524@yahoo.com
    [phone] => 89035124526
    [formname] => Обратная связь
)

------------------------

------------------------
24.08.2022 15:56:26
CallbackFormEmailModal
Array
(
    [name] => andreyvpetrov132435@gmail.com
    [phone] => 86384412195
    [formname] => Обратная связь
)

------------------------

------------------------
24.08.2022 15:59:21
CallbackFormEmailModal
Array
(
    [name] => gitara@vasha-muz-shkola.ru
    [phone] => 81152382781
    [formname] => Обратная связь
)

------------------------

------------------------
24.08.2022 17:11:06
CallbackFormEmailModal
Array
(
    [name] => norcalmexican510@yahoo.com
    [phone] => 89038833517
    [formname] => Обратная связь
)

------------------------

------------------------
24.08.2022 19:18:02
CallbackFormEmailModal
Array
(
    [name] => andreyvpetrov132435@gmail.com
    [phone] => 86183368935
    [formname] => Обратная связь
)

------------------------

------------------------
24.08.2022 19:32:07
CallbackFormEmailModal
Array
(
    [name] => debrakatz@optonline.net
    [phone] => 89036099361
    [formname] => Обратная связь
)

------------------------

------------------------
24.08.2022 21:11:31
CallbackFormEmailModal
Array
(
    [name] => andreyvpetrov132435@gmail.com
    [phone] => 86878966665
    [formname] => Обратная связь
)

------------------------
