
------------------------
25.04.2022 7:45:00
CallbackFormEmailModal
Array
(
    [name] => wb101223833@inbox.ru
    [phone] => 79966574870
    [formname] => Обратная связь
)

------------------------

------------------------
25.04.2022 12:51:05
CallbackFormEmailModal
Array
(
    [name] => rayo_veloz17@hotmail.com
    [phone] => 89039744165
    [formname] => Обратная связь
)

------------------------

------------------------
25.04.2022 18:10:57
CallbackFormEmailModal
Array
(
    [name] => twestphall@hotmail.com
    [phone] => 89037522236
    [formname] => Обратная связь
)

------------------------

------------------------
25.04.2022 23:31:22
CallbackFormEmailModal
Array
(
    [name] => jamesmriley2003@yahoo.com
    [phone] => 89030697293
    [formname] => Обратная связь
)

------------------------
