
------------------------
31.07.2023 0:27:44
CallbackFormEmailModal
Array
(
    [name] => kapokpagra@mail.ru
    [phone] => 84926664725
    [formname] => Обратная связь
)

------------------------

------------------------
31.07.2023 2:46:04
CallbackFormEmailModal
Array
(
    [name] => pz18@mco5510.tmus89.excitemail.fun
    [phone] => 81712967353
    [formname] => Обратная связь
)

------------------------

------------------------
31.07.2023 3:23:34
CallbackFormEmailModal
Array
(
    [name] => anf.totemina@yandex.ru
    [phone] => 81536534441
    [formname] => Обратная связь
)

------------------------

------------------------
31.07.2023 5:04:36
CallbackFormEmailModal
Array
(
    [name] => inhelti1985@mail.ru
    [phone] => 87565227416
    [formname] => Обратная связь
)

------------------------

------------------------
31.07.2023 8:41:49
CallbackFormEmailModal
Array
(
    [name] => tebvscbjbtyf@mail.ru
    [phone] => +79123456642
    [formname] => Обратная связь
)

------------------------

------------------------
31.07.2023 16:30:29
CallbackFormEmailModal
Array
(
    [name] => alekseev_aleksandr_1982_30_11@bk.ru
    [phone] => 82918371956
    [formname] => Обратная связь
)

------------------------
