
------------------------
29.03.2024 0:23:47
CallbackFormEmailModal
Array
(
    [name] => wb8oz8888912@inbox.ru
    [phone] => 79666724953
    [formname] => Обратная связь
)

------------------------

------------------------
29.03.2024 0:31:41
CallbackFormEmailModal
Array
(
    [name] => lucido.leinteract@gmail.com
    [phone] => 82978751276
    [formname] => Обратная связь
)

------------------------

------------------------
29.03.2024 1:32:16
CallbackFormEmailModal
Array
(
    [name] => mitrets3@gmail.com
    [phone] => 87384585262
    [formname] => Обратная связь
)

------------------------

------------------------
29.03.2024 4:19:54
CallbackFormEmailModal
Array
(
    [name] => u1002998@kypimavto.ru
    [phone] => 81694373763
    [formname] => Обратная связь
)

------------------------

------------------------
29.03.2024 6:35:36
CallbackFormEmailModal
Array
(
    [name] => dgdgdg545@mops777.fun
    [phone] => 87141687991
    [formname] => Обратная связь
)

------------------------

------------------------
29.03.2024 6:56:25
CallbackFormEmailModal
Array
(
    [name] => emzpwdwyznujpufq@onet.pl
    [phone] => 83567383455
    [formname] => Обратная связь
)

------------------------

------------------------
29.03.2024 7:54:05
CallbackFormEmailModal
Array
(
    [name] => Janett2810gme@benefit.celebrationapp.click
    [phone] => 89252466844
    [formname] => Обратная связь
)

------------------------

------------------------
29.03.2024 11:13:22
CallbackFormEmailModal
Array
(
    [name] => tlbkkvlzy@georonbuzztal.online
    [phone] => 87565817966
    [formname] => Обратная связь
)

------------------------

------------------------
29.03.2024 18:53:49
CallbackFormEmailModal
Array
(
    [name] => c.l.ayduffy51@gmail.com
    [phone] => 89578676112
    [formname] => Обратная связь
)

------------------------

------------------------
29.03.2024 20:18:41
CallbackFormEmailModal
Array
(
    [name] => sandiego.handymanpro@gmail.com
    [phone] => 81357965124
    [formname] => Обратная связь
)

------------------------

------------------------
29.03.2024 22:56:44
CallbackFormEmailModal
Array
(
    [name] => sborpisem.a.ll@gmail.com
    [phone] => 86994623682
    [formname] => Обратная связь
)

------------------------
