
------------------------
27.01.2023 0:29:43
CallbackFormEmailModal
Array
(
    [name] => ffghgrhs@mail.ru
    [phone] => 87625475754
    [formname] => Обратная связь
)

------------------------

------------------------
27.01.2023 9:06:32
CallbackFormEmailModal
Array
(
    [name] => k.kashh.urrley@gmail.com
    [phone] => 87486746834
    [formname] => Обратная связь
)

------------------------

------------------------
27.01.2023 9:20:25
Order
Array
(
    [name] => Сидоров Сергей Владимирович
    [email] => tdecoglow@mail.ru
    [phone] => +7-926-065-3300
    [comment] => Сварной  настил SPСварной решетчатый настил SP 34х38/30х2 Zn 500х1000 мм, кол-во: 1, цена: 2650руб.
Способ доставки: Самовывоз со склада
Выберите способ оплаты: Оплата на расчетный счет организации

Комментарий к заказу: 

    [formname] => Заказ из корзины
    [fields] => Array
        (
            [price] => 7950
        )

)

------------------------

------------------------
27.01.2023 12:28:35
CallbackFormEmailModal
Array
(
    [name] => saitsssr@yandex.ru
    [phone] => 84735555733
    [formname] => Обратная связь
)

------------------------
