
------------------------
07.12.2024 0:11:05
CallbackFormEmailModal
Array
(
    [name] => arturgorz2o3@bk.ru
    [phone] => 88197749252
    [formname] => Обратная связь
)

------------------------

------------------------
07.12.2024 0:29:08
CallbackFormEmailModal
Array
(
    [name] => rerkgeemong98@mail.ru
    [phone] => 86224533471
    [formname] => Обратная связь
)

------------------------

------------------------
07.12.2024 0:41:18
CallbackFormEmailModal
Array
(
    [name] => textliburlitt1983@mail.ru
    [phone] => 87952634762
    [formname] => Обратная связь
)

------------------------

------------------------
07.12.2024 2:47:11
CallbackFormEmailModal
Array
(
    [name] => eprovbelwha@mail.ru
    [phone] => 82894773191
    [formname] => Обратная связь
)

------------------------

------------------------
07.12.2024 2:54:21
CallbackFormEmailModal
Array
(
    [name] => winsatall4ever@gmail.com
    [phone] => 85478724532
    [formname] => Обратная связь
)

------------------------

------------------------
07.12.2024 3:40:39
CallbackFormEmailModal
Array
(
    [name] => eponesun1978@op.pl
    [phone] => 88222181438
    [formname] => Обратная связь
)

------------------------

------------------------
07.12.2024 4:08:48
CallbackFormEmailModal
Array
(
    [name] => vanephsaipremelca@mail.ru
    [phone] => 88955286596
    [formname] => Обратная связь
)

------------------------

------------------------
07.12.2024 4:27:12
CallbackFormEmailModal
Array
(
    [name] => mlonanlout1985@mail.ru
    [phone] => 87454174642
    [formname] => Обратная связь
)

------------------------

------------------------
07.12.2024 5:13:04
CallbackFormEmailModal
Array
(
    [name] => dolnovam@mail.ru
    [phone] => 83947735816
    [formname] => Обратная связь
)

------------------------

------------------------
07.12.2024 5:47:48
CallbackFormEmailModal
Array
(
    [name] => fbwkjtskdel@rudiplomust.com
    [phone] => 82181719633
    [formname] => Обратная связь
)

------------------------

------------------------
07.12.2024 6:00:40
CallbackFormEmailModal
Array
(
    [name] => psincurousenlepen@mail.ru
    [phone] => 81348342585
    [formname] => Обратная связь
)

------------------------

------------------------
07.12.2024 8:19:23
CallbackFormEmailModal
Array
(
    [name] => lolerex241@ovout.com
    [phone] => 88614754845
    [formname] => Обратная связь
)

------------------------

------------------------
07.12.2024 8:29:07
CallbackFormEmailModal
Array
(
    [name] => mefedron@cocaine-moscow-russia.shop
    [phone] => 84294928172
    [formname] => Обратная связь
)

------------------------

------------------------
07.12.2024 9:04:06
CallbackFormEmailModal
Array
(
    [name] => kokain@cocaine-moscow-russia.shop
    [phone] => 85452454987
    [formname] => Обратная связь
)

------------------------

------------------------
07.12.2024 9:26:31
CallbackFormEmailModal
Array
(
    [name] => postsaddtaliretneu@mail.ru
    [phone] => 82688737588
    [formname] => Обратная связь
)

------------------------

------------------------
07.12.2024 9:45:29
CallbackFormEmailModal
Array
(
    [name] => mosoce-416@mail.ru
    [phone] => 88585714394
    [formname] => Обратная связь
)

------------------------

------------------------
07.12.2024 9:57:12
CallbackFormEmailModal
Array
(
    [name] => rodionoverik1735@mail.ru
    [phone] => 88927545762
    [formname] => Обратная связь
)

------------------------

------------------------
07.12.2024 10:38:32
CallbackFormEmailModal
Array
(
    [name] => clumhorwiejo1974@op.pl
    [phone] => 88538926811
    [formname] => Обратная связь
)

------------------------

------------------------
07.12.2024 10:45:08
CallbackFormEmailModal
Array
(
    [name] => ilya.igoshin.85@mail.ru
    [phone] => 86685153626
    [formname] => Обратная связь
)

------------------------

------------------------
07.12.2024 10:50:41
CallbackFormEmailModal
Array
(
    [name] => jefgcdvc@oonmail.com
    [phone] => 81788562925
    [formname] => Обратная связь
)

------------------------

------------------------
07.12.2024 10:55:37
CallbackFormEmailModal
Array
(
    [name] => gulaza-khlyupko2000@mail.ru
    [phone] => 88988991498
    [formname] => Обратная связь
)

------------------------

------------------------
07.12.2024 11:13:30
CallbackFormEmailModal
Array
(
    [name] => lpwbjrotho@rambler.ru
    [phone] => 89451934771
    [formname] => Обратная связь
)

------------------------

------------------------
07.12.2024 12:20:29
CallbackFormEmailModal
Array
(
    [name] => ka.rnee.v.a.i7.1.@gmail.com
    [phone] => 83214497962
    [formname] => Обратная связь
)

------------------------

------------------------
07.12.2024 12:45:43
CallbackFormEmailModal
Array
(
    [name] => mark.moshchenskiy.90@mail.ru
    [phone] => 89135748229
    [formname] => Обратная связь
)

------------------------

------------------------
07.12.2024 12:57:45
CallbackFormEmailModal
Array
(
    [name] => pencucon_97@mail.ru
    [phone] => 81855838826
    [formname] => Обратная связь
)

------------------------

------------------------
07.12.2024 13:06:46
CallbackFormEmailModal
Array
(
    [name] => vanephsaipremelca@mail.ru
    [phone] => 88518891681
    [formname] => Обратная связь
)

------------------------

------------------------
07.12.2024 13:11:29
CallbackFormEmailModal
Array
(
    [name] => eprovbelwha@mail.ru
    [phone] => 83925129941
    [formname] => Обратная связь
)

------------------------

------------------------
07.12.2024 13:22:28
CallbackFormEmailModal
Array
(
    [name] => smorarabte539@mail.ru
    [phone] => 88841145274
    [formname] => Обратная связь
)

------------------------

------------------------
07.12.2024 13:23:27
CallbackFormEmailModal
Array
(
    [name] => karina_platonova_31068@mail.ru
    [phone] => 81886377824
    [formname] => Обратная связь
)

------------------------

------------------------
07.12.2024 13:40:36
CallbackFormEmailModal
Array
(
    [name] => mamedov.edgar.1992.3.3@inbox.ru
    [phone] => 86337575587
    [formname] => Обратная связь
)

------------------------

------------------------
07.12.2024 14:45:37
CallbackFormEmailModal
Array
(
    [name] => shvernik.s@mail.ru
    [phone] => 88211245924
    [formname] => Обратная связь
)

------------------------

------------------------
07.12.2024 17:27:55
CallbackFormEmailModal
Array
(
    [name] => ojabigphyel@rudiplomust.com
    [phone] => 85788473468
    [formname] => Обратная связь
)

------------------------

------------------------
07.12.2024 18:46:25
CallbackFormEmailModal
Array
(
    [name] => ovnterbefjuden6138@mail.ru
    [phone] => 87689516567
    [formname] => Обратная связь
)

------------------------

------------------------
07.12.2024 20:02:34
CallbackFormEmailModal
Array
(
    [name] => vkwdkanrwel@rudiplomust.com
    [phone] => 84115192642
    [formname] => Обратная связь
)

------------------------
