
------------------------
31.08.2024 1:44:35
CallbackFormEmailModal
Array
(
    [name] => burposa@gismail.online

    [phone] => 87588849414
    [formname] => Обратная связь
)

------------------------

------------------------
31.08.2024 2:36:27
CallbackFormEmailModal
Array
(
    [name] => lnunemzo@gismail.online

    [phone] => 81829924985
    [formname] => Обратная связь
)

------------------------

------------------------
31.08.2024 4:46:06
CallbackFormEmailModal
Array
(
    [name] => mjkwgmz85fgkc3i@tempmail.us.com
    [phone] => 83916798499
    [formname] => Обратная связь
)

------------------------

------------------------
31.08.2024 5:34:29
CallbackFormEmailModal
Array
(
    [name] => yjdisantoyjdissemin@gmail.com
    [phone] => 86846722759
    [formname] => Обратная связь
)

------------------------

------------------------
31.08.2024 6:48:34
CallbackFormEmailModal
Array
(
    [name] => jflynn007@aol.com
    [phone] => 82162424464
    [formname] => Обратная связь
)

------------------------

------------------------
31.08.2024 8:59:30
CallbackFormEmailModal
Array
(
    [name] => xrumer23Kip@gmail.com
    [phone] => 89836823214
    [formname] => Обратная связь
)

------------------------

------------------------
31.08.2024 11:01:53
CallbackFormEmailModal
Array
(
    [name] => redsroladon1986@op.pl
    [phone] => 84463355966
    [formname] => Обратная связь
)

------------------------

------------------------
31.08.2024 12:31:42
CallbackFormModal
Array
(
    [name] => Иван
    [phone] => +7(926)130-87-05
    [formname] => Заказать звонок
)

------------------------

------------------------
31.08.2024 13:02:31
CallbackFormEmailModal
Array
(
    [name] => jeleargiqua1971@op.pl
    [phone] => 81297882179
    [formname] => Обратная связь
)

------------------------

------------------------
31.08.2024 14:41:11
CallbackFormEmailModal
Array
(
    [name] => inffoo777@donetsk365.ru
    [phone] => 82741632475
    [formname] => Обратная связь
)

------------------------

------------------------
31.08.2024 15:30:16
CallbackFormEmailModal
Array
(
    [name] => alfredo4@xrevelxr.com
    [phone] => 84364654173
    [formname] => Обратная связь
)

------------------------

------------------------
31.08.2024 15:59:44
CallbackFormEmailModal
Array
(
    [name] => niavihearttern1980@op.pl
    [phone] => 81756136455
    [formname] => Обратная связь
)

------------------------

------------------------
31.08.2024 19:39:16
CallbackFormEmailModal
Array
(
    [name] => mos-los@hotmail.com
    [phone] => 83272967742
    [formname] => Обратная связь
)

------------------------

------------------------
31.08.2024 21:18:53
CallbackFormEmailModal
Array
(
    [name] => goldboy1931@gmail.com
    [phone] => 86485186736
    [formname] => Обратная связь
)

------------------------

------------------------
31.08.2024 21:25:11
CallbackFormEmailModal
Array
(
    [name] => stonapciagua1982@op.pl
    [phone] => 89782593774
    [formname] => Обратная связь
)

------------------------

------------------------
31.08.2024 23:34:58
CallbackFormEmailModal
Array
(
    [name] => Apettypub@envelopelink.xyz
    [phone] => 87967628271
    [formname] => Обратная связь
)

------------------------
