
------------------------
15.07.2021 18:37:16
CallbackFormEmailModal
Array
(
    [name] => mcdowellhammett2@gmail.com
    [phone] => mcdowellhammett2@gmail.com
    [formname] => Обратная связь
)

------------------------

------------------------
15.07.2021 18:37:23
CallbackFormEmailModal
Array
(
    [name] => mcdowellhammett2@gmail.com
    [phone] => mcdowellhammett2@gmail.com
    [formname] => Обратная связь
)

------------------------

------------------------
15.07.2021 18:38:14
CallbackFormEmailModal
Array
(
    [name] => mcdowellhammett2@gmail.com
    [phone] => mcdowellhammett2@gmail.com
    [formname] => Обратная связь
)

------------------------

------------------------
15.07.2021 18:38:17
CallbackFormEmailModal
Array
(
    [name] => mcdowellhammett2@gmail.com
    [phone] => mcdowellhammett2@gmail.com
    [formname] => Обратная связь
)

------------------------

------------------------
15.07.2021 18:38:59
CallbackFormEmailModal
Array
(
    [name] => mcdowellhammett2@gmail.com
    [phone] => mcdowellhammett2@gmail.com
    [formname] => Обратная связь
)

------------------------

------------------------
15.07.2021 18:39:05
CallbackFormEmailModal
Array
(
    [name] => mcdowellhammett2@gmail.com
    [phone] => mcdowellhammett2@gmail.com
    [formname] => Обратная связь
)

------------------------

------------------------
15.07.2021 18:40:13
CallbackFormEmailModal
Array
(
    [name] => mcdowellhammett2@gmail.com
    [phone] => mcdowellhammett2@gmail.com
    [formname] => Обратная связь
)

------------------------

------------------------
15.07.2021 18:40:17
CallbackFormEmailModal
Array
(
    [name] => mcdowellhammett2@gmail.com
    [phone] => mcdowellhammett2@gmail.com
    [formname] => Обратная связь
)

------------------------

------------------------
15.07.2021 18:40:23
CallbackFormEmailModal
Array
(
    [name] => mcdowellhammett2@gmail.com
    [phone] => mcdowellhammett2@gmail.com
    [formname] => Обратная связь
)

------------------------

------------------------
15.07.2021 18:40:27
CallbackFormEmailModal
Array
(
    [name] => mcdowellhammett2@gmail.com
    [phone] => mcdowellhammett2@gmail.com
    [formname] => Обратная связь
)

------------------------

------------------------
15.07.2021 18:40:55
CallbackFormEmailModal
Array
(
    [name] => mcdowellhammett2@gmail.com
    [phone] => mcdowellhammett2@gmail.com
    [formname] => Обратная связь
)

------------------------

------------------------
15.07.2021 18:40:58
CallbackFormEmailModal
Array
(
    [name] => mcdowellhammett2@gmail.com
    [phone] => mcdowellhammett2@gmail.com
    [formname] => Обратная связь
)

------------------------

------------------------
15.07.2021 18:41:43
CallbackFormEmailModal
Array
(
    [name] => mcdowellhammett2@gmail.com
    [phone] => mcdowellhammett2@gmail.com
    [formname] => Обратная связь
)

------------------------

------------------------
15.07.2021 18:41:46
CallbackFormEmailModal
Array
(
    [name] => mcdowellhammett2@gmail.com
    [phone] => mcdowellhammett2@gmail.com
    [formname] => Обратная связь
)

------------------------

------------------------
15.07.2021 18:41:56
CallbackFormEmailModal
Array
(
    [name] => mcdowellhammett2@gmail.com
    [phone] => mcdowellhammett2@gmail.com
    [formname] => Обратная связь
)

------------------------

------------------------
15.07.2021 18:42:00
CallbackFormEmailModal
Array
(
    [name] => mcdowellhammett2@gmail.com
    [phone] => mcdowellhammett2@gmail.com
    [formname] => Обратная связь
)

------------------------

------------------------
15.07.2021 18:42:09
CallbackFormEmailModal
Array
(
    [name] => mcdowellhammett2@gmail.com
    [phone] => mcdowellhammett2@gmail.com
    [formname] => Обратная связь
)

------------------------

------------------------
15.07.2021 18:42:12
CallbackFormEmailModal
Array
(
    [name] => mcdowellhammett2@gmail.com
    [phone] => mcdowellhammett2@gmail.com
    [formname] => Обратная связь
)

------------------------

------------------------
15.07.2021 18:42:18
CallbackFormEmailModal
Array
(
    [name] => mcdowellhammett2@gmail.com
    [phone] => mcdowellhammett2@gmail.com
    [formname] => Обратная связь
)

------------------------

------------------------
15.07.2021 18:42:21
CallbackFormEmailModal
Array
(
    [name] => mcdowellhammett2@gmail.com
    [phone] => mcdowellhammett2@gmail.com
    [formname] => Обратная связь
)

------------------------

------------------------
15.07.2021 18:42:27
CallbackFormEmailModal
Array
(
    [name] => mcdowellhammett2@gmail.com
    [phone] => mcdowellhammett2@gmail.com
    [formname] => Обратная связь
)

------------------------

------------------------
15.07.2021 18:42:31
CallbackFormEmailModal
Array
(
    [name] => mcdowellhammett2@gmail.com
    [phone] => mcdowellhammett2@gmail.com
    [formname] => Обратная связь
)

------------------------
