
------------------------
13.01.2023 5:39:51
CallbackFormEmailModal
Array
(
    [name] => ruslanvladimir52@gmail.com
    [phone] => 89645134787
    [formname] => Обратная связь
)

------------------------

------------------------
13.01.2023 7:47:06
CallbackFormEmailModal
Array
(
    [name] => marcin.zekodolski@interia.pl
    [phone] => 88869333611
    [formname] => Обратная связь
)

------------------------

------------------------
13.01.2023 10:49:44
CallbackFormEmailModal
Array
(
    [name] => l.uk.in.o.vich.2.0221.3.5.5@gmail.com

    [phone] => 86869866272
    [formname] => Обратная связь
)

------------------------

------------------------
13.01.2023 10:58:44
CallbackFormEmailModal
Array
(
    [name] => m.ironbitk.ovi.n@gmail.com
    [phone] => 81944421339
    [formname] => Обратная связь
)

------------------------

------------------------
13.01.2023 13:44:58
CallbackFormEmailModal
Array
(
    [name] => befvanslov+613593@mail.ru
    [phone] => 88329358622
    [formname] => Обратная связь
)

------------------------

------------------------
13.01.2023 20:01:42
CallbackFormEmailModal
Array
(
    [name] => pattyaprild9f9@outlook.com
    [phone] => 82936758512
    [formname] => Обратная связь
)

------------------------

------------------------
13.01.2023 20:19:11
CallbackFormEmailModal
Array
(
    [name] => lorene_chace16@rambler.ru
    [phone] => 85416216312
    [formname] => Обратная связь
)

------------------------
