
------------------------
19.04.2023 1:10:57
CallbackFormEmailModal
Array
(
    [name] => nicklausmarkaylah952@outlook.com
    [phone] => 86697861466
    [formname] => Обратная связь
)

------------------------

------------------------
19.04.2023 2:52:20
CallbackFormEmailModal
Array
(
    [name] => indomitowot@outlook.com
    [phone] => 85335264991
    [formname] => Обратная связь
)

------------------------

------------------------
19.04.2023 8:59:16
CallbackFormEmailModal
Array
(
    [name] => sergeybernalskiy@mail.ru
    [phone] => 81568272951
    [formname] => Обратная связь
)

------------------------

------------------------
19.04.2023 13:22:44
CallbackFormEmailModal
Array
(
    [name] => n8z2y@1tetris.ru
    [phone] => 84259184777
    [formname] => Обратная связь
)

------------------------

------------------------
19.04.2023 18:21:50
CallbackFormEmailModal
Array
(
    [name] => datafastpx@gmail.com
    [phone] => 89682847379
    [formname] => Обратная связь
)

------------------------

------------------------
19.04.2023 20:59:38
CallbackFormEmailModal
Array
(
    [name] => kuzinaalexandrina@yandex.ru
    [phone] => 88398376462
    [formname] => Обратная связь
)

------------------------
