
------------------------
19.11.2024 1:46:49
CallbackFormEmailModal
Array
(
    [name] => d456fg566@gazeta.pl
    [phone] => 87974481353
    [formname] => Обратная связь
)

------------------------

------------------------
19.11.2024 5:56:19
CallbackFormEmailModal
Array
(
    [name] => e.x.panse.u.yo.ra.cle71@gmail.com
    [phone] => Thank you so much for registering, I am very pleased to see you on the site
 6078550 https://t.me/ verygoodplustime !
    [formname] => Обратная связь
)

------------------------

------------------------
19.11.2024 6:28:27
CallbackFormEmailModal
Array
(
    [name] => sdhfjvsdkfbmhlsdfldfgb@gmail.com
    [phone] => 89186434529
    [formname] => Обратная связь
)

------------------------

------------------------
19.11.2024 7:06:39
CallbackFormEmailModal
Array
(
    [name] => glutememna1988@op.pl
    [phone] => 85963591545
    [formname] => Обратная связь
)

------------------------

------------------------
19.11.2024 11:03:52
CallbackFormEmailModal
Array
(
    [name] => diaramilge1975@op.pl
    [phone] => 85763647971
    [formname] => Обратная связь
)

------------------------

------------------------
19.11.2024 11:29:04
CallbackFormEmailModal
Array
(
    [name] => werso07kiu@rambler.ru
    [phone] => 86111488141
    [formname] => Обратная связь
)

------------------------

------------------------
19.11.2024 14:54:14
CallbackFormEmailModal
Array
(
    [name] => vokakkoopk@gazeta.pl
    [phone] => 87447947448
    [formname] => Обратная связь
)

------------------------

------------------------
19.11.2024 15:22:25
CallbackFormEmailModal
Array
(
    [name] => kevbhucaguar1970@mail.ru
    [phone] => 86317655222
    [formname] => Обратная связь
)

------------------------

------------------------
19.11.2024 15:59:37
CallbackFormEmailModal
Array
(
    [name] => juncpecni1980@mail.ru
    [phone] => 82644251315
    [formname] => Обратная связь
)

------------------------

------------------------
19.11.2024 16:31:14
CallbackFormEmailModal
Array
(
    [name] => ivanohila@gmail.com
    [phone] => 88987719582
    [formname] => Обратная связь
)

------------------------

------------------------
19.11.2024 18:18:12
CallbackFormEmailModal
Array
(
    [name] => densydelop1986@op.pl
    [phone] => 81873171698
    [formname] => Обратная связь
)

------------------------

------------------------
19.11.2024 18:24:34
CallbackFormEmailModal
Array
(
    [name] => werso07kiu@rambler.ru
    [phone] => 82396489251
    [formname] => Обратная связь
)

------------------------

------------------------
19.11.2024 19:31:10
CallbackFormEmailModal
Array
(
    [name] => progon@progon.fun
    [phone] => 89947583147
    [formname] => Обратная связь
)

------------------------
