
------------------------
21.12.2024 2:48:57
CallbackFormEmailModal
Array
(
    [name] => tammysmith1955@sificationmail.com
    [phone] => 81854542747
    [formname] => Обратная связь
)

------------------------

------------------------
21.12.2024 5:40:38
CallbackFormEmailModal
Array
(
    [name] => evgenevna5qdk@gmail.com
    [phone] => 85779919973
    [formname] => Обратная связь
)

------------------------

------------------------
21.12.2024 7:30:25
CallbackFormEmailModal
Array
(
    [name] => gendraducanprohbay@mail.ru
    [phone] => 84494791333
    [formname] => Обратная связь
)

------------------------

------------------------
21.12.2024 7:53:03
CallbackFormEmailModal
Array
(
    [name] => higbiosepo1986@mail.ru
    [phone] => 84464537176
    [formname] => Обратная связь
)

------------------------

------------------------
21.12.2024 7:53:57
CallbackFormEmailModal
Array
(
    [name] => ogfcqxfrdka@rudiplomust.com
    [phone] => 85299668546
    [formname] => Обратная связь
)

------------------------

------------------------
21.12.2024 7:58:50
CallbackFormEmailModal
Array
(
    [name] => rerkgeemong98@mail.ru
    [phone] => 86781142947
    [formname] => Обратная связь
)

------------------------

------------------------
21.12.2024 8:08:31
CallbackFormEmailModal
Array
(
    [name] => foncardda1988@mail.ru
    [phone] => 83232519588
    [formname] => Обратная связь
)

------------------------

------------------------
21.12.2024 8:23:04
CallbackFormEmailModal
Array
(
    [name] => rais.shchigelskaya2002@mail.ru
    [phone] => 89219351896
    [formname] => Обратная связь
)

------------------------

------------------------
21.12.2024 10:06:46
CallbackFormEmailModal
Array
(
    [name] => gm1176374@gmail.com
    [phone] => 86916981362
    [formname] => Обратная связь
)

------------------------

------------------------
21.12.2024 10:41:00
CallbackFormEmailModal
Array
(
    [name] => anthon1@xrevelxr.com
    [phone] => 86878455142
    [formname] => Обратная связь
)

------------------------

------------------------
21.12.2024 11:06:15
CallbackFormEmailModal
Array
(
    [name] => xymkkghnzel@rudiplomust.com
    [phone] => 84815159941
    [formname] => Обратная связь
)

------------------------

------------------------
21.12.2024 11:26:44
CallbackFormEmailModal
Array
(
    [name] => nadacottuobesnie@mail.ru
    [phone] => 83134197188
    [formname] => Обратная связь
)

------------------------

------------------------
21.12.2024 14:19:38
CallbackFormEmailModal
Array
(
    [name] => according@prostpro.fun
    [phone] => 85234392887
    [formname] => Обратная связь
)

------------------------

------------------------
21.12.2024 15:07:52
CallbackFormEmailModal
Array
(
    [name] => chofitensatomar@mail.ru
    [phone] => 85513119626
    [formname] => Обратная связь
)

------------------------

------------------------
21.12.2024 15:09:03
CallbackFormEmailModal
Array
(
    [name] => galya.usenko.63@mail.ru
    [phone] => 82225951557
    [formname] => Обратная связь
)

------------------------

------------------------
21.12.2024 15:09:25
CallbackFormEmailModal
Array
(
    [name] => eprovbelwha@mail.ru
    [phone] => 86329841552
    [formname] => Обратная связь
)

------------------------

------------------------
21.12.2024 15:41:36
CallbackFormEmailModal
Array
(
    [name] => pencucon_97@mail.ru
    [phone] => 88539674792
    [formname] => Обратная связь
)

------------------------

------------------------
21.12.2024 17:29:07
CallbackFormEmailModal
Array
(
    [name] => Eric Jones
    [phone] => US
    [formname] => Обратная связь
)

------------------------

------------------------
21.12.2024 17:30:44
CallbackFormEmailModal
Array
(
    [name] => margarit_ternova1999@mail.ru
    [phone] => 89256277918
    [formname] => Обратная связь
)

------------------------

------------------------
21.12.2024 18:10:25
CallbackFormEmailModal
Array
(
    [name] => arikerer278@gmail.com
    [phone] => 88338717991
    [formname] => Обратная связь
)

------------------------

------------------------
21.12.2024 19:08:44
CallbackFormEmailModal
Array
(
    [name] => sheveleva-alisa@bk.ru
    [phone] => 88746945781
    [formname] => Обратная связь
)

------------------------

------------------------
21.12.2024 21:05:32
CallbackFormEmailModal
Array
(
    [name] => lisrebowra1989@mail.ru
    [phone] => 86593738589
    [formname] => Обратная связь
)

------------------------

------------------------
21.12.2024 21:44:20
CallbackFormEmailModal
Array
(
    [name] => sfhtdkyafel@rudiplomust.com
    [phone] => 87162574195
    [formname] => Обратная связь
)

------------------------

------------------------
21.12.2024 21:46:17
CallbackFormEmailModal
Array
(
    [name] => anna.shapiro.78@mail.ru
    [phone] => 86246245865
    [formname] => Обратная связь
)

------------------------

------------------------
21.12.2024 21:54:20
CallbackFormEmailModal
Array
(
    [name] => olit@deft-service.ru
    [phone] => 82929777672
    [formname] => Обратная связь
)

------------------------

------------------------
21.12.2024 22:03:19
CallbackFormEmailModal
Array
(
    [name] => rietraccabun1976@mail.ru
    [phone] => 82546993546
    [formname] => Обратная связь
)

------------------------

------------------------
21.12.2024 22:11:12
CallbackFormEmailModal
Array
(
    [name] => sashunya.sergeev.2022@list.ru
    [phone] => 82891261424
    [formname] => Обратная связь
)

------------------------

------------------------
21.12.2024 22:28:40
CallbackFormEmailModal
Array
(
    [name] => halcheni1990@mail.ru
    [phone] => 87514611867
    [formname] => Обратная связь
)

------------------------
