
------------------------
03.12.2025 1:39:10
CallbackFormEmailModal
Array
(
    [name] => dinastiyaz@lordgames.ru
    [phone] => 85297458286
    [formname] => Обратная связь
)

------------------------

------------------------
03.12.2025 11:34:43
CallbackFormEmailModal
Array
(
    [name] => dolnovam@mail.ru
    [phone] => 81871187843
    [formname] => Обратная связь
)

------------------------

------------------------
03.12.2025 18:28:21
CallbackFormEmailModal
Array
(
    [name] => dolnovam@mail.ru
    [phone] => 84221982472
    [formname] => Обратная связь
)

------------------------

------------------------
03.12.2025 18:49:46
CallbackFormEmailModal
Array
(
    [name] => dinanikolskaya99@gmail.com
    [phone] => 83515663377
    [formname] => Обратная связь
)

------------------------

------------------------
03.12.2025 22:28:43
CallbackFormEmailModal
Array
(
    [name] => krolwaek@bientotmail.com
    [phone] => 81569961439
    [formname] => Обратная связь
)

------------------------

------------------------
03.12.2025 22:29:25
CallbackFormEmailModal
Array
(
    [name] => zqvfuzpg@bonjourfmail.com
    [phone] => 87148863442
    [formname] => Обратная связь
)

------------------------
