
------------------------
13.06.2022 0:02:06
CallbackFormEmailModal
Array
(
    [name] => juliusogeva@mail-online.dk
    [phone] => 89035308409
    [formname] => Обратная связь
)

------------------------

------------------------
13.06.2022 3:17:33
CallbackFormEmailModal
Array
(
    [name] => f.w.h@forum.dk
    [phone] => 89033093886
    [formname] => Обратная связь
)

------------------------

------------------------
13.06.2022 3:37:37
CallbackFormEmailModal
Array
(
    [name] => alen@webstor-globalyou.store
    [phone] => 84367662143
    [formname] => Обратная связь
)

------------------------

------------------------
13.06.2022 6:37:19
CallbackFormEmailModal
Array
(
    [name] => inzir-k@mailme.dk
    [phone] => 89030014163
    [formname] => Обратная связь
)

------------------------

------------------------
13.06.2022 10:04:30
CallbackFormEmailModal
Array
(
    [name] => daniel.mammen@forum.dk
    [phone] => 89036000905
    [formname] => Обратная связь
)

------------------------

------------------------
13.06.2022 10:43:01
CallbackEmailModal
Array
(
    [name] => Meespelve@newtopmail.xyz
    [phone] => 89613639582
    [comment] => Название продуката: Грязезащитные покрытия Дели
Комменатрий: https://newfasttadalafil.com/ - buy cialis online without prescription Amoxicillin And Mononucleosis Sjjuar Tdkstp Par 701 Clomid For Sale <a href=https://newfasttadalafil.com/>comprar cialis online</a> Free Trial Viagra In Canada Rmtxho Most common cause of autoimmune thyroid disorder more common in women Vgijlb https://newfasttadalafil.com/ - buy cialis online with prescription What Abnormal Results Mean Greaterthannormal levels of LH may indicate  Anorchia absence of testes or testes that do not function Hypogonadism Klinefelter syndrome Menopause Ovarian failure see Ovarian hypofunction Polycystic ovary disease Precocious puberty Turner syndrome Lowerthannormal levels of LH may indicate hypopituitarism. Yqfxjo
    [formname] => Задать вопрос по товару
)

------------------------

------------------------
13.06.2022 13:19:05
CallbackFormEmailModal
Array
(
    [name] => dennistp@forum.dk
    [phone] => 89039876092
    [formname] => Обратная связь
)

------------------------

------------------------
13.06.2022 16:28:28
CallbackFormEmailModal
Array
(
    [name] => kristoffero@forum.dk
    [phone] => 89030103364
    [formname] => Обратная связь
)

------------------------

------------------------
13.06.2022 19:46:38
CallbackFormEmailModal
Array
(
    [name] => mcarus@jubiipost.dk
    [phone] => 89035470717
    [formname] => Обратная связь
)

------------------------

------------------------
13.06.2022 23:02:26
CallbackFormEmailModal
Array
(
    [name] => conniejepsen@forum.dk
    [phone] => 89038085270
    [formname] => Обратная связь
)

------------------------
