
------------------------
07.11.2025 2:01:38
CallbackFormEmailModal
Array
(
    [name] => raqmbatqaSa@divier.ru
    [phone] => 86878869669
    [formname] => Обратная связь
)

------------------------

------------------------
07.11.2025 3:17:17
CallbackFormEmailModal
Array
(
    [name] => wo.odfo.rd.j.a.m.e.s.on.4.@gmail.com
    [phone] => 83453511457
    [formname] => Обратная связь
)

------------------------

------------------------
07.11.2025 3:30:49
CallbackFormEmailModal
Array
(
    [name] => elisebnnet@gmail.com
    [phone] => 88685497268
    [formname] => Обратная связь
)

------------------------

------------------------
07.11.2025 5:09:05
CallbackFormEmailModal
Array
(
    [name] => antonwefulu@mail.ru
    [phone] => 81843914358
    [formname] => Обратная связь
)

------------------------

------------------------
07.11.2025 5:09:05
CallbackFormEmailModal
Array
(
    [name] => inna.kortneva.69@mail.ru
    [phone] => 86888274443
    [formname] => Обратная связь
)

------------------------

------------------------
07.11.2025 5:48:10
CallbackFormEmailModal
Array
(
    [name] => serezhamobisa@mail.ru
    [phone] => 83578694717
    [formname] => Обратная связь
)

------------------------

------------------------
07.11.2025 6:52:48
Order
Array
(
    [name] => Ведерников Григорий Сергеевич
    [email] => vgsklimat@gmail.com
    [phone] => +7-913-764-8089
    [comment] => Ревизия/прочистка Rw150 с выпуском DN110, кол-во: 1, цена: 4350руб.
Способ доставки: Доставка автотранспортом поставщика
Выберите способ оплаты: Оплата на расчетный счет организации
Адрес доставки: 630078, г.Новосибирск, ул.Выставочная, дом 17. квартира 38 Новосибирск

Комментарий к заказу: 
Прошу выставить счет на три ревизии с ГЛАДКОЙ КРЫШКОЙ и отправить транспортной компанией Деловые линии до терминала в г.Новосибирск

Общество с ограниченной ответственностью «Продинтех»
Директор: Ведерников Григорий Сергеевич, на основании Устава
630078, РОССИЙСКАЯ ФЕДЕРАЦИЯ, Новосибирская обл., г.Новосибирск, 
ул.Пермитина, д.24/7, оф. 5
ИНН 5405481630/ КПП 540501001
ОГРН 1135476135904
ОКПО 47504877
р/c 40702810320000208691
БИК 044525104
в ООО "Банк Точка"
к/с 30101810745374525104

    [formname] => Заказ из корзины
    [fields] => Array
        (
            [price] => 13050
        )

)

------------------------

------------------------
07.11.2025 6:56:10
CallbackFormEmailModal
Array
(
    [name] => sergowor.ki.ng.71.8@gmail.com
    [phone] => 83929546763
    [formname] => Обратная связь
)

------------------------

------------------------
07.11.2025 7:23:42
CallbackFormEmailModal
Array
(
    [name] => elmerchang1970@salpingomyu.ru
    [phone] => 85716963896
    [formname] => Обратная связь
)

------------------------

------------------------
07.11.2025 7:24:07
CallbackFormEmailModal
Array
(
    [name] => lashawndaqkpuc@mail.ru
    [phone] => 82543684359
    [formname] => Обратная связь
)

------------------------

------------------------
07.11.2025 7:31:41
CallbackFormEmailModal
Array
(
    [name] => anna.shapiro.78@mail.ru
    [phone] => 85326344331
    [formname] => Обратная связь
)

------------------------

------------------------
07.11.2025 8:52:10
CallbackFormEmailModal
Array
(
    [name] => zekisuquc419@gmail.com
    [phone] => 88157255571
    [formname] => Обратная связь
)

------------------------

------------------------
07.11.2025 12:53:52
CallbackFormEmailModal
Array
(
    [name] => mamedov.edgar.1992.3.3@inbox.ru
    [phone] => 87891774961
    [formname] => Обратная связь
)

------------------------

------------------------
07.11.2025 13:39:04
CallbackFormEmailModal
Array
(
    [name] => anya.genger@mail.ru
    [phone] => 86186173926
    [formname] => Обратная связь
)

------------------------

------------------------
07.11.2025 14:21:34
CallbackFormEmailModal
Array
(
    [name] => valerakimuvo@mail.ru
    [phone] => 89924325397
    [formname] => Обратная связь
)

------------------------

------------------------
07.11.2025 14:32:13
CallbackFormEmailModal
Array
(
    [name] => hrabrgulyaev1996673@mail.ru
    [phone] => 89372886583
    [formname] => Обратная связь
)

------------------------

------------------------
07.11.2025 16:11:40
CallbackFormEmailModal
Array
(
    [name] => urban5d9karl-heinz@gmx.com
    [phone] => 84712283424
    [formname] => Обратная связь
)

------------------------

------------------------
07.11.2025 16:17:10
CallbackFormEmailModal
Array
(
    [name] => polyakovdanila19908366@mail.ru
    [phone] => 81942374479
    [formname] => Обратная связь
)

------------------------

------------------------
07.11.2025 16:22:14
CallbackFormEmailModal
Array
(
    [name] => gendraducanprohbay@mail.ru
    [phone] => 89156952727
    [formname] => Обратная связь
)

------------------------

------------------------
07.11.2025 16:33:07
CallbackFormEmailModal
Array
(
    [name] => pestovafivr1985@mail.ru
    [phone] => 87475136999
    [formname] => Обратная связь
)

------------------------

------------------------
07.11.2025 16:55:53
CallbackFormEmailModal
Array
(
    [name] => annachusuha@mail.ru
    [phone] => 88566745954
    [formname] => Обратная связь
)

------------------------

------------------------
07.11.2025 17:21:09
CallbackFormEmailModal
Array
(
    [name] => footballcountcom@gmail.com
    [phone] => 87175152594
    [formname] => Обратная связь
)

------------------------

------------------------
07.11.2025 17:28:59
CallbackFormEmailModal
Array
(
    [name] => gunlekingovertcon@mail.ru
    [phone] => 85855548415
    [formname] => Обратная связь
)

------------------------

------------------------
07.11.2025 19:29:37
CallbackFormEmailModal
Array
(
    [name] => elenaroludo@mail.ru
    [phone] => 88513184653
    [formname] => Обратная связь
)

------------------------

------------------------
07.11.2025 19:38:32
CallbackFormEmailModal
Array
(
    [name] => deacren@mail.ru
    [phone] => 85681825689
    [formname] => Обратная связь
)

------------------------

------------------------
07.11.2025 19:46:11
CallbackFormEmailModal
Array
(
    [name] => martakalinina84@mail.ru
    [phone] => 88966363275
    [formname] => Обратная связь
)

------------------------

------------------------
07.11.2025 19:50:41
CallbackFormEmailModal
Array
(
    [name] => vasyukov.mityusha@list.ru
    [phone] => 86749998693
    [formname] => Обратная связь
)

------------------------

------------------------
07.11.2025 19:52:28
CallbackFormEmailModal
Array
(
    [name] => sinevhabibi664@bk.ru
    [phone] => 83984721885
    [formname] => Обратная связь
)

------------------------

------------------------
07.11.2025 20:32:16
CallbackFormEmailModal
Array
(
    [name] => eepovda@bk.ru
    [phone] => 89345354735
    [formname] => Обратная связь
)

------------------------

------------------------
07.11.2025 22:13:16
CallbackFormEmailModal
Array
(
    [name] => avalapse146@gmail.com
    [phone] => 86257914511
    [formname] => Обратная связь
)

------------------------
