
------------------------
22.08.2025 2:03:23
CallbackFormEmailModal
Array
(
    [name] => davidmib@mail.ru
    [phone] => 85522511854
    [formname] => Обратная связь
)

------------------------

------------------------
22.08.2025 7:10:53
CallbackFormEmailModal
Array
(
    [name] => Micheline Parra
    [phone] => Great Britain
    [formname] => Обратная связь
)

------------------------

------------------------
22.08.2025 8:57:18
CallbackFormEmailModal
Array
(
    [name] => valentin.vinokurov.12.6.1968@mail.ru
    [phone] => 83821819381
    [formname] => Обратная связь
)

------------------------

------------------------
22.08.2025 8:57:49
CallbackFormEmailModal
Array
(
    [name] => auto@1vtt.ru
    [phone] => 81158759191
    [formname] => Обратная связь
)

------------------------

------------------------
22.08.2025 9:17:40
CallbackFormEmailModal
Array
(
    [name] => bikon777@rambler.ru
    [phone] => 81944484449
    [formname] => Обратная связь
)

------------------------

------------------------
22.08.2025 9:21:15
CallbackFormEmailModal
Array
(
    [name] => veronika.goryunova.06.09.2001@mail.ru
    [phone] => 89296775193
    [formname] => Обратная связь
)

------------------------

------------------------
22.08.2025 9:29:20
CallbackFormEmailModal
Array
(
    [name] => karina_platonova_31068@mail.ru
    [phone] => 81943431641
    [formname] => Обратная связь
)

------------------------

------------------------
22.08.2025 9:31:01
CallbackFormEmailModal
Array
(
    [name] => svetlanakomissarova1987@mail.ru
    [phone] => 83594594882
    [formname] => Обратная связь
)

------------------------

------------------------
22.08.2025 9:54:57
CallbackFormEmailModal
Array
(
    [name] => martakalinina84@mail.ru
    [phone] => 81912814178
    [formname] => Обратная связь
)

------------------------

------------------------
22.08.2025 10:03:05
CallbackFormEmailModal
Array
(
    [name] => pavelpapebi@mail.ru
    [phone] => 84534768278
    [formname] => Обратная связь
)

------------------------

------------------------
22.08.2025 10:13:44
CallbackFormEmailModal
Array
(
    [name] => vitya-kondratev-1969@inbox.ru
    [phone] => 85218585549
    [formname] => Обратная связь
)

------------------------

------------------------
22.08.2025 10:18:05
CallbackFormEmailModal
Array
(
    [name] => blinovazinonna1983@mail.ru
    [phone] => 87559512354
    [formname] => Обратная связь
)

------------------------

------------------------
22.08.2025 10:33:03
CallbackFormEmailModal
Array
(
    [name] => ovnterbefjuden6138@mail.ru
    [phone] => 83389511293
    [formname] => Обратная связь
)

------------------------

------------------------
22.08.2025 10:34:20
CallbackFormEmailModal
Array
(
    [name] => panova.elena.1992.23.11@bk.ru
    [phone] => 83986838558
    [formname] => Обратная связь
)

------------------------

------------------------
22.08.2025 10:34:32
CallbackFormEmailModal
Array
(
    [name] => akindinkudryashov6842@mail.ru
    [phone] => 88112472989
    [formname] => Обратная связь
)

------------------------

------------------------
22.08.2025 10:36:33
CallbackFormEmailModal
Array
(
    [name] => building.sales.ru@gmail.com
    [phone] => 86319118899
    [formname] => Обратная связь
)

------------------------

------------------------
22.08.2025 10:46:56
CallbackFormEmailModal
Array
(
    [name] => bikon777@rambler.ru
    [phone] => 81359468635
    [formname] => Обратная связь
)

------------------------

------------------------
22.08.2025 11:50:07
CallbackFormEmailModal
Array
(
    [name] => agazcpuvsf@rambler.ru
    [phone] => 88959779426
    [formname] => Обратная связь
)

------------------------

------------------------
22.08.2025 11:55:54
CallbackFormEmailModal
Array
(
    [name] => sergoworkin.g.71.8@gmail.com
    [phone] => 83652189132
    [formname] => Обратная связь
)

------------------------

------------------------
22.08.2025 12:19:54
CallbackFormEmailModal
Array
(
    [name] => mlonanlout1985@mail.ru
    [phone] => 87526654197
    [formname] => Обратная связь
)

------------------------

------------------------
22.08.2025 13:37:40
CallbackFormEmailModal
Array
(
    [name] => 10000000finance@gmail.com
    [phone] => 83339514735
    [formname] => Обратная связь
)

------------------------

------------------------
22.08.2025 13:53:30
CallbackFormEmailModal
Array
(
    [name] => orlov.roman.1988.2.11@list.ru
    [phone] => 86115257731
    [formname] => Обратная связь
)

------------------------

------------------------
22.08.2025 13:59:25
CallbackFormEmailModal
Array
(
    [name] => tatyanka-semenova-2022@mail.ru
    [phone] => 83679589791
    [formname] => Обратная связь
)

------------------------

------------------------
22.08.2025 14:49:15
CallbackFormEmailModal
Array
(
    [name] => karzhavinvenegard@mail.ru
    [phone] => 83618382527
    [formname] => Обратная связь
)

------------------------

------------------------
22.08.2025 14:55:49
CallbackFormEmailModal
Array
(
    [name] => musaev.misha.1982.3.5@list.ru
    [phone] => 84132356791
    [formname] => Обратная связь
)

------------------------

------------------------
22.08.2025 14:58:20
CallbackFormEmailModal
Array
(
    [name] => stapuntril1990@mail.ru
    [phone] => 81136223914
    [formname] => Обратная связь
)

------------------------

------------------------
22.08.2025 15:13:12
CallbackFormEmailModal
Array
(
    [name] => cratunsculit1988@mail.ru
    [phone] => 87251584457
    [formname] => Обратная связь
)

------------------------

------------------------
22.08.2025 15:14:26
CallbackFormEmailModal
Array
(
    [name] => profconbu_64@mail.ru
    [phone] => 86119468414
    [formname] => Обратная связь
)

------------------------

------------------------
22.08.2025 15:29:06
CallbackFormEmailModal
Array
(
    [name] => pavel.sitdikov.88@mail.ru
    [phone] => 83964275725
    [formname] => Обратная связь
)

------------------------

------------------------
22.08.2025 15:33:56
CallbackFormEmailModal
Array
(
    [name] => anya.genger@mail.ru
    [phone] => 81541466451
    [formname] => Обратная связь
)

------------------------

------------------------
22.08.2025 15:49:21
CallbackFormEmailModal
Array
(
    [name] => pestovafivr1985@mail.ru
    [phone] => 81264553662
    [formname] => Обратная связь
)

------------------------

------------------------
22.08.2025 17:40:58
CallbackFormEmailModal
Array
(
    [name] => abbyas-venikov1984@mail.ru
    [phone] => 83915394272
    [formname] => Обратная связь
)

------------------------

------------------------
22.08.2025 18:29:30
CallbackFormEmailModal
Array
(
    [name] => kyznec.alex.moon@yandex.ru
    [phone] => 85531445634
    [formname] => Обратная связь
)

------------------------
