
------------------------
03.01.2025 2:39:15
CallbackFormEmailModal
Array
(
    [name] => sergoworkin.g71.8@gmail.com
    [phone] => 82353543338
    [formname] => Обратная связь
)

------------------------

------------------------
03.01.2025 4:11:08
CallbackFormEmailModal
Array
(
    [name] => yourmail@gmail.com
    [phone] => 89561958689
    [formname] => Обратная связь
)

------------------------

------------------------
03.01.2025 6:08:38
CallbackFormEmailModal
Array
(
    [name] => domweaverto@gmail.com
    [phone] => 86164376282
    [formname] => Обратная связь
)

------------------------

------------------------
03.01.2025 7:57:16
CallbackFormEmailModal
Array
(
    [name] => moqagides18@gmail.com
    [phone] => 83823545518
    [formname] => Обратная связь
)

------------------------

------------------------
03.01.2025 8:17:56
CallbackFormEmailModal
Array
(
    [name] => zorpemiak@zaim-fin.com
    [phone] => 89466239652
    [formname] => Обратная связь
)

------------------------

------------------------
03.01.2025 9:23:31
CallbackFormEmailModal
Array
(
    [name] => kristicl_lokkett@hotmail.com
    [phone] => 85442723681
    [formname] => Обратная связь
)

------------------------

------------------------
03.01.2025 9:42:00
CallbackFormEmailModal
Array
(
    [name] => placnacidown1989@mail.ru
    [phone] => 88391581176
    [formname] => Обратная связь
)

------------------------

------------------------
03.01.2025 10:07:14
CallbackFormEmailModal
Array
(
    [name] => loginovkornilii953193@mail.ru
    [phone] => 82196732251
    [formname] => Обратная связь
)

------------------------

------------------------
03.01.2025 10:11:55
CallbackFormEmailModal
Array
(
    [name] => postsaddtaliretneu@mail.ru
    [phone] => 87169859499
    [formname] => Обратная связь
)

------------------------

------------------------
03.01.2025 10:18:05
CallbackFormEmailModal
Array
(
    [name] => support@zerkalo.io

    [phone] => Kurva!!!!!
 >>> https://is.gd/bhdwf
 <<<
    [formname] => Обратная связь
)

------------------------

------------------------
03.01.2025 10:27:42
CallbackFormEmailModal
Array
(
    [name] => mosoce-416@mail.ru
    [phone] => 84125917494
    [formname] => Обратная связь
)

------------------------

------------------------
03.01.2025 10:46:19
CallbackFormEmailModal
Array
(
    [name] => mepinfenia@bk.ru
    [phone] => 85177337265
    [formname] => Обратная связь
)

------------------------

------------------------
03.01.2025 10:50:44
CallbackFormEmailModal
Array
(
    [name] => rodionoverik1735@mail.ru
    [phone] => 86299743899
    [formname] => Обратная связь
)

------------------------

------------------------
03.01.2025 10:50:44
CallbackFormEmailModal
Array
(
    [name] => ilya.igoshin.85@mail.ru
    [phone] => 81691957375
    [formname] => Обратная связь
)

------------------------

------------------------
03.01.2025 11:15:58
CallbackFormEmailModal
Array
(
    [name] => filimonov.ivan.1997.4.6@list.ru
    [phone] => 89476347239
    [formname] => Обратная связь
)

------------------------

------------------------
03.01.2025 11:26:58
CallbackFormEmailModal
Array
(
    [name] => anna.shapiro.78@mail.ru
    [phone] => 83828235287
    [formname] => Обратная связь
)

------------------------

------------------------
03.01.2025 12:23:19
CallbackFormEmailModal
Array
(
    [name] => tumfedina1982@op.pl
    [phone] => 88419892688
    [formname] => Обратная связь
)

------------------------

------------------------
03.01.2025 14:21:58
CallbackFormEmailModal
Array
(
    [name] => lolerex241@ovout.com
    [phone] => 85412987556
    [formname] => Обратная связь
)

------------------------

------------------------
03.01.2025 14:25:54
CallbackFormEmailModal
Array
(
    [name] => lolerex241@ovout.com
    [phone] => 89221444926
    [formname] => Обратная связь
)

------------------------

------------------------
03.01.2025 20:13:14
CallbackFormEmailModal
Array
(
    [name] => m3ga_at@mailbox.org
    [phone] => 88332921626
    [formname] => Обратная связь
)

------------------------
