
------------------------
24.08.2021 0:59:17
CallbackFormEmailModal
Array
(
    [name] => davidmitchell7162@gmail.com

    [phone] => 87537755882
    [formname] => Обратная связь
)

------------------------

------------------------
24.08.2021 2:33:43
CallbackFormEmailModal
Array
(
    [name] => aliskamend@tiobemela.tk
    [phone] => 81639957518
    [formname] => Обратная связь
)

------------------------

------------------------
24.08.2021 17:26:04
CallbackFormEmailModal
Array
(
    [name] => aliskamend@tiobemela.tk
    [phone] => 81648326249
    [formname] => Обратная связь
)

------------------------

------------------------
24.08.2021 17:49:52
CallbackFormEmailModal
Array
(
    [name] => reizerovajeneveva1985@rambler.ru
    [phone] => 123456789
    [formname] => Обратная связь
)

------------------------
