
------------------------
08.07.2022 2:13:03
CallbackFormEmailModal
Array
(
    [name] => wanazie30@yahoo.com
    [phone] => 89036075568
    [formname] => Обратная связь
)

------------------------

------------------------
08.07.2022 9:57:18
Order
Array
(
    [name] => Жетиков Алексей Николаевич
    [email] => 
    [phone] => +7-904-886-1616
    [comment] => Прессованный  настил P 33х11/30х2 Zn 500х500 мм, кол-во: 1, цена: 2620руб.
Способ доставки: Доставка автотранспортом поставщика
Выберите способ оплаты: Оплата на расчетный счет организации
Адрес доставки: г. Нефтеюганск

Комментарий к заказу: 
Возможна ли отправка ТК до Нефтеюганска?
    [formname] => Заказ из корзины
    [fields] => Array
        (
            [price] => 2620
        )

)

------------------------
