
------------------------
14.09.2022 5:49:17
CallbackFormEmailModal
Array
(
    [name] => spbetcas322@gmail.com
    [phone] => 84233753785
    [formname] => Обратная связь
)

------------------------

------------------------
14.09.2022 13:03:56
CallbackEmailModal
Array
(
    [name] => сергей
    [phone] => +7(903)586-00-18
    [comment] => Название продуката: Сварной  настил SP 34х38/30х2 Zn 1000х1000 мм
Комменатрий: Сварной настил SP 34х38/30х2  1000х1000 мм  интересует в черном металле и сроки
    [formname] => Задать вопрос по товару
)

------------------------
