
------------------------
01.11.2025 6:17:58
Order
Array
(
    [name] => Ведерников Григорий
    [email] => vgs-groupe@mail.ru
    [phone] => +7-913-764-8089
    [comment] => Ревизия/прочистка Rw150 с выпуском DN110, кол-во: 1, цена: 4350руб.
Способ доставки: Доставка автотранспортом поставщика
Выберите способ оплаты: Оплата наличным
Адрес доставки: Г.Новосибирск , ул.Пермитина 24/7

Комментарий к заказу: 
Прошу выставить счет, со сроками и отправить транспортной компанией до терминала в Новосибирске.
ИНН 5404461536 ООО ГК "ВГС" телефон для уточнений 89137648089 Григорий
    [formname] => Заказ из корзины
    [fields] => Array
        (
            [price] => 13050
        )

)

------------------------

------------------------
01.11.2025 6:51:28
CallbackFormEmailModal
Array
(
    [name] => xbvacltf@tubermail.com
    [phone] => 87884944261
    [formname] => Обратная связь
)

------------------------

------------------------
01.11.2025 7:07:13
CallbackFormEmailModal
Array
(
    [name] => elenakifixo@mail.ru
    [phone] => 84781657935
    [formname] => Обратная связь
)

------------------------

------------------------
01.11.2025 7:10:27
CallbackFormEmailModal
Array
(
    [name] => jisankape@list.ru
    [phone] => 82568475888
    [formname] => Обратная связь
)

------------------------

------------------------
01.11.2025 7:24:03
CallbackFormEmailModal
Array
(
    [name] => ivanfuvuso@mail.ru
    [phone] => 88191555924
    [formname] => Обратная связь
)

------------------------

------------------------
01.11.2025 9:09:26
CallbackFormEmailModal
Array
(
    [name] => margarita.stolyarova.26.05.1995@mail.ru
    [phone] => 81478691457
    [formname] => Обратная связь
)

------------------------

------------------------
01.11.2025 10:31:19
CallbackFormEmailModal
Array
(
    [name] => sergowor.ki.ng7.1.8@gmail.com
    [phone] => 82931644335
    [formname] => Обратная связь
)

------------------------

------------------------
01.11.2025 13:33:10
CallbackFormEmailModal
Array
(
    [name] => kgortlmw@streetwormail.com
    [phone] => 88463129379
    [formname] => Обратная связь
)

------------------------

------------------------
01.11.2025 14:02:58
CallbackFormEmailModal
Array
(
    [name] => inna.kortneva.69@mail.ru
    [phone] => 84229218561
    [formname] => Обратная связь
)

------------------------

------------------------
01.11.2025 14:15:30
CallbackFormEmailModal
Array
(
    [name] => laisumake186@mail.ru
    [phone] => 85918969478
    [formname] => Обратная связь
)

------------------------

------------------------
01.11.2025 14:15:48
CallbackFormEmailModal
Array
(
    [name] => elisebnnet@gmail.com
    [phone] => 83122694587
    [formname] => Обратная связь
)

------------------------

------------------------
01.11.2025 14:31:16
CallbackFormEmailModal
Array
(
    [name] => cratunsculit1988@mail.ru
    [phone] => 89187275431
    [formname] => Обратная связь
)

------------------------

------------------------
01.11.2025 14:49:06
CallbackFormEmailModal
Array
(
    [name] => musaev.misha.1982.3.5@list.ru
    [phone] => 89337287191
    [formname] => Обратная связь
)

------------------------

------------------------
01.11.2025 15:19:51
CallbackFormEmailModal
Array
(
    [name] => tut@obzvon-baza.ru
    [phone] => 88663656366
    [formname] => Обратная связь
)

------------------------

------------------------
01.11.2025 17:07:09
CallbackFormEmailModal
Array
(
    [name] => mr.markus.virtanen@gmail.com
    [phone] => 83642163469
    [formname] => Обратная связь
)

------------------------

------------------------
01.11.2025 17:25:57
CallbackFormEmailModal
Array
(
    [name] => serezhamobisa@mail.ru
    [phone] => 86778799844
    [formname] => Обратная связь
)

------------------------

------------------------
01.11.2025 17:28:14
CallbackFormEmailModal
Array
(
    [name] => kseniyanechusa@mail.ru
    [phone] => 86268889297
    [formname] => Обратная связь
)

------------------------

------------------------
01.11.2025 17:30:55
CallbackFormEmailModal
Array
(
    [name] => amabil.6002@mail.ru
    [phone] => 85982692818
    [formname] => Обратная связь
)

------------------------

------------------------
01.11.2025 17:43:19
CallbackFormEmailModal
Array
(
    [name] => antonwefulu@mail.ru
    [phone] => 88987728397
    [formname] => Обратная связь
)

------------------------

------------------------
01.11.2025 17:43:20
CallbackFormEmailModal
Array
(
    [name] => anya.genger@mail.ru
    [phone] => 83641587797
    [formname] => Обратная связь
)

------------------------

------------------------
01.11.2025 19:28:58
CallbackFormEmailModal
Array
(
    [name] => isabellalapse657@hotmail.com
    [phone] => 89871735764
    [formname] => Обратная связь
)

------------------------

------------------------
01.11.2025 19:40:54
CallbackFormEmailModal
Array
(
    [name] => eprovbelwha@mail.ru
    [phone] => 82977515932
    [formname] => Обратная связь
)

------------------------

------------------------
01.11.2025 19:52:15
CallbackFormEmailModal
Array
(
    [name] => kxiliya@bk.ru
    [phone] => 85433533241
    [formname] => Обратная связь
)

------------------------

------------------------
01.11.2025 19:56:52
CallbackFormEmailModal
Array
(
    [name] => erangifest1980@mail.ru
    [phone] => 87437392953
    [formname] => Обратная связь
)

------------------------

------------------------
01.11.2025 20:12:26
CallbackFormEmailModal
Array
(
    [name] => dionisij.grigorev.92@mail.ru
    [phone] => 88761131112
    [formname] => Обратная связь
)

------------------------

------------------------
01.11.2025 20:34:28
CallbackFormEmailModal
Array
(
    [name] => sergowor.ki.ng7.18@gmail.com
    [phone] => 84335674854
    [formname] => Обратная связь
)

------------------------
