
------------------------
03.05.2022 5:16:41
CallbackFormEmailModal
Array
(
    [name] => snowboardbumm@yahoo.com
    [phone] => 89034939047
    [formname] => Обратная связь
)

------------------------

------------------------
03.05.2022 11:21:59
CallbackFormEmailModal
Array
(
    [name] => hazelton@optonline.net
    [phone] => 89031480358
    [formname] => Обратная связь
)

------------------------

------------------------
03.05.2022 17:21:39
CallbackFormEmailModal
Array
(
    [name] => dperates@comcast.net
    [phone] => 89033679514
    [formname] => Обратная связь
)

------------------------

------------------------
03.05.2022 22:58:45
CallbackFormEmailModal
Array
(
    [name] => romance_247@yahoo.com
    [phone] => 89030760264
    [formname] => Обратная связь
)

------------------------
