
------------------------
01.02.2023 8:15:11
CallbackFormEmailModal
Array
(
    [name] => no-replysuinuts@gmail.com
    [phone] => 89864664694
    [formname] => Обратная связь
)

------------------------

------------------------
01.02.2023 14:17:39
Order
Array
(
    [name] => Платонов Андрей Сергеевич
    [email] => 9259436866@mail.ru
    [phone] => +7-925-943-6866
    [comment] => Решетчатый настил P 33х11/20х2 Zn 490х990 мм, кол-во: 1, цена: 3100руб.
Способ доставки: Самовывоз со склада
Выберите способ оплаты: Оплата наличным

Комментарий к заказу: 
Добрый день, прошу уточнить следующие вопросы:
1. работаете ли вы с физ.лицами?
2. оплата наличными на складе возможна или только безнал?
3. если нет заинтересовавшего размера решетчатого настила, каки ебудут сроки его изготовления и как изменится стоимость?
    [formname] => Заказ из корзины
    [fields] => Array
        (
            [price] => 6200
        )

)

------------------------
