
------------------------
15.03.2025 3:04:19
CallbackFormEmailModal
Array
(
    [name] => 3soc3otuca1980@yandex.kz
    [phone] => 81925311857
    [formname] => Обратная связь
)

------------------------

------------------------
15.03.2025 4:05:02
CallbackFormEmailModal
Array
(
    [name] => mark.moshchenskiy.90@mail.ru
    [phone] => 83232742758
    [formname] => Обратная связь
)

------------------------

------------------------
15.03.2025 6:55:28
CallbackFormEmailModal
Array
(
    [name] => xrumer23Kip@gmail.com
    [phone] => 85493896984
    [formname] => Обратная связь
)

------------------------

------------------------
15.03.2025 7:22:28
CallbackFormEmailModal
Array
(
    [name] => xrumer23Kip@gmail.com
    [phone] => 81253182989
    [formname] => Обратная связь
)

------------------------

------------------------
15.03.2025 9:29:07
CallbackFormEmailModal
Array
(
    [name] => xrumer23Kip@gmail.com
    [phone] => 82247742232
    [formname] => Обратная связь
)

------------------------

------------------------
15.03.2025 9:51:23
CallbackFormEmailModal
Array
(
    [name] => dylan@wikiinnovatorllc.com
    [phone] => 85166311721
    [formname] => Обратная связь
)

------------------------

------------------------
15.03.2025 11:34:09
CallbackFormEmailModal
Array
(
    [name] => xrumer23Kip@gmail.com
    [phone] => 85876774723
    [formname] => Обратная связь
)

------------------------

------------------------
15.03.2025 12:06:58
CallbackFormEmailModal
Array
(
    [name] => iqablala1980858@mail.ru
    [phone] => 87671954913
    [formname] => Обратная связь
)

------------------------

------------------------
15.03.2025 12:45:18
CallbackFormEmailModal
Array
(
    [name] => subbotinalenara88@mail.ru
    [phone] => 89878536561
    [formname] => Обратная связь
)

------------------------

------------------------
15.03.2025 13:21:20
CallbackFormEmailModal
Array
(
    [name] => ramiraselezneva19908003@bk.ru
    [phone] => 87646287657
    [formname] => Обратная связь
)

------------------------

------------------------
15.03.2025 17:01:41
CallbackFormEmailModal
Array
(
    [name] => baatpmxo@derrenmail.com
    [phone] => 81592436159
    [formname] => Обратная связь
)

------------------------

------------------------
15.03.2025 18:27:19
CallbackFormEmailModal
Array
(
    [name] => xrumer23Kip@gmail.com
    [phone] => 87136749758
    [formname] => Обратная связь
)

------------------------

------------------------
15.03.2025 20:05:31
CallbackFormEmailModal
Array
(
    [name] => juniortub@mail.ru
    [phone] => 83111592833
    [formname] => Обратная связь
)

------------------------

------------------------
15.03.2025 23:27:59
CallbackFormEmailModal
Array
(
    [name] => Eric Jones
    [phone] => US
    [formname] => Обратная связь
)

------------------------

------------------------
15.03.2025 23:58:34
CallbackFormEmailModal
Array
(
    [name] => ecoeats@mail.ru
    [phone] => 84915124894
    [formname] => Обратная связь
)

------------------------
