
------------------------
13.07.2022 1:05:02
CallbackFormEmailModal
Array
(
    [name] => evgeniy-vorobyov-1987@list.ru
    [phone] => 87851896342
    [formname] => Обратная связь
)

------------------------

------------------------
13.07.2022 1:55:22
CallbackFormEmailModal
Array
(
    [name] => nosov.tema-199432@mail.ru
    [phone] => +7(914)422-62-39
    [formname] => Обратная связь
)

------------------------

------------------------
13.07.2022 2:55:55
CallbackFormEmailModal
Array
(
    [name] => rd.morton@hotmail.com
    [phone] => 89038814840
    [formname] => Обратная связь
)

------------------------

------------------------
13.07.2022 3:31:54
CallbackFormEmailModal
Array
(
    [name] => q3az1qaz@rambler.ru
    [phone] => 88438187829
    [formname] => Обратная связь
)

------------------------

------------------------
13.07.2022 7:43:49
CallbackFormEmailModal
Array
(
    [name] => ilina-anfiska@bk.ru
    [phone] => 89433881146
    [formname] => Обратная связь
)

------------------------

------------------------
13.07.2022 7:47:04
CallbackFormEmailModal
Array
(
    [name] => oksanka.fomina.1983@bk.ru
    [phone] => 87643518934
    [formname] => Обратная связь
)

------------------------

------------------------
13.07.2022 8:35:59
CallbackFormEmailModal
Array
(
    [name] => lidiya-belova-1978@list.ru
    [phone] => 87284723141
    [formname] => Обратная связь
)

------------------------

------------------------
13.07.2022 8:39:13
CallbackFormEmailModal
Array
(
    [name] => eduard.1971.andreev@bk.ru
    [phone] => 88252587371
    [formname] => Обратная связь
)

------------------------

------------------------
13.07.2022 8:40:43
CallbackFormEmailModal
Array
(
    [name] => sveta_titova_94@inbox.ru
    [phone] => 84299338746
    [formname] => Обратная связь
)

------------------------

------------------------
13.07.2022 9:05:09
CallbackFormEmailModal
Array
(
    [name] => eva.egorova.74@bk.ru
    [phone] => 83799657162
    [formname] => Обратная связь
)

------------------------

------------------------
13.07.2022 9:10:32
CallbackFormEmailModal
Array
(
    [name] => vasiliy-danilov-1989@list.ru
    [phone] => 86367123161
    [formname] => Обратная связь
)

------------------------

------------------------
13.07.2022 9:22:33
CallbackFormEmailModal
Array
(
    [name] => ksyusha.belova.2020@mail.ru
    [phone] => 83986654217
    [formname] => Обратная связь
)

------------------------

------------------------
13.07.2022 9:24:17
CallbackFormEmailModal
Array
(
    [name] => tosha.sidorov.1994@bk.ru
    [phone] => 89198179854
    [formname] => Обратная связь
)

------------------------

------------------------
13.07.2022 9:48:55
CallbackFormEmailModal
Array
(
    [name] => ilina-anfiska@bk.ru
    [phone] => 87138715827
    [formname] => Обратная связь
)

------------------------

------------------------
13.07.2022 10:08:28
CallbackFormEmailModal
Array
(
    [name] => oksanka.fomina.1983@bk.ru
    [phone] => 82992549829
    [formname] => Обратная связь
)

------------------------

------------------------
13.07.2022 11:32:44
CallbackFormEmailModal
Array
(
    [name] => arkadiy_nikolaev_1988@inbox.ru
    [phone] => 81395127563
    [formname] => Обратная связь
)

------------------------

------------------------
13.07.2022 11:59:38
CallbackFormEmailModal
Array
(
    [name] => antosha-smirnov-83@inbox.ru
    [phone] => 81279181899
    [formname] => Обратная связь
)

------------------------

------------------------
13.07.2022 13:11:46
CallbackFormEmailModal
Array
(
    [name] => smirnov-sergey-smirnov-1991-ser@bk.ru
    [phone] => 81744793591
    [formname] => Обратная связь
)

------------------------

------------------------
13.07.2022 13:13:03
CallbackFormEmailModal
Array
(
    [name] => a_frolova_1978@bk.ru
    [phone] => 87499546779
    [formname] => Обратная связь
)

------------------------

------------------------
13.07.2022 13:14:39
CallbackFormEmailModal
Array
(
    [name] => d-zaytseva-1980@inbox.ru
    [phone] => 86166716318
    [formname] => Обратная связь
)

------------------------

------------------------
13.07.2022 13:15:12
CallbackFormEmailModal
Array
(
    [name] => lena_kolesnikova_1998@inbox.ru
    [phone] => 87773577532
    [formname] => Обратная связь
)

------------------------

------------------------
13.07.2022 13:55:07
CallbackFormEmailModal
Array
(
    [name] => arkadiy_nikolaev_1988@inbox.ru
    [phone] => 86683429348
    [formname] => Обратная связь
)

------------------------

------------------------
13.07.2022 14:02:04
CallbackFormEmailModal
Array
(
    [name] => larisa_matveeva_1972@bk.ru
    [phone] => 82278197775
    [formname] => Обратная связь
)

------------------------

------------------------
13.07.2022 14:05:20
CallbackFormEmailModal
Array
(
    [name] => lara.vorobeva.81@bk.ru
    [phone] => 89881263566
    [formname] => Обратная связь
)

------------------------

------------------------
13.07.2022 14:17:37
CallbackFormEmailModal
Array
(
    [name] => roksana-morozova-1964@inbox.ru
    [phone] => 88383377749
    [formname] => Обратная связь
)

------------------------

------------------------
13.07.2022 14:18:45
CallbackFormEmailModal
Array
(
    [name] => semyon_orlov_1973@inbox.ru
    [phone] => 81783941826
    [formname] => Обратная связь
)

------------------------

------------------------
13.07.2022 14:26:13
CallbackFormEmailModal
Array
(
    [name] => antosha-smirnov-83@inbox.ru
    [phone] => 81359863455
    [formname] => Обратная связь
)

------------------------

------------------------
13.07.2022 16:00:04
CallbackFormEmailModal
Array
(
    [name] => zhora-danilov-1965@inbox.ru
    [phone] => 88371267159
    [formname] => Обратная связь
)

------------------------

------------------------
13.07.2022 16:23:20
CallbackFormEmailModal
Array
(
    [name] => roksana.borisova.70@mail.ru
    [phone] => 85869692147
    [formname] => Обратная связь
)

------------------------

------------------------
13.07.2022 17:37:47
CallbackFormEmailModal
Array
(
    [name] => la_crazy_kem_1@yahoo.com
    [phone] => 89038842428
    [formname] => Обратная связь
)

------------------------

------------------------
13.07.2022 17:43:27
CallbackFormEmailModal
Array
(
    [name] => rita_kudryavtseva_1973@inbox.ru
    [phone] => 85912958184
    [formname] => Обратная связь
)

------------------------

------------------------
13.07.2022 17:45:55
CallbackFormEmailModal
Array
(
    [name] => artur-abramov-1961@bk.ru
    [phone] => 81193549629
    [formname] => Обратная связь
)

------------------------

------------------------
13.07.2022 18:20:14
CallbackFormEmailModal
Array
(
    [name] => zhora-danilov-1965@inbox.ru
    [phone] => 87799669531
    [formname] => Обратная связь
)

------------------------

------------------------
13.07.2022 18:51:57
CallbackFormEmailModal
Array
(
    [name] => denis_troitskiy_1974@bk.ru
    [phone] => 86133112896
    [formname] => Обратная связь
)

------------------------

------------------------
13.07.2022 18:52:19
CallbackFormEmailModal
Array
(
    [name] => roksana.borisova.70@mail.ru
    [phone] => 87778562153
    [formname] => Обратная связь
)

------------------------

------------------------
13.07.2022 19:02:51
CallbackFormEmailModal
Array
(
    [name] => lesha.kuzneczov.91@inbox.ru
    [phone] => 83187197742
    [formname] => Обратная связь
)

------------------------

------------------------
13.07.2022 19:23:16
CallbackFormEmailModal
Array
(
    [name] => kseniya_efimova_1988@inbox.ru
    [phone] => 87291594525
    [formname] => Обратная связь
)

------------------------

------------------------
13.07.2022 19:28:16
CallbackFormEmailModal
Array
(
    [name] => aleksandra.1968.ershova@list.ru
    [phone] => 87927929724
    [formname] => Обратная связь
)

------------------------

------------------------
13.07.2022 19:46:28
CallbackFormEmailModal
Array
(
    [name] => k.smirnova.1966@list.ru
    [phone] => 84693168272
    [formname] => Обратная связь
)

------------------------

------------------------
13.07.2022 22:27:43
CallbackFormEmailModal
Array
(
    [name] => a1ex123alex123@yandex.com
    [phone] => 86853114419
    [formname] => Обратная связь
)

------------------------

------------------------
13.07.2022 22:29:05
CallbackFormEmailModal
Array
(
    [name] => stepanov-yarik-stepanov-1978-ya@bk.ru
    [phone] => 84175416542
    [formname] => Обратная связь
)

------------------------

------------------------
13.07.2022 22:30:35
CallbackFormEmailModal
Array
(
    [name] => ksyusha.vorobeva.93@bk.ru
    [phone] => 89448434447
    [formname] => Обратная связь
)

------------------------
