
------------------------
31.05.2022 0:15:12
CallbackFormEmailModal
Array
(
    [name] => MAKSIN918@COMCAST.NET
    [phone] => 89034774681
    [formname] => Обратная связь
)

------------------------

------------------------
31.05.2022 3:21:22
CallbackFormEmailModal
Array
(
    [name] => aimee.leatherman@gmail.com
    [phone] => 89034356717
    [formname] => Обратная связь
)

------------------------

------------------------
31.05.2022 4:47:33
CallbackFormEmailModal
Array
(
    [name] => discoqueenaud@hotmail.com
    [phone] => 89038514297
    [formname] => Обратная связь
)

------------------------

------------------------
31.05.2022 5:35:34
CallbackFormEmailModal
Array
(
    [name] => souleroadstudio@yahoo.com
    [phone] => 89030036055
    [formname] => Обратная связь
)

------------------------

------------------------
31.05.2022 8:14:17
Order
Array
(
    [name] => Татьяна Васильевна Кулик
    [email] => nayada96@yandex.ru
    [phone] => +7-951-866-6093
    [comment] => Промышленный ТРАП W200 с вертикальным отводом DN110, кол-во: 1, цена: 11650руб.
Способ доставки: Доставка автотранспортом поставщика
Выберите способ оплаты: Оплата на расчетный счет организации
Адрес доставки: 394029, обл. Воронежская, г. Воронеж, ул. Героев Стратосферы, 22Г

Комментарий к заказу: 
просьба выставить счет и наличие
    [formname] => Заказ из корзины
    [fields] => Array
        (
            [price] => 11650
        )

)

------------------------

------------------------
31.05.2022 8:26:37
CallbackFormEmailModal
Array
(
    [name] => zodiscope@yahoo.com
    [phone] => 89039412257
    [formname] => Обратная связь
)

------------------------

------------------------
31.05.2022 9:47:59
CallbackFormModal
Array
(
    [name] => Илья
    [phone] => +7(917)577-30-00
    [formname] => Заказать звонок
)

------------------------

------------------------
31.05.2022 10:42:29
CallbackFormEmailModal
Array
(
    [name] => marcj252@yahoo.com
    [phone] => 89038189089
    [formname] => Обратная связь
)

------------------------

------------------------
31.05.2022 10:56:03
CallbackFormEmailModal
Array
(
    [name] => gabrielemiliovasco@hotmail.com
    [phone] => 89031476642
    [formname] => Обратная связь
)

------------------------

------------------------
31.05.2022 11:44:14
CallbackFormEmailModal
Array
(
    [name] => williams.julia87@gmail.com
    [phone] => 89032388665
    [formname] => Обратная связь
)

------------------------

------------------------
31.05.2022 11:49:41
Order
Array
(
    [name] => Яблоков Евгений
    [email] => vdnh2006@rambler.ru
    [phone] => +7-926-354-1318
    [comment] => Лестничная ступень SР 34х38/30х3 Zn 1000х270 мм, кол-во: 1, цена: 2050руб.
Способ доставки: Самовывоз со склада
Выберите способ оплаты: Оплата на расчетный счет организации

Комментарий к заказу: 

    [formname] => Заказ из корзины
    [fields] => Array
        (
            [price] => 41000
        )

)

------------------------

------------------------
31.05.2022 12:47:59
CallbackFormEmailModal
Array
(
    [name] => Anisoge@supmail.xyz
    [phone] => 87166156947
    [formname] => Обратная связь
)

------------------------

------------------------
31.05.2022 16:15:05
CallbackFormEmailModal
Array
(
    [name] => melinaarias10@Yahoo.com
    [phone] => 89036782672
    [formname] => Обратная связь
)

------------------------

------------------------
31.05.2022 16:33:57
CallbackFormEmailModal
Array
(
    [name] => rkkearnsr@gmail.com
    [phone] => 89039461570
    [formname] => Обратная связь
)

------------------------

------------------------
31.05.2022 16:52:22
CallbackFormEmailModal
Array
(
    [name] => jenspitter10@yahoo.com
    [phone] => 89037844970
    [formname] => Обратная связь
)

------------------------

------------------------
31.05.2022 21:37:40
CallbackFormEmailModal
Array
(
    [name] => mgdlaw@yahoo.com
    [phone] => 89031475834
    [formname] => Обратная связь
)

------------------------

------------------------
31.05.2022 21:57:58
CallbackFormEmailModal
Array
(
    [name] => apmott@yahoo.com
    [phone] => 89033954296
    [formname] => Обратная связь
)

------------------------

------------------------
31.05.2022 22:25:24
CallbackFormEmailModal
Array
(
    [name] => thakang_1@hotmail.com
    [phone] => 89031027729
    [formname] => Обратная связь
)

------------------------
