
------------------------
21.11.2024 1:03:20
CallbackFormEmailModal
Array
(
    [name] => mark.moshchenskiy.90@mail.ru
    [phone] => 82991538762
    [formname] => Обратная связь
)

------------------------

------------------------
21.11.2024 3:35:33
CallbackFormEmailModal
Array
(
    [name] => mikhan-zhuravlev-21610@mail.ru
    [phone] => 82363641426
    [formname] => Обратная связь
)

------------------------

------------------------
21.11.2024 6:12:07
CallbackFormEmailModal
Array
(
    [name] => ldinathety1976@op.pl
    [phone] => 83849818789
    [formname] => Обратная связь
)

------------------------

------------------------
21.11.2024 6:44:30
CallbackFormEmailModal
Array
(
    [name] => dzhavgorat-tashdemirov1981@mail.ru
    [phone] => 83681315748
    [formname] => Обратная связь
)

------------------------

------------------------
21.11.2024 7:36:24
CallbackFormEmailModal
Array
(
    [name] => rais.shchigelskaya2002@mail.ru
    [phone] => 82523581626
    [formname] => Обратная связь
)

------------------------

------------------------
21.11.2024 10:44:27
CallbackFormEmailModal
Array
(
    [name] => ooorefin@gmail.com
    [phone] => +74956643022
    [formname] => Обратная связь
)

------------------------

------------------------
21.11.2024 11:46:17
CallbackFormEmailModal
Array
(
    [name] => safonova-irishka-46914@mail.ru
    [phone] => 88441868464
    [formname] => Обратная связь
)

------------------------

------------------------
21.11.2024 12:37:09
CallbackFormEmailModal
Array
(
    [name] => ur.ev.i.c.75.0@gmail.com
    [phone] => 85521435641
    [formname] => Обратная связь
)

------------------------

------------------------
21.11.2024 13:01:31
CallbackFormEmailModal
Array
(
    [name] => evgenevna5qdk@gmail.com
    [phone] => 88937789447
    [formname] => Обратная связь
)

------------------------

------------------------
21.11.2024 13:07:12
CallbackFormEmailModal
Array
(
    [name] => evgenevna5qdk@gmail.com
    [phone] => 84951674463
    [formname] => Обратная связь
)

------------------------

------------------------
21.11.2024 13:13:54
CallbackFormEmailModal
Array
(
    [name] => ropolkingta@mail.ru
    [phone] => 86223132745
    [formname] => Обратная связь
)

------------------------

------------------------
21.11.2024 13:55:24
CallbackFormEmailModal
Array
(
    [name] => fokin.ruslan.1989.6.7@mail.ru
    [phone] => 85995311875
    [formname] => Обратная связь
)

------------------------

------------------------
21.11.2024 13:58:19
CallbackFormEmailModal
Array
(
    [name] => tacusol-6816@mail.ru
    [phone] => 87239172289
    [formname] => Обратная связь
)

------------------------

------------------------
21.11.2024 14:00:44
CallbackFormEmailModal
Array
(
    [name] => podaiclan_547@mail.ru
    [phone] => 89184485141
    [formname] => Обратная связь
)

------------------------

------------------------
21.11.2024 14:01:11
CallbackFormEmailModal
Array
(
    [name] => madilwalldream1974@mail.ru
    [phone] => 84987217546
    [formname] => Обратная связь
)

------------------------

------------------------
21.11.2024 14:46:18
CallbackFormEmailModal
Array
(
    [name] => chofitensatomar@mail.ru
    [phone] => 86894516619
    [formname] => Обратная связь
)

------------------------

------------------------
21.11.2024 14:46:28
CallbackFormEmailModal
Array
(
    [name] => eprovbelwha@mail.ru
    [phone] => 86372181669
    [formname] => Обратная связь
)

------------------------

------------------------
21.11.2024 14:50:04
CallbackFormEmailModal
Array
(
    [name] => ovnterbefjuden6138@mail.ru
    [phone] => 82346724652
    [formname] => Обратная связь
)

------------------------

------------------------
21.11.2024 14:52:00
CallbackFormEmailModal
Array
(
    [name] => hervacu.781@mail.ru
    [phone] => 87653769748
    [formname] => Обратная связь
)

------------------------

------------------------
21.11.2024 14:53:28
CallbackFormEmailModal
Array
(
    [name] => kevbhucaguar1970@mail.ru
    [phone] => 81638195416
    [formname] => Обратная связь
)

------------------------

------------------------
21.11.2024 14:56:00
CallbackFormEmailModal
Array
(
    [name] => moiseevatoriya1993@bk.ru
    [phone] => 82821525516
    [formname] => Обратная связь
)

------------------------

------------------------
21.11.2024 14:58:00
CallbackFormEmailModal
Array
(
    [name] => pencucon_97@mail.ru
    [phone] => 89744872931
    [formname] => Обратная связь
)

------------------------

------------------------
21.11.2024 14:58:15
CallbackFormEmailModal
Array
(
    [name] => combontsegal37@mail.ru
    [phone] => 87795946342
    [formname] => Обратная связь
)

------------------------

------------------------
21.11.2024 14:59:12
CallbackFormEmailModal
Array
(
    [name] => vanephsaipremelca@mail.ru
    [phone] => 85384461913
    [formname] => Обратная связь
)

------------------------

------------------------
21.11.2024 14:59:12
CallbackFormEmailModal
Array
(
    [name] => gunlekingovertcon@mail.ru
    [phone] => 88464322141
    [formname] => Обратная связь
)

------------------------

------------------------
21.11.2024 14:59:12
CallbackFormEmailModal
Array
(
    [name] => woodbpurne1983@mail.ru
    [phone] => 81983373238
    [formname] => Обратная связь
)

------------------------

------------------------
21.11.2024 14:59:13
CallbackFormEmailModal
Array
(
    [name] => zabirova_lena_1988_15_3@inbox.ru
    [phone] => 82614241629
    [formname] => Обратная связь
)

------------------------

------------------------
21.11.2024 14:59:21
CallbackFormEmailModal
Array
(
    [name] => rodionoverik1735@mail.ru
    [phone] => 84491299876
    [formname] => Обратная связь
)

------------------------

------------------------
21.11.2024 14:59:22
CallbackFormEmailModal
Array
(
    [name] => smorarabte539@mail.ru
    [phone] => 89643934315
    [formname] => Обратная связь
)

------------------------

------------------------
21.11.2024 15:11:17
CallbackFormEmailModal
Array
(
    [name] => postsaddtaliretneu@mail.ru
    [phone] => 87436172456
    [formname] => Обратная связь
)

------------------------

------------------------
21.11.2024 16:44:39
CallbackFormEmailModal
Array
(
    [name] => payransripo1981@mail.ru
    [phone] => 81332876766
    [formname] => Обратная связь
)

------------------------

------------------------
21.11.2024 16:48:07
CallbackFormEmailModal
Array
(
    [name] => musaev.misha.1982.3.5@list.ru
    [phone] => 83647797525
    [formname] => Обратная связь
)

------------------------

------------------------
21.11.2024 17:08:32
CallbackFormEmailModal
Array
(
    [name] => sheveleva-alisa@bk.ru
    [phone] => 85768281374
    [formname] => Обратная связь
)

------------------------

------------------------
21.11.2024 17:10:56
CallbackFormEmailModal
Array
(
    [name] => anya.genger@mail.ru
    [phone] => 81529761891
    [formname] => Обратная связь
)

------------------------

------------------------
21.11.2024 17:14:14
CallbackFormEmailModal
Array
(
    [name] => filimonov.ivan.1997.4.6@list.ru
    [phone] => 89943119963
    [formname] => Обратная связь
)

------------------------

------------------------
21.11.2024 17:48:03
CallbackFormEmailModal
Array
(
    [name] => erangifest1980@mail.ru
    [phone] => 86384996692
    [formname] => Обратная связь
)

------------------------

------------------------
21.11.2024 17:50:30
CallbackFormEmailModal
Array
(
    [name] => galya.usenko.63@mail.ru
    [phone] => 84775583217
    [formname] => Обратная связь
)

------------------------

------------------------
21.11.2024 17:52:27
CallbackFormEmailModal
Array
(
    [name] => eprovbelwha@mail.ru
    [phone] => 87151119854
    [formname] => Обратная связь
)

------------------------

------------------------
21.11.2024 18:10:42
CallbackFormEmailModal
Array
(
    [name] => mamedov.edgar.1992.3.3@inbox.ru
    [phone] => 85341354873
    [formname] => Обратная связь
)

------------------------
