
------------------------
17.12.2024 1:33:42
CallbackFormEmailModal
Array
(
    [name] => piemenmo.65@mail.ru
    [phone] => 88197314399
    [formname] => Обратная связь
)

------------------------

------------------------
17.12.2024 1:40:04
CallbackFormEmailModal
Array
(
    [name] => gm1176374@gmail.com
    [phone] => 81566368386
    [formname] => Обратная связь
)

------------------------

------------------------
17.12.2024 2:00:58
CallbackFormEmailModal
Array
(
    [name] => jarerogusto@gmail.com
    [phone] => 87237985297
    [formname] => Обратная связь
)

------------------------

------------------------
17.12.2024 2:22:57
CallbackFormEmailModal
Array
(
    [name] => jarerogusto@gmail.com
    [phone] => 88676335475
    [formname] => Обратная связь
)

------------------------

------------------------
17.12.2024 2:38:51
CallbackFormEmailModal
Array
(
    [name] => jarerogusto@gmail.com
    [phone] => 88784297197
    [formname] => Обратная связь
)

------------------------

------------------------
17.12.2024 3:02:35
CallbackFormEmailModal
Array
(
    [name] => marydesanta291@gmail.com
    [phone] => 82795555753
    [formname] => Обратная связь
)

------------------------

------------------------
17.12.2024 3:07:55
CallbackFormEmailModal
Array
(
    [name] => jarerogusto@gmail.com
    [phone] => 82648547892
    [formname] => Обратная связь
)

------------------------

------------------------
17.12.2024 3:48:30
CallbackFormEmailModal
Array
(
    [name] => marydesanta291@gmail.com
    [phone] => 85414121778
    [formname] => Обратная связь
)

------------------------

------------------------
17.12.2024 4:47:07
CallbackFormEmailModal
Array
(
    [name] => avgustina.morozova@bk.ru
    [phone] => 84447523891
    [formname] => Обратная связь
)

------------------------

------------------------
17.12.2024 5:10:53
CallbackFormEmailModal
Array
(
    [name] => lolerex241@ovout.com
    [phone] => 81161818213
    [formname] => Обратная связь
)

------------------------

------------------------
17.12.2024 5:23:03
CallbackFormEmailModal
Array
(
    [name] => loginovkornilii953193@mail.ru
    [phone] => 89821693681
    [formname] => Обратная связь
)

------------------------

------------------------
17.12.2024 7:09:09
CallbackFormEmailModal
Array
(
    [name] => ksanfiizaicev1975637@mail.ru
    [phone] => 88369282711
    [formname] => Обратная связь
)

------------------------

------------------------
17.12.2024 7:11:02
CallbackFormEmailModal
Array
(
    [name] => psincurousenlepen@mail.ru
    [phone] => 83459745889
    [formname] => Обратная связь
)

------------------------

------------------------
17.12.2024 7:48:05
CallbackFormEmailModal
Array
(
    [name] => kevbhucaguar1970@mail.ru
    [phone] => 84116559581
    [formname] => Обратная связь
)

------------------------

------------------------
17.12.2024 7:54:26
CallbackFormEmailModal
Array
(
    [name] => hervacu.781@mail.ru
    [phone] => 81741973887
    [formname] => Обратная связь
)

------------------------

------------------------
17.12.2024 7:56:39
CallbackFormEmailModal
Array
(
    [name] => abbyas-venikov1984@mail.ru
    [phone] => 84238275467
    [formname] => Обратная связь
)

------------------------

------------------------
17.12.2024 8:13:14
CallbackFormEmailModal
Array
(
    [name] => ramiraselezneva19908003@bk.ru
    [phone] => 81939492766
    [formname] => Обратная связь
)

------------------------

------------------------
17.12.2024 8:13:15
CallbackFormEmailModal
Array
(
    [name] => rhotenti-44@mail.ru
    [phone] => 82279617986
    [formname] => Обратная связь
)

------------------------

------------------------
17.12.2024 8:21:18
CallbackFormEmailModal
Array
(
    [name] => iintabre@mail.ru
    [phone] => 85176697771
    [formname] => Обратная связь
)

------------------------

------------------------
17.12.2024 8:26:38
CallbackFormEmailModal
Array
(
    [name] => arturgorz2o3@bk.ru
    [phone] => 87672352778
    [formname] => Обратная связь
)

------------------------

------------------------
17.12.2024 8:58:58
CallbackFormEmailModal
Array
(
    [name] => jarerogusto@gmail.com
    [phone] => 83956319143
    [formname] => Обратная связь
)

------------------------

------------------------
17.12.2024 8:59:00
CallbackFormEmailModal
Array
(
    [name] => jarerogusto@gmail.com
    [phone] => 81718333789
    [formname] => Обратная связь
)

------------------------

------------------------
17.12.2024 9:20:01
CallbackFormEmailModal
Array
(
    [name] => juncpecni1980@mail.ru
    [phone] => 82995213223
    [formname] => Обратная связь
)

------------------------

------------------------
17.12.2024 9:39:43
CallbackFormEmailModal
Array
(
    [name] => jarerogusto@gmail.com
    [phone] => 85253759466
    [formname] => Обратная связь
)

------------------------

------------------------
17.12.2024 9:42:42
CallbackFormEmailModal
Array
(
    [name] => jarerogusto@gmail.com
    [phone] => 84879667155
    [formname] => Обратная связь
)

------------------------

------------------------
17.12.2024 9:53:45
CallbackFormEmailModal
Array
(
    [name] => marydesanta291@gmail.com
    [phone] => 88659836576
    [formname] => Обратная связь
)

------------------------

------------------------
17.12.2024 10:17:47
CallbackFormEmailModal
Array
(
    [name] => mail1@93rus.myjino.ru
    [phone] => 85533653716
    [formname] => Обратная связь
)

------------------------

------------------------
17.12.2024 10:19:55
CallbackFormEmailModal
Array
(
    [name] => textliburlitt1983@mail.ru
    [phone] => 81662669477
    [formname] => Обратная связь
)

------------------------

------------------------
17.12.2024 10:20:00
CallbackFormEmailModal
Array
(
    [name] => rerkgeemong98@mail.ru
    [phone] => 88718196682
    [formname] => Обратная связь
)

------------------------

------------------------
17.12.2024 10:26:17
CallbackFormEmailModal
Array
(
    [name] => kozlovvarlen19782037@mail.ru
    [phone] => 83517141219
    [formname] => Обратная связь
)

------------------------

------------------------
17.12.2024 10:38:14
CallbackFormEmailModal
Array
(
    [name] => marydesanta291@gmail.com
    [phone] => 84978242735
    [formname] => Обратная связь
)

------------------------

------------------------
17.12.2024 10:59:40
CallbackFormEmailModal
Array
(
    [name] => wemofoomacfensta@mail.ru
    [phone] => 88375463617
    [formname] => Обратная связь
)

------------------------

------------------------
17.12.2024 10:59:55
CallbackFormEmailModal
Array
(
    [name] => zuyev-vadik@bk.ru
    [phone] => 81846146347
    [formname] => Обратная связь
)

------------------------

------------------------
17.12.2024 11:36:22
CallbackFormEmailModal
Array
(
    [name] => fe1kxu94l@list.ru
    [phone] => 84536861829
    [formname] => Обратная связь
)

------------------------

------------------------
17.12.2024 11:42:10
CallbackFormEmailModal
Array
(
    [name] => rswoonimael@rudiplomust.com
    [phone] => 82853716982
    [formname] => Обратная связь
)

------------------------

------------------------
17.12.2024 12:16:13
CallbackFormEmailModal
Array
(
    [name] => goldboy1931@gmail.com
    [phone] => 86335624786
    [formname] => Обратная связь
)

------------------------

------------------------
17.12.2024 14:10:29
CallbackFormEmailModal
Array
(
    [name] => jarerogusto@gmail.com
    [phone] => 82654882791
    [formname] => Обратная связь
)

------------------------

------------------------
17.12.2024 14:10:32
CallbackFormEmailModal
Array
(
    [name] => jarerogusto@gmail.com
    [phone] => 85123411995
    [formname] => Обратная связь
)

------------------------

------------------------
17.12.2024 14:50:38
CallbackFormEmailModal
Array
(
    [name] => jarerogusto@gmail.com
    [phone] => 84846379259
    [formname] => Обратная связь
)

------------------------

------------------------
17.12.2024 14:52:42
CallbackFormEmailModal
Array
(
    [name] => jarerogusto@gmail.com
    [phone] => 85947838247
    [formname] => Обратная связь
)

------------------------

------------------------
17.12.2024 15:05:21
CallbackFormEmailModal
Array
(
    [name] => marydesanta291@gmail.com
    [phone] => 85719149644
    [formname] => Обратная связь
)

------------------------

------------------------
17.12.2024 15:41:34
CallbackFormEmailModal
Array
(
    [name] => wlliam1@xrevelxr.com
    [phone] => 87361369436
    [formname] => Обратная связь
)

------------------------

------------------------
17.12.2024 15:50:16
CallbackFormEmailModal
Array
(
    [name] => marydesanta291@gmail.com
    [phone] => 82564661872
    [formname] => Обратная связь
)

------------------------

------------------------
17.12.2024 16:03:04
CallbackFormEmailModal
Array
(
    [name] => hfjyclqsbel@rudiplomust.com
    [phone] => 85776764329
    [formname] => Обратная связь
)

------------------------

------------------------
17.12.2024 16:17:26
CallbackFormEmailModal
Array
(
    [name] => yooourmail@gmail.com
    [phone] => 85255458143
    [formname] => Обратная связь
)

------------------------

------------------------
17.12.2024 18:13:07
CallbackFormEmailModal
Array
(
    [name] => jarerogusto@gmail.com
    [phone] => 86897551552
    [formname] => Обратная связь
)

------------------------

------------------------
17.12.2024 18:48:54
CallbackFormEmailModal
Array
(
    [name] => jarerogusto@gmail.com
    [phone] => 87726274638
    [formname] => Обратная связь
)

------------------------

------------------------
17.12.2024 19:08:08
CallbackFormEmailModal
Array
(
    [name] => jarerogusto@gmail.com
    [phone] => 82959438367
    [formname] => Обратная связь
)

------------------------

------------------------
17.12.2024 19:13:52
CallbackFormEmailModal
Array
(
    [name] => reemeksyuh@gazeta.pl
    [phone] => 84158413177
    [formname] => Обратная связь
)

------------------------

------------------------
17.12.2024 21:52:06
CallbackFormEmailModal
Array
(
    [name] => valentinapusvbg@mail.ru
    [phone] => 86856371629
    [formname] => Обратная связь
)

------------------------

------------------------
17.12.2024 22:02:23
CallbackFormEmailModal
Array
(
    [name] => jarerogusto@gmail.com
    [phone] => 84198378392
    [formname] => Обратная связь
)

------------------------

------------------------
17.12.2024 22:45:55
CallbackFormEmailModal
Array
(
    [name] => jarerogusto@gmail.com
    [phone] => 85549267866
    [formname] => Обратная связь
)

------------------------

------------------------
17.12.2024 22:46:56
CallbackFormEmailModal
Array
(
    [name] => jarerogusto@gmail.com
    [phone] => 82756679518
    [formname] => Обратная связь
)

------------------------

------------------------
17.12.2024 22:51:59
CallbackFormEmailModal
Array
(
    [name] => jarerogusto@gmail.com
    [phone] => 87617968692
    [formname] => Обратная связь
)

------------------------

------------------------
17.12.2024 23:27:09
CallbackFormEmailModal
Array
(
    [name] => jarerogusto@gmail.com
    [phone] => 89136786919
    [formname] => Обратная связь
)

------------------------
