
------------------------
27.05.2024 2:38:12
CallbackFormEmailModal
Array
(
    [name] => 79366143895@bk.ru
    [phone] => 79366143895
    [formname] => Обратная связь
)

------------------------

------------------------
27.05.2024 3:00:04
CallbackFormEmailModal
Array
(
    [name] => mila.dvornik.85@mail.ru
    [phone] => 81565426975
    [formname] => Обратная связь
)

------------------------

------------------------
27.05.2024 3:00:33
CallbackFormEmailModal
Array
(
    [name] => aq105aqa@rambler.ru
    [phone] => 88578156384
    [formname] => Обратная связь
)

------------------------

------------------------
27.05.2024 6:39:42
CallbackFormEmailModal
Array
(
    [name] => mastermakeevkatop@yandex.com
    [phone] => 81872289284
    [formname] => Обратная связь
)

------------------------

------------------------
27.05.2024 9:20:13
CallbackFormEmailModal
Array
(
    [name] => wolfbesona1982@op.pl
    [phone] => 86665832948
    [formname] => Обратная связь
)

------------------------

------------------------
27.05.2024 15:38:09
CallbackFormEmailModal
Array
(
    [name] => morency4524qok@wecare.flipapp.click
    [phone] => 82847552336
    [formname] => Обратная связь
)

------------------------

------------------------
27.05.2024 18:27:55
CallbackFormEmailModal
Array
(
    [name] => nnmmkk0101@gmail.com
    [phone] => 86684832387
    [formname] => Обратная связь
)

------------------------

------------------------
27.05.2024 22:10:45
CallbackFormEmailModal
Array
(
    [name] => borisgendelman22@outlook.com
    [phone] => 81513485354
    [formname] => Обратная связь
)

------------------------
