
------------------------
06.03.2025 1:53:37
CallbackFormEmailModal
Array
(
    [name] => ivzofhvq@desedumail.com
    [phone] => 87154649754
    [formname] => Обратная связь
)

------------------------

------------------------
06.03.2025 3:26:38
CallbackFormEmailModal
Array
(
    [name] => tibetan@cialis-otc.com
    [phone] => 87719652473
    [formname] => Обратная связь
)

------------------------

------------------------
06.03.2025 6:54:59
CallbackFormEmailModal
Array
(
    [name] => orenzen@katalizator-yaroslavl.ru
    [phone] => 87922268713
    [formname] => Обратная связь
)

------------------------

------------------------
06.03.2025 7:19:50
CallbackFormEmailModal
Array
(
    [name] => podaiclan_547@mail.ru
    [phone] => 83895584918
    [formname] => Обратная связь
)

------------------------

------------------------
06.03.2025 7:28:20
CallbackFormEmailModal
Array
(
    [name] => agafiyabolshakova19936907@bk.ru
    [phone] => 88431863796
    [formname] => Обратная связь
)

------------------------

------------------------
06.03.2025 7:40:31
CallbackFormEmailModal
Array
(
    [name] => barbariska8912@gmail.com
    [phone] => 85248331926
    [formname] => Обратная связь
)

------------------------

------------------------
06.03.2025 7:53:40
CallbackFormEmailModal
Array
(
    [name] => yaroslav.sevastyanov.1988@mail.ru
    [phone] => 83368262819
    [formname] => Обратная связь
)

------------------------

------------------------
06.03.2025 7:56:07
CallbackFormEmailModal
Array
(
    [name] => wemofoomacfensta@mail.ru
    [phone] => 82971498211
    [formname] => Обратная связь
)

------------------------

------------------------
06.03.2025 8:07:22
CallbackFormEmailModal
Array
(
    [name] => textliburlitt1983@mail.ru
    [phone] => 89524567189
    [formname] => Обратная связь
)

------------------------

------------------------
06.03.2025 8:12:24
CallbackFormEmailModal
Array
(
    [name] => hgnscuijqv@rambler.ru
    [phone] => 89441857775
    [formname] => Обратная связь
)

------------------------

------------------------
06.03.2025 9:02:39
CallbackFormEmailModal
Array
(
    [name] => osipova.liliia.1986.22.12@inbox.ru
    [phone] => 81134933867
    [formname] => Обратная связь
)

------------------------

------------------------
06.03.2025 9:34:27
CallbackFormEmailModal
Array
(
    [name] => kostinarogneda97@list.ru
    [phone] => 88649872944
    [formname] => Обратная связь
)

------------------------

------------------------
06.03.2025 11:07:23
CallbackFormEmailModal
Array
(
    [name] => ela.kubets.94@mail.ru
    [phone] => 89965844615
    [formname] => Обратная связь
)

------------------------

------------------------
06.03.2025 12:12:37
CallbackFormEmailModal
Array
(
    [name] => vaisligam@gazeta.pl
    [phone] => 87799431991
    [formname] => Обратная связь
)

------------------------

------------------------
06.03.2025 13:19:20
CallbackFormEmailModal
Array
(
    [name] => avgustina.morozova@bk.ru
    [phone] => 82534842815
    [formname] => Обратная связь
)

------------------------

------------------------
06.03.2025 14:13:18
CallbackFormEmailModal
Array
(
    [name] => toypropadsandwesvi@mail.ru
    [phone] => 82515267219
    [formname] => Обратная связь
)

------------------------

------------------------
06.03.2025 15:17:39
CallbackFormEmailModal
Array
(
    [name] => conripecon1973171@mail.ru
    [phone] => 81395142851
    [formname] => Обратная связь
)

------------------------

------------------------
06.03.2025 15:22:17
CallbackFormEmailModal
Array
(
    [name] => iintabre@mail.ru
    [phone] => 86248841455
    [formname] => Обратная связь
)

------------------------

------------------------
06.03.2025 15:23:46
CallbackFormEmailModal
Array
(
    [name] => rodionoverik1735@mail.ru
    [phone] => 84321246377
    [formname] => Обратная связь
)

------------------------

------------------------
06.03.2025 15:32:24
CallbackFormEmailModal
Array
(
    [name] => shvernik.s@mail.ru
    [phone] => 83249975876
    [formname] => Обратная связь
)

------------------------

------------------------
06.03.2025 15:53:35
CallbackFormEmailModal
Array
(
    [name] => ramiraselezneva19908003@bk.ru
    [phone] => 89771877484
    [formname] => Обратная связь
)

------------------------

------------------------
06.03.2025 16:16:34
CallbackFormEmailModal
Array
(
    [name] => naphtloxua-5550@mail.ru
    [phone] => 87333591189
    [formname] => Обратная связь
)

------------------------

------------------------
06.03.2025 16:42:28
CallbackFormEmailModal
Array
(
    [name] => postsaddtaliretneu@mail.ru
    [phone] => 84711581825
    [formname] => Обратная связь
)

------------------------

------------------------
06.03.2025 16:54:58
CallbackFormEmailModal
Array
(
    [name] => bigendrakoli4335@mail.ru
    [phone] => 86234418882
    [formname] => Обратная связь
)

------------------------

------------------------
06.03.2025 17:00:36
CallbackFormEmailModal
Array
(
    [name] => rhotenti-44@mail.ru
    [phone] => 83272979571
    [formname] => Обратная связь
)

------------------------

------------------------
06.03.2025 18:37:14
CallbackFormEmailModal
Array
(
    [name] => sheveleva-alisa@bk.ru
    [phone] => 87448841181
    [formname] => Обратная связь
)

------------------------

------------------------
06.03.2025 19:35:37
CallbackFormEmailModal
Array
(
    [name] => ramiraselezneva19908003@bk.ru
    [phone] => 84199253615
    [formname] => Обратная связь
)

------------------------

------------------------
06.03.2025 23:04:47
CallbackFormEmailModal
Array
(
    [name] => felipepitly@mail.ru
    [phone] => 88361561626
    [formname] => Обратная связь
)

------------------------

------------------------
06.03.2025 23:08:07
CallbackFormEmailModal
Array
(
    [name] => sir.maxbo@yandex.ru
    [phone] => 89435666844
    [formname] => Обратная связь
)

------------------------
