
------------------------
27.05.2023 0:15:45
CallbackFormEmailModal
Array
(
    [name] => kati.veasm@gmx.com
    [phone] => 84782973983
    [formname] => Обратная связь
)

------------------------

------------------------
27.05.2023 0:18:59
CallbackFormEmailModal
Array
(
    [name] => Eric Jones
    [phone] => 555-555-1212
    [formname] => Обратная связь
)

------------------------

------------------------
27.05.2023 7:49:47
CallbackFormEmailModal
Array
(
    [name] => vqjhobrt@mail.ru
    [phone] => +791234567158
    [formname] => Обратная связь
)

------------------------

------------------------
27.05.2023 13:41:26
CallbackFormEmailModal
Array
(
    [name] => nushizakoshi@imails.site

    [phone] => 81231579726
    [formname] => Обратная связь
)

------------------------

------------------------
27.05.2023 14:59:26
CallbackFormModal
Array
(
    [name] => Данил
    [phone] => +7(901)720-60-59
    [formname] => Заказать звонок
)

------------------------

------------------------
27.05.2023 17:33:37
CallbackFormEmailModal
Array
(
    [name] => tauresa@imails.site

    [phone] => 88465289449
    [formname] => Обратная связь
)

------------------------

------------------------
27.05.2023 23:22:25
CallbackFormEmailModal
Array
(
    [name] => af775188@gmail.com
    [phone] => 81744267384
    [formname] => Обратная связь
)

------------------------
