
------------------------
26.04.2023 1:43:26
CallbackFormEmailModal
Array
(
    [name] => platatermeba@gmx.com
    [phone] => 81586327221
    [formname] => Обратная связь
)

------------------------

------------------------
26.04.2023 3:28:15
CallbackFormEmailModal
Array
(
    [name] => petrov.daniil.1978.13.10@inbox.ru
    [phone] => 85439981397
    [formname] => Обратная связь
)

------------------------

------------------------
26.04.2023 5:02:25
CallbackFormEmailModal
Array
(
    [name] => vhmu@course-fitness.com
    [phone] => 83828492315
    [formname] => Обратная связь
)

------------------------

------------------------
26.04.2023 6:10:36
CallbackFormEmailModal
Array
(
    [name] => vicki@daisuke6110.haru84.mailguard.space
    [phone] => 82312877279
    [formname] => Обратная связь
)

------------------------

------------------------
26.04.2023 8:53:46
CallbackFormEmailModal
Array
(
    [name] => nikiderom@gmail.com
    [phone] => 82454815193
    [formname] => Обратная связь
)

------------------------

------------------------
26.04.2023 13:58:29
CallbackFormEmailModal
Array
(
    [name] => mandepsdoejiaspoelkase@gmail.com
    [phone] => 89647433961
    [formname] => Обратная связь
)

------------------------

------------------------
26.04.2023 23:27:23
CallbackFormEmailModal
Array
(
    [name] => jonierey999@outlook.com
    [phone] => 86327933922
    [formname] => Обратная связь
)

------------------------

------------------------
26.04.2023 23:43:29
CallbackFormEmailModal
Array
(
    [name] => 2214ro438y@funny3delements.com
    [phone] => 83977411598
    [formname] => Обратная связь
)

------------------------
