
------------------------
15.03.2024 1:16:13
CallbackFormEmailModal
Array
(
    [name] => garry99@8letter.site
    [phone] => 84616314984
    [formname] => Обратная связь
)

------------------------

------------------------
15.03.2024 2:31:21
CallbackFormEmailModal
Array
(
    [name] => doort56@bubit.site
    [phone] => 83979942965
    [formname] => Обратная связь
)

------------------------

------------------------
15.03.2024 4:34:08
CallbackFormEmailModal
Array
(
    [name] => Cayce8977rfv@support.galaday.click
    [phone] => 85786483312
    [formname] => Обратная связь
)

------------------------

------------------------
15.03.2024 4:34:50
CallbackFormEmailModal
Array
(
    [name] => a.v.i.s.o.f2.71@gmail.com
    [phone] => 88348895121
    [formname] => Обратная связь
)

------------------------

------------------------
15.03.2024 8:18:41
CallbackFormEmailModal
Array
(
    [name] => concvulpugca1988@mail.ru
    [phone] => 86975557625
    [formname] => Обратная связь
)

------------------------

------------------------
15.03.2024 8:28:05
CallbackFormEmailModal
Array
(
    [name] => ba.ssm.a.rketz@gmail.com
    [phone] => 82848672344
    [formname] => Обратная связь
)

------------------------

------------------------
15.03.2024 11:51:06
CallbackFormEmailModal
Array
(
    [name] => icphichito1988@mail.ru
    [phone] => 82642553952
    [formname] => Обратная связь
)

------------------------

------------------------
15.03.2024 18:22:08
CallbackFormEmailModal
Array
(
    [name] => froeach12@rezka.wtf
    [phone] => 88125522413
    [formname] => Обратная связь
)

------------------------

------------------------
15.03.2024 18:24:28
CallbackFormEmailModal
Array
(
    [name] => iuuyyhf@gmail.com
    [phone] => 83363641232
    [formname] => Обратная связь
)

------------------------

------------------------
15.03.2024 19:24:06
CallbackFormEmailModal
Array
(
    [name] => garry99@8letter.site
    [phone] => 82858592581
    [formname] => Обратная связь
)

------------------------
