
------------------------
15.02.2025 3:10:16
CallbackFormEmailModal
Array
(
    [name] => kkcbiizhael@rudiplomust.com
    [phone] => 88827647349
    [formname] => Обратная связь
)

------------------------

------------------------
15.02.2025 3:20:59
CallbackFormEmailModal
Array
(
    [name] => cleanidpucvia1986@op.pl
    [phone] => 82475498952
    [formname] => Обратная связь
)

------------------------

------------------------
15.02.2025 3:23:38
CallbackFormEmailModal
Array
(
    [name] => surpaulcqKn@rudiplomust.com
    [phone] => 82836279143
    [formname] => Обратная связь
)

------------------------

------------------------
15.02.2025 8:10:57
CallbackFormEmailModal
Array
(
    [name] => pnqdwsibyel@rudiplomust.com
    [phone] => 86879119327
    [formname] => Обратная связь
)

------------------------

------------------------
15.02.2025 8:22:24
CallbackFormEmailModal
Array
(
    [name] => rlzyitnzzel@rudiplomust.com
    [phone] => 88153484429
    [formname] => Обратная связь
)

------------------------

------------------------
15.02.2025 8:41:19
CallbackFormEmailModal
Array
(
    [name] => sgmhcknimel@rudiplomust.com
    [phone] => 89943364198
    [formname] => Обратная связь
)

------------------------

------------------------
15.02.2025 10:12:50
CallbackFormEmailModal
Array
(
    [name] => tacusol-6816@mail.ru
    [phone] => 88485245277
    [formname] => Обратная связь
)

------------------------

------------------------
15.02.2025 11:05:24
CallbackFormEmailModal
Array
(
    [name] => lnxixnpzlel@rudiplomust.com
    [phone] => 87786255217
    [formname] => Обратная связь
)

------------------------

------------------------
15.02.2025 11:24:07
CallbackFormEmailModal
Array
(
    [name] => ystiocjdiel@rudiplomust.com
    [phone] => 87813394611
    [formname] => Обратная связь
)

------------------------

------------------------
15.02.2025 11:44:01
CallbackFormEmailModal
Array
(
    [name] => ropolkingta@mail.ru
    [phone] => 88872212137
    [formname] => Обратная связь
)

------------------------

------------------------
15.02.2025 11:44:22
CallbackFormEmailModal
Array
(
    [name] => balpunarti1976@mail.ru
    [phone] => 89665176749
    [formname] => Обратная связь
)

------------------------

------------------------
15.02.2025 11:45:46
CallbackFormEmailModal
Array
(
    [name] => saakian.vova.1985.13.9@list.ru
    [phone] => 88571212778
    [formname] => Обратная связь
)

------------------------

------------------------
15.02.2025 14:14:39
CallbackFormEmailModal
Array
(
    [name] => xqiskprdgel@rudiplomust.com
    [phone] => 88937844442
    [formname] => Обратная связь
)

------------------------

------------------------
15.02.2025 14:51:44
CallbackFormEmailModal
Array
(
    [name] => lokwqzyvvei@rudiplomust.com
    [phone] => 82486197645
    [formname] => Обратная связь
)

------------------------

------------------------
15.02.2025 16:55:47
CallbackFormEmailModal
Array
(
    [name] =>  check-message6724@gmail.com
    [phone] => 86439366965
    [formname] => Обратная связь
)

------------------------

------------------------
15.02.2025 17:52:54
CallbackFormEmailModal
Array
(
    [name] => bigendrakoli4335@mail.ru
    [phone] => 84551595513
    [formname] => Обратная связь
)

------------------------

------------------------
15.02.2025 18:14:29
CallbackFormEmailModal
Array
(
    [name] => taanakeif@gazeta.pl
    [phone] => 85453618614
    [formname] => Обратная связь
)

------------------------

------------------------
15.02.2025 18:30:17
CallbackFormEmailModal
Array
(
    [name] => woodbpurne1983@mail.ru
    [phone] => 89372986636
    [formname] => Обратная связь
)

------------------------

------------------------
15.02.2025 18:39:14
CallbackFormEmailModal
Array
(
    [name] => combontsegal37@mail.ru
    [phone] => 82419393556
    [formname] => Обратная связь
)

------------------------

------------------------
15.02.2025 18:48:06
CallbackFormEmailModal
Array
(
    [name] => tacusol-6816@mail.ru
    [phone] => 89411752144
    [formname] => Обратная связь
)

------------------------

------------------------
15.02.2025 19:09:59
CallbackFormEmailModal
Array
(
    [name] => dolnovam@mail.ru
    [phone] => 83661447696
    [formname] => Обратная связь
)

------------------------

------------------------
15.02.2025 22:16:51
CallbackFormEmailModal
Array
(
    [name] => sergoworki.n.g.7.18@gmail.com
    [phone] => 85292194582
    [formname] => Обратная связь
)

------------------------
