
------------------------
12.12.2025 6:29:40
CallbackFormEmailModal
Array
(
    [name] => anya.genger@mail.ru
    [phone] => 86295661166
    [formname] => Обратная связь
)

------------------------

------------------------
12.12.2025 6:33:43
CallbackFormEmailModal
Array
(
    [name] => anya.genger@mail.ru
    [phone] => 85941791546
    [formname] => Обратная связь
)

------------------------

------------------------
12.12.2025 12:39:20
CallbackFormEmailModal
Array
(
    [name] => merlin.oleg@web.de
    [phone] => 87319251528
    [formname] => Обратная связь
)

------------------------

------------------------
12.12.2025 16:07:10
CallbackFormEmailModal
Array
(
    [name] => higbiosepo1986@mail.ru
    [phone] => 85473729828
    [formname] => Обратная связь
)

------------------------

------------------------
12.12.2025 16:18:32
CallbackFormEmailModal
Array
(
    [name] => natulya.fedosova.96@mail.ru
    [phone] => 84923489592
    [formname] => Обратная связь
)

------------------------

------------------------
12.12.2025 16:46:05
CallbackFormEmailModal
Array
(
    [name] => coezathurpu1983@mail.ru
    [phone] => 87272734992
    [formname] => Обратная связь
)

------------------------
