
------------------------
22.01.2025 0:41:08
CallbackFormEmailModal
Array
(
    [name] => bfonbxlffel@rudiplomust.com
    [phone] => 88885552238
    [formname] => Обратная связь
)

------------------------

------------------------
22.01.2025 1:22:50
CallbackFormEmailModal
Array
(
    [name] => gnosaiodyel@rudiplomust.com
    [phone] => 81511583321
    [formname] => Обратная связь
)

------------------------

------------------------
22.01.2025 2:27:06
CallbackFormEmailModal
Array
(
    [name] => zygznosffel@rudiplomust.com
    [phone] => 89538412445
    [formname] => Обратная связь
)

------------------------

------------------------
22.01.2025 3:40:50
CallbackFormEmailModal
Array
(
    [name] => xmrmfrfbqel@rudiplomust.com
    [phone] => 81742753845
    [formname] => Обратная связь
)

------------------------

------------------------
22.01.2025 3:40:51
CallbackFormEmailModal
Array
(
    [name] => fsngohoenel@rudiplomust.com
    [phone] => 85435958129
    [formname] => Обратная связь
)

------------------------

------------------------
22.01.2025 5:27:18
CallbackFormEmailModal
Array
(
    [name] => isqcnxbfiel@rudiplomust.com
    [phone] => 86118192328
    [formname] => Обратная связь
)

------------------------

------------------------
22.01.2025 6:54:11
CallbackFormEmailModal
Array
(
    [name] => pverxonoael@rudiplomust.com
    [phone] => 89696276924
    [formname] => Обратная связь
)

------------------------

------------------------
22.01.2025 7:05:28
CallbackFormEmailModal
Array
(
    [name] => ymjkawzslEt@rudiplomust.com
    [phone] => 85975426972
    [formname] => Обратная связь
)

------------------------

------------------------
22.01.2025 7:26:46
CallbackFormEmailModal
Array
(
    [name] => ztagqavxbei@rudiplomust.com
    [phone] => 87867316395
    [formname] => Обратная связь
)

------------------------

------------------------
22.01.2025 7:39:14
CallbackFormEmailModal
Array
(
    [name] => qsfuztmgbka@rudiplomust.com
    [phone] => 81528623182
    [formname] => Обратная связь
)

------------------------

------------------------
22.01.2025 10:14:16
CallbackFormEmailModal
Array
(
    [name] => udguygfjdel@rudiplomust.com
    [phone] => 88122563776
    [formname] => Обратная связь
)

------------------------

------------------------
22.01.2025 11:15:29
CallbackFormEmailModal
Array
(
    [name] => dkrvanorfel@rudiplomust.com
    [phone] => 85831857728
    [formname] => Обратная связь
)

------------------------

------------------------
22.01.2025 12:12:06
CallbackFormEmailModal
Array
(
    [name] => milasanmokup@yandex.com
    [phone] => 88854491862
    [formname] => Обратная связь
)

------------------------

------------------------
22.01.2025 14:46:05
CallbackFormEmailModal
Array
(
    [name] => anjyrpqbySi@rudiplomust.com
    [phone] => 86997482925
    [formname] => Обратная связь
)

------------------------

------------------------
22.01.2025 16:04:46
CallbackFormEmailModal
Array
(
    [name] => fieqithkrel@rudiplomust.com
    [phone] => 85561449488
    [formname] => Обратная связь
)

------------------------

------------------------
22.01.2025 16:35:28
CallbackFormEmailModal
Array
(
    [name] => 202xrumer11@farironalds.com
    [phone] => 87272751184
    [formname] => Обратная связь
)

------------------------

------------------------
22.01.2025 17:44:38
CallbackFormEmailModal
Array
(
    [name] => antonioObsex@mail.ru
    [phone] => 89165729384
    [formname] => Обратная связь
)

------------------------

------------------------
22.01.2025 18:06:48
CallbackFormEmailModal
Array
(
    [name] => davidmib@mail.ru
    [phone] => 87863991466
    [formname] => Обратная связь
)

------------------------

------------------------
22.01.2025 18:32:05
CallbackFormEmailModal
Array
(
    [name] => vmghauhv@sfirstmail.com
    [phone] => 83368782946
    [formname] => Обратная связь
)

------------------------

------------------------
22.01.2025 18:40:42
CallbackFormEmailModal
Array
(
    [name] => mike@monkeydigital.co
    [phone] => 83671774934
    [formname] => Обратная связь
)

------------------------

------------------------
22.01.2025 19:54:10
CallbackFormEmailModal
Array
(
    [name] => jnmlnejjael@rudiplomust.com
    [phone] => 87467348862
    [formname] => Обратная связь
)

------------------------

------------------------
22.01.2025 21:21:37
CallbackFormEmailModal
Array
(
    [name] => lvjadkcwlel@rudiplomust.com
    [phone] => 87637268132
    [formname] => Обратная связь
)

------------------------

------------------------
22.01.2025 23:28:40
CallbackFormEmailModal
Array
(
    [name] => ibahqkzkcel@rudiplomust.com
    [phone] => 84141151324
    [formname] => Обратная связь
)

------------------------
