
------------------------
17.07.2024 0:09:29
CallbackFormEmailModal
Array
(
    [name] => swidenpinup@3mtintchicago.com
    [phone] => 81198359261
    [formname] => Обратная связь
)

------------------------

------------------------
17.07.2024 1:02:25
CallbackFormEmailModal
Array
(
    [name] => jenine_dykstra92@rambler.ru
    [phone] => 84839648828
    [formname] => Обратная связь
)

------------------------

------------------------
17.07.2024 2:05:35
CallbackFormEmailModal
Array
(
    [name] => Tehikemiz@mailsphere.xyz
    [phone] => 84911488381
    [formname] => Обратная связь
)

------------------------

------------------------
17.07.2024 4:12:48
CallbackFormEmailModal
Array
(
    [name] => weuxzjuqnt@rambler.ru
    [phone] => 325845547
    [formname] => Обратная связь
)

------------------------

------------------------
17.07.2024 4:17:13
CallbackFormEmailModal
Array
(
    [name] => mitaxebandilis@gmail.com
    [phone] => 84831597898
    [formname] => Обратная связь
)

------------------------

------------------------
17.07.2024 4:23:31
CallbackFormEmailModal
Array
(
    [name] => norwaypinup@3mtintchicago.com
    [phone] => 87517111473
    [formname] => Обратная связь
)

------------------------

------------------------
17.07.2024 5:04:38
CallbackFormEmailModal
Array
(
    [name] => arpincas@3mtintchicago.com
    [phone] => 81626662143
    [formname] => Обратная связь
)

------------------------

------------------------
17.07.2024 5:45:42
CallbackFormEmailModal
Array
(
    [name] => uspinup@3mtintchicago.com
    [phone] => 88773282911
    [formname] => Обратная связь
)

------------------------

------------------------
17.07.2024 9:31:39
CallbackFormEmailModal
Array
(
    [name] => nermsnpwoeiaipaoeika@gmail.com
    [phone] => 81731496424
    [formname] => Обратная связь
)

------------------------

------------------------
17.07.2024 12:30:03
CallbackFormEmailModal
Array
(
    [name] => urevic750@gmail.com
    [phone] => 84499864695
    [formname] => Обратная связь
)

------------------------

------------------------
17.07.2024 13:13:10
CallbackFormEmailModal
Array
(
    [name] => brudermanni2024@gmail.com
    [phone] => 86296635327
    [formname] => Обратная связь
)

------------------------

------------------------
17.07.2024 13:33:54
CallbackFormEmailModal
Array
(
    [name] => fjilxkkpbkl@rudiplomust.com
    [phone] => 84151754956
    [formname] => Обратная связь
)

------------------------

------------------------
17.07.2024 15:51:55
CallbackFormEmailModal
Array
(
    [name] => alvatjnpcaramella@hotmail.com
    [phone] => 81317429395
    [formname] => Обратная связь
)

------------------------

------------------------
17.07.2024 16:58:29
CallbackFormEmailModal
Array
(
    [name] => 34xrumer3@farironalds.com
    [phone] => 81585939829
    [formname] => Обратная связь
)

------------------------

------------------------
17.07.2024 17:02:54
CallbackFormEmailModal
Array
(
    [name] => grmstican@eunews24x7.com
    [phone] => 82635992484
    [formname] => Обратная связь
)

------------------------

------------------------
17.07.2024 17:04:22
CallbackFormEmailModal
Array
(
    [name] => gjhruke2@outlook.com
    [phone] => 87317374145
    [formname] => Обратная связь
)

------------------------

------------------------
17.07.2024 17:19:30
CallbackFormEmailModal
Array
(
    [name] => finpincas@3mtintchicago.com
    [phone] => 88647792975
    [formname] => Обратная связь
)

------------------------

------------------------
17.07.2024 21:17:15
CallbackFormEmailModal
Array
(
    [name] => 1@www-marketing.ru
    [phone] => 86946598445
    [formname] => Обратная связь
)

------------------------

------------------------
17.07.2024 21:18:32
CallbackFormEmailModal
Array
(
    [name] => manonydesuza@eunews24x7.com
    [phone] => 87632188121
    [formname] => Обратная связь
)

------------------------

------------------------
17.07.2024 22:16:45
CallbackFormEmailModal
Array
(
    [name] => 2351ersh1147@mail.com
    [phone] => 86363612448
    [formname] => Обратная связь
)

------------------------

------------------------
17.07.2024 23:44:22
CallbackFormEmailModal
Array
(
    [name] => duplo@loliporn.su
    [phone] => 82642672466
    [formname] => Обратная связь
)

------------------------
