
------------------------
18.07.2023 3:18:12
CallbackFormEmailModal
Array
(
    [name] => cj0zefwr697p3hn@rambler.ru
    [phone] => 84994954378
    [formname] => Обратная связь
)

------------------------

------------------------
18.07.2023 7:37:13
CallbackFormEmailModal
Array
(
    [name] => artgenlcyidnotj@rambler.ru
    [phone] => 89428675359
    [formname] => Обратная связь
)

------------------------

------------------------
18.07.2023 10:40:38
CallbackFormEmailModal
Array
(
    [name] => vs7mgk73cibd7ti@rambler.ru
    [phone] => 85546765898
    [formname] => Обратная связь
)

------------------------

------------------------
18.07.2023 12:17:58
CallbackFormEmailModal
Array
(
    [name] => meneazovutsasak.ih.ai.s.e.iy@gmail.com
    [phone] => 82286946552
    [formname] => Обратная связь
)

------------------------

------------------------
18.07.2023 16:47:57
CallbackFormEmailModal
Array
(
    [name] => 7q2iusv7rtpagmj@rambler.ru
    [phone] => 88996884744
    [formname] => Обратная связь
)

------------------------

------------------------
18.07.2023 17:18:07
CallbackFormEmailModal
Array
(
    [name] => zabirova_lena_1988_15_3@inbox.ru
    [phone] => 84181312332
    [formname] => Обратная связь
)

------------------------

------------------------
18.07.2023 20:21:10
CallbackFormEmailModal
Array
(
    [name] => yana-sokolova-2023@list.ru
    [phone] => 89191896333
    [formname] => Обратная связь
)

------------------------
